[0.082s] Invoking command in '/home/alex/ws_moveit2/src/hello_moveit/build/hello_moveit': CMAKE_PREFIX_PATH=${CMAKE_PREFIX_PATH}:/home/alex/ws_moveit2/install/moveit_configs_utils:/home/alex/ws_moveit2/install/launch_param_builder:/opt/ros/humble /usr/bin/cmake --build /home/alex/ws_moveit2/src/hello_moveit/build/hello_moveit -- -j16 -l16
[0.154s] [35m[1mConsolidate compiler generated dependencies of target hello_moveit[0m
[0.198s] [ 50%] [32mBuilding CXX object CMakeFiles/hello_moveit.dir/src/hello_moveit.cpp.o[0m
[6.173s] [01m[K/home/alex/ws_moveit2/src/hello_moveit/src/hello_moveit.cpp:[m[K In function ‘[01m[Kint main(int, char**)[m[K’:
[6.173s] [01m[K/home/alex/ws_moveit2/src/hello_moveit/src/hello_moveit.cpp:106:30:[m[K [01;31m[Kerror: [m[K‘[01m[Kmove_group_interface[m[K’ was not declared in this scope
[6.173s]   106 |   if (addMeshColllsionObject([01;31m[Kmove_group_interface[m[K, planning_scene_interface, meshPath, "meshTest3", 1, shelf_pose))
[6.174s]       |                              [01;31m[K^~~~~~~~~~~~~~~~~~~~[m[K
[6.174s] In file included from [01m[K/opt/ros/humble/include/rclcpp/rclcpp/logging.hpp:24[m[K,
[6.174s]                  from [01m[K/home/alex/ws_moveit2/install/moveit_core/include/moveit/kinematics_base/kinematics_base.h:42[m[K,
[6.174s]                  from [01m[K/home/alex/ws_moveit2/install/moveit_core/include/moveit/robot_model/joint_model_group.h:42[m[K,
[6.174s]                  from [01m[K/home/alex/ws_moveit2/install/moveit_core/include/moveit/robot_model/robot_model.h:45[m[K,
[6.174s]                  from [01m[K/home/alex/ws_moveit2/install/moveit_core/include/moveit/robot_state/robot_state.h:40[m[K,
[6.174s]                  from [01m[K/home/alex/ws_moveit2/install/moveit_ros_planning_interface/include/moveit/move_group_interface/move_group_interface.h:41[m[K,
[6.174s]                  from [01m[K/home/alex/ws_moveit2/src/hello_moveit/src/hello_moveit.cpp:1[m[K:
[6.174s] [01m[K/home/alex/ws_moveit2/src/hello_moveit/src/hello_moveit.cpp:108:38:[m[K [01;35m[Kwarning: [m[Ktoo many arguments for format [[01;35m[K]8;;https://gcc.gnu.org/onlinedocs/gcc/Warning-Options.html#index-Wformat-extra-args-Wformat-extra-args]8;;[m[K]
[6.174s]   108 |     RCLCPP_DEBUG(node->get_logger(), [01;35m[K"Succesfully added to scene"[m[K, 4);
[6.174s]       |                                      [01;35m[K^~~~~~~~~~~~~~~~~~~~~~~~~~~~[m[K
[6.174s] [01m[K/home/alex/ws_moveit2/src/hello_moveit/src/hello_moveit.cpp:112:38:[m[K [01;35m[Kwarning: [m[Ktoo many arguments for format [[01;35m[K]8;;https://gcc.gnu.org/onlinedocs/gcc/Warning-Options.html#index-Wformat-extra-args-Wformat-extra-args]8;;[m[K]
[6.174s]   112 |     RCLCPP_DEBUG(node->get_logger(), [01;35m[K"Failed to add object to to scene"[m[K, 4);
[6.174s]       |                                      [01;35m[K^~~~~~~~~~~~~~~~~~~~~~~~~~~~~~~~~~[m[K
[6.174s] [01m[K/home/alex/ws_moveit2/src/hello_moveit/src/hello_moveit.cpp:124:29:[m[K [01;31m[Kerror: [m[Kcapture of non-variable ‘[01m[Kmoveit_visual_tools[m[K’
[6.174s]   124 |   auto const draw_title = [&[01;31m[Kmoveit_visual_tools[m[K](auto text) {
[6.174s]       |                             [01;31m[K^~~~~~~~~~~~~~~~~~~[m[K
[6.174s] In file included from [01m[K/home/alex/ws_moveit2/src/hello_moveit/src/hello_moveit.cpp:3[m[K:
[6.175s] [01m[K/home/alex/ws_moveit2/install/moveit_visual_tools/include/moveit_visual_tools/moveit_visual_tools.h:60:11:[m[K [01;36m[Knote: [m[K‘[01m[Knamespace moveit_visual_tools { }[m[K’ declared here
[6.175s]    60 | namespace [01;36m[Kmoveit_visual_tools[m[K
[6.175s]       |           [01;36m[K^~~~~~~~~~~~~~~~~~~[m[K
[6.182s] [01m[K/home/alex/ws_moveit2/src/hello_moveit/src/hello_moveit.cpp:[m[K In lambda function:
[6.182s] [01m[K/home/alex/ws_moveit2/src/hello_moveit/src/hello_moveit.cpp:130:24:[m[K [01;31m[Kerror: [m[Kexpected primary-expression before ‘[01m[K.[m[K’ token
[6.182s]   130 |     moveit_visual_tools[01;31m[K.[m[KpublishText(text_pose, text, rviz_visual_tools::WHITE, rviz_visual_tools::XLARGE);
[6.182s]       |                        [01;31m[K^[m[K
[6.182s] [01m[K/home/alex/ws_moveit2/src/hello_moveit/src/hello_moveit.cpp:[m[K In function ‘[01m[Kint main(int, char**)[m[K’:
[6.182s] [01m[K/home/alex/ws_moveit2/src/hello_moveit/src/hello_moveit.cpp:132:25:[m[K [01;31m[Kerror: [m[Kcapture of non-variable ‘[01m[Kmoveit_visual_tools[m[K’
[6.183s]   132 |   auto const prompt = [&[01;31m[Kmoveit_visual_tools[m[K](auto text) { moveit_visual_tools.prompt(text); };
[6.183s]       |                         [01;31m[K^~~~~~~~~~~~~~~~~~~[m[K
[6.183s] In file included from [01m[K/home/alex/ws_moveit2/src/hello_moveit/src/hello_moveit.cpp:3[m[K:
[6.183s] [01m[K/home/alex/ws_moveit2/install/moveit_visual_tools/include/moveit_visual_tools/moveit_visual_tools.h:60:11:[m[K [01;36m[Knote: [m[K‘[01m[Knamespace moveit_visual_tools { }[m[K’ declared here
[6.183s]    60 | namespace [01;36m[Kmoveit_visual_tools[m[K
[6.183s]       |           [01;36m[K^~~~~~~~~~~~~~~~~~~[m[K
[6.183s] [01m[K/home/alex/ws_moveit2/src/hello_moveit/src/hello_moveit.cpp:[m[K In lambda function:
[6.183s] [01m[K/home/alex/ws_moveit2/src/hello_moveit/src/hello_moveit.cpp:132:78:[m[K [01;31m[Kerror: [m[Kexpected primary-expression before ‘[01m[K.[m[K’ token
[6.183s]   132 |   auto const prompt = [&moveit_visual_tools](auto text) { moveit_visual_tools[01;31m[K.[m[Kprompt(text); };
[6.183s]       |                                                                              [01;31m[K^[m[K
[6.183s] [01m[K/home/alex/ws_moveit2/src/hello_moveit/src/hello_moveit.cpp:[m[K In function ‘[01m[Kint main(int, char**)[m[K’:
[6.184s] [01m[K/home/alex/ws_moveit2/src/hello_moveit/src/hello_moveit.cpp:134:9:[m[K [01;31m[Kerror: [m[Kcapture of non-variable ‘[01m[Kmoveit_visual_tools[m[K’
[6.184s]   134 |       [&[01;31m[Kmoveit_visual_tools[m[K, jmg = move_group_interface.getRobotModel()->getJointModelGroup("panda_arm")](
[6.184s]       |         [01;31m[K^~~~~~~~~~~~~~~~~~~[m[K
[6.184s] In file included from [01m[K/home/alex/ws_moveit2/src/hello_moveit/src/hello_moveit.cpp:3[m[K:
[6.184s] [01m[K/home/alex/ws_moveit2/install/moveit_visual_tools/include/moveit_visual_tools/moveit_visual_tools.h:60:11:[m[K [01;36m[Knote: [m[K‘[01m[Knamespace moveit_visual_tools { }[m[K’ declared here
[6.184s]    60 | namespace [01;36m[Kmoveit_visual_tools[m[K
[6.184s]       |           [01;36m[K^~~~~~~~~~~~~~~~~~~[m[K
[6.194s] [01m[K/home/alex/ws_moveit2/src/hello_moveit/src/hello_moveit.cpp:134:36:[m[K [01;31m[Kerror: [m[K‘[01m[Kmove_group_interface[m[K’ was not declared in this scope
[6.194s]   134 |       [&moveit_visual_tools, jmg = [01;31m[Kmove_group_interface[m[K.getRobotModel()->getJointModelGroup("panda_arm")](
[6.194s]       |                                    [01;31m[K^~~~~~~~~~~~~~~~~~~~[m[K
[6.194s] [01m[K/home/alex/ws_moveit2/src/hello_moveit/src/hello_moveit.cpp:[m[K In lambda function:
[6.194s] [01m[K/home/alex/ws_moveit2/src/hello_moveit/src/hello_moveit.cpp:135:55:[m[K [01;31m[Kerror: [m[Kexpected primary-expression before ‘[01m[K.[m[K’ token
[6.194s]   135 |           auto const trajectory) { moveit_visual_tools[01;31m[K.[m[KpublishTrajectoryLine(trajectory, jmg); };
[6.194s]       |                                                       [01;31m[K^[m[K
[6.209s] [01m[K/home/alex/ws_moveit2/src/hello_moveit/src/hello_moveit.cpp:135:90:[m[K [01;31m[Kerror: [m[K‘[01m[Kjmg[m[K’ was not declared in this scope
[6.209s]   135 |           auto const trajectory) { moveit_visual_tools.publishTrajectoryLine(trajectory, [01;31m[Kjmg[m[K); };
[6.209s]       |                                                                                          [01;31m[K^~~[m[K
[8.053s] gmake[2]: *** [CMakeFiles/hello_moveit.dir/build.make:76: CMakeFiles/hello_moveit.dir/src/hello_moveit.cpp.o] Error 1
[8.053s] gmake[1]: *** [CMakeFiles/Makefile2:137: CMakeFiles/hello_moveit.dir/all] Error 2
[8.053s] gmake: *** [Makefile:146: all] Error 2
[8.056s] Invoked command in '/home/alex/ws_moveit2/src/hello_moveit/build/hello_moveit' returned '2': CMAKE_PREFIX_PATH=${CMAKE_PREFIX_PATH}:/home/alex/ws_moveit2/install/moveit_configs_utils:/home/alex/ws_moveit2/install/launch_param_builder:/opt/ros/humble /usr/bin/cmake --build /home/alex/ws_moveit2/src/hello_moveit/build/hello_moveit -- -j16 -l16
