[2.797s] Invoking command in '/home/autopilot/ws/restackcell/ws_moveit2/src/robo_planner_py': AMENT_PREFIX_PATH=/home/autopilot/ws/restackcell/install/opcua_interfaces:${AMENT_PREFIX_PATH} CMAKE_PREFIX_PATH=/home/autopilot/ws/restackcell/install/wzlscheduler_interfaces:/home/autopilot/ws/restackcell/install/opcua_interfaces LD_LIBRARY_PATH=/home/autopilot/ws/restackcell/install/wzlscheduler_interfaces/lib:/home/autopilot/ws/restackcell/install/opcua_interfaces/lib:${LD_LIBRARY_PATH} PKG_CONFIG_PATH=/home/autopilot/ws/restackcell/install/wzlscheduler_interfaces/lib/aarch64-linux-gnu/pkgconfig:/home/autopilot/ws/restackcell/install/wzlscheduler_interfaces/lib/pkgconfig PYTHONPATH=/home/autopilot/ws/restackcell/build/robo_planner_py/prefix_override:/usr/lib/python3/dist-packages/colcon_core/task/python/colcon_distutils_commands:/home/autopilot/ws/restackcell/install/robo_planner_py/lib/python3.10/site-packages:/home/autopilot/ws/restackcell/install/wzlscheduler_interfaces/local/lib/python3.10/dist-packages:/home/autopilot/ws/restackcell/install/opcua_interfaces/local/lib/python3.10/dist-packages:${PYTHONPATH} ROS_PACKAGE_PATH=/home/autopilot/ws/restackcell/install/wzlscheduler_interfaces/share /usr/bin/python3 -W ignore:setup.py install is deprecated setup.py egg_info --egg-base ../../../build/robo_planner_py build --build-base /home/autopilot/ws/restackcell/build/robo_planner_py/build install --record /home/autopilot/ws/restackcell/build/robo_planner_py/install.log --single-version-externally-managed install_data
[3.551s] running egg_info
[3.554s] writing ../../../build/robo_planner_py/robo_planner_py.egg-info/PKG-INFO
[3.557s] writing dependency_links to ../../../build/robo_planner_py/robo_planner_py.egg-info/dependency_links.txt
[3.559s] writing entry points to ../../../build/robo_planner_py/robo_planner_py.egg-info/entry_points.txt
[3.564s] writing requirements to ../../../build/robo_planner_py/robo_planner_py.egg-info/requires.txt
[3.565s] writing top-level names to ../../../build/robo_planner_py/robo_planner_py.egg-info/top_level.txt
[3.572s] reading manifest file '../../../build/robo_planner_py/robo_planner_py.egg-info/SOURCES.txt'
[3.574s] adding license file 'LICENSE'
[3.577s] writing manifest file '../../../build/robo_planner_py/robo_planner_py.egg-info/SOURCES.txt'
[3.579s] running build
[3.580s] running build_py
[3.583s] running install
[3.586s] running install_lib
[3.591s] running install_data
[3.593s] running install_egg_info
[3.603s] removing '/home/autopilot/ws/restackcell/install/robo_planner_py/lib/python3.10/site-packages/robo_planner_py-0.0.0-py3.10.egg-info' (and everything under it)
[3.608s] Copying ../../../build/robo_planner_py/robo_planner_py.egg-info to /home/autopilot/ws/restackcell/install/robo_planner_py/lib/python3.10/site-packages/robo_planner_py-0.0.0-py3.10.egg-info
[3.621s] running install_scripts
[3.699s] Installing talker script to /home/autopilot/ws/restackcell/install/robo_planner_py/lib/robo_planner_py
[3.702s] writing list of installed files to '/home/autopilot/ws/restackcell/build/robo_planner_py/install.log'
[3.800s] Invoked command in '/home/autopilot/ws/restackcell/ws_moveit2/src/robo_planner_py' returned '0': AMENT_PREFIX_PATH=/home/autopilot/ws/restackcell/install/opcua_interfaces:${AMENT_PREFIX_PATH} CMAKE_PREFIX_PATH=/home/autopilot/ws/restackcell/install/wzlscheduler_interfaces:/home/autopilot/ws/restackcell/install/opcua_interfaces LD_LIBRARY_PATH=/home/autopilot/ws/restackcell/install/wzlscheduler_interfaces/lib:/home/autopilot/ws/restackcell/install/opcua_interfaces/lib:${LD_LIBRARY_PATH} PKG_CONFIG_PATH=/home/autopilot/ws/restackcell/install/wzlscheduler_interfaces/lib/aarch64-linux-gnu/pkgconfig:/home/autopilot/ws/restackcell/install/wzlscheduler_interfaces/lib/pkgconfig PYTHONPATH=/home/autopilot/ws/restackcell/build/robo_planner_py/prefix_override:/usr/lib/python3/dist-packages/colcon_core/task/python/colcon_distutils_commands:/home/autopilot/ws/restackcell/install/robo_planner_py/lib/python3.10/site-packages:/home/autopilot/ws/restackcell/install/wzlscheduler_interfaces/local/lib/python3.10/dist-packages:/home/autopilot/ws/restackcell/install/opcua_interfaces/local/lib/python3.10/dist-packages:${PYTHONPATH} ROS_PACKAGE_PATH=/home/autopilot/ws/restackcell/install/wzlscheduler_interfaces/share /usr/bin/python3 -W ignore:setup.py install is deprecated setup.py egg_info --egg-base ../../../build/robo_planner_py build --build-base /home/autopilot/ws/restackcell/build/robo_planner_py/build install --record /home/autopilot/ws/restackcell/build/robo_planner_py/install.log --single-version-externally-managed install_data
