[1.070s] Invoking command in '/home/autopilot/ws/restackcell/ws_moveit2/build/robo_planner_msgs': /usr/bin/cmake --build /home/autopilot/ws/restackcell/ws_moveit2/build/robo_planner_msgs -- -j4 -l4
[1.377s] [  0%] Built target robo_planner_msgs__cpp
[1.414s] [ 12%] Built target robo_planner_msgs__rosidl_generator_c
[1.475s] [ 12%] Built target ament_cmake_python_copy_robo_planner_msgs
[1.545s] [ 24%] Built target robo_planner_msgs__rosidl_typesupport_cpp
[1.586s] [ 36%] Built target robo_planner_msgs__rosidl_typesupport_introspection_cpp
[1.625s] [ 48%] Built target robo_planner_msgs__rosidl_typesupport_fastrtps_cpp
[1.666s] [ 60%] Built target robo_planner_msgs__rosidl_typesupport_fastrtps_c
[1.725s] [ 72%] Built target robo_planner_msgs__rosidl_typesupport_introspection_c
[1.739s] [ 84%] Built target robo_planner_msgs__rosidl_typesupport_c
[1.864s] [ 84%] Built target robo_planner_msgs
[2.001s] [ 85%] Built target robo_planner_msgs__py
[2.113s] [ 96%] Built target robo_planner_msgs__rosidl_generator_py
[2.235s] [ 97%] Built target robo_planner_msgs__rosidl_typesupport_c__pyext
[2.236s] [ 98%] Built target robo_planner_msgs__rosidl_typesupport_fastrtps_c__pyext
[2.254s] [100%] Built target robo_planner_msgs__rosidl_typesupport_introspection_c__pyext
[2.454s] running egg_info
[2.456s] writing robo_planner_msgs.egg-info/PKG-INFO
[2.457s] writing dependency_links to robo_planner_msgs.egg-info/dependency_links.txt
[2.458s] writing top-level names to robo_planner_msgs.egg-info/top_level.txt
[2.465s] reading manifest file 'robo_planner_msgs.egg-info/SOURCES.txt'
[2.467s] writing manifest file 'robo_planner_msgs.egg-info/SOURCES.txt'
[2.572s] [100%] Built target ament_cmake_python_build_robo_planner_msgs_egg
[2.612s] Invoked command in '/home/autopilot/ws/restackcell/ws_moveit2/build/robo_planner_msgs' returned '0': /usr/bin/cmake --build /home/autopilot/ws/restackcell/ws_moveit2/build/robo_planner_msgs -- -j4 -l4
[5.086s] Invoking command in '/home/autopilot/ws/restackcell/ws_moveit2/build/robo_planner_msgs': /usr/bin/cmake --install /home/autopilot/ws/restackcell/ws_moveit2/build/robo_planner_msgs
[5.105s] -- Install configuration: ""
[5.105s] -- Up-to-date: /home/autopilot/ws/restackcell/ws_moveit2/install/robo_planner_msgs/share/ament_index/resource_index/rosidl_interfaces/robo_planner_msgs
[5.105s] -- Up-to-date: /home/autopilot/ws/restackcell/ws_moveit2/install/robo_planner_msgs/include/robo_planner_msgs/robo_planner_msgs
[5.106s] -- Up-to-date: /home/autopilot/ws/restackcell/ws_moveit2/install/robo_planner_msgs/include/robo_planner_msgs/robo_planner_msgs/msg
[5.107s] -- Up-to-date: /home/autopilot/ws/restackcell/ws_moveit2/install/robo_planner_msgs/include/robo_planner_msgs/robo_planner_msgs/msg/scene_object_set_pose.h
[5.107s] -- Up-to-date: /home/autopilot/ws/restackcell/ws_moveit2/install/robo_planner_msgs/include/robo_planner_msgs/robo_planner_msgs/msg/labeled_point_clouds.h
[5.107s] -- Up-to-date: /home/autopilot/ws/restackcell/ws_moveit2/install/robo_planner_msgs/include/robo_planner_msgs/robo_planner_msgs/msg/scene_object_add.h
[5.107s] -- Up-to-date: /home/autopilot/ws/restackcell/ws_moveit2/install/robo_planner_msgs/include/robo_planner_msgs/robo_planner_msgs/msg/rosidl_generator_c__visibility_control.h
[5.108s] -- Up-to-date: /home/autopilot/ws/restackcell/ws_moveit2/install/robo_planner_msgs/include/robo_planner_msgs/robo_planner_msgs/msg/labeled_point_cloud.h
[5.108s] -- Up-to-date: /home/autopilot/ws/restackcell/ws_moveit2/install/robo_planner_msgs/include/robo_planner_msgs/robo_planner_msgs/msg/scene_object_remove.h
[5.108s] -- Up-to-date: /home/autopilot/ws/restackcell/ws_moveit2/install/robo_planner_msgs/include/robo_planner_msgs/robo_planner_msgs/msg/detail
[5.108s] -- Up-to-date: /home/autopilot/ws/restackcell/ws_moveit2/install/robo_planner_msgs/include/robo_planner_msgs/robo_planner_msgs/msg/detail/scene_object_add__functions.c
[5.108s] -- Up-to-date: /home/autopilot/ws/restackcell/ws_moveit2/install/robo_planner_msgs/include/robo_planner_msgs/robo_planner_msgs/msg/detail/scene_object_set_pose__functions.c
[5.108s] -- Up-to-date: /home/autopilot/ws/restackcell/ws_moveit2/install/robo_planner_msgs/include/robo_planner_msgs/robo_planner_msgs/msg/detail/labeled_point_clouds__type_support.h
[5.109s] -- Up-to-date: /home/autopilot/ws/restackcell/ws_moveit2/install/robo_planner_msgs/include/robo_planner_msgs/robo_planner_msgs/msg/detail/scene_object_remove__functions.c
[5.109s] -- Up-to-date: /home/autopilot/ws/restackcell/ws_moveit2/install/robo_planner_msgs/include/robo_planner_msgs/robo_planner_msgs/msg/detail/labeled_point_clouds__struct.h
[5.109s] -- Up-to-date: /home/autopilot/ws/restackcell/ws_moveit2/install/robo_planner_msgs/include/robo_planner_msgs/robo_planner_msgs/msg/detail/scene_object_remove__struct.h
[5.110s] -- Up-to-date: /home/autopilot/ws/restackcell/ws_moveit2/install/robo_planner_msgs/include/robo_planner_msgs/robo_planner_msgs/msg/detail/scene_object_add__functions.h
[5.110s] -- Up-to-date: /home/autopilot/ws/restackcell/ws_moveit2/install/robo_planner_msgs/include/robo_planner_msgs/robo_planner_msgs/msg/detail/labeled_point_cloud__functions.c
[5.110s] -- Up-to-date: /home/autopilot/ws/restackcell/ws_moveit2/install/robo_planner_msgs/include/robo_planner_msgs/robo_planner_msgs/msg/detail/scene_object_add__type_support.h
[5.110s] -- Up-to-date: /home/autopilot/ws/restackcell/ws_moveit2/install/robo_planner_msgs/include/robo_planner_msgs/robo_planner_msgs/msg/detail/labeled_point_clouds__functions.c
[5.110s] -- Up-to-date: /home/autopilot/ws/restackcell/ws_moveit2/install/robo_planner_msgs/include/robo_planner_msgs/robo_planner_msgs/msg/detail/scene_object_remove__type_support.h
[5.110s] -- Up-to-date: /home/autopilot/ws/restackcell/ws_moveit2/install/robo_planner_msgs/include/robo_planner_msgs/robo_planner_msgs/msg/detail/labeled_point_cloud__functions.h
[5.111s] -- Up-to-date: /home/autopilot/ws/restackcell/ws_moveit2/install/robo_planner_msgs/include/robo_planner_msgs/robo_planner_msgs/msg/detail/labeled_point_clouds__functions.h
[5.111s] -- Up-to-date: /home/autopilot/ws/restackcell/ws_moveit2/install/robo_planner_msgs/include/robo_planner_msgs/robo_planner_msgs/msg/detail/scene_object_set_pose__struct.h
[5.111s] -- Up-to-date: /home/autopilot/ws/restackcell/ws_moveit2/install/robo_planner_msgs/include/robo_planner_msgs/robo_planner_msgs/msg/detail/scene_object_add__struct.h
[5.111s] -- Up-to-date: /home/autopilot/ws/restackcell/ws_moveit2/install/robo_planner_msgs/include/robo_planner_msgs/robo_planner_msgs/msg/detail/labeled_point_cloud__struct.h
[5.111s] -- Up-to-date: /home/autopilot/ws/restackcell/ws_moveit2/install/robo_planner_msgs/include/robo_planner_msgs/robo_planner_msgs/msg/detail/scene_object_set_pose__type_support.h
[5.112s] -- Up-to-date: /home/autopilot/ws/restackcell/ws_moveit2/install/robo_planner_msgs/include/robo_planner_msgs/robo_planner_msgs/msg/detail/labeled_point_cloud__type_support.h
[5.112s] -- Up-to-date: /home/autopilot/ws/restackcell/ws_moveit2/install/robo_planner_msgs/include/robo_planner_msgs/robo_planner_msgs/msg/detail/scene_object_set_pose__functions.h
[5.112s] -- Up-to-date: /home/autopilot/ws/restackcell/ws_moveit2/install/robo_planner_msgs/include/robo_planner_msgs/robo_planner_msgs/msg/detail/scene_object_remove__functions.h
[5.112s] -- Up-to-date: /home/autopilot/ws/restackcell/ws_moveit2/install/robo_planner_msgs/include/robo_planner_msgs/robo_planner_msgs/srv
[5.112s] -- Up-to-date: /home/autopilot/ws/restackcell/ws_moveit2/install/robo_planner_msgs/include/robo_planner_msgs/robo_planner_msgs/srv/gripper_change_pick.h
[5.112s] -- Up-to-date: /home/autopilot/ws/restackcell/ws_moveit2/install/robo_planner_msgs/include/robo_planner_msgs/robo_planner_msgs/srv/pick.h
[5.113s] -- Up-to-date: /home/autopilot/ws/restackcell/ws_moveit2/install/robo_planner_msgs/include/robo_planner_msgs/robo_planner_msgs/srv/follow_trajectory.h
[5.113s] -- Up-to-date: /home/autopilot/ws/restackcell/ws_moveit2/install/robo_planner_msgs/include/robo_planner_msgs/robo_planner_msgs/srv/place.h
[5.113s] -- Up-to-date: /home/autopilot/ws/restackcell/ws_moveit2/install/robo_planner_msgs/include/robo_planner_msgs/robo_planner_msgs/srv/open_door.h
[5.113s] -- Up-to-date: /home/autopilot/ws/restackcell/ws_moveit2/install/robo_planner_msgs/include/robo_planner_msgs/robo_planner_msgs/srv/set_robot_value_velocity.h
[5.113s] -- Up-to-date: /home/autopilot/ws/restackcell/ws_moveit2/install/robo_planner_msgs/include/robo_planner_msgs/robo_planner_msgs/srv/detail
[5.113s] -- Up-to-date: /home/autopilot/ws/restackcell/ws_moveit2/install/robo_planner_msgs/include/robo_planner_msgs/robo_planner_msgs/srv/detail/gripper_close__functions.c
[5.113s] -- Up-to-date: /home/autopilot/ws/restackcell/ws_moveit2/install/robo_planner_msgs/include/robo_planner_msgs/robo_planner_msgs/srv/detail/follow_trajectory__type_support.h
[5.114s] -- Up-to-date: /home/autopilot/ws/restackcell/ws_moveit2/install/robo_planner_msgs/include/robo_planner_msgs/robo_planner_msgs/srv/detail/set_robot_value_velocity__struct.h
[5.114s] -- Up-to-date: /home/autopilot/ws/restackcell/ws_moveit2/install/robo_planner_msgs/include/robo_planner_msgs/robo_planner_msgs/srv/detail/gripper_change__functions.h
[5.114s] -- Up-to-date: /home/autopilot/ws/restackcell/ws_moveit2/install/robo_planner_msgs/include/robo_planner_msgs/robo_planner_msgs/srv/detail/set_robot_value_velocity__functions.h
[5.114s] -- Up-to-date: /home/autopilot/ws/restackcell/ws_moveit2/install/robo_planner_msgs/include/robo_planner_msgs/robo_planner_msgs/srv/detail/gripper_change_pick__functions.c
[5.114s] -- Up-to-date: /home/autopilot/ws/restackcell/ws_moveit2/install/robo_planner_msgs/include/robo_planner_msgs/robo_planner_msgs/srv/detail/gripper_change_pick__type_support.h
[5.114s] -- Up-to-date: /home/autopilot/ws/restackcell/ws_moveit2/install/robo_planner_msgs/include/robo_planner_msgs/robo_planner_msgs/srv/detail/place__struct.h
[5.114s] -- Up-to-date: /home/autopilot/ws/restackcell/ws_moveit2/install/robo_planner_msgs/include/robo_planner_msgs/robo_planner_msgs/srv/detail/gripper_close__functions.h
[5.115s] -- Up-to-date: /home/autopilot/ws/restackcell/ws_moveit2/install/robo_planner_msgs/include/robo_planner_msgs/robo_planner_msgs/srv/detail/gripper_open__functions.h
[5.115s] -- Up-to-date: /home/autopilot/ws/restackcell/ws_moveit2/install/robo_planner_msgs/include/robo_planner_msgs/robo_planner_msgs/srv/detail/pick_and_place__functions.h
[5.115s] -- Up-to-date: /home/autopilot/ws/restackcell/ws_moveit2/install/robo_planner_msgs/include/robo_planner_msgs/robo_planner_msgs/srv/detail/open_door__functions.c
[5.115s] -- Up-to-date: /home/autopilot/ws/restackcell/ws_moveit2/install/robo_planner_msgs/include/robo_planner_msgs/robo_planner_msgs/srv/detail/gripper_change_place__functions.h
[5.115s] -- Up-to-date: /home/autopilot/ws/restackcell/ws_moveit2/install/robo_planner_msgs/include/robo_planner_msgs/robo_planner_msgs/srv/detail/pick__functions.h
[5.115s] -- Up-to-date: /home/autopilot/ws/restackcell/ws_moveit2/install/robo_planner_msgs/include/robo_planner_msgs/robo_planner_msgs/srv/detail/gripper_change_pick__struct.h
[5.115s] -- Up-to-date: /home/autopilot/ws/restackcell/ws_moveit2/install/robo_planner_msgs/include/robo_planner_msgs/robo_planner_msgs/srv/detail/open_door__type_support.h
[5.116s] -- Up-to-date: /home/autopilot/ws/restackcell/ws_moveit2/install/robo_planner_msgs/include/robo_planner_msgs/robo_planner_msgs/srv/detail/open_door__struct.h
[5.116s] -- Up-to-date: /home/autopilot/ws/restackcell/ws_moveit2/install/robo_planner_msgs/include/robo_planner_msgs/robo_planner_msgs/srv/detail/gripper_close__struct.h
[5.116s] -- Up-to-date: /home/autopilot/ws/restackcell/ws_moveit2/install/robo_planner_msgs/include/robo_planner_msgs/robo_planner_msgs/srv/detail/move_to_pose__struct.h
[5.116s] -- Up-to-date: /home/autopilot/ws/restackcell/ws_moveit2/install/robo_planner_msgs/include/robo_planner_msgs/robo_planner_msgs/srv/detail/place__type_support.h
[5.117s] -- Up-to-date: /home/autopilot/ws/restackcell/ws_moveit2/install/robo_planner_msgs/include/robo_planner_msgs/robo_planner_msgs/srv/detail/set_robot_value_velocity__functions.c
[5.118s] -- Up-to-date: /home/autopilot/ws/restackcell/ws_moveit2/install/robo_planner_msgs/include/robo_planner_msgs/robo_planner_msgs/srv/detail/gripper_change__type_support.h
[5.118s] -- Up-to-date: /home/autopilot/ws/restackcell/ws_moveit2/install/robo_planner_msgs/include/robo_planner_msgs/robo_planner_msgs/srv/detail/place__functions.c
[5.119s] -- Up-to-date: /home/autopilot/ws/restackcell/ws_moveit2/install/robo_planner_msgs/include/robo_planner_msgs/robo_planner_msgs/srv/detail/gripper_open__functions.c
[5.120s] -- Up-to-date: /home/autopilot/ws/restackcell/ws_moveit2/install/robo_planner_msgs/include/robo_planner_msgs/robo_planner_msgs/srv/detail/gripper_change__functions.c
[5.121s] -- Up-to-date: /home/autopilot/ws/restackcell/ws_moveit2/install/robo_planner_msgs/include/robo_planner_msgs/robo_planner_msgs/srv/detail/pick_and_place__functions.c
[5.121s] -- Up-to-date: /home/autopilot/ws/restackcell/ws_moveit2/install/robo_planner_msgs/include/robo_planner_msgs/robo_planner_msgs/srv/detail/gripper_change_place__functions.c
[5.122s] -- Up-to-date: /home/autopilot/ws/restackcell/ws_moveit2/install/robo_planner_msgs/include/robo_planner_msgs/robo_planner_msgs/srv/detail/move_to_pose__type_support.h
[5.122s] -- Up-to-date: /home/autopilot/ws/restackcell/ws_moveit2/install/robo_planner_msgs/include/robo_planner_msgs/robo_planner_msgs/srv/detail/pick__struct.h
[5.123s] -- Up-to-date: /home/autopilot/ws/restackcell/ws_moveit2/install/robo_planner_msgs/include/robo_planner_msgs/robo_planner_msgs/srv/detail/gripper_open__type_support.h
[5.123s] -- Up-to-date: /home/autopilot/ws/restackcell/ws_moveit2/install/robo_planner_msgs/include/robo_planner_msgs/robo_planner_msgs/srv/detail/gripper_change_place__struct.h
[5.123s] -- Up-to-date: /home/autopilot/ws/restackcell/ws_moveit2/install/robo_planner_msgs/include/robo_planner_msgs/robo_planner_msgs/srv/detail/open_door__functions.h
[5.123s] -- Up-to-date: /home/autopilot/ws/restackcell/ws_moveit2/install/robo_planner_msgs/include/robo_planner_msgs/robo_planner_msgs/srv/detail/gripper_change_place__type_support.h
[5.124s] -- Up-to-date: /home/autopilot/ws/restackcell/ws_moveit2/install/robo_planner_msgs/include/robo_planner_msgs/robo_planner_msgs/srv/detail/move_to_pose__functions.c
[5.124s] -- Up-to-date: /home/autopilot/ws/restackcell/ws_moveit2/install/robo_planner_msgs/include/robo_planner_msgs/robo_planner_msgs/srv/detail/pick__type_support.h
[5.126s] -- Up-to-date: /home/autopilot/ws/restackcell/ws_moveit2/install/robo_planner_msgs/include/robo_planner_msgs/robo_planner_msgs/srv/detail/gripper_close__type_support.h
[5.126s] -- Up-to-date: /home/autopilot/ws/restackcell/ws_moveit2/install/robo_planner_msgs/include/robo_planner_msgs/robo_planner_msgs/srv/detail/follow_trajectory__functions.c
[5.126s] -- Up-to-date: /home/autopilot/ws/restackcell/ws_moveit2/install/robo_planner_msgs/include/robo_planner_msgs/robo_planner_msgs/srv/detail/follow_trajectory__struct.h
[5.127s] -- Up-to-date: /home/autopilot/ws/restackcell/ws_moveit2/install/robo_planner_msgs/include/robo_planner_msgs/robo_planner_msgs/srv/detail/gripper_open__struct.h
[5.128s] -- Up-to-date: /home/autopilot/ws/restackcell/ws_moveit2/install/robo_planner_msgs/include/robo_planner_msgs/robo_planner_msgs/srv/detail/pick__functions.c
[5.128s] -- Up-to-date: /home/autopilot/ws/restackcell/ws_moveit2/install/robo_planner_msgs/include/robo_planner_msgs/robo_planner_msgs/srv/detail/place__functions.h
[5.128s] -- Up-to-date: /home/autopilot/ws/restackcell/ws_moveit2/install/robo_planner_msgs/include/robo_planner_msgs/robo_planner_msgs/srv/detail/move_to_pose__functions.h
[5.129s] -- Up-to-date: /home/autopilot/ws/restackcell/ws_moveit2/install/robo_planner_msgs/include/robo_planner_msgs/robo_planner_msgs/srv/detail/pick_and_place__struct.h
[5.130s] -- Up-to-date: /home/autopilot/ws/restackcell/ws_moveit2/install/robo_planner_msgs/include/robo_planner_msgs/robo_planner_msgs/srv/detail/gripper_change_pick__functions.h
[5.130s] -- Up-to-date: /home/autopilot/ws/restackcell/ws_moveit2/install/robo_planner_msgs/include/robo_planner_msgs/robo_planner_msgs/srv/detail/gripper_change__struct.h
[5.131s] -- Up-to-date: /home/autopilot/ws/restackcell/ws_moveit2/install/robo_planner_msgs/include/robo_planner_msgs/robo_planner_msgs/srv/detail/pick_and_place__type_support.h
[5.131s] -- Up-to-date: /home/autopilot/ws/restackcell/ws_moveit2/install/robo_planner_msgs/include/robo_planner_msgs/robo_planner_msgs/srv/detail/follow_trajectory__functions.h
[5.133s] -- Up-to-date: /home/autopilot/ws/restackcell/ws_moveit2/install/robo_planner_msgs/include/robo_planner_msgs/robo_planner_msgs/srv/detail/set_robot_value_velocity__type_support.h
[5.133s] -- Up-to-date: /home/autopilot/ws/restackcell/ws_moveit2/install/robo_planner_msgs/include/robo_planner_msgs/robo_planner_msgs/srv/pick_and_place.h
[5.133s] -- Up-to-date: /home/autopilot/ws/restackcell/ws_moveit2/install/robo_planner_msgs/include/robo_planner_msgs/robo_planner_msgs/srv/gripper_open.h
[5.133s] -- Up-to-date: /home/autopilot/ws/restackcell/ws_moveit2/install/robo_planner_msgs/include/robo_planner_msgs/robo_planner_msgs/srv/gripper_close.h
[5.133s] -- Up-to-date: /home/autopilot/ws/restackcell/ws_moveit2/install/robo_planner_msgs/include/robo_planner_msgs/robo_planner_msgs/srv/gripper_change.h
[5.133s] -- Up-to-date: /home/autopilot/ws/restackcell/ws_moveit2/install/robo_planner_msgs/include/robo_planner_msgs/robo_planner_msgs/srv/move_to_pose.h
[5.134s] -- Up-to-date: /home/autopilot/ws/restackcell/ws_moveit2/install/robo_planner_msgs/include/robo_planner_msgs/robo_planner_msgs/srv/gripper_change_place.h
[5.134s] -- Up-to-date: /home/autopilot/ws/restackcell/ws_moveit2/install/robo_planner_msgs/share/robo_planner_msgs/environment/library_path.sh
[5.134s] -- Up-to-date: /home/autopilot/ws/restackcell/ws_moveit2/install/robo_planner_msgs/share/robo_planner_msgs/environment/library_path.dsv
[5.134s] -- Up-to-date: /home/autopilot/ws/restackcell/ws_moveit2/install/robo_planner_msgs/lib/librobo_planner_msgs__rosidl_generator_c.so
[5.134s] -- Up-to-date: /home/autopilot/ws/restackcell/ws_moveit2/install/robo_planner_msgs/include/robo_planner_msgs/robo_planner_msgs
[5.134s] -- Up-to-date: /home/autopilot/ws/restackcell/ws_moveit2/install/robo_planner_msgs/include/robo_planner_msgs/robo_planner_msgs/msg
[5.134s] -- Up-to-date: /home/autopilot/ws/restackcell/ws_moveit2/install/robo_planner_msgs/include/robo_planner_msgs/robo_planner_msgs/msg/rosidl_typesupport_fastrtps_c__visibility_control.h
[5.135s] -- Up-to-date: /home/autopilot/ws/restackcell/ws_moveit2/install/robo_planner_msgs/include/robo_planner_msgs/robo_planner_msgs/msg/detail
[5.135s] -- Up-to-date: /home/autopilot/ws/restackcell/ws_moveit2/install/robo_planner_msgs/include/robo_planner_msgs/robo_planner_msgs/msg/detail/scene_object_remove__rosidl_typesupport_fastrtps_c.h
[5.135s] -- Up-to-date: /home/autopilot/ws/restackcell/ws_moveit2/install/robo_planner_msgs/include/robo_planner_msgs/robo_planner_msgs/msg/detail/scene_object_add__rosidl_typesupport_fastrtps_c.h
[5.135s] -- Up-to-date: /home/autopilot/ws/restackcell/ws_moveit2/install/robo_planner_msgs/include/robo_planner_msgs/robo_planner_msgs/msg/detail/labeled_point_clouds__rosidl_typesupport_fastrtps_c.h
[5.135s] -- Up-to-date: /home/autopilot/ws/restackcell/ws_moveit2/install/robo_planner_msgs/include/robo_planner_msgs/robo_planner_msgs/msg/detail/labeled_point_cloud__rosidl_typesupport_fastrtps_c.h
[5.135s] -- Up-to-date: /home/autopilot/ws/restackcell/ws_moveit2/install/robo_planner_msgs/include/robo_planner_msgs/robo_planner_msgs/msg/detail/scene_object_set_pose__rosidl_typesupport_fastrtps_c.h
[5.135s] -- Up-to-date: /home/autopilot/ws/restackcell/ws_moveit2/install/robo_planner_msgs/include/robo_planner_msgs/robo_planner_msgs/srv
[5.136s] -- Up-to-date: /home/autopilot/ws/restackcell/ws_moveit2/install/robo_planner_msgs/include/robo_planner_msgs/robo_planner_msgs/srv/detail
[5.136s] -- Up-to-date: /home/autopilot/ws/restackcell/ws_moveit2/install/robo_planner_msgs/include/robo_planner_msgs/robo_planner_msgs/srv/detail/gripper_change_place__rosidl_typesupport_fastrtps_c.h
[5.136s] -- Up-to-date: /home/autopilot/ws/restackcell/ws_moveit2/install/robo_planner_msgs/include/robo_planner_msgs/robo_planner_msgs/srv/detail/place__rosidl_typesupport_fastrtps_c.h
[5.136s] -- Up-to-date: /home/autopilot/ws/restackcell/ws_moveit2/install/robo_planner_msgs/include/robo_planner_msgs/robo_planner_msgs/srv/detail/set_robot_value_velocity__rosidl_typesupport_fastrtps_c.h
[5.136s] -- Up-to-date: /home/autopilot/ws/restackcell/ws_moveit2/install/robo_planner_msgs/include/robo_planner_msgs/robo_planner_msgs/srv/detail/move_to_pose__rosidl_typesupport_fastrtps_c.h
[5.136s] -- Up-to-date: /home/autopilot/ws/restackcell/ws_moveit2/install/robo_planner_msgs/include/robo_planner_msgs/robo_planner_msgs/srv/detail/pick_and_place__rosidl_typesupport_fastrtps_c.h
[5.136s] -- Up-to-date: /home/autopilot/ws/restackcell/ws_moveit2/install/robo_planner_msgs/include/robo_planner_msgs/robo_planner_msgs/srv/detail/follow_trajectory__rosidl_typesupport_fastrtps_c.h
[5.137s] -- Up-to-date: /home/autopilot/ws/restackcell/ws_moveit2/install/robo_planner_msgs/include/robo_planner_msgs/robo_planner_msgs/srv/detail/gripper_open__rosidl_typesupport_fastrtps_c.h
[5.138s] -- Up-to-date: /home/autopilot/ws/restackcell/ws_moveit2/install/robo_planner_msgs/include/robo_planner_msgs/robo_planner_msgs/srv/detail/gripper_change__rosidl_typesupport_fastrtps_c.h
[5.139s] -- Up-to-date: /home/autopilot/ws/restackcell/ws_moveit2/install/robo_planner_msgs/include/robo_planner_msgs/robo_planner_msgs/srv/detail/open_door__rosidl_typesupport_fastrtps_c.h
[5.139s] -- Up-to-date: /home/autopilot/ws/restackcell/ws_moveit2/install/robo_planner_msgs/include/robo_planner_msgs/robo_planner_msgs/srv/detail/gripper_change_pick__rosidl_typesupport_fastrtps_c.h
[5.139s] -- Up-to-date: /home/autopilot/ws/restackcell/ws_moveit2/install/robo_planner_msgs/include/robo_planner_msgs/robo_planner_msgs/srv/detail/gripper_close__rosidl_typesupport_fastrtps_c.h
[5.140s] -- Up-to-date: /home/autopilot/ws/restackcell/ws_moveit2/install/robo_planner_msgs/include/robo_planner_msgs/robo_planner_msgs/srv/detail/pick__rosidl_typesupport_fastrtps_c.h
[5.140s] -- Up-to-date: /home/autopilot/ws/restackcell/ws_moveit2/install/robo_planner_msgs/lib/librobo_planner_msgs__rosidl_typesupport_fastrtps_c.so
[5.140s] -- Up-to-date: /home/autopilot/ws/restackcell/ws_moveit2/install/robo_planner_msgs/include/robo_planner_msgs/robo_planner_msgs
[5.140s] -- Up-to-date: /home/autopilot/ws/restackcell/ws_moveit2/install/robo_planner_msgs/include/robo_planner_msgs/robo_planner_msgs/msg
[5.140s] -- Up-to-date: /home/autopilot/ws/restackcell/ws_moveit2/install/robo_planner_msgs/include/robo_planner_msgs/robo_planner_msgs/msg/rosidl_typesupport_introspection_c__visibility_control.h
[5.141s] -- Up-to-date: /home/autopilot/ws/restackcell/ws_moveit2/install/robo_planner_msgs/include/robo_planner_msgs/robo_planner_msgs/msg/detail
[5.141s] -- Up-to-date: /home/autopilot/ws/restackcell/ws_moveit2/install/robo_planner_msgs/include/robo_planner_msgs/robo_planner_msgs/msg/detail/labeled_point_clouds__type_support.c
[5.141s] -- Up-to-date: /home/autopilot/ws/restackcell/ws_moveit2/install/robo_planner_msgs/include/robo_planner_msgs/robo_planner_msgs/msg/detail/labeled_point_cloud__rosidl_typesupport_introspection_c.h
[5.141s] -- Up-to-date: /home/autopilot/ws/restackcell/ws_moveit2/install/robo_planner_msgs/include/robo_planner_msgs/robo_planner_msgs/msg/detail/labeled_point_clouds__rosidl_typesupport_introspection_c.h
[5.141s] -- Up-to-date: /home/autopilot/ws/restackcell/ws_moveit2/install/robo_planner_msgs/include/robo_planner_msgs/robo_planner_msgs/msg/detail/scene_object_add__rosidl_typesupport_introspection_c.h
[5.141s] -- Up-to-date: /home/autopilot/ws/restackcell/ws_moveit2/install/robo_planner_msgs/include/robo_planner_msgs/robo_planner_msgs/msg/detail/scene_object_set_pose__type_support.c
[5.141s] -- Up-to-date: /home/autopilot/ws/restackcell/ws_moveit2/install/robo_planner_msgs/include/robo_planner_msgs/robo_planner_msgs/msg/detail/scene_object_remove__rosidl_typesupport_introspection_c.h
[5.142s] -- Up-to-date: /home/autopilot/ws/restackcell/ws_moveit2/install/robo_planner_msgs/include/robo_planner_msgs/robo_planner_msgs/msg/detail/scene_object_remove__type_support.c
[5.142s] -- Up-to-date: /home/autopilot/ws/restackcell/ws_moveit2/install/robo_planner_msgs/include/robo_planner_msgs/robo_planner_msgs/msg/detail/labeled_point_cloud__type_support.c
[5.142s] -- Up-to-date: /home/autopilot/ws/restackcell/ws_moveit2/install/robo_planner_msgs/include/robo_planner_msgs/robo_planner_msgs/msg/detail/scene_object_add__type_support.c
[5.142s] -- Up-to-date: /home/autopilot/ws/restackcell/ws_moveit2/install/robo_planner_msgs/include/robo_planner_msgs/robo_planner_msgs/msg/detail/scene_object_set_pose__rosidl_typesupport_introspection_c.h
[5.142s] -- Up-to-date: /home/autopilot/ws/restackcell/ws_moveit2/install/robo_planner_msgs/include/robo_planner_msgs/robo_planner_msgs/srv
[5.142s] -- Up-to-date: /home/autopilot/ws/restackcell/ws_moveit2/install/robo_planner_msgs/include/robo_planner_msgs/robo_planner_msgs/srv/detail
[5.142s] -- Up-to-date: /home/autopilot/ws/restackcell/ws_moveit2/install/robo_planner_msgs/include/robo_planner_msgs/robo_planner_msgs/srv/detail/follow_trajectory__rosidl_typesupport_introspection_c.h
[5.143s] -- Up-to-date: /home/autopilot/ws/restackcell/ws_moveit2/install/robo_planner_msgs/include/robo_planner_msgs/robo_planner_msgs/srv/detail/gripper_close__type_support.c
[5.143s] -- Up-to-date: /home/autopilot/ws/restackcell/ws_moveit2/install/robo_planner_msgs/include/robo_planner_msgs/robo_planner_msgs/srv/detail/gripper_change__type_support.c
[5.143s] -- Up-to-date: /home/autopilot/ws/restackcell/ws_moveit2/install/robo_planner_msgs/include/robo_planner_msgs/robo_planner_msgs/srv/detail/pick_and_place__rosidl_typesupport_introspection_c.h
[5.143s] -- Up-to-date: /home/autopilot/ws/restackcell/ws_moveit2/install/robo_planner_msgs/include/robo_planner_msgs/robo_planner_msgs/srv/detail/pick_and_place__type_support.c
[5.143s] -- Up-to-date: /home/autopilot/ws/restackcell/ws_moveit2/install/robo_planner_msgs/include/robo_planner_msgs/robo_planner_msgs/srv/detail/set_robot_value_velocity__rosidl_typesupport_introspection_c.h
[5.143s] -- Up-to-date: /home/autopilot/ws/restackcell/ws_moveit2/install/robo_planner_msgs/include/robo_planner_msgs/robo_planner_msgs/srv/detail/set_robot_value_velocity__type_support.c
[5.143s] -- Up-to-date: /home/autopilot/ws/restackcell/ws_moveit2/install/robo_planner_msgs/include/robo_planner_msgs/robo_planner_msgs/srv/detail/move_to_pose__rosidl_typesupport_introspection_c.h
[5.144s] -- Up-to-date: /home/autopilot/ws/restackcell/ws_moveit2/install/robo_planner_msgs/include/robo_planner_msgs/robo_planner_msgs/srv/detail/open_door__type_support.c
[5.144s] -- Up-to-date: /home/autopilot/ws/restackcell/ws_moveit2/install/robo_planner_msgs/include/robo_planner_msgs/robo_planner_msgs/srv/detail/gripper_open__rosidl_typesupport_introspection_c.h
[5.144s] -- Up-to-date: /home/autopilot/ws/restackcell/ws_moveit2/install/robo_planner_msgs/include/robo_planner_msgs/robo_planner_msgs/srv/detail/gripper_change_pick__rosidl_typesupport_introspection_c.h
[5.144s] -- Up-to-date: /home/autopilot/ws/restackcell/ws_moveit2/install/robo_planner_msgs/include/robo_planner_msgs/robo_planner_msgs/srv/detail/place__type_support.c
[5.144s] -- Up-to-date: /home/autopilot/ws/restackcell/ws_moveit2/install/robo_planner_msgs/include/robo_planner_msgs/robo_planner_msgs/srv/detail/gripper_change_pick__type_support.c
[5.144s] -- Up-to-date: /home/autopilot/ws/restackcell/ws_moveit2/install/robo_planner_msgs/include/robo_planner_msgs/robo_planner_msgs/srv/detail/pick__type_support.c
[5.144s] -- Up-to-date: /home/autopilot/ws/restackcell/ws_moveit2/install/robo_planner_msgs/include/robo_planner_msgs/robo_planner_msgs/srv/detail/gripper_open__type_support.c
[5.145s] -- Up-to-date: /home/autopilot/ws/restackcell/ws_moveit2/install/robo_planner_msgs/include/robo_planner_msgs/robo_planner_msgs/srv/detail/gripper_close__rosidl_typesupport_introspection_c.h
[5.145s] -- Up-to-date: /home/autopilot/ws/restackcell/ws_moveit2/install/robo_planner_msgs/include/robo_planner_msgs/robo_planner_msgs/srv/detail/open_door__rosidl_typesupport_introspection_c.h
[5.145s] -- Up-to-date: /home/autopilot/ws/restackcell/ws_moveit2/install/robo_planner_msgs/include/robo_planner_msgs/robo_planner_msgs/srv/detail/gripper_change_place__type_support.c
[5.145s] -- Up-to-date: /home/autopilot/ws/restackcell/ws_moveit2/install/robo_planner_msgs/include/robo_planner_msgs/robo_planner_msgs/srv/detail/gripper_change__rosidl_typesupport_introspection_c.h
[5.145s] -- Up-to-date: /home/autopilot/ws/restackcell/ws_moveit2/install/robo_planner_msgs/include/robo_planner_msgs/robo_planner_msgs/srv/detail/place__rosidl_typesupport_introspection_c.h
[5.145s] -- Up-to-date: /home/autopilot/ws/restackcell/ws_moveit2/install/robo_planner_msgs/include/robo_planner_msgs/robo_planner_msgs/srv/detail/gripper_change_place__rosidl_typesupport_introspection_c.h
[5.145s] -- Up-to-date: /home/autopilot/ws/restackcell/ws_moveit2/install/robo_planner_msgs/include/robo_planner_msgs/robo_planner_msgs/srv/detail/pick__rosidl_typesupport_introspection_c.h
[5.146s] -- Up-to-date: /home/autopilot/ws/restackcell/ws_moveit2/install/robo_planner_msgs/include/robo_planner_msgs/robo_planner_msgs/srv/detail/follow_trajectory__type_support.c
[5.146s] -- Up-to-date: /home/autopilot/ws/restackcell/ws_moveit2/install/robo_planner_msgs/include/robo_planner_msgs/robo_planner_msgs/srv/detail/move_to_pose__type_support.c
[5.146s] -- Up-to-date: /home/autopilot/ws/restackcell/ws_moveit2/install/robo_planner_msgs/lib/librobo_planner_msgs__rosidl_typesupport_introspection_c.so
[5.146s] -- Up-to-date: /home/autopilot/ws/restackcell/ws_moveit2/install/robo_planner_msgs/lib/librobo_planner_msgs__rosidl_typesupport_c.so
[5.146s] -- Up-to-date: /home/autopilot/ws/restackcell/ws_moveit2/install/robo_planner_msgs/include/robo_planner_msgs/robo_planner_msgs
[5.146s] -- Up-to-date: /home/autopilot/ws/restackcell/ws_moveit2/install/robo_planner_msgs/include/robo_planner_msgs/robo_planner_msgs/msg
[5.146s] -- Up-to-date: /home/autopilot/ws/restackcell/ws_moveit2/install/robo_planner_msgs/include/robo_planner_msgs/robo_planner_msgs/msg/labeled_point_cloud.hpp
[5.147s] -- Up-to-date: /home/autopilot/ws/restackcell/ws_moveit2/install/robo_planner_msgs/include/robo_planner_msgs/robo_planner_msgs/msg/scene_object_set_pose.hpp
[5.147s] -- Up-to-date: /home/autopilot/ws/restackcell/ws_moveit2/install/robo_planner_msgs/include/robo_planner_msgs/robo_planner_msgs/msg/detail
[5.147s] -- Up-to-date: /home/autopilot/ws/restackcell/ws_moveit2/install/robo_planner_msgs/include/robo_planner_msgs/robo_planner_msgs/msg/detail/scene_object_set_pose__builder.hpp
[5.147s] -- Up-to-date: /home/autopilot/ws/restackcell/ws_moveit2/install/robo_planner_msgs/include/robo_planner_msgs/robo_planner_msgs/msg/detail/labeled_point_cloud__struct.hpp
[5.147s] -- Up-to-date: /home/autopilot/ws/restackcell/ws_moveit2/install/robo_planner_msgs/include/robo_planner_msgs/robo_planner_msgs/msg/detail/scene_object_remove__builder.hpp
[5.147s] -- Up-to-date: /home/autopilot/ws/restackcell/ws_moveit2/install/robo_planner_msgs/include/robo_planner_msgs/robo_planner_msgs/msg/detail/scene_object_remove__struct.hpp
[5.147s] -- Up-to-date: /home/autopilot/ws/restackcell/ws_moveit2/install/robo_planner_msgs/include/robo_planner_msgs/robo_planner_msgs/msg/detail/labeled_point_clouds__builder.hpp
[5.148s] -- Up-to-date: /home/autopilot/ws/restackcell/ws_moveit2/install/robo_planner_msgs/include/robo_planner_msgs/robo_planner_msgs/msg/detail/labeled_point_clouds__struct.hpp
[5.148s] -- Up-to-date: /home/autopilot/ws/restackcell/ws_moveit2/install/robo_planner_msgs/include/robo_planner_msgs/robo_planner_msgs/msg/detail/scene_object_set_pose__struct.hpp
[5.148s] -- Up-to-date: /home/autopilot/ws/restackcell/ws_moveit2/install/robo_planner_msgs/include/robo_planner_msgs/robo_planner_msgs/msg/detail/labeled_point_cloud__traits.hpp
[5.148s] -- Up-to-date: /home/autopilot/ws/restackcell/ws_moveit2/install/robo_planner_msgs/include/robo_planner_msgs/robo_planner_msgs/msg/detail/labeled_point_cloud__builder.hpp
[5.148s] -- Up-to-date: /home/autopilot/ws/restackcell/ws_moveit2/install/robo_planner_msgs/include/robo_planner_msgs/robo_planner_msgs/msg/detail/scene_object_add__builder.hpp
[5.148s] -- Up-to-date: /home/autopilot/ws/restackcell/ws_moveit2/install/robo_planner_msgs/include/robo_planner_msgs/robo_planner_msgs/msg/detail/labeled_point_clouds__traits.hpp
[5.148s] -- Up-to-date: /home/autopilot/ws/restackcell/ws_moveit2/install/robo_planner_msgs/include/robo_planner_msgs/robo_planner_msgs/msg/detail/scene_object_add__struct.hpp
[5.148s] -- Up-to-date: /home/autopilot/ws/restackcell/ws_moveit2/install/robo_planner_msgs/include/robo_planner_msgs/robo_planner_msgs/msg/detail/scene_object_set_pose__traits.hpp
[5.149s] -- Up-to-date: /home/autopilot/ws/restackcell/ws_moveit2/install/robo_planner_msgs/include/robo_planner_msgs/robo_planner_msgs/msg/detail/scene_object_remove__traits.hpp
[5.149s] -- Up-to-date: /home/autopilot/ws/restackcell/ws_moveit2/install/robo_planner_msgs/include/robo_planner_msgs/robo_planner_msgs/msg/detail/scene_object_add__traits.hpp
[5.149s] -- Up-to-date: /home/autopilot/ws/restackcell/ws_moveit2/install/robo_planner_msgs/include/robo_planner_msgs/robo_planner_msgs/msg/scene_object_remove.hpp
[5.149s] -- Up-to-date: /home/autopilot/ws/restackcell/ws_moveit2/install/robo_planner_msgs/include/robo_planner_msgs/robo_planner_msgs/msg/scene_object_add.hpp
[5.149s] -- Up-to-date: /home/autopilot/ws/restackcell/ws_moveit2/install/robo_planner_msgs/include/robo_planner_msgs/robo_planner_msgs/msg/labeled_point_clouds.hpp
[5.149s] -- Up-to-date: /home/autopilot/ws/restackcell/ws_moveit2/install/robo_planner_msgs/include/robo_planner_msgs/robo_planner_msgs/srv
[5.149s] -- Up-to-date: /home/autopilot/ws/restackcell/ws_moveit2/install/robo_planner_msgs/include/robo_planner_msgs/robo_planner_msgs/srv/gripper_change_pick.hpp
[5.150s] -- Up-to-date: /home/autopilot/ws/restackcell/ws_moveit2/install/robo_planner_msgs/include/robo_planner_msgs/robo_planner_msgs/srv/follow_trajectory.hpp
[5.150s] -- Up-to-date: /home/autopilot/ws/restackcell/ws_moveit2/install/robo_planner_msgs/include/robo_planner_msgs/robo_planner_msgs/srv/set_robot_value_velocity.hpp
[5.150s] -- Up-to-date: /home/autopilot/ws/restackcell/ws_moveit2/install/robo_planner_msgs/include/robo_planner_msgs/robo_planner_msgs/srv/gripper_open.hpp
[5.150s] -- Up-to-date: /home/autopilot/ws/restackcell/ws_moveit2/install/robo_planner_msgs/include/robo_planner_msgs/robo_planner_msgs/srv/pick.hpp
[5.150s] -- Up-to-date: /home/autopilot/ws/restackcell/ws_moveit2/install/robo_planner_msgs/include/robo_planner_msgs/robo_planner_msgs/srv/gripper_change_place.hpp
[5.150s] -- Up-to-date: /home/autopilot/ws/restackcell/ws_moveit2/install/robo_planner_msgs/include/robo_planner_msgs/robo_planner_msgs/srv/open_door.hpp
[5.150s] -- Up-to-date: /home/autopilot/ws/restackcell/ws_moveit2/install/robo_planner_msgs/include/robo_planner_msgs/robo_planner_msgs/srv/detail
[5.151s] -- Up-to-date: /home/autopilot/ws/restackcell/ws_moveit2/install/robo_planner_msgs/include/robo_planner_msgs/robo_planner_msgs/srv/detail/gripper_change_pick__traits.hpp
[5.151s] -- Up-to-date: /home/autopilot/ws/restackcell/ws_moveit2/install/robo_planner_msgs/include/robo_planner_msgs/robo_planner_msgs/srv/detail/gripper_close__builder.hpp
[5.151s] -- Up-to-date: /home/autopilot/ws/restackcell/ws_moveit2/install/robo_planner_msgs/include/robo_planner_msgs/robo_planner_msgs/srv/detail/pick__traits.hpp
[5.151s] -- Up-to-date: /home/autopilot/ws/restackcell/ws_moveit2/install/robo_planner_msgs/include/robo_planner_msgs/robo_planner_msgs/srv/detail/gripper_open__struct.hpp
[5.154s] -- Up-to-date: /home/autopilot/ws/restackcell/ws_moveit2/install/robo_planner_msgs/include/robo_planner_msgs/robo_planner_msgs/srv/detail/gripper_open__traits.hpp
[5.155s] -- Up-to-date: /home/autopilot/ws/restackcell/ws_moveit2/install/robo_planner_msgs/include/robo_planner_msgs/robo_planner_msgs/srv/detail/move_to_pose__struct.hpp
[5.155s] -- Up-to-date: /home/autopilot/ws/restackcell/ws_moveit2/install/robo_planner_msgs/include/robo_planner_msgs/robo_planner_msgs/srv/detail/gripper_change_pick__struct.hpp
[5.155s] -- Up-to-date: /home/autopilot/ws/restackcell/ws_moveit2/install/robo_planner_msgs/include/robo_planner_msgs/robo_planner_msgs/srv/detail/follow_trajectory__traits.hpp
[5.155s] -- Up-to-date: /home/autopilot/ws/restackcell/ws_moveit2/install/robo_planner_msgs/include/robo_planner_msgs/robo_planner_msgs/srv/detail/pick_and_place__builder.hpp
[5.156s] -- Up-to-date: /home/autopilot/ws/restackcell/ws_moveit2/install/robo_planner_msgs/include/robo_planner_msgs/robo_planner_msgs/srv/detail/gripper_change__struct.hpp
[5.156s] -- Up-to-date: /home/autopilot/ws/restackcell/ws_moveit2/install/robo_planner_msgs/include/robo_planner_msgs/robo_planner_msgs/srv/detail/set_robot_value_velocity__traits.hpp
[5.156s] -- Up-to-date: /home/autopilot/ws/restackcell/ws_moveit2/install/robo_planner_msgs/include/robo_planner_msgs/robo_planner_msgs/srv/detail/open_door__builder.hpp
[5.156s] -- Up-to-date: /home/autopilot/ws/restackcell/ws_moveit2/install/robo_planner_msgs/include/robo_planner_msgs/robo_planner_msgs/srv/detail/gripper_change__builder.hpp
[5.156s] -- Up-to-date: /home/autopilot/ws/restackcell/ws_moveit2/install/robo_planner_msgs/include/robo_planner_msgs/robo_planner_msgs/srv/detail/open_door__struct.hpp
[5.156s] -- Up-to-date: /home/autopilot/ws/restackcell/ws_moveit2/install/robo_planner_msgs/include/robo_planner_msgs/robo_planner_msgs/srv/detail/follow_trajectory__struct.hpp
[5.156s] -- Up-to-date: /home/autopilot/ws/restackcell/ws_moveit2/install/robo_planner_msgs/include/robo_planner_msgs/robo_planner_msgs/srv/detail/place__struct.hpp
[5.157s] -- Up-to-date: /home/autopilot/ws/restackcell/ws_moveit2/install/robo_planner_msgs/include/robo_planner_msgs/robo_planner_msgs/srv/detail/pick_and_place__struct.hpp
[5.157s] -- Up-to-date: /home/autopilot/ws/restackcell/ws_moveit2/install/robo_planner_msgs/include/robo_planner_msgs/robo_planner_msgs/srv/detail/gripper_change_pick__builder.hpp
[5.157s] -- Up-to-date: /home/autopilot/ws/restackcell/ws_moveit2/install/robo_planner_msgs/include/robo_planner_msgs/robo_planner_msgs/srv/detail/gripper_change_place__traits.hpp
[5.157s] -- Up-to-date: /home/autopilot/ws/restackcell/ws_moveit2/install/robo_planner_msgs/include/robo_planner_msgs/robo_planner_msgs/srv/detail/place__builder.hpp
[5.157s] -- Up-to-date: /home/autopilot/ws/restackcell/ws_moveit2/install/robo_planner_msgs/include/robo_planner_msgs/robo_planner_msgs/srv/detail/gripper_change__traits.hpp
[5.157s] -- Up-to-date: /home/autopilot/ws/restackcell/ws_moveit2/install/robo_planner_msgs/include/robo_planner_msgs/robo_planner_msgs/srv/detail/set_robot_value_velocity__builder.hpp
[5.157s] -- Up-to-date: /home/autopilot/ws/restackcell/ws_moveit2/install/robo_planner_msgs/include/robo_planner_msgs/robo_planner_msgs/srv/detail/move_to_pose__traits.hpp
[5.158s] -- Up-to-date: /home/autopilot/ws/restackcell/ws_moveit2/install/robo_planner_msgs/include/robo_planner_msgs/robo_planner_msgs/srv/detail/gripper_change_place__struct.hpp
[5.158s] -- Up-to-date: /home/autopilot/ws/restackcell/ws_moveit2/install/robo_planner_msgs/include/robo_planner_msgs/robo_planner_msgs/srv/detail/pick_and_place__traits.hpp
[5.158s] -- Up-to-date: /home/autopilot/ws/restackcell/ws_moveit2/install/robo_planner_msgs/include/robo_planner_msgs/robo_planner_msgs/srv/detail/set_robot_value_velocity__struct.hpp
[5.158s] -- Up-to-date: /home/autopilot/ws/restackcell/ws_moveit2/install/robo_planner_msgs/include/robo_planner_msgs/robo_planner_msgs/srv/detail/pick__builder.hpp
[5.158s] -- Up-to-date: /home/autopilot/ws/restackcell/ws_moveit2/install/robo_planner_msgs/include/robo_planner_msgs/robo_planner_msgs/srv/detail/place__traits.hpp
[5.158s] -- Up-to-date: /home/autopilot/ws/restackcell/ws_moveit2/install/robo_planner_msgs/include/robo_planner_msgs/robo_planner_msgs/srv/detail/gripper_close__struct.hpp
[5.158s] -- Up-to-date: /home/autopilot/ws/restackcell/ws_moveit2/install/robo_planner_msgs/include/robo_planner_msgs/robo_planner_msgs/srv/detail/gripper_open__builder.hpp
[5.159s] -- Up-to-date: /home/autopilot/ws/restackcell/ws_moveit2/install/robo_planner_msgs/include/robo_planner_msgs/robo_planner_msgs/srv/detail/open_door__traits.hpp
[5.159s] -- Up-to-date: /home/autopilot/ws/restackcell/ws_moveit2/install/robo_planner_msgs/include/robo_planner_msgs/robo_planner_msgs/srv/detail/move_to_pose__builder.hpp
[5.159s] -- Up-to-date: /home/autopilot/ws/restackcell/ws_moveit2/install/robo_planner_msgs/include/robo_planner_msgs/robo_planner_msgs/srv/detail/gripper_change_place__builder.hpp
[5.159s] -- Up-to-date: /home/autopilot/ws/restackcell/ws_moveit2/install/robo_planner_msgs/include/robo_planner_msgs/robo_planner_msgs/srv/detail/pick__struct.hpp
[5.161s] -- Up-to-date: /home/autopilot/ws/restackcell/ws_moveit2/install/robo_planner_msgs/include/robo_planner_msgs/robo_planner_msgs/srv/detail/gripper_close__traits.hpp
[5.161s] -- Up-to-date: /home/autopilot/ws/restackcell/ws_moveit2/install/robo_planner_msgs/include/robo_planner_msgs/robo_planner_msgs/srv/detail/follow_trajectory__builder.hpp
[5.161s] -- Up-to-date: /home/autopilot/ws/restackcell/ws_moveit2/install/robo_planner_msgs/include/robo_planner_msgs/robo_planner_msgs/srv/gripper_change.hpp
[5.161s] -- Up-to-date: /home/autopilot/ws/restackcell/ws_moveit2/install/robo_planner_msgs/include/robo_planner_msgs/robo_planner_msgs/srv/pick_and_place.hpp
[5.162s] -- Up-to-date: /home/autopilot/ws/restackcell/ws_moveit2/install/robo_planner_msgs/include/robo_planner_msgs/robo_planner_msgs/srv/place.hpp
[5.162s] -- Up-to-date: /home/autopilot/ws/restackcell/ws_moveit2/install/robo_planner_msgs/include/robo_planner_msgs/robo_planner_msgs/srv/move_to_pose.hpp
[5.162s] -- Up-to-date: /home/autopilot/ws/restackcell/ws_moveit2/install/robo_planner_msgs/include/robo_planner_msgs/robo_planner_msgs/srv/gripper_close.hpp
[5.162s] -- Up-to-date: /home/autopilot/ws/restackcell/ws_moveit2/install/robo_planner_msgs/include/robo_planner_msgs/robo_planner_msgs
[5.162s] -- Up-to-date: /home/autopilot/ws/restackcell/ws_moveit2/install/robo_planner_msgs/include/robo_planner_msgs/robo_planner_msgs/msg
[5.162s] -- Up-to-date: /home/autopilot/ws/restackcell/ws_moveit2/install/robo_planner_msgs/include/robo_planner_msgs/robo_planner_msgs/msg/rosidl_typesupport_fastrtps_cpp__visibility_control.h
[5.163s] -- Up-to-date: /home/autopilot/ws/restackcell/ws_moveit2/install/robo_planner_msgs/include/robo_planner_msgs/robo_planner_msgs/msg/detail
[5.163s] -- Up-to-date: /home/autopilot/ws/restackcell/ws_moveit2/install/robo_planner_msgs/include/robo_planner_msgs/robo_planner_msgs/msg/detail/labeled_point_clouds__rosidl_typesupport_fastrtps_cpp.hpp
[5.163s] -- Up-to-date: /home/autopilot/ws/restackcell/ws_moveit2/install/robo_planner_msgs/include/robo_planner_msgs/robo_planner_msgs/msg/detail/scene_object_remove__rosidl_typesupport_fastrtps_cpp.hpp
[5.164s] -- Up-to-date: /home/autopilot/ws/restackcell/ws_moveit2/install/robo_planner_msgs/include/robo_planner_msgs/robo_planner_msgs/msg/detail/labeled_point_cloud__rosidl_typesupport_fastrtps_cpp.hpp
[5.164s] -- Up-to-date: /home/autopilot/ws/restackcell/ws_moveit2/install/robo_planner_msgs/include/robo_planner_msgs/robo_planner_msgs/msg/detail/scene_object_set_pose__rosidl_typesupport_fastrtps_cpp.hpp
[5.164s] -- Up-to-date: /home/autopilot/ws/restackcell/ws_moveit2/install/robo_planner_msgs/include/robo_planner_msgs/robo_planner_msgs/msg/detail/dds_fastrtps
[5.164s] -- Up-to-date: /home/autopilot/ws/restackcell/ws_moveit2/install/robo_planner_msgs/include/robo_planner_msgs/robo_planner_msgs/msg/detail/scene_object_add__rosidl_typesupport_fastrtps_cpp.hpp
[5.164s] -- Up-to-date: /home/autopilot/ws/restackcell/ws_moveit2/install/robo_planner_msgs/include/robo_planner_msgs/robo_planner_msgs/srv
[5.164s] -- Up-to-date: /home/autopilot/ws/restackcell/ws_moveit2/install/robo_planner_msgs/include/robo_planner_msgs/robo_planner_msgs/srv/detail
[5.165s] -- Up-to-date: /home/autopilot/ws/restackcell/ws_moveit2/install/robo_planner_msgs/include/robo_planner_msgs/robo_planner_msgs/srv/detail/gripper_change__rosidl_typesupport_fastrtps_cpp.hpp
[5.165s] -- Up-to-date: /home/autopilot/ws/restackcell/ws_moveit2/install/robo_planner_msgs/include/robo_planner_msgs/robo_planner_msgs/srv/detail/pick_and_place__rosidl_typesupport_fastrtps_cpp.hpp
[5.165s] -- Up-to-date: /home/autopilot/ws/restackcell/ws_moveit2/install/robo_planner_msgs/include/robo_planner_msgs/robo_planner_msgs/srv/detail/place__rosidl_typesupport_fastrtps_cpp.hpp
[5.165s] -- Up-to-date: /home/autopilot/ws/restackcell/ws_moveit2/install/robo_planner_msgs/include/robo_planner_msgs/robo_planner_msgs/srv/detail/move_to_pose__rosidl_typesupport_fastrtps_cpp.hpp
[5.165s] -- Up-to-date: /home/autopilot/ws/restackcell/ws_moveit2/install/robo_planner_msgs/include/robo_planner_msgs/robo_planner_msgs/srv/detail/set_robot_value_velocity__rosidl_typesupport_fastrtps_cpp.hpp
[5.165s] -- Up-to-date: /home/autopilot/ws/restackcell/ws_moveit2/install/robo_planner_msgs/include/robo_planner_msgs/robo_planner_msgs/srv/detail/follow_trajectory__rosidl_typesupport_fastrtps_cpp.hpp
[5.165s] -- Up-to-date: /home/autopilot/ws/restackcell/ws_moveit2/install/robo_planner_msgs/include/robo_planner_msgs/robo_planner_msgs/srv/detail/gripper_close__rosidl_typesupport_fastrtps_cpp.hpp
[5.166s] -- Up-to-date: /home/autopilot/ws/restackcell/ws_moveit2/install/robo_planner_msgs/include/robo_planner_msgs/robo_planner_msgs/srv/detail/gripper_change_pick__rosidl_typesupport_fastrtps_cpp.hpp
[5.166s] -- Up-to-date: /home/autopilot/ws/restackcell/ws_moveit2/install/robo_planner_msgs/include/robo_planner_msgs/robo_planner_msgs/srv/detail/dds_fastrtps
[5.166s] -- Up-to-date: /home/autopilot/ws/restackcell/ws_moveit2/install/robo_planner_msgs/include/robo_planner_msgs/robo_planner_msgs/srv/detail/open_door__rosidl_typesupport_fastrtps_cpp.hpp
[5.166s] -- Up-to-date: /home/autopilot/ws/restackcell/ws_moveit2/install/robo_planner_msgs/include/robo_planner_msgs/robo_planner_msgs/srv/detail/pick__rosidl_typesupport_fastrtps_cpp.hpp
[5.166s] -- Up-to-date: /home/autopilot/ws/restackcell/ws_moveit2/install/robo_planner_msgs/include/robo_planner_msgs/robo_planner_msgs/srv/detail/gripper_change_place__rosidl_typesupport_fastrtps_cpp.hpp
[5.166s] -- Up-to-date: /home/autopilot/ws/restackcell/ws_moveit2/install/robo_planner_msgs/include/robo_planner_msgs/robo_planner_msgs/srv/detail/gripper_open__rosidl_typesupport_fastrtps_cpp.hpp
[5.166s] -- Up-to-date: /home/autopilot/ws/restackcell/ws_moveit2/install/robo_planner_msgs/lib/librobo_planner_msgs__rosidl_typesupport_fastrtps_cpp.so
[5.167s] -- Up-to-date: /home/autopilot/ws/restackcell/ws_moveit2/install/robo_planner_msgs/include/robo_planner_msgs/robo_planner_msgs
[5.167s] -- Up-to-date: /home/autopilot/ws/restackcell/ws_moveit2/install/robo_planner_msgs/include/robo_planner_msgs/robo_planner_msgs/msg
[5.167s] -- Up-to-date: /home/autopilot/ws/restackcell/ws_moveit2/install/robo_planner_msgs/include/robo_planner_msgs/robo_planner_msgs/msg/detail
[5.167s] -- Up-to-date: /home/autopilot/ws/restackcell/ws_moveit2/install/robo_planner_msgs/include/robo_planner_msgs/robo_planner_msgs/msg/detail/labeled_point_cloud__type_support.cpp
[5.169s] -- Up-to-date: /home/autopilot/ws/restackcell/ws_moveit2/install/robo_planner_msgs/include/robo_planner_msgs/robo_planner_msgs/msg/detail/labeled_point_clouds__rosidl_typesupport_introspection_cpp.hpp
[5.169s] -- Up-to-date: /home/autopilot/ws/restackcell/ws_moveit2/install/robo_planner_msgs/include/robo_planner_msgs/robo_planner_msgs/msg/detail/scene_object_add__type_support.cpp
[5.169s] -- Up-to-date: /home/autopilot/ws/restackcell/ws_moveit2/install/robo_planner_msgs/include/robo_planner_msgs/robo_planner_msgs/msg/detail/labeled_point_cloud__rosidl_typesupport_introspection_cpp.hpp
[5.169s] -- Up-to-date: /home/autopilot/ws/restackcell/ws_moveit2/install/robo_planner_msgs/include/robo_planner_msgs/robo_planner_msgs/msg/detail/scene_object_add__rosidl_typesupport_introspection_cpp.hpp
[5.170s] -- Up-to-date: /home/autopilot/ws/restackcell/ws_moveit2/install/robo_planner_msgs/include/robo_planner_msgs/robo_planner_msgs/msg/detail/scene_object_set_pose__rosidl_typesupport_introspection_cpp.hpp
[5.170s] -- Up-to-date: /home/autopilot/ws/restackcell/ws_moveit2/install/robo_planner_msgs/include/robo_planner_msgs/robo_planner_msgs/msg/detail/scene_object_remove__type_support.cpp
[5.170s] -- Up-to-date: /home/autopilot/ws/restackcell/ws_moveit2/install/robo_planner_msgs/include/robo_planner_msgs/robo_planner_msgs/msg/detail/scene_object_remove__rosidl_typesupport_introspection_cpp.hpp
[5.170s] -- Up-to-date: /home/autopilot/ws/restackcell/ws_moveit2/install/robo_planner_msgs/include/robo_planner_msgs/robo_planner_msgs/msg/detail/scene_object_set_pose__type_support.cpp
[5.170s] -- Up-to-date: /home/autopilot/ws/restackcell/ws_moveit2/install/robo_planner_msgs/include/robo_planner_msgs/robo_planner_msgs/msg/detail/labeled_point_clouds__type_support.cpp
[5.170s] -- Up-to-date: /home/autopilot/ws/restackcell/ws_moveit2/install/robo_planner_msgs/include/robo_planner_msgs/robo_planner_msgs/srv
[5.170s] -- Up-to-date: /home/autopilot/ws/restackcell/ws_moveit2/install/robo_planner_msgs/include/robo_planner_msgs/robo_planner_msgs/srv/detail
[5.171s] -- Up-to-date: /home/autopilot/ws/restackcell/ws_moveit2/install/robo_planner_msgs/include/robo_planner_msgs/robo_planner_msgs/srv/detail/open_door__rosidl_typesupport_introspection_cpp.hpp
[5.171s] -- Up-to-date: /home/autopilot/ws/restackcell/ws_moveit2/install/robo_planner_msgs/include/robo_planner_msgs/robo_planner_msgs/srv/detail/gripper_change_place__type_support.cpp
[5.171s] -- Up-to-date: /home/autopilot/ws/restackcell/ws_moveit2/install/robo_planner_msgs/include/robo_planner_msgs/robo_planner_msgs/srv/detail/move_to_pose__type_support.cpp
[5.171s] -- Up-to-date: /home/autopilot/ws/restackcell/ws_moveit2/install/robo_planner_msgs/include/robo_planner_msgs/robo_planner_msgs/srv/detail/gripper_change__type_support.cpp
[5.171s] -- Up-to-date: /home/autopilot/ws/restackcell/ws_moveit2/install/robo_planner_msgs/include/robo_planner_msgs/robo_planner_msgs/srv/detail/pick_and_place__rosidl_typesupport_introspection_cpp.hpp
[5.171s] -- Up-to-date: /home/autopilot/ws/restackcell/ws_moveit2/install/robo_planner_msgs/include/robo_planner_msgs/robo_planner_msgs/srv/detail/gripper_open__type_support.cpp
[5.171s] -- Up-to-date: /home/autopilot/ws/restackcell/ws_moveit2/install/robo_planner_msgs/include/robo_planner_msgs/robo_planner_msgs/srv/detail/place__type_support.cpp
[5.172s] -- Up-to-date: /home/autopilot/ws/restackcell/ws_moveit2/install/robo_planner_msgs/include/robo_planner_msgs/robo_planner_msgs/srv/detail/pick_and_place__type_support.cpp
[5.172s] -- Up-to-date: /home/autopilot/ws/restackcell/ws_moveit2/install/robo_planner_msgs/include/robo_planner_msgs/robo_planner_msgs/srv/detail/gripper_close__rosidl_typesupport_introspection_cpp.hpp
[5.172s] -- Up-to-date: /home/autopilot/ws/restackcell/ws_moveit2/install/robo_planner_msgs/include/robo_planner_msgs/robo_planner_msgs/srv/detail/open_door__type_support.cpp
[5.172s] -- Up-to-date: /home/autopilot/ws/restackcell/ws_moveit2/install/robo_planner_msgs/include/robo_planner_msgs/robo_planner_msgs/srv/detail/move_to_pose__rosidl_typesupport_introspection_cpp.hpp
[5.172s] -- Up-to-date: /home/autopilot/ws/restackcell/ws_moveit2/install/robo_planner_msgs/include/robo_planner_msgs/robo_planner_msgs/srv/detail/pick__type_support.cpp
[5.172s] -- Up-to-date: /home/autopilot/ws/restackcell/ws_moveit2/install/robo_planner_msgs/include/robo_planner_msgs/robo_planner_msgs/srv/detail/follow_trajectory__type_support.cpp
[5.172s] -- Up-to-date: /home/autopilot/ws/restackcell/ws_moveit2/install/robo_planner_msgs/include/robo_planner_msgs/robo_planner_msgs/srv/detail/set_robot_value_velocity__rosidl_typesupport_introspection_cpp.hpp
[5.173s] -- Up-to-date: /home/autopilot/ws/restackcell/ws_moveit2/install/robo_planner_msgs/include/robo_planner_msgs/robo_planner_msgs/srv/detail/gripper_close__type_support.cpp
[5.173s] -- Up-to-date: /home/autopilot/ws/restackcell/ws_moveit2/install/robo_planner_msgs/include/robo_planner_msgs/robo_planner_msgs/srv/detail/gripper_open__rosidl_typesupport_introspection_cpp.hpp
[5.173s] -- Up-to-date: /home/autopilot/ws/restackcell/ws_moveit2/install/robo_planner_msgs/include/robo_planner_msgs/robo_planner_msgs/srv/detail/pick__rosidl_typesupport_introspection_cpp.hpp
[5.173s] -- Up-to-date: /home/autopilot/ws/restackcell/ws_moveit2/install/robo_planner_msgs/include/robo_planner_msgs/robo_planner_msgs/srv/detail/gripper_change_place__rosidl_typesupport_introspection_cpp.hpp
[5.173s] -- Up-to-date: /home/autopilot/ws/restackcell/ws_moveit2/install/robo_planner_msgs/include/robo_planner_msgs/robo_planner_msgs/srv/detail/set_robot_value_velocity__type_support.cpp
[5.174s] -- Up-to-date: /home/autopilot/ws/restackcell/ws_moveit2/install/robo_planner_msgs/include/robo_planner_msgs/robo_planner_msgs/srv/detail/place__rosidl_typesupport_introspection_cpp.hpp
[5.174s] -- Up-to-date: /home/autopilot/ws/restackcell/ws_moveit2/install/robo_planner_msgs/include/robo_planner_msgs/robo_planner_msgs/srv/detail/gripper_change_pick__type_support.cpp
[5.174s] -- Up-to-date: /home/autopilot/ws/restackcell/ws_moveit2/install/robo_planner_msgs/include/robo_planner_msgs/robo_planner_msgs/srv/detail/follow_trajectory__rosidl_typesupport_introspection_cpp.hpp
[5.174s] -- Up-to-date: /home/autopilot/ws/restackcell/ws_moveit2/install/robo_planner_msgs/include/robo_planner_msgs/robo_planner_msgs/srv/detail/gripper_change__rosidl_typesupport_introspection_cpp.hpp
[5.174s] -- Up-to-date: /home/autopilot/ws/restackcell/ws_moveit2/install/robo_planner_msgs/include/robo_planner_msgs/robo_planner_msgs/srv/detail/gripper_change_pick__rosidl_typesupport_introspection_cpp.hpp
[5.174s] -- Up-to-date: /home/autopilot/ws/restackcell/ws_moveit2/install/robo_planner_msgs/lib/librobo_planner_msgs__rosidl_typesupport_introspection_cpp.so
[5.174s] -- Up-to-date: /home/autopilot/ws/restackcell/ws_moveit2/install/robo_planner_msgs/lib/librobo_planner_msgs__rosidl_typesupport_cpp.so
[5.175s] -- Up-to-date: /home/autopilot/ws/restackcell/ws_moveit2/install/robo_planner_msgs/share/robo_planner_msgs/environment/pythonpath.sh
[5.175s] -- Up-to-date: /home/autopilot/ws/restackcell/ws_moveit2/install/robo_planner_msgs/share/robo_planner_msgs/environment/pythonpath.dsv
[5.175s] -- Up-to-date: /home/autopilot/ws/restackcell/ws_moveit2/install/robo_planner_msgs/local/lib/python3.10/dist-packages/robo_planner_msgs-0.0.0-py3.10.egg-info
[5.175s] -- Installing: /home/autopilot/ws/restackcell/ws_moveit2/install/robo_planner_msgs/local/lib/python3.10/dist-packages/robo_planner_msgs-0.0.0-py3.10.egg-info/SOURCES.txt
[5.175s] -- Installing: /home/autopilot/ws/restackcell/ws_moveit2/install/robo_planner_msgs/local/lib/python3.10/dist-packages/robo_planner_msgs-0.0.0-py3.10.egg-info/PKG-INFO
[5.178s] -- Installing: /home/autopilot/ws/restackcell/ws_moveit2/install/robo_planner_msgs/local/lib/python3.10/dist-packages/robo_planner_msgs-0.0.0-py3.10.egg-info/top_level.txt
[5.178s] -- Installing: /home/autopilot/ws/restackcell/ws_moveit2/install/robo_planner_msgs/local/lib/python3.10/dist-packages/robo_planner_msgs-0.0.0-py3.10.egg-info/dependency_links.txt
[5.178s] -- Up-to-date: /home/autopilot/ws/restackcell/ws_moveit2/install/robo_planner_msgs/local/lib/python3.10/dist-packages/robo_planner_msgs
[5.178s] -- Up-to-date: /home/autopilot/ws/restackcell/ws_moveit2/install/robo_planner_msgs/local/lib/python3.10/dist-packages/robo_planner_msgs/_robo_planner_msgs_s.ep.rosidl_typesupport_introspection_c.c
[5.178s] -- Up-to-date: /home/autopilot/ws/restackcell/ws_moveit2/install/robo_planner_msgs/local/lib/python3.10/dist-packages/robo_planner_msgs/__init__.py
[5.179s] -- Up-to-date: /home/autopilot/ws/restackcell/ws_moveit2/install/robo_planner_msgs/local/lib/python3.10/dist-packages/robo_planner_msgs/robo_planner_msgs_s__rosidl_typesupport_c.cpython-310-aarch64-linux-gnu.so
[5.179s] -- Up-to-date: /home/autopilot/ws/restackcell/ws_moveit2/install/robo_planner_msgs/local/lib/python3.10/dist-packages/robo_planner_msgs/msg
[5.179s] -- Up-to-date: /home/autopilot/ws/restackcell/ws_moveit2/install/robo_planner_msgs/local/lib/python3.10/dist-packages/robo_planner_msgs/msg/_labeled_point_clouds_s.c
[5.179s] -- Up-to-date: /home/autopilot/ws/restackcell/ws_moveit2/install/robo_planner_msgs/local/lib/python3.10/dist-packages/robo_planner_msgs/msg/_labeled_point_cloud_s.c
[5.179s] -- Up-to-date: /home/autopilot/ws/restackcell/ws_moveit2/install/robo_planner_msgs/local/lib/python3.10/dist-packages/robo_planner_msgs/msg/_scene_object_add_s.c
[5.180s] -- Up-to-date: /home/autopilot/ws/restackcell/ws_moveit2/install/robo_planner_msgs/local/lib/python3.10/dist-packages/robo_planner_msgs/msg/__init__.py
[5.180s] -- Up-to-date: /home/autopilot/ws/restackcell/ws_moveit2/install/robo_planner_msgs/local/lib/python3.10/dist-packages/robo_planner_msgs/msg/_scene_object_add.py
[5.180s] -- Up-to-date: /home/autopilot/ws/restackcell/ws_moveit2/install/robo_planner_msgs/local/lib/python3.10/dist-packages/robo_planner_msgs/msg/_labeled_point_clouds.py
[5.180s] -- Up-to-date: /home/autopilot/ws/restackcell/ws_moveit2/install/robo_planner_msgs/local/lib/python3.10/dist-packages/robo_planner_msgs/msg/_scene_object_set_pose.py
[5.180s] -- Up-to-date: /home/autopilot/ws/restackcell/ws_moveit2/install/robo_planner_msgs/local/lib/python3.10/dist-packages/robo_planner_msgs/msg/_scene_object_remove.py
[5.180s] -- Up-to-date: /home/autopilot/ws/restackcell/ws_moveit2/install/robo_planner_msgs/local/lib/python3.10/dist-packages/robo_planner_msgs/msg/_scene_object_set_pose_s.c
[5.180s] -- Up-to-date: /home/autopilot/ws/restackcell/ws_moveit2/install/robo_planner_msgs/local/lib/python3.10/dist-packages/robo_planner_msgs/msg/_labeled_point_cloud.py
[5.181s] -- Up-to-date: /home/autopilot/ws/restackcell/ws_moveit2/install/robo_planner_msgs/local/lib/python3.10/dist-packages/robo_planner_msgs/msg/_scene_object_remove_s.c
[5.181s] -- Up-to-date: /home/autopilot/ws/restackcell/ws_moveit2/install/robo_planner_msgs/local/lib/python3.10/dist-packages/robo_planner_msgs/robo_planner_msgs_s__rosidl_typesupport_introspection_c.cpython-310-aarch64-linux-gnu.so
[5.181s] -- Up-to-date: /home/autopilot/ws/restackcell/ws_moveit2/install/robo_planner_msgs/local/lib/python3.10/dist-packages/robo_planner_msgs/_robo_planner_msgs_s.ep.rosidl_typesupport_c.c
[5.181s] -- Up-to-date: /home/autopilot/ws/restackcell/ws_moveit2/install/robo_planner_msgs/local/lib/python3.10/dist-packages/robo_planner_msgs/librobo_planner_msgs__rosidl_generator_py.so
[5.181s] -- Up-to-date: /home/autopilot/ws/restackcell/ws_moveit2/install/robo_planner_msgs/local/lib/python3.10/dist-packages/robo_planner_msgs/_robo_planner_msgs_s.ep.rosidl_typesupport_fastrtps_c.c
[5.181s] -- Up-to-date: /home/autopilot/ws/restackcell/ws_moveit2/install/robo_planner_msgs/local/lib/python3.10/dist-packages/robo_planner_msgs/robo_planner_msgs_s__rosidl_typesupport_fastrtps_c.cpython-310-aarch64-linux-gnu.so
[5.181s] -- Up-to-date: /home/autopilot/ws/restackcell/ws_moveit2/install/robo_planner_msgs/local/lib/python3.10/dist-packages/robo_planner_msgs/srv
[5.182s] -- Up-to-date: /home/autopilot/ws/restackcell/ws_moveit2/install/robo_planner_msgs/local/lib/python3.10/dist-packages/robo_planner_msgs/srv/_set_robot_value_velocity_s.c
[5.182s] -- Up-to-date: /home/autopilot/ws/restackcell/ws_moveit2/install/robo_planner_msgs/local/lib/python3.10/dist-packages/robo_planner_msgs/srv/_move_to_pose_s.c
[5.182s] -- Up-to-date: /home/autopilot/ws/restackcell/ws_moveit2/install/robo_planner_msgs/local/lib/python3.10/dist-packages/robo_planner_msgs/srv/_pick_s.c
[5.182s] -- Up-to-date: /home/autopilot/ws/restackcell/ws_moveit2/install/robo_planner_msgs/local/lib/python3.10/dist-packages/robo_planner_msgs/srv/_place.py
[5.182s] -- Up-to-date: /home/autopilot/ws/restackcell/ws_moveit2/install/robo_planner_msgs/local/lib/python3.10/dist-packages/robo_planner_msgs/srv/_gripper_change.py
[5.182s] -- Up-to-date: /home/autopilot/ws/restackcell/ws_moveit2/install/robo_planner_msgs/local/lib/python3.10/dist-packages/robo_planner_msgs/srv/_gripper_close.py
[5.183s] -- Up-to-date: /home/autopilot/ws/restackcell/ws_moveit2/install/robo_planner_msgs/local/lib/python3.10/dist-packages/robo_planner_msgs/srv/__init__.py
[5.183s] -- Up-to-date: /home/autopilot/ws/restackcell/ws_moveit2/install/robo_planner_msgs/local/lib/python3.10/dist-packages/robo_planner_msgs/srv/_gripper_change_pick.py
[5.183s] -- Up-to-date: /home/autopilot/ws/restackcell/ws_moveit2/install/robo_planner_msgs/local/lib/python3.10/dist-packages/robo_planner_msgs/srv/_pick_and_place.py
[5.183s] -- Up-to-date: /home/autopilot/ws/restackcell/ws_moveit2/install/robo_planner_msgs/local/lib/python3.10/dist-packages/robo_planner_msgs/srv/_gripper_change_s.c
[5.183s] -- Up-to-date: /home/autopilot/ws/restackcell/ws_moveit2/install/robo_planner_msgs/local/lib/python3.10/dist-packages/robo_planner_msgs/srv/_open_door.py
[5.183s] -- Up-to-date: /home/autopilot/ws/restackcell/ws_moveit2/install/robo_planner_msgs/local/lib/python3.10/dist-packages/robo_planner_msgs/srv/_follow_trajectory_s.c
[5.183s] -- Up-to-date: /home/autopilot/ws/restackcell/ws_moveit2/install/robo_planner_msgs/local/lib/python3.10/dist-packages/robo_planner_msgs/srv/_pick.py
[5.184s] -- Up-to-date: /home/autopilot/ws/restackcell/ws_moveit2/install/robo_planner_msgs/local/lib/python3.10/dist-packages/robo_planner_msgs/srv/_open_door_s.c
[5.184s] -- Up-to-date: /home/autopilot/ws/restackcell/ws_moveit2/install/robo_planner_msgs/local/lib/python3.10/dist-packages/robo_planner_msgs/srv/_gripper_change_place.py
[5.184s] -- Up-to-date: /home/autopilot/ws/restackcell/ws_moveit2/install/robo_planner_msgs/local/lib/python3.10/dist-packages/robo_planner_msgs/srv/_follow_trajectory.py
[5.184s] -- Up-to-date: /home/autopilot/ws/restackcell/ws_moveit2/install/robo_planner_msgs/local/lib/python3.10/dist-packages/robo_planner_msgs/srv/_gripper_change_place_s.c
[5.184s] -- Up-to-date: /home/autopilot/ws/restackcell/ws_moveit2/install/robo_planner_msgs/local/lib/python3.10/dist-packages/robo_planner_msgs/srv/_pick_and_place_s.c
[5.184s] -- Up-to-date: /home/autopilot/ws/restackcell/ws_moveit2/install/robo_planner_msgs/local/lib/python3.10/dist-packages/robo_planner_msgs/srv/_gripper_change_pick_s.c
[5.184s] -- Up-to-date: /home/autopilot/ws/restackcell/ws_moveit2/install/robo_planner_msgs/local/lib/python3.10/dist-packages/robo_planner_msgs/srv/_gripper_open.py
[5.185s] -- Up-to-date: /home/autopilot/ws/restackcell/ws_moveit2/install/robo_planner_msgs/local/lib/python3.10/dist-packages/robo_planner_msgs/srv/_gripper_close_s.c
[5.185s] -- Up-to-date: /home/autopilot/ws/restackcell/ws_moveit2/install/robo_planner_msgs/local/lib/python3.10/dist-packages/robo_planner_msgs/srv/_move_to_pose.py
[5.185s] -- Up-to-date: /home/autopilot/ws/restackcell/ws_moveit2/install/robo_planner_msgs/local/lib/python3.10/dist-packages/robo_planner_msgs/srv/_gripper_open_s.c
[5.185s] -- Up-to-date: /home/autopilot/ws/restackcell/ws_moveit2/install/robo_planner_msgs/local/lib/python3.10/dist-packages/robo_planner_msgs/srv/_place_s.c
[5.185s] -- Up-to-date: /home/autopilot/ws/restackcell/ws_moveit2/install/robo_planner_msgs/local/lib/python3.10/dist-packages/robo_planner_msgs/srv/_set_robot_value_velocity.py
[5.243s] Listing '/home/autopilot/ws/restackcell/ws_moveit2/install/robo_planner_msgs/local/lib/python3.10/dist-packages/robo_planner_msgs'...
[5.243s] Listing '/home/autopilot/ws/restackcell/ws_moveit2/install/robo_planner_msgs/local/lib/python3.10/dist-packages/robo_planner_msgs/msg'...
[5.243s] Listing '/home/autopilot/ws/restackcell/ws_moveit2/install/robo_planner_msgs/local/lib/python3.10/dist-packages/robo_planner_msgs/srv'...
[5.254s] -- Up-to-date: /home/autopilot/ws/restackcell/ws_moveit2/install/robo_planner_msgs/local/lib/python3.10/dist-packages/robo_planner_msgs/robo_planner_msgs_s__rosidl_typesupport_fastrtps_c.cpython-310-aarch64-linux-gnu.so
[5.255s] -- Up-to-date: /home/autopilot/ws/restackcell/ws_moveit2/install/robo_planner_msgs/local/lib/python3.10/dist-packages/robo_planner_msgs/robo_planner_msgs_s__rosidl_typesupport_introspection_c.cpython-310-aarch64-linux-gnu.so
[5.256s] -- Up-to-date: /home/autopilot/ws/restackcell/ws_moveit2/install/robo_planner_msgs/local/lib/python3.10/dist-packages/robo_planner_msgs/robo_planner_msgs_s__rosidl_typesupport_c.cpython-310-aarch64-linux-gnu.so
[5.256s] -- Up-to-date: /home/autopilot/ws/restackcell/ws_moveit2/install/robo_planner_msgs/lib/librobo_planner_msgs__rosidl_generator_py.so
[5.257s] -- Up-to-date: /home/autopilot/ws/restackcell/ws_moveit2/install/robo_planner_msgs/share/robo_planner_msgs/srv/FollowTrajectory.idl
[5.257s] -- Up-to-date: /home/autopilot/ws/restackcell/ws_moveit2/install/robo_planner_msgs/share/robo_planner_msgs/srv/GripperClose.idl
[5.257s] -- Up-to-date: /home/autopilot/ws/restackcell/ws_moveit2/install/robo_planner_msgs/share/robo_planner_msgs/srv/GripperOpen.idl
[5.257s] -- Up-to-date: /home/autopilot/ws/restackcell/ws_moveit2/install/robo_planner_msgs/share/robo_planner_msgs/srv/MoveToPose.idl
[5.257s] -- Up-to-date: /home/autopilot/ws/restackcell/ws_moveit2/install/robo_planner_msgs/share/robo_planner_msgs/srv/OpenDoor.idl
[5.258s] -- Up-to-date: /home/autopilot/ws/restackcell/ws_moveit2/install/robo_planner_msgs/share/robo_planner_msgs/srv/SetRobotValueVelocity.idl
[5.258s] -- Up-to-date: /home/autopilot/ws/restackcell/ws_moveit2/install/robo_planner_msgs/share/robo_planner_msgs/srv/GripperChange.idl
[5.258s] -- Up-to-date: /home/autopilot/ws/restackcell/ws_moveit2/install/robo_planner_msgs/share/robo_planner_msgs/srv/GripperChangePick.idl
[5.258s] -- Up-to-date: /home/autopilot/ws/restackcell/ws_moveit2/install/robo_planner_msgs/share/robo_planner_msgs/srv/GripperChangePlace.idl
[5.258s] -- Up-to-date: /home/autopilot/ws/restackcell/ws_moveit2/install/robo_planner_msgs/share/robo_planner_msgs/srv/Pick.idl
[5.259s] -- Up-to-date: /home/autopilot/ws/restackcell/ws_moveit2/install/robo_planner_msgs/share/robo_planner_msgs/srv/PickAndPlace.idl
[5.259s] -- Up-to-date: /home/autopilot/ws/restackcell/ws_moveit2/install/robo_planner_msgs/share/robo_planner_msgs/srv/Place.idl
[5.259s] -- Up-to-date: /home/autopilot/ws/restackcell/ws_moveit2/install/robo_planner_msgs/share/robo_planner_msgs/msg/LabeledPointCloud.idl
[5.259s] -- Up-to-date: /home/autopilot/ws/restackcell/ws_moveit2/install/robo_planner_msgs/share/robo_planner_msgs/msg/LabeledPointClouds.idl
[5.259s] -- Up-to-date: /home/autopilot/ws/restackcell/ws_moveit2/install/robo_planner_msgs/share/robo_planner_msgs/msg/SceneObjectRemove.idl
[5.259s] -- Up-to-date: /home/autopilot/ws/restackcell/ws_moveit2/install/robo_planner_msgs/share/robo_planner_msgs/msg/SceneObjectAdd.idl
[5.260s] -- Up-to-date: /home/autopilot/ws/restackcell/ws_moveit2/install/robo_planner_msgs/share/robo_planner_msgs/msg/SceneObjectSetPose.idl
[5.260s] -- Up-to-date: /home/autopilot/ws/restackcell/ws_moveit2/install/robo_planner_msgs/share/robo_planner_msgs/Atomic/FollowTrajectory.srv
[5.260s] -- Up-to-date: /home/autopilot/ws/restackcell/ws_moveit2/install/robo_planner_msgs/share/robo_planner_msgs/Atomic/FollowTrajectory_Request.msg
[5.260s] -- Up-to-date: /home/autopilot/ws/restackcell/ws_moveit2/install/robo_planner_msgs/share/robo_planner_msgs/Atomic/FollowTrajectory_Response.msg
[5.260s] -- Up-to-date: /home/autopilot/ws/restackcell/ws_moveit2/install/robo_planner_msgs/share/robo_planner_msgs/Atomic/GripperClose.srv
[5.260s] -- Up-to-date: /home/autopilot/ws/restackcell/ws_moveit2/install/robo_planner_msgs/share/robo_planner_msgs/Atomic/GripperClose_Request.msg
[5.260s] -- Up-to-date: /home/autopilot/ws/restackcell/ws_moveit2/install/robo_planner_msgs/share/robo_planner_msgs/Atomic/GripperClose_Response.msg
[5.261s] -- Up-to-date: /home/autopilot/ws/restackcell/ws_moveit2/install/robo_planner_msgs/share/robo_planner_msgs/Atomic/GripperOpen.srv
[5.261s] -- Up-to-date: /home/autopilot/ws/restackcell/ws_moveit2/install/robo_planner_msgs/share/robo_planner_msgs/Atomic/GripperOpen_Request.msg
[5.261s] -- Up-to-date: /home/autopilot/ws/restackcell/ws_moveit2/install/robo_planner_msgs/share/robo_planner_msgs/Atomic/GripperOpen_Response.msg
[5.262s] -- Up-to-date: /home/autopilot/ws/restackcell/ws_moveit2/install/robo_planner_msgs/share/robo_planner_msgs/Atomic/MoveToPose.srv
[5.262s] -- Up-to-date: /home/autopilot/ws/restackcell/ws_moveit2/install/robo_planner_msgs/share/robo_planner_msgs/Atomic/MoveToPose_Request.msg
[5.262s] -- Up-to-date: /home/autopilot/ws/restackcell/ws_moveit2/install/robo_planner_msgs/share/robo_planner_msgs/Atomic/MoveToPose_Response.msg
[5.263s] -- Up-to-date: /home/autopilot/ws/restackcell/ws_moveit2/install/robo_planner_msgs/share/robo_planner_msgs/Atomic/OpenDoor.srv
[5.263s] -- Up-to-date: /home/autopilot/ws/restackcell/ws_moveit2/install/robo_planner_msgs/share/robo_planner_msgs/Atomic/OpenDoor_Request.msg
[5.263s] -- Up-to-date: /home/autopilot/ws/restackcell/ws_moveit2/install/robo_planner_msgs/share/robo_planner_msgs/Atomic/OpenDoor_Response.msg
[5.264s] -- Up-to-date: /home/autopilot/ws/restackcell/ws_moveit2/install/robo_planner_msgs/share/robo_planner_msgs/Atomic/SetRobotValueVelocity.srv
[5.264s] -- Up-to-date: /home/autopilot/ws/restackcell/ws_moveit2/install/robo_planner_msgs/share/robo_planner_msgs/Atomic/SetRobotValueVelocity_Request.msg
[5.264s] -- Up-to-date: /home/autopilot/ws/restackcell/ws_moveit2/install/robo_planner_msgs/share/robo_planner_msgs/Atomic/SetRobotValueVelocity_Response.msg
[5.264s] -- Up-to-date: /home/autopilot/ws/restackcell/ws_moveit2/install/robo_planner_msgs/share/robo_planner_msgs/Composed/GripperChange.srv
[5.265s] -- Up-to-date: /home/autopilot/ws/restackcell/ws_moveit2/install/robo_planner_msgs/share/robo_planner_msgs/Composed/GripperChange_Request.msg
[5.265s] -- Up-to-date: /home/autopilot/ws/restackcell/ws_moveit2/install/robo_planner_msgs/share/robo_planner_msgs/Composed/GripperChange_Response.msg
[5.265s] -- Up-to-date: /home/autopilot/ws/restackcell/ws_moveit2/install/robo_planner_msgs/share/robo_planner_msgs/Composed/GripperChangePick.srv
[5.265s] -- Up-to-date: /home/autopilot/ws/restackcell/ws_moveit2/install/robo_planner_msgs/share/robo_planner_msgs/Composed/GripperChangePick_Request.msg
[5.266s] -- Up-to-date: /home/autopilot/ws/restackcell/ws_moveit2/install/robo_planner_msgs/share/robo_planner_msgs/Composed/GripperChangePick_Response.msg
[5.266s] -- Up-to-date: /home/autopilot/ws/restackcell/ws_moveit2/install/robo_planner_msgs/share/robo_planner_msgs/Composed/GripperChangePlace.srv
[5.266s] -- Up-to-date: /home/autopilot/ws/restackcell/ws_moveit2/install/robo_planner_msgs/share/robo_planner_msgs/Composed/GripperChangePlace_Request.msg
[5.266s] -- Up-to-date: /home/autopilot/ws/restackcell/ws_moveit2/install/robo_planner_msgs/share/robo_planner_msgs/Composed/GripperChangePlace_Response.msg
[5.267s] -- Up-to-date: /home/autopilot/ws/restackcell/ws_moveit2/install/robo_planner_msgs/share/robo_planner_msgs/Composed/Pick.srv
[5.267s] -- Up-to-date: /home/autopilot/ws/restackcell/ws_moveit2/install/robo_planner_msgs/share/robo_planner_msgs/Composed/Pick_Request.msg
[5.267s] -- Up-to-date: /home/autopilot/ws/restackcell/ws_moveit2/install/robo_planner_msgs/share/robo_planner_msgs/Composed/Pick_Response.msg
[5.268s] -- Up-to-date: /home/autopilot/ws/restackcell/ws_moveit2/install/robo_planner_msgs/share/robo_planner_msgs/Composed/PickAndPlace.srv
[5.268s] -- Up-to-date: /home/autopilot/ws/restackcell/ws_moveit2/install/robo_planner_msgs/share/robo_planner_msgs/Composed/PickAndPlace_Request.msg
[5.268s] -- Up-to-date: /home/autopilot/ws/restackcell/ws_moveit2/install/robo_planner_msgs/share/robo_planner_msgs/Composed/PickAndPlace_Response.msg
[5.269s] -- Up-to-date: /home/autopilot/ws/restackcell/ws_moveit2/install/robo_planner_msgs/share/robo_planner_msgs/Composed/Place.srv
[5.269s] -- Up-to-date: /home/autopilot/ws/restackcell/ws_moveit2/install/robo_planner_msgs/share/robo_planner_msgs/Composed/Place_Request.msg
[5.270s] -- Up-to-date: /home/autopilot/ws/restackcell/ws_moveit2/install/robo_planner_msgs/share/robo_planner_msgs/Composed/Place_Response.msg
[5.271s] -- Up-to-date: /home/autopilot/ws/restackcell/ws_moveit2/install/robo_planner_msgs/share/robo_planner_msgs/msg/LabeledPointCloud.msg
[5.271s] -- Up-to-date: /home/autopilot/ws/restackcell/ws_moveit2/install/robo_planner_msgs/share/robo_planner_msgs/msg/LabeledPointClouds.msg
[5.272s] -- Up-to-date: /home/autopilot/ws/restackcell/ws_moveit2/install/robo_planner_msgs/share/robo_planner_msgs/msg/SceneObjectRemove.msg
[5.273s] -- Up-to-date: /home/autopilot/ws/restackcell/ws_moveit2/install/robo_planner_msgs/share/robo_planner_msgs/msg/SceneObjectAdd.msg
[5.273s] -- Up-to-date: /home/autopilot/ws/restackcell/ws_moveit2/install/robo_planner_msgs/share/robo_planner_msgs/msg/SceneObjectSetPose.msg
[5.273s] -- Up-to-date: /home/autopilot/ws/restackcell/ws_moveit2/install/robo_planner_msgs/share/ament_index/resource_index/package_run_dependencies/robo_planner_msgs
[5.273s] -- Up-to-date: /home/autopilot/ws/restackcell/ws_moveit2/install/robo_planner_msgs/share/ament_index/resource_index/parent_prefix_path/robo_planner_msgs
[5.273s] -- Up-to-date: /home/autopilot/ws/restackcell/ws_moveit2/install/robo_planner_msgs/share/robo_planner_msgs/environment/ament_prefix_path.sh
[5.273s] -- Up-to-date: /home/autopilot/ws/restackcell/ws_moveit2/install/robo_planner_msgs/share/robo_planner_msgs/environment/ament_prefix_path.dsv
[5.273s] -- Up-to-date: /home/autopilot/ws/restackcell/ws_moveit2/install/robo_planner_msgs/share/robo_planner_msgs/environment/path.sh
[5.274s] -- Up-to-date: /home/autopilot/ws/restackcell/ws_moveit2/install/robo_planner_msgs/share/robo_planner_msgs/environment/path.dsv
[5.274s] -- Up-to-date: /home/autopilot/ws/restackcell/ws_moveit2/install/robo_planner_msgs/share/robo_planner_msgs/local_setup.bash
[5.274s] -- Up-to-date: /home/autopilot/ws/restackcell/ws_moveit2/install/robo_planner_msgs/share/robo_planner_msgs/local_setup.sh
[5.274s] -- Up-to-date: /home/autopilot/ws/restackcell/ws_moveit2/install/robo_planner_msgs/share/robo_planner_msgs/local_setup.zsh
[5.274s] -- Up-to-date: /home/autopilot/ws/restackcell/ws_moveit2/install/robo_planner_msgs/share/robo_planner_msgs/local_setup.dsv
[5.274s] -- Installing: /home/autopilot/ws/restackcell/ws_moveit2/install/robo_planner_msgs/share/robo_planner_msgs/package.dsv
[5.274s] -- Up-to-date: /home/autopilot/ws/restackcell/ws_moveit2/install/robo_planner_msgs/share/ament_index/resource_index/packages/robo_planner_msgs
[5.275s] -- Up-to-date: /home/autopilot/ws/restackcell/ws_moveit2/install/robo_planner_msgs/share/robo_planner_msgs/cmake/export_robo_planner_msgs__rosidl_generator_cExport.cmake
[5.275s] -- Up-to-date: /home/autopilot/ws/restackcell/ws_moveit2/install/robo_planner_msgs/share/robo_planner_msgs/cmake/export_robo_planner_msgs__rosidl_generator_cExport-noconfig.cmake
[5.275s] -- Up-to-date: /home/autopilot/ws/restackcell/ws_moveit2/install/robo_planner_msgs/share/robo_planner_msgs/cmake/export_robo_planner_msgs__rosidl_typesupport_fastrtps_cExport.cmake
[5.275s] -- Up-to-date: /home/autopilot/ws/restackcell/ws_moveit2/install/robo_planner_msgs/share/robo_planner_msgs/cmake/export_robo_planner_msgs__rosidl_typesupport_fastrtps_cExport-noconfig.cmake
[5.275s] -- Up-to-date: /home/autopilot/ws/restackcell/ws_moveit2/install/robo_planner_msgs/share/robo_planner_msgs/cmake/robo_planner_msgs__rosidl_typesupport_introspection_cExport.cmake
[5.278s] -- Up-to-date: /home/autopilot/ws/restackcell/ws_moveit2/install/robo_planner_msgs/share/robo_planner_msgs/cmake/robo_planner_msgs__rosidl_typesupport_introspection_cExport-noconfig.cmake
[5.278s] -- Up-to-date: /home/autopilot/ws/restackcell/ws_moveit2/install/robo_planner_msgs/share/robo_planner_msgs/cmake/robo_planner_msgs__rosidl_typesupport_cExport.cmake
[5.278s] -- Up-to-date: /home/autopilot/ws/restackcell/ws_moveit2/install/robo_planner_msgs/share/robo_planner_msgs/cmake/robo_planner_msgs__rosidl_typesupport_cExport-noconfig.cmake
[5.278s] -- Up-to-date: /home/autopilot/ws/restackcell/ws_moveit2/install/robo_planner_msgs/share/robo_planner_msgs/cmake/export_robo_planner_msgs__rosidl_generator_cppExport.cmake
[5.278s] -- Up-to-date: /home/autopilot/ws/restackcell/ws_moveit2/install/robo_planner_msgs/share/robo_planner_msgs/cmake/export_robo_planner_msgs__rosidl_typesupport_fastrtps_cppExport.cmake
[5.279s] -- Up-to-date: /home/autopilot/ws/restackcell/ws_moveit2/install/robo_planner_msgs/share/robo_planner_msgs/cmake/export_robo_planner_msgs__rosidl_typesupport_fastrtps_cppExport-noconfig.cmake
[5.279s] -- Up-to-date: /home/autopilot/ws/restackcell/ws_moveit2/install/robo_planner_msgs/share/robo_planner_msgs/cmake/robo_planner_msgs__rosidl_typesupport_introspection_cppExport.cmake
[5.279s] -- Up-to-date: /home/autopilot/ws/restackcell/ws_moveit2/install/robo_planner_msgs/share/robo_planner_msgs/cmake/robo_planner_msgs__rosidl_typesupport_introspection_cppExport-noconfig.cmake
[5.279s] -- Up-to-date: /home/autopilot/ws/restackcell/ws_moveit2/install/robo_planner_msgs/share/robo_planner_msgs/cmake/robo_planner_msgs__rosidl_typesupport_cppExport.cmake
[5.279s] -- Up-to-date: /home/autopilot/ws/restackcell/ws_moveit2/install/robo_planner_msgs/share/robo_planner_msgs/cmake/robo_planner_msgs__rosidl_typesupport_cppExport-noconfig.cmake
[5.279s] -- Up-to-date: /home/autopilot/ws/restackcell/ws_moveit2/install/robo_planner_msgs/share/robo_planner_msgs/cmake/export_robo_planner_msgs__rosidl_generator_pyExport.cmake
[5.280s] -- Up-to-date: /home/autopilot/ws/restackcell/ws_moveit2/install/robo_planner_msgs/share/robo_planner_msgs/cmake/export_robo_planner_msgs__rosidl_generator_pyExport-noconfig.cmake
[5.280s] -- Up-to-date: /home/autopilot/ws/restackcell/ws_moveit2/install/robo_planner_msgs/share/robo_planner_msgs/cmake/rosidl_cmake-extras.cmake
[5.280s] -- Up-to-date: /home/autopilot/ws/restackcell/ws_moveit2/install/robo_planner_msgs/share/robo_planner_msgs/cmake/ament_cmake_export_dependencies-extras.cmake
[5.280s] -- Up-to-date: /home/autopilot/ws/restackcell/ws_moveit2/install/robo_planner_msgs/share/robo_planner_msgs/cmake/ament_cmake_export_include_directories-extras.cmake
[5.280s] -- Up-to-date: /home/autopilot/ws/restackcell/ws_moveit2/install/robo_planner_msgs/share/robo_planner_msgs/cmake/ament_cmake_export_libraries-extras.cmake
[5.280s] -- Up-to-date: /home/autopilot/ws/restackcell/ws_moveit2/install/robo_planner_msgs/share/robo_planner_msgs/cmake/ament_cmake_export_targets-extras.cmake
[5.280s] -- Up-to-date: /home/autopilot/ws/restackcell/ws_moveit2/install/robo_planner_msgs/share/robo_planner_msgs/cmake/rosidl_cmake_export_typesupport_targets-extras.cmake
[5.281s] -- Up-to-date: /home/autopilot/ws/restackcell/ws_moveit2/install/robo_planner_msgs/share/robo_planner_msgs/cmake/rosidl_cmake_export_typesupport_libraries-extras.cmake
[5.281s] -- Up-to-date: /home/autopilot/ws/restackcell/ws_moveit2/install/robo_planner_msgs/share/robo_planner_msgs/cmake/robo_planner_msgsConfig.cmake
[5.281s] -- Up-to-date: /home/autopilot/ws/restackcell/ws_moveit2/install/robo_planner_msgs/share/robo_planner_msgs/cmake/robo_planner_msgsConfig-version.cmake
[5.281s] -- Up-to-date: /home/autopilot/ws/restackcell/ws_moveit2/install/robo_planner_msgs/share/robo_planner_msgs/package.xml
[5.281s] Invoked command in '/home/autopilot/ws/restackcell/ws_moveit2/build/robo_planner_msgs' returned '0': /usr/bin/cmake --install /home/autopilot/ws/restackcell/ws_moveit2/build/robo_planner_msgs
