[0.095s] Invoking command in '/home/autopilot/ws/restackcell/build/opcua_interfaces': CMAKE_PREFIX_PATH=/opt/ros/humble /usr/bin/cmake --build /home/autopilot/ws/restackcell/build/opcua_interfaces -- -j4 -l4
[1.277s] [ 10%] Built target opcua_interfaces__rosidl_generator_c
[1.277s] [ 12%] Built target opcua_interfaces__cpp
[1.278s] [ 12%] Built target ament_cmake_python_copy_opcua_interfaces
[1.278s] [ 23%] Built target opcua_interfaces__rosidl_typesupport_c
[1.278s] [ 34%] Built target opcua_interfaces__rosidl_typesupport_introspection_c
[1.278s] [ 44%] Built target opcua_interfaces__rosidl_typesupport_fastrtps_c
[1.278s] [ 55%] Built target opcua_interfaces__rosidl_typesupport_fastrtps_cpp
[1.278s] [ 65%] Built target opcua_interfaces__rosidl_typesupport_introspection_cpp
[1.278s] [ 76%] Built target opcua_interfaces__rosidl_typesupport_cpp
[1.279s] [ 76%] Built target opcua_interfaces
[1.279s] [ 78%] Built target opcua_interfaces__py
[1.279s] [ 87%] Built target opcua_interfaces__rosidl_generator_py
[1.365s] [ 91%] Built target opcua_interfaces__rosidl_typesupport_fastrtps_c__pyext
[1.427s] [ 97%] Built target opcua_interfaces__rosidl_typesupport_introspection_c__pyext
[1.427s] [100%] Built target opcua_interfaces__rosidl_typesupport_c__pyext
[2.954s] running egg_info
[2.963s] writing opcua_interfaces.egg-info/PKG-INFO
[2.965s] writing dependency_links to opcua_interfaces.egg-info/dependency_links.txt
[2.968s] writing top-level names to opcua_interfaces.egg-info/top_level.txt
[2.978s] reading manifest file 'opcua_interfaces.egg-info/SOURCES.txt'
[2.981s] writing manifest file 'opcua_interfaces.egg-info/SOURCES.txt'
[3.226s] [100%] Built target ament_cmake_python_build_opcua_interfaces_egg
[3.327s] Invoked command in '/home/autopilot/ws/restackcell/build/opcua_interfaces' returned '0': CMAKE_PREFIX_PATH=/opt/ros/humble /usr/bin/cmake --build /home/autopilot/ws/restackcell/build/opcua_interfaces -- -j4 -l4
[4.016s] Invoking command in '/home/autopilot/ws/restackcell/build/opcua_interfaces': CMAKE_PREFIX_PATH=/opt/ros/humble /usr/bin/cmake --install /home/autopilot/ws/restackcell/build/opcua_interfaces
[4.055s] -- Install configuration: ""
[4.056s] -- Up-to-date: /home/autopilot/ws/restackcell/install/opcua_interfaces/share/ament_index/resource_index/rosidl_interfaces/opcua_interfaces
[4.056s] -- Up-to-date: /home/autopilot/ws/restackcell/install/opcua_interfaces/include/opcua_interfaces/opcua_interfaces
[4.056s] -- Up-to-date: /home/autopilot/ws/restackcell/install/opcua_interfaces/include/opcua_interfaces/opcua_interfaces/msg
[4.056s] -- Up-to-date: /home/autopilot/ws/restackcell/install/opcua_interfaces/include/opcua_interfaces/opcua_interfaces/msg/actuator_read.h
[4.060s] -- Up-to-date: /home/autopilot/ws/restackcell/install/opcua_interfaces/include/opcua_interfaces/opcua_interfaces/msg/rosidl_generator_c__visibility_control.h
[4.061s] -- Up-to-date: /home/autopilot/ws/restackcell/install/opcua_interfaces/include/opcua_interfaces/opcua_interfaces/msg/detail
[4.064s] -- Up-to-date: /home/autopilot/ws/restackcell/install/opcua_interfaces/include/opcua_interfaces/opcua_interfaces/msg/detail/actuator_read__functions.h
[4.065s] -- Up-to-date: /home/autopilot/ws/restackcell/install/opcua_interfaces/include/opcua_interfaces/opcua_interfaces/msg/detail/actuator_read__type_support.h
[4.067s] -- Up-to-date: /home/autopilot/ws/restackcell/install/opcua_interfaces/include/opcua_interfaces/opcua_interfaces/msg/detail/actuator_read__functions.c
[4.067s] -- Up-to-date: /home/autopilot/ws/restackcell/install/opcua_interfaces/include/opcua_interfaces/opcua_interfaces/msg/detail/actuator_read_request__struct.h
[4.067s] -- Up-to-date: /home/autopilot/ws/restackcell/install/opcua_interfaces/include/opcua_interfaces/opcua_interfaces/msg/detail/actuator_read_request__functions.h
[4.068s] -- Up-to-date: /home/autopilot/ws/restackcell/install/opcua_interfaces/include/opcua_interfaces/opcua_interfaces/msg/detail/actuator_write__functions.h
[4.068s] -- Up-to-date: /home/autopilot/ws/restackcell/install/opcua_interfaces/include/opcua_interfaces/opcua_interfaces/msg/detail/actuator_write__functions.c
[4.068s] -- Up-to-date: /home/autopilot/ws/restackcell/install/opcua_interfaces/include/opcua_interfaces/opcua_interfaces/msg/detail/actuator_write__type_support.h
[4.069s] -- Up-to-date: /home/autopilot/ws/restackcell/install/opcua_interfaces/include/opcua_interfaces/opcua_interfaces/msg/detail/actuator_read_request__functions.c
[4.070s] -- Up-to-date: /home/autopilot/ws/restackcell/install/opcua_interfaces/include/opcua_interfaces/opcua_interfaces/msg/detail/actuator_read_request__type_support.h
[4.070s] -- Up-to-date: /home/autopilot/ws/restackcell/install/opcua_interfaces/include/opcua_interfaces/opcua_interfaces/msg/detail/actuator_read__struct.h
[4.070s] -- Up-to-date: /home/autopilot/ws/restackcell/install/opcua_interfaces/include/opcua_interfaces/opcua_interfaces/msg/detail/actuator_write__struct.h
[4.070s] -- Up-to-date: /home/autopilot/ws/restackcell/install/opcua_interfaces/include/opcua_interfaces/opcua_interfaces/msg/actuator_write.h
[4.071s] -- Up-to-date: /home/autopilot/ws/restackcell/install/opcua_interfaces/include/opcua_interfaces/opcua_interfaces/msg/actuator_read_request.h
[4.071s] -- Up-to-date: /home/autopilot/ws/restackcell/install/opcua_interfaces/share/opcua_interfaces/environment/library_path.sh
[4.072s] -- Up-to-date: /home/autopilot/ws/restackcell/install/opcua_interfaces/share/opcua_interfaces/environment/library_path.dsv
[4.072s] -- Up-to-date: /home/autopilot/ws/restackcell/install/opcua_interfaces/lib/libopcua_interfaces__rosidl_generator_c.so
[4.072s] -- Up-to-date: /home/autopilot/ws/restackcell/install/opcua_interfaces/include/opcua_interfaces/opcua_interfaces
[4.072s] -- Up-to-date: /home/autopilot/ws/restackcell/install/opcua_interfaces/include/opcua_interfaces/opcua_interfaces/msg
[4.072s] -- Up-to-date: /home/autopilot/ws/restackcell/install/opcua_interfaces/include/opcua_interfaces/opcua_interfaces/msg/rosidl_typesupport_fastrtps_c__visibility_control.h
[4.073s] -- Up-to-date: /home/autopilot/ws/restackcell/install/opcua_interfaces/include/opcua_interfaces/opcua_interfaces/msg/detail
[4.073s] -- Up-to-date: /home/autopilot/ws/restackcell/install/opcua_interfaces/include/opcua_interfaces/opcua_interfaces/msg/detail/actuator_read_request__rosidl_typesupport_fastrtps_c.h
[4.073s] -- Up-to-date: /home/autopilot/ws/restackcell/install/opcua_interfaces/include/opcua_interfaces/opcua_interfaces/msg/detail/actuator_read__rosidl_typesupport_fastrtps_c.h
[4.074s] -- Up-to-date: /home/autopilot/ws/restackcell/install/opcua_interfaces/include/opcua_interfaces/opcua_interfaces/msg/detail/actuator_write__rosidl_typesupport_fastrtps_c.h
[4.074s] -- Up-to-date: /home/autopilot/ws/restackcell/install/opcua_interfaces/lib/libopcua_interfaces__rosidl_typesupport_fastrtps_c.so
[4.075s] -- Up-to-date: /home/autopilot/ws/restackcell/install/opcua_interfaces/include/opcua_interfaces/opcua_interfaces
[4.075s] -- Up-to-date: /home/autopilot/ws/restackcell/install/opcua_interfaces/include/opcua_interfaces/opcua_interfaces/msg
[4.075s] -- Up-to-date: /home/autopilot/ws/restackcell/install/opcua_interfaces/include/opcua_interfaces/opcua_interfaces/msg/rosidl_typesupport_introspection_c__visibility_control.h
[4.075s] -- Up-to-date: /home/autopilot/ws/restackcell/install/opcua_interfaces/include/opcua_interfaces/opcua_interfaces/msg/detail
[4.076s] -- Up-to-date: /home/autopilot/ws/restackcell/install/opcua_interfaces/include/opcua_interfaces/opcua_interfaces/msg/detail/actuator_write__type_support.c
[4.076s] -- Up-to-date: /home/autopilot/ws/restackcell/install/opcua_interfaces/include/opcua_interfaces/opcua_interfaces/msg/detail/actuator_read_request__type_support.c
[4.077s] -- Up-to-date: /home/autopilot/ws/restackcell/install/opcua_interfaces/include/opcua_interfaces/opcua_interfaces/msg/detail/actuator_write__rosidl_typesupport_introspection_c.h
[4.077s] -- Up-to-date: /home/autopilot/ws/restackcell/install/opcua_interfaces/include/opcua_interfaces/opcua_interfaces/msg/detail/actuator_read_request__rosidl_typesupport_introspection_c.h
[4.080s] -- Up-to-date: /home/autopilot/ws/restackcell/install/opcua_interfaces/include/opcua_interfaces/opcua_interfaces/msg/detail/actuator_read__rosidl_typesupport_introspection_c.h
[4.080s] -- Up-to-date: /home/autopilot/ws/restackcell/install/opcua_interfaces/include/opcua_interfaces/opcua_interfaces/msg/detail/actuator_read__type_support.c
[4.080s] -- Up-to-date: /home/autopilot/ws/restackcell/install/opcua_interfaces/lib/libopcua_interfaces__rosidl_typesupport_introspection_c.so
[4.081s] -- Up-to-date: /home/autopilot/ws/restackcell/install/opcua_interfaces/lib/libopcua_interfaces__rosidl_typesupport_c.so
[4.081s] -- Up-to-date: /home/autopilot/ws/restackcell/install/opcua_interfaces/include/opcua_interfaces/opcua_interfaces
[4.081s] -- Up-to-date: /home/autopilot/ws/restackcell/install/opcua_interfaces/include/opcua_interfaces/opcua_interfaces/msg
[4.082s] -- Up-to-date: /home/autopilot/ws/restackcell/install/opcua_interfaces/include/opcua_interfaces/opcua_interfaces/msg/actuator_read_request.hpp
[4.083s] -- Up-to-date: /home/autopilot/ws/restackcell/install/opcua_interfaces/include/opcua_interfaces/opcua_interfaces/msg/actuator_read.hpp
[4.084s] -- Up-to-date: /home/autopilot/ws/restackcell/install/opcua_interfaces/include/opcua_interfaces/opcua_interfaces/msg/detail
[4.084s] -- Up-to-date: /home/autopilot/ws/restackcell/install/opcua_interfaces/include/opcua_interfaces/opcua_interfaces/msg/detail/actuator_write__struct.hpp
[4.084s] -- Up-to-date: /home/autopilot/ws/restackcell/install/opcua_interfaces/include/opcua_interfaces/opcua_interfaces/msg/detail/actuator_read_request__traits.hpp
[4.084s] -- Up-to-date: /home/autopilot/ws/restackcell/install/opcua_interfaces/include/opcua_interfaces/opcua_interfaces/msg/detail/actuator_read__traits.hpp
[4.084s] -- Up-to-date: /home/autopilot/ws/restackcell/install/opcua_interfaces/include/opcua_interfaces/opcua_interfaces/msg/detail/actuator_write__builder.hpp
[4.087s] -- Up-to-date: /home/autopilot/ws/restackcell/install/opcua_interfaces/include/opcua_interfaces/opcua_interfaces/msg/detail/actuator_read_request__builder.hpp
[4.087s] -- Up-to-date: /home/autopilot/ws/restackcell/install/opcua_interfaces/include/opcua_interfaces/opcua_interfaces/msg/detail/actuator_read__struct.hpp
[4.087s] -- Up-to-date: /home/autopilot/ws/restackcell/install/opcua_interfaces/include/opcua_interfaces/opcua_interfaces/msg/detail/actuator_read_request__struct.hpp
[4.090s] -- Up-to-date: /home/autopilot/ws/restackcell/install/opcua_interfaces/include/opcua_interfaces/opcua_interfaces/msg/detail/actuator_write__traits.hpp
[4.090s] -- Up-to-date: /home/autopilot/ws/restackcell/install/opcua_interfaces/include/opcua_interfaces/opcua_interfaces/msg/detail/actuator_read__builder.hpp
[4.090s] -- Up-to-date: /home/autopilot/ws/restackcell/install/opcua_interfaces/include/opcua_interfaces/opcua_interfaces/msg/actuator_write.hpp
[4.090s] -- Up-to-date: /home/autopilot/ws/restackcell/install/opcua_interfaces/include/opcua_interfaces/opcua_interfaces
[4.090s] -- Up-to-date: /home/autopilot/ws/restackcell/install/opcua_interfaces/include/opcua_interfaces/opcua_interfaces/msg
[4.091s] -- Up-to-date: /home/autopilot/ws/restackcell/install/opcua_interfaces/include/opcua_interfaces/opcua_interfaces/msg/rosidl_typesupport_fastrtps_cpp__visibility_control.h
[4.091s] -- Up-to-date: /home/autopilot/ws/restackcell/install/opcua_interfaces/include/opcua_interfaces/opcua_interfaces/msg/detail
[4.093s] -- Up-to-date: /home/autopilot/ws/restackcell/install/opcua_interfaces/include/opcua_interfaces/opcua_interfaces/msg/detail/actuator_read_request__rosidl_typesupport_fastrtps_cpp.hpp
[4.094s] -- Up-to-date: /home/autopilot/ws/restackcell/install/opcua_interfaces/include/opcua_interfaces/opcua_interfaces/msg/detail/actuator_read__rosidl_typesupport_fastrtps_cpp.hpp
[4.094s] -- Up-to-date: /home/autopilot/ws/restackcell/install/opcua_interfaces/include/opcua_interfaces/opcua_interfaces/msg/detail/dds_fastrtps
[4.095s] -- Up-to-date: /home/autopilot/ws/restackcell/install/opcua_interfaces/include/opcua_interfaces/opcua_interfaces/msg/detail/actuator_write__rosidl_typesupport_fastrtps_cpp.hpp
[4.098s] -- Up-to-date: /home/autopilot/ws/restackcell/install/opcua_interfaces/lib/libopcua_interfaces__rosidl_typesupport_fastrtps_cpp.so
[4.098s] -- Up-to-date: /home/autopilot/ws/restackcell/install/opcua_interfaces/include/opcua_interfaces/opcua_interfaces
[4.100s] -- Up-to-date: /home/autopilot/ws/restackcell/install/opcua_interfaces/include/opcua_interfaces/opcua_interfaces/msg
[4.100s] -- Up-to-date: /home/autopilot/ws/restackcell/install/opcua_interfaces/include/opcua_interfaces/opcua_interfaces/msg/detail
[4.101s] -- Up-to-date: /home/autopilot/ws/restackcell/install/opcua_interfaces/include/opcua_interfaces/opcua_interfaces/msg/detail/actuator_read__type_support.cpp
[4.101s] -- Up-to-date: /home/autopilot/ws/restackcell/install/opcua_interfaces/include/opcua_interfaces/opcua_interfaces/msg/detail/actuator_read_request__rosidl_typesupport_introspection_cpp.hpp
[4.101s] -- Up-to-date: /home/autopilot/ws/restackcell/install/opcua_interfaces/include/opcua_interfaces/opcua_interfaces/msg/detail/actuator_write__rosidl_typesupport_introspection_cpp.hpp
[4.102s] -- Up-to-date: /home/autopilot/ws/restackcell/install/opcua_interfaces/include/opcua_interfaces/opcua_interfaces/msg/detail/actuator_read_request__type_support.cpp
[4.102s] -- Up-to-date: /home/autopilot/ws/restackcell/install/opcua_interfaces/include/opcua_interfaces/opcua_interfaces/msg/detail/actuator_write__type_support.cpp
[4.102s] -- Up-to-date: /home/autopilot/ws/restackcell/install/opcua_interfaces/include/opcua_interfaces/opcua_interfaces/msg/detail/actuator_read__rosidl_typesupport_introspection_cpp.hpp
[4.104s] -- Up-to-date: /home/autopilot/ws/restackcell/install/opcua_interfaces/lib/libopcua_interfaces__rosidl_typesupport_introspection_cpp.so
[4.104s] -- Up-to-date: /home/autopilot/ws/restackcell/install/opcua_interfaces/lib/libopcua_interfaces__rosidl_typesupport_cpp.so
[4.104s] -- Up-to-date: /home/autopilot/ws/restackcell/install/opcua_interfaces/share/opcua_interfaces/environment/pythonpath.sh
[4.105s] -- Up-to-date: /home/autopilot/ws/restackcell/install/opcua_interfaces/share/opcua_interfaces/environment/pythonpath.dsv
[4.107s] -- Up-to-date: /home/autopilot/ws/restackcell/install/opcua_interfaces/local/lib/python3.10/dist-packages/opcua_interfaces-0.0.0-py3.10.egg-info
[4.113s] -- Installing: /home/autopilot/ws/restackcell/install/opcua_interfaces/local/lib/python3.10/dist-packages/opcua_interfaces-0.0.0-py3.10.egg-info/SOURCES.txt
[4.114s] -- Installing: /home/autopilot/ws/restackcell/install/opcua_interfaces/local/lib/python3.10/dist-packages/opcua_interfaces-0.0.0-py3.10.egg-info/PKG-INFO
[4.114s] -- Installing: /home/autopilot/ws/restackcell/install/opcua_interfaces/local/lib/python3.10/dist-packages/opcua_interfaces-0.0.0-py3.10.egg-info/top_level.txt
[4.114s] -- Installing: /home/autopilot/ws/restackcell/install/opcua_interfaces/local/lib/python3.10/dist-packages/opcua_interfaces-0.0.0-py3.10.egg-info/dependency_links.txt
[4.114s] -- Up-to-date: /home/autopilot/ws/restackcell/install/opcua_interfaces/local/lib/python3.10/dist-packages/opcua_interfaces
[4.127s] -- Up-to-date: /home/autopilot/ws/restackcell/install/opcua_interfaces/local/lib/python3.10/dist-packages/opcua_interfaces/_opcua_interfaces_s.ep.rosidl_typesupport_fastrtps_c.c
[4.130s] -- Up-to-date: /home/autopilot/ws/restackcell/install/opcua_interfaces/local/lib/python3.10/dist-packages/opcua_interfaces/__init__.py
[4.133s] -- Up-to-date: /home/autopilot/ws/restackcell/install/opcua_interfaces/local/lib/python3.10/dist-packages/opcua_interfaces/msg
[4.136s] -- Up-to-date: /home/autopilot/ws/restackcell/install/opcua_interfaces/local/lib/python3.10/dist-packages/opcua_interfaces/msg/_actuator_read_request_s.c
[4.138s] -- Up-to-date: /home/autopilot/ws/restackcell/install/opcua_interfaces/local/lib/python3.10/dist-packages/opcua_interfaces/msg/_actuator_write_s.c
[4.138s] -- Up-to-date: /home/autopilot/ws/restackcell/install/opcua_interfaces/local/lib/python3.10/dist-packages/opcua_interfaces/msg/__init__.py
[4.139s] -- Up-to-date: /home/autopilot/ws/restackcell/install/opcua_interfaces/local/lib/python3.10/dist-packages/opcua_interfaces/msg/_actuator_write.py
[4.139s] -- Up-to-date: /home/autopilot/ws/restackcell/install/opcua_interfaces/local/lib/python3.10/dist-packages/opcua_interfaces/msg/_actuator_read_request.py
[4.140s] -- Up-to-date: /home/autopilot/ws/restackcell/install/opcua_interfaces/local/lib/python3.10/dist-packages/opcua_interfaces/msg/_actuator_read.py
[4.141s] -- Up-to-date: /home/autopilot/ws/restackcell/install/opcua_interfaces/local/lib/python3.10/dist-packages/opcua_interfaces/msg/_actuator_read_s.c
[4.141s] -- Up-to-date: /home/autopilot/ws/restackcell/install/opcua_interfaces/local/lib/python3.10/dist-packages/opcua_interfaces/_opcua_interfaces_s.ep.rosidl_typesupport_introspection_c.c
[4.141s] -- Up-to-date: /home/autopilot/ws/restackcell/install/opcua_interfaces/local/lib/python3.10/dist-packages/opcua_interfaces/_opcua_interfaces_s.ep.rosidl_typesupport_c.c
[4.141s] -- Up-to-date: /home/autopilot/ws/restackcell/install/opcua_interfaces/local/lib/python3.10/dist-packages/opcua_interfaces/opcua_interfaces_s__rosidl_typesupport_introspection_c.cpython-310-aarch64-linux-gnu.so
[4.141s] -- Up-to-date: /home/autopilot/ws/restackcell/install/opcua_interfaces/local/lib/python3.10/dist-packages/opcua_interfaces/opcua_interfaces_s__rosidl_typesupport_c.cpython-310-aarch64-linux-gnu.so
[4.142s] -- Up-to-date: /home/autopilot/ws/restackcell/install/opcua_interfaces/local/lib/python3.10/dist-packages/opcua_interfaces/opcua_interfaces_s__rosidl_typesupport_fastrtps_c.cpython-310-aarch64-linux-gnu.so
[4.142s] -- Up-to-date: /home/autopilot/ws/restackcell/install/opcua_interfaces/local/lib/python3.10/dist-packages/opcua_interfaces/libopcua_interfaces__rosidl_generator_py.so
[4.275s] Listing '/home/autopilot/ws/restackcell/install/opcua_interfaces/local/lib/python3.10/dist-packages/opcua_interfaces'...
[4.275s] Listing '/home/autopilot/ws/restackcell/install/opcua_interfaces/local/lib/python3.10/dist-packages/opcua_interfaces/msg'...
[4.296s] -- Up-to-date: /home/autopilot/ws/restackcell/install/opcua_interfaces/local/lib/python3.10/dist-packages/opcua_interfaces/opcua_interfaces_s__rosidl_typesupport_fastrtps_c.cpython-310-aarch64-linux-gnu.so
[4.297s] -- Up-to-date: /home/autopilot/ws/restackcell/install/opcua_interfaces/local/lib/python3.10/dist-packages/opcua_interfaces/opcua_interfaces_s__rosidl_typesupport_introspection_c.cpython-310-aarch64-linux-gnu.so
[4.298s] -- Up-to-date: /home/autopilot/ws/restackcell/install/opcua_interfaces/local/lib/python3.10/dist-packages/opcua_interfaces/opcua_interfaces_s__rosidl_typesupport_c.cpython-310-aarch64-linux-gnu.so
[4.299s] -- Up-to-date: /home/autopilot/ws/restackcell/install/opcua_interfaces/lib/libopcua_interfaces__rosidl_generator_py.so
[4.300s] -- Up-to-date: /home/autopilot/ws/restackcell/install/opcua_interfaces/share/opcua_interfaces/msg/ActuatorWrite.idl
[4.300s] -- Up-to-date: /home/autopilot/ws/restackcell/install/opcua_interfaces/share/opcua_interfaces/msg/ActuatorRead.idl
[4.302s] -- Up-to-date: /home/autopilot/ws/restackcell/install/opcua_interfaces/share/opcua_interfaces/msg/ActuatorReadRequest.idl
[4.302s] -- Up-to-date: /home/autopilot/ws/restackcell/install/opcua_interfaces/share/opcua_interfaces/msg/ActuatorWrite.msg
[4.302s] -- Up-to-date: /home/autopilot/ws/restackcell/install/opcua_interfaces/share/opcua_interfaces/msg/ActuatorRead.msg
[4.303s] -- Up-to-date: /home/autopilot/ws/restackcell/install/opcua_interfaces/share/opcua_interfaces/msg/ActuatorReadRequest.msg
[4.303s] -- Up-to-date: /home/autopilot/ws/restackcell/install/opcua_interfaces/share/ament_index/resource_index/package_run_dependencies/opcua_interfaces
[4.303s] -- Up-to-date: /home/autopilot/ws/restackcell/install/opcua_interfaces/share/ament_index/resource_index/parent_prefix_path/opcua_interfaces
[4.303s] -- Up-to-date: /home/autopilot/ws/restackcell/install/opcua_interfaces/share/opcua_interfaces/environment/ament_prefix_path.sh
[4.303s] -- Up-to-date: /home/autopilot/ws/restackcell/install/opcua_interfaces/share/opcua_interfaces/environment/ament_prefix_path.dsv
[4.303s] -- Up-to-date: /home/autopilot/ws/restackcell/install/opcua_interfaces/share/opcua_interfaces/environment/path.sh
[4.304s] -- Up-to-date: /home/autopilot/ws/restackcell/install/opcua_interfaces/share/opcua_interfaces/environment/path.dsv
[4.304s] -- Up-to-date: /home/autopilot/ws/restackcell/install/opcua_interfaces/share/opcua_interfaces/local_setup.bash
[4.304s] -- Up-to-date: /home/autopilot/ws/restackcell/install/opcua_interfaces/share/opcua_interfaces/local_setup.sh
[4.304s] -- Up-to-date: /home/autopilot/ws/restackcell/install/opcua_interfaces/share/opcua_interfaces/local_setup.zsh
[4.304s] -- Up-to-date: /home/autopilot/ws/restackcell/install/opcua_interfaces/share/opcua_interfaces/local_setup.dsv
[4.304s] -- Installing: /home/autopilot/ws/restackcell/install/opcua_interfaces/share/opcua_interfaces/package.dsv
[4.304s] -- Up-to-date: /home/autopilot/ws/restackcell/install/opcua_interfaces/share/ament_index/resource_index/packages/opcua_interfaces
[4.305s] -- Up-to-date: /home/autopilot/ws/restackcell/install/opcua_interfaces/share/opcua_interfaces/cmake/export_opcua_interfaces__rosidl_generator_cExport.cmake
[4.305s] -- Up-to-date: /home/autopilot/ws/restackcell/install/opcua_interfaces/share/opcua_interfaces/cmake/export_opcua_interfaces__rosidl_generator_cExport-noconfig.cmake
[4.305s] -- Up-to-date: /home/autopilot/ws/restackcell/install/opcua_interfaces/share/opcua_interfaces/cmake/export_opcua_interfaces__rosidl_typesupport_fastrtps_cExport.cmake
[4.309s] -- Up-to-date: /home/autopilot/ws/restackcell/install/opcua_interfaces/share/opcua_interfaces/cmake/export_opcua_interfaces__rosidl_typesupport_fastrtps_cExport-noconfig.cmake
[4.310s] -- Up-to-date: /home/autopilot/ws/restackcell/install/opcua_interfaces/share/opcua_interfaces/cmake/opcua_interfaces__rosidl_typesupport_introspection_cExport.cmake
[4.311s] -- Up-to-date: /home/autopilot/ws/restackcell/install/opcua_interfaces/share/opcua_interfaces/cmake/opcua_interfaces__rosidl_typesupport_introspection_cExport-noconfig.cmake
[4.311s] -- Up-to-date: /home/autopilot/ws/restackcell/install/opcua_interfaces/share/opcua_interfaces/cmake/opcua_interfaces__rosidl_typesupport_cExport.cmake
[4.312s] -- Up-to-date: /home/autopilot/ws/restackcell/install/opcua_interfaces/share/opcua_interfaces/cmake/opcua_interfaces__rosidl_typesupport_cExport-noconfig.cmake
[4.312s] -- Up-to-date: /home/autopilot/ws/restackcell/install/opcua_interfaces/share/opcua_interfaces/cmake/export_opcua_interfaces__rosidl_generator_cppExport.cmake
[4.313s] -- Up-to-date: /home/autopilot/ws/restackcell/install/opcua_interfaces/share/opcua_interfaces/cmake/export_opcua_interfaces__rosidl_typesupport_fastrtps_cppExport.cmake
[4.313s] -- Up-to-date: /home/autopilot/ws/restackcell/install/opcua_interfaces/share/opcua_interfaces/cmake/export_opcua_interfaces__rosidl_typesupport_fastrtps_cppExport-noconfig.cmake
[4.314s] -- Up-to-date: /home/autopilot/ws/restackcell/install/opcua_interfaces/share/opcua_interfaces/cmake/opcua_interfaces__rosidl_typesupport_introspection_cppExport.cmake
[4.314s] -- Up-to-date: /home/autopilot/ws/restackcell/install/opcua_interfaces/share/opcua_interfaces/cmake/opcua_interfaces__rosidl_typesupport_introspection_cppExport-noconfig.cmake
[4.315s] -- Up-to-date: /home/autopilot/ws/restackcell/install/opcua_interfaces/share/opcua_interfaces/cmake/opcua_interfaces__rosidl_typesupport_cppExport.cmake
[4.315s] -- Up-to-date: /home/autopilot/ws/restackcell/install/opcua_interfaces/share/opcua_interfaces/cmake/opcua_interfaces__rosidl_typesupport_cppExport-noconfig.cmake
[4.316s] -- Up-to-date: /home/autopilot/ws/restackcell/install/opcua_interfaces/share/opcua_interfaces/cmake/export_opcua_interfaces__rosidl_generator_pyExport.cmake
[4.316s] -- Up-to-date: /home/autopilot/ws/restackcell/install/opcua_interfaces/share/opcua_interfaces/cmake/export_opcua_interfaces__rosidl_generator_pyExport-noconfig.cmake
[4.316s] -- Up-to-date: /home/autopilot/ws/restackcell/install/opcua_interfaces/share/opcua_interfaces/cmake/rosidl_cmake-extras.cmake
[4.318s] -- Up-to-date: /home/autopilot/ws/restackcell/install/opcua_interfaces/share/opcua_interfaces/cmake/ament_cmake_export_include_directories-extras.cmake
[4.318s] -- Up-to-date: /home/autopilot/ws/restackcell/install/opcua_interfaces/share/opcua_interfaces/cmake/ament_cmake_export_libraries-extras.cmake
[4.319s] -- Up-to-date: /home/autopilot/ws/restackcell/install/opcua_interfaces/share/opcua_interfaces/cmake/ament_cmake_export_targets-extras.cmake
[4.319s] -- Up-to-date: /home/autopilot/ws/restackcell/install/opcua_interfaces/share/opcua_interfaces/cmake/rosidl_cmake_export_typesupport_targets-extras.cmake
[4.324s] -- Up-to-date: /home/autopilot/ws/restackcell/install/opcua_interfaces/share/opcua_interfaces/cmake/ament_cmake_export_dependencies-extras.cmake
[4.325s] -- Up-to-date: /home/autopilot/ws/restackcell/install/opcua_interfaces/share/opcua_interfaces/cmake/rosidl_cmake_export_typesupport_libraries-extras.cmake
[4.326s] -- Up-to-date: /home/autopilot/ws/restackcell/install/opcua_interfaces/share/opcua_interfaces/cmake/opcua_interfacesConfig.cmake
[4.326s] -- Up-to-date: /home/autopilot/ws/restackcell/install/opcua_interfaces/share/opcua_interfaces/cmake/opcua_interfacesConfig-version.cmake
[4.326s] -- Up-to-date: /home/autopilot/ws/restackcell/install/opcua_interfaces/share/opcua_interfaces/package.xml
[4.327s] Invoked command in '/home/autopilot/ws/restackcell/build/opcua_interfaces' returned '0': CMAKE_PREFIX_PATH=/opt/ros/humble /usr/bin/cmake --install /home/autopilot/ws/restackcell/build/opcua_interfaces
