[0.550s] Invoking command in '/home/aw/restackcell/ws_moveit2/src/opcua-asyncio': PYTHONPATH=/home/aw/restackcell/ws_moveit2/build/asyncua/prefix_override:/home/aw/restackcell/ws_moveit2/install/asyncua/lib/python3.10/site-packages:${PYTHONPATH} /usr/bin/python3 -W ignore:setup.py install is deprecated setup.py egg_info --egg-base ../../build/asyncua build --build-base /home/aw/restackcell/ws_moveit2/build/asyncua/build install --record /home/aw/restackcell/ws_moveit2/build/asyncua/install.log --single-version-externally-managed
[0.733s] running egg_info
[0.733s] writing ../../build/asyncua/asyncua.egg-info/PKG-INFO
[0.734s] writing dependency_links to ../../build/asyncua/asyncua.egg-info/dependency_links.txt
[0.734s] writing entry points to ../../build/asyncua/asyncua.egg-info/entry_points.txt
[0.734s] writing requirements to ../../build/asyncua/asyncua.egg-info/requires.txt
[0.734s] writing top-level names to ../../build/asyncua/asyncua.egg-info/top_level.txt
[0.738s] reading manifest file '../../build/asyncua/asyncua.egg-info/SOURCES.txt'
[0.739s] adding license file 'COPYING'
[0.740s] writing manifest file '../../build/asyncua/asyncua.egg-info/SOURCES.txt'
[0.740s] running build
[0.740s] running build_py
[0.743s] running install
[0.743s] running install_lib
[0.746s] running install_egg_info
[0.748s] removing '/home/aw/restackcell/ws_moveit2/install/asyncua/lib/python3.10/site-packages/asyncua-1.1.0-py3.10.egg-info' (and everything under it)
[0.748s] Copying ../../build/asyncua/asyncua.egg-info to /home/aw/restackcell/ws_moveit2/install/asyncua/lib/python3.10/site-packages/asyncua-1.1.0-py3.10.egg-info
[0.749s] running install_scripts
[0.764s] Installing uabrowse script to /home/aw/restackcell/ws_moveit2/install/asyncua/bin
[0.764s] Installing uacall script to /home/aw/restackcell/ws_moveit2/install/asyncua/bin
[0.764s] Installing uaclient script to /home/aw/restackcell/ws_moveit2/install/asyncua/bin
[0.764s] Installing uadiscover script to /home/aw/restackcell/ws_moveit2/install/asyncua/bin
[0.764s] Installing uageneratestructs script to /home/aw/restackcell/ws_moveit2/install/asyncua/bin
[0.765s] Installing uahistoryread script to /home/aw/restackcell/ws_moveit2/install/asyncua/bin
[0.765s] Installing uals script to /home/aw/restackcell/ws_moveit2/install/asyncua/bin
[0.765s] Installing uaread script to /home/aw/restackcell/ws_moveit2/install/asyncua/bin
[0.765s] Installing uaserver script to /home/aw/restackcell/ws_moveit2/install/asyncua/bin
[0.765s] Installing uasubscribe script to /home/aw/restackcell/ws_moveit2/install/asyncua/bin
[0.765s] Installing uawrite script to /home/aw/restackcell/ws_moveit2/install/asyncua/bin
[0.766s] writing list of installed files to '/home/aw/restackcell/ws_moveit2/build/asyncua/install.log'
[0.788s] Invoked command in '/home/aw/restackcell/ws_moveit2/src/opcua-asyncio' returned '0': PYTHONPATH=/home/aw/restackcell/ws_moveit2/build/asyncua/prefix_override:/home/aw/restackcell/ws_moveit2/install/asyncua/lib/python3.10/site-packages:${PYTHONPATH} /usr/bin/python3 -W ignore:setup.py install is deprecated setup.py egg_info --egg-base ../../build/asyncua build --build-base /home/aw/restackcell/ws_moveit2/build/asyncua/build install --record /home/aw/restackcell/ws_moveit2/build/asyncua/install.log --single-version-externally-managed
