[1.099s] Invoking command in '/home/autopilot/ws/restackcell/ws_moveit2/build/opcua_interfaces_io_link': CMAKE_PREFIX_PATH=/home/autopilot/ws/restackcell/ws_moveit2/install/opcua_interfaces_io_link:/home/autopilot/ws/restackcell/ws_moveit2/install/robo_planner:/home/autopilot/ws/restackcell/ws_moveit2/install/pcl_segmentation:/home/autopilot/ws/restackcell/ws_moveit2/install/moveit_backend:/home/autopilot/ws/restackcell/ws_moveit2/install/mockup_robot:/home/autopilot/ws/restackcell/ws_moveit2/install/robo_planner_py:/home/autopilot/ws/restackcell/ws_moveit2/install/grid_snapper:/home/autopilot/ws/restackcell/ws_moveit2/install/opcua_client:/home/autopilot/ws/restackcell/ws_moveit2/install/opcua_client_io_link:/home/autopilot/ws/restackcell/ws_moveit2/install/interface_opcua:/opt/ros/humble:/home/autopilot/ws/restackcell/ws_moveit2/install/wzlscheduler_interfaces:/home/autopilot/ws/restackcell/ws_moveit2/install/ur_pilz:/home/autopilot/ws/restackcell/ws_moveit2/install/robo_planner_msgs:/home/autopilot/ws/restackcell/ws_moveit2/install/opcua_interfaces:/home/autopilot/ws/restackcell/ws_moveit2/install/custom_ur_moveit_config:/home/autopilot/ws/restackcell/ws_moveit2/install/custom_ur_description /usr/bin/cmake --build /home/autopilot/ws/restackcell/ws_moveit2/build/opcua_interfaces_io_link -- -j8 -l8
[1.187s] [ 12%] Built target opcua_interfaces_io_link__rosidl_generator_c
[1.187s] [ 12%] Built target opcua_interfaces_io_link__cpp
[1.217s] [ 12%] Built target ament_cmake_python_copy_opcua_interfaces_io_link
[1.265s] [ 23%] Built target opcua_interfaces_io_link__rosidl_typesupport_introspection_c
[1.301s] [ 33%] Built target opcua_interfaces_io_link__rosidl_typesupport_cpp
[1.308s] [ 53%] Built target opcua_interfaces_io_link__rosidl_typesupport_c
[1.308s] [ 53%] Built target opcua_interfaces_io_link__rosidl_typesupport_fastrtps_c
[1.318s] [ 64%] Built target opcua_interfaces_io_link__rosidl_typesupport_fastrtps_cpp
[1.324s] [ 74%] Built target opcua_interfaces_io_link__rosidl_typesupport_introspection_cpp
[1.409s] [ 74%] Built target opcua_interfaces_io_link
[1.468s] [ 76%] Built target opcua_interfaces_io_link__py
[1.520s] [ 84%] Built target opcua_interfaces_io_link__rosidl_generator_py
[1.619s] [ 89%] Built target opcua_interfaces_io_link__rosidl_typesupport_c__pyext
[1.626s] [ 94%] Built target opcua_interfaces_io_link__rosidl_typesupport_fastrtps_c__pyext
[1.636s] [100%] Built target opcua_interfaces_io_link__rosidl_typesupport_introspection_c__pyext
[1.854s] running egg_info
[1.855s] writing opcua_interfaces_io_link.egg-info/PKG-INFO
[1.856s] writing dependency_links to opcua_interfaces_io_link.egg-info/dependency_links.txt
[1.856s] writing top-level names to opcua_interfaces_io_link.egg-info/top_level.txt
[1.862s] reading manifest file 'opcua_interfaces_io_link.egg-info/SOURCES.txt'
[1.863s] writing manifest file 'opcua_interfaces_io_link.egg-info/SOURCES.txt'
[1.933s] [100%] Built target ament_cmake_python_build_opcua_interfaces_io_link_egg
[2.479s] Invoked command in '/home/autopilot/ws/restackcell/ws_moveit2/build/opcua_interfaces_io_link' returned '0': CMAKE_PREFIX_PATH=/home/autopilot/ws/restackcell/ws_moveit2/install/opcua_interfaces_io_link:/home/autopilot/ws/restackcell/ws_moveit2/install/robo_planner:/home/autopilot/ws/restackcell/ws_moveit2/install/pcl_segmentation:/home/autopilot/ws/restackcell/ws_moveit2/install/moveit_backend:/home/autopilot/ws/restackcell/ws_moveit2/install/mockup_robot:/home/autopilot/ws/restackcell/ws_moveit2/install/robo_planner_py:/home/autopilot/ws/restackcell/ws_moveit2/install/grid_snapper:/home/autopilot/ws/restackcell/ws_moveit2/install/opcua_client:/home/autopilot/ws/restackcell/ws_moveit2/install/opcua_client_io_link:/home/autopilot/ws/restackcell/ws_moveit2/install/interface_opcua:/opt/ros/humble:/home/autopilot/ws/restackcell/ws_moveit2/install/wzlscheduler_interfaces:/home/autopilot/ws/restackcell/ws_moveit2/install/ur_pilz:/home/autopilot/ws/restackcell/ws_moveit2/install/robo_planner_msgs:/home/autopilot/ws/restackcell/ws_moveit2/install/opcua_interfaces:/home/autopilot/ws/restackcell/ws_moveit2/install/custom_ur_moveit_config:/home/autopilot/ws/restackcell/ws_moveit2/install/custom_ur_description /usr/bin/cmake --build /home/autopilot/ws/restackcell/ws_moveit2/build/opcua_interfaces_io_link -- -j8 -l8
[2.635s] Invoking command in '/home/autopilot/ws/restackcell/ws_moveit2/build/opcua_interfaces_io_link': CMAKE_PREFIX_PATH=/home/autopilot/ws/restackcell/ws_moveit2/install/opcua_interfaces_io_link:/home/autopilot/ws/restackcell/ws_moveit2/install/robo_planner:/home/autopilot/ws/restackcell/ws_moveit2/install/pcl_segmentation:/home/autopilot/ws/restackcell/ws_moveit2/install/moveit_backend:/home/autopilot/ws/restackcell/ws_moveit2/install/mockup_robot:/home/autopilot/ws/restackcell/ws_moveit2/install/robo_planner_py:/home/autopilot/ws/restackcell/ws_moveit2/install/grid_snapper:/home/autopilot/ws/restackcell/ws_moveit2/install/opcua_client:/home/autopilot/ws/restackcell/ws_moveit2/install/opcua_client_io_link:/home/autopilot/ws/restackcell/ws_moveit2/install/interface_opcua:/opt/ros/humble:/home/autopilot/ws/restackcell/ws_moveit2/install/wzlscheduler_interfaces:/home/autopilot/ws/restackcell/ws_moveit2/install/ur_pilz:/home/autopilot/ws/restackcell/ws_moveit2/install/robo_planner_msgs:/home/autopilot/ws/restackcell/ws_moveit2/install/opcua_interfaces:/home/autopilot/ws/restackcell/ws_moveit2/install/custom_ur_moveit_config:/home/autopilot/ws/restackcell/ws_moveit2/install/custom_ur_description /usr/bin/cmake --install /home/autopilot/ws/restackcell/ws_moveit2/build/opcua_interfaces_io_link
[2.647s] -- Install configuration: ""
[2.648s] -- Up-to-date: /home/autopilot/ws/restackcell/ws_moveit2/install/opcua_interfaces_io_link/share/ament_index/resource_index/rosidl_interfaces/opcua_interfaces_io_link
[2.649s] -- Up-to-date: /home/autopilot/ws/restackcell/ws_moveit2/install/opcua_interfaces_io_link/include/opcua_interfaces_io_link/opcua_interfaces_io_link
[2.650s] -- Up-to-date: /home/autopilot/ws/restackcell/ws_moveit2/install/opcua_interfaces_io_link/include/opcua_interfaces_io_link/opcua_interfaces_io_link/msg
[2.650s] -- Up-to-date: /home/autopilot/ws/restackcell/ws_moveit2/install/opcua_interfaces_io_link/include/opcua_interfaces_io_link/opcua_interfaces_io_link/msg/rosidl_generator_c__visibility_control.h
[2.650s] -- Up-to-date: /home/autopilot/ws/restackcell/ws_moveit2/install/opcua_interfaces_io_link/include/opcua_interfaces_io_link/opcua_interfaces_io_link/msg/detail
[2.651s] -- Up-to-date: /home/autopilot/ws/restackcell/ws_moveit2/install/opcua_interfaces_io_link/include/opcua_interfaces_io_link/opcua_interfaces_io_link/msg/detail/sensor_read__functions.c
[2.651s] -- Up-to-date: /home/autopilot/ws/restackcell/ws_moveit2/install/opcua_interfaces_io_link/include/opcua_interfaces_io_link/opcua_interfaces_io_link/msg/detail/sensor_read_request__type_support.h
[2.651s] -- Up-to-date: /home/autopilot/ws/restackcell/ws_moveit2/install/opcua_interfaces_io_link/include/opcua_interfaces_io_link/opcua_interfaces_io_link/msg/detail/sensor_read__type_support.h
[2.651s] -- Up-to-date: /home/autopilot/ws/restackcell/ws_moveit2/install/opcua_interfaces_io_link/include/opcua_interfaces_io_link/opcua_interfaces_io_link/msg/detail/sensor_read_request__functions.h
[2.652s] -- Up-to-date: /home/autopilot/ws/restackcell/ws_moveit2/install/opcua_interfaces_io_link/include/opcua_interfaces_io_link/opcua_interfaces_io_link/msg/detail/sensor_read__functions.h
[2.652s] -- Up-to-date: /home/autopilot/ws/restackcell/ws_moveit2/install/opcua_interfaces_io_link/include/opcua_interfaces_io_link/opcua_interfaces_io_link/msg/detail/sensor_read_request__functions.c
[2.653s] -- Up-to-date: /home/autopilot/ws/restackcell/ws_moveit2/install/opcua_interfaces_io_link/include/opcua_interfaces_io_link/opcua_interfaces_io_link/msg/detail/sensor_read__struct.h
[2.653s] -- Up-to-date: /home/autopilot/ws/restackcell/ws_moveit2/install/opcua_interfaces_io_link/include/opcua_interfaces_io_link/opcua_interfaces_io_link/msg/detail/sensor_read_request__struct.h
[2.653s] -- Up-to-date: /home/autopilot/ws/restackcell/ws_moveit2/install/opcua_interfaces_io_link/include/opcua_interfaces_io_link/opcua_interfaces_io_link/msg/sensor_read_request.h
[2.654s] -- Up-to-date: /home/autopilot/ws/restackcell/ws_moveit2/install/opcua_interfaces_io_link/include/opcua_interfaces_io_link/opcua_interfaces_io_link/msg/sensor_read.h
[2.654s] -- Up-to-date: /home/autopilot/ws/restackcell/ws_moveit2/install/opcua_interfaces_io_link/share/opcua_interfaces_io_link/environment/library_path.sh
[2.654s] -- Up-to-date: /home/autopilot/ws/restackcell/ws_moveit2/install/opcua_interfaces_io_link/share/opcua_interfaces_io_link/environment/library_path.dsv
[2.654s] -- Up-to-date: /home/autopilot/ws/restackcell/ws_moveit2/install/opcua_interfaces_io_link/lib/libopcua_interfaces_io_link__rosidl_generator_c.so
[2.654s] -- Up-to-date: /home/autopilot/ws/restackcell/ws_moveit2/install/opcua_interfaces_io_link/include/opcua_interfaces_io_link/opcua_interfaces_io_link
[2.655s] -- Up-to-date: /home/autopilot/ws/restackcell/ws_moveit2/install/opcua_interfaces_io_link/include/opcua_interfaces_io_link/opcua_interfaces_io_link/msg
[2.655s] -- Up-to-date: /home/autopilot/ws/restackcell/ws_moveit2/install/opcua_interfaces_io_link/include/opcua_interfaces_io_link/opcua_interfaces_io_link/msg/rosidl_typesupport_fastrtps_c__visibility_control.h
[2.656s] -- Up-to-date: /home/autopilot/ws/restackcell/ws_moveit2/install/opcua_interfaces_io_link/include/opcua_interfaces_io_link/opcua_interfaces_io_link/msg/detail
[2.656s] -- Up-to-date: /home/autopilot/ws/restackcell/ws_moveit2/install/opcua_interfaces_io_link/include/opcua_interfaces_io_link/opcua_interfaces_io_link/msg/detail/sensor_read_request__rosidl_typesupport_fastrtps_c.h
[2.656s] -- Up-to-date: /home/autopilot/ws/restackcell/ws_moveit2/install/opcua_interfaces_io_link/include/opcua_interfaces_io_link/opcua_interfaces_io_link/msg/detail/sensor_read__rosidl_typesupport_fastrtps_c.h
[2.656s] -- Up-to-date: /home/autopilot/ws/restackcell/ws_moveit2/install/opcua_interfaces_io_link/lib/libopcua_interfaces_io_link__rosidl_typesupport_fastrtps_c.so
[2.656s] -- Up-to-date: /home/autopilot/ws/restackcell/ws_moveit2/install/opcua_interfaces_io_link/include/opcua_interfaces_io_link/opcua_interfaces_io_link
[2.656s] -- Up-to-date: /home/autopilot/ws/restackcell/ws_moveit2/install/opcua_interfaces_io_link/include/opcua_interfaces_io_link/opcua_interfaces_io_link/msg
[2.657s] -- Up-to-date: /home/autopilot/ws/restackcell/ws_moveit2/install/opcua_interfaces_io_link/include/opcua_interfaces_io_link/opcua_interfaces_io_link/msg/rosidl_typesupport_introspection_c__visibility_control.h
[2.657s] -- Up-to-date: /home/autopilot/ws/restackcell/ws_moveit2/install/opcua_interfaces_io_link/include/opcua_interfaces_io_link/opcua_interfaces_io_link/msg/detail
[2.657s] -- Up-to-date: /home/autopilot/ws/restackcell/ws_moveit2/install/opcua_interfaces_io_link/include/opcua_interfaces_io_link/opcua_interfaces_io_link/msg/detail/sensor_read_request__type_support.c
[2.657s] -- Up-to-date: /home/autopilot/ws/restackcell/ws_moveit2/install/opcua_interfaces_io_link/include/opcua_interfaces_io_link/opcua_interfaces_io_link/msg/detail/sensor_read__rosidl_typesupport_introspection_c.h
[2.657s] -- Up-to-date: /home/autopilot/ws/restackcell/ws_moveit2/install/opcua_interfaces_io_link/include/opcua_interfaces_io_link/opcua_interfaces_io_link/msg/detail/sensor_read_request__rosidl_typesupport_introspection_c.h
[2.657s] -- Up-to-date: /home/autopilot/ws/restackcell/ws_moveit2/install/opcua_interfaces_io_link/include/opcua_interfaces_io_link/opcua_interfaces_io_link/msg/detail/sensor_read__type_support.c
[2.657s] -- Up-to-date: /home/autopilot/ws/restackcell/ws_moveit2/install/opcua_interfaces_io_link/lib/libopcua_interfaces_io_link__rosidl_typesupport_introspection_c.so
[2.657s] -- Up-to-date: /home/autopilot/ws/restackcell/ws_moveit2/install/opcua_interfaces_io_link/lib/libopcua_interfaces_io_link__rosidl_typesupport_c.so
[2.657s] -- Up-to-date: /home/autopilot/ws/restackcell/ws_moveit2/install/opcua_interfaces_io_link/include/opcua_interfaces_io_link/opcua_interfaces_io_link
[2.657s] -- Up-to-date: /home/autopilot/ws/restackcell/ws_moveit2/install/opcua_interfaces_io_link/include/opcua_interfaces_io_link/opcua_interfaces_io_link/msg
[2.659s] -- Up-to-date: /home/autopilot/ws/restackcell/ws_moveit2/install/opcua_interfaces_io_link/include/opcua_interfaces_io_link/opcua_interfaces_io_link/msg/sensor_read_request.hpp
[2.659s] -- Up-to-date: /home/autopilot/ws/restackcell/ws_moveit2/install/opcua_interfaces_io_link/include/opcua_interfaces_io_link/opcua_interfaces_io_link/msg/sensor_read.hpp
[2.659s] -- Up-to-date: /home/autopilot/ws/restackcell/ws_moveit2/install/opcua_interfaces_io_link/include/opcua_interfaces_io_link/opcua_interfaces_io_link/msg/detail
[2.659s] -- Up-to-date: /home/autopilot/ws/restackcell/ws_moveit2/install/opcua_interfaces_io_link/include/opcua_interfaces_io_link/opcua_interfaces_io_link/msg/detail/sensor_read__struct.hpp
[2.659s] -- Up-to-date: /home/autopilot/ws/restackcell/ws_moveit2/install/opcua_interfaces_io_link/include/opcua_interfaces_io_link/opcua_interfaces_io_link/msg/detail/sensor_read_request__struct.hpp
[2.659s] -- Up-to-date: /home/autopilot/ws/restackcell/ws_moveit2/install/opcua_interfaces_io_link/include/opcua_interfaces_io_link/opcua_interfaces_io_link/msg/detail/sensor_read__traits.hpp
[2.660s] -- Up-to-date: /home/autopilot/ws/restackcell/ws_moveit2/install/opcua_interfaces_io_link/include/opcua_interfaces_io_link/opcua_interfaces_io_link/msg/detail/sensor_read_request__builder.hpp
[2.660s] -- Up-to-date: /home/autopilot/ws/restackcell/ws_moveit2/install/opcua_interfaces_io_link/include/opcua_interfaces_io_link/opcua_interfaces_io_link/msg/detail/sensor_read__builder.hpp
[2.660s] -- Up-to-date: /home/autopilot/ws/restackcell/ws_moveit2/install/opcua_interfaces_io_link/include/opcua_interfaces_io_link/opcua_interfaces_io_link/msg/detail/sensor_read_request__traits.hpp
[2.660s] -- Up-to-date: /home/autopilot/ws/restackcell/ws_moveit2/install/opcua_interfaces_io_link/include/opcua_interfaces_io_link/opcua_interfaces_io_link
[2.660s] -- Up-to-date: /home/autopilot/ws/restackcell/ws_moveit2/install/opcua_interfaces_io_link/include/opcua_interfaces_io_link/opcua_interfaces_io_link/msg
[2.661s] -- Up-to-date: /home/autopilot/ws/restackcell/ws_moveit2/install/opcua_interfaces_io_link/include/opcua_interfaces_io_link/opcua_interfaces_io_link/msg/rosidl_typesupport_fastrtps_cpp__visibility_control.h
[2.661s] -- Up-to-date: /home/autopilot/ws/restackcell/ws_moveit2/install/opcua_interfaces_io_link/include/opcua_interfaces_io_link/opcua_interfaces_io_link/msg/detail
[2.661s] -- Up-to-date: /home/autopilot/ws/restackcell/ws_moveit2/install/opcua_interfaces_io_link/include/opcua_interfaces_io_link/opcua_interfaces_io_link/msg/detail/dds_fastrtps
[2.661s] -- Up-to-date: /home/autopilot/ws/restackcell/ws_moveit2/install/opcua_interfaces_io_link/include/opcua_interfaces_io_link/opcua_interfaces_io_link/msg/detail/sensor_read__rosidl_typesupport_fastrtps_cpp.hpp
[2.661s] -- Up-to-date: /home/autopilot/ws/restackcell/ws_moveit2/install/opcua_interfaces_io_link/include/opcua_interfaces_io_link/opcua_interfaces_io_link/msg/detail/sensor_read_request__rosidl_typesupport_fastrtps_cpp.hpp
[2.662s] -- Up-to-date: /home/autopilot/ws/restackcell/ws_moveit2/install/opcua_interfaces_io_link/lib/libopcua_interfaces_io_link__rosidl_typesupport_fastrtps_cpp.so
[2.662s] -- Up-to-date: /home/autopilot/ws/restackcell/ws_moveit2/install/opcua_interfaces_io_link/include/opcua_interfaces_io_link/opcua_interfaces_io_link
[2.662s] -- Up-to-date: /home/autopilot/ws/restackcell/ws_moveit2/install/opcua_interfaces_io_link/include/opcua_interfaces_io_link/opcua_interfaces_io_link/msg
[2.662s] -- Up-to-date: /home/autopilot/ws/restackcell/ws_moveit2/install/opcua_interfaces_io_link/include/opcua_interfaces_io_link/opcua_interfaces_io_link/msg/detail
[2.662s] -- Up-to-date: /home/autopilot/ws/restackcell/ws_moveit2/install/opcua_interfaces_io_link/include/opcua_interfaces_io_link/opcua_interfaces_io_link/msg/detail/sensor_read_request__rosidl_typesupport_introspection_cpp.hpp
[2.662s] -- Up-to-date: /home/autopilot/ws/restackcell/ws_moveit2/install/opcua_interfaces_io_link/include/opcua_interfaces_io_link/opcua_interfaces_io_link/msg/detail/sensor_read__rosidl_typesupport_introspection_cpp.hpp
[2.663s] -- Up-to-date: /home/autopilot/ws/restackcell/ws_moveit2/install/opcua_interfaces_io_link/include/opcua_interfaces_io_link/opcua_interfaces_io_link/msg/detail/sensor_read_request__type_support.cpp
[2.663s] -- Up-to-date: /home/autopilot/ws/restackcell/ws_moveit2/install/opcua_interfaces_io_link/include/opcua_interfaces_io_link/opcua_interfaces_io_link/msg/detail/sensor_read__type_support.cpp
[2.663s] -- Up-to-date: /home/autopilot/ws/restackcell/ws_moveit2/install/opcua_interfaces_io_link/lib/libopcua_interfaces_io_link__rosidl_typesupport_introspection_cpp.so
[2.663s] -- Up-to-date: /home/autopilot/ws/restackcell/ws_moveit2/install/opcua_interfaces_io_link/lib/libopcua_interfaces_io_link__rosidl_typesupport_cpp.so
[2.663s] -- Up-to-date: /home/autopilot/ws/restackcell/ws_moveit2/install/opcua_interfaces_io_link/share/opcua_interfaces_io_link/environment/pythonpath.sh
[2.663s] -- Up-to-date: /home/autopilot/ws/restackcell/ws_moveit2/install/opcua_interfaces_io_link/share/opcua_interfaces_io_link/environment/pythonpath.dsv
[2.663s] -- Up-to-date: /home/autopilot/ws/restackcell/ws_moveit2/install/opcua_interfaces_io_link/local/lib/python3.10/dist-packages/opcua_interfaces_io_link-0.0.0-py3.10.egg-info
[2.664s] -- Installing: /home/autopilot/ws/restackcell/ws_moveit2/install/opcua_interfaces_io_link/local/lib/python3.10/dist-packages/opcua_interfaces_io_link-0.0.0-py3.10.egg-info/SOURCES.txt
[2.664s] -- Installing: /home/autopilot/ws/restackcell/ws_moveit2/install/opcua_interfaces_io_link/local/lib/python3.10/dist-packages/opcua_interfaces_io_link-0.0.0-py3.10.egg-info/PKG-INFO
[2.664s] -- Installing: /home/autopilot/ws/restackcell/ws_moveit2/install/opcua_interfaces_io_link/local/lib/python3.10/dist-packages/opcua_interfaces_io_link-0.0.0-py3.10.egg-info/top_level.txt
[2.664s] -- Installing: /home/autopilot/ws/restackcell/ws_moveit2/install/opcua_interfaces_io_link/local/lib/python3.10/dist-packages/opcua_interfaces_io_link-0.0.0-py3.10.egg-info/dependency_links.txt
[2.664s] -- Up-to-date: /home/autopilot/ws/restackcell/ws_moveit2/install/opcua_interfaces_io_link/local/lib/python3.10/dist-packages/opcua_interfaces_io_link
[2.664s] -- Up-to-date: /home/autopilot/ws/restackcell/ws_moveit2/install/opcua_interfaces_io_link/local/lib/python3.10/dist-packages/opcua_interfaces_io_link/opcua_interfaces_io_link_s__rosidl_typesupport_introspection_c.cpython-310-aarch64-linux-gnu.so
[2.664s] -- Up-to-date: /home/autopilot/ws/restackcell/ws_moveit2/install/opcua_interfaces_io_link/local/lib/python3.10/dist-packages/opcua_interfaces_io_link/__init__.py
[2.665s] -- Up-to-date: /home/autopilot/ws/restackcell/ws_moveit2/install/opcua_interfaces_io_link/local/lib/python3.10/dist-packages/opcua_interfaces_io_link/_opcua_interfaces_io_link_s.ep.rosidl_typesupport_fastrtps_c.c
[2.665s] -- Up-to-date: /home/autopilot/ws/restackcell/ws_moveit2/install/opcua_interfaces_io_link/local/lib/python3.10/dist-packages/opcua_interfaces_io_link/msg
[2.665s] -- Up-to-date: /home/autopilot/ws/restackcell/ws_moveit2/install/opcua_interfaces_io_link/local/lib/python3.10/dist-packages/opcua_interfaces_io_link/msg/_sensor_read_request_s.c
[2.665s] -- Up-to-date: /home/autopilot/ws/restackcell/ws_moveit2/install/opcua_interfaces_io_link/local/lib/python3.10/dist-packages/opcua_interfaces_io_link/msg/__init__.py
[2.665s] -- Up-to-date: /home/autopilot/ws/restackcell/ws_moveit2/install/opcua_interfaces_io_link/local/lib/python3.10/dist-packages/opcua_interfaces_io_link/msg/_sensor_read_request.py
[2.665s] -- Up-to-date: /home/autopilot/ws/restackcell/ws_moveit2/install/opcua_interfaces_io_link/local/lib/python3.10/dist-packages/opcua_interfaces_io_link/msg/_sensor_read_s.c
[2.665s] -- Up-to-date: /home/autopilot/ws/restackcell/ws_moveit2/install/opcua_interfaces_io_link/local/lib/python3.10/dist-packages/opcua_interfaces_io_link/msg/_sensor_read.py
[2.666s] -- Up-to-date: /home/autopilot/ws/restackcell/ws_moveit2/install/opcua_interfaces_io_link/local/lib/python3.10/dist-packages/opcua_interfaces_io_link/_opcua_interfaces_io_link_s.ep.rosidl_typesupport_introspection_c.c
[2.666s] -- Up-to-date: /home/autopilot/ws/restackcell/ws_moveit2/install/opcua_interfaces_io_link/local/lib/python3.10/dist-packages/opcua_interfaces_io_link/opcua_interfaces_io_link_s__rosidl_typesupport_fastrtps_c.cpython-310-aarch64-linux-gnu.so
[2.666s] -- Up-to-date: /home/autopilot/ws/restackcell/ws_moveit2/install/opcua_interfaces_io_link/local/lib/python3.10/dist-packages/opcua_interfaces_io_link/_opcua_interfaces_io_link_s.ep.rosidl_typesupport_c.c
[2.666s] -- Up-to-date: /home/autopilot/ws/restackcell/ws_moveit2/install/opcua_interfaces_io_link/local/lib/python3.10/dist-packages/opcua_interfaces_io_link/libopcua_interfaces_io_link__rosidl_generator_py.so
[2.666s] -- Up-to-date: /home/autopilot/ws/restackcell/ws_moveit2/install/opcua_interfaces_io_link/local/lib/python3.10/dist-packages/opcua_interfaces_io_link/opcua_interfaces_io_link_s__rosidl_typesupport_c.cpython-310-aarch64-linux-gnu.so
[2.717s] Listing '/home/autopilot/ws/restackcell/ws_moveit2/install/opcua_interfaces_io_link/local/lib/python3.10/dist-packages/opcua_interfaces_io_link'...
[2.718s] Listing '/home/autopilot/ws/restackcell/ws_moveit2/install/opcua_interfaces_io_link/local/lib/python3.10/dist-packages/opcua_interfaces_io_link/msg'...
[2.730s] -- Up-to-date: /home/autopilot/ws/restackcell/ws_moveit2/install/opcua_interfaces_io_link/local/lib/python3.10/dist-packages/opcua_interfaces_io_link/opcua_interfaces_io_link_s__rosidl_typesupport_fastrtps_c.cpython-310-aarch64-linux-gnu.so
[2.731s] -- Up-to-date: /home/autopilot/ws/restackcell/ws_moveit2/install/opcua_interfaces_io_link/local/lib/python3.10/dist-packages/opcua_interfaces_io_link/opcua_interfaces_io_link_s__rosidl_typesupport_introspection_c.cpython-310-aarch64-linux-gnu.so
[2.731s] -- Up-to-date: /home/autopilot/ws/restackcell/ws_moveit2/install/opcua_interfaces_io_link/local/lib/python3.10/dist-packages/opcua_interfaces_io_link/opcua_interfaces_io_link_s__rosidl_typesupport_c.cpython-310-aarch64-linux-gnu.so
[2.733s] -- Up-to-date: /home/autopilot/ws/restackcell/ws_moveit2/install/opcua_interfaces_io_link/lib/libopcua_interfaces_io_link__rosidl_generator_py.so
[2.733s] -- Up-to-date: /home/autopilot/ws/restackcell/ws_moveit2/install/opcua_interfaces_io_link/share/opcua_interfaces_io_link/msg/SensorRead.idl
[2.734s] -- Up-to-date: /home/autopilot/ws/restackcell/ws_moveit2/install/opcua_interfaces_io_link/share/opcua_interfaces_io_link/msg/SensorReadRequest.idl
[2.734s] -- Up-to-date: /home/autopilot/ws/restackcell/ws_moveit2/install/opcua_interfaces_io_link/share/opcua_interfaces_io_link/msg/SensorRead.msg
[2.735s] -- Up-to-date: /home/autopilot/ws/restackcell/ws_moveit2/install/opcua_interfaces_io_link/share/opcua_interfaces_io_link/msg/SensorReadRequest.msg
[2.736s] -- Up-to-date: /home/autopilot/ws/restackcell/ws_moveit2/install/opcua_interfaces_io_link/share/ament_index/resource_index/package_run_dependencies/opcua_interfaces_io_link
[2.736s] -- Up-to-date: /home/autopilot/ws/restackcell/ws_moveit2/install/opcua_interfaces_io_link/share/ament_index/resource_index/parent_prefix_path/opcua_interfaces_io_link
[2.738s] -- Up-to-date: /home/autopilot/ws/restackcell/ws_moveit2/install/opcua_interfaces_io_link/share/opcua_interfaces_io_link/environment/ament_prefix_path.sh
[2.738s] -- Up-to-date: /home/autopilot/ws/restackcell/ws_moveit2/install/opcua_interfaces_io_link/share/opcua_interfaces_io_link/environment/ament_prefix_path.dsv
[2.738s] -- Up-to-date: /home/autopilot/ws/restackcell/ws_moveit2/install/opcua_interfaces_io_link/share/opcua_interfaces_io_link/environment/path.sh
[2.738s] -- Up-to-date: /home/autopilot/ws/restackcell/ws_moveit2/install/opcua_interfaces_io_link/share/opcua_interfaces_io_link/environment/path.dsv
[2.738s] -- Up-to-date: /home/autopilot/ws/restackcell/ws_moveit2/install/opcua_interfaces_io_link/share/opcua_interfaces_io_link/local_setup.bash
[2.739s] -- Up-to-date: /home/autopilot/ws/restackcell/ws_moveit2/install/opcua_interfaces_io_link/share/opcua_interfaces_io_link/local_setup.sh
[2.741s] -- Up-to-date: /home/autopilot/ws/restackcell/ws_moveit2/install/opcua_interfaces_io_link/share/opcua_interfaces_io_link/local_setup.zsh
[2.742s] -- Up-to-date: /home/autopilot/ws/restackcell/ws_moveit2/install/opcua_interfaces_io_link/share/opcua_interfaces_io_link/local_setup.dsv
[2.742s] -- Installing: /home/autopilot/ws/restackcell/ws_moveit2/install/opcua_interfaces_io_link/share/opcua_interfaces_io_link/package.dsv
[2.742s] -- Up-to-date: /home/autopilot/ws/restackcell/ws_moveit2/install/opcua_interfaces_io_link/share/ament_index/resource_index/packages/opcua_interfaces_io_link
[2.742s] -- Up-to-date: /home/autopilot/ws/restackcell/ws_moveit2/install/opcua_interfaces_io_link/share/opcua_interfaces_io_link/cmake/export_opcua_interfaces_io_link__rosidl_generator_cExport.cmake
[2.742s] -- Up-to-date: /home/autopilot/ws/restackcell/ws_moveit2/install/opcua_interfaces_io_link/share/opcua_interfaces_io_link/cmake/export_opcua_interfaces_io_link__rosidl_generator_cExport-noconfig.cmake
[2.748s] -- Up-to-date: /home/autopilot/ws/restackcell/ws_moveit2/install/opcua_interfaces_io_link/share/opcua_interfaces_io_link/cmake/export_opcua_interfaces_io_link__rosidl_typesupport_fastrtps_cExport.cmake
[2.748s] -- Up-to-date: /home/autopilot/ws/restackcell/ws_moveit2/install/opcua_interfaces_io_link/share/opcua_interfaces_io_link/cmake/export_opcua_interfaces_io_link__rosidl_typesupport_fastrtps_cExport-noconfig.cmake
[2.750s] -- Up-to-date: /home/autopilot/ws/restackcell/ws_moveit2/install/opcua_interfaces_io_link/share/opcua_interfaces_io_link/cmake/opcua_interfaces_io_link__rosidl_typesupport_introspection_cExport.cmake
[2.750s] -- Up-to-date: /home/autopilot/ws/restackcell/ws_moveit2/install/opcua_interfaces_io_link/share/opcua_interfaces_io_link/cmake/opcua_interfaces_io_link__rosidl_typesupport_introspection_cExport-noconfig.cmake
[2.750s] -- Up-to-date: /home/autopilot/ws/restackcell/ws_moveit2/install/opcua_interfaces_io_link/share/opcua_interfaces_io_link/cmake/opcua_interfaces_io_link__rosidl_typesupport_cExport.cmake
[2.751s] -- Up-to-date: /home/autopilot/ws/restackcell/ws_moveit2/install/opcua_interfaces_io_link/share/opcua_interfaces_io_link/cmake/opcua_interfaces_io_link__rosidl_typesupport_cExport-noconfig.cmake
[2.751s] -- Up-to-date: /home/autopilot/ws/restackcell/ws_moveit2/install/opcua_interfaces_io_link/share/opcua_interfaces_io_link/cmake/export_opcua_interfaces_io_link__rosidl_generator_cppExport.cmake
[2.751s] -- Up-to-date: /home/autopilot/ws/restackcell/ws_moveit2/install/opcua_interfaces_io_link/share/opcua_interfaces_io_link/cmake/export_opcua_interfaces_io_link__rosidl_typesupport_fastrtps_cppExport.cmake
[2.751s] -- Up-to-date: /home/autopilot/ws/restackcell/ws_moveit2/install/opcua_interfaces_io_link/share/opcua_interfaces_io_link/cmake/export_opcua_interfaces_io_link__rosidl_typesupport_fastrtps_cppExport-noconfig.cmake
[2.752s] -- Up-to-date: /home/autopilot/ws/restackcell/ws_moveit2/install/opcua_interfaces_io_link/share/opcua_interfaces_io_link/cmake/opcua_interfaces_io_link__rosidl_typesupport_introspection_cppExport.cmake
[2.752s] -- Up-to-date: /home/autopilot/ws/restackcell/ws_moveit2/install/opcua_interfaces_io_link/share/opcua_interfaces_io_link/cmake/opcua_interfaces_io_link__rosidl_typesupport_introspection_cppExport-noconfig.cmake
[2.752s] -- Up-to-date: /home/autopilot/ws/restackcell/ws_moveit2/install/opcua_interfaces_io_link/share/opcua_interfaces_io_link/cmake/opcua_interfaces_io_link__rosidl_typesupport_cppExport.cmake
[2.752s] -- Up-to-date: /home/autopilot/ws/restackcell/ws_moveit2/install/opcua_interfaces_io_link/share/opcua_interfaces_io_link/cmake/opcua_interfaces_io_link__rosidl_typesupport_cppExport-noconfig.cmake
[2.752s] -- Up-to-date: /home/autopilot/ws/restackcell/ws_moveit2/install/opcua_interfaces_io_link/share/opcua_interfaces_io_link/cmake/export_opcua_interfaces_io_link__rosidl_generator_pyExport.cmake
[2.759s] -- Up-to-date: /home/autopilot/ws/restackcell/ws_moveit2/install/opcua_interfaces_io_link/share/opcua_interfaces_io_link/cmake/export_opcua_interfaces_io_link__rosidl_generator_pyExport-noconfig.cmake
[2.760s] -- Up-to-date: /home/autopilot/ws/restackcell/ws_moveit2/install/opcua_interfaces_io_link/share/opcua_interfaces_io_link/cmake/rosidl_cmake-extras.cmake
[2.761s] -- Up-to-date: /home/autopilot/ws/restackcell/ws_moveit2/install/opcua_interfaces_io_link/share/opcua_interfaces_io_link/cmake/ament_cmake_export_include_directories-extras.cmake
[2.761s] -- Up-to-date: /home/autopilot/ws/restackcell/ws_moveit2/install/opcua_interfaces_io_link/share/opcua_interfaces_io_link/cmake/ament_cmake_export_libraries-extras.cmake
[2.761s] -- Up-to-date: /home/autopilot/ws/restackcell/ws_moveit2/install/opcua_interfaces_io_link/share/opcua_interfaces_io_link/cmake/ament_cmake_export_targets-extras.cmake
[2.761s] -- Up-to-date: /home/autopilot/ws/restackcell/ws_moveit2/install/opcua_interfaces_io_link/share/opcua_interfaces_io_link/cmake/rosidl_cmake_export_typesupport_targets-extras.cmake
[2.762s] -- Up-to-date: /home/autopilot/ws/restackcell/ws_moveit2/install/opcua_interfaces_io_link/share/opcua_interfaces_io_link/cmake/ament_cmake_export_dependencies-extras.cmake
[2.762s] -- Up-to-date: /home/autopilot/ws/restackcell/ws_moveit2/install/opcua_interfaces_io_link/share/opcua_interfaces_io_link/cmake/rosidl_cmake_export_typesupport_libraries-extras.cmake
[2.762s] -- Up-to-date: /home/autopilot/ws/restackcell/ws_moveit2/install/opcua_interfaces_io_link/share/opcua_interfaces_io_link/cmake/opcua_interfaces_io_linkConfig.cmake
[2.762s] -- Up-to-date: /home/autopilot/ws/restackcell/ws_moveit2/install/opcua_interfaces_io_link/share/opcua_interfaces_io_link/cmake/opcua_interfaces_io_linkConfig-version.cmake
[2.762s] -- Up-to-date: /home/autopilot/ws/restackcell/ws_moveit2/install/opcua_interfaces_io_link/share/opcua_interfaces_io_link/package.xml
[2.762s] Invoked command in '/home/autopilot/ws/restackcell/ws_moveit2/build/opcua_interfaces_io_link' returned '0': CMAKE_PREFIX_PATH=/home/autopilot/ws/restackcell/ws_moveit2/install/opcua_interfaces_io_link:/home/autopilot/ws/restackcell/ws_moveit2/install/robo_planner:/home/autopilot/ws/restackcell/ws_moveit2/install/pcl_segmentation:/home/autopilot/ws/restackcell/ws_moveit2/install/moveit_backend:/home/autopilot/ws/restackcell/ws_moveit2/install/mockup_robot:/home/autopilot/ws/restackcell/ws_moveit2/install/robo_planner_py:/home/autopilot/ws/restackcell/ws_moveit2/install/grid_snapper:/home/autopilot/ws/restackcell/ws_moveit2/install/opcua_client:/home/autopilot/ws/restackcell/ws_moveit2/install/opcua_client_io_link:/home/autopilot/ws/restackcell/ws_moveit2/install/interface_opcua:/opt/ros/humble:/home/autopilot/ws/restackcell/ws_moveit2/install/wzlscheduler_interfaces:/home/autopilot/ws/restackcell/ws_moveit2/install/ur_pilz:/home/autopilot/ws/restackcell/ws_moveit2/install/robo_planner_msgs:/home/autopilot/ws/restackcell/ws_moveit2/install/opcua_interfaces:/home/autopilot/ws/restackcell/ws_moveit2/install/custom_ur_moveit_config:/home/autopilot/ws/restackcell/ws_moveit2/install/custom_ur_description /usr/bin/cmake --install /home/autopilot/ws/restackcell/ws_moveit2/build/opcua_interfaces_io_link
