[0.597s] Invoking command in '/home/autopilot/ws/restackcell/ws_moveit2/build/robo_planner_msgs': /usr/bin/cmake --build /home/autopilot/ws/restackcell/ws_moveit2/build/robo_planner_msgs -- -j8 -l8
[0.695s] [  0%] Built target robo_planner_msgs__cpp
[0.714s] [ 12%] Built target robo_planner_msgs__rosidl_generator_c
[0.740s] [ 12%] Built target ament_cmake_python_copy_robo_planner_msgs
[0.821s] [ 24%] Built target robo_planner_msgs__rosidl_typesupport_fastrtps_cpp
[0.837s] [ 36%] Built target robo_planner_msgs__rosidl_typesupport_cpp
[0.867s] [ 53%] Built target robo_planner_msgs__rosidl_typesupport_introspection_c
[0.883s] [ 70%] Built target robo_planner_msgs__rosidl_typesupport_fastrtps_c
[0.887s] [ 74%] Built target robo_planner_msgs__rosidl_typesupport_introspection_cpp
[0.888s] [ 84%] Built target robo_planner_msgs__rosidl_typesupport_c
[0.957s] [ 84%] Built target robo_planner_msgs
[0.995s] [ 85%] Built target robo_planner_msgs__py
[1.046s] [ 96%] Built target robo_planner_msgs__rosidl_generator_py
[1.085s] [ 98%] Built target robo_planner_msgs__rosidl_typesupport_introspection_c__pyext
[1.091s] [ 99%] Built target robo_planner_msgs__rosidl_typesupport_c__pyext
[1.107s] [100%] Built target robo_planner_msgs__rosidl_typesupport_fastrtps_c__pyext
[1.315s] running egg_info
[1.315s] writing robo_planner_msgs.egg-info/PKG-INFO
[1.315s] writing dependency_links to robo_planner_msgs.egg-info/dependency_links.txt
[1.322s] writing top-level names to robo_planner_msgs.egg-info/top_level.txt
[1.329s] reading manifest file 'robo_planner_msgs.egg-info/SOURCES.txt'
[1.329s] writing manifest file 'robo_planner_msgs.egg-info/SOURCES.txt'
[1.389s] [100%] Built target ament_cmake_python_build_robo_planner_msgs_egg
[1.433s] Invoked command in '/home/autopilot/ws/restackcell/ws_moveit2/build/robo_planner_msgs' returned '0': /usr/bin/cmake --build /home/autopilot/ws/restackcell/ws_moveit2/build/robo_planner_msgs -- -j8 -l8
[3.028s] Invoking command in '/home/autopilot/ws/restackcell/ws_moveit2/build/robo_planner_msgs': /usr/bin/cmake --install /home/autopilot/ws/restackcell/ws_moveit2/build/robo_planner_msgs
[3.042s] -- Install configuration: ""
[3.042s] -- Up-to-date: /home/autopilot/ws/restackcell/ws_moveit2/install/robo_planner_msgs/share/ament_index/resource_index/rosidl_interfaces/robo_planner_msgs
[3.042s] -- Up-to-date: /home/autopilot/ws/restackcell/ws_moveit2/install/robo_planner_msgs/include/robo_planner_msgs/robo_planner_msgs
[3.043s] -- Up-to-date: /home/autopilot/ws/restackcell/ws_moveit2/install/robo_planner_msgs/include/robo_planner_msgs/robo_planner_msgs/msg
[3.043s] -- Up-to-date: /home/autopilot/ws/restackcell/ws_moveit2/install/robo_planner_msgs/include/robo_planner_msgs/robo_planner_msgs/msg/scene_object_set_pose.h
[3.043s] -- Up-to-date: /home/autopilot/ws/restackcell/ws_moveit2/install/robo_planner_msgs/include/robo_planner_msgs/robo_planner_msgs/msg/labeled_point_clouds.h
[3.043s] -- Up-to-date: /home/autopilot/ws/restackcell/ws_moveit2/install/robo_planner_msgs/include/robo_planner_msgs/robo_planner_msgs/msg/scene_object_add.h
[3.043s] -- Up-to-date: /home/autopilot/ws/restackcell/ws_moveit2/install/robo_planner_msgs/include/robo_planner_msgs/robo_planner_msgs/msg/rosidl_generator_c__visibility_control.h
[3.043s] -- Up-to-date: /home/autopilot/ws/restackcell/ws_moveit2/install/robo_planner_msgs/include/robo_planner_msgs/robo_planner_msgs/msg/labeled_point_cloud.h
[3.043s] -- Up-to-date: /home/autopilot/ws/restackcell/ws_moveit2/install/robo_planner_msgs/include/robo_planner_msgs/robo_planner_msgs/msg/scene_object_remove.h
[3.043s] -- Up-to-date: /home/autopilot/ws/restackcell/ws_moveit2/install/robo_planner_msgs/include/robo_planner_msgs/robo_planner_msgs/msg/detail
[3.044s] -- Up-to-date: /home/autopilot/ws/restackcell/ws_moveit2/install/robo_planner_msgs/include/robo_planner_msgs/robo_planner_msgs/msg/detail/scene_object_add__functions.c
[3.044s] -- Up-to-date: /home/autopilot/ws/restackcell/ws_moveit2/install/robo_planner_msgs/include/robo_planner_msgs/robo_planner_msgs/msg/detail/scene_object_set_pose__functions.c
[3.044s] -- Up-to-date: /home/autopilot/ws/restackcell/ws_moveit2/install/robo_planner_msgs/include/robo_planner_msgs/robo_planner_msgs/msg/detail/labeled_point_clouds__type_support.h
[3.044s] -- Up-to-date: /home/autopilot/ws/restackcell/ws_moveit2/install/robo_planner_msgs/include/robo_planner_msgs/robo_planner_msgs/msg/detail/scene_object_remove__functions.c
[3.044s] -- Up-to-date: /home/autopilot/ws/restackcell/ws_moveit2/install/robo_planner_msgs/include/robo_planner_msgs/robo_planner_msgs/msg/detail/labeled_point_clouds__struct.h
[3.045s] -- Up-to-date: /home/autopilot/ws/restackcell/ws_moveit2/install/robo_planner_msgs/include/robo_planner_msgs/robo_planner_msgs/msg/detail/scene_object_remove__struct.h
[3.045s] -- Up-to-date: /home/autopilot/ws/restackcell/ws_moveit2/install/robo_planner_msgs/include/robo_planner_msgs/robo_planner_msgs/msg/detail/scene_object_add__functions.h
[3.045s] -- Up-to-date: /home/autopilot/ws/restackcell/ws_moveit2/install/robo_planner_msgs/include/robo_planner_msgs/robo_planner_msgs/msg/detail/labeled_point_cloud__functions.c
[3.045s] -- Up-to-date: /home/autopilot/ws/restackcell/ws_moveit2/install/robo_planner_msgs/include/robo_planner_msgs/robo_planner_msgs/msg/detail/scene_object_add__type_support.h
[3.045s] -- Up-to-date: /home/autopilot/ws/restackcell/ws_moveit2/install/robo_planner_msgs/include/robo_planner_msgs/robo_planner_msgs/msg/detail/labeled_point_clouds__functions.c
[3.046s] -- Up-to-date: /home/autopilot/ws/restackcell/ws_moveit2/install/robo_planner_msgs/include/robo_planner_msgs/robo_planner_msgs/msg/detail/scene_object_remove__type_support.h
[3.046s] -- Up-to-date: /home/autopilot/ws/restackcell/ws_moveit2/install/robo_planner_msgs/include/robo_planner_msgs/robo_planner_msgs/msg/detail/labeled_point_cloud__functions.h
[3.046s] -- Up-to-date: /home/autopilot/ws/restackcell/ws_moveit2/install/robo_planner_msgs/include/robo_planner_msgs/robo_planner_msgs/msg/detail/labeled_point_clouds__functions.h
[3.046s] -- Up-to-date: /home/autopilot/ws/restackcell/ws_moveit2/install/robo_planner_msgs/include/robo_planner_msgs/robo_planner_msgs/msg/detail/scene_object_set_pose__struct.h
[3.046s] -- Up-to-date: /home/autopilot/ws/restackcell/ws_moveit2/install/robo_planner_msgs/include/robo_planner_msgs/robo_planner_msgs/msg/detail/scene_object_add__struct.h
[3.046s] -- Up-to-date: /home/autopilot/ws/restackcell/ws_moveit2/install/robo_planner_msgs/include/robo_planner_msgs/robo_planner_msgs/msg/detail/labeled_point_cloud__struct.h
[3.047s] -- Up-to-date: /home/autopilot/ws/restackcell/ws_moveit2/install/robo_planner_msgs/include/robo_planner_msgs/robo_planner_msgs/msg/detail/scene_object_set_pose__type_support.h
[3.047s] -- Up-to-date: /home/autopilot/ws/restackcell/ws_moveit2/install/robo_planner_msgs/include/robo_planner_msgs/robo_planner_msgs/msg/detail/labeled_point_cloud__type_support.h
[3.047s] -- Up-to-date: /home/autopilot/ws/restackcell/ws_moveit2/install/robo_planner_msgs/include/robo_planner_msgs/robo_planner_msgs/msg/detail/scene_object_set_pose__functions.h
[3.047s] -- Up-to-date: /home/autopilot/ws/restackcell/ws_moveit2/install/robo_planner_msgs/include/robo_planner_msgs/robo_planner_msgs/msg/detail/scene_object_remove__functions.h
[3.047s] -- Up-to-date: /home/autopilot/ws/restackcell/ws_moveit2/install/robo_planner_msgs/include/robo_planner_msgs/robo_planner_msgs/srv
[3.047s] -- Up-to-date: /home/autopilot/ws/restackcell/ws_moveit2/install/robo_planner_msgs/include/robo_planner_msgs/robo_planner_msgs/srv/gripper_change_pick.h
[3.048s] -- Up-to-date: /home/autopilot/ws/restackcell/ws_moveit2/install/robo_planner_msgs/include/robo_planner_msgs/robo_planner_msgs/srv/pick.h
[3.049s] -- Up-to-date: /home/autopilot/ws/restackcell/ws_moveit2/install/robo_planner_msgs/include/robo_planner_msgs/robo_planner_msgs/srv/follow_trajectory.h
[3.050s] -- Up-to-date: /home/autopilot/ws/restackcell/ws_moveit2/install/robo_planner_msgs/include/robo_planner_msgs/robo_planner_msgs/srv/place.h
[3.050s] -- Up-to-date: /home/autopilot/ws/restackcell/ws_moveit2/install/robo_planner_msgs/include/robo_planner_msgs/robo_planner_msgs/srv/open_door.h
[3.051s] -- Up-to-date: /home/autopilot/ws/restackcell/ws_moveit2/install/robo_planner_msgs/include/robo_planner_msgs/robo_planner_msgs/srv/set_robot_value_velocity.h
[3.052s] -- Up-to-date: /home/autopilot/ws/restackcell/ws_moveit2/install/robo_planner_msgs/include/robo_planner_msgs/robo_planner_msgs/srv/detail
[3.053s] -- Up-to-date: /home/autopilot/ws/restackcell/ws_moveit2/install/robo_planner_msgs/include/robo_planner_msgs/robo_planner_msgs/srv/detail/gripper_close__functions.c
[3.054s] -- Up-to-date: /home/autopilot/ws/restackcell/ws_moveit2/install/robo_planner_msgs/include/robo_planner_msgs/robo_planner_msgs/srv/detail/follow_trajectory__type_support.h
[3.055s] -- Up-to-date: /home/autopilot/ws/restackcell/ws_moveit2/install/robo_planner_msgs/include/robo_planner_msgs/robo_planner_msgs/srv/detail/set_robot_value_velocity__struct.h
[3.056s] -- Up-to-date: /home/autopilot/ws/restackcell/ws_moveit2/install/robo_planner_msgs/include/robo_planner_msgs/robo_planner_msgs/srv/detail/gripper_change__functions.h
[3.057s] -- Up-to-date: /home/autopilot/ws/restackcell/ws_moveit2/install/robo_planner_msgs/include/robo_planner_msgs/robo_planner_msgs/srv/detail/set_robot_value_velocity__functions.h
[3.059s] -- Up-to-date: /home/autopilot/ws/restackcell/ws_moveit2/install/robo_planner_msgs/include/robo_planner_msgs/robo_planner_msgs/srv/detail/gripper_change_pick__functions.c
[3.059s] -- Up-to-date: /home/autopilot/ws/restackcell/ws_moveit2/install/robo_planner_msgs/include/robo_planner_msgs/robo_planner_msgs/srv/detail/gripper_change_pick__type_support.h
[3.060s] -- Up-to-date: /home/autopilot/ws/restackcell/ws_moveit2/install/robo_planner_msgs/include/robo_planner_msgs/robo_planner_msgs/srv/detail/place__struct.h
[3.061s] -- Up-to-date: /home/autopilot/ws/restackcell/ws_moveit2/install/robo_planner_msgs/include/robo_planner_msgs/robo_planner_msgs/srv/detail/gripper_close__functions.h
[3.062s] -- Up-to-date: /home/autopilot/ws/restackcell/ws_moveit2/install/robo_planner_msgs/include/robo_planner_msgs/robo_planner_msgs/srv/detail/gripper_open__functions.h
[3.062s] -- Up-to-date: /home/autopilot/ws/restackcell/ws_moveit2/install/robo_planner_msgs/include/robo_planner_msgs/robo_planner_msgs/srv/detail/pick_and_place__functions.h
[3.062s] -- Up-to-date: /home/autopilot/ws/restackcell/ws_moveit2/install/robo_planner_msgs/include/robo_planner_msgs/robo_planner_msgs/srv/detail/open_door__functions.c
[3.063s] -- Up-to-date: /home/autopilot/ws/restackcell/ws_moveit2/install/robo_planner_msgs/include/robo_planner_msgs/robo_planner_msgs/srv/detail/gripper_change_place__functions.h
[3.063s] -- Up-to-date: /home/autopilot/ws/restackcell/ws_moveit2/install/robo_planner_msgs/include/robo_planner_msgs/robo_planner_msgs/srv/detail/pick__functions.h
[3.063s] -- Up-to-date: /home/autopilot/ws/restackcell/ws_moveit2/install/robo_planner_msgs/include/robo_planner_msgs/robo_planner_msgs/srv/detail/gripper_change_pick__struct.h
[3.063s] -- Up-to-date: /home/autopilot/ws/restackcell/ws_moveit2/install/robo_planner_msgs/include/robo_planner_msgs/robo_planner_msgs/srv/detail/open_door__type_support.h
[3.063s] -- Up-to-date: /home/autopilot/ws/restackcell/ws_moveit2/install/robo_planner_msgs/include/robo_planner_msgs/robo_planner_msgs/srv/detail/open_door__struct.h
[3.063s] -- Up-to-date: /home/autopilot/ws/restackcell/ws_moveit2/install/robo_planner_msgs/include/robo_planner_msgs/robo_planner_msgs/srv/detail/gripper_close__struct.h
[3.063s] -- Up-to-date: /home/autopilot/ws/restackcell/ws_moveit2/install/robo_planner_msgs/include/robo_planner_msgs/robo_planner_msgs/srv/detail/move_to_pose__struct.h
[3.063s] -- Up-to-date: /home/autopilot/ws/restackcell/ws_moveit2/install/robo_planner_msgs/include/robo_planner_msgs/robo_planner_msgs/srv/detail/place__type_support.h
[3.064s] -- Up-to-date: /home/autopilot/ws/restackcell/ws_moveit2/install/robo_planner_msgs/include/robo_planner_msgs/robo_planner_msgs/srv/detail/set_robot_value_velocity__functions.c
[3.064s] -- Up-to-date: /home/autopilot/ws/restackcell/ws_moveit2/install/robo_planner_msgs/include/robo_planner_msgs/robo_planner_msgs/srv/detail/gripper_change__type_support.h
[3.064s] -- Up-to-date: /home/autopilot/ws/restackcell/ws_moveit2/install/robo_planner_msgs/include/robo_planner_msgs/robo_planner_msgs/srv/detail/place__functions.c
[3.064s] -- Up-to-date: /home/autopilot/ws/restackcell/ws_moveit2/install/robo_planner_msgs/include/robo_planner_msgs/robo_planner_msgs/srv/detail/gripper_open__functions.c
[3.064s] -- Up-to-date: /home/autopilot/ws/restackcell/ws_moveit2/install/robo_planner_msgs/include/robo_planner_msgs/robo_planner_msgs/srv/detail/gripper_change__functions.c
[3.064s] -- Up-to-date: /home/autopilot/ws/restackcell/ws_moveit2/install/robo_planner_msgs/include/robo_planner_msgs/robo_planner_msgs/srv/detail/pick_and_place__functions.c
[3.064s] -- Up-to-date: /home/autopilot/ws/restackcell/ws_moveit2/install/robo_planner_msgs/include/robo_planner_msgs/robo_planner_msgs/srv/detail/gripper_change_place__functions.c
[3.064s] -- Up-to-date: /home/autopilot/ws/restackcell/ws_moveit2/install/robo_planner_msgs/include/robo_planner_msgs/robo_planner_msgs/srv/detail/move_to_pose__type_support.h
[3.064s] -- Up-to-date: /home/autopilot/ws/restackcell/ws_moveit2/install/robo_planner_msgs/include/robo_planner_msgs/robo_planner_msgs/srv/detail/pick__struct.h
[3.065s] -- Up-to-date: /home/autopilot/ws/restackcell/ws_moveit2/install/robo_planner_msgs/include/robo_planner_msgs/robo_planner_msgs/srv/detail/gripper_open__type_support.h
[3.065s] -- Up-to-date: /home/autopilot/ws/restackcell/ws_moveit2/install/robo_planner_msgs/include/robo_planner_msgs/robo_planner_msgs/srv/detail/gripper_change_place__struct.h
[3.065s] -- Up-to-date: /home/autopilot/ws/restackcell/ws_moveit2/install/robo_planner_msgs/include/robo_planner_msgs/robo_planner_msgs/srv/detail/open_door__functions.h
[3.065s] -- Up-to-date: /home/autopilot/ws/restackcell/ws_moveit2/install/robo_planner_msgs/include/robo_planner_msgs/robo_planner_msgs/srv/detail/gripper_change_place__type_support.h
[3.065s] -- Up-to-date: /home/autopilot/ws/restackcell/ws_moveit2/install/robo_planner_msgs/include/robo_planner_msgs/robo_planner_msgs/srv/detail/move_to_pose__functions.c
[3.065s] -- Up-to-date: /home/autopilot/ws/restackcell/ws_moveit2/install/robo_planner_msgs/include/robo_planner_msgs/robo_planner_msgs/srv/detail/pick__type_support.h
[3.065s] -- Up-to-date: /home/autopilot/ws/restackcell/ws_moveit2/install/robo_planner_msgs/include/robo_planner_msgs/robo_planner_msgs/srv/detail/gripper_close__type_support.h
[3.066s] -- Up-to-date: /home/autopilot/ws/restackcell/ws_moveit2/install/robo_planner_msgs/include/robo_planner_msgs/robo_planner_msgs/srv/detail/follow_trajectory__functions.c
[3.066s] -- Up-to-date: /home/autopilot/ws/restackcell/ws_moveit2/install/robo_planner_msgs/include/robo_planner_msgs/robo_planner_msgs/srv/detail/follow_trajectory__struct.h
[3.066s] -- Up-to-date: /home/autopilot/ws/restackcell/ws_moveit2/install/robo_planner_msgs/include/robo_planner_msgs/robo_planner_msgs/srv/detail/gripper_open__struct.h
[3.066s] -- Up-to-date: /home/autopilot/ws/restackcell/ws_moveit2/install/robo_planner_msgs/include/robo_planner_msgs/robo_planner_msgs/srv/detail/pick__functions.c
[3.066s] -- Up-to-date: /home/autopilot/ws/restackcell/ws_moveit2/install/robo_planner_msgs/include/robo_planner_msgs/robo_planner_msgs/srv/detail/place__functions.h
[3.066s] -- Up-to-date: /home/autopilot/ws/restackcell/ws_moveit2/install/robo_planner_msgs/include/robo_planner_msgs/robo_planner_msgs/srv/detail/move_to_pose__functions.h
[3.067s] -- Up-to-date: /home/autopilot/ws/restackcell/ws_moveit2/install/robo_planner_msgs/include/robo_planner_msgs/robo_planner_msgs/srv/detail/pick_and_place__struct.h
[3.067s] -- Up-to-date: /home/autopilot/ws/restackcell/ws_moveit2/install/robo_planner_msgs/include/robo_planner_msgs/robo_planner_msgs/srv/detail/gripper_change_pick__functions.h
[3.067s] -- Up-to-date: /home/autopilot/ws/restackcell/ws_moveit2/install/robo_planner_msgs/include/robo_planner_msgs/robo_planner_msgs/srv/detail/gripper_change__struct.h
[3.067s] -- Up-to-date: /home/autopilot/ws/restackcell/ws_moveit2/install/robo_planner_msgs/include/robo_planner_msgs/robo_planner_msgs/srv/detail/pick_and_place__type_support.h
[3.067s] -- Up-to-date: /home/autopilot/ws/restackcell/ws_moveit2/install/robo_planner_msgs/include/robo_planner_msgs/robo_planner_msgs/srv/detail/follow_trajectory__functions.h
[3.067s] -- Up-to-date: /home/autopilot/ws/restackcell/ws_moveit2/install/robo_planner_msgs/include/robo_planner_msgs/robo_planner_msgs/srv/detail/set_robot_value_velocity__type_support.h
[3.067s] -- Up-to-date: /home/autopilot/ws/restackcell/ws_moveit2/install/robo_planner_msgs/include/robo_planner_msgs/robo_planner_msgs/srv/pick_and_place.h
[3.068s] -- Up-to-date: /home/autopilot/ws/restackcell/ws_moveit2/install/robo_planner_msgs/include/robo_planner_msgs/robo_planner_msgs/srv/gripper_open.h
[3.068s] -- Up-to-date: /home/autopilot/ws/restackcell/ws_moveit2/install/robo_planner_msgs/include/robo_planner_msgs/robo_planner_msgs/srv/gripper_close.h
[3.068s] -- Up-to-date: /home/autopilot/ws/restackcell/ws_moveit2/install/robo_planner_msgs/include/robo_planner_msgs/robo_planner_msgs/srv/gripper_change.h
[3.068s] -- Up-to-date: /home/autopilot/ws/restackcell/ws_moveit2/install/robo_planner_msgs/include/robo_planner_msgs/robo_planner_msgs/srv/move_to_pose.h
[3.068s] -- Up-to-date: /home/autopilot/ws/restackcell/ws_moveit2/install/robo_planner_msgs/include/robo_planner_msgs/robo_planner_msgs/srv/gripper_change_place.h
[3.069s] -- Up-to-date: /home/autopilot/ws/restackcell/ws_moveit2/install/robo_planner_msgs/share/robo_planner_msgs/environment/library_path.sh
[3.069s] -- Up-to-date: /home/autopilot/ws/restackcell/ws_moveit2/install/robo_planner_msgs/share/robo_planner_msgs/environment/library_path.dsv
[3.069s] -- Up-to-date: /home/autopilot/ws/restackcell/ws_moveit2/install/robo_planner_msgs/lib/librobo_planner_msgs__rosidl_generator_c.so
[3.069s] -- Up-to-date: /home/autopilot/ws/restackcell/ws_moveit2/install/robo_planner_msgs/include/robo_planner_msgs/robo_planner_msgs
[3.069s] -- Up-to-date: /home/autopilot/ws/restackcell/ws_moveit2/install/robo_planner_msgs/include/robo_planner_msgs/robo_planner_msgs/msg
[3.069s] -- Up-to-date: /home/autopilot/ws/restackcell/ws_moveit2/install/robo_planner_msgs/include/robo_planner_msgs/robo_planner_msgs/msg/rosidl_typesupport_fastrtps_c__visibility_control.h
[3.069s] -- Up-to-date: /home/autopilot/ws/restackcell/ws_moveit2/install/robo_planner_msgs/include/robo_planner_msgs/robo_planner_msgs/msg/detail
[3.069s] -- Up-to-date: /home/autopilot/ws/restackcell/ws_moveit2/install/robo_planner_msgs/include/robo_planner_msgs/robo_planner_msgs/msg/detail/scene_object_remove__rosidl_typesupport_fastrtps_c.h
[3.069s] -- Up-to-date: /home/autopilot/ws/restackcell/ws_moveit2/install/robo_planner_msgs/include/robo_planner_msgs/robo_planner_msgs/msg/detail/scene_object_add__rosidl_typesupport_fastrtps_c.h
[3.070s] -- Up-to-date: /home/autopilot/ws/restackcell/ws_moveit2/install/robo_planner_msgs/include/robo_planner_msgs/robo_planner_msgs/msg/detail/labeled_point_clouds__rosidl_typesupport_fastrtps_c.h
[3.070s] -- Up-to-date: /home/autopilot/ws/restackcell/ws_moveit2/install/robo_planner_msgs/include/robo_planner_msgs/robo_planner_msgs/msg/detail/labeled_point_cloud__rosidl_typesupport_fastrtps_c.h
[3.070s] -- Up-to-date: /home/autopilot/ws/restackcell/ws_moveit2/install/robo_planner_msgs/include/robo_planner_msgs/robo_planner_msgs/msg/detail/scene_object_set_pose__rosidl_typesupport_fastrtps_c.h
[3.070s] -- Up-to-date: /home/autopilot/ws/restackcell/ws_moveit2/install/robo_planner_msgs/include/robo_planner_msgs/robo_planner_msgs/srv
[3.070s] -- Up-to-date: /home/autopilot/ws/restackcell/ws_moveit2/install/robo_planner_msgs/include/robo_planner_msgs/robo_planner_msgs/srv/detail
[3.070s] -- Up-to-date: /home/autopilot/ws/restackcell/ws_moveit2/install/robo_planner_msgs/include/robo_planner_msgs/robo_planner_msgs/srv/detail/gripper_change_place__rosidl_typesupport_fastrtps_c.h
[3.070s] -- Up-to-date: /home/autopilot/ws/restackcell/ws_moveit2/install/robo_planner_msgs/include/robo_planner_msgs/robo_planner_msgs/srv/detail/place__rosidl_typesupport_fastrtps_c.h
[3.071s] -- Up-to-date: /home/autopilot/ws/restackcell/ws_moveit2/install/robo_planner_msgs/include/robo_planner_msgs/robo_planner_msgs/srv/detail/set_robot_value_velocity__rosidl_typesupport_fastrtps_c.h
[3.071s] -- Up-to-date: /home/autopilot/ws/restackcell/ws_moveit2/install/robo_planner_msgs/include/robo_planner_msgs/robo_planner_msgs/srv/detail/move_to_pose__rosidl_typesupport_fastrtps_c.h
[3.071s] -- Up-to-date: /home/autopilot/ws/restackcell/ws_moveit2/install/robo_planner_msgs/include/robo_planner_msgs/robo_planner_msgs/srv/detail/pick_and_place__rosidl_typesupport_fastrtps_c.h
[3.071s] -- Up-to-date: /home/autopilot/ws/restackcell/ws_moveit2/install/robo_planner_msgs/include/robo_planner_msgs/robo_planner_msgs/srv/detail/follow_trajectory__rosidl_typesupport_fastrtps_c.h
[3.071s] -- Up-to-date: /home/autopilot/ws/restackcell/ws_moveit2/install/robo_planner_msgs/include/robo_planner_msgs/robo_planner_msgs/srv/detail/gripper_open__rosidl_typesupport_fastrtps_c.h
[3.071s] -- Up-to-date: /home/autopilot/ws/restackcell/ws_moveit2/install/robo_planner_msgs/include/robo_planner_msgs/robo_planner_msgs/srv/detail/gripper_change__rosidl_typesupport_fastrtps_c.h
[3.072s] -- Up-to-date: /home/autopilot/ws/restackcell/ws_moveit2/install/robo_planner_msgs/include/robo_planner_msgs/robo_planner_msgs/srv/detail/open_door__rosidl_typesupport_fastrtps_c.h
[3.072s] -- Up-to-date: /home/autopilot/ws/restackcell/ws_moveit2/install/robo_planner_msgs/include/robo_planner_msgs/robo_planner_msgs/srv/detail/gripper_change_pick__rosidl_typesupport_fastrtps_c.h
[3.072s] -- Up-to-date: /home/autopilot/ws/restackcell/ws_moveit2/install/robo_planner_msgs/include/robo_planner_msgs/robo_planner_msgs/srv/detail/gripper_close__rosidl_typesupport_fastrtps_c.h
[3.072s] -- Up-to-date: /home/autopilot/ws/restackcell/ws_moveit2/install/robo_planner_msgs/include/robo_planner_msgs/robo_planner_msgs/srv/detail/pick__rosidl_typesupport_fastrtps_c.h
[3.072s] -- Up-to-date: /home/autopilot/ws/restackcell/ws_moveit2/install/robo_planner_msgs/lib/librobo_planner_msgs__rosidl_typesupport_fastrtps_c.so
[3.072s] -- Up-to-date: /home/autopilot/ws/restackcell/ws_moveit2/install/robo_planner_msgs/include/robo_planner_msgs/robo_planner_msgs
[3.072s] -- Up-to-date: /home/autopilot/ws/restackcell/ws_moveit2/install/robo_planner_msgs/include/robo_planner_msgs/robo_planner_msgs/msg
[3.073s] -- Up-to-date: /home/autopilot/ws/restackcell/ws_moveit2/install/robo_planner_msgs/include/robo_planner_msgs/robo_planner_msgs/msg/rosidl_typesupport_introspection_c__visibility_control.h
[3.073s] -- Up-to-date: /home/autopilot/ws/restackcell/ws_moveit2/install/robo_planner_msgs/include/robo_planner_msgs/robo_planner_msgs/msg/detail
[3.073s] -- Up-to-date: /home/autopilot/ws/restackcell/ws_moveit2/install/robo_planner_msgs/include/robo_planner_msgs/robo_planner_msgs/msg/detail/labeled_point_clouds__type_support.c
[3.073s] -- Up-to-date: /home/autopilot/ws/restackcell/ws_moveit2/install/robo_planner_msgs/include/robo_planner_msgs/robo_planner_msgs/msg/detail/labeled_point_cloud__rosidl_typesupport_introspection_c.h
[3.073s] -- Up-to-date: /home/autopilot/ws/restackcell/ws_moveit2/install/robo_planner_msgs/include/robo_planner_msgs/robo_planner_msgs/msg/detail/labeled_point_clouds__rosidl_typesupport_introspection_c.h
[3.073s] -- Up-to-date: /home/autopilot/ws/restackcell/ws_moveit2/install/robo_planner_msgs/include/robo_planner_msgs/robo_planner_msgs/msg/detail/scene_object_add__rosidl_typesupport_introspection_c.h
[3.073s] -- Up-to-date: /home/autopilot/ws/restackcell/ws_moveit2/install/robo_planner_msgs/include/robo_planner_msgs/robo_planner_msgs/msg/detail/scene_object_set_pose__type_support.c
[3.074s] -- Up-to-date: /home/autopilot/ws/restackcell/ws_moveit2/install/robo_planner_msgs/include/robo_planner_msgs/robo_planner_msgs/msg/detail/scene_object_remove__rosidl_typesupport_introspection_c.h
[3.074s] -- Up-to-date: /home/autopilot/ws/restackcell/ws_moveit2/install/robo_planner_msgs/include/robo_planner_msgs/robo_planner_msgs/msg/detail/scene_object_remove__type_support.c
[3.074s] -- Up-to-date: /home/autopilot/ws/restackcell/ws_moveit2/install/robo_planner_msgs/include/robo_planner_msgs/robo_planner_msgs/msg/detail/labeled_point_cloud__type_support.c
[3.074s] -- Up-to-date: /home/autopilot/ws/restackcell/ws_moveit2/install/robo_planner_msgs/include/robo_planner_msgs/robo_planner_msgs/msg/detail/scene_object_add__type_support.c
[3.074s] -- Up-to-date: /home/autopilot/ws/restackcell/ws_moveit2/install/robo_planner_msgs/include/robo_planner_msgs/robo_planner_msgs/msg/detail/scene_object_set_pose__rosidl_typesupport_introspection_c.h
[3.074s] -- Up-to-date: /home/autopilot/ws/restackcell/ws_moveit2/install/robo_planner_msgs/include/robo_planner_msgs/robo_planner_msgs/srv
[3.074s] -- Up-to-date: /home/autopilot/ws/restackcell/ws_moveit2/install/robo_planner_msgs/include/robo_planner_msgs/robo_planner_msgs/srv/detail
[3.074s] -- Up-to-date: /home/autopilot/ws/restackcell/ws_moveit2/install/robo_planner_msgs/include/robo_planner_msgs/robo_planner_msgs/srv/detail/follow_trajectory__rosidl_typesupport_introspection_c.h
[3.075s] -- Up-to-date: /home/autopilot/ws/restackcell/ws_moveit2/install/robo_planner_msgs/include/robo_planner_msgs/robo_planner_msgs/srv/detail/gripper_close__type_support.c
[3.075s] -- Up-to-date: /home/autopilot/ws/restackcell/ws_moveit2/install/robo_planner_msgs/include/robo_planner_msgs/robo_planner_msgs/srv/detail/gripper_change__type_support.c
[3.075s] -- Up-to-date: /home/autopilot/ws/restackcell/ws_moveit2/install/robo_planner_msgs/include/robo_planner_msgs/robo_planner_msgs/srv/detail/pick_and_place__rosidl_typesupport_introspection_c.h
[3.075s] -- Up-to-date: /home/autopilot/ws/restackcell/ws_moveit2/install/robo_planner_msgs/include/robo_planner_msgs/robo_planner_msgs/srv/detail/pick_and_place__type_support.c
[3.075s] -- Up-to-date: /home/autopilot/ws/restackcell/ws_moveit2/install/robo_planner_msgs/include/robo_planner_msgs/robo_planner_msgs/srv/detail/set_robot_value_velocity__rosidl_typesupport_introspection_c.h
[3.075s] -- Up-to-date: /home/autopilot/ws/restackcell/ws_moveit2/install/robo_planner_msgs/include/robo_planner_msgs/robo_planner_msgs/srv/detail/set_robot_value_velocity__type_support.c
[3.075s] -- Up-to-date: /home/autopilot/ws/restackcell/ws_moveit2/install/robo_planner_msgs/include/robo_planner_msgs/robo_planner_msgs/srv/detail/move_to_pose__rosidl_typesupport_introspection_c.h
[3.075s] -- Up-to-date: /home/autopilot/ws/restackcell/ws_moveit2/install/robo_planner_msgs/include/robo_planner_msgs/robo_planner_msgs/srv/detail/open_door__type_support.c
[3.076s] -- Up-to-date: /home/autopilot/ws/restackcell/ws_moveit2/install/robo_planner_msgs/include/robo_planner_msgs/robo_planner_msgs/srv/detail/gripper_open__rosidl_typesupport_introspection_c.h
[3.076s] -- Up-to-date: /home/autopilot/ws/restackcell/ws_moveit2/install/robo_planner_msgs/include/robo_planner_msgs/robo_planner_msgs/srv/detail/gripper_change_pick__rosidl_typesupport_introspection_c.h
[3.076s] -- Up-to-date: /home/autopilot/ws/restackcell/ws_moveit2/install/robo_planner_msgs/include/robo_planner_msgs/robo_planner_msgs/srv/detail/place__type_support.c
[3.076s] -- Up-to-date: /home/autopilot/ws/restackcell/ws_moveit2/install/robo_planner_msgs/include/robo_planner_msgs/robo_planner_msgs/srv/detail/gripper_change_pick__type_support.c
[3.076s] -- Up-to-date: /home/autopilot/ws/restackcell/ws_moveit2/install/robo_planner_msgs/include/robo_planner_msgs/robo_planner_msgs/srv/detail/pick__type_support.c
[3.076s] -- Up-to-date: /home/autopilot/ws/restackcell/ws_moveit2/install/robo_planner_msgs/include/robo_planner_msgs/robo_planner_msgs/srv/detail/gripper_open__type_support.c
[3.076s] -- Up-to-date: /home/autopilot/ws/restackcell/ws_moveit2/install/robo_planner_msgs/include/robo_planner_msgs/robo_planner_msgs/srv/detail/gripper_close__rosidl_typesupport_introspection_c.h
[3.077s] -- Up-to-date: /home/autopilot/ws/restackcell/ws_moveit2/install/robo_planner_msgs/include/robo_planner_msgs/robo_planner_msgs/srv/detail/open_door__rosidl_typesupport_introspection_c.h
[3.077s] -- Up-to-date: /home/autopilot/ws/restackcell/ws_moveit2/install/robo_planner_msgs/include/robo_planner_msgs/robo_planner_msgs/srv/detail/gripper_change_place__type_support.c
[3.077s] -- Up-to-date: /home/autopilot/ws/restackcell/ws_moveit2/install/robo_planner_msgs/include/robo_planner_msgs/robo_planner_msgs/srv/detail/gripper_change__rosidl_typesupport_introspection_c.h
[3.077s] -- Up-to-date: /home/autopilot/ws/restackcell/ws_moveit2/install/robo_planner_msgs/include/robo_planner_msgs/robo_planner_msgs/srv/detail/place__rosidl_typesupport_introspection_c.h
[3.077s] -- Up-to-date: /home/autopilot/ws/restackcell/ws_moveit2/install/robo_planner_msgs/include/robo_planner_msgs/robo_planner_msgs/srv/detail/gripper_change_place__rosidl_typesupport_introspection_c.h
[3.077s] -- Up-to-date: /home/autopilot/ws/restackcell/ws_moveit2/install/robo_planner_msgs/include/robo_planner_msgs/robo_planner_msgs/srv/detail/pick__rosidl_typesupport_introspection_c.h
[3.077s] -- Up-to-date: /home/autopilot/ws/restackcell/ws_moveit2/install/robo_planner_msgs/include/robo_planner_msgs/robo_planner_msgs/srv/detail/follow_trajectory__type_support.c
[3.078s] -- Up-to-date: /home/autopilot/ws/restackcell/ws_moveit2/install/robo_planner_msgs/include/robo_planner_msgs/robo_planner_msgs/srv/detail/move_to_pose__type_support.c
[3.078s] -- Up-to-date: /home/autopilot/ws/restackcell/ws_moveit2/install/robo_planner_msgs/lib/librobo_planner_msgs__rosidl_typesupport_introspection_c.so
[3.078s] -- Up-to-date: /home/autopilot/ws/restackcell/ws_moveit2/install/robo_planner_msgs/lib/librobo_planner_msgs__rosidl_typesupport_c.so
[3.078s] -- Up-to-date: /home/autopilot/ws/restackcell/ws_moveit2/install/robo_planner_msgs/include/robo_planner_msgs/robo_planner_msgs
[3.078s] -- Up-to-date: /home/autopilot/ws/restackcell/ws_moveit2/install/robo_planner_msgs/include/robo_planner_msgs/robo_planner_msgs/msg
[3.078s] -- Up-to-date: /home/autopilot/ws/restackcell/ws_moveit2/install/robo_planner_msgs/include/robo_planner_msgs/robo_planner_msgs/msg/labeled_point_cloud.hpp
[3.078s] -- Up-to-date: /home/autopilot/ws/restackcell/ws_moveit2/install/robo_planner_msgs/include/robo_planner_msgs/robo_planner_msgs/msg/scene_object_set_pose.hpp
[3.079s] -- Up-to-date: /home/autopilot/ws/restackcell/ws_moveit2/install/robo_planner_msgs/include/robo_planner_msgs/robo_planner_msgs/msg/detail
[3.079s] -- Up-to-date: /home/autopilot/ws/restackcell/ws_moveit2/install/robo_planner_msgs/include/robo_planner_msgs/robo_planner_msgs/msg/detail/scene_object_set_pose__builder.hpp
[3.079s] -- Up-to-date: /home/autopilot/ws/restackcell/ws_moveit2/install/robo_planner_msgs/include/robo_planner_msgs/robo_planner_msgs/msg/detail/labeled_point_cloud__struct.hpp
[3.079s] -- Up-to-date: /home/autopilot/ws/restackcell/ws_moveit2/install/robo_planner_msgs/include/robo_planner_msgs/robo_planner_msgs/msg/detail/scene_object_remove__builder.hpp
[3.079s] -- Up-to-date: /home/autopilot/ws/restackcell/ws_moveit2/install/robo_planner_msgs/include/robo_planner_msgs/robo_planner_msgs/msg/detail/scene_object_remove__struct.hpp
[3.079s] -- Up-to-date: /home/autopilot/ws/restackcell/ws_moveit2/install/robo_planner_msgs/include/robo_planner_msgs/robo_planner_msgs/msg/detail/labeled_point_clouds__builder.hpp
[3.079s] -- Up-to-date: /home/autopilot/ws/restackcell/ws_moveit2/install/robo_planner_msgs/include/robo_planner_msgs/robo_planner_msgs/msg/detail/labeled_point_clouds__struct.hpp
[3.079s] -- Up-to-date: /home/autopilot/ws/restackcell/ws_moveit2/install/robo_planner_msgs/include/robo_planner_msgs/robo_planner_msgs/msg/detail/scene_object_set_pose__struct.hpp
[3.080s] -- Up-to-date: /home/autopilot/ws/restackcell/ws_moveit2/install/robo_planner_msgs/include/robo_planner_msgs/robo_planner_msgs/msg/detail/labeled_point_cloud__traits.hpp
[3.080s] -- Up-to-date: /home/autopilot/ws/restackcell/ws_moveit2/install/robo_planner_msgs/include/robo_planner_msgs/robo_planner_msgs/msg/detail/labeled_point_cloud__builder.hpp
[3.080s] -- Up-to-date: /home/autopilot/ws/restackcell/ws_moveit2/install/robo_planner_msgs/include/robo_planner_msgs/robo_planner_msgs/msg/detail/scene_object_add__builder.hpp
[3.080s] -- Up-to-date: /home/autopilot/ws/restackcell/ws_moveit2/install/robo_planner_msgs/include/robo_planner_msgs/robo_planner_msgs/msg/detail/labeled_point_clouds__traits.hpp
[3.081s] -- Up-to-date: /home/autopilot/ws/restackcell/ws_moveit2/install/robo_planner_msgs/include/robo_planner_msgs/robo_planner_msgs/msg/detail/scene_object_add__struct.hpp
[3.081s] -- Up-to-date: /home/autopilot/ws/restackcell/ws_moveit2/install/robo_planner_msgs/include/robo_planner_msgs/robo_planner_msgs/msg/detail/scene_object_set_pose__traits.hpp
[3.081s] -- Up-to-date: /home/autopilot/ws/restackcell/ws_moveit2/install/robo_planner_msgs/include/robo_planner_msgs/robo_planner_msgs/msg/detail/scene_object_remove__traits.hpp
[3.081s] -- Up-to-date: /home/autopilot/ws/restackcell/ws_moveit2/install/robo_planner_msgs/include/robo_planner_msgs/robo_planner_msgs/msg/detail/scene_object_add__traits.hpp
[3.081s] -- Up-to-date: /home/autopilot/ws/restackcell/ws_moveit2/install/robo_planner_msgs/include/robo_planner_msgs/robo_planner_msgs/msg/scene_object_remove.hpp
[3.081s] -- Up-to-date: /home/autopilot/ws/restackcell/ws_moveit2/install/robo_planner_msgs/include/robo_planner_msgs/robo_planner_msgs/msg/scene_object_add.hpp
[3.081s] -- Up-to-date: /home/autopilot/ws/restackcell/ws_moveit2/install/robo_planner_msgs/include/robo_planner_msgs/robo_planner_msgs/msg/labeled_point_clouds.hpp
[3.081s] -- Up-to-date: /home/autopilot/ws/restackcell/ws_moveit2/install/robo_planner_msgs/include/robo_planner_msgs/robo_planner_msgs/srv
[3.082s] -- Up-to-date: /home/autopilot/ws/restackcell/ws_moveit2/install/robo_planner_msgs/include/robo_planner_msgs/robo_planner_msgs/srv/gripper_change_pick.hpp
[3.082s] -- Up-to-date: /home/autopilot/ws/restackcell/ws_moveit2/install/robo_planner_msgs/include/robo_planner_msgs/robo_planner_msgs/srv/follow_trajectory.hpp
[3.082s] -- Up-to-date: /home/autopilot/ws/restackcell/ws_moveit2/install/robo_planner_msgs/include/robo_planner_msgs/robo_planner_msgs/srv/set_robot_value_velocity.hpp
[3.082s] -- Up-to-date: /home/autopilot/ws/restackcell/ws_moveit2/install/robo_planner_msgs/include/robo_planner_msgs/robo_planner_msgs/srv/gripper_open.hpp
[3.082s] -- Up-to-date: /home/autopilot/ws/restackcell/ws_moveit2/install/robo_planner_msgs/include/robo_planner_msgs/robo_planner_msgs/srv/pick.hpp
[3.082s] -- Up-to-date: /home/autopilot/ws/restackcell/ws_moveit2/install/robo_planner_msgs/include/robo_planner_msgs/robo_planner_msgs/srv/gripper_change_place.hpp
[3.083s] -- Up-to-date: /home/autopilot/ws/restackcell/ws_moveit2/install/robo_planner_msgs/include/robo_planner_msgs/robo_planner_msgs/srv/open_door.hpp
[3.083s] -- Up-to-date: /home/autopilot/ws/restackcell/ws_moveit2/install/robo_planner_msgs/include/robo_planner_msgs/robo_planner_msgs/srv/detail
[3.083s] -- Up-to-date: /home/autopilot/ws/restackcell/ws_moveit2/install/robo_planner_msgs/include/robo_planner_msgs/robo_planner_msgs/srv/detail/gripper_change_pick__traits.hpp
[3.083s] -- Up-to-date: /home/autopilot/ws/restackcell/ws_moveit2/install/robo_planner_msgs/include/robo_planner_msgs/robo_planner_msgs/srv/detail/gripper_close__builder.hpp
[3.083s] -- Up-to-date: /home/autopilot/ws/restackcell/ws_moveit2/install/robo_planner_msgs/include/robo_planner_msgs/robo_planner_msgs/srv/detail/pick__traits.hpp
[3.084s] -- Up-to-date: /home/autopilot/ws/restackcell/ws_moveit2/install/robo_planner_msgs/include/robo_planner_msgs/robo_planner_msgs/srv/detail/gripper_open__struct.hpp
[3.084s] -- Up-to-date: /home/autopilot/ws/restackcell/ws_moveit2/install/robo_planner_msgs/include/robo_planner_msgs/robo_planner_msgs/srv/detail/gripper_open__traits.hpp
[3.084s] -- Up-to-date: /home/autopilot/ws/restackcell/ws_moveit2/install/robo_planner_msgs/include/robo_planner_msgs/robo_planner_msgs/srv/detail/move_to_pose__struct.hpp
[3.084s] -- Up-to-date: /home/autopilot/ws/restackcell/ws_moveit2/install/robo_planner_msgs/include/robo_planner_msgs/robo_planner_msgs/srv/detail/gripper_change_pick__struct.hpp
[3.084s] -- Up-to-date: /home/autopilot/ws/restackcell/ws_moveit2/install/robo_planner_msgs/include/robo_planner_msgs/robo_planner_msgs/srv/detail/follow_trajectory__traits.hpp
[3.084s] -- Up-to-date: /home/autopilot/ws/restackcell/ws_moveit2/install/robo_planner_msgs/include/robo_planner_msgs/robo_planner_msgs/srv/detail/pick_and_place__builder.hpp
[3.085s] -- Up-to-date: /home/autopilot/ws/restackcell/ws_moveit2/install/robo_planner_msgs/include/robo_planner_msgs/robo_planner_msgs/srv/detail/gripper_change__struct.hpp
[3.085s] -- Up-to-date: /home/autopilot/ws/restackcell/ws_moveit2/install/robo_planner_msgs/include/robo_planner_msgs/robo_planner_msgs/srv/detail/set_robot_value_velocity__traits.hpp
[3.085s] -- Up-to-date: /home/autopilot/ws/restackcell/ws_moveit2/install/robo_planner_msgs/include/robo_planner_msgs/robo_planner_msgs/srv/detail/open_door__builder.hpp
[3.085s] -- Up-to-date: /home/autopilot/ws/restackcell/ws_moveit2/install/robo_planner_msgs/include/robo_planner_msgs/robo_planner_msgs/srv/detail/gripper_change__builder.hpp
[3.085s] -- Up-to-date: /home/autopilot/ws/restackcell/ws_moveit2/install/robo_planner_msgs/include/robo_planner_msgs/robo_planner_msgs/srv/detail/open_door__struct.hpp
[3.086s] -- Up-to-date: /home/autopilot/ws/restackcell/ws_moveit2/install/robo_planner_msgs/include/robo_planner_msgs/robo_planner_msgs/srv/detail/follow_trajectory__struct.hpp
[3.086s] -- Up-to-date: /home/autopilot/ws/restackcell/ws_moveit2/install/robo_planner_msgs/include/robo_planner_msgs/robo_planner_msgs/srv/detail/place__struct.hpp
[3.086s] -- Up-to-date: /home/autopilot/ws/restackcell/ws_moveit2/install/robo_planner_msgs/include/robo_planner_msgs/robo_planner_msgs/srv/detail/pick_and_place__struct.hpp
[3.086s] -- Up-to-date: /home/autopilot/ws/restackcell/ws_moveit2/install/robo_planner_msgs/include/robo_planner_msgs/robo_planner_msgs/srv/detail/gripper_change_pick__builder.hpp
[3.086s] -- Up-to-date: /home/autopilot/ws/restackcell/ws_moveit2/install/robo_planner_msgs/include/robo_planner_msgs/robo_planner_msgs/srv/detail/gripper_change_place__traits.hpp
[3.086s] -- Up-to-date: /home/autopilot/ws/restackcell/ws_moveit2/install/robo_planner_msgs/include/robo_planner_msgs/robo_planner_msgs/srv/detail/place__builder.hpp
[3.086s] -- Up-to-date: /home/autopilot/ws/restackcell/ws_moveit2/install/robo_planner_msgs/include/robo_planner_msgs/robo_planner_msgs/srv/detail/gripper_change__traits.hpp
[3.087s] -- Up-to-date: /home/autopilot/ws/restackcell/ws_moveit2/install/robo_planner_msgs/include/robo_planner_msgs/robo_planner_msgs/srv/detail/set_robot_value_velocity__builder.hpp
[3.087s] -- Up-to-date: /home/autopilot/ws/restackcell/ws_moveit2/install/robo_planner_msgs/include/robo_planner_msgs/robo_planner_msgs/srv/detail/move_to_pose__traits.hpp
[3.087s] -- Up-to-date: /home/autopilot/ws/restackcell/ws_moveit2/install/robo_planner_msgs/include/robo_planner_msgs/robo_planner_msgs/srv/detail/gripper_change_place__struct.hpp
[3.087s] -- Up-to-date: /home/autopilot/ws/restackcell/ws_moveit2/install/robo_planner_msgs/include/robo_planner_msgs/robo_planner_msgs/srv/detail/pick_and_place__traits.hpp
[3.087s] -- Up-to-date: /home/autopilot/ws/restackcell/ws_moveit2/install/robo_planner_msgs/include/robo_planner_msgs/robo_planner_msgs/srv/detail/set_robot_value_velocity__struct.hpp
[3.087s] -- Up-to-date: /home/autopilot/ws/restackcell/ws_moveit2/install/robo_planner_msgs/include/robo_planner_msgs/robo_planner_msgs/srv/detail/pick__builder.hpp
[3.087s] -- Up-to-date: /home/autopilot/ws/restackcell/ws_moveit2/install/robo_planner_msgs/include/robo_planner_msgs/robo_planner_msgs/srv/detail/place__traits.hpp
[3.088s] -- Up-to-date: /home/autopilot/ws/restackcell/ws_moveit2/install/robo_planner_msgs/include/robo_planner_msgs/robo_planner_msgs/srv/detail/gripper_close__struct.hpp
[3.088s] -- Up-to-date: /home/autopilot/ws/restackcell/ws_moveit2/install/robo_planner_msgs/include/robo_planner_msgs/robo_planner_msgs/srv/detail/gripper_open__builder.hpp
[3.088s] -- Up-to-date: /home/autopilot/ws/restackcell/ws_moveit2/install/robo_planner_msgs/include/robo_planner_msgs/robo_planner_msgs/srv/detail/open_door__traits.hpp
[3.088s] -- Up-to-date: /home/autopilot/ws/restackcell/ws_moveit2/install/robo_planner_msgs/include/robo_planner_msgs/robo_planner_msgs/srv/detail/move_to_pose__builder.hpp
[3.088s] -- Up-to-date: /home/autopilot/ws/restackcell/ws_moveit2/install/robo_planner_msgs/include/robo_planner_msgs/robo_planner_msgs/srv/detail/gripper_change_place__builder.hpp
[3.089s] -- Up-to-date: /home/autopilot/ws/restackcell/ws_moveit2/install/robo_planner_msgs/include/robo_planner_msgs/robo_planner_msgs/srv/detail/pick__struct.hpp
[3.089s] -- Up-to-date: /home/autopilot/ws/restackcell/ws_moveit2/install/robo_planner_msgs/include/robo_planner_msgs/robo_planner_msgs/srv/detail/gripper_close__traits.hpp
[3.089s] -- Up-to-date: /home/autopilot/ws/restackcell/ws_moveit2/install/robo_planner_msgs/include/robo_planner_msgs/robo_planner_msgs/srv/detail/follow_trajectory__builder.hpp
[3.089s] -- Up-to-date: /home/autopilot/ws/restackcell/ws_moveit2/install/robo_planner_msgs/include/robo_planner_msgs/robo_planner_msgs/srv/gripper_change.hpp
[3.089s] -- Up-to-date: /home/autopilot/ws/restackcell/ws_moveit2/install/robo_planner_msgs/include/robo_planner_msgs/robo_planner_msgs/srv/pick_and_place.hpp
[3.089s] -- Up-to-date: /home/autopilot/ws/restackcell/ws_moveit2/install/robo_planner_msgs/include/robo_planner_msgs/robo_planner_msgs/srv/place.hpp
[3.089s] -- Up-to-date: /home/autopilot/ws/restackcell/ws_moveit2/install/robo_planner_msgs/include/robo_planner_msgs/robo_planner_msgs/srv/move_to_pose.hpp
[3.089s] -- Up-to-date: /home/autopilot/ws/restackcell/ws_moveit2/install/robo_planner_msgs/include/robo_planner_msgs/robo_planner_msgs/srv/gripper_close.hpp
[3.090s] -- Up-to-date: /home/autopilot/ws/restackcell/ws_moveit2/install/robo_planner_msgs/include/robo_planner_msgs/robo_planner_msgs
[3.090s] -- Up-to-date: /home/autopilot/ws/restackcell/ws_moveit2/install/robo_planner_msgs/include/robo_planner_msgs/robo_planner_msgs/msg
[3.090s] -- Up-to-date: /home/autopilot/ws/restackcell/ws_moveit2/install/robo_planner_msgs/include/robo_planner_msgs/robo_planner_msgs/msg/rosidl_typesupport_fastrtps_cpp__visibility_control.h
[3.090s] -- Up-to-date: /home/autopilot/ws/restackcell/ws_moveit2/install/robo_planner_msgs/include/robo_planner_msgs/robo_planner_msgs/msg/detail
[3.090s] -- Up-to-date: /home/autopilot/ws/restackcell/ws_moveit2/install/robo_planner_msgs/include/robo_planner_msgs/robo_planner_msgs/msg/detail/labeled_point_clouds__rosidl_typesupport_fastrtps_cpp.hpp
[3.091s] -- Up-to-date: /home/autopilot/ws/restackcell/ws_moveit2/install/robo_planner_msgs/include/robo_planner_msgs/robo_planner_msgs/msg/detail/scene_object_remove__rosidl_typesupport_fastrtps_cpp.hpp
[3.091s] -- Up-to-date: /home/autopilot/ws/restackcell/ws_moveit2/install/robo_planner_msgs/include/robo_planner_msgs/robo_planner_msgs/msg/detail/labeled_point_cloud__rosidl_typesupport_fastrtps_cpp.hpp
[3.091s] -- Up-to-date: /home/autopilot/ws/restackcell/ws_moveit2/install/robo_planner_msgs/include/robo_planner_msgs/robo_planner_msgs/msg/detail/scene_object_set_pose__rosidl_typesupport_fastrtps_cpp.hpp
[3.091s] -- Up-to-date: /home/autopilot/ws/restackcell/ws_moveit2/install/robo_planner_msgs/include/robo_planner_msgs/robo_planner_msgs/msg/detail/dds_fastrtps
[3.091s] -- Up-to-date: /home/autopilot/ws/restackcell/ws_moveit2/install/robo_planner_msgs/include/robo_planner_msgs/robo_planner_msgs/msg/detail/scene_object_add__rosidl_typesupport_fastrtps_cpp.hpp
[3.091s] -- Up-to-date: /home/autopilot/ws/restackcell/ws_moveit2/install/robo_planner_msgs/include/robo_planner_msgs/robo_planner_msgs/srv
[3.091s] -- Up-to-date: /home/autopilot/ws/restackcell/ws_moveit2/install/robo_planner_msgs/include/robo_planner_msgs/robo_planner_msgs/srv/detail
[3.091s] -- Up-to-date: /home/autopilot/ws/restackcell/ws_moveit2/install/robo_planner_msgs/include/robo_planner_msgs/robo_planner_msgs/srv/detail/gripper_change__rosidl_typesupport_fastrtps_cpp.hpp
[3.092s] -- Up-to-date: /home/autopilot/ws/restackcell/ws_moveit2/install/robo_planner_msgs/include/robo_planner_msgs/robo_planner_msgs/srv/detail/pick_and_place__rosidl_typesupport_fastrtps_cpp.hpp
[3.092s] -- Up-to-date: /home/autopilot/ws/restackcell/ws_moveit2/install/robo_planner_msgs/include/robo_planner_msgs/robo_planner_msgs/srv/detail/place__rosidl_typesupport_fastrtps_cpp.hpp
[3.092s] -- Up-to-date: /home/autopilot/ws/restackcell/ws_moveit2/install/robo_planner_msgs/include/robo_planner_msgs/robo_planner_msgs/srv/detail/move_to_pose__rosidl_typesupport_fastrtps_cpp.hpp
[3.092s] -- Up-to-date: /home/autopilot/ws/restackcell/ws_moveit2/install/robo_planner_msgs/include/robo_planner_msgs/robo_planner_msgs/srv/detail/set_robot_value_velocity__rosidl_typesupport_fastrtps_cpp.hpp
[3.092s] -- Up-to-date: /home/autopilot/ws/restackcell/ws_moveit2/install/robo_planner_msgs/include/robo_planner_msgs/robo_planner_msgs/srv/detail/follow_trajectory__rosidl_typesupport_fastrtps_cpp.hpp
[3.092s] -- Up-to-date: /home/autopilot/ws/restackcell/ws_moveit2/install/robo_planner_msgs/include/robo_planner_msgs/robo_planner_msgs/srv/detail/gripper_close__rosidl_typesupport_fastrtps_cpp.hpp
[3.092s] -- Up-to-date: /home/autopilot/ws/restackcell/ws_moveit2/install/robo_planner_msgs/include/robo_planner_msgs/robo_planner_msgs/srv/detail/gripper_change_pick__rosidl_typesupport_fastrtps_cpp.hpp
[3.092s] -- Up-to-date: /home/autopilot/ws/restackcell/ws_moveit2/install/robo_planner_msgs/include/robo_planner_msgs/robo_planner_msgs/srv/detail/dds_fastrtps
[3.092s] -- Up-to-date: /home/autopilot/ws/restackcell/ws_moveit2/install/robo_planner_msgs/include/robo_planner_msgs/robo_planner_msgs/srv/detail/open_door__rosidl_typesupport_fastrtps_cpp.hpp
[3.093s] -- Up-to-date: /home/autopilot/ws/restackcell/ws_moveit2/install/robo_planner_msgs/include/robo_planner_msgs/robo_planner_msgs/srv/detail/pick__rosidl_typesupport_fastrtps_cpp.hpp
[3.093s] -- Up-to-date: /home/autopilot/ws/restackcell/ws_moveit2/install/robo_planner_msgs/include/robo_planner_msgs/robo_planner_msgs/srv/detail/gripper_change_place__rosidl_typesupport_fastrtps_cpp.hpp
[3.093s] -- Up-to-date: /home/autopilot/ws/restackcell/ws_moveit2/install/robo_planner_msgs/include/robo_planner_msgs/robo_planner_msgs/srv/detail/gripper_open__rosidl_typesupport_fastrtps_cpp.hpp
[3.094s] -- Up-to-date: /home/autopilot/ws/restackcell/ws_moveit2/install/robo_planner_msgs/lib/librobo_planner_msgs__rosidl_typesupport_fastrtps_cpp.so
[3.095s] -- Up-to-date: /home/autopilot/ws/restackcell/ws_moveit2/install/robo_planner_msgs/include/robo_planner_msgs/robo_planner_msgs
[3.095s] -- Up-to-date: /home/autopilot/ws/restackcell/ws_moveit2/install/robo_planner_msgs/include/robo_planner_msgs/robo_planner_msgs/msg
[3.097s] -- Up-to-date: /home/autopilot/ws/restackcell/ws_moveit2/install/robo_planner_msgs/include/robo_planner_msgs/robo_planner_msgs/msg/detail
[3.097s] -- Up-to-date: /home/autopilot/ws/restackcell/ws_moveit2/install/robo_planner_msgs/include/robo_planner_msgs/robo_planner_msgs/msg/detail/labeled_point_cloud__type_support.cpp
[3.098s] -- Up-to-date: /home/autopilot/ws/restackcell/ws_moveit2/install/robo_planner_msgs/include/robo_planner_msgs/robo_planner_msgs/msg/detail/labeled_point_clouds__rosidl_typesupport_introspection_cpp.hpp
[3.098s] -- Up-to-date: /home/autopilot/ws/restackcell/ws_moveit2/install/robo_planner_msgs/include/robo_planner_msgs/robo_planner_msgs/msg/detail/scene_object_add__type_support.cpp
[3.098s] -- Up-to-date: /home/autopilot/ws/restackcell/ws_moveit2/install/robo_planner_msgs/include/robo_planner_msgs/robo_planner_msgs/msg/detail/labeled_point_cloud__rosidl_typesupport_introspection_cpp.hpp
[3.098s] -- Up-to-date: /home/autopilot/ws/restackcell/ws_moveit2/install/robo_planner_msgs/include/robo_planner_msgs/robo_planner_msgs/msg/detail/scene_object_add__rosidl_typesupport_introspection_cpp.hpp
[3.099s] -- Up-to-date: /home/autopilot/ws/restackcell/ws_moveit2/install/robo_planner_msgs/include/robo_planner_msgs/robo_planner_msgs/msg/detail/scene_object_set_pose__rosidl_typesupport_introspection_cpp.hpp
[3.099s] -- Up-to-date: /home/autopilot/ws/restackcell/ws_moveit2/install/robo_planner_msgs/include/robo_planner_msgs/robo_planner_msgs/msg/detail/scene_object_remove__type_support.cpp
[3.099s] -- Up-to-date: /home/autopilot/ws/restackcell/ws_moveit2/install/robo_planner_msgs/include/robo_planner_msgs/robo_planner_msgs/msg/detail/scene_object_remove__rosidl_typesupport_introspection_cpp.hpp
[3.099s] -- Up-to-date: /home/autopilot/ws/restackcell/ws_moveit2/install/robo_planner_msgs/include/robo_planner_msgs/robo_planner_msgs/msg/detail/scene_object_set_pose__type_support.cpp
[3.099s] -- Up-to-date: /home/autopilot/ws/restackcell/ws_moveit2/install/robo_planner_msgs/include/robo_planner_msgs/robo_planner_msgs/msg/detail/labeled_point_clouds__type_support.cpp
[3.099s] -- Up-to-date: /home/autopilot/ws/restackcell/ws_moveit2/install/robo_planner_msgs/include/robo_planner_msgs/robo_planner_msgs/srv
[3.100s] -- Up-to-date: /home/autopilot/ws/restackcell/ws_moveit2/install/robo_planner_msgs/include/robo_planner_msgs/robo_planner_msgs/srv/detail
[3.100s] -- Up-to-date: /home/autopilot/ws/restackcell/ws_moveit2/install/robo_planner_msgs/include/robo_planner_msgs/robo_planner_msgs/srv/detail/open_door__rosidl_typesupport_introspection_cpp.hpp
[3.100s] -- Up-to-date: /home/autopilot/ws/restackcell/ws_moveit2/install/robo_planner_msgs/include/robo_planner_msgs/robo_planner_msgs/srv/detail/gripper_change_place__type_support.cpp
[3.100s] -- Up-to-date: /home/autopilot/ws/restackcell/ws_moveit2/install/robo_planner_msgs/include/robo_planner_msgs/robo_planner_msgs/srv/detail/move_to_pose__type_support.cpp
[3.100s] -- Up-to-date: /home/autopilot/ws/restackcell/ws_moveit2/install/robo_planner_msgs/include/robo_planner_msgs/robo_planner_msgs/srv/detail/gripper_change__type_support.cpp
[3.101s] -- Up-to-date: /home/autopilot/ws/restackcell/ws_moveit2/install/robo_planner_msgs/include/robo_planner_msgs/robo_planner_msgs/srv/detail/pick_and_place__rosidl_typesupport_introspection_cpp.hpp
[3.101s] -- Up-to-date: /home/autopilot/ws/restackcell/ws_moveit2/install/robo_planner_msgs/include/robo_planner_msgs/robo_planner_msgs/srv/detail/gripper_open__type_support.cpp
[3.101s] -- Up-to-date: /home/autopilot/ws/restackcell/ws_moveit2/install/robo_planner_msgs/include/robo_planner_msgs/robo_planner_msgs/srv/detail/place__type_support.cpp
[3.101s] -- Up-to-date: /home/autopilot/ws/restackcell/ws_moveit2/install/robo_planner_msgs/include/robo_planner_msgs/robo_planner_msgs/srv/detail/pick_and_place__type_support.cpp
[3.101s] -- Up-to-date: /home/autopilot/ws/restackcell/ws_moveit2/install/robo_planner_msgs/include/robo_planner_msgs/robo_planner_msgs/srv/detail/gripper_close__rosidl_typesupport_introspection_cpp.hpp
[3.102s] -- Up-to-date: /home/autopilot/ws/restackcell/ws_moveit2/install/robo_planner_msgs/include/robo_planner_msgs/robo_planner_msgs/srv/detail/open_door__type_support.cpp
[3.102s] -- Up-to-date: /home/autopilot/ws/restackcell/ws_moveit2/install/robo_planner_msgs/include/robo_planner_msgs/robo_planner_msgs/srv/detail/move_to_pose__rosidl_typesupport_introspection_cpp.hpp
[3.102s] -- Up-to-date: /home/autopilot/ws/restackcell/ws_moveit2/install/robo_planner_msgs/include/robo_planner_msgs/robo_planner_msgs/srv/detail/pick__type_support.cpp
[3.102s] -- Up-to-date: /home/autopilot/ws/restackcell/ws_moveit2/install/robo_planner_msgs/include/robo_planner_msgs/robo_planner_msgs/srv/detail/follow_trajectory__type_support.cpp
[3.102s] -- Up-to-date: /home/autopilot/ws/restackcell/ws_moveit2/install/robo_planner_msgs/include/robo_planner_msgs/robo_planner_msgs/srv/detail/set_robot_value_velocity__rosidl_typesupport_introspection_cpp.hpp
[3.102s] -- Up-to-date: /home/autopilot/ws/restackcell/ws_moveit2/install/robo_planner_msgs/include/robo_planner_msgs/robo_planner_msgs/srv/detail/gripper_close__type_support.cpp
[3.103s] -- Up-to-date: /home/autopilot/ws/restackcell/ws_moveit2/install/robo_planner_msgs/include/robo_planner_msgs/robo_planner_msgs/srv/detail/gripper_open__rosidl_typesupport_introspection_cpp.hpp
[3.103s] -- Up-to-date: /home/autopilot/ws/restackcell/ws_moveit2/install/robo_planner_msgs/include/robo_planner_msgs/robo_planner_msgs/srv/detail/pick__rosidl_typesupport_introspection_cpp.hpp
[3.103s] -- Up-to-date: /home/autopilot/ws/restackcell/ws_moveit2/install/robo_planner_msgs/include/robo_planner_msgs/robo_planner_msgs/srv/detail/gripper_change_place__rosidl_typesupport_introspection_cpp.hpp
[3.103s] -- Up-to-date: /home/autopilot/ws/restackcell/ws_moveit2/install/robo_planner_msgs/include/robo_planner_msgs/robo_planner_msgs/srv/detail/set_robot_value_velocity__type_support.cpp
[3.103s] -- Up-to-date: /home/autopilot/ws/restackcell/ws_moveit2/install/robo_planner_msgs/include/robo_planner_msgs/robo_planner_msgs/srv/detail/place__rosidl_typesupport_introspection_cpp.hpp
[3.103s] -- Up-to-date: /home/autopilot/ws/restackcell/ws_moveit2/install/robo_planner_msgs/include/robo_planner_msgs/robo_planner_msgs/srv/detail/gripper_change_pick__type_support.cpp
[3.103s] -- Up-to-date: /home/autopilot/ws/restackcell/ws_moveit2/install/robo_planner_msgs/include/robo_planner_msgs/robo_planner_msgs/srv/detail/follow_trajectory__rosidl_typesupport_introspection_cpp.hpp
[3.103s] -- Up-to-date: /home/autopilot/ws/restackcell/ws_moveit2/install/robo_planner_msgs/include/robo_planner_msgs/robo_planner_msgs/srv/detail/gripper_change__rosidl_typesupport_introspection_cpp.hpp
[3.103s] -- Up-to-date: /home/autopilot/ws/restackcell/ws_moveit2/install/robo_planner_msgs/include/robo_planner_msgs/robo_planner_msgs/srv/detail/gripper_change_pick__rosidl_typesupport_introspection_cpp.hpp
[3.104s] -- Up-to-date: /home/autopilot/ws/restackcell/ws_moveit2/install/robo_planner_msgs/lib/librobo_planner_msgs__rosidl_typesupport_introspection_cpp.so
[3.104s] -- Up-to-date: /home/autopilot/ws/restackcell/ws_moveit2/install/robo_planner_msgs/lib/librobo_planner_msgs__rosidl_typesupport_cpp.so
[3.104s] -- Up-to-date: /home/autopilot/ws/restackcell/ws_moveit2/install/robo_planner_msgs/share/robo_planner_msgs/environment/pythonpath.sh
[3.104s] -- Up-to-date: /home/autopilot/ws/restackcell/ws_moveit2/install/robo_planner_msgs/share/robo_planner_msgs/environment/pythonpath.dsv
[3.104s] -- Up-to-date: /home/autopilot/ws/restackcell/ws_moveit2/install/robo_planner_msgs/local/lib/python3.10/dist-packages/robo_planner_msgs-0.0.0-py3.10.egg-info
[3.104s] -- Installing: /home/autopilot/ws/restackcell/ws_moveit2/install/robo_planner_msgs/local/lib/python3.10/dist-packages/robo_planner_msgs-0.0.0-py3.10.egg-info/SOURCES.txt
[3.104s] -- Installing: /home/autopilot/ws/restackcell/ws_moveit2/install/robo_planner_msgs/local/lib/python3.10/dist-packages/robo_planner_msgs-0.0.0-py3.10.egg-info/PKG-INFO
[3.104s] -- Installing: /home/autopilot/ws/restackcell/ws_moveit2/install/robo_planner_msgs/local/lib/python3.10/dist-packages/robo_planner_msgs-0.0.0-py3.10.egg-info/top_level.txt
[3.104s] -- Installing: /home/autopilot/ws/restackcell/ws_moveit2/install/robo_planner_msgs/local/lib/python3.10/dist-packages/robo_planner_msgs-0.0.0-py3.10.egg-info/dependency_links.txt
[3.104s] -- Up-to-date: /home/autopilot/ws/restackcell/ws_moveit2/install/robo_planner_msgs/local/lib/python3.10/dist-packages/robo_planner_msgs
[3.104s] -- Up-to-date: /home/autopilot/ws/restackcell/ws_moveit2/install/robo_planner_msgs/local/lib/python3.10/dist-packages/robo_planner_msgs/_robo_planner_msgs_s.ep.rosidl_typesupport_introspection_c.c
[3.105s] -- Up-to-date: /home/autopilot/ws/restackcell/ws_moveit2/install/robo_planner_msgs/local/lib/python3.10/dist-packages/robo_planner_msgs/__init__.py
[3.105s] -- Up-to-date: /home/autopilot/ws/restackcell/ws_moveit2/install/robo_planner_msgs/local/lib/python3.10/dist-packages/robo_planner_msgs/robo_planner_msgs_s__rosidl_typesupport_c.cpython-310-aarch64-linux-gnu.so
[3.105s] -- Up-to-date: /home/autopilot/ws/restackcell/ws_moveit2/install/robo_planner_msgs/local/lib/python3.10/dist-packages/robo_planner_msgs/msg
[3.105s] -- Up-to-date: /home/autopilot/ws/restackcell/ws_moveit2/install/robo_planner_msgs/local/lib/python3.10/dist-packages/robo_planner_msgs/msg/_labeled_point_clouds_s.c
[3.105s] -- Up-to-date: /home/autopilot/ws/restackcell/ws_moveit2/install/robo_planner_msgs/local/lib/python3.10/dist-packages/robo_planner_msgs/msg/_labeled_point_cloud_s.c
[3.105s] -- Up-to-date: /home/autopilot/ws/restackcell/ws_moveit2/install/robo_planner_msgs/local/lib/python3.10/dist-packages/robo_planner_msgs/msg/_scene_object_add_s.c
[3.105s] -- Up-to-date: /home/autopilot/ws/restackcell/ws_moveit2/install/robo_planner_msgs/local/lib/python3.10/dist-packages/robo_planner_msgs/msg/__init__.py
[3.105s] -- Up-to-date: /home/autopilot/ws/restackcell/ws_moveit2/install/robo_planner_msgs/local/lib/python3.10/dist-packages/robo_planner_msgs/msg/_scene_object_add.py
[3.105s] -- Up-to-date: /home/autopilot/ws/restackcell/ws_moveit2/install/robo_planner_msgs/local/lib/python3.10/dist-packages/robo_planner_msgs/msg/_labeled_point_clouds.py
[3.105s] -- Up-to-date: /home/autopilot/ws/restackcell/ws_moveit2/install/robo_planner_msgs/local/lib/python3.10/dist-packages/robo_planner_msgs/msg/_scene_object_set_pose.py
[3.106s] -- Up-to-date: /home/autopilot/ws/restackcell/ws_moveit2/install/robo_planner_msgs/local/lib/python3.10/dist-packages/robo_planner_msgs/msg/_scene_object_remove.py
[3.106s] -- Up-to-date: /home/autopilot/ws/restackcell/ws_moveit2/install/robo_planner_msgs/local/lib/python3.10/dist-packages/robo_planner_msgs/msg/_scene_object_set_pose_s.c
[3.106s] -- Up-to-date: /home/autopilot/ws/restackcell/ws_moveit2/install/robo_planner_msgs/local/lib/python3.10/dist-packages/robo_planner_msgs/msg/_labeled_point_cloud.py
[3.106s] -- Up-to-date: /home/autopilot/ws/restackcell/ws_moveit2/install/robo_planner_msgs/local/lib/python3.10/dist-packages/robo_planner_msgs/msg/_scene_object_remove_s.c
[3.106s] -- Up-to-date: /home/autopilot/ws/restackcell/ws_moveit2/install/robo_planner_msgs/local/lib/python3.10/dist-packages/robo_planner_msgs/robo_planner_msgs_s__rosidl_typesupport_introspection_c.cpython-310-aarch64-linux-gnu.so
[3.106s] -- Up-to-date: /home/autopilot/ws/restackcell/ws_moveit2/install/robo_planner_msgs/local/lib/python3.10/dist-packages/robo_planner_msgs/_robo_planner_msgs_s.ep.rosidl_typesupport_c.c
[3.106s] -- Up-to-date: /home/autopilot/ws/restackcell/ws_moveit2/install/robo_planner_msgs/local/lib/python3.10/dist-packages/robo_planner_msgs/librobo_planner_msgs__rosidl_generator_py.so
[3.106s] -- Up-to-date: /home/autopilot/ws/restackcell/ws_moveit2/install/robo_planner_msgs/local/lib/python3.10/dist-packages/robo_planner_msgs/_robo_planner_msgs_s.ep.rosidl_typesupport_fastrtps_c.c
[3.107s] -- Up-to-date: /home/autopilot/ws/restackcell/ws_moveit2/install/robo_planner_msgs/local/lib/python3.10/dist-packages/robo_planner_msgs/robo_planner_msgs_s__rosidl_typesupport_fastrtps_c.cpython-310-aarch64-linux-gnu.so
[3.107s] -- Up-to-date: /home/autopilot/ws/restackcell/ws_moveit2/install/robo_planner_msgs/local/lib/python3.10/dist-packages/robo_planner_msgs/srv
[3.107s] -- Up-to-date: /home/autopilot/ws/restackcell/ws_moveit2/install/robo_planner_msgs/local/lib/python3.10/dist-packages/robo_planner_msgs/srv/_set_robot_value_velocity_s.c
[3.107s] -- Up-to-date: /home/autopilot/ws/restackcell/ws_moveit2/install/robo_planner_msgs/local/lib/python3.10/dist-packages/robo_planner_msgs/srv/_move_to_pose_s.c
[3.107s] -- Up-to-date: /home/autopilot/ws/restackcell/ws_moveit2/install/robo_planner_msgs/local/lib/python3.10/dist-packages/robo_planner_msgs/srv/_pick_s.c
[3.107s] -- Up-to-date: /home/autopilot/ws/restackcell/ws_moveit2/install/robo_planner_msgs/local/lib/python3.10/dist-packages/robo_planner_msgs/srv/_place.py
[3.108s] -- Up-to-date: /home/autopilot/ws/restackcell/ws_moveit2/install/robo_planner_msgs/local/lib/python3.10/dist-packages/robo_planner_msgs/srv/_gripper_change.py
[3.108s] -- Up-to-date: /home/autopilot/ws/restackcell/ws_moveit2/install/robo_planner_msgs/local/lib/python3.10/dist-packages/robo_planner_msgs/srv/_gripper_close.py
[3.108s] -- Up-to-date: /home/autopilot/ws/restackcell/ws_moveit2/install/robo_planner_msgs/local/lib/python3.10/dist-packages/robo_planner_msgs/srv/__init__.py
[3.108s] -- Up-to-date: /home/autopilot/ws/restackcell/ws_moveit2/install/robo_planner_msgs/local/lib/python3.10/dist-packages/robo_planner_msgs/srv/_gripper_change_pick.py
[3.108s] -- Up-to-date: /home/autopilot/ws/restackcell/ws_moveit2/install/robo_planner_msgs/local/lib/python3.10/dist-packages/robo_planner_msgs/srv/_pick_and_place.py
[3.108s] -- Up-to-date: /home/autopilot/ws/restackcell/ws_moveit2/install/robo_planner_msgs/local/lib/python3.10/dist-packages/robo_planner_msgs/srv/_gripper_change_s.c
[3.108s] -- Up-to-date: /home/autopilot/ws/restackcell/ws_moveit2/install/robo_planner_msgs/local/lib/python3.10/dist-packages/robo_planner_msgs/srv/_open_door.py
[3.108s] -- Up-to-date: /home/autopilot/ws/restackcell/ws_moveit2/install/robo_planner_msgs/local/lib/python3.10/dist-packages/robo_planner_msgs/srv/_follow_trajectory_s.c
[3.108s] -- Up-to-date: /home/autopilot/ws/restackcell/ws_moveit2/install/robo_planner_msgs/local/lib/python3.10/dist-packages/robo_planner_msgs/srv/_pick.py
[3.109s] -- Up-to-date: /home/autopilot/ws/restackcell/ws_moveit2/install/robo_planner_msgs/local/lib/python3.10/dist-packages/robo_planner_msgs/srv/_open_door_s.c
[3.109s] -- Up-to-date: /home/autopilot/ws/restackcell/ws_moveit2/install/robo_planner_msgs/local/lib/python3.10/dist-packages/robo_planner_msgs/srv/_gripper_change_place.py
[3.109s] -- Up-to-date: /home/autopilot/ws/restackcell/ws_moveit2/install/robo_planner_msgs/local/lib/python3.10/dist-packages/robo_planner_msgs/srv/_follow_trajectory.py
[3.109s] -- Up-to-date: /home/autopilot/ws/restackcell/ws_moveit2/install/robo_planner_msgs/local/lib/python3.10/dist-packages/robo_planner_msgs/srv/_gripper_change_place_s.c
[3.109s] -- Up-to-date: /home/autopilot/ws/restackcell/ws_moveit2/install/robo_planner_msgs/local/lib/python3.10/dist-packages/robo_planner_msgs/srv/_pick_and_place_s.c
[3.109s] -- Up-to-date: /home/autopilot/ws/restackcell/ws_moveit2/install/robo_planner_msgs/local/lib/python3.10/dist-packages/robo_planner_msgs/srv/_gripper_change_pick_s.c
[3.109s] -- Up-to-date: /home/autopilot/ws/restackcell/ws_moveit2/install/robo_planner_msgs/local/lib/python3.10/dist-packages/robo_planner_msgs/srv/_gripper_open.py
[3.109s] -- Up-to-date: /home/autopilot/ws/restackcell/ws_moveit2/install/robo_planner_msgs/local/lib/python3.10/dist-packages/robo_planner_msgs/srv/_gripper_close_s.c
[3.109s] -- Up-to-date: /home/autopilot/ws/restackcell/ws_moveit2/install/robo_planner_msgs/local/lib/python3.10/dist-packages/robo_planner_msgs/srv/_move_to_pose.py
[3.109s] -- Up-to-date: /home/autopilot/ws/restackcell/ws_moveit2/install/robo_planner_msgs/local/lib/python3.10/dist-packages/robo_planner_msgs/srv/_gripper_open_s.c
[3.109s] -- Up-to-date: /home/autopilot/ws/restackcell/ws_moveit2/install/robo_planner_msgs/local/lib/python3.10/dist-packages/robo_planner_msgs/srv/_place_s.c
[3.110s] -- Up-to-date: /home/autopilot/ws/restackcell/ws_moveit2/install/robo_planner_msgs/local/lib/python3.10/dist-packages/robo_planner_msgs/srv/_set_robot_value_velocity.py
[3.186s] Listing '/home/autopilot/ws/restackcell/ws_moveit2/install/robo_planner_msgs/local/lib/python3.10/dist-packages/robo_planner_msgs'...
[3.186s] Listing '/home/autopilot/ws/restackcell/ws_moveit2/install/robo_planner_msgs/local/lib/python3.10/dist-packages/robo_planner_msgs/msg'...
[3.186s] Listing '/home/autopilot/ws/restackcell/ws_moveit2/install/robo_planner_msgs/local/lib/python3.10/dist-packages/robo_planner_msgs/srv'...
[3.186s] -- Up-to-date: /home/autopilot/ws/restackcell/ws_moveit2/install/robo_planner_msgs/local/lib/python3.10/dist-packages/robo_planner_msgs/robo_planner_msgs_s__rosidl_typesupport_fastrtps_c.cpython-310-aarch64-linux-gnu.so
[3.186s] -- Up-to-date: /home/autopilot/ws/restackcell/ws_moveit2/install/robo_planner_msgs/local/lib/python3.10/dist-packages/robo_planner_msgs/robo_planner_msgs_s__rosidl_typesupport_introspection_c.cpython-310-aarch64-linux-gnu.so
[3.186s] -- Up-to-date: /home/autopilot/ws/restackcell/ws_moveit2/install/robo_planner_msgs/local/lib/python3.10/dist-packages/robo_planner_msgs/robo_planner_msgs_s__rosidl_typesupport_c.cpython-310-aarch64-linux-gnu.so
[3.187s] -- Up-to-date: /home/autopilot/ws/restackcell/ws_moveit2/install/robo_planner_msgs/lib/librobo_planner_msgs__rosidl_generator_py.so
[3.187s] -- Up-to-date: /home/autopilot/ws/restackcell/ws_moveit2/install/robo_planner_msgs/share/robo_planner_msgs/srv/FollowTrajectory.idl
[3.187s] -- Up-to-date: /home/autopilot/ws/restackcell/ws_moveit2/install/robo_planner_msgs/share/robo_planner_msgs/srv/GripperClose.idl
[3.187s] -- Up-to-date: /home/autopilot/ws/restackcell/ws_moveit2/install/robo_planner_msgs/share/robo_planner_msgs/srv/GripperOpen.idl
[3.187s] -- Up-to-date: /home/autopilot/ws/restackcell/ws_moveit2/install/robo_planner_msgs/share/robo_planner_msgs/srv/MoveToPose.idl
[3.187s] -- Up-to-date: /home/autopilot/ws/restackcell/ws_moveit2/install/robo_planner_msgs/share/robo_planner_msgs/srv/OpenDoor.idl
[3.188s] -- Up-to-date: /home/autopilot/ws/restackcell/ws_moveit2/install/robo_planner_msgs/share/robo_planner_msgs/srv/SetRobotValueVelocity.idl
[3.188s] -- Up-to-date: /home/autopilot/ws/restackcell/ws_moveit2/install/robo_planner_msgs/share/robo_planner_msgs/srv/GripperChange.idl
[3.188s] -- Up-to-date: /home/autopilot/ws/restackcell/ws_moveit2/install/robo_planner_msgs/share/robo_planner_msgs/srv/GripperChangePick.idl
[3.188s] -- Up-to-date: /home/autopilot/ws/restackcell/ws_moveit2/install/robo_planner_msgs/share/robo_planner_msgs/srv/GripperChangePlace.idl
[3.188s] -- Up-to-date: /home/autopilot/ws/restackcell/ws_moveit2/install/robo_planner_msgs/share/robo_planner_msgs/srv/Pick.idl
[3.188s] -- Up-to-date: /home/autopilot/ws/restackcell/ws_moveit2/install/robo_planner_msgs/share/robo_planner_msgs/srv/PickAndPlace.idl
[3.189s] -- Up-to-date: /home/autopilot/ws/restackcell/ws_moveit2/install/robo_planner_msgs/share/robo_planner_msgs/srv/Place.idl
[3.189s] -- Up-to-date: /home/autopilot/ws/restackcell/ws_moveit2/install/robo_planner_msgs/share/robo_planner_msgs/msg/LabeledPointCloud.idl
[3.189s] -- Up-to-date: /home/autopilot/ws/restackcell/ws_moveit2/install/robo_planner_msgs/share/robo_planner_msgs/msg/LabeledPointClouds.idl
[3.189s] -- Up-to-date: /home/autopilot/ws/restackcell/ws_moveit2/install/robo_planner_msgs/share/robo_planner_msgs/msg/SceneObjectRemove.idl
[3.189s] -- Up-to-date: /home/autopilot/ws/restackcell/ws_moveit2/install/robo_planner_msgs/share/robo_planner_msgs/msg/SceneObjectAdd.idl
[3.189s] -- Up-to-date: /home/autopilot/ws/restackcell/ws_moveit2/install/robo_planner_msgs/share/robo_planner_msgs/msg/SceneObjectSetPose.idl
[3.190s] -- Up-to-date: /home/autopilot/ws/restackcell/ws_moveit2/install/robo_planner_msgs/share/robo_planner_msgs/Atomic/FollowTrajectory.srv
[3.190s] -- Up-to-date: /home/autopilot/ws/restackcell/ws_moveit2/install/robo_planner_msgs/share/robo_planner_msgs/Atomic/FollowTrajectory_Request.msg
[3.190s] -- Up-to-date: /home/autopilot/ws/restackcell/ws_moveit2/install/robo_planner_msgs/share/robo_planner_msgs/Atomic/FollowTrajectory_Response.msg
[3.190s] -- Up-to-date: /home/autopilot/ws/restackcell/ws_moveit2/install/robo_planner_msgs/share/robo_planner_msgs/Atomic/GripperClose.srv
[3.190s] -- Up-to-date: /home/autopilot/ws/restackcell/ws_moveit2/install/robo_planner_msgs/share/robo_planner_msgs/Atomic/GripperClose_Request.msg
[3.190s] -- Up-to-date: /home/autopilot/ws/restackcell/ws_moveit2/install/robo_planner_msgs/share/robo_planner_msgs/Atomic/GripperClose_Response.msg
[3.190s] -- Up-to-date: /home/autopilot/ws/restackcell/ws_moveit2/install/robo_planner_msgs/share/robo_planner_msgs/Atomic/GripperOpen.srv
[3.191s] -- Up-to-date: /home/autopilot/ws/restackcell/ws_moveit2/install/robo_planner_msgs/share/robo_planner_msgs/Atomic/GripperOpen_Request.msg
[3.191s] -- Up-to-date: /home/autopilot/ws/restackcell/ws_moveit2/install/robo_planner_msgs/share/robo_planner_msgs/Atomic/GripperOpen_Response.msg
[3.191s] -- Up-to-date: /home/autopilot/ws/restackcell/ws_moveit2/install/robo_planner_msgs/share/robo_planner_msgs/Atomic/MoveToPose.srv
[3.191s] -- Up-to-date: /home/autopilot/ws/restackcell/ws_moveit2/install/robo_planner_msgs/share/robo_planner_msgs/Atomic/MoveToPose_Request.msg
[3.191s] -- Up-to-date: /home/autopilot/ws/restackcell/ws_moveit2/install/robo_planner_msgs/share/robo_planner_msgs/Atomic/MoveToPose_Response.msg
[3.191s] -- Up-to-date: /home/autopilot/ws/restackcell/ws_moveit2/install/robo_planner_msgs/share/robo_planner_msgs/Atomic/OpenDoor.srv
[3.191s] -- Up-to-date: /home/autopilot/ws/restackcell/ws_moveit2/install/robo_planner_msgs/share/robo_planner_msgs/Atomic/OpenDoor_Request.msg
[3.192s] -- Up-to-date: /home/autopilot/ws/restackcell/ws_moveit2/install/robo_planner_msgs/share/robo_planner_msgs/Atomic/OpenDoor_Response.msg
[3.192s] -- Up-to-date: /home/autopilot/ws/restackcell/ws_moveit2/install/robo_planner_msgs/share/robo_planner_msgs/Atomic/SetRobotValueVelocity.srv
[3.192s] -- Up-to-date: /home/autopilot/ws/restackcell/ws_moveit2/install/robo_planner_msgs/share/robo_planner_msgs/Atomic/SetRobotValueVelocity_Request.msg
[3.192s] -- Up-to-date: /home/autopilot/ws/restackcell/ws_moveit2/install/robo_planner_msgs/share/robo_planner_msgs/Atomic/SetRobotValueVelocity_Response.msg
[3.192s] -- Up-to-date: /home/autopilot/ws/restackcell/ws_moveit2/install/robo_planner_msgs/share/robo_planner_msgs/Composed/GripperChange.srv
[3.192s] -- Up-to-date: /home/autopilot/ws/restackcell/ws_moveit2/install/robo_planner_msgs/share/robo_planner_msgs/Composed/GripperChange_Request.msg
[3.192s] -- Up-to-date: /home/autopilot/ws/restackcell/ws_moveit2/install/robo_planner_msgs/share/robo_planner_msgs/Composed/GripperChange_Response.msg
[3.192s] -- Up-to-date: /home/autopilot/ws/restackcell/ws_moveit2/install/robo_planner_msgs/share/robo_planner_msgs/Composed/GripperChangePick.srv
[3.193s] -- Up-to-date: /home/autopilot/ws/restackcell/ws_moveit2/install/robo_planner_msgs/share/robo_planner_msgs/Composed/GripperChangePick_Request.msg
[3.193s] -- Up-to-date: /home/autopilot/ws/restackcell/ws_moveit2/install/robo_planner_msgs/share/robo_planner_msgs/Composed/GripperChangePick_Response.msg
[3.193s] -- Up-to-date: /home/autopilot/ws/restackcell/ws_moveit2/install/robo_planner_msgs/share/robo_planner_msgs/Composed/GripperChangePlace.srv
[3.193s] -- Up-to-date: /home/autopilot/ws/restackcell/ws_moveit2/install/robo_planner_msgs/share/robo_planner_msgs/Composed/GripperChangePlace_Request.msg
[3.193s] -- Up-to-date: /home/autopilot/ws/restackcell/ws_moveit2/install/robo_planner_msgs/share/robo_planner_msgs/Composed/GripperChangePlace_Response.msg
[3.193s] -- Up-to-date: /home/autopilot/ws/restackcell/ws_moveit2/install/robo_planner_msgs/share/robo_planner_msgs/Composed/Pick.srv
[3.194s] -- Up-to-date: /home/autopilot/ws/restackcell/ws_moveit2/install/robo_planner_msgs/share/robo_planner_msgs/Composed/Pick_Request.msg
[3.194s] -- Up-to-date: /home/autopilot/ws/restackcell/ws_moveit2/install/robo_planner_msgs/share/robo_planner_msgs/Composed/Pick_Response.msg
[3.194s] -- Up-to-date: /home/autopilot/ws/restackcell/ws_moveit2/install/robo_planner_msgs/share/robo_planner_msgs/Composed/PickAndPlace.srv
[3.194s] -- Up-to-date: /home/autopilot/ws/restackcell/ws_moveit2/install/robo_planner_msgs/share/robo_planner_msgs/Composed/PickAndPlace_Request.msg
[3.194s] -- Up-to-date: /home/autopilot/ws/restackcell/ws_moveit2/install/robo_planner_msgs/share/robo_planner_msgs/Composed/PickAndPlace_Response.msg
[3.194s] -- Up-to-date: /home/autopilot/ws/restackcell/ws_moveit2/install/robo_planner_msgs/share/robo_planner_msgs/Composed/Place.srv
[3.194s] -- Up-to-date: /home/autopilot/ws/restackcell/ws_moveit2/install/robo_planner_msgs/share/robo_planner_msgs/Composed/Place_Request.msg
[3.194s] -- Up-to-date: /home/autopilot/ws/restackcell/ws_moveit2/install/robo_planner_msgs/share/robo_planner_msgs/Composed/Place_Response.msg
[3.194s] -- Up-to-date: /home/autopilot/ws/restackcell/ws_moveit2/install/robo_planner_msgs/share/robo_planner_msgs/msg/LabeledPointCloud.msg
[3.195s] -- Up-to-date: /home/autopilot/ws/restackcell/ws_moveit2/install/robo_planner_msgs/share/robo_planner_msgs/msg/LabeledPointClouds.msg
[3.195s] -- Up-to-date: /home/autopilot/ws/restackcell/ws_moveit2/install/robo_planner_msgs/share/robo_planner_msgs/msg/SceneObjectRemove.msg
[3.195s] -- Up-to-date: /home/autopilot/ws/restackcell/ws_moveit2/install/robo_planner_msgs/share/robo_planner_msgs/msg/SceneObjectAdd.msg
[3.195s] -- Up-to-date: /home/autopilot/ws/restackcell/ws_moveit2/install/robo_planner_msgs/share/robo_planner_msgs/msg/SceneObjectSetPose.msg
[3.195s] -- Up-to-date: /home/autopilot/ws/restackcell/ws_moveit2/install/robo_planner_msgs/share/ament_index/resource_index/package_run_dependencies/robo_planner_msgs
[3.195s] -- Up-to-date: /home/autopilot/ws/restackcell/ws_moveit2/install/robo_planner_msgs/share/ament_index/resource_index/parent_prefix_path/robo_planner_msgs
[3.196s] -- Up-to-date: /home/autopilot/ws/restackcell/ws_moveit2/install/robo_planner_msgs/share/robo_planner_msgs/environment/ament_prefix_path.sh
[3.196s] -- Up-to-date: /home/autopilot/ws/restackcell/ws_moveit2/install/robo_planner_msgs/share/robo_planner_msgs/environment/ament_prefix_path.dsv
[3.196s] -- Up-to-date: /home/autopilot/ws/restackcell/ws_moveit2/install/robo_planner_msgs/share/robo_planner_msgs/environment/path.sh
[3.196s] -- Up-to-date: /home/autopilot/ws/restackcell/ws_moveit2/install/robo_planner_msgs/share/robo_planner_msgs/environment/path.dsv
[3.196s] -- Up-to-date: /home/autopilot/ws/restackcell/ws_moveit2/install/robo_planner_msgs/share/robo_planner_msgs/local_setup.bash
[3.196s] -- Up-to-date: /home/autopilot/ws/restackcell/ws_moveit2/install/robo_planner_msgs/share/robo_planner_msgs/local_setup.sh
[3.196s] -- Up-to-date: /home/autopilot/ws/restackcell/ws_moveit2/install/robo_planner_msgs/share/robo_planner_msgs/local_setup.zsh
[3.196s] -- Up-to-date: /home/autopilot/ws/restackcell/ws_moveit2/install/robo_planner_msgs/share/robo_planner_msgs/local_setup.dsv
[3.197s] -- Installing: /home/autopilot/ws/restackcell/ws_moveit2/install/robo_planner_msgs/share/robo_planner_msgs/package.dsv
[3.197s] -- Up-to-date: /home/autopilot/ws/restackcell/ws_moveit2/install/robo_planner_msgs/share/ament_index/resource_index/packages/robo_planner_msgs
[3.197s] -- Up-to-date: /home/autopilot/ws/restackcell/ws_moveit2/install/robo_planner_msgs/share/robo_planner_msgs/cmake/export_robo_planner_msgs__rosidl_generator_cExport.cmake
[3.197s] -- Up-to-date: /home/autopilot/ws/restackcell/ws_moveit2/install/robo_planner_msgs/share/robo_planner_msgs/cmake/export_robo_planner_msgs__rosidl_generator_cExport-noconfig.cmake
[3.197s] -- Up-to-date: /home/autopilot/ws/restackcell/ws_moveit2/install/robo_planner_msgs/share/robo_planner_msgs/cmake/export_robo_planner_msgs__rosidl_typesupport_fastrtps_cExport.cmake
[3.197s] -- Up-to-date: /home/autopilot/ws/restackcell/ws_moveit2/install/robo_planner_msgs/share/robo_planner_msgs/cmake/export_robo_planner_msgs__rosidl_typesupport_fastrtps_cExport-noconfig.cmake
[3.197s] -- Up-to-date: /home/autopilot/ws/restackcell/ws_moveit2/install/robo_planner_msgs/share/robo_planner_msgs/cmake/robo_planner_msgs__rosidl_typesupport_introspection_cExport.cmake
[3.197s] -- Up-to-date: /home/autopilot/ws/restackcell/ws_moveit2/install/robo_planner_msgs/share/robo_planner_msgs/cmake/robo_planner_msgs__rosidl_typesupport_introspection_cExport-noconfig.cmake
[3.198s] -- Up-to-date: /home/autopilot/ws/restackcell/ws_moveit2/install/robo_planner_msgs/share/robo_planner_msgs/cmake/robo_planner_msgs__rosidl_typesupport_cExport.cmake
[3.198s] -- Up-to-date: /home/autopilot/ws/restackcell/ws_moveit2/install/robo_planner_msgs/share/robo_planner_msgs/cmake/robo_planner_msgs__rosidl_typesupport_cExport-noconfig.cmake
[3.198s] -- Up-to-date: /home/autopilot/ws/restackcell/ws_moveit2/install/robo_planner_msgs/share/robo_planner_msgs/cmake/export_robo_planner_msgs__rosidl_generator_cppExport.cmake
[3.198s] -- Up-to-date: /home/autopilot/ws/restackcell/ws_moveit2/install/robo_planner_msgs/share/robo_planner_msgs/cmake/export_robo_planner_msgs__rosidl_typesupport_fastrtps_cppExport.cmake
[3.198s] -- Up-to-date: /home/autopilot/ws/restackcell/ws_moveit2/install/robo_planner_msgs/share/robo_planner_msgs/cmake/export_robo_planner_msgs__rosidl_typesupport_fastrtps_cppExport-noconfig.cmake
[3.199s] -- Up-to-date: /home/autopilot/ws/restackcell/ws_moveit2/install/robo_planner_msgs/share/robo_planner_msgs/cmake/robo_planner_msgs__rosidl_typesupport_introspection_cppExport.cmake
[3.199s] -- Up-to-date: /home/autopilot/ws/restackcell/ws_moveit2/install/robo_planner_msgs/share/robo_planner_msgs/cmake/robo_planner_msgs__rosidl_typesupport_introspection_cppExport-noconfig.cmake
[3.199s] -- Up-to-date: /home/autopilot/ws/restackcell/ws_moveit2/install/robo_planner_msgs/share/robo_planner_msgs/cmake/robo_planner_msgs__rosidl_typesupport_cppExport.cmake
[3.199s] -- Up-to-date: /home/autopilot/ws/restackcell/ws_moveit2/install/robo_planner_msgs/share/robo_planner_msgs/cmake/robo_planner_msgs__rosidl_typesupport_cppExport-noconfig.cmake
[3.199s] -- Up-to-date: /home/autopilot/ws/restackcell/ws_moveit2/install/robo_planner_msgs/share/robo_planner_msgs/cmake/export_robo_planner_msgs__rosidl_generator_pyExport.cmake
[3.200s] -- Up-to-date: /home/autopilot/ws/restackcell/ws_moveit2/install/robo_planner_msgs/share/robo_planner_msgs/cmake/export_robo_planner_msgs__rosidl_generator_pyExport-noconfig.cmake
[3.200s] -- Up-to-date: /home/autopilot/ws/restackcell/ws_moveit2/install/robo_planner_msgs/share/robo_planner_msgs/cmake/rosidl_cmake-extras.cmake
[3.200s] -- Up-to-date: /home/autopilot/ws/restackcell/ws_moveit2/install/robo_planner_msgs/share/robo_planner_msgs/cmake/ament_cmake_export_dependencies-extras.cmake
[3.200s] -- Up-to-date: /home/autopilot/ws/restackcell/ws_moveit2/install/robo_planner_msgs/share/robo_planner_msgs/cmake/ament_cmake_export_include_directories-extras.cmake
[3.200s] -- Up-to-date: /home/autopilot/ws/restackcell/ws_moveit2/install/robo_planner_msgs/share/robo_planner_msgs/cmake/ament_cmake_export_libraries-extras.cmake
[3.200s] -- Up-to-date: /home/autopilot/ws/restackcell/ws_moveit2/install/robo_planner_msgs/share/robo_planner_msgs/cmake/ament_cmake_export_targets-extras.cmake
[3.201s] -- Up-to-date: /home/autopilot/ws/restackcell/ws_moveit2/install/robo_planner_msgs/share/robo_planner_msgs/cmake/rosidl_cmake_export_typesupport_targets-extras.cmake
[3.201s] -- Up-to-date: /home/autopilot/ws/restackcell/ws_moveit2/install/robo_planner_msgs/share/robo_planner_msgs/cmake/rosidl_cmake_export_typesupport_libraries-extras.cmake
[3.201s] -- Up-to-date: /home/autopilot/ws/restackcell/ws_moveit2/install/robo_planner_msgs/share/robo_planner_msgs/cmake/robo_planner_msgsConfig.cmake
[3.201s] -- Up-to-date: /home/autopilot/ws/restackcell/ws_moveit2/install/robo_planner_msgs/share/robo_planner_msgs/cmake/robo_planner_msgsConfig-version.cmake
[3.201s] -- Up-to-date: /home/autopilot/ws/restackcell/ws_moveit2/install/robo_planner_msgs/share/robo_planner_msgs/package.xml
[3.215s] Invoked command in '/home/autopilot/ws/restackcell/ws_moveit2/build/robo_planner_msgs' returned '0': /usr/bin/cmake --install /home/autopilot/ws/restackcell/ws_moveit2/build/robo_planner_msgs
