[0.147s] Invoking command in '/home/autopilot/ws/restackcell/ws_moveit2/build/opcua_interfaces': CMAKE_PREFIX_PATH=/home/autopilot/ws/restackcell/ws_moveit2/install/robo_planner:/home/autopilot/ws/restackcell/ws_moveit2/install/pcl_segmentation:/home/autopilot/ws/restackcell/ws_moveit2/install/moveit_backend:/home/autopilot/ws/restackcell/ws_moveit2/install/mockup_robot:/home/autopilot/ws/restackcell/ws_moveit2/install/robo_planner_py:/home/autopilot/ws/restackcell/ws_moveit2/install/grid_snapper:/home/autopilot/ws/restackcell/ws_moveit2/install/opcua_client:/home/autopilot/ws/restackcell/ws_moveit2/install/interface_opcua:/opt/ros/humble:/home/autopilot/ws/restackcell/ws_moveit2/install/wzlscheduler_interfaces:/home/autopilot/ws/restackcell/ws_moveit2/install/ur_pilz:/home/autopilot/ws/restackcell/ws_moveit2/install/robo_planner_msgs:/home/autopilot/ws/restackcell/ws_moveit2/install/opcua_interfaces /usr/bin/cmake --build /home/autopilot/ws/restackcell/ws_moveit2/build/opcua_interfaces -- -j4 -l4
[2.145s] [  2%] Built target opcua_interfaces__cpp
[2.146s] [ 12%] Built target opcua_interfaces__rosidl_generator_c
[2.146s] [ 12%] Built target ament_cmake_python_copy_opcua_interfaces
[2.146s] [ 23%] Built target opcua_interfaces__rosidl_typesupport_introspection_cpp
[2.147s] [ 34%] Built target opcua_interfaces__rosidl_typesupport_fastrtps_cpp
[2.147s] [ 44%] Built target opcua_interfaces__rosidl_typesupport_fastrtps_c
[2.154s] [ 55%] Built target opcua_interfaces__rosidl_typesupport_cpp
[2.154s] [ 65%] Built target opcua_interfaces__rosidl_typesupport_c
[2.154s] [ 76%] Built target opcua_interfaces__rosidl_typesupport_introspection_c
[2.154s] [ 76%] Built target opcua_interfaces
[2.154s] [ 78%] Built target opcua_interfaces__py
[2.155s] [ 87%] Built target opcua_interfaces__rosidl_generator_py
[2.155s] [ 91%] Built target opcua_interfaces__rosidl_typesupport_c__pyext
[2.155s] [ 95%] Built target opcua_interfaces__rosidl_typesupport_introspection_c__pyext
[2.155s] [100%] Built target opcua_interfaces__rosidl_typesupport_fastrtps_c__pyext
[2.155s] running egg_info
[2.155s] writing opcua_interfaces.egg-info/PKG-INFO
[2.155s] writing dependency_links to opcua_interfaces.egg-info/dependency_links.txt
[2.156s] writing top-level names to opcua_interfaces.egg-info/top_level.txt
[2.156s] reading manifest file 'opcua_interfaces.egg-info/SOURCES.txt'
[2.156s] writing manifest file 'opcua_interfaces.egg-info/SOURCES.txt'
[2.156s] [100%] Built target ament_cmake_python_build_opcua_interfaces_egg
[2.174s] Invoked command in '/home/autopilot/ws/restackcell/ws_moveit2/build/opcua_interfaces' returned '0': CMAKE_PREFIX_PATH=/home/autopilot/ws/restackcell/ws_moveit2/install/robo_planner:/home/autopilot/ws/restackcell/ws_moveit2/install/pcl_segmentation:/home/autopilot/ws/restackcell/ws_moveit2/install/moveit_backend:/home/autopilot/ws/restackcell/ws_moveit2/install/mockup_robot:/home/autopilot/ws/restackcell/ws_moveit2/install/robo_planner_py:/home/autopilot/ws/restackcell/ws_moveit2/install/grid_snapper:/home/autopilot/ws/restackcell/ws_moveit2/install/opcua_client:/home/autopilot/ws/restackcell/ws_moveit2/install/interface_opcua:/opt/ros/humble:/home/autopilot/ws/restackcell/ws_moveit2/install/wzlscheduler_interfaces:/home/autopilot/ws/restackcell/ws_moveit2/install/ur_pilz:/home/autopilot/ws/restackcell/ws_moveit2/install/robo_planner_msgs:/home/autopilot/ws/restackcell/ws_moveit2/install/opcua_interfaces /usr/bin/cmake --build /home/autopilot/ws/restackcell/ws_moveit2/build/opcua_interfaces -- -j4 -l4
[3.605s] Invoking command in '/home/autopilot/ws/restackcell/ws_moveit2/build/opcua_interfaces': CMAKE_PREFIX_PATH=/home/autopilot/ws/restackcell/ws_moveit2/install/robo_planner:/home/autopilot/ws/restackcell/ws_moveit2/install/pcl_segmentation:/home/autopilot/ws/restackcell/ws_moveit2/install/moveit_backend:/home/autopilot/ws/restackcell/ws_moveit2/install/mockup_robot:/home/autopilot/ws/restackcell/ws_moveit2/install/robo_planner_py:/home/autopilot/ws/restackcell/ws_moveit2/install/grid_snapper:/home/autopilot/ws/restackcell/ws_moveit2/install/opcua_client:/home/autopilot/ws/restackcell/ws_moveit2/install/interface_opcua:/opt/ros/humble:/home/autopilot/ws/restackcell/ws_moveit2/install/wzlscheduler_interfaces:/home/autopilot/ws/restackcell/ws_moveit2/install/ur_pilz:/home/autopilot/ws/restackcell/ws_moveit2/install/robo_planner_msgs:/home/autopilot/ws/restackcell/ws_moveit2/install/opcua_interfaces /usr/bin/cmake --install /home/autopilot/ws/restackcell/ws_moveit2/build/opcua_interfaces
[3.655s] -- Install configuration: ""
[3.655s] -- Up-to-date: /home/autopilot/ws/restackcell/ws_moveit2/install/opcua_interfaces/share/ament_index/resource_index/rosidl_interfaces/opcua_interfaces
[3.659s] -- Up-to-date: /home/autopilot/ws/restackcell/ws_moveit2/install/opcua_interfaces/include/opcua_interfaces/opcua_interfaces
[3.662s] -- Up-to-date: /home/autopilot/ws/restackcell/ws_moveit2/install/opcua_interfaces/include/opcua_interfaces/opcua_interfaces/msg
[3.663s] -- Up-to-date: /home/autopilot/ws/restackcell/ws_moveit2/install/opcua_interfaces/include/opcua_interfaces/opcua_interfaces/msg/actuator_read.h
[3.665s] -- Up-to-date: /home/autopilot/ws/restackcell/ws_moveit2/install/opcua_interfaces/include/opcua_interfaces/opcua_interfaces/msg/rosidl_generator_c__visibility_control.h
[3.666s] -- Up-to-date: /home/autopilot/ws/restackcell/ws_moveit2/install/opcua_interfaces/include/opcua_interfaces/opcua_interfaces/msg/detail
[3.668s] -- Up-to-date: /home/autopilot/ws/restackcell/ws_moveit2/install/opcua_interfaces/include/opcua_interfaces/opcua_interfaces/msg/detail/actuator_read__functions.h
[3.669s] -- Up-to-date: /home/autopilot/ws/restackcell/ws_moveit2/install/opcua_interfaces/include/opcua_interfaces/opcua_interfaces/msg/detail/actuator_read__type_support.h
[3.670s] -- Up-to-date: /home/autopilot/ws/restackcell/ws_moveit2/install/opcua_interfaces/include/opcua_interfaces/opcua_interfaces/msg/detail/actuator_read__functions.c
[3.671s] -- Up-to-date: /home/autopilot/ws/restackcell/ws_moveit2/install/opcua_interfaces/include/opcua_interfaces/opcua_interfaces/msg/detail/actuator_read_request__struct.h
[3.671s] -- Up-to-date: /home/autopilot/ws/restackcell/ws_moveit2/install/opcua_interfaces/include/opcua_interfaces/opcua_interfaces/msg/detail/actuator_read_request__functions.h
[3.671s] -- Up-to-date: /home/autopilot/ws/restackcell/ws_moveit2/install/opcua_interfaces/include/opcua_interfaces/opcua_interfaces/msg/detail/actuator_write__functions.h
[3.671s] -- Up-to-date: /home/autopilot/ws/restackcell/ws_moveit2/install/opcua_interfaces/include/opcua_interfaces/opcua_interfaces/msg/detail/actuator_write__functions.c
[3.676s] -- Up-to-date: /home/autopilot/ws/restackcell/ws_moveit2/install/opcua_interfaces/include/opcua_interfaces/opcua_interfaces/msg/detail/actuator_write__type_support.h
[3.677s] -- Up-to-date: /home/autopilot/ws/restackcell/ws_moveit2/install/opcua_interfaces/include/opcua_interfaces/opcua_interfaces/msg/detail/actuator_read_request__functions.c
[3.677s] -- Up-to-date: /home/autopilot/ws/restackcell/ws_moveit2/install/opcua_interfaces/include/opcua_interfaces/opcua_interfaces/msg/detail/actuator_read_request__type_support.h
[3.677s] -- Up-to-date: /home/autopilot/ws/restackcell/ws_moveit2/install/opcua_interfaces/include/opcua_interfaces/opcua_interfaces/msg/detail/actuator_read__struct.h
[3.677s] -- Up-to-date: /home/autopilot/ws/restackcell/ws_moveit2/install/opcua_interfaces/include/opcua_interfaces/opcua_interfaces/msg/detail/actuator_write__struct.h
[3.677s] -- Up-to-date: /home/autopilot/ws/restackcell/ws_moveit2/install/opcua_interfaces/include/opcua_interfaces/opcua_interfaces/msg/actuator_write.h
[3.678s] -- Up-to-date: /home/autopilot/ws/restackcell/ws_moveit2/install/opcua_interfaces/include/opcua_interfaces/opcua_interfaces/msg/actuator_read_request.h
[3.678s] -- Up-to-date: /home/autopilot/ws/restackcell/ws_moveit2/install/opcua_interfaces/share/opcua_interfaces/environment/library_path.sh
[3.678s] -- Up-to-date: /home/autopilot/ws/restackcell/ws_moveit2/install/opcua_interfaces/share/opcua_interfaces/environment/library_path.dsv
[3.678s] -- Up-to-date: /home/autopilot/ws/restackcell/ws_moveit2/install/opcua_interfaces/lib/libopcua_interfaces__rosidl_generator_c.so
[3.678s] -- Up-to-date: /home/autopilot/ws/restackcell/ws_moveit2/install/opcua_interfaces/include/opcua_interfaces/opcua_interfaces
[3.679s] -- Up-to-date: /home/autopilot/ws/restackcell/ws_moveit2/install/opcua_interfaces/include/opcua_interfaces/opcua_interfaces/msg
[3.682s] -- Up-to-date: /home/autopilot/ws/restackcell/ws_moveit2/install/opcua_interfaces/include/opcua_interfaces/opcua_interfaces/msg/rosidl_typesupport_fastrtps_c__visibility_control.h
[3.682s] -- Up-to-date: /home/autopilot/ws/restackcell/ws_moveit2/install/opcua_interfaces/include/opcua_interfaces/opcua_interfaces/msg/detail
[3.683s] -- Up-to-date: /home/autopilot/ws/restackcell/ws_moveit2/install/opcua_interfaces/include/opcua_interfaces/opcua_interfaces/msg/detail/actuator_read_request__rosidl_typesupport_fastrtps_c.h
[3.683s] -- Up-to-date: /home/autopilot/ws/restackcell/ws_moveit2/install/opcua_interfaces/include/opcua_interfaces/opcua_interfaces/msg/detail/actuator_read__rosidl_typesupport_fastrtps_c.h
[3.683s] -- Up-to-date: /home/autopilot/ws/restackcell/ws_moveit2/install/opcua_interfaces/include/opcua_interfaces/opcua_interfaces/msg/detail/actuator_write__rosidl_typesupport_fastrtps_c.h
[3.683s] -- Up-to-date: /home/autopilot/ws/restackcell/ws_moveit2/install/opcua_interfaces/lib/libopcua_interfaces__rosidl_typesupport_fastrtps_c.so
[3.684s] -- Up-to-date: /home/autopilot/ws/restackcell/ws_moveit2/install/opcua_interfaces/include/opcua_interfaces/opcua_interfaces
[3.684s] -- Up-to-date: /home/autopilot/ws/restackcell/ws_moveit2/install/opcua_interfaces/include/opcua_interfaces/opcua_interfaces/msg
[3.684s] -- Up-to-date: /home/autopilot/ws/restackcell/ws_moveit2/install/opcua_interfaces/include/opcua_interfaces/opcua_interfaces/msg/rosidl_typesupport_introspection_c__visibility_control.h
[3.684s] -- Up-to-date: /home/autopilot/ws/restackcell/ws_moveit2/install/opcua_interfaces/include/opcua_interfaces/opcua_interfaces/msg/detail
[3.684s] -- Up-to-date: /home/autopilot/ws/restackcell/ws_moveit2/install/opcua_interfaces/include/opcua_interfaces/opcua_interfaces/msg/detail/actuator_write__type_support.c
[3.685s] -- Up-to-date: /home/autopilot/ws/restackcell/ws_moveit2/install/opcua_interfaces/include/opcua_interfaces/opcua_interfaces/msg/detail/actuator_read_request__type_support.c
[3.685s] -- Up-to-date: /home/autopilot/ws/restackcell/ws_moveit2/install/opcua_interfaces/include/opcua_interfaces/opcua_interfaces/msg/detail/actuator_write__rosidl_typesupport_introspection_c.h
[3.685s] -- Up-to-date: /home/autopilot/ws/restackcell/ws_moveit2/install/opcua_interfaces/include/opcua_interfaces/opcua_interfaces/msg/detail/actuator_read_request__rosidl_typesupport_introspection_c.h
[3.685s] -- Up-to-date: /home/autopilot/ws/restackcell/ws_moveit2/install/opcua_interfaces/include/opcua_interfaces/opcua_interfaces/msg/detail/actuator_read__rosidl_typesupport_introspection_c.h
[3.685s] -- Up-to-date: /home/autopilot/ws/restackcell/ws_moveit2/install/opcua_interfaces/include/opcua_interfaces/opcua_interfaces/msg/detail/actuator_read__type_support.c
[3.693s] -- Up-to-date: /home/autopilot/ws/restackcell/ws_moveit2/install/opcua_interfaces/lib/libopcua_interfaces__rosidl_typesupport_introspection_c.so
[3.696s] -- Up-to-date: /home/autopilot/ws/restackcell/ws_moveit2/install/opcua_interfaces/lib/libopcua_interfaces__rosidl_typesupport_c.so
[3.699s] -- Up-to-date: /home/autopilot/ws/restackcell/ws_moveit2/install/opcua_interfaces/include/opcua_interfaces/opcua_interfaces
[3.699s] -- Up-to-date: /home/autopilot/ws/restackcell/ws_moveit2/install/opcua_interfaces/include/opcua_interfaces/opcua_interfaces/msg
[3.699s] -- Up-to-date: /home/autopilot/ws/restackcell/ws_moveit2/install/opcua_interfaces/include/opcua_interfaces/opcua_interfaces/msg/actuator_read_request.hpp
[3.699s] -- Up-to-date: /home/autopilot/ws/restackcell/ws_moveit2/install/opcua_interfaces/include/opcua_interfaces/opcua_interfaces/msg/actuator_read.hpp
[3.700s] -- Up-to-date: /home/autopilot/ws/restackcell/ws_moveit2/install/opcua_interfaces/include/opcua_interfaces/opcua_interfaces/msg/detail
[3.700s] -- Up-to-date: /home/autopilot/ws/restackcell/ws_moveit2/install/opcua_interfaces/include/opcua_interfaces/opcua_interfaces/msg/detail/actuator_write__struct.hpp
[3.701s] -- Up-to-date: /home/autopilot/ws/restackcell/ws_moveit2/install/opcua_interfaces/include/opcua_interfaces/opcua_interfaces/msg/detail/actuator_read_request__traits.hpp
[3.701s] -- Up-to-date: /home/autopilot/ws/restackcell/ws_moveit2/install/opcua_interfaces/include/opcua_interfaces/opcua_interfaces/msg/detail/actuator_read__traits.hpp
[3.701s] -- Up-to-date: /home/autopilot/ws/restackcell/ws_moveit2/install/opcua_interfaces/include/opcua_interfaces/opcua_interfaces/msg/detail/actuator_write__builder.hpp
[3.701s] -- Up-to-date: /home/autopilot/ws/restackcell/ws_moveit2/install/opcua_interfaces/include/opcua_interfaces/opcua_interfaces/msg/detail/actuator_read_request__builder.hpp
[3.702s] -- Up-to-date: /home/autopilot/ws/restackcell/ws_moveit2/install/opcua_interfaces/include/opcua_interfaces/opcua_interfaces/msg/detail/actuator_read__struct.hpp
[3.702s] -- Up-to-date: /home/autopilot/ws/restackcell/ws_moveit2/install/opcua_interfaces/include/opcua_interfaces/opcua_interfaces/msg/detail/actuator_read_request__struct.hpp
[3.702s] -- Up-to-date: /home/autopilot/ws/restackcell/ws_moveit2/install/opcua_interfaces/include/opcua_interfaces/opcua_interfaces/msg/detail/actuator_write__traits.hpp
[3.703s] -- Up-to-date: /home/autopilot/ws/restackcell/ws_moveit2/install/opcua_interfaces/include/opcua_interfaces/opcua_interfaces/msg/detail/actuator_read__builder.hpp
[3.703s] -- Up-to-date: /home/autopilot/ws/restackcell/ws_moveit2/install/opcua_interfaces/include/opcua_interfaces/opcua_interfaces/msg/actuator_write.hpp
[3.703s] -- Up-to-date: /home/autopilot/ws/restackcell/ws_moveit2/install/opcua_interfaces/include/opcua_interfaces/opcua_interfaces
[3.704s] -- Up-to-date: /home/autopilot/ws/restackcell/ws_moveit2/install/opcua_interfaces/include/opcua_interfaces/opcua_interfaces/msg
[3.705s] -- Up-to-date: /home/autopilot/ws/restackcell/ws_moveit2/install/opcua_interfaces/include/opcua_interfaces/opcua_interfaces/msg/rosidl_typesupport_fastrtps_cpp__visibility_control.h
[3.707s] -- Up-to-date: /home/autopilot/ws/restackcell/ws_moveit2/install/opcua_interfaces/include/opcua_interfaces/opcua_interfaces/msg/detail
[3.707s] -- Up-to-date: /home/autopilot/ws/restackcell/ws_moveit2/install/opcua_interfaces/include/opcua_interfaces/opcua_interfaces/msg/detail/actuator_read_request__rosidl_typesupport_fastrtps_cpp.hpp
[3.707s] -- Up-to-date: /home/autopilot/ws/restackcell/ws_moveit2/install/opcua_interfaces/include/opcua_interfaces/opcua_interfaces/msg/detail/actuator_read__rosidl_typesupport_fastrtps_cpp.hpp
[3.707s] -- Up-to-date: /home/autopilot/ws/restackcell/ws_moveit2/install/opcua_interfaces/include/opcua_interfaces/opcua_interfaces/msg/detail/dds_fastrtps
[3.708s] -- Up-to-date: /home/autopilot/ws/restackcell/ws_moveit2/install/opcua_interfaces/include/opcua_interfaces/opcua_interfaces/msg/detail/actuator_write__rosidl_typesupport_fastrtps_cpp.hpp
[3.709s] -- Up-to-date: /home/autopilot/ws/restackcell/ws_moveit2/install/opcua_interfaces/lib/libopcua_interfaces__rosidl_typesupport_fastrtps_cpp.so
[3.710s] -- Up-to-date: /home/autopilot/ws/restackcell/ws_moveit2/install/opcua_interfaces/include/opcua_interfaces/opcua_interfaces
[3.712s] -- Up-to-date: /home/autopilot/ws/restackcell/ws_moveit2/install/opcua_interfaces/include/opcua_interfaces/opcua_interfaces/msg
[3.712s] -- Up-to-date: /home/autopilot/ws/restackcell/ws_moveit2/install/opcua_interfaces/include/opcua_interfaces/opcua_interfaces/msg/detail
[3.712s] -- Up-to-date: /home/autopilot/ws/restackcell/ws_moveit2/install/opcua_interfaces/include/opcua_interfaces/opcua_interfaces/msg/detail/actuator_read__type_support.cpp
[3.718s] -- Up-to-date: /home/autopilot/ws/restackcell/ws_moveit2/install/opcua_interfaces/include/opcua_interfaces/opcua_interfaces/msg/detail/actuator_read_request__rosidl_typesupport_introspection_cpp.hpp
[3.718s] -- Up-to-date: /home/autopilot/ws/restackcell/ws_moveit2/install/opcua_interfaces/include/opcua_interfaces/opcua_interfaces/msg/detail/actuator_write__rosidl_typesupport_introspection_cpp.hpp
[3.719s] -- Up-to-date: /home/autopilot/ws/restackcell/ws_moveit2/install/opcua_interfaces/include/opcua_interfaces/opcua_interfaces/msg/detail/actuator_read_request__type_support.cpp
[3.719s] -- Up-to-date: /home/autopilot/ws/restackcell/ws_moveit2/install/opcua_interfaces/include/opcua_interfaces/opcua_interfaces/msg/detail/actuator_write__type_support.cpp
[3.719s] -- Up-to-date: /home/autopilot/ws/restackcell/ws_moveit2/install/opcua_interfaces/include/opcua_interfaces/opcua_interfaces/msg/detail/actuator_read__rosidl_typesupport_introspection_cpp.hpp
[3.719s] -- Up-to-date: /home/autopilot/ws/restackcell/ws_moveit2/install/opcua_interfaces/lib/libopcua_interfaces__rosidl_typesupport_introspection_cpp.so
[3.730s] -- Up-to-date: /home/autopilot/ws/restackcell/ws_moveit2/install/opcua_interfaces/lib/libopcua_interfaces__rosidl_typesupport_cpp.so
[3.732s] -- Up-to-date: /home/autopilot/ws/restackcell/ws_moveit2/install/opcua_interfaces/share/opcua_interfaces/environment/pythonpath.sh
[3.734s] -- Up-to-date: /home/autopilot/ws/restackcell/ws_moveit2/install/opcua_interfaces/share/opcua_interfaces/environment/pythonpath.dsv
[3.734s] -- Up-to-date: /home/autopilot/ws/restackcell/ws_moveit2/install/opcua_interfaces/local/lib/python3.10/dist-packages/opcua_interfaces-0.0.0-py3.10.egg-info
[3.736s] -- Installing: /home/autopilot/ws/restackcell/ws_moveit2/install/opcua_interfaces/local/lib/python3.10/dist-packages/opcua_interfaces-0.0.0-py3.10.egg-info/SOURCES.txt
[3.738s] -- Installing: /home/autopilot/ws/restackcell/ws_moveit2/install/opcua_interfaces/local/lib/python3.10/dist-packages/opcua_interfaces-0.0.0-py3.10.egg-info/PKG-INFO
[3.740s] -- Installing: /home/autopilot/ws/restackcell/ws_moveit2/install/opcua_interfaces/local/lib/python3.10/dist-packages/opcua_interfaces-0.0.0-py3.10.egg-info/top_level.txt
[3.753s] -- Installing: /home/autopilot/ws/restackcell/ws_moveit2/install/opcua_interfaces/local/lib/python3.10/dist-packages/opcua_interfaces-0.0.0-py3.10.egg-info/dependency_links.txt
[3.756s] -- Up-to-date: /home/autopilot/ws/restackcell/ws_moveit2/install/opcua_interfaces/local/lib/python3.10/dist-packages/opcua_interfaces
[3.756s] -- Up-to-date: /home/autopilot/ws/restackcell/ws_moveit2/install/opcua_interfaces/local/lib/python3.10/dist-packages/opcua_interfaces/_opcua_interfaces_s.ep.rosidl_typesupport_fastrtps_c.c
[3.756s] -- Up-to-date: /home/autopilot/ws/restackcell/ws_moveit2/install/opcua_interfaces/local/lib/python3.10/dist-packages/opcua_interfaces/__init__.py
[3.757s] -- Up-to-date: /home/autopilot/ws/restackcell/ws_moveit2/install/opcua_interfaces/local/lib/python3.10/dist-packages/opcua_interfaces/msg
[3.758s] -- Up-to-date: /home/autopilot/ws/restackcell/ws_moveit2/install/opcua_interfaces/local/lib/python3.10/dist-packages/opcua_interfaces/msg/_actuator_read_request_s.c
[3.758s] -- Up-to-date: /home/autopilot/ws/restackcell/ws_moveit2/install/opcua_interfaces/local/lib/python3.10/dist-packages/opcua_interfaces/msg/_actuator_write_s.c
[3.758s] -- Up-to-date: /home/autopilot/ws/restackcell/ws_moveit2/install/opcua_interfaces/local/lib/python3.10/dist-packages/opcua_interfaces/msg/__init__.py
[3.758s] -- Up-to-date: /home/autopilot/ws/restackcell/ws_moveit2/install/opcua_interfaces/local/lib/python3.10/dist-packages/opcua_interfaces/msg/_actuator_write.py
[3.759s] -- Up-to-date: /home/autopilot/ws/restackcell/ws_moveit2/install/opcua_interfaces/local/lib/python3.10/dist-packages/opcua_interfaces/msg/_actuator_read_request.py
[3.759s] -- Up-to-date: /home/autopilot/ws/restackcell/ws_moveit2/install/opcua_interfaces/local/lib/python3.10/dist-packages/opcua_interfaces/msg/_actuator_read.py
[3.759s] -- Up-to-date: /home/autopilot/ws/restackcell/ws_moveit2/install/opcua_interfaces/local/lib/python3.10/dist-packages/opcua_interfaces/msg/_actuator_read_s.c
[3.759s] -- Up-to-date: /home/autopilot/ws/restackcell/ws_moveit2/install/opcua_interfaces/local/lib/python3.10/dist-packages/opcua_interfaces/_opcua_interfaces_s.ep.rosidl_typesupport_introspection_c.c
[3.760s] -- Up-to-date: /home/autopilot/ws/restackcell/ws_moveit2/install/opcua_interfaces/local/lib/python3.10/dist-packages/opcua_interfaces/_opcua_interfaces_s.ep.rosidl_typesupport_c.c
[3.760s] -- Up-to-date: /home/autopilot/ws/restackcell/ws_moveit2/install/opcua_interfaces/local/lib/python3.10/dist-packages/opcua_interfaces/opcua_interfaces_s__rosidl_typesupport_introspection_c.cpython-310-aarch64-linux-gnu.so
[3.760s] -- Up-to-date: /home/autopilot/ws/restackcell/ws_moveit2/install/opcua_interfaces/local/lib/python3.10/dist-packages/opcua_interfaces/opcua_interfaces_s__rosidl_typesupport_c.cpython-310-aarch64-linux-gnu.so
[3.761s] -- Up-to-date: /home/autopilot/ws/restackcell/ws_moveit2/install/opcua_interfaces/local/lib/python3.10/dist-packages/opcua_interfaces/opcua_interfaces_s__rosidl_typesupport_fastrtps_c.cpython-310-aarch64-linux-gnu.so
[3.761s] -- Up-to-date: /home/autopilot/ws/restackcell/ws_moveit2/install/opcua_interfaces/local/lib/python3.10/dist-packages/opcua_interfaces/libopcua_interfaces__rosidl_generator_py.so
[3.945s] Listing '/home/autopilot/ws/restackcell/ws_moveit2/install/opcua_interfaces/local/lib/python3.10/dist-packages/opcua_interfaces'...
[3.945s] Listing '/home/autopilot/ws/restackcell/ws_moveit2/install/opcua_interfaces/local/lib/python3.10/dist-packages/opcua_interfaces/msg'...
[3.961s] -- Up-to-date: /home/autopilot/ws/restackcell/ws_moveit2/install/opcua_interfaces/local/lib/python3.10/dist-packages/opcua_interfaces/opcua_interfaces_s__rosidl_typesupport_fastrtps_c.cpython-310-aarch64-linux-gnu.so
[3.962s] -- Up-to-date: /home/autopilot/ws/restackcell/ws_moveit2/install/opcua_interfaces/local/lib/python3.10/dist-packages/opcua_interfaces/opcua_interfaces_s__rosidl_typesupport_introspection_c.cpython-310-aarch64-linux-gnu.so
[3.962s] -- Up-to-date: /home/autopilot/ws/restackcell/ws_moveit2/install/opcua_interfaces/local/lib/python3.10/dist-packages/opcua_interfaces/opcua_interfaces_s__rosidl_typesupport_c.cpython-310-aarch64-linux-gnu.so
[3.963s] -- Up-to-date: /home/autopilot/ws/restackcell/ws_moveit2/install/opcua_interfaces/lib/libopcua_interfaces__rosidl_generator_py.so
[3.963s] -- Up-to-date: /home/autopilot/ws/restackcell/ws_moveit2/install/opcua_interfaces/share/opcua_interfaces/msg/ActuatorWrite.idl
[3.964s] -- Up-to-date: /home/autopilot/ws/restackcell/ws_moveit2/install/opcua_interfaces/share/opcua_interfaces/msg/ActuatorRead.idl
[3.964s] -- Up-to-date: /home/autopilot/ws/restackcell/ws_moveit2/install/opcua_interfaces/share/opcua_interfaces/msg/ActuatorReadRequest.idl
[3.964s] -- Up-to-date: /home/autopilot/ws/restackcell/ws_moveit2/install/opcua_interfaces/share/opcua_interfaces/msg/ActuatorWrite.msg
[3.964s] -- Up-to-date: /home/autopilot/ws/restackcell/ws_moveit2/install/opcua_interfaces/share/opcua_interfaces/msg/ActuatorRead.msg
[3.964s] -- Up-to-date: /home/autopilot/ws/restackcell/ws_moveit2/install/opcua_interfaces/share/opcua_interfaces/msg/ActuatorReadRequest.msg
[3.964s] -- Up-to-date: /home/autopilot/ws/restackcell/ws_moveit2/install/opcua_interfaces/share/ament_index/resource_index/package_run_dependencies/opcua_interfaces
[3.965s] -- Up-to-date: /home/autopilot/ws/restackcell/ws_moveit2/install/opcua_interfaces/share/ament_index/resource_index/parent_prefix_path/opcua_interfaces
[3.965s] -- Up-to-date: /home/autopilot/ws/restackcell/ws_moveit2/install/opcua_interfaces/share/opcua_interfaces/environment/ament_prefix_path.sh
[3.969s] -- Up-to-date: /home/autopilot/ws/restackcell/ws_moveit2/install/opcua_interfaces/share/opcua_interfaces/environment/ament_prefix_path.dsv
[3.970s] -- Up-to-date: /home/autopilot/ws/restackcell/ws_moveit2/install/opcua_interfaces/share/opcua_interfaces/environment/path.sh
[3.970s] -- Up-to-date: /home/autopilot/ws/restackcell/ws_moveit2/install/opcua_interfaces/share/opcua_interfaces/environment/path.dsv
[3.971s] -- Up-to-date: /home/autopilot/ws/restackcell/ws_moveit2/install/opcua_interfaces/share/opcua_interfaces/local_setup.bash
[3.971s] -- Up-to-date: /home/autopilot/ws/restackcell/ws_moveit2/install/opcua_interfaces/share/opcua_interfaces/local_setup.sh
[3.972s] -- Up-to-date: /home/autopilot/ws/restackcell/ws_moveit2/install/opcua_interfaces/share/opcua_interfaces/local_setup.zsh
[3.972s] -- Up-to-date: /home/autopilot/ws/restackcell/ws_moveit2/install/opcua_interfaces/share/opcua_interfaces/local_setup.dsv
[3.972s] -- Installing: /home/autopilot/ws/restackcell/ws_moveit2/install/opcua_interfaces/share/opcua_interfaces/package.dsv
[3.973s] -- Up-to-date: /home/autopilot/ws/restackcell/ws_moveit2/install/opcua_interfaces/share/ament_index/resource_index/packages/opcua_interfaces
[3.974s] -- Up-to-date: /home/autopilot/ws/restackcell/ws_moveit2/install/opcua_interfaces/share/opcua_interfaces/cmake/export_opcua_interfaces__rosidl_generator_cExport.cmake
[3.974s] -- Up-to-date: /home/autopilot/ws/restackcell/ws_moveit2/install/opcua_interfaces/share/opcua_interfaces/cmake/export_opcua_interfaces__rosidl_generator_cExport-noconfig.cmake
[3.975s] -- Up-to-date: /home/autopilot/ws/restackcell/ws_moveit2/install/opcua_interfaces/share/opcua_interfaces/cmake/export_opcua_interfaces__rosidl_typesupport_fastrtps_cExport.cmake
[3.976s] -- Up-to-date: /home/autopilot/ws/restackcell/ws_moveit2/install/opcua_interfaces/share/opcua_interfaces/cmake/export_opcua_interfaces__rosidl_typesupport_fastrtps_cExport-noconfig.cmake
[3.976s] -- Up-to-date: /home/autopilot/ws/restackcell/ws_moveit2/install/opcua_interfaces/share/opcua_interfaces/cmake/opcua_interfaces__rosidl_typesupport_introspection_cExport.cmake
[3.985s] -- Up-to-date: /home/autopilot/ws/restackcell/ws_moveit2/install/opcua_interfaces/share/opcua_interfaces/cmake/opcua_interfaces__rosidl_typesupport_introspection_cExport-noconfig.cmake
[3.986s] -- Up-to-date: /home/autopilot/ws/restackcell/ws_moveit2/install/opcua_interfaces/share/opcua_interfaces/cmake/opcua_interfaces__rosidl_typesupport_cExport.cmake
[3.986s] -- Up-to-date: /home/autopilot/ws/restackcell/ws_moveit2/install/opcua_interfaces/share/opcua_interfaces/cmake/opcua_interfaces__rosidl_typesupport_cExport-noconfig.cmake
[3.986s] -- Up-to-date: /home/autopilot/ws/restackcell/ws_moveit2/install/opcua_interfaces/share/opcua_interfaces/cmake/export_opcua_interfaces__rosidl_generator_cppExport.cmake
[3.986s] -- Up-to-date: /home/autopilot/ws/restackcell/ws_moveit2/install/opcua_interfaces/share/opcua_interfaces/cmake/export_opcua_interfaces__rosidl_typesupport_fastrtps_cppExport.cmake
[3.986s] -- Up-to-date: /home/autopilot/ws/restackcell/ws_moveit2/install/opcua_interfaces/share/opcua_interfaces/cmake/export_opcua_interfaces__rosidl_typesupport_fastrtps_cppExport-noconfig.cmake
[3.986s] -- Up-to-date: /home/autopilot/ws/restackcell/ws_moveit2/install/opcua_interfaces/share/opcua_interfaces/cmake/opcua_interfaces__rosidl_typesupport_introspection_cppExport.cmake
[3.987s] -- Up-to-date: /home/autopilot/ws/restackcell/ws_moveit2/install/opcua_interfaces/share/opcua_interfaces/cmake/opcua_interfaces__rosidl_typesupport_introspection_cppExport-noconfig.cmake
[3.987s] -- Up-to-date: /home/autopilot/ws/restackcell/ws_moveit2/install/opcua_interfaces/share/opcua_interfaces/cmake/opcua_interfaces__rosidl_typesupport_cppExport.cmake
[3.987s] -- Up-to-date: /home/autopilot/ws/restackcell/ws_moveit2/install/opcua_interfaces/share/opcua_interfaces/cmake/opcua_interfaces__rosidl_typesupport_cppExport-noconfig.cmake
[3.987s] -- Up-to-date: /home/autopilot/ws/restackcell/ws_moveit2/install/opcua_interfaces/share/opcua_interfaces/cmake/export_opcua_interfaces__rosidl_generator_pyExport.cmake
[3.987s] -- Up-to-date: /home/autopilot/ws/restackcell/ws_moveit2/install/opcua_interfaces/share/opcua_interfaces/cmake/export_opcua_interfaces__rosidl_generator_pyExport-noconfig.cmake
[3.987s] -- Up-to-date: /home/autopilot/ws/restackcell/ws_moveit2/install/opcua_interfaces/share/opcua_interfaces/cmake/rosidl_cmake-extras.cmake
[3.987s] -- Up-to-date: /home/autopilot/ws/restackcell/ws_moveit2/install/opcua_interfaces/share/opcua_interfaces/cmake/ament_cmake_export_include_directories-extras.cmake
[3.988s] -- Up-to-date: /home/autopilot/ws/restackcell/ws_moveit2/install/opcua_interfaces/share/opcua_interfaces/cmake/ament_cmake_export_libraries-extras.cmake
[3.988s] -- Up-to-date: /home/autopilot/ws/restackcell/ws_moveit2/install/opcua_interfaces/share/opcua_interfaces/cmake/ament_cmake_export_targets-extras.cmake
[3.988s] -- Up-to-date: /home/autopilot/ws/restackcell/ws_moveit2/install/opcua_interfaces/share/opcua_interfaces/cmake/rosidl_cmake_export_typesupport_targets-extras.cmake
[3.988s] -- Up-to-date: /home/autopilot/ws/restackcell/ws_moveit2/install/opcua_interfaces/share/opcua_interfaces/cmake/ament_cmake_export_dependencies-extras.cmake
[3.988s] -- Up-to-date: /home/autopilot/ws/restackcell/ws_moveit2/install/opcua_interfaces/share/opcua_interfaces/cmake/rosidl_cmake_export_typesupport_libraries-extras.cmake
[3.989s] -- Up-to-date: /home/autopilot/ws/restackcell/ws_moveit2/install/opcua_interfaces/share/opcua_interfaces/cmake/opcua_interfacesConfig.cmake
[3.989s] -- Up-to-date: /home/autopilot/ws/restackcell/ws_moveit2/install/opcua_interfaces/share/opcua_interfaces/cmake/opcua_interfacesConfig-version.cmake
[3.989s] -- Up-to-date: /home/autopilot/ws/restackcell/ws_moveit2/install/opcua_interfaces/share/opcua_interfaces/package.xml
[4.002s] Invoked command in '/home/autopilot/ws/restackcell/ws_moveit2/build/opcua_interfaces' returned '0': CMAKE_PREFIX_PATH=/home/autopilot/ws/restackcell/ws_moveit2/install/robo_planner:/home/autopilot/ws/restackcell/ws_moveit2/install/pcl_segmentation:/home/autopilot/ws/restackcell/ws_moveit2/install/moveit_backend:/home/autopilot/ws/restackcell/ws_moveit2/install/mockup_robot:/home/autopilot/ws/restackcell/ws_moveit2/install/robo_planner_py:/home/autopilot/ws/restackcell/ws_moveit2/install/grid_snapper:/home/autopilot/ws/restackcell/ws_moveit2/install/opcua_client:/home/autopilot/ws/restackcell/ws_moveit2/install/interface_opcua:/opt/ros/humble:/home/autopilot/ws/restackcell/ws_moveit2/install/wzlscheduler_interfaces:/home/autopilot/ws/restackcell/ws_moveit2/install/ur_pilz:/home/autopilot/ws/restackcell/ws_moveit2/install/robo_planner_msgs:/home/autopilot/ws/restackcell/ws_moveit2/install/opcua_interfaces /usr/bin/cmake --install /home/autopilot/ws/restackcell/ws_moveit2/build/opcua_interfaces
