[2.108s] Invoking command in '/home/autopilot/ws/restackcell/ws_moveit2/src/interface_opcua': PYTHONPATH=/home/autopilot/ws/restackcell/ws_moveit2/build/interface_opcua/prefix_override:/usr/lib/python3/dist-packages/colcon_core/task/python/colcon_distutils_commands:/home/autopilot/ws/restackcell/ws_moveit2/install/interface_opcua/lib/python3.10/site-packages:${PYTHONPATH} /usr/bin/python3 -W ignore:setup.py install is deprecated setup.py egg_info --egg-base ../../build/interface_opcua build --build-base /home/autopilot/ws/restackcell/ws_moveit2/build/interface_opcua/build install --record /home/autopilot/ws/restackcell/ws_moveit2/build/interface_opcua/install.log --single-version-externally-managed install_data
[2.692s] running egg_info
[2.693s] writing ../../build/interface_opcua/interface_opcua.egg-info/PKG-INFO
[2.694s] writing dependency_links to ../../build/interface_opcua/interface_opcua.egg-info/dependency_links.txt
[2.694s] writing entry points to ../../build/interface_opcua/interface_opcua.egg-info/entry_points.txt
[2.696s] writing requirements to ../../build/interface_opcua/interface_opcua.egg-info/requires.txt
[2.696s] writing top-level names to ../../build/interface_opcua/interface_opcua.egg-info/top_level.txt
[2.699s] reading manifest file '../../build/interface_opcua/interface_opcua.egg-info/SOURCES.txt'
[2.699s] adding license file 'LICENSE'
[2.700s] writing manifest file '../../build/interface_opcua/interface_opcua.egg-info/SOURCES.txt'
[2.700s] running build
[2.701s] running build_py
[2.701s] running install
[2.704s] running install_lib
[2.712s] running install_data
[2.713s] running install_egg_info
[2.729s] removing '/home/autopilot/ws/restackcell/ws_moveit2/install/interface_opcua/lib/python3.10/site-packages/interface_opcua-0.0.0-py3.10.egg-info' (and everything under it)
[2.730s] Copying ../../build/interface_opcua/interface_opcua.egg-info to /home/autopilot/ws/restackcell/ws_moveit2/install/interface_opcua/lib/python3.10/site-packages/interface_opcua-0.0.0-py3.10.egg-info
[2.732s] running install_scripts
[2.804s] Installing service script to /home/autopilot/ws/restackcell/ws_moveit2/install/interface_opcua/lib/interface_opcua
[2.806s] writing list of installed files to '/home/autopilot/ws/restackcell/ws_moveit2/build/interface_opcua/install.log'
[2.895s] Invoked command in '/home/autopilot/ws/restackcell/ws_moveit2/src/interface_opcua' returned '0': PYTHONPATH=/home/autopilot/ws/restackcell/ws_moveit2/build/interface_opcua/prefix_override:/usr/lib/python3/dist-packages/colcon_core/task/python/colcon_distutils_commands:/home/autopilot/ws/restackcell/ws_moveit2/install/interface_opcua/lib/python3.10/site-packages:${PYTHONPATH} /usr/bin/python3 -W ignore:setup.py install is deprecated setup.py egg_info --egg-base ../../build/interface_opcua build --build-base /home/autopilot/ws/restackcell/ws_moveit2/build/interface_opcua/build install --record /home/autopilot/ws/restackcell/ws_moveit2/build/interface_opcua/install.log --single-version-externally-managed install_data
