[0.116s] DEBUG:colcon:Command line arguments: ['/usr/bin/colcon', 'build', '--packages-select', 'interface_opcua']
[0.117s] DEBUG:colcon:Parsed command line arguments: Namespace(log_base=None, log_level=None, verb_name='build', build_base='build', install_base='install', merge_install=False, symlink_install=False, test_result_base=None, continue_on_error=False, executor='parallel', parallel_workers=16, event_handlers=None, ignore_user_meta=False, metas=['./colcon.meta'], base_paths=['.'], packages_ignore=None, packages_ignore_regex=None, paths=None, packages_up_to=None, packages_up_to_regex=None, packages_above=None, packages_above_and_dependencies=None, packages_above_depth=None, packages_select_by_dep=None, packages_skip_by_dep=None, packages_skip_up_to=None, packages_select_build_failed=False, packages_skip_build_finished=False, packages_select_test_failures=False, packages_skip_test_passed=False, packages_select=['interface_opcua'], packages_skip=None, packages_select_regex=None, packages_skip_regex=None, packages_start=None, packages_end=None, allow_overriding=[], cmake_args=None, cmake_target=None, cmake_target_skip_unavailable=False, cmake_clean_cache=False, cmake_clean_first=False, cmake_force_configure=False, ament_cmake_args=None, catkin_cmake_args=None, catkin_skip_building_tests=False, mixin_files=None, mixin=None, verb_parser=<colcon_mixin.mixin.mixin_argument.MixinArgumentDecorator object at 0x7f95ec13d990>, verb_extension=<colcon_core.verb.build.BuildVerb object at 0x7f95ec23e110>, main=<bound method BuildVerb.main of <colcon_core.verb.build.BuildVerb object at 0x7f95ec23e110>>, mixin_verb=('build',))
[0.211s] Level 1:colcon.colcon_core.package_discovery:discover_packages(colcon_meta) check parameters
[0.211s] Level 1:colcon.colcon_core.package_discovery:discover_packages(recursive) check parameters
[0.211s] Level 1:colcon.colcon_core.package_discovery:discover_packages(ignore) check parameters
[0.211s] Level 1:colcon.colcon_core.package_discovery:discover_packages(path) check parameters
[0.211s] Level 1:colcon.colcon_core.package_discovery:discover_packages(colcon_meta) discover
[0.211s] Level 1:colcon.colcon_core.package_discovery:discover_packages(recursive) discover
[0.211s] INFO:colcon.colcon_core.package_discovery:Crawling recursively for packages in '/home/aw/restackcell/ws_moveit2'
[0.211s] Level 1:colcon.colcon_core.package_identification:_identify(.) by extensions ['ignore', 'ignore_ament_install']
[0.211s] Level 1:colcon.colcon_core.package_identification:_identify(.) by extension 'ignore'
[0.211s] Level 1:colcon.colcon_core.package_identification:_identify(.) by extension 'ignore_ament_install'
[0.211s] Level 1:colcon.colcon_core.package_identification:_identify(.) by extensions ['colcon_pkg']
[0.211s] Level 1:colcon.colcon_core.package_identification:_identify(.) by extension 'colcon_pkg'
[0.211s] Level 1:colcon.colcon_core.package_identification:_identify(.) by extensions ['colcon_meta']
[0.211s] Level 1:colcon.colcon_core.package_identification:_identify(.) by extension 'colcon_meta'
[0.211s] Level 1:colcon.colcon_core.package_identification:_identify(.) by extensions ['ros']
[0.211s] Level 1:colcon.colcon_core.package_identification:_identify(.) by extension 'ros'
[0.218s] Level 1:colcon.colcon_core.package_identification:_identify(.) by extensions ['cmake', 'python']
[0.218s] Level 1:colcon.colcon_core.package_identification:_identify(.) by extension 'cmake'
[0.218s] Level 1:colcon.colcon_core.package_identification:_identify(.) by extension 'python'
[0.218s] Level 1:colcon.colcon_core.package_identification:_identify(.) by extensions ['python_setup_py']
[0.218s] Level 1:colcon.colcon_core.package_identification:_identify(.) by extension 'python_setup_py'
[0.218s] Level 1:colcon.colcon_core.package_identification:_identify(build) by extensions ['ignore', 'ignore_ament_install']
[0.219s] Level 1:colcon.colcon_core.package_identification:_identify(build) by extension 'ignore'
[0.219s] Level 1:colcon.colcon_core.package_identification:_identify(build) ignored
[0.219s] Level 1:colcon.colcon_core.package_identification:_identify(install) by extensions ['ignore', 'ignore_ament_install']
[0.219s] Level 1:colcon.colcon_core.package_identification:_identify(install) by extension 'ignore'
[0.219s] Level 1:colcon.colcon_core.package_identification:_identify(install) ignored
[0.219s] Level 1:colcon.colcon_core.package_identification:_identify(log) by extensions ['ignore', 'ignore_ament_install']
[0.219s] Level 1:colcon.colcon_core.package_identification:_identify(log) by extension 'ignore'
[0.219s] Level 1:colcon.colcon_core.package_identification:_identify(log) ignored
[0.219s] Level 1:colcon.colcon_core.package_identification:_identify(src) by extensions ['ignore', 'ignore_ament_install']
[0.219s] Level 1:colcon.colcon_core.package_identification:_identify(src) by extension 'ignore'
[0.219s] Level 1:colcon.colcon_core.package_identification:_identify(src) by extension 'ignore_ament_install'
[0.219s] Level 1:colcon.colcon_core.package_identification:_identify(src) by extensions ['colcon_pkg']
[0.219s] Level 1:colcon.colcon_core.package_identification:_identify(src) by extension 'colcon_pkg'
[0.219s] Level 1:colcon.colcon_core.package_identification:_identify(src) by extensions ['colcon_meta']
[0.219s] Level 1:colcon.colcon_core.package_identification:_identify(src) by extension 'colcon_meta'
[0.219s] Level 1:colcon.colcon_core.package_identification:_identify(src) by extensions ['ros']
[0.219s] Level 1:colcon.colcon_core.package_identification:_identify(src) by extension 'ros'
[0.219s] Level 1:colcon.colcon_core.package_identification:_identify(src) by extensions ['cmake', 'python']
[0.219s] Level 1:colcon.colcon_core.package_identification:_identify(src) by extension 'cmake'
[0.220s] Level 1:colcon.colcon_core.package_identification:_identify(src) by extension 'python'
[0.220s] Level 1:colcon.colcon_core.package_identification:_identify(src) by extensions ['python_setup_py']
[0.220s] Level 1:colcon.colcon_core.package_identification:_identify(src) by extension 'python_setup_py'
[0.220s] Level 1:colcon.colcon_core.package_identification:_identify(src/build) by extensions ['ignore', 'ignore_ament_install']
[0.220s] Level 1:colcon.colcon_core.package_identification:_identify(src/build) by extension 'ignore'
[0.220s] Level 1:colcon.colcon_core.package_identification:_identify(src/build) ignored
[0.220s] Level 1:colcon.colcon_core.package_identification:_identify(src/build-hello_moveit-Desktop-Debug) by extensions ['ignore', 'ignore_ament_install']
[0.220s] Level 1:colcon.colcon_core.package_identification:_identify(src/build-hello_moveit-Desktop-Debug) by extension 'ignore'
[0.220s] Level 1:colcon.colcon_core.package_identification:_identify(src/build-hello_moveit-Desktop-Debug) by extension 'ignore_ament_install'
[0.220s] Level 1:colcon.colcon_core.package_identification:_identify(src/build-hello_moveit-Desktop-Debug) by extensions ['colcon_pkg']
[0.220s] Level 1:colcon.colcon_core.package_identification:_identify(src/build-hello_moveit-Desktop-Debug) by extension 'colcon_pkg'
[0.220s] Level 1:colcon.colcon_core.package_identification:_identify(src/build-hello_moveit-Desktop-Debug) by extensions ['colcon_meta']
[0.220s] Level 1:colcon.colcon_core.package_identification:_identify(src/build-hello_moveit-Desktop-Debug) by extension 'colcon_meta'
[0.220s] Level 1:colcon.colcon_core.package_identification:_identify(src/build-hello_moveit-Desktop-Debug) by extensions ['ros']
[0.220s] Level 1:colcon.colcon_core.package_identification:_identify(src/build-hello_moveit-Desktop-Debug) by extension 'ros'
[0.220s] Level 1:colcon.colcon_core.package_identification:_identify(src/build-hello_moveit-Desktop-Debug) by extensions ['cmake', 'python']
[0.220s] Level 1:colcon.colcon_core.package_identification:_identify(src/build-hello_moveit-Desktop-Debug) by extension 'cmake'
[0.220s] Level 1:colcon.colcon_core.package_identification:_identify(src/build-hello_moveit-Desktop-Debug) by extension 'python'
[0.220s] Level 1:colcon.colcon_core.package_identification:_identify(src/build-hello_moveit-Desktop-Debug) by extensions ['python_setup_py']
[0.220s] Level 1:colcon.colcon_core.package_identification:_identify(src/build-hello_moveit-Desktop-Debug) by extension 'python_setup_py'
[0.220s] Level 1:colcon.colcon_core.package_identification:_identify(src/build-hello_moveit-Desktop-Debug/CMakeFiles) by extensions ['ignore', 'ignore_ament_install']
[0.220s] Level 1:colcon.colcon_core.package_identification:_identify(src/build-hello_moveit-Desktop-Debug/CMakeFiles) by extension 'ignore'
[0.220s] Level 1:colcon.colcon_core.package_identification:_identify(src/build-hello_moveit-Desktop-Debug/CMakeFiles) by extension 'ignore_ament_install'
[0.220s] Level 1:colcon.colcon_core.package_identification:_identify(src/build-hello_moveit-Desktop-Debug/CMakeFiles) by extensions ['colcon_pkg']
[0.220s] Level 1:colcon.colcon_core.package_identification:_identify(src/build-hello_moveit-Desktop-Debug/CMakeFiles) by extension 'colcon_pkg'
[0.220s] Level 1:colcon.colcon_core.package_identification:_identify(src/build-hello_moveit-Desktop-Debug/CMakeFiles) by extensions ['colcon_meta']
[0.220s] Level 1:colcon.colcon_core.package_identification:_identify(src/build-hello_moveit-Desktop-Debug/CMakeFiles) by extension 'colcon_meta'
[0.220s] Level 1:colcon.colcon_core.package_identification:_identify(src/build-hello_moveit-Desktop-Debug/CMakeFiles) by extensions ['ros']
[0.220s] Level 1:colcon.colcon_core.package_identification:_identify(src/build-hello_moveit-Desktop-Debug/CMakeFiles) by extension 'ros'
[0.221s] Level 1:colcon.colcon_core.package_identification:_identify(src/build-hello_moveit-Desktop-Debug/CMakeFiles) by extensions ['cmake', 'python']
[0.221s] Level 1:colcon.colcon_core.package_identification:_identify(src/build-hello_moveit-Desktop-Debug/CMakeFiles) by extension 'cmake'
[0.221s] Level 1:colcon.colcon_core.package_identification:_identify(src/build-hello_moveit-Desktop-Debug/CMakeFiles) by extension 'python'
[0.221s] Level 1:colcon.colcon_core.package_identification:_identify(src/build-hello_moveit-Desktop-Debug/CMakeFiles) by extensions ['python_setup_py']
[0.221s] Level 1:colcon.colcon_core.package_identification:_identify(src/build-hello_moveit-Desktop-Debug/CMakeFiles) by extension 'python_setup_py'
[0.221s] Level 1:colcon.colcon_core.package_identification:_identify(src/build-hello_moveit-Desktop-Debug/CMakeFiles/3.22.1) by extensions ['ignore', 'ignore_ament_install']
[0.221s] Level 1:colcon.colcon_core.package_identification:_identify(src/build-hello_moveit-Desktop-Debug/CMakeFiles/3.22.1) by extension 'ignore'
[0.221s] Level 1:colcon.colcon_core.package_identification:_identify(src/build-hello_moveit-Desktop-Debug/CMakeFiles/3.22.1) by extension 'ignore_ament_install'
[0.221s] Level 1:colcon.colcon_core.package_identification:_identify(src/build-hello_moveit-Desktop-Debug/CMakeFiles/3.22.1) by extensions ['colcon_pkg']
[0.221s] Level 1:colcon.colcon_core.package_identification:_identify(src/build-hello_moveit-Desktop-Debug/CMakeFiles/3.22.1) by extension 'colcon_pkg'
[0.221s] Level 1:colcon.colcon_core.package_identification:_identify(src/build-hello_moveit-Desktop-Debug/CMakeFiles/3.22.1) by extensions ['colcon_meta']
[0.221s] Level 1:colcon.colcon_core.package_identification:_identify(src/build-hello_moveit-Desktop-Debug/CMakeFiles/3.22.1) by extension 'colcon_meta'
[0.221s] Level 1:colcon.colcon_core.package_identification:_identify(src/build-hello_moveit-Desktop-Debug/CMakeFiles/3.22.1) by extensions ['ros']
[0.221s] Level 1:colcon.colcon_core.package_identification:_identify(src/build-hello_moveit-Desktop-Debug/CMakeFiles/3.22.1) by extension 'ros'
[0.221s] Level 1:colcon.colcon_core.package_identification:_identify(src/build-hello_moveit-Desktop-Debug/CMakeFiles/3.22.1) by extensions ['cmake', 'python']
[0.221s] Level 1:colcon.colcon_core.package_identification:_identify(src/build-hello_moveit-Desktop-Debug/CMakeFiles/3.22.1) by extension 'cmake'
[0.221s] Level 1:colcon.colcon_core.package_identification:_identify(src/build-hello_moveit-Desktop-Debug/CMakeFiles/3.22.1) by extension 'python'
[0.221s] Level 1:colcon.colcon_core.package_identification:_identify(src/build-hello_moveit-Desktop-Debug/CMakeFiles/3.22.1) by extensions ['python_setup_py']
[0.221s] Level 1:colcon.colcon_core.package_identification:_identify(src/build-hello_moveit-Desktop-Debug/CMakeFiles/3.22.1) by extension 'python_setup_py'
[0.221s] Level 1:colcon.colcon_core.package_identification:_identify(src/build-hello_moveit-Desktop-Debug/CMakeFiles/3.22.1/CompilerIdC) by extensions ['ignore', 'ignore_ament_install']
[0.221s] Level 1:colcon.colcon_core.package_identification:_identify(src/build-hello_moveit-Desktop-Debug/CMakeFiles/3.22.1/CompilerIdC) by extension 'ignore'
[0.221s] Level 1:colcon.colcon_core.package_identification:_identify(src/build-hello_moveit-Desktop-Debug/CMakeFiles/3.22.1/CompilerIdC) by extension 'ignore_ament_install'
[0.221s] Level 1:colcon.colcon_core.package_identification:_identify(src/build-hello_moveit-Desktop-Debug/CMakeFiles/3.22.1/CompilerIdC) by extensions ['colcon_pkg']
[0.221s] Level 1:colcon.colcon_core.package_identification:_identify(src/build-hello_moveit-Desktop-Debug/CMakeFiles/3.22.1/CompilerIdC) by extension 'colcon_pkg'
[0.221s] Level 1:colcon.colcon_core.package_identification:_identify(src/build-hello_moveit-Desktop-Debug/CMakeFiles/3.22.1/CompilerIdC) by extensions ['colcon_meta']
[0.221s] Level 1:colcon.colcon_core.package_identification:_identify(src/build-hello_moveit-Desktop-Debug/CMakeFiles/3.22.1/CompilerIdC) by extension 'colcon_meta'
[0.221s] Level 1:colcon.colcon_core.package_identification:_identify(src/build-hello_moveit-Desktop-Debug/CMakeFiles/3.22.1/CompilerIdC) by extensions ['ros']
[0.222s] Level 1:colcon.colcon_core.package_identification:_identify(src/build-hello_moveit-Desktop-Debug/CMakeFiles/3.22.1/CompilerIdC) by extension 'ros'
[0.222s] Level 1:colcon.colcon_core.package_identification:_identify(src/build-hello_moveit-Desktop-Debug/CMakeFiles/3.22.1/CompilerIdC) by extensions ['cmake', 'python']
[0.222s] Level 1:colcon.colcon_core.package_identification:_identify(src/build-hello_moveit-Desktop-Debug/CMakeFiles/3.22.1/CompilerIdC) by extension 'cmake'
[0.222s] Level 1:colcon.colcon_core.package_identification:_identify(src/build-hello_moveit-Desktop-Debug/CMakeFiles/3.22.1/CompilerIdC) by extension 'python'
[0.222s] Level 1:colcon.colcon_core.package_identification:_identify(src/build-hello_moveit-Desktop-Debug/CMakeFiles/3.22.1/CompilerIdC) by extensions ['python_setup_py']
[0.222s] Level 1:colcon.colcon_core.package_identification:_identify(src/build-hello_moveit-Desktop-Debug/CMakeFiles/3.22.1/CompilerIdC) by extension 'python_setup_py'
[0.222s] Level 1:colcon.colcon_core.package_identification:_identify(src/build-hello_moveit-Desktop-Debug/CMakeFiles/3.22.1/CompilerIdCXX) by extensions ['ignore', 'ignore_ament_install']
[0.222s] Level 1:colcon.colcon_core.package_identification:_identify(src/build-hello_moveit-Desktop-Debug/CMakeFiles/3.22.1/CompilerIdCXX) by extension 'ignore'
[0.222s] Level 1:colcon.colcon_core.package_identification:_identify(src/build-hello_moveit-Desktop-Debug/CMakeFiles/3.22.1/CompilerIdCXX) by extension 'ignore_ament_install'
[0.222s] Level 1:colcon.colcon_core.package_identification:_identify(src/build-hello_moveit-Desktop-Debug/CMakeFiles/3.22.1/CompilerIdCXX) by extensions ['colcon_pkg']
[0.222s] Level 1:colcon.colcon_core.package_identification:_identify(src/build-hello_moveit-Desktop-Debug/CMakeFiles/3.22.1/CompilerIdCXX) by extension 'colcon_pkg'
[0.222s] Level 1:colcon.colcon_core.package_identification:_identify(src/build-hello_moveit-Desktop-Debug/CMakeFiles/3.22.1/CompilerIdCXX) by extensions ['colcon_meta']
[0.222s] Level 1:colcon.colcon_core.package_identification:_identify(src/build-hello_moveit-Desktop-Debug/CMakeFiles/3.22.1/CompilerIdCXX) by extension 'colcon_meta'
[0.222s] Level 1:colcon.colcon_core.package_identification:_identify(src/build-hello_moveit-Desktop-Debug/CMakeFiles/3.22.1/CompilerIdCXX) by extensions ['ros']
[0.222s] Level 1:colcon.colcon_core.package_identification:_identify(src/build-hello_moveit-Desktop-Debug/CMakeFiles/3.22.1/CompilerIdCXX) by extension 'ros'
[0.222s] Level 1:colcon.colcon_core.package_identification:_identify(src/build-hello_moveit-Desktop-Debug/CMakeFiles/3.22.1/CompilerIdCXX) by extensions ['cmake', 'python']
[0.222s] Level 1:colcon.colcon_core.package_identification:_identify(src/build-hello_moveit-Desktop-Debug/CMakeFiles/3.22.1/CompilerIdCXX) by extension 'cmake'
[0.222s] Level 1:colcon.colcon_core.package_identification:_identify(src/build-hello_moveit-Desktop-Debug/CMakeFiles/3.22.1/CompilerIdCXX) by extension 'python'
[0.222s] Level 1:colcon.colcon_core.package_identification:_identify(src/build-hello_moveit-Desktop-Debug/CMakeFiles/3.22.1/CompilerIdCXX) by extensions ['python_setup_py']
[0.222s] Level 1:colcon.colcon_core.package_identification:_identify(src/build-hello_moveit-Desktop-Debug/CMakeFiles/3.22.1/CompilerIdCXX) by extension 'python_setup_py'
[0.222s] Level 1:colcon.colcon_core.package_identification:_identify(src/build-hello_moveit-Desktop-Debug/CMakeFiles/hello_moveit.dir) by extensions ['ignore', 'ignore_ament_install']
[0.222s] Level 1:colcon.colcon_core.package_identification:_identify(src/build-hello_moveit-Desktop-Debug/CMakeFiles/hello_moveit.dir) by extension 'ignore'
[0.222s] Level 1:colcon.colcon_core.package_identification:_identify(src/build-hello_moveit-Desktop-Debug/CMakeFiles/hello_moveit.dir) by extension 'ignore_ament_install'
[0.222s] Level 1:colcon.colcon_core.package_identification:_identify(src/build-hello_moveit-Desktop-Debug/CMakeFiles/hello_moveit.dir) by extensions ['colcon_pkg']
[0.222s] Level 1:colcon.colcon_core.package_identification:_identify(src/build-hello_moveit-Desktop-Debug/CMakeFiles/hello_moveit.dir) by extension 'colcon_pkg'
[0.222s] Level 1:colcon.colcon_core.package_identification:_identify(src/build-hello_moveit-Desktop-Debug/CMakeFiles/hello_moveit.dir) by extensions ['colcon_meta']
[0.222s] Level 1:colcon.colcon_core.package_identification:_identify(src/build-hello_moveit-Desktop-Debug/CMakeFiles/hello_moveit.dir) by extension 'colcon_meta'
[0.222s] Level 1:colcon.colcon_core.package_identification:_identify(src/build-hello_moveit-Desktop-Debug/CMakeFiles/hello_moveit.dir) by extensions ['ros']
[0.222s] Level 1:colcon.colcon_core.package_identification:_identify(src/build-hello_moveit-Desktop-Debug/CMakeFiles/hello_moveit.dir) by extension 'ros'
[0.222s] Level 1:colcon.colcon_core.package_identification:_identify(src/build-hello_moveit-Desktop-Debug/CMakeFiles/hello_moveit.dir) by extensions ['cmake', 'python']
[0.222s] Level 1:colcon.colcon_core.package_identification:_identify(src/build-hello_moveit-Desktop-Debug/CMakeFiles/hello_moveit.dir) by extension 'cmake'
[0.222s] Level 1:colcon.colcon_core.package_identification:_identify(src/build-hello_moveit-Desktop-Debug/CMakeFiles/hello_moveit.dir) by extension 'python'
[0.222s] Level 1:colcon.colcon_core.package_identification:_identify(src/build-hello_moveit-Desktop-Debug/CMakeFiles/hello_moveit.dir) by extensions ['python_setup_py']
[0.222s] Level 1:colcon.colcon_core.package_identification:_identify(src/build-hello_moveit-Desktop-Debug/CMakeFiles/hello_moveit.dir) by extension 'python_setup_py'
[0.223s] Level 1:colcon.colcon_core.package_identification:_identify(src/build-hello_moveit-Desktop-Debug/CMakeFiles/hello_moveit.dir/src) by extensions ['ignore', 'ignore_ament_install']
[0.223s] Level 1:colcon.colcon_core.package_identification:_identify(src/build-hello_moveit-Desktop-Debug/CMakeFiles/hello_moveit.dir/src) by extension 'ignore'
[0.223s] Level 1:colcon.colcon_core.package_identification:_identify(src/build-hello_moveit-Desktop-Debug/CMakeFiles/hello_moveit.dir/src) by extension 'ignore_ament_install'
[0.223s] Level 1:colcon.colcon_core.package_identification:_identify(src/build-hello_moveit-Desktop-Debug/CMakeFiles/hello_moveit.dir/src) by extensions ['colcon_pkg']
[0.223s] Level 1:colcon.colcon_core.package_identification:_identify(src/build-hello_moveit-Desktop-Debug/CMakeFiles/hello_moveit.dir/src) by extension 'colcon_pkg'
[0.223s] Level 1:colcon.colcon_core.package_identification:_identify(src/build-hello_moveit-Desktop-Debug/CMakeFiles/hello_moveit.dir/src) by extensions ['colcon_meta']
[0.223s] Level 1:colcon.colcon_core.package_identification:_identify(src/build-hello_moveit-Desktop-Debug/CMakeFiles/hello_moveit.dir/src) by extension 'colcon_meta'
[0.223s] Level 1:colcon.colcon_core.package_identification:_identify(src/build-hello_moveit-Desktop-Debug/CMakeFiles/hello_moveit.dir/src) by extensions ['ros']
[0.223s] Level 1:colcon.colcon_core.package_identification:_identify(src/build-hello_moveit-Desktop-Debug/CMakeFiles/hello_moveit.dir/src) by extension 'ros'
[0.223s] Level 1:colcon.colcon_core.package_identification:_identify(src/build-hello_moveit-Desktop-Debug/CMakeFiles/hello_moveit.dir/src) by extensions ['cmake', 'python']
[0.223s] Level 1:colcon.colcon_core.package_identification:_identify(src/build-hello_moveit-Desktop-Debug/CMakeFiles/hello_moveit.dir/src) by extension 'cmake'
[0.223s] Level 1:colcon.colcon_core.package_identification:_identify(src/build-hello_moveit-Desktop-Debug/CMakeFiles/hello_moveit.dir/src) by extension 'python'
[0.223s] Level 1:colcon.colcon_core.package_identification:_identify(src/build-hello_moveit-Desktop-Debug/CMakeFiles/hello_moveit.dir/src) by extensions ['python_setup_py']
[0.223s] Level 1:colcon.colcon_core.package_identification:_identify(src/build-hello_moveit-Desktop-Debug/CMakeFiles/hello_moveit.dir/src) by extension 'python_setup_py'
[0.223s] Level 1:colcon.colcon_core.package_identification:_identify(src/build-hello_moveit-Desktop-Debug/Testing) by extensions ['ignore', 'ignore_ament_install']
[0.223s] Level 1:colcon.colcon_core.package_identification:_identify(src/build-hello_moveit-Desktop-Debug/Testing) by extension 'ignore'
[0.223s] Level 1:colcon.colcon_core.package_identification:_identify(src/build-hello_moveit-Desktop-Debug/Testing) by extension 'ignore_ament_install'
[0.223s] Level 1:colcon.colcon_core.package_identification:_identify(src/build-hello_moveit-Desktop-Debug/Testing) by extensions ['colcon_pkg']
[0.223s] Level 1:colcon.colcon_core.package_identification:_identify(src/build-hello_moveit-Desktop-Debug/Testing) by extension 'colcon_pkg'
[0.223s] Level 1:colcon.colcon_core.package_identification:_identify(src/build-hello_moveit-Desktop-Debug/Testing) by extensions ['colcon_meta']
[0.223s] Level 1:colcon.colcon_core.package_identification:_identify(src/build-hello_moveit-Desktop-Debug/Testing) by extension 'colcon_meta'
[0.223s] Level 1:colcon.colcon_core.package_identification:_identify(src/build-hello_moveit-Desktop-Debug/Testing) by extensions ['ros']
[0.223s] Level 1:colcon.colcon_core.package_identification:_identify(src/build-hello_moveit-Desktop-Debug/Testing) by extension 'ros'
[0.223s] Level 1:colcon.colcon_core.package_identification:_identify(src/build-hello_moveit-Desktop-Debug/Testing) by extensions ['cmake', 'python']
[0.223s] Level 1:colcon.colcon_core.package_identification:_identify(src/build-hello_moveit-Desktop-Debug/Testing) by extension 'cmake'
[0.223s] Level 1:colcon.colcon_core.package_identification:_identify(src/build-hello_moveit-Desktop-Debug/Testing) by extension 'python'
[0.223s] Level 1:colcon.colcon_core.package_identification:_identify(src/build-hello_moveit-Desktop-Debug/Testing) by extensions ['python_setup_py']
[0.223s] Level 1:colcon.colcon_core.package_identification:_identify(src/build-hello_moveit-Desktop-Debug/Testing) by extension 'python_setup_py'
[0.223s] Level 1:colcon.colcon_core.package_identification:_identify(src/build-hello_moveit-Desktop-Debug/Testing/Temporary) by extensions ['ignore', 'ignore_ament_install']
[0.223s] Level 1:colcon.colcon_core.package_identification:_identify(src/build-hello_moveit-Desktop-Debug/Testing/Temporary) by extension 'ignore'
[0.223s] Level 1:colcon.colcon_core.package_identification:_identify(src/build-hello_moveit-Desktop-Debug/Testing/Temporary) by extension 'ignore_ament_install'
[0.223s] Level 1:colcon.colcon_core.package_identification:_identify(src/build-hello_moveit-Desktop-Debug/Testing/Temporary) by extensions ['colcon_pkg']
[0.224s] Level 1:colcon.colcon_core.package_identification:_identify(src/build-hello_moveit-Desktop-Debug/Testing/Temporary) by extension 'colcon_pkg'
[0.224s] Level 1:colcon.colcon_core.package_identification:_identify(src/build-hello_moveit-Desktop-Debug/Testing/Temporary) by extensions ['colcon_meta']
[0.224s] Level 1:colcon.colcon_core.package_identification:_identify(src/build-hello_moveit-Desktop-Debug/Testing/Temporary) by extension 'colcon_meta'
[0.224s] Level 1:colcon.colcon_core.package_identification:_identify(src/build-hello_moveit-Desktop-Debug/Testing/Temporary) by extensions ['ros']
[0.224s] Level 1:colcon.colcon_core.package_identification:_identify(src/build-hello_moveit-Desktop-Debug/Testing/Temporary) by extension 'ros'
[0.224s] Level 1:colcon.colcon_core.package_identification:_identify(src/build-hello_moveit-Desktop-Debug/Testing/Temporary) by extensions ['cmake', 'python']
[0.224s] Level 1:colcon.colcon_core.package_identification:_identify(src/build-hello_moveit-Desktop-Debug/Testing/Temporary) by extension 'cmake'
[0.224s] Level 1:colcon.colcon_core.package_identification:_identify(src/build-hello_moveit-Desktop-Debug/Testing/Temporary) by extension 'python'
[0.224s] Level 1:colcon.colcon_core.package_identification:_identify(src/build-hello_moveit-Desktop-Debug/Testing/Temporary) by extensions ['python_setup_py']
[0.224s] Level 1:colcon.colcon_core.package_identification:_identify(src/build-hello_moveit-Desktop-Debug/Testing/Temporary) by extension 'python_setup_py'
[0.224s] Level 1:colcon.colcon_core.package_identification:_identify(src/build-hello_moveit-Desktop-Debug/ament_cmake_core) by extensions ['ignore', 'ignore_ament_install']
[0.224s] Level 1:colcon.colcon_core.package_identification:_identify(src/build-hello_moveit-Desktop-Debug/ament_cmake_core) by extension 'ignore'
[0.224s] Level 1:colcon.colcon_core.package_identification:_identify(src/build-hello_moveit-Desktop-Debug/ament_cmake_core) by extension 'ignore_ament_install'
[0.224s] Level 1:colcon.colcon_core.package_identification:_identify(src/build-hello_moveit-Desktop-Debug/ament_cmake_core) by extensions ['colcon_pkg']
[0.224s] Level 1:colcon.colcon_core.package_identification:_identify(src/build-hello_moveit-Desktop-Debug/ament_cmake_core) by extension 'colcon_pkg'
[0.224s] Level 1:colcon.colcon_core.package_identification:_identify(src/build-hello_moveit-Desktop-Debug/ament_cmake_core) by extensions ['colcon_meta']
[0.224s] Level 1:colcon.colcon_core.package_identification:_identify(src/build-hello_moveit-Desktop-Debug/ament_cmake_core) by extension 'colcon_meta'
[0.224s] Level 1:colcon.colcon_core.package_identification:_identify(src/build-hello_moveit-Desktop-Debug/ament_cmake_core) by extensions ['ros']
[0.224s] Level 1:colcon.colcon_core.package_identification:_identify(src/build-hello_moveit-Desktop-Debug/ament_cmake_core) by extension 'ros'
[0.224s] Level 1:colcon.colcon_core.package_identification:_identify(src/build-hello_moveit-Desktop-Debug/ament_cmake_core) by extensions ['cmake', 'python']
[0.224s] Level 1:colcon.colcon_core.package_identification:_identify(src/build-hello_moveit-Desktop-Debug/ament_cmake_core) by extension 'cmake'
[0.224s] Level 1:colcon.colcon_core.package_identification:_identify(src/build-hello_moveit-Desktop-Debug/ament_cmake_core) by extension 'python'
[0.224s] Level 1:colcon.colcon_core.package_identification:_identify(src/build-hello_moveit-Desktop-Debug/ament_cmake_core) by extensions ['python_setup_py']
[0.224s] Level 1:colcon.colcon_core.package_identification:_identify(src/build-hello_moveit-Desktop-Debug/ament_cmake_core) by extension 'python_setup_py'
[0.224s] Level 1:colcon.colcon_core.package_identification:_identify(src/build-hello_moveit-Desktop-Debug/ament_cmake_core/stamps) by extensions ['ignore', 'ignore_ament_install']
[0.224s] Level 1:colcon.colcon_core.package_identification:_identify(src/build-hello_moveit-Desktop-Debug/ament_cmake_core/stamps) by extension 'ignore'
[0.224s] Level 1:colcon.colcon_core.package_identification:_identify(src/build-hello_moveit-Desktop-Debug/ament_cmake_core/stamps) by extension 'ignore_ament_install'
[0.224s] Level 1:colcon.colcon_core.package_identification:_identify(src/build-hello_moveit-Desktop-Debug/ament_cmake_core/stamps) by extensions ['colcon_pkg']
[0.224s] Level 1:colcon.colcon_core.package_identification:_identify(src/build-hello_moveit-Desktop-Debug/ament_cmake_core/stamps) by extension 'colcon_pkg'
[0.224s] Level 1:colcon.colcon_core.package_identification:_identify(src/build-hello_moveit-Desktop-Debug/ament_cmake_core/stamps) by extensions ['colcon_meta']
[0.224s] Level 1:colcon.colcon_core.package_identification:_identify(src/build-hello_moveit-Desktop-Debug/ament_cmake_core/stamps) by extension 'colcon_meta'
[0.224s] Level 1:colcon.colcon_core.package_identification:_identify(src/build-hello_moveit-Desktop-Debug/ament_cmake_core/stamps) by extensions ['ros']
[0.225s] Level 1:colcon.colcon_core.package_identification:_identify(src/build-hello_moveit-Desktop-Debug/ament_cmake_core/stamps) by extension 'ros'
[0.225s] Level 1:colcon.colcon_core.package_identification:_identify(src/build-hello_moveit-Desktop-Debug/ament_cmake_core/stamps) by extensions ['cmake', 'python']
[0.225s] Level 1:colcon.colcon_core.package_identification:_identify(src/build-hello_moveit-Desktop-Debug/ament_cmake_core/stamps) by extension 'cmake'
[0.225s] Level 1:colcon.colcon_core.package_identification:_identify(src/build-hello_moveit-Desktop-Debug/ament_cmake_core/stamps) by extension 'python'
[0.225s] Level 1:colcon.colcon_core.package_identification:_identify(src/build-hello_moveit-Desktop-Debug/ament_cmake_core/stamps) by extensions ['python_setup_py']
[0.225s] Level 1:colcon.colcon_core.package_identification:_identify(src/build-hello_moveit-Desktop-Debug/ament_cmake_core/stamps) by extension 'python_setup_py'
[0.225s] Level 1:colcon.colcon_core.package_identification:_identify(src/build-hello_moveit-Desktop-Debug/ament_cmake_environment_hooks) by extensions ['ignore', 'ignore_ament_install']
[0.225s] Level 1:colcon.colcon_core.package_identification:_identify(src/build-hello_moveit-Desktop-Debug/ament_cmake_environment_hooks) by extension 'ignore'
[0.225s] Level 1:colcon.colcon_core.package_identification:_identify(src/build-hello_moveit-Desktop-Debug/ament_cmake_environment_hooks) by extension 'ignore_ament_install'
[0.225s] Level 1:colcon.colcon_core.package_identification:_identify(src/build-hello_moveit-Desktop-Debug/ament_cmake_environment_hooks) by extensions ['colcon_pkg']
[0.225s] Level 1:colcon.colcon_core.package_identification:_identify(src/build-hello_moveit-Desktop-Debug/ament_cmake_environment_hooks) by extension 'colcon_pkg'
[0.225s] Level 1:colcon.colcon_core.package_identification:_identify(src/build-hello_moveit-Desktop-Debug/ament_cmake_environment_hooks) by extensions ['colcon_meta']
[0.225s] Level 1:colcon.colcon_core.package_identification:_identify(src/build-hello_moveit-Desktop-Debug/ament_cmake_environment_hooks) by extension 'colcon_meta'
[0.225s] Level 1:colcon.colcon_core.package_identification:_identify(src/build-hello_moveit-Desktop-Debug/ament_cmake_environment_hooks) by extensions ['ros']
[0.225s] Level 1:colcon.colcon_core.package_identification:_identify(src/build-hello_moveit-Desktop-Debug/ament_cmake_environment_hooks) by extension 'ros'
[0.225s] Level 1:colcon.colcon_core.package_identification:_identify(src/build-hello_moveit-Desktop-Debug/ament_cmake_environment_hooks) by extensions ['cmake', 'python']
[0.225s] Level 1:colcon.colcon_core.package_identification:_identify(src/build-hello_moveit-Desktop-Debug/ament_cmake_environment_hooks) by extension 'cmake'
[0.225s] Level 1:colcon.colcon_core.package_identification:_identify(src/build-hello_moveit-Desktop-Debug/ament_cmake_environment_hooks) by extension 'python'
[0.225s] Level 1:colcon.colcon_core.package_identification:_identify(src/build-hello_moveit-Desktop-Debug/ament_cmake_environment_hooks) by extensions ['python_setup_py']
[0.225s] Level 1:colcon.colcon_core.package_identification:_identify(src/build-hello_moveit-Desktop-Debug/ament_cmake_environment_hooks) by extension 'python_setup_py'
[0.225s] Level 1:colcon.colcon_core.package_identification:_identify(src/build-hello_moveit-Desktop-Debug/ament_cmake_index) by extensions ['ignore', 'ignore_ament_install']
[0.226s] Level 1:colcon.colcon_core.package_identification:_identify(src/build-hello_moveit-Desktop-Debug/ament_cmake_index) by extension 'ignore'
[0.226s] Level 1:colcon.colcon_core.package_identification:_identify(src/build-hello_moveit-Desktop-Debug/ament_cmake_index) by extension 'ignore_ament_install'
[0.226s] Level 1:colcon.colcon_core.package_identification:_identify(src/build-hello_moveit-Desktop-Debug/ament_cmake_index) by extensions ['colcon_pkg']
[0.226s] Level 1:colcon.colcon_core.package_identification:_identify(src/build-hello_moveit-Desktop-Debug/ament_cmake_index) by extension 'colcon_pkg'
[0.226s] Level 1:colcon.colcon_core.package_identification:_identify(src/build-hello_moveit-Desktop-Debug/ament_cmake_index) by extensions ['colcon_meta']
[0.226s] Level 1:colcon.colcon_core.package_identification:_identify(src/build-hello_moveit-Desktop-Debug/ament_cmake_index) by extension 'colcon_meta'
[0.226s] Level 1:colcon.colcon_core.package_identification:_identify(src/build-hello_moveit-Desktop-Debug/ament_cmake_index) by extensions ['ros']
[0.226s] Level 1:colcon.colcon_core.package_identification:_identify(src/build-hello_moveit-Desktop-Debug/ament_cmake_index) by extension 'ros'
[0.226s] Level 1:colcon.colcon_core.package_identification:_identify(src/build-hello_moveit-Desktop-Debug/ament_cmake_index) by extensions ['cmake', 'python']
[0.226s] Level 1:colcon.colcon_core.package_identification:_identify(src/build-hello_moveit-Desktop-Debug/ament_cmake_index) by extension 'cmake'
[0.226s] Level 1:colcon.colcon_core.package_identification:_identify(src/build-hello_moveit-Desktop-Debug/ament_cmake_index) by extension 'python'
[0.226s] Level 1:colcon.colcon_core.package_identification:_identify(src/build-hello_moveit-Desktop-Debug/ament_cmake_index) by extensions ['python_setup_py']
[0.226s] Level 1:colcon.colcon_core.package_identification:_identify(src/build-hello_moveit-Desktop-Debug/ament_cmake_index) by extension 'python_setup_py'
[0.226s] Level 1:colcon.colcon_core.package_identification:_identify(src/build-hello_moveit-Desktop-Debug/ament_cmake_index/share) by extensions ['ignore', 'ignore_ament_install']
[0.226s] Level 1:colcon.colcon_core.package_identification:_identify(src/build-hello_moveit-Desktop-Debug/ament_cmake_index/share) by extension 'ignore'
[0.226s] Level 1:colcon.colcon_core.package_identification:_identify(src/build-hello_moveit-Desktop-Debug/ament_cmake_index/share) by extension 'ignore_ament_install'
[0.226s] Level 1:colcon.colcon_core.package_identification:_identify(src/build-hello_moveit-Desktop-Debug/ament_cmake_index/share) by extensions ['colcon_pkg']
[0.226s] Level 1:colcon.colcon_core.package_identification:_identify(src/build-hello_moveit-Desktop-Debug/ament_cmake_index/share) by extension 'colcon_pkg'
[0.226s] Level 1:colcon.colcon_core.package_identification:_identify(src/build-hello_moveit-Desktop-Debug/ament_cmake_index/share) by extensions ['colcon_meta']
[0.226s] Level 1:colcon.colcon_core.package_identification:_identify(src/build-hello_moveit-Desktop-Debug/ament_cmake_index/share) by extension 'colcon_meta'
[0.226s] Level 1:colcon.colcon_core.package_identification:_identify(src/build-hello_moveit-Desktop-Debug/ament_cmake_index/share) by extensions ['ros']
[0.226s] Level 1:colcon.colcon_core.package_identification:_identify(src/build-hello_moveit-Desktop-Debug/ament_cmake_index/share) by extension 'ros'
[0.226s] Level 1:colcon.colcon_core.package_identification:_identify(src/build-hello_moveit-Desktop-Debug/ament_cmake_index/share) by extensions ['cmake', 'python']
[0.226s] Level 1:colcon.colcon_core.package_identification:_identify(src/build-hello_moveit-Desktop-Debug/ament_cmake_index/share) by extension 'cmake'
[0.226s] Level 1:colcon.colcon_core.package_identification:_identify(src/build-hello_moveit-Desktop-Debug/ament_cmake_index/share) by extension 'python'
[0.226s] Level 1:colcon.colcon_core.package_identification:_identify(src/build-hello_moveit-Desktop-Debug/ament_cmake_index/share) by extensions ['python_setup_py']
[0.226s] Level 1:colcon.colcon_core.package_identification:_identify(src/build-hello_moveit-Desktop-Debug/ament_cmake_index/share) by extension 'python_setup_py'
[0.226s] Level 1:colcon.colcon_core.package_identification:_identify(src/build-hello_moveit-Desktop-Debug/ament_cmake_index/share/ament_index) by extensions ['ignore', 'ignore_ament_install']
[0.226s] Level 1:colcon.colcon_core.package_identification:_identify(src/build-hello_moveit-Desktop-Debug/ament_cmake_index/share/ament_index) by extension 'ignore'
[0.226s] Level 1:colcon.colcon_core.package_identification:_identify(src/build-hello_moveit-Desktop-Debug/ament_cmake_index/share/ament_index) by extension 'ignore_ament_install'
[0.226s] Level 1:colcon.colcon_core.package_identification:_identify(src/build-hello_moveit-Desktop-Debug/ament_cmake_index/share/ament_index) by extensions ['colcon_pkg']
[0.227s] Level 1:colcon.colcon_core.package_identification:_identify(src/build-hello_moveit-Desktop-Debug/ament_cmake_index/share/ament_index) by extension 'colcon_pkg'
[0.227s] Level 1:colcon.colcon_core.package_identification:_identify(src/build-hello_moveit-Desktop-Debug/ament_cmake_index/share/ament_index) by extensions ['colcon_meta']
[0.227s] Level 1:colcon.colcon_core.package_identification:_identify(src/build-hello_moveit-Desktop-Debug/ament_cmake_index/share/ament_index) by extension 'colcon_meta'
[0.227s] Level 1:colcon.colcon_core.package_identification:_identify(src/build-hello_moveit-Desktop-Debug/ament_cmake_index/share/ament_index) by extensions ['ros']
[0.227s] Level 1:colcon.colcon_core.package_identification:_identify(src/build-hello_moveit-Desktop-Debug/ament_cmake_index/share/ament_index) by extension 'ros'
[0.227s] Level 1:colcon.colcon_core.package_identification:_identify(src/build-hello_moveit-Desktop-Debug/ament_cmake_index/share/ament_index) by extensions ['cmake', 'python']
[0.227s] Level 1:colcon.colcon_core.package_identification:_identify(src/build-hello_moveit-Desktop-Debug/ament_cmake_index/share/ament_index) by extension 'cmake'
[0.227s] Level 1:colcon.colcon_core.package_identification:_identify(src/build-hello_moveit-Desktop-Debug/ament_cmake_index/share/ament_index) by extension 'python'
[0.227s] Level 1:colcon.colcon_core.package_identification:_identify(src/build-hello_moveit-Desktop-Debug/ament_cmake_index/share/ament_index) by extensions ['python_setup_py']
[0.227s] Level 1:colcon.colcon_core.package_identification:_identify(src/build-hello_moveit-Desktop-Debug/ament_cmake_index/share/ament_index) by extension 'python_setup_py'
[0.227s] Level 1:colcon.colcon_core.package_identification:_identify(src/build-hello_moveit-Desktop-Debug/ament_cmake_index/share/ament_index/resource_index) by extensions ['ignore', 'ignore_ament_install']
[0.227s] Level 1:colcon.colcon_core.package_identification:_identify(src/build-hello_moveit-Desktop-Debug/ament_cmake_index/share/ament_index/resource_index) by extension 'ignore'
[0.227s] Level 1:colcon.colcon_core.package_identification:_identify(src/build-hello_moveit-Desktop-Debug/ament_cmake_index/share/ament_index/resource_index) by extension 'ignore_ament_install'
[0.227s] Level 1:colcon.colcon_core.package_identification:_identify(src/build-hello_moveit-Desktop-Debug/ament_cmake_index/share/ament_index/resource_index) by extensions ['colcon_pkg']
[0.227s] Level 1:colcon.colcon_core.package_identification:_identify(src/build-hello_moveit-Desktop-Debug/ament_cmake_index/share/ament_index/resource_index) by extension 'colcon_pkg'
[0.227s] Level 1:colcon.colcon_core.package_identification:_identify(src/build-hello_moveit-Desktop-Debug/ament_cmake_index/share/ament_index/resource_index) by extensions ['colcon_meta']
[0.227s] Level 1:colcon.colcon_core.package_identification:_identify(src/build-hello_moveit-Desktop-Debug/ament_cmake_index/share/ament_index/resource_index) by extension 'colcon_meta'
[0.227s] Level 1:colcon.colcon_core.package_identification:_identify(src/build-hello_moveit-Desktop-Debug/ament_cmake_index/share/ament_index/resource_index) by extensions ['ros']
[0.227s] Level 1:colcon.colcon_core.package_identification:_identify(src/build-hello_moveit-Desktop-Debug/ament_cmake_index/share/ament_index/resource_index) by extension 'ros'
[0.227s] Level 1:colcon.colcon_core.package_identification:_identify(src/build-hello_moveit-Desktop-Debug/ament_cmake_index/share/ament_index/resource_index) by extensions ['cmake', 'python']
[0.227s] Level 1:colcon.colcon_core.package_identification:_identify(src/build-hello_moveit-Desktop-Debug/ament_cmake_index/share/ament_index/resource_index) by extension 'cmake'
[0.227s] Level 1:colcon.colcon_core.package_identification:_identify(src/build-hello_moveit-Desktop-Debug/ament_cmake_index/share/ament_index/resource_index) by extension 'python'
[0.227s] Level 1:colcon.colcon_core.package_identification:_identify(src/build-hello_moveit-Desktop-Debug/ament_cmake_index/share/ament_index/resource_index) by extensions ['python_setup_py']
[0.227s] Level 1:colcon.colcon_core.package_identification:_identify(src/build-hello_moveit-Desktop-Debug/ament_cmake_index/share/ament_index/resource_index) by extension 'python_setup_py'
[0.227s] Level 1:colcon.colcon_core.package_identification:_identify(src/build-hello_moveit-Desktop-Debug/ament_cmake_index/share/ament_index/resource_index/package_run_dependencies) by extensions ['ignore', 'ignore_ament_install']
[0.227s] Level 1:colcon.colcon_core.package_identification:_identify(src/build-hello_moveit-Desktop-Debug/ament_cmake_index/share/ament_index/resource_index/package_run_dependencies) by extension 'ignore'
[0.227s] Level 1:colcon.colcon_core.package_identification:_identify(src/build-hello_moveit-Desktop-Debug/ament_cmake_index/share/ament_index/resource_index/package_run_dependencies) by extension 'ignore_ament_install'
[0.227s] Level 1:colcon.colcon_core.package_identification:_identify(src/build-hello_moveit-Desktop-Debug/ament_cmake_index/share/ament_index/resource_index/package_run_dependencies) by extensions ['colcon_pkg']
[0.227s] Level 1:colcon.colcon_core.package_identification:_identify(src/build-hello_moveit-Desktop-Debug/ament_cmake_index/share/ament_index/resource_index/package_run_dependencies) by extension 'colcon_pkg'
[0.227s] Level 1:colcon.colcon_core.package_identification:_identify(src/build-hello_moveit-Desktop-Debug/ament_cmake_index/share/ament_index/resource_index/package_run_dependencies) by extensions ['colcon_meta']
[0.227s] Level 1:colcon.colcon_core.package_identification:_identify(src/build-hello_moveit-Desktop-Debug/ament_cmake_index/share/ament_index/resource_index/package_run_dependencies) by extension 'colcon_meta'
[0.227s] Level 1:colcon.colcon_core.package_identification:_identify(src/build-hello_moveit-Desktop-Debug/ament_cmake_index/share/ament_index/resource_index/package_run_dependencies) by extensions ['ros']
[0.227s] Level 1:colcon.colcon_core.package_identification:_identify(src/build-hello_moveit-Desktop-Debug/ament_cmake_index/share/ament_index/resource_index/package_run_dependencies) by extension 'ros'
[0.227s] Level 1:colcon.colcon_core.package_identification:_identify(src/build-hello_moveit-Desktop-Debug/ament_cmake_index/share/ament_index/resource_index/package_run_dependencies) by extensions ['cmake', 'python']
[0.227s] Level 1:colcon.colcon_core.package_identification:_identify(src/build-hello_moveit-Desktop-Debug/ament_cmake_index/share/ament_index/resource_index/package_run_dependencies) by extension 'cmake'
[0.228s] Level 1:colcon.colcon_core.package_identification:_identify(src/build-hello_moveit-Desktop-Debug/ament_cmake_index/share/ament_index/resource_index/package_run_dependencies) by extension 'python'
[0.228s] Level 1:colcon.colcon_core.package_identification:_identify(src/build-hello_moveit-Desktop-Debug/ament_cmake_index/share/ament_index/resource_index/package_run_dependencies) by extensions ['python_setup_py']
[0.228s] Level 1:colcon.colcon_core.package_identification:_identify(src/build-hello_moveit-Desktop-Debug/ament_cmake_index/share/ament_index/resource_index/package_run_dependencies) by extension 'python_setup_py'
[0.228s] Level 1:colcon.colcon_core.package_identification:_identify(src/build-hello_moveit-Desktop-Debug/ament_cmake_index/share/ament_index/resource_index/packages) by extensions ['ignore', 'ignore_ament_install']
[0.228s] Level 1:colcon.colcon_core.package_identification:_identify(src/build-hello_moveit-Desktop-Debug/ament_cmake_index/share/ament_index/resource_index/packages) by extension 'ignore'
[0.228s] Level 1:colcon.colcon_core.package_identification:_identify(src/build-hello_moveit-Desktop-Debug/ament_cmake_index/share/ament_index/resource_index/packages) by extension 'ignore_ament_install'
[0.228s] Level 1:colcon.colcon_core.package_identification:_identify(src/build-hello_moveit-Desktop-Debug/ament_cmake_index/share/ament_index/resource_index/packages) by extensions ['colcon_pkg']
[0.228s] Level 1:colcon.colcon_core.package_identification:_identify(src/build-hello_moveit-Desktop-Debug/ament_cmake_index/share/ament_index/resource_index/packages) by extension 'colcon_pkg'
[0.228s] Level 1:colcon.colcon_core.package_identification:_identify(src/build-hello_moveit-Desktop-Debug/ament_cmake_index/share/ament_index/resource_index/packages) by extensions ['colcon_meta']
[0.228s] Level 1:colcon.colcon_core.package_identification:_identify(src/build-hello_moveit-Desktop-Debug/ament_cmake_index/share/ament_index/resource_index/packages) by extension 'colcon_meta'
[0.228s] Level 1:colcon.colcon_core.package_identification:_identify(src/build-hello_moveit-Desktop-Debug/ament_cmake_index/share/ament_index/resource_index/packages) by extensions ['ros']
[0.228s] Level 1:colcon.colcon_core.package_identification:_identify(src/build-hello_moveit-Desktop-Debug/ament_cmake_index/share/ament_index/resource_index/packages) by extension 'ros'
[0.228s] Level 1:colcon.colcon_core.package_identification:_identify(src/build-hello_moveit-Desktop-Debug/ament_cmake_index/share/ament_index/resource_index/packages) by extensions ['cmake', 'python']
[0.228s] Level 1:colcon.colcon_core.package_identification:_identify(src/build-hello_moveit-Desktop-Debug/ament_cmake_index/share/ament_index/resource_index/packages) by extension 'cmake'
[0.228s] Level 1:colcon.colcon_core.package_identification:_identify(src/build-hello_moveit-Desktop-Debug/ament_cmake_index/share/ament_index/resource_index/packages) by extension 'python'
[0.228s] Level 1:colcon.colcon_core.package_identification:_identify(src/build-hello_moveit-Desktop-Debug/ament_cmake_index/share/ament_index/resource_index/packages) by extensions ['python_setup_py']
[0.228s] Level 1:colcon.colcon_core.package_identification:_identify(src/build-hello_moveit-Desktop-Debug/ament_cmake_index/share/ament_index/resource_index/packages) by extension 'python_setup_py'
[0.228s] Level 1:colcon.colcon_core.package_identification:_identify(src/build-hello_moveit-Desktop-Debug/ament_cmake_index/share/ament_index/resource_index/parent_prefix_path) by extensions ['ignore', 'ignore_ament_install']
[0.228s] Level 1:colcon.colcon_core.package_identification:_identify(src/build-hello_moveit-Desktop-Debug/ament_cmake_index/share/ament_index/resource_index/parent_prefix_path) by extension 'ignore'
[0.228s] Level 1:colcon.colcon_core.package_identification:_identify(src/build-hello_moveit-Desktop-Debug/ament_cmake_index/share/ament_index/resource_index/parent_prefix_path) by extension 'ignore_ament_install'
[0.228s] Level 1:colcon.colcon_core.package_identification:_identify(src/build-hello_moveit-Desktop-Debug/ament_cmake_index/share/ament_index/resource_index/parent_prefix_path) by extensions ['colcon_pkg']
[0.228s] Level 1:colcon.colcon_core.package_identification:_identify(src/build-hello_moveit-Desktop-Debug/ament_cmake_index/share/ament_index/resource_index/parent_prefix_path) by extension 'colcon_pkg'
[0.228s] Level 1:colcon.colcon_core.package_identification:_identify(src/build-hello_moveit-Desktop-Debug/ament_cmake_index/share/ament_index/resource_index/parent_prefix_path) by extensions ['colcon_meta']
[0.228s] Level 1:colcon.colcon_core.package_identification:_identify(src/build-hello_moveit-Desktop-Debug/ament_cmake_index/share/ament_index/resource_index/parent_prefix_path) by extension 'colcon_meta'
[0.228s] Level 1:colcon.colcon_core.package_identification:_identify(src/build-hello_moveit-Desktop-Debug/ament_cmake_index/share/ament_index/resource_index/parent_prefix_path) by extensions ['ros']
[0.228s] Level 1:colcon.colcon_core.package_identification:_identify(src/build-hello_moveit-Desktop-Debug/ament_cmake_index/share/ament_index/resource_index/parent_prefix_path) by extension 'ros'
[0.228s] Level 1:colcon.colcon_core.package_identification:_identify(src/build-hello_moveit-Desktop-Debug/ament_cmake_index/share/ament_index/resource_index/parent_prefix_path) by extensions ['cmake', 'python']
[0.228s] Level 1:colcon.colcon_core.package_identification:_identify(src/build-hello_moveit-Desktop-Debug/ament_cmake_index/share/ament_index/resource_index/parent_prefix_path) by extension 'cmake'
[0.228s] Level 1:colcon.colcon_core.package_identification:_identify(src/build-hello_moveit-Desktop-Debug/ament_cmake_index/share/ament_index/resource_index/parent_prefix_path) by extension 'python'
[0.228s] Level 1:colcon.colcon_core.package_identification:_identify(src/build-hello_moveit-Desktop-Debug/ament_cmake_index/share/ament_index/resource_index/parent_prefix_path) by extensions ['python_setup_py']
[0.228s] Level 1:colcon.colcon_core.package_identification:_identify(src/build-hello_moveit-Desktop-Debug/ament_cmake_index/share/ament_index/resource_index/parent_prefix_path) by extension 'python_setup_py'
[0.228s] Level 1:colcon.colcon_core.package_identification:_identify(src/build-hello_moveit-Desktop-Debug/ament_cmake_package_templates) by extensions ['ignore', 'ignore_ament_install']
[0.228s] Level 1:colcon.colcon_core.package_identification:_identify(src/build-hello_moveit-Desktop-Debug/ament_cmake_package_templates) by extension 'ignore'
[0.229s] Level 1:colcon.colcon_core.package_identification:_identify(src/build-hello_moveit-Desktop-Debug/ament_cmake_package_templates) by extension 'ignore_ament_install'
[0.229s] Level 1:colcon.colcon_core.package_identification:_identify(src/build-hello_moveit-Desktop-Debug/ament_cmake_package_templates) by extensions ['colcon_pkg']
[0.229s] Level 1:colcon.colcon_core.package_identification:_identify(src/build-hello_moveit-Desktop-Debug/ament_cmake_package_templates) by extension 'colcon_pkg'
[0.229s] Level 1:colcon.colcon_core.package_identification:_identify(src/build-hello_moveit-Desktop-Debug/ament_cmake_package_templates) by extensions ['colcon_meta']
[0.229s] Level 1:colcon.colcon_core.package_identification:_identify(src/build-hello_moveit-Desktop-Debug/ament_cmake_package_templates) by extension 'colcon_meta'
[0.229s] Level 1:colcon.colcon_core.package_identification:_identify(src/build-hello_moveit-Desktop-Debug/ament_cmake_package_templates) by extensions ['ros']
[0.229s] Level 1:colcon.colcon_core.package_identification:_identify(src/build-hello_moveit-Desktop-Debug/ament_cmake_package_templates) by extension 'ros'
[0.229s] Level 1:colcon.colcon_core.package_identification:_identify(src/build-hello_moveit-Desktop-Debug/ament_cmake_package_templates) by extensions ['cmake', 'python']
[0.229s] Level 1:colcon.colcon_core.package_identification:_identify(src/build-hello_moveit-Desktop-Debug/ament_cmake_package_templates) by extension 'cmake'
[0.229s] Level 1:colcon.colcon_core.package_identification:_identify(src/build-hello_moveit-Desktop-Debug/ament_cmake_package_templates) by extension 'python'
[0.229s] Level 1:colcon.colcon_core.package_identification:_identify(src/build-hello_moveit-Desktop-Debug/ament_cmake_package_templates) by extensions ['python_setup_py']
[0.229s] Level 1:colcon.colcon_core.package_identification:_identify(src/build-hello_moveit-Desktop-Debug/ament_cmake_package_templates) by extension 'python_setup_py'
[0.229s] Level 1:colcon.colcon_core.package_identification:_identify(src/build-hello_moveit-Desktop-Debug/ament_cmake_uninstall_target) by extensions ['ignore', 'ignore_ament_install']
[0.229s] Level 1:colcon.colcon_core.package_identification:_identify(src/build-hello_moveit-Desktop-Debug/ament_cmake_uninstall_target) by extension 'ignore'
[0.229s] Level 1:colcon.colcon_core.package_identification:_identify(src/build-hello_moveit-Desktop-Debug/ament_cmake_uninstall_target) by extension 'ignore_ament_install'
[0.229s] Level 1:colcon.colcon_core.package_identification:_identify(src/build-hello_moveit-Desktop-Debug/ament_cmake_uninstall_target) by extensions ['colcon_pkg']
[0.229s] Level 1:colcon.colcon_core.package_identification:_identify(src/build-hello_moveit-Desktop-Debug/ament_cmake_uninstall_target) by extension 'colcon_pkg'
[0.229s] Level 1:colcon.colcon_core.package_identification:_identify(src/build-hello_moveit-Desktop-Debug/ament_cmake_uninstall_target) by extensions ['colcon_meta']
[0.229s] Level 1:colcon.colcon_core.package_identification:_identify(src/build-hello_moveit-Desktop-Debug/ament_cmake_uninstall_target) by extension 'colcon_meta'
[0.229s] Level 1:colcon.colcon_core.package_identification:_identify(src/build-hello_moveit-Desktop-Debug/ament_cmake_uninstall_target) by extensions ['ros']
[0.229s] Level 1:colcon.colcon_core.package_identification:_identify(src/build-hello_moveit-Desktop-Debug/ament_cmake_uninstall_target) by extension 'ros'
[0.229s] Level 1:colcon.colcon_core.package_identification:_identify(src/build-hello_moveit-Desktop-Debug/ament_cmake_uninstall_target) by extensions ['cmake', 'python']
[0.229s] Level 1:colcon.colcon_core.package_identification:_identify(src/build-hello_moveit-Desktop-Debug/ament_cmake_uninstall_target) by extension 'cmake'
[0.229s] Level 1:colcon.colcon_core.package_identification:_identify(src/build-hello_moveit-Desktop-Debug/ament_cmake_uninstall_target) by extension 'python'
[0.229s] Level 1:colcon.colcon_core.package_identification:_identify(src/build-hello_moveit-Desktop-Debug/ament_cmake_uninstall_target) by extensions ['python_setup_py']
[0.229s] Level 1:colcon.colcon_core.package_identification:_identify(src/build-hello_moveit-Desktop-Debug/ament_cmake_uninstall_target) by extension 'python_setup_py'
[0.229s] Level 1:colcon.colcon_core.package_identification:_identify(src/hello_moveit) by extensions ['ignore', 'ignore_ament_install']
[0.229s] Level 1:colcon.colcon_core.package_identification:_identify(src/hello_moveit) by extension 'ignore'
[0.229s] Level 1:colcon.colcon_core.package_identification:_identify(src/hello_moveit) by extension 'ignore_ament_install'
[0.229s] Level 1:colcon.colcon_core.package_identification:_identify(src/hello_moveit) by extensions ['colcon_pkg']
[0.229s] Level 1:colcon.colcon_core.package_identification:_identify(src/hello_moveit) by extension 'colcon_pkg'
[0.229s] Level 1:colcon.colcon_core.package_identification:_identify(src/hello_moveit) by extensions ['colcon_meta']
[0.229s] Level 1:colcon.colcon_core.package_identification:_identify(src/hello_moveit) by extension 'colcon_meta'
[0.229s] Level 1:colcon.colcon_core.package_identification:_identify(src/hello_moveit) by extensions ['ros']
[0.229s] Level 1:colcon.colcon_core.package_identification:_identify(src/hello_moveit) by extension 'ros'
[0.231s] DEBUG:colcon.colcon_core.package_identification:Package 'src/hello_moveit' with type 'ros.ament_cmake' and name 'robo_planner'
[0.231s] Level 1:colcon.colcon_core.package_identification:_identify(src/hello_ur) by extensions ['ignore', 'ignore_ament_install']
[0.231s] Level 1:colcon.colcon_core.package_identification:_identify(src/hello_ur) by extension 'ignore'
[0.231s] Level 1:colcon.colcon_core.package_identification:_identify(src/hello_ur) by extension 'ignore_ament_install'
[0.232s] Level 1:colcon.colcon_core.package_identification:_identify(src/hello_ur) by extensions ['colcon_pkg']
[0.232s] Level 1:colcon.colcon_core.package_identification:_identify(src/hello_ur) by extension 'colcon_pkg'
[0.232s] Level 1:colcon.colcon_core.package_identification:_identify(src/hello_ur) by extensions ['colcon_meta']
[0.232s] Level 1:colcon.colcon_core.package_identification:_identify(src/hello_ur) by extension 'colcon_meta'
[0.232s] Level 1:colcon.colcon_core.package_identification:_identify(src/hello_ur) by extensions ['ros']
[0.232s] Level 1:colcon.colcon_core.package_identification:_identify(src/hello_ur) by extension 'ros'
[0.232s] DEBUG:colcon.colcon_core.package_identification:Package 'src/hello_ur' with type 'ros.ament_cmake' and name 'hello_ur'
[0.232s] Level 1:colcon.colcon_core.package_identification:_identify(src/install) by extensions ['ignore', 'ignore_ament_install']
[0.232s] Level 1:colcon.colcon_core.package_identification:_identify(src/install) by extension 'ignore'
[0.232s] Level 1:colcon.colcon_core.package_identification:_identify(src/install) ignored
[0.232s] Level 1:colcon.colcon_core.package_identification:_identify(src/interface_opcua) by extensions ['ignore', 'ignore_ament_install']
[0.232s] Level 1:colcon.colcon_core.package_identification:_identify(src/interface_opcua) by extension 'ignore'
[0.232s] Level 1:colcon.colcon_core.package_identification:_identify(src/interface_opcua) by extension 'ignore_ament_install'
[0.232s] Level 1:colcon.colcon_core.package_identification:_identify(src/interface_opcua) by extensions ['colcon_pkg']
[0.232s] Level 1:colcon.colcon_core.package_identification:_identify(src/interface_opcua) by extension 'colcon_pkg'
[0.232s] Level 1:colcon.colcon_core.package_identification:_identify(src/interface_opcua) by extensions ['colcon_meta']
[0.232s] Level 1:colcon.colcon_core.package_identification:_identify(src/interface_opcua) by extension 'colcon_meta'
[0.233s] Level 1:colcon.colcon_core.package_identification:_identify(src/interface_opcua) by extensions ['ros']
[0.233s] Level 1:colcon.colcon_core.package_identification:_identify(src/interface_opcua) by extension 'ros'
[0.233s] DEBUG:colcon.colcon_core.package_identification:Package 'src/interface_opcua' with type 'ros.ament_python' and name 'interface_opcua'
[0.233s] Level 1:colcon.colcon_core.package_identification:_identify(src/launch_param_builder) by extensions ['ignore', 'ignore_ament_install']
[0.233s] Level 1:colcon.colcon_core.package_identification:_identify(src/launch_param_builder) by extension 'ignore'
[0.233s] Level 1:colcon.colcon_core.package_identification:_identify(src/launch_param_builder) by extension 'ignore_ament_install'
[0.233s] Level 1:colcon.colcon_core.package_identification:_identify(src/launch_param_builder) by extensions ['colcon_pkg']
[0.233s] Level 1:colcon.colcon_core.package_identification:_identify(src/launch_param_builder) by extension 'colcon_pkg'
[0.233s] Level 1:colcon.colcon_core.package_identification:_identify(src/launch_param_builder) by extensions ['colcon_meta']
[0.233s] Level 1:colcon.colcon_core.package_identification:_identify(src/launch_param_builder) by extension 'colcon_meta'
[0.233s] Level 1:colcon.colcon_core.package_identification:_identify(src/launch_param_builder) by extensions ['ros']
[0.233s] Level 1:colcon.colcon_core.package_identification:_identify(src/launch_param_builder) by extension 'ros'
[0.233s] Level 1:colcon.colcon_core.package_identification:_identify(src/launch_param_builder) by extensions ['cmake', 'python']
[0.233s] Level 1:colcon.colcon_core.package_identification:_identify(src/launch_param_builder) by extension 'cmake'
[0.233s] Level 1:colcon.colcon_core.package_identification:_identify(src/launch_param_builder) by extension 'python'
[0.233s] Level 1:colcon.colcon_core.package_identification:_identify(src/launch_param_builder) by extensions ['python_setup_py']
[0.233s] Level 1:colcon.colcon_core.package_identification:_identify(src/launch_param_builder) by extension 'python_setup_py'
[0.233s] Level 1:colcon.colcon_core.package_identification:_identify(src/log) by extensions ['ignore', 'ignore_ament_install']
[0.233s] Level 1:colcon.colcon_core.package_identification:_identify(src/log) by extension 'ignore'
[0.233s] Level 1:colcon.colcon_core.package_identification:_identify(src/log) ignored
[0.234s] Level 1:colcon.colcon_core.package_identification:_identify(src/moveit2) by extensions ['ignore', 'ignore_ament_install']
[0.234s] Level 1:colcon.colcon_core.package_identification:_identify(src/moveit2) by extension 'ignore'
[0.234s] Level 1:colcon.colcon_core.package_identification:_identify(src/moveit2) by extension 'ignore_ament_install'
[0.234s] Level 1:colcon.colcon_core.package_identification:_identify(src/moveit2) by extensions ['colcon_pkg']
[0.234s] Level 1:colcon.colcon_core.package_identification:_identify(src/moveit2) by extension 'colcon_pkg'
[0.234s] Level 1:colcon.colcon_core.package_identification:_identify(src/moveit2) by extensions ['colcon_meta']
[0.234s] Level 1:colcon.colcon_core.package_identification:_identify(src/moveit2) by extension 'colcon_meta'
[0.234s] Level 1:colcon.colcon_core.package_identification:_identify(src/moveit2) by extensions ['ros']
[0.234s] Level 1:colcon.colcon_core.package_identification:_identify(src/moveit2) by extension 'ros'
[0.234s] Level 1:colcon.colcon_core.package_identification:_identify(src/moveit2) by extensions ['cmake', 'python']
[0.234s] Level 1:colcon.colcon_core.package_identification:_identify(src/moveit2) by extension 'cmake'
[0.234s] Level 1:colcon.colcon_core.package_identification:_identify(src/moveit2) by extension 'python'
[0.234s] Level 1:colcon.colcon_core.package_identification:_identify(src/moveit2) by extensions ['python_setup_py']
[0.234s] Level 1:colcon.colcon_core.package_identification:_identify(src/moveit2) by extension 'python_setup_py'
[0.234s] Level 1:colcon.colcon_core.package_identification:_identify(src/moveit2_tutorials) by extensions ['ignore', 'ignore_ament_install']
[0.234s] Level 1:colcon.colcon_core.package_identification:_identify(src/moveit2_tutorials) by extension 'ignore'
[0.234s] Level 1:colcon.colcon_core.package_identification:_identify(src/moveit2_tutorials) by extension 'ignore_ament_install'
[0.234s] Level 1:colcon.colcon_core.package_identification:_identify(src/moveit2_tutorials) by extensions ['colcon_pkg']
[0.234s] Level 1:colcon.colcon_core.package_identification:_identify(src/moveit2_tutorials) by extension 'colcon_pkg'
[0.234s] Level 1:colcon.colcon_core.package_identification:_identify(src/moveit2_tutorials) by extensions ['colcon_meta']
[0.234s] Level 1:colcon.colcon_core.package_identification:_identify(src/moveit2_tutorials) by extension 'colcon_meta'
[0.234s] Level 1:colcon.colcon_core.package_identification:_identify(src/moveit2_tutorials) by extensions ['ros']
[0.234s] Level 1:colcon.colcon_core.package_identification:_identify(src/moveit2_tutorials) by extension 'ros'
[0.234s] Level 1:colcon.colcon_core.package_identification:_identify(src/moveit2_tutorials) by extensions ['cmake', 'python']
[0.234s] Level 1:colcon.colcon_core.package_identification:_identify(src/moveit2_tutorials) by extension 'cmake'
[0.234s] Level 1:colcon.colcon_core.package_identification:_identify(src/moveit2_tutorials) by extension 'python'
[0.234s] Level 1:colcon.colcon_core.package_identification:_identify(src/moveit2_tutorials) by extensions ['python_setup_py']
[0.234s] Level 1:colcon.colcon_core.package_identification:_identify(src/moveit2_tutorials) by extension 'python_setup_py'
[0.234s] Level 1:colcon.colcon_core.package_identification:_identify(src/moveit_resources) by extensions ['ignore', 'ignore_ament_install']
[0.234s] Level 1:colcon.colcon_core.package_identification:_identify(src/moveit_resources) by extension 'ignore'
[0.234s] Level 1:colcon.colcon_core.package_identification:_identify(src/moveit_resources) by extension 'ignore_ament_install'
[0.234s] Level 1:colcon.colcon_core.package_identification:_identify(src/moveit_resources) by extensions ['colcon_pkg']
[0.234s] Level 1:colcon.colcon_core.package_identification:_identify(src/moveit_resources) by extension 'colcon_pkg'
[0.234s] Level 1:colcon.colcon_core.package_identification:_identify(src/moveit_resources) by extensions ['colcon_meta']
[0.234s] Level 1:colcon.colcon_core.package_identification:_identify(src/moveit_resources) by extension 'colcon_meta'
[0.235s] Level 1:colcon.colcon_core.package_identification:_identify(src/moveit_resources) by extensions ['ros']
[0.235s] Level 1:colcon.colcon_core.package_identification:_identify(src/moveit_resources) by extension 'ros'
[0.235s] Level 1:colcon.colcon_core.package_identification:_identify(src/moveit_resources) by extensions ['cmake', 'python']
[0.235s] Level 1:colcon.colcon_core.package_identification:_identify(src/moveit_resources) by extension 'cmake'
[0.235s] Level 1:colcon.colcon_core.package_identification:_identify(src/moveit_resources) by extension 'python'
[0.235s] Level 1:colcon.colcon_core.package_identification:_identify(src/moveit_resources) by extensions ['python_setup_py']
[0.235s] Level 1:colcon.colcon_core.package_identification:_identify(src/moveit_resources) by extension 'python_setup_py'
[0.235s] Level 1:colcon.colcon_core.package_identification:_identify(src/moveit_task_constructor) by extensions ['ignore', 'ignore_ament_install']
[0.235s] Level 1:colcon.colcon_core.package_identification:_identify(src/moveit_task_constructor) by extension 'ignore'
[0.235s] Level 1:colcon.colcon_core.package_identification:_identify(src/moveit_task_constructor) by extension 'ignore_ament_install'
[0.235s] Level 1:colcon.colcon_core.package_identification:_identify(src/moveit_task_constructor) by extensions ['colcon_pkg']
[0.235s] Level 1:colcon.colcon_core.package_identification:_identify(src/moveit_task_constructor) by extension 'colcon_pkg'
[0.235s] Level 1:colcon.colcon_core.package_identification:_identify(src/moveit_task_constructor) by extensions ['colcon_meta']
[0.235s] Level 1:colcon.colcon_core.package_identification:_identify(src/moveit_task_constructor) by extension 'colcon_meta'
[0.235s] Level 1:colcon.colcon_core.package_identification:_identify(src/moveit_task_constructor) by extensions ['ros']
[0.235s] Level 1:colcon.colcon_core.package_identification:_identify(src/moveit_task_constructor) by extension 'ros'
[0.235s] Level 1:colcon.colcon_core.package_identification:_identify(src/moveit_task_constructor) by extensions ['cmake', 'python']
[0.235s] Level 1:colcon.colcon_core.package_identification:_identify(src/moveit_task_constructor) by extension 'cmake'
[0.235s] Level 1:colcon.colcon_core.package_identification:_identify(src/moveit_task_constructor) by extension 'python'
[0.235s] Level 1:colcon.colcon_core.package_identification:_identify(src/moveit_task_constructor) by extensions ['python_setup_py']
[0.235s] Level 1:colcon.colcon_core.package_identification:_identify(src/moveit_task_constructor) by extension 'python_setup_py'
[0.235s] Level 1:colcon.colcon_core.package_identification:_identify(src/moveit_visual_tools) by extensions ['ignore', 'ignore_ament_install']
[0.235s] Level 1:colcon.colcon_core.package_identification:_identify(src/moveit_visual_tools) by extension 'ignore'
[0.235s] Level 1:colcon.colcon_core.package_identification:_identify(src/moveit_visual_tools) by extension 'ignore_ament_install'
[0.235s] Level 1:colcon.colcon_core.package_identification:_identify(src/moveit_visual_tools) by extensions ['colcon_pkg']
[0.235s] Level 1:colcon.colcon_core.package_identification:_identify(src/moveit_visual_tools) by extension 'colcon_pkg'
[0.235s] Level 1:colcon.colcon_core.package_identification:_identify(src/moveit_visual_tools) by extensions ['colcon_meta']
[0.235s] Level 1:colcon.colcon_core.package_identification:_identify(src/moveit_visual_tools) by extension 'colcon_meta'
[0.235s] Level 1:colcon.colcon_core.package_identification:_identify(src/moveit_visual_tools) by extensions ['ros']
[0.235s] Level 1:colcon.colcon_core.package_identification:_identify(src/moveit_visual_tools) by extension 'ros'
[0.235s] Level 1:colcon.colcon_core.package_identification:_identify(src/moveit_visual_tools) by extensions ['cmake', 'python']
[0.235s] Level 1:colcon.colcon_core.package_identification:_identify(src/moveit_visual_tools) by extension 'cmake'
[0.235s] Level 1:colcon.colcon_core.package_identification:_identify(src/moveit_visual_tools) by extension 'python'
[0.236s] Level 1:colcon.colcon_core.package_identification:_identify(src/moveit_visual_tools) by extensions ['python_setup_py']
[0.236s] Level 1:colcon.colcon_core.package_identification:_identify(src/moveit_visual_tools) by extension 'python_setup_py'
[0.236s] Level 1:colcon.colcon_core.package_identification:_identify(src/mtc_tutorial) by extensions ['ignore', 'ignore_ament_install']
[0.236s] Level 1:colcon.colcon_core.package_identification:_identify(src/mtc_tutorial) by extension 'ignore'
[0.236s] Level 1:colcon.colcon_core.package_identification:_identify(src/mtc_tutorial) by extension 'ignore_ament_install'
[0.236s] Level 1:colcon.colcon_core.package_identification:_identify(src/mtc_tutorial) by extensions ['colcon_pkg']
[0.236s] Level 1:colcon.colcon_core.package_identification:_identify(src/mtc_tutorial) by extension 'colcon_pkg'
[0.236s] Level 1:colcon.colcon_core.package_identification:_identify(src/mtc_tutorial) by extensions ['colcon_meta']
[0.236s] Level 1:colcon.colcon_core.package_identification:_identify(src/mtc_tutorial) by extension 'colcon_meta'
[0.236s] Level 1:colcon.colcon_core.package_identification:_identify(src/mtc_tutorial) by extensions ['ros']
[0.236s] Level 1:colcon.colcon_core.package_identification:_identify(src/mtc_tutorial) by extension 'ros'
[0.236s] DEBUG:colcon.colcon_core.package_identification:Package 'src/mtc_tutorial' with type 'ros.ament_cmake' and name 'mtc_tutorial'
[0.236s] Level 1:colcon.colcon_core.package_identification:_identify(src/rosparam_shortcuts) by extensions ['ignore', 'ignore_ament_install']
[0.236s] Level 1:colcon.colcon_core.package_identification:_identify(src/rosparam_shortcuts) by extension 'ignore'
[0.236s] Level 1:colcon.colcon_core.package_identification:_identify(src/rosparam_shortcuts) by extension 'ignore_ament_install'
[0.236s] Level 1:colcon.colcon_core.package_identification:_identify(src/rosparam_shortcuts) by extensions ['colcon_pkg']
[0.236s] Level 1:colcon.colcon_core.package_identification:_identify(src/rosparam_shortcuts) by extension 'colcon_pkg'
[0.236s] Level 1:colcon.colcon_core.package_identification:_identify(src/rosparam_shortcuts) by extensions ['colcon_meta']
[0.236s] Level 1:colcon.colcon_core.package_identification:_identify(src/rosparam_shortcuts) by extension 'colcon_meta'
[0.236s] Level 1:colcon.colcon_core.package_identification:_identify(src/rosparam_shortcuts) by extensions ['ros']
[0.236s] Level 1:colcon.colcon_core.package_identification:_identify(src/rosparam_shortcuts) by extension 'ros'
[0.236s] Level 1:colcon.colcon_core.package_identification:_identify(src/rosparam_shortcuts) by extensions ['cmake', 'python']
[0.236s] Level 1:colcon.colcon_core.package_identification:_identify(src/rosparam_shortcuts) by extension 'cmake'
[0.236s] Level 1:colcon.colcon_core.package_identification:_identify(src/rosparam_shortcuts) by extension 'python'
[0.237s] Level 1:colcon.colcon_core.package_identification:_identify(src/rosparam_shortcuts) by extensions ['python_setup_py']
[0.237s] Level 1:colcon.colcon_core.package_identification:_identify(src/rosparam_shortcuts) by extension 'python_setup_py'
[0.237s] Level 1:colcon.colcon_core.package_identification:_identify(src/srdfdom) by extensions ['ignore', 'ignore_ament_install']
[0.237s] Level 1:colcon.colcon_core.package_identification:_identify(src/srdfdom) by extension 'ignore'
[0.237s] Level 1:colcon.colcon_core.package_identification:_identify(src/srdfdom) by extension 'ignore_ament_install'
[0.237s] Level 1:colcon.colcon_core.package_identification:_identify(src/srdfdom) by extensions ['colcon_pkg']
[0.237s] Level 1:colcon.colcon_core.package_identification:_identify(src/srdfdom) by extension 'colcon_pkg'
[0.237s] Level 1:colcon.colcon_core.package_identification:_identify(src/srdfdom) by extensions ['colcon_meta']
[0.237s] Level 1:colcon.colcon_core.package_identification:_identify(src/srdfdom) by extension 'colcon_meta'
[0.237s] Level 1:colcon.colcon_core.package_identification:_identify(src/srdfdom) by extensions ['ros']
[0.237s] Level 1:colcon.colcon_core.package_identification:_identify(src/srdfdom) by extension 'ros'
[0.237s] Level 1:colcon.colcon_core.package_identification:_identify(src/srdfdom) by extensions ['cmake', 'python']
[0.237s] Level 1:colcon.colcon_core.package_identification:_identify(src/srdfdom) by extension 'cmake'
[0.237s] Level 1:colcon.colcon_core.package_identification:_identify(src/srdfdom) by extension 'python'
[0.237s] Level 1:colcon.colcon_core.package_identification:_identify(src/srdfdom) by extensions ['python_setup_py']
[0.237s] Level 1:colcon.colcon_core.package_identification:_identify(src/srdfdom) by extension 'python_setup_py'
[0.237s] Level 1:colcon.colcon_core.package_identification:_identify(src/wzlscheduler_interfaces) by extensions ['ignore', 'ignore_ament_install']
[0.237s] Level 1:colcon.colcon_core.package_identification:_identify(src/wzlscheduler_interfaces) by extension 'ignore'
[0.237s] Level 1:colcon.colcon_core.package_identification:_identify(src/wzlscheduler_interfaces) by extension 'ignore_ament_install'
[0.237s] Level 1:colcon.colcon_core.package_identification:_identify(src/wzlscheduler_interfaces) by extensions ['colcon_pkg']
[0.237s] Level 1:colcon.colcon_core.package_identification:_identify(src/wzlscheduler_interfaces) by extension 'colcon_pkg'
[0.237s] Level 1:colcon.colcon_core.package_identification:_identify(src/wzlscheduler_interfaces) by extensions ['colcon_meta']
[0.237s] Level 1:colcon.colcon_core.package_identification:_identify(src/wzlscheduler_interfaces) by extension 'colcon_meta'
[0.237s] Level 1:colcon.colcon_core.package_identification:_identify(src/wzlscheduler_interfaces) by extensions ['ros']
[0.237s] Level 1:colcon.colcon_core.package_identification:_identify(src/wzlscheduler_interfaces) by extension 'ros'
[0.238s] DEBUG:colcon.colcon_core.package_identification:Package 'src/wzlscheduler_interfaces' with type 'ros.ament_cmake' and name 'wzlscheduler_interfaces'
[0.238s] Level 1:colcon.colcon_core.package_discovery:discover_packages(recursive) using defaults
[0.238s] Level 1:colcon.colcon_core.package_discovery:discover_packages(ignore) discover
[0.238s] Level 1:colcon.colcon_core.package_discovery:discover_packages(ignore) using defaults
[0.238s] Level 1:colcon.colcon_core.package_discovery:discover_packages(path) discover
[0.238s] Level 1:colcon.colcon_core.package_discovery:discover_packages(path) using defaults
[0.252s] INFO:colcon.colcon_core.package_selection:Skipping not selected package 'hello_ur' in 'src/hello_ur'
[0.252s] INFO:colcon.colcon_core.package_selection:Skipping not selected package 'mtc_tutorial' in 'src/mtc_tutorial'
[0.252s] INFO:colcon.colcon_core.package_selection:Skipping not selected package 'robo_planner' in 'src/hello_moveit'
[0.252s] INFO:colcon.colcon_core.package_selection:Skipping not selected package 'wzlscheduler_interfaces' in 'src/wzlscheduler_interfaces'
[0.252s] Level 1:colcon.colcon_core.package_discovery:discover_packages(prefix_path) check parameters
[0.252s] Level 1:colcon.colcon_core.package_discovery:discover_packages(prefix_path) discover
[0.255s] DEBUG:colcon.colcon_installed_package_information.package_discovery:Found 61 installed packages in /home/aw/restackcell/ws_moveit2/install
[0.257s] DEBUG:colcon.colcon_installed_package_information.package_discovery:Found 323 installed packages in /opt/ros/humble
[0.264s] Level 1:colcon.colcon_core.package_discovery:discover_packages(prefix_path) using defaults
[0.276s] ERROR:colcon.colcon_core.package_augmentation:Exception in package augmentation extension 'python': 
Traceback (most recent call last):
  File "/usr/lib/python3/dist-packages/colcon_core/package_augmentation/__init__.py", line 97, in augment_packages
    retval = extension.augment_packages(
  File "/usr/lib/python3/dist-packages/colcon_installed_package_information/package_augmentation/python.py", line 44, in augment_packages
    dist = next(iter(dists))
StopIteration

[0.282s] Level 5:colcon.colcon_core.verb:set package 'interface_opcua' build argument 'cmake_args' from command line to 'None'
[0.282s] Level 5:colcon.colcon_core.verb:set package 'interface_opcua' build argument 'cmake_target' from command line to 'None'
[0.282s] Level 5:colcon.colcon_core.verb:set package 'interface_opcua' build argument 'cmake_target_skip_unavailable' from command line to 'False'
[0.282s] Level 5:colcon.colcon_core.verb:set package 'interface_opcua' build argument 'cmake_clean_cache' from command line to 'False'
[0.282s] Level 5:colcon.colcon_core.verb:set package 'interface_opcua' build argument 'cmake_clean_first' from command line to 'False'
[0.282s] Level 5:colcon.colcon_core.verb:set package 'interface_opcua' build argument 'cmake_force_configure' from command line to 'False'
[0.282s] Level 5:colcon.colcon_core.verb:set package 'interface_opcua' build argument 'ament_cmake_args' from command line to 'None'
[0.282s] Level 5:colcon.colcon_core.verb:set package 'interface_opcua' build argument 'catkin_cmake_args' from command line to 'None'
[0.282s] Level 5:colcon.colcon_core.verb:set package 'interface_opcua' build argument 'catkin_skip_building_tests' from command line to 'False'
[0.282s] DEBUG:colcon.colcon_core.verb:Building package 'interface_opcua' with the following arguments: {'ament_cmake_args': None, 'build_base': '/home/aw/restackcell/ws_moveit2/build/interface_opcua', 'catkin_cmake_args': None, 'catkin_skip_building_tests': False, 'cmake_args': None, 'cmake_clean_cache': False, 'cmake_clean_first': False, 'cmake_force_configure': False, 'cmake_target': None, 'cmake_target_skip_unavailable': False, 'install_base': '/home/aw/restackcell/ws_moveit2/install/interface_opcua', 'merge_install': False, 'path': '/home/aw/restackcell/ws_moveit2/src/interface_opcua', 'symlink_install': False, 'test_result_base': None}
[0.282s] INFO:colcon.colcon_core.executor:Executing jobs using 'parallel' executor
[0.283s] DEBUG:colcon.colcon_parallel_executor.executor.parallel:run_until_complete
[0.283s] INFO:colcon.colcon_ros.task.ament_python.build:Building ROS package in '/home/aw/restackcell/ws_moveit2/src/interface_opcua' with build type 'ament_python'
[0.283s] Level 1:colcon.colcon_core.shell:create_environment_hook('interface_opcua', 'ament_prefix_path')
[0.286s] INFO:colcon.colcon_core.plugin_system:Skipping extension 'colcon_core.shell.bat': Not used on non-Windows systems
[0.286s] INFO:colcon.colcon_core.shell:Creating environment hook '/home/aw/restackcell/ws_moveit2/install/interface_opcua/share/interface_opcua/hook/ament_prefix_path.ps1'
[0.286s] INFO:colcon.colcon_core.shell:Creating environment descriptor '/home/aw/restackcell/ws_moveit2/install/interface_opcua/share/interface_opcua/hook/ament_prefix_path.dsv'
[0.287s] INFO:colcon.colcon_core.shell:Creating environment hook '/home/aw/restackcell/ws_moveit2/install/interface_opcua/share/interface_opcua/hook/ament_prefix_path.sh'
[0.287s] INFO:colcon.colcon_core.shell:Skip shell extension 'powershell' for command environment: Not usable outside of PowerShell
[0.287s] DEBUG:colcon.colcon_core.shell:Skip shell extension 'dsv' for command environment
[0.442s] INFO:colcon.colcon_core.task.python.build:Building Python package in '/home/aw/restackcell/ws_moveit2/src/interface_opcua'
[0.443s] INFO:colcon.colcon_core.shell:Skip shell extension 'powershell' for command environment: Not usable outside of PowerShell
[0.443s] DEBUG:colcon.colcon_core.shell:Skip shell extension 'dsv' for command environment
[0.666s] DEBUG:colcon.colcon_core.event_handler.log_command:Invoking command in '/home/aw/restackcell/ws_moveit2/src/interface_opcua': PYTHONPATH=/home/aw/restackcell/ws_moveit2/build/interface_opcua/prefix_override:/home/aw/restackcell/ws_moveit2/install/interface_opcua/lib/python3.10/site-packages:${PYTHONPATH} /usr/bin/python3 -W ignore:setup.py install is deprecated setup.py egg_info --egg-base ../../build/interface_opcua build --build-base /home/aw/restackcell/ws_moveit2/build/interface_opcua/build install --record /home/aw/restackcell/ws_moveit2/build/interface_opcua/install.log --single-version-externally-managed install_data
[0.853s] DEBUG:colcon.colcon_core.event_handler.log_command:Invoked command in '/home/aw/restackcell/ws_moveit2/src/interface_opcua' returned '0': PYTHONPATH=/home/aw/restackcell/ws_moveit2/build/interface_opcua/prefix_override:/home/aw/restackcell/ws_moveit2/install/interface_opcua/lib/python3.10/site-packages:${PYTHONPATH} /usr/bin/python3 -W ignore:setup.py install is deprecated setup.py egg_info --egg-base ../../build/interface_opcua build --build-base /home/aw/restackcell/ws_moveit2/build/interface_opcua/build install --record /home/aw/restackcell/ws_moveit2/build/interface_opcua/install.log --single-version-externally-managed install_data
[0.854s] Level 1:colcon.colcon_core.environment:checking '/home/aw/restackcell/ws_moveit2/install/interface_opcua' for CMake module files
[0.855s] Level 1:colcon.colcon_core.environment:checking '/home/aw/restackcell/ws_moveit2/install/interface_opcua' for CMake config files
[0.855s] Level 1:colcon.colcon_core.environment:checking '/home/aw/restackcell/ws_moveit2/install/interface_opcua/lib'
[0.855s] Level 1:colcon.colcon_core.environment:checking '/home/aw/restackcell/ws_moveit2/install/interface_opcua/bin'
[0.856s] Level 1:colcon.colcon_core.environment:checking '/home/aw/restackcell/ws_moveit2/install/interface_opcua/lib/pkgconfig/interface_opcua.pc'
[0.856s] Level 1:colcon.colcon_core.environment:checking '/home/aw/restackcell/ws_moveit2/install/interface_opcua/lib/python3.10/site-packages'
[0.856s] Level 1:colcon.colcon_core.shell:create_environment_hook('interface_opcua', 'pythonpath')
[0.856s] INFO:colcon.colcon_core.shell:Creating environment hook '/home/aw/restackcell/ws_moveit2/install/interface_opcua/share/interface_opcua/hook/pythonpath.ps1'
[0.856s] INFO:colcon.colcon_core.shell:Creating environment descriptor '/home/aw/restackcell/ws_moveit2/install/interface_opcua/share/interface_opcua/hook/pythonpath.dsv'
[0.857s] INFO:colcon.colcon_core.shell:Creating environment hook '/home/aw/restackcell/ws_moveit2/install/interface_opcua/share/interface_opcua/hook/pythonpath.sh'
[0.857s] Level 1:colcon.colcon_core.environment:checking '/home/aw/restackcell/ws_moveit2/install/interface_opcua/bin'
[0.857s] Level 1:colcon.colcon_core.environment:create_environment_scripts_only(interface_opcua)
[0.857s] INFO:colcon.colcon_core.shell:Creating package script '/home/aw/restackcell/ws_moveit2/install/interface_opcua/share/interface_opcua/package.ps1'
[0.858s] INFO:colcon.colcon_core.shell:Creating package descriptor '/home/aw/restackcell/ws_moveit2/install/interface_opcua/share/interface_opcua/package.dsv'
[0.858s] INFO:colcon.colcon_core.shell:Creating package script '/home/aw/restackcell/ws_moveit2/install/interface_opcua/share/interface_opcua/package.sh'
[0.859s] INFO:colcon.colcon_core.shell:Creating package script '/home/aw/restackcell/ws_moveit2/install/interface_opcua/share/interface_opcua/package.bash'
[0.859s] INFO:colcon.colcon_core.shell:Creating package script '/home/aw/restackcell/ws_moveit2/install/interface_opcua/share/interface_opcua/package.zsh'
[0.859s] Level 1:colcon.colcon_core.environment:create_file_with_runtime_dependencies(/home/aw/restackcell/ws_moveit2/install/interface_opcua/share/colcon-core/packages/interface_opcua)
[0.860s] DEBUG:colcon.colcon_parallel_executor.executor.parallel:closing loop
[0.860s] DEBUG:colcon.colcon_parallel_executor.executor.parallel:loop closed
[0.860s] DEBUG:colcon.colcon_parallel_executor.executor.parallel:run_until_complete finished with '0'
[0.860s] DEBUG:colcon.colcon_core.event_reactor:joining thread
[0.884s] INFO:colcon.colcon_core.plugin_system:Skipping extension 'colcon_notification.desktop_notification.notify_send': Could not find 'notify-send'
[0.884s] INFO:colcon.colcon_core.plugin_system:Skipping extension 'colcon_notification.desktop_notification.terminal_notifier': Not used on non-Darwin systems
[0.884s] INFO:colcon.colcon_core.plugin_system:Skipping extension 'colcon_notification.desktop_notification.win32': Not used on non-Windows systems
[0.884s] INFO:colcon.colcon_notification.desktop_notification:Sending desktop notification using 'notify2'
[0.885s] DEBUG:colcon.colcon_notification.desktop_notification.notify2:Failed to initialize notify2: org.freedesktop.DBus.Error.ServiceUnknown: The name org.freedesktop.Notifications was not provided by any .service files
[0.885s] DEBUG:colcon.colcon_core.event_reactor:joined thread
[0.885s] INFO:colcon.colcon_core.shell:Creating prefix script '/home/aw/restackcell/ws_moveit2/install/local_setup.ps1'
[0.886s] INFO:colcon.colcon_core.shell:Creating prefix util module '/home/aw/restackcell/ws_moveit2/install/_local_setup_util_ps1.py'
[0.887s] INFO:colcon.colcon_core.shell:Creating prefix chain script '/home/aw/restackcell/ws_moveit2/install/setup.ps1'
[0.889s] INFO:colcon.colcon_core.shell:Creating prefix script '/home/aw/restackcell/ws_moveit2/install/local_setup.sh'
[0.889s] INFO:colcon.colcon_core.shell:Creating prefix util module '/home/aw/restackcell/ws_moveit2/install/_local_setup_util_sh.py'
[0.890s] INFO:colcon.colcon_core.shell:Creating prefix chain script '/home/aw/restackcell/ws_moveit2/install/setup.sh'
[0.891s] INFO:colcon.colcon_core.shell:Creating prefix script '/home/aw/restackcell/ws_moveit2/install/local_setup.bash'
[0.892s] INFO:colcon.colcon_core.shell:Creating prefix chain script '/home/aw/restackcell/ws_moveit2/install/setup.bash'
[0.893s] INFO:colcon.colcon_core.shell:Creating prefix script '/home/aw/restackcell/ws_moveit2/install/local_setup.zsh'
[0.893s] INFO:colcon.colcon_core.shell:Creating prefix chain script '/home/aw/restackcell/ws_moveit2/install/setup.zsh'
