[0.704s] Invoking command in '/home/autopilot/ws/restackcell/build/pcl_segmentation': CMAKE_PREFIX_PATH=/opt/ros/humble:/home/autopilot/ws/restackcell/install/wzlscheduler_interfaces LD_LIBRARY_PATH=/home/autopilot/ws/restackcell/install/wzlscheduler_interfaces/lib:${LD_LIBRARY_PATH} PKG_CONFIG_PATH=/home/autopilot/ws/restackcell/install/wzlscheduler_interfaces/lib/aarch64-linux-gnu/pkgconfig:/home/autopilot/ws/restackcell/install/wzlscheduler_interfaces/lib/pkgconfig PYTHONPATH=/home/autopilot/ws/restackcell/install/wzlscheduler_interfaces/local/lib/python3.10/dist-packages:${PYTHONPATH} ROS_PACKAGE_PATH=/home/autopilot/ws/restackcell/install/wzlscheduler_interfaces/share /usr/bin/cmake --build /home/autopilot/ws/restackcell/build/pcl_segmentation -- -j4 -l4
[1.027s] [  9%] Built target downsampling
[1.032s] [ 18%] Built target clustering
[1.088s] [ 27%] Built target scene_scan_matching
[1.117s] [ 36%] Built target file_publisher
[1.188s] [ 45%] Built target classification
[1.290s] [ 54%] Built target plane_filter
[1.304s] [ 63%] Built target pose_snapper
[1.315s] [ 72%] Built target matching
[1.412s] [ 81%] Built target transformation_robot
[1.453s] [ 90%] Built target hand_eye_transform_publisher
[1.465s] [100%] Built target test_robot_pose_publisher
[1.507s] Invoked command in '/home/autopilot/ws/restackcell/build/pcl_segmentation' returned '0': CMAKE_PREFIX_PATH=/opt/ros/humble:/home/autopilot/ws/restackcell/install/wzlscheduler_interfaces LD_LIBRARY_PATH=/home/autopilot/ws/restackcell/install/wzlscheduler_interfaces/lib:${LD_LIBRARY_PATH} PKG_CONFIG_PATH=/home/autopilot/ws/restackcell/install/wzlscheduler_interfaces/lib/aarch64-linux-gnu/pkgconfig:/home/autopilot/ws/restackcell/install/wzlscheduler_interfaces/lib/pkgconfig PYTHONPATH=/home/autopilot/ws/restackcell/install/wzlscheduler_interfaces/local/lib/python3.10/dist-packages:${PYTHONPATH} ROS_PACKAGE_PATH=/home/autopilot/ws/restackcell/install/wzlscheduler_interfaces/share /usr/bin/cmake --build /home/autopilot/ws/restackcell/build/pcl_segmentation -- -j4 -l4
[1.700s] Invoking command in '/home/autopilot/ws/restackcell/build/pcl_segmentation': CMAKE_PREFIX_PATH=/opt/ros/humble:/home/autopilot/ws/restackcell/install/wzlscheduler_interfaces LD_LIBRARY_PATH=/home/autopilot/ws/restackcell/install/wzlscheduler_interfaces/lib:${LD_LIBRARY_PATH} PKG_CONFIG_PATH=/home/autopilot/ws/restackcell/install/wzlscheduler_interfaces/lib/aarch64-linux-gnu/pkgconfig:/home/autopilot/ws/restackcell/install/wzlscheduler_interfaces/lib/pkgconfig PYTHONPATH=/home/autopilot/ws/restackcell/install/wzlscheduler_interfaces/local/lib/python3.10/dist-packages:${PYTHONPATH} ROS_PACKAGE_PATH=/home/autopilot/ws/restackcell/install/wzlscheduler_interfaces/share /usr/bin/cmake --install /home/autopilot/ws/restackcell/build/pcl_segmentation
[1.731s] -- Install configuration: ""
[1.733s] -- Up-to-date: /home/autopilot/ws/restackcell/install/pcl_segmentation/lib/pcl_segmentation/scene_scan_matching
[1.733s] -- Up-to-date: /home/autopilot/ws/restackcell/install/pcl_segmentation/lib/pcl_segmentation/file_publisher
[1.735s] -- Up-to-date: /home/autopilot/ws/restackcell/install/pcl_segmentation/lib/pcl_segmentation/downsampling
[1.735s] -- Up-to-date: /home/autopilot/ws/restackcell/install/pcl_segmentation/lib/pcl_segmentation/clustering
[1.737s] -- Up-to-date: /home/autopilot/ws/restackcell/install/pcl_segmentation/lib/pcl_segmentation/plane_filter
[1.738s] -- Up-to-date: /home/autopilot/ws/restackcell/install/pcl_segmentation/lib/pcl_segmentation/classification
[1.742s] -- Up-to-date: /home/autopilot/ws/restackcell/install/pcl_segmentation/lib/pcl_segmentation/matching
[1.743s] -- Up-to-date: /home/autopilot/ws/restackcell/install/pcl_segmentation/lib/pcl_segmentation/pose_snapper
[1.743s] -- Up-to-date: /home/autopilot/ws/restackcell/install/pcl_segmentation/lib/pcl_segmentation/transformation_robot
[1.745s] -- Up-to-date: /home/autopilot/ws/restackcell/install/pcl_segmentation/lib/pcl_segmentation/hand_eye_transform_publisher
[1.746s] -- Up-to-date: /home/autopilot/ws/restackcell/install/pcl_segmentation/lib/pcl_segmentation/test_robot_pose_publisher
[1.746s] -- Up-to-date: /home/autopilot/ws/restackcell/install/pcl_segmentation/share/ament_index/resource_index/package_run_dependencies/pcl_segmentation
[1.746s] -- Up-to-date: /home/autopilot/ws/restackcell/install/pcl_segmentation/share/ament_index/resource_index/parent_prefix_path/pcl_segmentation
[1.747s] -- Up-to-date: /home/autopilot/ws/restackcell/install/pcl_segmentation/share/pcl_segmentation/environment/ament_prefix_path.sh
[1.747s] -- Up-to-date: /home/autopilot/ws/restackcell/install/pcl_segmentation/share/pcl_segmentation/environment/ament_prefix_path.dsv
[1.747s] -- Up-to-date: /home/autopilot/ws/restackcell/install/pcl_segmentation/share/pcl_segmentation/environment/path.sh
[1.747s] -- Up-to-date: /home/autopilot/ws/restackcell/install/pcl_segmentation/share/pcl_segmentation/environment/path.dsv
[1.747s] -- Up-to-date: /home/autopilot/ws/restackcell/install/pcl_segmentation/share/pcl_segmentation/local_setup.bash
[1.747s] -- Up-to-date: /home/autopilot/ws/restackcell/install/pcl_segmentation/share/pcl_segmentation/local_setup.sh
[1.749s] -- Up-to-date: /home/autopilot/ws/restackcell/install/pcl_segmentation/share/pcl_segmentation/local_setup.zsh
[1.749s] -- Up-to-date: /home/autopilot/ws/restackcell/install/pcl_segmentation/share/pcl_segmentation/local_setup.dsv
[1.749s] -- Installing: /home/autopilot/ws/restackcell/install/pcl_segmentation/share/pcl_segmentation/package.dsv
[1.750s] -- Up-to-date: /home/autopilot/ws/restackcell/install/pcl_segmentation/share/ament_index/resource_index/packages/pcl_segmentation
[1.750s] -- Up-to-date: /home/autopilot/ws/restackcell/install/pcl_segmentation/share/pcl_segmentation/cmake/pcl_segmentationConfig.cmake
[1.750s] -- Up-to-date: /home/autopilot/ws/restackcell/install/pcl_segmentation/share/pcl_segmentation/cmake/pcl_segmentationConfig-version.cmake
[1.750s] -- Up-to-date: /home/autopilot/ws/restackcell/install/pcl_segmentation/share/pcl_segmentation/package.xml
[1.776s] Invoked command in '/home/autopilot/ws/restackcell/build/pcl_segmentation' returned '0': CMAKE_PREFIX_PATH=/opt/ros/humble:/home/autopilot/ws/restackcell/install/wzlscheduler_interfaces LD_LIBRARY_PATH=/home/autopilot/ws/restackcell/install/wzlscheduler_interfaces/lib:${LD_LIBRARY_PATH} PKG_CONFIG_PATH=/home/autopilot/ws/restackcell/install/wzlscheduler_interfaces/lib/aarch64-linux-gnu/pkgconfig:/home/autopilot/ws/restackcell/install/wzlscheduler_interfaces/lib/pkgconfig PYTHONPATH=/home/autopilot/ws/restackcell/install/wzlscheduler_interfaces/local/lib/python3.10/dist-packages:${PYTHONPATH} ROS_PACKAGE_PATH=/home/autopilot/ws/restackcell/install/wzlscheduler_interfaces/share /usr/bin/cmake --install /home/autopilot/ws/restackcell/build/pcl_segmentation
