/home/alex/restackcell/ws_moveit2/install/tof_detection_module/lib/python3.10/site-packages/tof_detection_module/ros_camera_publisher.py
/home/alex/restackcell/ws_moveit2/install/tof_detection_module/lib/python3.10/site-packages/tof_detection_module/main.py
/home/alex/restackcell/ws_moveit2/install/tof_detection_module/lib/python3.10/site-packages/tof_detection_module/__init__.py
/home/alex/restackcell/ws_moveit2/install/tof_detection_module/lib/python3.10/site-packages/tof_detection_module/detection.py
/home/alex/restackcell/ws_moveit2/install/tof_detection_module/lib/python3.10/site-packages/tof_detection_module/CameraHandler.py
/home/alex/restackcell/ws_moveit2/install/tof_detection_module/lib/python3.10/site-packages/tof_detection_module/__pycache__/ros_camera_publisher.cpython-310.pyc
/home/alex/restackcell/ws_moveit2/install/tof_detection_module/lib/python3.10/site-packages/tof_detection_module/__pycache__/main.cpython-310.pyc
/home/alex/restackcell/ws_moveit2/install/tof_detection_module/lib/python3.10/site-packages/tof_detection_module/__pycache__/__init__.cpython-310.pyc
/home/alex/restackcell/ws_moveit2/install/tof_detection_module/lib/python3.10/site-packages/tof_detection_module/__pycache__/detection.cpython-310.pyc
/home/alex/restackcell/ws_moveit2/install/tof_detection_module/lib/python3.10/site-packages/tof_detection_module/__pycache__/CameraHandler.cpython-310.pyc
/home/alex/restackcell/ws_moveit2/install/tof_detection_module/share/ament_index/resource_index/packages/tof_detection_module
/home/alex/restackcell/ws_moveit2/install/tof_detection_module/share/tof_detection_module/package.xml
/home/alex/restackcell/ws_moveit2/install/tof_detection_module/lib/python3.10/site-packages/tof_detection_module-0.0.0-py3.10.egg-info/top_level.txt
/home/alex/restackcell/ws_moveit2/install/tof_detection_module/lib/python3.10/site-packages/tof_detection_module-0.0.0-py3.10.egg-info/zip-safe
/home/alex/restackcell/ws_moveit2/install/tof_detection_module/lib/python3.10/site-packages/tof_detection_module-0.0.0-py3.10.egg-info/PKG-INFO
/home/alex/restackcell/ws_moveit2/install/tof_detection_module/lib/python3.10/site-packages/tof_detection_module-0.0.0-py3.10.egg-info/SOURCES.txt
/home/alex/restackcell/ws_moveit2/install/tof_detection_module/lib/python3.10/site-packages/tof_detection_module-0.0.0-py3.10.egg-info/entry_points.txt
/home/alex/restackcell/ws_moveit2/install/tof_detection_module/lib/python3.10/site-packages/tof_detection_module-0.0.0-py3.10.egg-info/requires.txt
/home/alex/restackcell/ws_moveit2/install/tof_detection_module/lib/python3.10/site-packages/tof_detection_module-0.0.0-py3.10.egg-info/dependency_links.txt
/home/alex/restackcell/ws_moveit2/install/tof_detection_module/lib/tof_detection_module/camera
/home/alex/restackcell/ws_moveit2/install/tof_detection_module/lib/tof_detection_module/detection
/home/alex/restackcell/ws_moveit2/install/tof_detection_module/lib/tof_detection_module/main
/home/alex/restackcell/ws_moveit2/install/tof_detection_module/lib/tof_detection_module/ros_camera_publisher
