[0.488s] Invoking command in '/home/aw/restackcell/ws_moveit2/src/opcua-asyncio': PYTHONPATH=/home/aw/restackcell/ws_moveit2/build/asyncua/prefix_override:/home/aw/restackcell/ws_moveit2/install/asyncua/lib/python3.10/site-packages:${PYTHONPATH} /usr/bin/python3 -W ignore:setup.py install is deprecated setup.py egg_info --egg-base ../../build/asyncua build --build-base /home/aw/restackcell/ws_moveit2/build/asyncua/build install --record /home/aw/restackcell/ws_moveit2/build/asyncua/install.log --single-version-externally-managed
[0.660s] running egg_info
[0.661s] writing ../../build/asyncua/asyncua.egg-info/PKG-INFO
[0.661s] writing dependency_links to ../../build/asyncua/asyncua.egg-info/dependency_links.txt
[0.661s] writing entry points to ../../build/asyncua/asyncua.egg-info/entry_points.txt
[0.661s] writing requirements to ../../build/asyncua/asyncua.egg-info/requires.txt
[0.662s] writing top-level names to ../../build/asyncua/asyncua.egg-info/top_level.txt
[0.664s] reading manifest file '../../build/asyncua/asyncua.egg-info/SOURCES.txt'
[0.664s] adding license file 'COPYING'
[0.666s] writing manifest file '../../build/asyncua/asyncua.egg-info/SOURCES.txt'
[0.667s] running build
[0.667s] running build_py
[0.667s] running install
[0.668s] running install_lib
[0.670s] running install_egg_info
[0.672s] removing '/home/aw/restackcell/ws_moveit2/install/asyncua/lib/python3.10/site-packages/asyncua-1.1.0-py3.10.egg-info' (and everything under it)
[0.672s] Copying ../../build/asyncua/asyncua.egg-info to /home/aw/restackcell/ws_moveit2/install/asyncua/lib/python3.10/site-packages/asyncua-1.1.0-py3.10.egg-info
[0.672s] running install_scripts
[0.687s] Installing uabrowse script to /home/aw/restackcell/ws_moveit2/install/asyncua/bin
[0.687s] Installing uacall script to /home/aw/restackcell/ws_moveit2/install/asyncua/bin
[0.687s] Installing uaclient script to /home/aw/restackcell/ws_moveit2/install/asyncua/bin
[0.687s] Installing uadiscover script to /home/aw/restackcell/ws_moveit2/install/asyncua/bin
[0.688s] Installing uageneratestructs script to /home/aw/restackcell/ws_moveit2/install/asyncua/bin
[0.688s] Installing uahistoryread script to /home/aw/restackcell/ws_moveit2/install/asyncua/bin
[0.688s] Installing uals script to /home/aw/restackcell/ws_moveit2/install/asyncua/bin
[0.688s] Installing uaread script to /home/aw/restackcell/ws_moveit2/install/asyncua/bin
[0.688s] Installing uaserver script to /home/aw/restackcell/ws_moveit2/install/asyncua/bin
[0.688s] Installing uasubscribe script to /home/aw/restackcell/ws_moveit2/install/asyncua/bin
[0.688s] Installing uawrite script to /home/aw/restackcell/ws_moveit2/install/asyncua/bin
[0.689s] writing list of installed files to '/home/aw/restackcell/ws_moveit2/build/asyncua/install.log'
[0.713s] Invoked command in '/home/aw/restackcell/ws_moveit2/src/opcua-asyncio' returned '0': PYTHONPATH=/home/aw/restackcell/ws_moveit2/build/asyncua/prefix_override:/home/aw/restackcell/ws_moveit2/install/asyncua/lib/python3.10/site-packages:${PYTHONPATH} /usr/bin/python3 -W ignore:setup.py install is deprecated setup.py egg_info --egg-base ../../build/asyncua build --build-base /home/aw/restackcell/ws_moveit2/build/asyncua/build install --record /home/aw/restackcell/ws_moveit2/build/asyncua/install.log --single-version-externally-managed
