[01m[K/home/aw/restackcell/ws_moveit2/src/moveit_backend/src/moveit_panda.cpp:10:20:[m[K [01;31m[Kerror: [m[Kno matching function for call to ‘[01m[Kmoveit::planning_interface::MoveGroupInterface::MoveGroupInterface()[m[K’
   10 | MoveGroupInterface [01;31m[Kmove_group_interface[m[K;
      |                    [01;31m[K^~~~~~~~~~~~~~~~~~~~[m[K
In file included from [01m[K/home/aw/restackcell/ws_moveit2/src/moveit_backend/src/moveit_panda.cpp:6[m[K:
[01m[K/opt/ros/humble/include/moveit/move_group_interface/move_group_interface.h:159:3:[m[K [01;36m[Knote: [m[Kcandidate: ‘[01m[Kmoveit::planning_interface::MoveGroupInterface::MoveGroupInterface(moveit::planning_interface::MoveGroupInterface&&)[m[K’
  159 |   [01;36m[KMoveGroupInterface[m[K(MoveGroupInterface&& other) noexcept;
      |   [01;36m[K^~~~~~~~~~~~~~~~~~[m[K
[01m[K/opt/ros/humble/include/moveit/move_group_interface/move_group_interface.h:159:3:[m[K [01;36m[Knote: [m[K  candidate expects 1 argument, 0 provided
[01m[K/opt/ros/humble/include/moveit/move_group_interface/move_group_interface.h:145:3:[m[K [01;36m[Knote: [m[Kcandidate: ‘[01m[Kmoveit::planning_interface::MoveGroupInterface::MoveGroupInterface(const SharedPtr&, const string&, const std::shared_ptr<tf2_ros::Buffer>&, const rclcpp::Duration&)[m[K’
  145 |   [01;36m[KMoveGroupInterface[m[K(const rclcpp::Node::SharedPtr& node, const std::string& group,
      |   [01;36m[K^~~~~~~~~~~~~~~~~~[m[K
[01m[K/opt/ros/humble/include/moveit/move_group_interface/move_group_interface.h:145:3:[m[K [01;36m[Knote: [m[K  candidate expects 4 arguments, 0 provided
[01m[K/opt/ros/humble/include/moveit/move_group_interface/move_group_interface.h:134:3:[m[K [01;36m[Knote: [m[Kcandidate: ‘[01m[Kmoveit::planning_interface::MoveGroupInterface::MoveGroupInterface(const SharedPtr&, const moveit::planning_interface::MoveGroupInterface::Options&, const std::shared_ptr<tf2_ros::Buffer>&, const rclcpp::Duration&)[m[K’
  134 |   [01;36m[KMoveGroupInterface[m[K(const rclcpp::Node::SharedPtr& node, const Options& opt,
      |   [01;36m[K^~~~~~~~~~~~~~~~~~[m[K
[01m[K/opt/ros/humble/include/moveit/move_group_interface/move_group_interface.h:134:3:[m[K [01;36m[Knote: [m[K  candidate expects 4 arguments, 0 provided
[01m[K/home/aw/restackcell/ws_moveit2/src/moveit_backend/src/moveit_panda.cpp:11:16:[m[K [01;31m[Kerror: [m[K‘[01m[Krclcpp::Logger::Logger()[m[K’ is private within this context
   11 | rclcpp::Logger [01;31m[Klogger_[m[K;
      |                [01;31m[K^~~~~~~[m[K
In file included from [01m[K/opt/ros/humble/include/rclcpp/rclcpp/logging.hpp:23[m[K,
                 from [01m[K/opt/ros/humble/include/rclcpp/rclcpp/client.hpp:40[m[K,
                 from [01m[K/opt/ros/humble/include/rclcpp/rclcpp/callback_group.hpp:24[m[K,
                 from [01m[K/opt/ros/humble/include/rclcpp/rclcpp/any_executable.hpp:20[m[K,
                 from [01m[K/opt/ros/humble/include/rclcpp/rclcpp/memory_strategy.hpp:25[m[K,
                 from [01m[K/opt/ros/humble/include/rclcpp/rclcpp/memory_strategies.hpp:18[m[K,
                 from [01m[K/opt/ros/humble/include/rclcpp/rclcpp/executor_options.hpp:20[m[K,
                 from [01m[K/opt/ros/humble/include/rclcpp/rclcpp/executor.hpp:37[m[K,
                 from [01m[K/opt/ros/humble/include/rclcpp/rclcpp/executors/multi_threaded_executor.hpp:25[m[K,
                 from [01m[K/opt/ros/humble/include/rclcpp/rclcpp/executors.hpp:21[m[K,
                 from [01m[K/opt/ros/humble/include/rclcpp/rclcpp/rclcpp.hpp:155[m[K,
                 from [01m[K/home/aw/restackcell/ws_moveit2/src/moveit_backend/src/moveit_panda.cpp:5[m[K:
[01m[K/opt/ros/humble/include/rclcpp/rclcpp/logger.hpp:114:3:[m[K [01;36m[Knote: [m[Kdeclared private here
  114 |   [01;36m[KLogger[m[K()
      |   [01;36m[K^~~~~~[m[K
In file included from [01m[K/opt/ros/humble/include/rclcpp/rclcpp/logging.hpp:24[m[K,
                 from [01m[K/opt/ros/humble/include/rclcpp/rclcpp/client.hpp:40[m[K,
                 from [01m[K/opt/ros/humble/include/rclcpp/rclcpp/callback_group.hpp:24[m[K,
                 from [01m[K/opt/ros/humble/include/rclcpp/rclcpp/any_executable.hpp:20[m[K,
                 from [01m[K/opt/ros/humble/include/rclcpp/rclcpp/memory_strategy.hpp:25[m[K,
                 from [01m[K/opt/ros/humble/include/rclcpp/rclcpp/memory_strategies.hpp:18[m[K,
                 from [01m[K/opt/ros/humble/include/rclcpp/rclcpp/executor_options.hpp:20[m[K,
                 from [01m[K/opt/ros/humble/include/rclcpp/rclcpp/executor.hpp:37[m[K,
                 from [01m[K/opt/ros/humble/include/rclcpp/rclcpp/executors/multi_threaded_executor.hpp:25[m[K,
                 from [01m[K/opt/ros/humble/include/rclcpp/rclcpp/executors.hpp:21[m[K,
                 from [01m[K/opt/ros/humble/include/rclcpp/rclcpp/rclcpp.hpp:155[m[K,
                 from [01m[K/home/aw/restackcell/ws_moveit2/src/moveit_backend/src/moveit_panda.cpp:5[m[K:
[01m[K/home/aw/restackcell/ws_moveit2/src/moveit_backend/src/moveit_panda.cpp:[m[K In function ‘[01m[Kvoid MoveToPosition(std::shared_ptr<wzlscheduler_interfaces::srv::RobotMoveToPosition_Request_<std::allocator<void> > >, std::shared_ptr<wzlscheduler_interfaces::srv::RobotMoveToPosition_Response_<std::allocator<void> > >)[m[K’:
[01m[K/home/aw/restackcell/ws_moveit2/src/moveit_backend/src/moveit_panda.cpp:16:45:[m[K [01;35m[Kwarning: [m[Kformat ‘[01m[K%ld[m[K’ expects argument of type ‘[01m[Klong int[m[K’, but argument 5 has type ‘[01m[Kwzlscheduler_interfaces::srv::RobotMoveToPosition_Request_<std::allocator<void> >::_posx_type[m[K’ {aka ‘[01m[Kdouble[m[K’} [[01;35m[K]8;;https://gcc.gnu.org/onlinedocs/gcc/Warning-Options.html#index-Wformat=-Wformat=]8;;[m[K]
   16 |   RCLCPP_INFO(rclcpp::get_logger("rclcpp"), [01;35m[K"Incoming request (move to position)\nX: %ld" " Y: %ld Z: %ld RotX: %ld RotY %ld RotZ %ld"[m[K,
      |                                             [01;35m[K^~~~~~~~~~~~~~~~~~~~~~~~~~~~~~~~~~~~~~~~~~~~~~~~~~~~~~~~~~~~~~~~~~~~~~~~~~~~~~~~~~~~~~~~~~[m[K
   17 |                 [32m[Krequest->posx[m[K, request->posy, request->posz, request->rotx, request->roty, request->rotz);
      |                 [32m[K~~~~~~~~~~~~~[m[K                
      |                          [32m[K|[m[K
      |                          [32m[Kwzlscheduler_interfaces::srv::RobotMoveToPosition_Request_<std::allocator<void> >::_posx_type {aka double}[m[K
[01m[K/home/aw/restackcell/ws_moveit2/src/moveit_backend/src/moveit_panda.cpp:16:88:[m[K [01;36m[Knote: [m[Kformat string is defined here
   16 |   RCLCPP_INFO(rclcpp::get_logger("rclcpp"), "Incoming request (move to position)\nX: [01;36m[K%ld[m[K" " Y: %ld Z: %ld RotX: %ld RotY %ld RotZ %ld",
      |                                                                                      [01;36m[K~~^[m[K
      |                                                                                        [01;36m[K|[m[K
      |                                                                                        [01;36m[Klong int[m[K
      |                                                                                      [32m[K%f[m[K
/home/aw/restackcell/ws_moveit2/src/moveit_backend/src/moveit_panda.cpp:16: confused by earlier errors, bailing out
gmake[2]: *** [CMakeFiles/moveit_panda.dir/build.make:76: CMakeFiles/moveit_panda.dir/src/moveit_panda.cpp.o] Error 1
gmake[1]: *** [CMakeFiles/Makefile2:137: CMakeFiles/moveit_panda.dir/all] Error 2
gmake: *** [Makefile:146: all] Error 2
