[0.066s] Invoking command in '/home/alex/ws_moveit2/build/moveit_common': CMAKE_PREFIX_PATH=${CMAKE_PREFIX_PATH}:/home/alex/ws_moveit2/install/moveit_configs_utils:/home/alex/ws_moveit2/install/launch_param_builder:/opt/ros/humble /usr/bin/cmake /home/alex/ws_moveit2/src/moveit2/moveit_common -DCMAKE_BUILD_TYPE=Release -DCMAKE_INSTALL_PREFIX=/home/alex/ws_moveit2/install/moveit_common
[0.078s] -- Found ament_cmake: 1.3.6 (/opt/ros/humble/share/ament_cmake/cmake)
[0.189s] -- Found ament_lint_auto: 0.12.9 (/opt/ros/humble/share/ament_lint_auto/cmake)
[0.244s] -- Added test 'copyright' to check source files copyright and LICENSE
[0.245s] -- Added test 'lint_cmake' to check CMake code style
[0.246s] -- Added test 'xmllint' to check XML markup files
[0.248s] -- Configuring done
[0.252s] -- Generating done
[0.252s] -- Build files have been written to: /home/alex/ws_moveit2/build/moveit_common
[0.255s] Invoked command in '/home/alex/ws_moveit2/build/moveit_common' returned '0': CMAKE_PREFIX_PATH=${CMAKE_PREFIX_PATH}:/home/alex/ws_moveit2/install/moveit_configs_utils:/home/alex/ws_moveit2/install/launch_param_builder:/opt/ros/humble /usr/bin/cmake /home/alex/ws_moveit2/src/moveit2/moveit_common -DCMAKE_BUILD_TYPE=Release -DCMAKE_INSTALL_PREFIX=/home/alex/ws_moveit2/install/moveit_common
[0.257s] Invoking command in '/home/alex/ws_moveit2/build/moveit_common': CMAKE_PREFIX_PATH=${CMAKE_PREFIX_PATH}:/home/alex/ws_moveit2/install/moveit_configs_utils:/home/alex/ws_moveit2/install/launch_param_builder:/opt/ros/humble /usr/bin/cmake --build /home/alex/ws_moveit2/build/moveit_common -- -j16 -l16
[0.311s] Invoked command in '/home/alex/ws_moveit2/build/moveit_common' returned '0': CMAKE_PREFIX_PATH=${CMAKE_PREFIX_PATH}:/home/alex/ws_moveit2/install/moveit_configs_utils:/home/alex/ws_moveit2/install/launch_param_builder:/opt/ros/humble /usr/bin/cmake --build /home/alex/ws_moveit2/build/moveit_common -- -j16 -l16
[0.371s] Invoking command in '/home/alex/ws_moveit2/build/moveit_common': CMAKE_PREFIX_PATH=${CMAKE_PREFIX_PATH}:/home/alex/ws_moveit2/install/moveit_configs_utils:/home/alex/ws_moveit2/install/launch_param_builder:/opt/ros/humble /usr/bin/cmake --install /home/alex/ws_moveit2/build/moveit_common
[0.380s] -- Install configuration: "Release"
[0.380s] -- Up-to-date: /home/alex/ws_moveit2/install/moveit_common/share/ament_index/resource_index/package_run_dependencies/moveit_common
[0.382s] -- Up-to-date: /home/alex/ws_moveit2/install/moveit_common/share/ament_index/resource_index/parent_prefix_path/moveit_common
[0.382s] -- Up-to-date: /home/alex/ws_moveit2/install/moveit_common/share/moveit_common/environment/ament_prefix_path.sh
[0.382s] -- Installing: /home/alex/ws_moveit2/install/moveit_common/share/moveit_common/environment/ament_prefix_path.dsv
[0.382s] -- Up-to-date: /home/alex/ws_moveit2/install/moveit_common/share/moveit_common/environment/path.sh
[0.382s] -- Installing: /home/alex/ws_moveit2/install/moveit_common/share/moveit_common/environment/path.dsv
[0.383s] -- Up-to-date: /home/alex/ws_moveit2/install/moveit_common/share/moveit_common/local_setup.bash
[0.383s] -- Up-to-date: /home/alex/ws_moveit2/install/moveit_common/share/moveit_common/local_setup.sh
[0.383s] -- Up-to-date: /home/alex/ws_moveit2/install/moveit_common/share/moveit_common/local_setup.zsh
[0.383s] -- Installing: /home/alex/ws_moveit2/install/moveit_common/share/moveit_common/local_setup.dsv
[0.383s] -- Installing: /home/alex/ws_moveit2/install/moveit_common/share/moveit_common/package.dsv
[0.384s] -- Up-to-date: /home/alex/ws_moveit2/install/moveit_common/share/ament_index/resource_index/packages/moveit_common
[0.384s] -- Up-to-date: /home/alex/ws_moveit2/install/moveit_common/share/moveit_common/cmake/moveit_common-extras.cmake
[0.384s] -- Up-to-date: /home/alex/ws_moveit2/install/moveit_common/share/moveit_common/cmake/moveit_commonConfig.cmake
[0.384s] -- Up-to-date: /home/alex/ws_moveit2/install/moveit_common/share/moveit_common/cmake/moveit_commonConfig-version.cmake
[0.384s] -- Up-to-date: /home/alex/ws_moveit2/install/moveit_common/share/moveit_common/package.xml
[0.384s] -- Up-to-date: /home/alex/ws_moveit2/install/moveit_common/share/moveit_common/cmake
[0.384s] -- Up-to-date: /home/alex/ws_moveit2/install/moveit_common/share/moveit_common/cmake/moveit_package.cmake
[0.386s] Invoked command in '/home/alex/ws_moveit2/build/moveit_common' returned '0': CMAKE_PREFIX_PATH=${CMAKE_PREFIX_PATH}:/home/alex/ws_moveit2/install/moveit_configs_utils:/home/alex/ws_moveit2/install/launch_param_builder:/opt/ros/humble /usr/bin/cmake --install /home/alex/ws_moveit2/build/moveit_common
