[0.137s] Invoking command in '/home/aw/restackcell/ws_moveit2/build/robo_planner': AMENT_PREFIX_PATH=/home/aw/restackcell/ws_moveit2/install/tutorial_interfaces:${AMENT_PREFIX_PATH} CMAKE_PREFIX_PATH=/opt/ros/humble:/home/aw/restackcell/ws_moveit2/install/wzlscheduler_interfaces:/home/aw/restackcell/ws_moveit2/install/tutorial_interfaces LD_LIBRARY_PATH=/home/aw/restackcell/ws_moveit2/install/wzlscheduler_interfaces/lib:/home/aw/restackcell/ws_moveit2/install/tutorial_interfaces/lib:${LD_LIBRARY_PATH} PKG_CONFIG_PATH=/home/aw/restackcell/ws_moveit2/install/wzlscheduler_interfaces/lib/x86_64-linux-gnu/pkgconfig:/home/aw/restackcell/ws_moveit2/install/wzlscheduler_interfaces/lib/pkgconfig PYTHONPATH=/home/aw/restackcell/ws_moveit2/install/wzlscheduler_interfaces/local/lib/python3.10/dist-packages:/home/aw/restackcell/ws_moveit2/install/tutorial_interfaces/local/lib/python3.10/dist-packages:${PYTHONPATH} ROS_PACKAGE_PATH=/home/aw/restackcell/ws_moveit2/install/wzlscheduler_interfaces/share /usr/bin/cmake --build /home/aw/restackcell/ws_moveit2/build/robo_planner -- -j16 -l16
[0.187s] [  9%] [32mBuilding CXX object CMakeFiles/robo_planner.dir/src/Tasks/TaskGripperChange.cpp.o[0m
[0.187s] [  9%] [32mBuilding CXX object CMakeFiles/robo_planner.dir/src/Main.cpp.o[0m
[0.189s] [ 14%] [32mBuilding CXX object CMakeFiles/robo_planner.dir/src/Tasks/TaskGripperChangePlace.cpp.o[0m
[3.728s] In file included from [01m[K/home/aw/restackcell/ws_moveit2/src/hello_moveit/src/Tasks/TaskGripperChangePlace.cpp:1[m[K:
[3.728s] [01m[K/home/aw/restackcell/ws_moveit2/src/hello_moveit/src/Tasks/../../include/Tasks/TaskGripperChangePlace.h:[m[K In member function ‘[01m[Kvoid WzlPlanner::TaskGripperChangePlace::Initialize(WzlPlanner::SceneObjectGripperChangeStation)[m[K’:
[3.728s] [01m[K/home/aw/restackcell/ws_moveit2/src/hello_moveit/src/Tasks/../../include/Tasks/TaskGripperChangePlace.h:26:79:[m[K [01;35m[Kwarning: [m[Kunused parameter ‘[01m[KchangeStation[m[K’ [[01;35m[K]8;;https://gcc.gnu.org/onlinedocs/gcc/Warning-Options.html#index-Wunused-parameter-Wunused-parameter]8;;[m[K]
[3.728s]    26 |             void Initialize([01;35m[Kconst WzlPlanner::SceneObjectGripperChangeStation changeStation[m[K)
[3.728s]       |                             [01;35m[K~~~~~~~~~~~~~~~~~~~~~~~~~~~~~~~~~~~~~~~~~~~~~~~~~~^~~~~~~~~~~~~[m[K
[3.750s] In file included from [01m[K/home/aw/restackcell/ws_moveit2/src/hello_moveit/src/Tasks/../../include/Tasks/TaskGripperChange.h:6[m[K,
[3.750s]                  from [01m[K/home/aw/restackcell/ws_moveit2/src/hello_moveit/src/Tasks/TaskGripperChange.cpp:1[m[K:
[3.750s] [01m[K/home/aw/restackcell/ws_moveit2/src/hello_moveit/src/Tasks/../../include/Tasks/TaskGripperChangePlace.h:[m[K In member function ‘[01m[Kvoid WzlPlanner::TaskGripperChangePlace::Initialize(WzlPlanner::SceneObjectGripperChangeStation)[m[K’:
[3.750s] [01m[K/home/aw/restackcell/ws_moveit2/src/hello_moveit/src/Tasks/../../include/Tasks/TaskGripperChangePlace.h:26:79:[m[K [01;35m[Kwarning: [m[Kunused parameter ‘[01m[KchangeStation[m[K’ [[01;35m[K]8;;https://gcc.gnu.org/onlinedocs/gcc/Warning-Options.html#index-Wunused-parameter-Wunused-parameter]8;;[m[K]
[3.750s]    26 |             void Initialize([01;35m[Kconst WzlPlanner::SceneObjectGripperChangeStation changeStation[m[K)
[3.750s]       |                             [01;35m[K~~~~~~~~~~~~~~~~~~~~~~~~~~~~~~~~~~~~~~~~~~~~~~~~~~^~~~~~~~~~~~~[m[K
[3.758s] [01m[K/home/aw/restackcell/ws_moveit2/src/hello_moveit/src/Main.cpp:[m[K In function ‘[01m[Kvoid CreateCell(std::shared_ptr<rclcpp::Node>)[m[K’:
[3.758s] [01m[K/home/aw/restackcell/ws_moveit2/src/hello_moveit/src/Main.cpp:49:15:[m[K [01;31m[Kerror: [m[K‘[01m[KObjectContainer_[m[K’ is not a member of ‘[01m[KWzlPlanner[m[K’; did you mean ‘[01m[KObjectContainer[m[K’?
[3.759s]    49 |   WzlPlanner::[01;31m[KObjectContainer_[m[K = std::make_shared<WzlPlanner::ObjectContainer>(
[3.759s]       |               [01;31m[K^~~~~~~~~~~~~~~~[m[K
[3.759s]       |               [32m[KObjectContainer[m[K
[3.826s] [01m[K/home/aw/restackcell/ws_moveit2/src/hello_moveit/src/Tasks/TaskGripperChangePlace.cpp:[m[K In member function ‘[01m[Kvirtual void WzlPlanner::TaskGripperChangePlace::Execute()[m[K’:
[3.826s] [01m[K/home/aw/restackcell/ws_moveit2/src/hello_moveit/src/Tasks/TaskGripperChangePlace.cpp:7:33:[m[K [01;31m[Kerror: [m[K‘[01m[KObjectContainer_[m[K’ was not declared in this scope
[3.826s]     7 |     auto gripperChangeStation = [01;31m[KObjectContainer_[m[K->GetScene()->GetSceneObject(this->gripperChangingStationId_);
[3.826s]       |                                 [01;31m[K^~~~~~~~~~~~~~~~[m[K
[3.841s] [01m[K/home/aw/restackcell/ws_moveit2/src/hello_moveit/src/Tasks/TaskGripperChange.cpp:[m[K In member function ‘[01m[Kvirtual void WzlPlanner::TaskGripperChange::Execute()[m[K’:
[3.841s] [01m[K/home/aw/restackcell/ws_moveit2/src/hello_moveit/src/Tasks/TaskGripperChange.cpp:7:45:[m[K [01;31m[Kerror: [m[K‘[01m[KObjectContainer_[m[K’ is not a member of ‘[01m[KWzlPlanner[m[K’; did you mean ‘[01m[KObjectContainer[m[K’?
[3.841s]     7 |     auto gripperChangeStation = WzlPlanner::[01;31m[KObjectContainer_[m[K->GetScene()->GetSceneObject(this->gripperChaningStationId_);
[3.842s]       |                                             [01;31m[K^~~~~~~~~~~~~~~~[m[K
[3.842s]       |                                             [32m[KObjectContainer[m[K
[5.295s] gmake[2]: *** [CMakeFiles/robo_planner.dir/build.make:230: CMakeFiles/robo_planner.dir/src/Tasks/TaskGripperChangePlace.cpp.o] Error 1
[5.295s] gmake[2]: *** Waiting for unfinished jobs....
[5.303s] gmake[2]: *** [CMakeFiles/robo_planner.dir/build.make:202: CMakeFiles/robo_planner.dir/src/Tasks/TaskGripperChange.cpp.o] Error 1
[5.376s] gmake[2]: *** [CMakeFiles/robo_planner.dir/build.make:104: CMakeFiles/robo_planner.dir/src/Main.cpp.o] Error 1
[5.376s] gmake[1]: *** [CMakeFiles/Makefile2:137: CMakeFiles/robo_planner.dir/all] Error 2
[5.376s] gmake: *** [Makefile:146: all] Error 2
[5.378s] Invoked command in '/home/aw/restackcell/ws_moveit2/build/robo_planner' returned '2': AMENT_PREFIX_PATH=/home/aw/restackcell/ws_moveit2/install/tutorial_interfaces:${AMENT_PREFIX_PATH} CMAKE_PREFIX_PATH=/opt/ros/humble:/home/aw/restackcell/ws_moveit2/install/wzlscheduler_interfaces:/home/aw/restackcell/ws_moveit2/install/tutorial_interfaces LD_LIBRARY_PATH=/home/aw/restackcell/ws_moveit2/install/wzlscheduler_interfaces/lib:/home/aw/restackcell/ws_moveit2/install/tutorial_interfaces/lib:${LD_LIBRARY_PATH} PKG_CONFIG_PATH=/home/aw/restackcell/ws_moveit2/install/wzlscheduler_interfaces/lib/x86_64-linux-gnu/pkgconfig:/home/aw/restackcell/ws_moveit2/install/wzlscheduler_interfaces/lib/pkgconfig PYTHONPATH=/home/aw/restackcell/ws_moveit2/install/wzlscheduler_interfaces/local/lib/python3.10/dist-packages:/home/aw/restackcell/ws_moveit2/install/tutorial_interfaces/local/lib/python3.10/dist-packages:${PYTHONPATH} ROS_PACKAGE_PATH=/home/aw/restackcell/ws_moveit2/install/wzlscheduler_interfaces/share /usr/bin/cmake --build /home/aw/restackcell/ws_moveit2/build/robo_planner -- -j16 -l16
