[3.525s] Invoking command in '/home/autopilot/ws/restackcell/ws_moveit2/src/grid_snapper': CMAKE_PREFIX_PATH=/home/autopilot/ws/restackcell/ws_moveit2/install/wzlscheduler_interfaces:/home/autopilot/ws/restackcell/ws_moveit2/install/robo_planner:/home/autopilot/ws/restackcell/ws_moveit2/install/pcl_segmentation:/home/autopilot/ws/restackcell/ws_moveit2/install/moveit_backend:/home/autopilot/ws/restackcell/ws_moveit2/install/mockup_robot:/home/autopilot/ws/restackcell/ws_moveit2/install/ur_pilz:/home/autopilot/ws/restackcell/ws_moveit2/install/robo_planner_msgs:/home/autopilot/ws/restackcell/ws_moveit2/install/opcua_interfaces:/home/autopilot/ws/restackcell/ws_moveit2/install/custom_ur_moveit_config:/home/autopilot/ws/restackcell/ws_moveit2/install/custom_ur_description PYTHONPATH=/home/autopilot/ws/restackcell/ws_moveit2/build/grid_snapper/prefix_override:/usr/lib/python3/dist-packages/colcon_core/task/python/colcon_distutils_commands:/home/autopilot/ws/restackcell/ws_moveit2/install/grid_snapper/lib/python3.10/site-packages:/home/autopilot/ws/restackcell/ws_moveit2/install/wzlscheduler_interfaces/local/lib/python3.10/dist-packages:/home/autopilot/ws/restackcell/ws_moveit2/install/robo_planner_py/lib/python3.10/site-packages:/home/autopilot/ws/restackcell/ws_moveit2/install/grid_snapper/lib/python3.10/site-packages:/home/autopilot/ws/restackcell/ws_moveit2/install/robo_planner_msgs/local/lib/python3.10/dist-packages:/home/autopilot/ws/restackcell/ws_moveit2/install/opcua_client/lib/python3.10/site-packages:/home/autopilot/ws/restackcell/ws_moveit2/install/opcua_interfaces/local/lib/python3.10/dist-packages:/home/autopilot/ws/restackcell/ws_moveit2/install/interface_opcua/lib/python3.10/site-packages:/opt/ros/humble/lib/python3.10/site-packages:/opt/ros/humble/local/lib/python3.10/dist-packages /usr/bin/python3 -W ignore:setup.py install is deprecated setup.py egg_info --egg-base ../../build/grid_snapper build --build-base /home/autopilot/ws/restackcell/ws_moveit2/build/grid_snapper/build install --record /home/autopilot/ws/restackcell/ws_moveit2/build/grid_snapper/install.log --single-version-externally-managed install_data
[4.606s] running egg_info
[4.610s] writing ../../build/grid_snapper/grid_snapper.egg-info/PKG-INFO
[4.612s] writing dependency_links to ../../build/grid_snapper/grid_snapper.egg-info/dependency_links.txt
[4.613s] writing entry points to ../../build/grid_snapper/grid_snapper.egg-info/entry_points.txt
[4.615s] writing requirements to ../../build/grid_snapper/grid_snapper.egg-info/requires.txt
[4.616s] writing top-level names to ../../build/grid_snapper/grid_snapper.egg-info/top_level.txt
[4.623s] reading manifest file '../../build/grid_snapper/grid_snapper.egg-info/SOURCES.txt'
[4.625s] adding license file 'LICENSE'
[4.627s] writing manifest file '../../build/grid_snapper/grid_snapper.egg-info/SOURCES.txt'
[4.628s] running build
[4.628s] running build_py
[4.630s] running install
[4.631s] running install_lib
[4.636s] running install_data
[4.637s] running install_egg_info
[4.650s] removing '/home/autopilot/ws/restackcell/ws_moveit2/install/grid_snapper/lib/python3.10/site-packages/grid_snapper-0.0.0-py3.10.egg-info' (and everything under it)
[4.667s] Copying ../../build/grid_snapper/grid_snapper.egg-info to /home/autopilot/ws/restackcell/ws_moveit2/install/grid_snapper/lib/python3.10/site-packages/grid_snapper-0.0.0-py3.10.egg-info
[4.667s] running install_scripts
[4.760s] Installing image_to_world script to /home/autopilot/ws/restackcell/ws_moveit2/install/grid_snapper/lib/grid_snapper
[4.761s] Installing pose_snapper script to /home/autopilot/ws/restackcell/ws_moveit2/install/grid_snapper/lib/grid_snapper
[4.762s] writing list of installed files to '/home/autopilot/ws/restackcell/ws_moveit2/build/grid_snapper/install.log'
[4.934s] Invoked command in '/home/autopilot/ws/restackcell/ws_moveit2/src/grid_snapper' returned '0': CMAKE_PREFIX_PATH=/home/autopilot/ws/restackcell/ws_moveit2/install/wzlscheduler_interfaces:/home/autopilot/ws/restackcell/ws_moveit2/install/robo_planner:/home/autopilot/ws/restackcell/ws_moveit2/install/pcl_segmentation:/home/autopilot/ws/restackcell/ws_moveit2/install/moveit_backend:/home/autopilot/ws/restackcell/ws_moveit2/install/mockup_robot:/home/autopilot/ws/restackcell/ws_moveit2/install/ur_pilz:/home/autopilot/ws/restackcell/ws_moveit2/install/robo_planner_msgs:/home/autopilot/ws/restackcell/ws_moveit2/install/opcua_interfaces:/home/autopilot/ws/restackcell/ws_moveit2/install/custom_ur_moveit_config:/home/autopilot/ws/restackcell/ws_moveit2/install/custom_ur_description PYTHONPATH=/home/autopilot/ws/restackcell/ws_moveit2/build/grid_snapper/prefix_override:/usr/lib/python3/dist-packages/colcon_core/task/python/colcon_distutils_commands:/home/autopilot/ws/restackcell/ws_moveit2/install/grid_snapper/lib/python3.10/site-packages:/home/autopilot/ws/restackcell/ws_moveit2/install/wzlscheduler_interfaces/local/lib/python3.10/dist-packages:/home/autopilot/ws/restackcell/ws_moveit2/install/robo_planner_py/lib/python3.10/site-packages:/home/autopilot/ws/restackcell/ws_moveit2/install/grid_snapper/lib/python3.10/site-packages:/home/autopilot/ws/restackcell/ws_moveit2/install/robo_planner_msgs/local/lib/python3.10/dist-packages:/home/autopilot/ws/restackcell/ws_moveit2/install/opcua_client/lib/python3.10/site-packages:/home/autopilot/ws/restackcell/ws_moveit2/install/opcua_interfaces/local/lib/python3.10/dist-packages:/home/autopilot/ws/restackcell/ws_moveit2/install/interface_opcua/lib/python3.10/site-packages:/opt/ros/humble/lib/python3.10/site-packages:/opt/ros/humble/local/lib/python3.10/dist-packages /usr/bin/python3 -W ignore:setup.py install is deprecated setup.py egg_info --egg-base ../../build/grid_snapper build --build-base /home/autopilot/ws/restackcell/ws_moveit2/build/grid_snapper/build install --record /home/autopilot/ws/restackcell/ws_moveit2/build/grid_snapper/install.log --single-version-externally-managed install_data
