[0.079s] Invoking command in '/home/alex/ws_moveit2/src/hello_moveit/build/hello_moveit': CMAKE_PREFIX_PATH=${CMAKE_PREFIX_PATH}:/home/alex/ws_moveit2/install/moveit_configs_utils:/home/alex/ws_moveit2/install/launch_param_builder:/opt/ros/humble /usr/bin/cmake --build /home/alex/ws_moveit2/src/hello_moveit/build/hello_moveit -- -j16 -l16
[0.195s] [35m[1mConsolidate compiler generated dependencies of target hello_moveit[0m
[0.247s] [ 33%] [32mBuilding CXX object CMakeFiles/hello_moveit.dir/src/hello_moveit.cpp.o[0m
[1.988s] [01m[K/home/alex/ws_moveit2/src/hello_moveit/src/hello_moveit.cpp:90:3:[m[K [01;35m[Kwarning: [m[K"/*" within comment [[01;35m[K]8;;https://gcc.gnu.org/onlinedocs/gcc/Warning-Options.html#index-Wcomment-Wcomment]8;;[m[K]
[1.988s]    90 |   /*
[1.988s]       |    
[8.111s] [ 66%] [32m[1mLinking CXX executable hello_moveit[0m
[8.732s] [100%] Built target hello_moveit
[8.749s] Invoked command in '/home/alex/ws_moveit2/src/hello_moveit/build/hello_moveit' returned '0': CMAKE_PREFIX_PATH=${CMAKE_PREFIX_PATH}:/home/alex/ws_moveit2/install/moveit_configs_utils:/home/alex/ws_moveit2/install/launch_param_builder:/opt/ros/humble /usr/bin/cmake --build /home/alex/ws_moveit2/src/hello_moveit/build/hello_moveit -- -j16 -l16
[8.826s] Invoking command in '/home/alex/ws_moveit2/src/hello_moveit/build/hello_moveit': CMAKE_PREFIX_PATH=${CMAKE_PREFIX_PATH}:/home/alex/ws_moveit2/install/moveit_configs_utils:/home/alex/ws_moveit2/install/launch_param_builder:/opt/ros/humble /usr/bin/cmake --install /home/alex/ws_moveit2/src/hello_moveit/build/hello_moveit
[8.847s] -- Install configuration: ""
[8.848s] -- Execute custom install script
[8.849s] -- Up-to-date symlink: /home/alex/ws_moveit2/src/hello_moveit/install/hello_moveit/lib/hello_moveit/hello_moveit
[8.849s] -- Up-to-date symlink: /home/alex/ws_moveit2/src/hello_moveit/install/hello_moveit/share/ament_index/resource_index/package_run_dependencies/hello_moveit
[8.849s] -- Up-to-date symlink: /home/alex/ws_moveit2/src/hello_moveit/install/hello_moveit/share/ament_index/resource_index/parent_prefix_path/hello_moveit
[8.849s] -- Up-to-date symlink: /home/alex/ws_moveit2/src/hello_moveit/install/hello_moveit/share/hello_moveit/environment/ament_prefix_path.sh
[8.849s] -- Up-to-date symlink: /home/alex/ws_moveit2/src/hello_moveit/install/hello_moveit/share/hello_moveit/environment/ament_prefix_path.dsv
[8.849s] -- Up-to-date symlink: /home/alex/ws_moveit2/src/hello_moveit/install/hello_moveit/share/hello_moveit/environment/path.sh
[8.849s] -- Up-to-date symlink: /home/alex/ws_moveit2/src/hello_moveit/install/hello_moveit/share/hello_moveit/environment/path.dsv
[8.849s] -- Up-to-date symlink: /home/alex/ws_moveit2/src/hello_moveit/install/hello_moveit/share/hello_moveit/local_setup.bash
[8.850s] -- Up-to-date symlink: /home/alex/ws_moveit2/src/hello_moveit/install/hello_moveit/share/hello_moveit/local_setup.sh
[8.850s] -- Up-to-date symlink: /home/alex/ws_moveit2/src/hello_moveit/install/hello_moveit/share/hello_moveit/local_setup.zsh
[8.850s] -- Up-to-date symlink: /home/alex/ws_moveit2/src/hello_moveit/install/hello_moveit/share/hello_moveit/local_setup.dsv
[8.850s] -- Symlinking: /home/alex/ws_moveit2/src/hello_moveit/install/hello_moveit/share/hello_moveit/package.dsv
[8.864s] -- Up-to-date symlink: /home/alex/ws_moveit2/src/hello_moveit/install/hello_moveit/share/ament_index/resource_index/packages/hello_moveit
[8.864s] -- Up-to-date symlink: /home/alex/ws_moveit2/src/hello_moveit/install/hello_moveit/share/hello_moveit/cmake/hello_moveitConfig.cmake
[8.864s] -- Up-to-date symlink: /home/alex/ws_moveit2/src/hello_moveit/install/hello_moveit/share/hello_moveit/cmake/hello_moveitConfig-version.cmake
[8.864s] -- Up-to-date symlink: /home/alex/ws_moveit2/src/hello_moveit/install/hello_moveit/share/hello_moveit/package.xml
[8.867s] Invoked command in '/home/alex/ws_moveit2/src/hello_moveit/build/hello_moveit' returned '0': CMAKE_PREFIX_PATH=${CMAKE_PREFIX_PATH}:/home/alex/ws_moveit2/install/moveit_configs_utils:/home/alex/ws_moveit2/install/launch_param_builder:/opt/ros/humble /usr/bin/cmake --install /home/alex/ws_moveit2/src/hello_moveit/build/hello_moveit
