[1.824s] Invoking command in '/home/autopilot/ws/restackcell/ws_moveit2/src/opcua_client': AMENT_PREFIX_PATH=/home/autopilot/ws/restackcell/ws_moveit2/install/opcua_interfaces:${AMENT_PREFIX_PATH} CMAKE_PREFIX_PATH=/home/autopilot/ws/restackcell/ws_moveit2/install/opcua_interfaces LD_LIBRARY_PATH=/home/autopilot/ws/restackcell/ws_moveit2/install/opcua_interfaces/lib:${LD_LIBRARY_PATH} PYTHONPATH=/home/autopilot/ws/restackcell/ws_moveit2/build/opcua_client/prefix_override:/usr/lib/python3/dist-packages/colcon_core/task/python/colcon_distutils_commands:/home/autopilot/ws/restackcell/ws_moveit2/install/opcua_client/lib/python3.10/site-packages:/home/autopilot/ws/restackcell/ws_moveit2/install/opcua_interfaces/local/lib/python3.10/dist-packages:${PYTHONPATH} /usr/bin/python3 -W ignore:setup.py install is deprecated setup.py egg_info --egg-base ../../build/opcua_client build --build-base /home/autopilot/ws/restackcell/ws_moveit2/build/opcua_client/build install --record /home/autopilot/ws/restackcell/ws_moveit2/build/opcua_client/install.log --single-version-externally-managed install_data
[2.429s] running egg_info
[2.431s] writing ../../build/opcua_client/opcua_client.egg-info/PKG-INFO
[2.431s] writing dependency_links to ../../build/opcua_client/opcua_client.egg-info/dependency_links.txt
[2.432s] writing entry points to ../../build/opcua_client/opcua_client.egg-info/entry_points.txt
[2.432s] writing requirements to ../../build/opcua_client/opcua_client.egg-info/requires.txt
[2.432s] writing top-level names to ../../build/opcua_client/opcua_client.egg-info/top_level.txt
[2.436s] reading manifest file '../../build/opcua_client/opcua_client.egg-info/SOURCES.txt'
[2.439s] writing manifest file '../../build/opcua_client/opcua_client.egg-info/SOURCES.txt'
[2.442s] running build
[2.443s] running build_py
[2.443s] running install
[2.443s] running install_lib
[2.443s] running install_data
[2.444s] running install_egg_info
[2.447s] removing '/home/autopilot/ws/restackcell/ws_moveit2/install/opcua_client/lib/python3.10/site-packages/opcua_client-0.0.0-py3.10.egg-info' (and everything under it)
[2.448s] Copying ../../build/opcua_client/opcua_client.egg-info to /home/autopilot/ws/restackcell/ws_moveit2/install/opcua_client/lib/python3.10/site-packages/opcua_client-0.0.0-py3.10.egg-info
[2.450s] running install_scripts
[2.497s] Installing client_node script to /home/autopilot/ws/restackcell/ws_moveit2/install/opcua_client/lib/opcua_client
[2.497s] Installing publisher_to_client script to /home/autopilot/ws/restackcell/ws_moveit2/install/opcua_client/lib/opcua_client
[2.498s] writing list of installed files to '/home/autopilot/ws/restackcell/ws_moveit2/build/opcua_client/install.log'
[2.944s] Invoked command in '/home/autopilot/ws/restackcell/ws_moveit2/src/opcua_client' returned '0': AMENT_PREFIX_PATH=/home/autopilot/ws/restackcell/ws_moveit2/install/opcua_interfaces:${AMENT_PREFIX_PATH} CMAKE_PREFIX_PATH=/home/autopilot/ws/restackcell/ws_moveit2/install/opcua_interfaces LD_LIBRARY_PATH=/home/autopilot/ws/restackcell/ws_moveit2/install/opcua_interfaces/lib:${LD_LIBRARY_PATH} PYTHONPATH=/home/autopilot/ws/restackcell/ws_moveit2/build/opcua_client/prefix_override:/usr/lib/python3/dist-packages/colcon_core/task/python/colcon_distutils_commands:/home/autopilot/ws/restackcell/ws_moveit2/install/opcua_client/lib/python3.10/site-packages:/home/autopilot/ws/restackcell/ws_moveit2/install/opcua_interfaces/local/lib/python3.10/dist-packages:${PYTHONPATH} /usr/bin/python3 -W ignore:setup.py install is deprecated setup.py egg_info --egg-base ../../build/opcua_client build --build-base /home/autopilot/ws/restackcell/ws_moveit2/build/opcua_client/build install --record /home/autopilot/ws/restackcell/ws_moveit2/build/opcua_client/install.log --single-version-externally-managed install_data
