[1.140s] DEBUG:colcon:Command line arguments: ['/usr/bin/colcon', 'build']
[1.140s] DEBUG:colcon:Parsed command line arguments: Namespace(log_base=None, log_level=None, verb_name='build', build_base='build', install_base='install', merge_install=False, symlink_install=False, test_result_base=None, continue_on_error=False, executor='parallel', parallel_workers=16, event_handlers=None, ignore_user_meta=False, metas=['./colcon.meta'], base_paths=['.'], packages_ignore=None, packages_ignore_regex=None, paths=None, packages_up_to=None, packages_up_to_regex=None, packages_above=None, packages_above_and_dependencies=None, packages_above_depth=None, packages_select_by_dep=None, packages_skip_by_dep=None, packages_skip_up_to=None, packages_select_build_failed=False, packages_skip_build_finished=False, packages_select_test_failures=False, packages_skip_test_passed=False, packages_select=None, packages_skip=None, packages_select_regex=None, packages_skip_regex=None, packages_start=None, packages_end=None, allow_overriding=[], cmake_args=None, cmake_target=None, cmake_target_skip_unavailable=False, cmake_clean_cache=False, cmake_clean_first=False, cmake_force_configure=False, ament_cmake_args=None, catkin_cmake_args=None, catkin_skip_building_tests=False, mixin_files=None, mixin=None, verb_parser=<colcon_mixin.mixin.mixin_argument.MixinArgumentDecorator object at 0x7f4e8cca3730>, verb_extension=<colcon_core.verb.build.BuildVerb object at 0x7f4e8cca21d0>, main=<bound method BuildVerb.main of <colcon_core.verb.build.BuildVerb object at 0x7f4e8cca21d0>>, mixin_verb=('build',))
[1.191s] Level 1:colcon.colcon_core.package_discovery:discover_packages(colcon_meta) check parameters
[1.191s] Level 1:colcon.colcon_core.package_discovery:discover_packages(recursive) check parameters
[1.191s] Level 1:colcon.colcon_core.package_discovery:discover_packages(ignore) check parameters
[1.192s] Level 1:colcon.colcon_core.package_discovery:discover_packages(path) check parameters
[1.192s] Level 1:colcon.colcon_core.package_discovery:discover_packages(colcon_meta) discover
[1.192s] Level 1:colcon.colcon_core.package_discovery:discover_packages(recursive) discover
[1.192s] INFO:colcon.colcon_core.package_discovery:Crawling recursively for packages in '/home/alex/ws_moveit2/src/hello_moveit'
[1.192s] Level 1:colcon.colcon_core.package_identification:_identify(.) by extensions ['ignore', 'ignore_ament_install']
[1.192s] Level 1:colcon.colcon_core.package_identification:_identify(.) by extension 'ignore'
[1.192s] Level 1:colcon.colcon_core.package_identification:_identify(.) by extension 'ignore_ament_install'
[1.192s] Level 1:colcon.colcon_core.package_identification:_identify(.) by extensions ['colcon_pkg']
[1.192s] Level 1:colcon.colcon_core.package_identification:_identify(.) by extension 'colcon_pkg'
[1.192s] Level 1:colcon.colcon_core.package_identification:_identify(.) by extensions ['colcon_meta']
[1.192s] Level 1:colcon.colcon_core.package_identification:_identify(.) by extension 'colcon_meta'
[1.192s] Level 1:colcon.colcon_core.package_identification:_identify(.) by extensions ['ros']
[1.192s] Level 1:colcon.colcon_core.package_identification:_identify(.) by extension 'ros'
[1.203s] DEBUG:colcon.colcon_core.package_identification:Package '.' with type 'ros.ament_cmake' and name 'hello_moveit'
[1.203s] Level 1:colcon.colcon_core.package_discovery:discover_packages(recursive) using defaults
[1.203s] Level 1:colcon.colcon_core.package_discovery:discover_packages(ignore) discover
[1.203s] Level 1:colcon.colcon_core.package_discovery:discover_packages(ignore) using defaults
[1.203s] Level 1:colcon.colcon_core.package_discovery:discover_packages(path) discover
[1.203s] Level 1:colcon.colcon_core.package_discovery:discover_packages(path) using defaults
[1.289s] Level 1:colcon.colcon_core.package_discovery:discover_packages(prefix_path) check parameters
[1.289s] Level 1:colcon.colcon_core.package_discovery:discover_packages(prefix_path) discover
[1.319s] DEBUG:colcon.colcon_installed_package_information.package_discovery:Found 1 installed packages in /home/alex/ws_moveit2/src/hello_moveit/install
[1.334s] DEBUG:colcon.colcon_installed_package_information.package_discovery:Found 55 installed packages in /home/alex/ws_moveit2/install
[1.349s] DEBUG:colcon.colcon_installed_package_information.package_discovery:Found 347 installed packages in /opt/ros/humble
[1.351s] Level 1:colcon.colcon_core.package_discovery:discover_packages(prefix_path) using defaults
[1.437s] Level 5:colcon.colcon_core.verb:set package 'hello_moveit' build argument 'cmake_args' from command line to 'None'
[1.437s] Level 5:colcon.colcon_core.verb:set package 'hello_moveit' build argument 'cmake_target' from command line to 'None'
[1.437s] Level 5:colcon.colcon_core.verb:set package 'hello_moveit' build argument 'cmake_target_skip_unavailable' from command line to 'False'
[1.437s] Level 5:colcon.colcon_core.verb:set package 'hello_moveit' build argument 'cmake_clean_cache' from command line to 'False'
[1.437s] Level 5:colcon.colcon_core.verb:set package 'hello_moveit' build argument 'cmake_clean_first' from command line to 'False'
[1.437s] Level 5:colcon.colcon_core.verb:set package 'hello_moveit' build argument 'cmake_force_configure' from command line to 'False'
[1.437s] Level 5:colcon.colcon_core.verb:set package 'hello_moveit' build argument 'ament_cmake_args' from command line to 'None'
[1.437s] Level 5:colcon.colcon_core.verb:set package 'hello_moveit' build argument 'catkin_cmake_args' from command line to 'None'
[1.437s] Level 5:colcon.colcon_core.verb:set package 'hello_moveit' build argument 'catkin_skip_building_tests' from command line to 'False'
[1.437s] DEBUG:colcon.colcon_core.verb:Building package 'hello_moveit' with the following arguments: {'ament_cmake_args': None, 'build_base': '/home/alex/ws_moveit2/src/hello_moveit/build/hello_moveit', 'catkin_cmake_args': None, 'catkin_skip_building_tests': False, 'cmake_args': None, 'cmake_clean_cache': False, 'cmake_clean_first': False, 'cmake_force_configure': False, 'cmake_target': None, 'cmake_target_skip_unavailable': False, 'install_base': '/home/alex/ws_moveit2/src/hello_moveit/install/hello_moveit', 'merge_install': False, 'path': '/home/alex/ws_moveit2/src/hello_moveit', 'symlink_install': False, 'test_result_base': None}
[1.451s] INFO:colcon.colcon_core.executor:Executing jobs using 'parallel' executor
[1.465s] DEBUG:colcon.colcon_parallel_executor.executor.parallel:run_until_complete
[1.465s] INFO:colcon.colcon_ros.task.ament_cmake.build:Building ROS package in '/home/alex/ws_moveit2/src/hello_moveit' with build type 'ament_cmake'
[1.465s] INFO:colcon.colcon_cmake.task.cmake.build:Building CMake package in '/home/alex/ws_moveit2/src/hello_moveit'
[1.479s] INFO:colcon.colcon_core.plugin_system:Skipping extension 'colcon_core.shell.bat': Not used on non-Windows systems
[1.479s] INFO:colcon.colcon_core.shell:Skip shell extension 'powershell' for command environment: Not usable outside of PowerShell
[1.479s] DEBUG:colcon.colcon_core.shell:Skip shell extension 'dsv' for command environment
[1.551s] DEBUG:colcon.colcon_core.event_handler.log_command:Invoking command in '/home/alex/ws_moveit2/src/hello_moveit/build/hello_moveit': CMAKE_PREFIX_PATH=${CMAKE_PREFIX_PATH}:/home/alex/ws_moveit2/install/moveit_configs_utils:/home/alex/ws_moveit2/install/launch_param_builder:/opt/ros/humble /usr/bin/cmake --build /home/alex/ws_moveit2/src/hello_moveit/build/hello_moveit -- -j16 -l16
[11.713s] DEBUG:colcon.colcon_core.event_handler.log_command:Invoked command in '/home/alex/ws_moveit2/src/hello_moveit/build/hello_moveit' returned '0': CMAKE_PREFIX_PATH=${CMAKE_PREFIX_PATH}:/home/alex/ws_moveit2/install/moveit_configs_utils:/home/alex/ws_moveit2/install/launch_param_builder:/opt/ros/humble /usr/bin/cmake --build /home/alex/ws_moveit2/src/hello_moveit/build/hello_moveit -- -j16 -l16
[11.786s] DEBUG:colcon.colcon_core.event_handler.log_command:Invoking command in '/home/alex/ws_moveit2/src/hello_moveit/build/hello_moveit': CMAKE_PREFIX_PATH=${CMAKE_PREFIX_PATH}:/home/alex/ws_moveit2/install/moveit_configs_utils:/home/alex/ws_moveit2/install/launch_param_builder:/opt/ros/humble /usr/bin/cmake --install /home/alex/ws_moveit2/src/hello_moveit/build/hello_moveit
[11.822s] Level 1:colcon.colcon_core.environment:create_environment_scripts_only(hello_moveit)
[11.822s] DEBUG:colcon.colcon_core.event_handler.log_command:Invoked command in '/home/alex/ws_moveit2/src/hello_moveit/build/hello_moveit' returned '0': CMAKE_PREFIX_PATH=${CMAKE_PREFIX_PATH}:/home/alex/ws_moveit2/install/moveit_configs_utils:/home/alex/ws_moveit2/install/launch_param_builder:/opt/ros/humble /usr/bin/cmake --install /home/alex/ws_moveit2/src/hello_moveit/build/hello_moveit
[11.839s] Level 1:colcon.colcon_core.environment:checking '/home/alex/ws_moveit2/src/hello_moveit/install/hello_moveit' for CMake module files
[11.839s] Level 1:colcon.colcon_core.environment:checking '/home/alex/ws_moveit2/src/hello_moveit/install/hello_moveit' for CMake config files
[11.839s] Level 1:colcon.colcon_core.shell:create_environment_hook('hello_moveit', 'cmake_prefix_path')
[11.854s] INFO:colcon.colcon_core.shell:Creating environment hook '/home/alex/ws_moveit2/src/hello_moveit/install/hello_moveit/share/hello_moveit/hook/cmake_prefix_path.ps1'
[11.855s] INFO:colcon.colcon_core.shell:Creating environment descriptor '/home/alex/ws_moveit2/src/hello_moveit/install/hello_moveit/share/hello_moveit/hook/cmake_prefix_path.dsv'
[11.855s] INFO:colcon.colcon_core.shell:Creating environment hook '/home/alex/ws_moveit2/src/hello_moveit/install/hello_moveit/share/hello_moveit/hook/cmake_prefix_path.sh'
[11.856s] Level 1:colcon.colcon_core.environment:checking '/home/alex/ws_moveit2/src/hello_moveit/install/hello_moveit/lib'
[11.856s] Level 1:colcon.colcon_core.environment:checking '/home/alex/ws_moveit2/src/hello_moveit/install/hello_moveit/bin'
[11.856s] Level 1:colcon.colcon_core.environment:checking '/home/alex/ws_moveit2/src/hello_moveit/install/hello_moveit/lib/pkgconfig/hello_moveit.pc'
[11.857s] Level 1:colcon.colcon_core.environment:checking '/home/alex/ws_moveit2/src/hello_moveit/install/hello_moveit/lib/python3.10/site-packages'
[11.857s] Level 1:colcon.colcon_core.environment:checking '/home/alex/ws_moveit2/src/hello_moveit/install/hello_moveit/bin'
[11.871s] INFO:colcon.colcon_core.shell:Creating package script '/home/alex/ws_moveit2/src/hello_moveit/install/hello_moveit/share/hello_moveit/package.ps1'
[11.872s] INFO:colcon.colcon_core.shell:Creating package descriptor '/home/alex/ws_moveit2/src/hello_moveit/install/hello_moveit/share/hello_moveit/package.dsv'
[11.872s] INFO:colcon.colcon_core.shell:Creating package script '/home/alex/ws_moveit2/src/hello_moveit/install/hello_moveit/share/hello_moveit/package.sh'
[11.873s] INFO:colcon.colcon_core.shell:Creating package script '/home/alex/ws_moveit2/src/hello_moveit/install/hello_moveit/share/hello_moveit/package.bash'
[11.873s] INFO:colcon.colcon_core.shell:Creating package script '/home/alex/ws_moveit2/src/hello_moveit/install/hello_moveit/share/hello_moveit/package.zsh'
[11.874s] Level 1:colcon.colcon_core.environment:create_file_with_runtime_dependencies(/home/alex/ws_moveit2/src/hello_moveit/install/hello_moveit/share/colcon-core/packages/hello_moveit)
[11.949s] Level 1:colcon.colcon_core.environment:create_environment_scripts_only(hello_moveit)
[11.962s] Level 1:colcon.colcon_core.environment:checking '/home/alex/ws_moveit2/src/hello_moveit/install/hello_moveit' for CMake module files
[11.963s] Level 1:colcon.colcon_core.environment:checking '/home/alex/ws_moveit2/src/hello_moveit/install/hello_moveit' for CMake config files
[11.963s] Level 1:colcon.colcon_core.shell:create_environment_hook('hello_moveit', 'cmake_prefix_path')
[11.977s] INFO:colcon.colcon_core.shell:Creating environment hook '/home/alex/ws_moveit2/src/hello_moveit/install/hello_moveit/share/hello_moveit/hook/cmake_prefix_path.ps1'
[11.978s] INFO:colcon.colcon_core.shell:Creating environment descriptor '/home/alex/ws_moveit2/src/hello_moveit/install/hello_moveit/share/hello_moveit/hook/cmake_prefix_path.dsv'
[11.978s] INFO:colcon.colcon_core.shell:Creating environment hook '/home/alex/ws_moveit2/src/hello_moveit/install/hello_moveit/share/hello_moveit/hook/cmake_prefix_path.sh'
[11.978s] Level 1:colcon.colcon_core.environment:checking '/home/alex/ws_moveit2/src/hello_moveit/install/hello_moveit/lib'
[11.979s] Level 1:colcon.colcon_core.environment:checking '/home/alex/ws_moveit2/src/hello_moveit/install/hello_moveit/bin'
[11.979s] Level 1:colcon.colcon_core.environment:checking '/home/alex/ws_moveit2/src/hello_moveit/install/hello_moveit/lib/pkgconfig/hello_moveit.pc'
[11.979s] Level 1:colcon.colcon_core.environment:checking '/home/alex/ws_moveit2/src/hello_moveit/install/hello_moveit/lib/python3.10/site-packages'
[11.979s] Level 1:colcon.colcon_core.environment:checking '/home/alex/ws_moveit2/src/hello_moveit/install/hello_moveit/bin'
[11.993s] INFO:colcon.colcon_core.shell:Creating package script '/home/alex/ws_moveit2/src/hello_moveit/install/hello_moveit/share/hello_moveit/package.ps1'
[11.993s] INFO:colcon.colcon_core.shell:Creating package descriptor '/home/alex/ws_moveit2/src/hello_moveit/install/hello_moveit/share/hello_moveit/package.dsv'
[11.993s] INFO:colcon.colcon_core.shell:Creating package script '/home/alex/ws_moveit2/src/hello_moveit/install/hello_moveit/share/hello_moveit/package.sh'
[11.994s] INFO:colcon.colcon_core.shell:Creating package script '/home/alex/ws_moveit2/src/hello_moveit/install/hello_moveit/share/hello_moveit/package.bash'
[11.994s] INFO:colcon.colcon_core.shell:Creating package script '/home/alex/ws_moveit2/src/hello_moveit/install/hello_moveit/share/hello_moveit/package.zsh'
[11.994s] Level 1:colcon.colcon_core.environment:create_file_with_runtime_dependencies(/home/alex/ws_moveit2/src/hello_moveit/install/hello_moveit/share/colcon-core/packages/hello_moveit)
[11.995s] DEBUG:colcon.colcon_parallel_executor.executor.parallel:closing loop
[11.995s] DEBUG:colcon.colcon_parallel_executor.executor.parallel:loop closed
[11.995s] DEBUG:colcon.colcon_parallel_executor.executor.parallel:run_until_complete finished with '0'
[11.995s] DEBUG:colcon.colcon_core.event_reactor:joining thread
[12.014s] INFO:colcon.colcon_core.plugin_system:Skipping extension 'colcon_notification.desktop_notification.terminal_notifier': Not used on non-Darwin systems
[12.014s] INFO:colcon.colcon_core.plugin_system:Skipping extension 'colcon_notification.desktop_notification.win32': Not used on non-Windows systems
[12.014s] INFO:colcon.colcon_notification.desktop_notification:Sending desktop notification using 'notify2'
[12.025s] DEBUG:colcon.colcon_core.event_reactor:joined thread
[12.039s] INFO:colcon.colcon_core.shell:Creating prefix script '/home/alex/ws_moveit2/src/hello_moveit/install/local_setup.ps1'
[12.040s] INFO:colcon.colcon_core.shell:Creating prefix util module '/home/alex/ws_moveit2/src/hello_moveit/install/_local_setup_util_ps1.py'
[12.040s] INFO:colcon.colcon_core.shell:Creating prefix chain script '/home/alex/ws_moveit2/src/hello_moveit/install/setup.ps1'
[12.057s] INFO:colcon.colcon_core.shell:Creating prefix script '/home/alex/ws_moveit2/src/hello_moveit/install/local_setup.sh'
[12.057s] INFO:colcon.colcon_core.shell:Creating prefix util module '/home/alex/ws_moveit2/src/hello_moveit/install/_local_setup_util_sh.py'
[12.058s] INFO:colcon.colcon_core.shell:Creating prefix chain script '/home/alex/ws_moveit2/src/hello_moveit/install/setup.sh'
[12.075s] INFO:colcon.colcon_core.shell:Creating prefix script '/home/alex/ws_moveit2/src/hello_moveit/install/local_setup.bash'
[12.075s] INFO:colcon.colcon_core.shell:Creating prefix chain script '/home/alex/ws_moveit2/src/hello_moveit/install/setup.bash'
[12.091s] INFO:colcon.colcon_core.shell:Creating prefix script '/home/alex/ws_moveit2/src/hello_moveit/install/local_setup.zsh'
[12.092s] INFO:colcon.colcon_core.shell:Creating prefix chain script '/home/alex/ws_moveit2/src/hello_moveit/install/setup.zsh'
