[0.045s] Invoking command in '/home/autopilot/ws/restackcell/ws_moveit2/build/opcua_interfaces': CMAKE_PREFIX_PATH=/home/autopilot/ws/restackcell/ws_moveit2/install/robo_planner:/home/autopilot/ws/restackcell/ws_moveit2/install/pcl_segmentation:/home/autopilot/ws/restackcell/ws_moveit2/install/moveit_backend:/home/autopilot/ws/restackcell/ws_moveit2/install/mockup_robot:/home/autopilot/ws/restackcell/ws_moveit2/install/robo_planner_py:/home/autopilot/ws/restackcell/ws_moveit2/install/grid_snapper:/home/autopilot/ws/restackcell/ws_moveit2/install/opcua_client:/home/autopilot/ws/restackcell/ws_moveit2/install/interface_opcua:/opt/ros/humble:/home/autopilot/ws/restackcell/ws_moveit2/install/wzlscheduler_interfaces:/home/autopilot/ws/restackcell/ws_moveit2/install/ur_pilz:/home/autopilot/ws/restackcell/ws_moveit2/install/robo_planner_msgs:/home/autopilot/ws/restackcell/ws_moveit2/install/opcua_interfaces:/home/autopilot/ws/restackcell/ws_moveit2/install/custom_ur_moveit_config:/home/autopilot/ws/restackcell/ws_moveit2/install/custom_ur_description /usr/bin/cmake --build /home/autopilot/ws/restackcell/ws_moveit2/build/opcua_interfaces -- -j8 -l8
[0.969s] [  2%] Built target opcua_interfaces__cpp
[0.969s] [ 12%] Built target opcua_interfaces__rosidl_generator_c
[0.970s] [ 12%] Built target ament_cmake_python_copy_opcua_interfaces
[0.970s] [ 23%] Built target opcua_interfaces__rosidl_typesupport_introspection_cpp
[0.970s] [ 34%] Built target opcua_interfaces__rosidl_typesupport_cpp
[0.970s] [ 46%] Built target opcua_interfaces__rosidl_typesupport_fastrtps_cpp
[0.970s] [ 55%] Built target opcua_interfaces__rosidl_typesupport_fastrtps_c
[0.970s] [ 65%] Built target opcua_interfaces__rosidl_typesupport_introspection_c
[0.970s] [ 76%] Built target opcua_interfaces__rosidl_typesupport_c
[0.970s] [ 76%] Built target opcua_interfaces
[0.970s] [ 78%] Built target opcua_interfaces__py
[0.970s] [ 87%] Built target opcua_interfaces__rosidl_generator_py
[0.971s] [ 91%] Built target opcua_interfaces__rosidl_typesupport_introspection_c__pyext
[0.971s] [ 95%] Built target opcua_interfaces__rosidl_typesupport_fastrtps_c__pyext
[0.971s] [100%] Built target opcua_interfaces__rosidl_typesupport_c__pyext
[1.374s] running egg_info
[1.385s] writing opcua_interfaces.egg-info/PKG-INFO
[1.386s] writing dependency_links to opcua_interfaces.egg-info/dependency_links.txt
[1.386s] writing top-level names to opcua_interfaces.egg-info/top_level.txt
[1.396s] reading manifest file 'opcua_interfaces.egg-info/SOURCES.txt'
[1.406s] writing manifest file 'opcua_interfaces.egg-info/SOURCES.txt'
[1.534s] [100%] Built target ament_cmake_python_build_opcua_interfaces_egg
[1.584s] Invoked command in '/home/autopilot/ws/restackcell/ws_moveit2/build/opcua_interfaces' returned '0': CMAKE_PREFIX_PATH=/home/autopilot/ws/restackcell/ws_moveit2/install/robo_planner:/home/autopilot/ws/restackcell/ws_moveit2/install/pcl_segmentation:/home/autopilot/ws/restackcell/ws_moveit2/install/moveit_backend:/home/autopilot/ws/restackcell/ws_moveit2/install/mockup_robot:/home/autopilot/ws/restackcell/ws_moveit2/install/robo_planner_py:/home/autopilot/ws/restackcell/ws_moveit2/install/grid_snapper:/home/autopilot/ws/restackcell/ws_moveit2/install/opcua_client:/home/autopilot/ws/restackcell/ws_moveit2/install/interface_opcua:/opt/ros/humble:/home/autopilot/ws/restackcell/ws_moveit2/install/wzlscheduler_interfaces:/home/autopilot/ws/restackcell/ws_moveit2/install/ur_pilz:/home/autopilot/ws/restackcell/ws_moveit2/install/robo_planner_msgs:/home/autopilot/ws/restackcell/ws_moveit2/install/opcua_interfaces:/home/autopilot/ws/restackcell/ws_moveit2/install/custom_ur_moveit_config:/home/autopilot/ws/restackcell/ws_moveit2/install/custom_ur_description /usr/bin/cmake --build /home/autopilot/ws/restackcell/ws_moveit2/build/opcua_interfaces -- -j8 -l8
[2.119s] Invoking command in '/home/autopilot/ws/restackcell/ws_moveit2/build/opcua_interfaces': CMAKE_PREFIX_PATH=/home/autopilot/ws/restackcell/ws_moveit2/install/robo_planner:/home/autopilot/ws/restackcell/ws_moveit2/install/pcl_segmentation:/home/autopilot/ws/restackcell/ws_moveit2/install/moveit_backend:/home/autopilot/ws/restackcell/ws_moveit2/install/mockup_robot:/home/autopilot/ws/restackcell/ws_moveit2/install/robo_planner_py:/home/autopilot/ws/restackcell/ws_moveit2/install/grid_snapper:/home/autopilot/ws/restackcell/ws_moveit2/install/opcua_client:/home/autopilot/ws/restackcell/ws_moveit2/install/interface_opcua:/opt/ros/humble:/home/autopilot/ws/restackcell/ws_moveit2/install/wzlscheduler_interfaces:/home/autopilot/ws/restackcell/ws_moveit2/install/ur_pilz:/home/autopilot/ws/restackcell/ws_moveit2/install/robo_planner_msgs:/home/autopilot/ws/restackcell/ws_moveit2/install/opcua_interfaces:/home/autopilot/ws/restackcell/ws_moveit2/install/custom_ur_moveit_config:/home/autopilot/ws/restackcell/ws_moveit2/install/custom_ur_description /usr/bin/cmake --install /home/autopilot/ws/restackcell/ws_moveit2/build/opcua_interfaces
[2.137s] -- Install configuration: ""
[2.138s] -- Up-to-date: /home/autopilot/ws/restackcell/ws_moveit2/install/opcua_interfaces/share/ament_index/resource_index/rosidl_interfaces/opcua_interfaces
[2.139s] -- Up-to-date: /home/autopilot/ws/restackcell/ws_moveit2/install/opcua_interfaces/include/opcua_interfaces/opcua_interfaces
[2.140s] -- Up-to-date: /home/autopilot/ws/restackcell/ws_moveit2/install/opcua_interfaces/include/opcua_interfaces/opcua_interfaces/msg
[2.140s] -- Up-to-date: /home/autopilot/ws/restackcell/ws_moveit2/install/opcua_interfaces/include/opcua_interfaces/opcua_interfaces/msg/actuator_read.h
[2.140s] -- Up-to-date: /home/autopilot/ws/restackcell/ws_moveit2/install/opcua_interfaces/include/opcua_interfaces/opcua_interfaces/msg/rosidl_generator_c__visibility_control.h
[2.140s] -- Up-to-date: /home/autopilot/ws/restackcell/ws_moveit2/install/opcua_interfaces/include/opcua_interfaces/opcua_interfaces/msg/detail
[2.140s] -- Up-to-date: /home/autopilot/ws/restackcell/ws_moveit2/install/opcua_interfaces/include/opcua_interfaces/opcua_interfaces/msg/detail/actuator_read__functions.h
[2.140s] -- Up-to-date: /home/autopilot/ws/restackcell/ws_moveit2/install/opcua_interfaces/include/opcua_interfaces/opcua_interfaces/msg/detail/actuator_read__type_support.h
[2.140s] -- Up-to-date: /home/autopilot/ws/restackcell/ws_moveit2/install/opcua_interfaces/include/opcua_interfaces/opcua_interfaces/msg/detail/actuator_read__functions.c
[2.140s] -- Up-to-date: /home/autopilot/ws/restackcell/ws_moveit2/install/opcua_interfaces/include/opcua_interfaces/opcua_interfaces/msg/detail/actuator_read_request__struct.h
[2.141s] -- Up-to-date: /home/autopilot/ws/restackcell/ws_moveit2/install/opcua_interfaces/include/opcua_interfaces/opcua_interfaces/msg/detail/actuator_read_request__functions.h
[2.141s] -- Up-to-date: /home/autopilot/ws/restackcell/ws_moveit2/install/opcua_interfaces/include/opcua_interfaces/opcua_interfaces/msg/detail/actuator_write__functions.h
[2.141s] -- Up-to-date: /home/autopilot/ws/restackcell/ws_moveit2/install/opcua_interfaces/include/opcua_interfaces/opcua_interfaces/msg/detail/actuator_write__functions.c
[2.141s] -- Up-to-date: /home/autopilot/ws/restackcell/ws_moveit2/install/opcua_interfaces/include/opcua_interfaces/opcua_interfaces/msg/detail/actuator_write__type_support.h
[2.141s] -- Up-to-date: /home/autopilot/ws/restackcell/ws_moveit2/install/opcua_interfaces/include/opcua_interfaces/opcua_interfaces/msg/detail/actuator_read_request__functions.c
[2.141s] -- Up-to-date: /home/autopilot/ws/restackcell/ws_moveit2/install/opcua_interfaces/include/opcua_interfaces/opcua_interfaces/msg/detail/actuator_read_request__type_support.h
[2.141s] -- Up-to-date: /home/autopilot/ws/restackcell/ws_moveit2/install/opcua_interfaces/include/opcua_interfaces/opcua_interfaces/msg/detail/actuator_read__struct.h
[2.141s] -- Up-to-date: /home/autopilot/ws/restackcell/ws_moveit2/install/opcua_interfaces/include/opcua_interfaces/opcua_interfaces/msg/detail/actuator_write__struct.h
[2.142s] -- Up-to-date: /home/autopilot/ws/restackcell/ws_moveit2/install/opcua_interfaces/include/opcua_interfaces/opcua_interfaces/msg/actuator_write.h
[2.142s] -- Up-to-date: /home/autopilot/ws/restackcell/ws_moveit2/install/opcua_interfaces/include/opcua_interfaces/opcua_interfaces/msg/actuator_read_request.h
[2.142s] -- Up-to-date: /home/autopilot/ws/restackcell/ws_moveit2/install/opcua_interfaces/share/opcua_interfaces/environment/library_path.sh
[2.142s] -- Up-to-date: /home/autopilot/ws/restackcell/ws_moveit2/install/opcua_interfaces/share/opcua_interfaces/environment/library_path.dsv
[2.142s] -- Up-to-date: /home/autopilot/ws/restackcell/ws_moveit2/install/opcua_interfaces/lib/libopcua_interfaces__rosidl_generator_c.so
[2.142s] -- Up-to-date: /home/autopilot/ws/restackcell/ws_moveit2/install/opcua_interfaces/include/opcua_interfaces/opcua_interfaces
[2.142s] -- Up-to-date: /home/autopilot/ws/restackcell/ws_moveit2/install/opcua_interfaces/include/opcua_interfaces/opcua_interfaces/msg
[2.143s] -- Up-to-date: /home/autopilot/ws/restackcell/ws_moveit2/install/opcua_interfaces/include/opcua_interfaces/opcua_interfaces/msg/rosidl_typesupport_fastrtps_c__visibility_control.h
[2.143s] -- Up-to-date: /home/autopilot/ws/restackcell/ws_moveit2/install/opcua_interfaces/include/opcua_interfaces/opcua_interfaces/msg/detail
[2.143s] -- Up-to-date: /home/autopilot/ws/restackcell/ws_moveit2/install/opcua_interfaces/include/opcua_interfaces/opcua_interfaces/msg/detail/actuator_read_request__rosidl_typesupport_fastrtps_c.h
[2.143s] -- Up-to-date: /home/autopilot/ws/restackcell/ws_moveit2/install/opcua_interfaces/include/opcua_interfaces/opcua_interfaces/msg/detail/actuator_read__rosidl_typesupport_fastrtps_c.h
[2.143s] -- Up-to-date: /home/autopilot/ws/restackcell/ws_moveit2/install/opcua_interfaces/include/opcua_interfaces/opcua_interfaces/msg/detail/actuator_write__rosidl_typesupport_fastrtps_c.h
[2.155s] -- Up-to-date: /home/autopilot/ws/restackcell/ws_moveit2/install/opcua_interfaces/lib/libopcua_interfaces__rosidl_typesupport_fastrtps_c.so
[2.155s] -- Up-to-date: /home/autopilot/ws/restackcell/ws_moveit2/install/opcua_interfaces/include/opcua_interfaces/opcua_interfaces
[2.156s] -- Up-to-date: /home/autopilot/ws/restackcell/ws_moveit2/install/opcua_interfaces/include/opcua_interfaces/opcua_interfaces/msg
[2.156s] -- Up-to-date: /home/autopilot/ws/restackcell/ws_moveit2/install/opcua_interfaces/include/opcua_interfaces/opcua_interfaces/msg/rosidl_typesupport_introspection_c__visibility_control.h
[2.159s] -- Up-to-date: /home/autopilot/ws/restackcell/ws_moveit2/install/opcua_interfaces/include/opcua_interfaces/opcua_interfaces/msg/detail
[2.159s] -- Up-to-date: /home/autopilot/ws/restackcell/ws_moveit2/install/opcua_interfaces/include/opcua_interfaces/opcua_interfaces/msg/detail/actuator_write__type_support.c
[2.159s] -- Up-to-date: /home/autopilot/ws/restackcell/ws_moveit2/install/opcua_interfaces/include/opcua_interfaces/opcua_interfaces/msg/detail/actuator_read_request__type_support.c
[2.160s] -- Up-to-date: /home/autopilot/ws/restackcell/ws_moveit2/install/opcua_interfaces/include/opcua_interfaces/opcua_interfaces/msg/detail/actuator_write__rosidl_typesupport_introspection_c.h
[2.160s] -- Up-to-date: /home/autopilot/ws/restackcell/ws_moveit2/install/opcua_interfaces/include/opcua_interfaces/opcua_interfaces/msg/detail/actuator_read_request__rosidl_typesupport_introspection_c.h
[2.160s] -- Up-to-date: /home/autopilot/ws/restackcell/ws_moveit2/install/opcua_interfaces/include/opcua_interfaces/opcua_interfaces/msg/detail/actuator_read__rosidl_typesupport_introspection_c.h
[2.161s] -- Up-to-date: /home/autopilot/ws/restackcell/ws_moveit2/install/opcua_interfaces/include/opcua_interfaces/opcua_interfaces/msg/detail/actuator_read__type_support.c
[2.161s] -- Up-to-date: /home/autopilot/ws/restackcell/ws_moveit2/install/opcua_interfaces/lib/libopcua_interfaces__rosidl_typesupport_introspection_c.so
[2.162s] -- Up-to-date: /home/autopilot/ws/restackcell/ws_moveit2/install/opcua_interfaces/lib/libopcua_interfaces__rosidl_typesupport_c.so
[2.162s] -- Up-to-date: /home/autopilot/ws/restackcell/ws_moveit2/install/opcua_interfaces/include/opcua_interfaces/opcua_interfaces
[2.163s] -- Up-to-date: /home/autopilot/ws/restackcell/ws_moveit2/install/opcua_interfaces/include/opcua_interfaces/opcua_interfaces/msg
[2.163s] -- Up-to-date: /home/autopilot/ws/restackcell/ws_moveit2/install/opcua_interfaces/include/opcua_interfaces/opcua_interfaces/msg/actuator_read_request.hpp
[2.164s] -- Up-to-date: /home/autopilot/ws/restackcell/ws_moveit2/install/opcua_interfaces/include/opcua_interfaces/opcua_interfaces/msg/actuator_read.hpp
[2.164s] -- Up-to-date: /home/autopilot/ws/restackcell/ws_moveit2/install/opcua_interfaces/include/opcua_interfaces/opcua_interfaces/msg/detail
[2.165s] -- Up-to-date: /home/autopilot/ws/restackcell/ws_moveit2/install/opcua_interfaces/include/opcua_interfaces/opcua_interfaces/msg/detail/actuator_write__struct.hpp
[2.165s] -- Up-to-date: /home/autopilot/ws/restackcell/ws_moveit2/install/opcua_interfaces/include/opcua_interfaces/opcua_interfaces/msg/detail/actuator_read_request__traits.hpp
[2.165s] -- Up-to-date: /home/autopilot/ws/restackcell/ws_moveit2/install/opcua_interfaces/include/opcua_interfaces/opcua_interfaces/msg/detail/actuator_read__traits.hpp
[2.165s] -- Up-to-date: /home/autopilot/ws/restackcell/ws_moveit2/install/opcua_interfaces/include/opcua_interfaces/opcua_interfaces/msg/detail/actuator_write__builder.hpp
[2.165s] -- Up-to-date: /home/autopilot/ws/restackcell/ws_moveit2/install/opcua_interfaces/include/opcua_interfaces/opcua_interfaces/msg/detail/actuator_read_request__builder.hpp
[2.166s] -- Up-to-date: /home/autopilot/ws/restackcell/ws_moveit2/install/opcua_interfaces/include/opcua_interfaces/opcua_interfaces/msg/detail/actuator_read__struct.hpp
[2.166s] -- Up-to-date: /home/autopilot/ws/restackcell/ws_moveit2/install/opcua_interfaces/include/opcua_interfaces/opcua_interfaces/msg/detail/actuator_read_request__struct.hpp
[2.166s] -- Up-to-date: /home/autopilot/ws/restackcell/ws_moveit2/install/opcua_interfaces/include/opcua_interfaces/opcua_interfaces/msg/detail/actuator_write__traits.hpp
[2.166s] -- Up-to-date: /home/autopilot/ws/restackcell/ws_moveit2/install/opcua_interfaces/include/opcua_interfaces/opcua_interfaces/msg/detail/actuator_read__builder.hpp
[2.166s] -- Up-to-date: /home/autopilot/ws/restackcell/ws_moveit2/install/opcua_interfaces/include/opcua_interfaces/opcua_interfaces/msg/actuator_write.hpp
[2.167s] -- Up-to-date: /home/autopilot/ws/restackcell/ws_moveit2/install/opcua_interfaces/include/opcua_interfaces/opcua_interfaces
[2.168s] -- Up-to-date: /home/autopilot/ws/restackcell/ws_moveit2/install/opcua_interfaces/include/opcua_interfaces/opcua_interfaces/msg
[2.168s] -- Up-to-date: /home/autopilot/ws/restackcell/ws_moveit2/install/opcua_interfaces/include/opcua_interfaces/opcua_interfaces/msg/rosidl_typesupport_fastrtps_cpp__visibility_control.h
[2.168s] -- Up-to-date: /home/autopilot/ws/restackcell/ws_moveit2/install/opcua_interfaces/include/opcua_interfaces/opcua_interfaces/msg/detail
[2.168s] -- Up-to-date: /home/autopilot/ws/restackcell/ws_moveit2/install/opcua_interfaces/include/opcua_interfaces/opcua_interfaces/msg/detail/actuator_read_request__rosidl_typesupport_fastrtps_cpp.hpp
[2.169s] -- Up-to-date: /home/autopilot/ws/restackcell/ws_moveit2/install/opcua_interfaces/include/opcua_interfaces/opcua_interfaces/msg/detail/actuator_read__rosidl_typesupport_fastrtps_cpp.hpp
[2.169s] -- Up-to-date: /home/autopilot/ws/restackcell/ws_moveit2/install/opcua_interfaces/include/opcua_interfaces/opcua_interfaces/msg/detail/dds_fastrtps
[2.169s] -- Up-to-date: /home/autopilot/ws/restackcell/ws_moveit2/install/opcua_interfaces/include/opcua_interfaces/opcua_interfaces/msg/detail/actuator_write__rosidl_typesupport_fastrtps_cpp.hpp
[2.169s] -- Up-to-date: /home/autopilot/ws/restackcell/ws_moveit2/install/opcua_interfaces/lib/libopcua_interfaces__rosidl_typesupport_fastrtps_cpp.so
[2.169s] -- Up-to-date: /home/autopilot/ws/restackcell/ws_moveit2/install/opcua_interfaces/include/opcua_interfaces/opcua_interfaces
[2.169s] -- Up-to-date: /home/autopilot/ws/restackcell/ws_moveit2/install/opcua_interfaces/include/opcua_interfaces/opcua_interfaces/msg
[2.169s] -- Up-to-date: /home/autopilot/ws/restackcell/ws_moveit2/install/opcua_interfaces/include/opcua_interfaces/opcua_interfaces/msg/detail
[2.170s] -- Up-to-date: /home/autopilot/ws/restackcell/ws_moveit2/install/opcua_interfaces/include/opcua_interfaces/opcua_interfaces/msg/detail/actuator_read__type_support.cpp
[2.170s] -- Up-to-date: /home/autopilot/ws/restackcell/ws_moveit2/install/opcua_interfaces/include/opcua_interfaces/opcua_interfaces/msg/detail/actuator_read_request__rosidl_typesupport_introspection_cpp.hpp
[2.170s] -- Up-to-date: /home/autopilot/ws/restackcell/ws_moveit2/install/opcua_interfaces/include/opcua_interfaces/opcua_interfaces/msg/detail/actuator_write__rosidl_typesupport_introspection_cpp.hpp
[2.170s] -- Up-to-date: /home/autopilot/ws/restackcell/ws_moveit2/install/opcua_interfaces/include/opcua_interfaces/opcua_interfaces/msg/detail/actuator_read_request__type_support.cpp
[2.170s] -- Up-to-date: /home/autopilot/ws/restackcell/ws_moveit2/install/opcua_interfaces/include/opcua_interfaces/opcua_interfaces/msg/detail/actuator_write__type_support.cpp
[2.171s] -- Up-to-date: /home/autopilot/ws/restackcell/ws_moveit2/install/opcua_interfaces/include/opcua_interfaces/opcua_interfaces/msg/detail/actuator_read__rosidl_typesupport_introspection_cpp.hpp
[2.171s] -- Up-to-date: /home/autopilot/ws/restackcell/ws_moveit2/install/opcua_interfaces/lib/libopcua_interfaces__rosidl_typesupport_introspection_cpp.so
[2.171s] -- Up-to-date: /home/autopilot/ws/restackcell/ws_moveit2/install/opcua_interfaces/lib/libopcua_interfaces__rosidl_typesupport_cpp.so
[2.171s] -- Up-to-date: /home/autopilot/ws/restackcell/ws_moveit2/install/opcua_interfaces/share/opcua_interfaces/environment/pythonpath.sh
[2.171s] -- Up-to-date: /home/autopilot/ws/restackcell/ws_moveit2/install/opcua_interfaces/share/opcua_interfaces/environment/pythonpath.dsv
[2.171s] -- Up-to-date: /home/autopilot/ws/restackcell/ws_moveit2/install/opcua_interfaces/local/lib/python3.10/dist-packages/opcua_interfaces-0.0.0-py3.10.egg-info
[2.171s] -- Installing: /home/autopilot/ws/restackcell/ws_moveit2/install/opcua_interfaces/local/lib/python3.10/dist-packages/opcua_interfaces-0.0.0-py3.10.egg-info/SOURCES.txt
[2.172s] -- Installing: /home/autopilot/ws/restackcell/ws_moveit2/install/opcua_interfaces/local/lib/python3.10/dist-packages/opcua_interfaces-0.0.0-py3.10.egg-info/PKG-INFO
[2.172s] -- Installing: /home/autopilot/ws/restackcell/ws_moveit2/install/opcua_interfaces/local/lib/python3.10/dist-packages/opcua_interfaces-0.0.0-py3.10.egg-info/top_level.txt
[2.172s] -- Installing: /home/autopilot/ws/restackcell/ws_moveit2/install/opcua_interfaces/local/lib/python3.10/dist-packages/opcua_interfaces-0.0.0-py3.10.egg-info/dependency_links.txt
[2.172s] -- Up-to-date: /home/autopilot/ws/restackcell/ws_moveit2/install/opcua_interfaces/local/lib/python3.10/dist-packages/opcua_interfaces
[2.172s] -- Up-to-date: /home/autopilot/ws/restackcell/ws_moveit2/install/opcua_interfaces/local/lib/python3.10/dist-packages/opcua_interfaces/_opcua_interfaces_s.ep.rosidl_typesupport_fastrtps_c.c
[2.173s] -- Up-to-date: /home/autopilot/ws/restackcell/ws_moveit2/install/opcua_interfaces/local/lib/python3.10/dist-packages/opcua_interfaces/__init__.py
[2.173s] -- Up-to-date: /home/autopilot/ws/restackcell/ws_moveit2/install/opcua_interfaces/local/lib/python3.10/dist-packages/opcua_interfaces/msg
[2.173s] -- Up-to-date: /home/autopilot/ws/restackcell/ws_moveit2/install/opcua_interfaces/local/lib/python3.10/dist-packages/opcua_interfaces/msg/_actuator_read_request_s.c
[2.173s] -- Up-to-date: /home/autopilot/ws/restackcell/ws_moveit2/install/opcua_interfaces/local/lib/python3.10/dist-packages/opcua_interfaces/msg/_actuator_write_s.c
[2.173s] -- Up-to-date: /home/autopilot/ws/restackcell/ws_moveit2/install/opcua_interfaces/local/lib/python3.10/dist-packages/opcua_interfaces/msg/__init__.py
[2.173s] -- Up-to-date: /home/autopilot/ws/restackcell/ws_moveit2/install/opcua_interfaces/local/lib/python3.10/dist-packages/opcua_interfaces/msg/_actuator_write.py
[2.173s] -- Up-to-date: /home/autopilot/ws/restackcell/ws_moveit2/install/opcua_interfaces/local/lib/python3.10/dist-packages/opcua_interfaces/msg/_actuator_read_request.py
[2.173s] -- Up-to-date: /home/autopilot/ws/restackcell/ws_moveit2/install/opcua_interfaces/local/lib/python3.10/dist-packages/opcua_interfaces/msg/_actuator_read.py
[2.174s] -- Up-to-date: /home/autopilot/ws/restackcell/ws_moveit2/install/opcua_interfaces/local/lib/python3.10/dist-packages/opcua_interfaces/msg/_actuator_read_s.c
[2.174s] -- Up-to-date: /home/autopilot/ws/restackcell/ws_moveit2/install/opcua_interfaces/local/lib/python3.10/dist-packages/opcua_interfaces/_opcua_interfaces_s.ep.rosidl_typesupport_introspection_c.c
[2.174s] -- Up-to-date: /home/autopilot/ws/restackcell/ws_moveit2/install/opcua_interfaces/local/lib/python3.10/dist-packages/opcua_interfaces/_opcua_interfaces_s.ep.rosidl_typesupport_c.c
[2.174s] -- Up-to-date: /home/autopilot/ws/restackcell/ws_moveit2/install/opcua_interfaces/local/lib/python3.10/dist-packages/opcua_interfaces/opcua_interfaces_s__rosidl_typesupport_introspection_c.cpython-310-aarch64-linux-gnu.so
[2.174s] -- Up-to-date: /home/autopilot/ws/restackcell/ws_moveit2/install/opcua_interfaces/local/lib/python3.10/dist-packages/opcua_interfaces/opcua_interfaces_s__rosidl_typesupport_c.cpython-310-aarch64-linux-gnu.so
[2.174s] -- Up-to-date: /home/autopilot/ws/restackcell/ws_moveit2/install/opcua_interfaces/local/lib/python3.10/dist-packages/opcua_interfaces/opcua_interfaces_s__rosidl_typesupport_fastrtps_c.cpython-310-aarch64-linux-gnu.so
[2.175s] -- Up-to-date: /home/autopilot/ws/restackcell/ws_moveit2/install/opcua_interfaces/local/lib/python3.10/dist-packages/opcua_interfaces/libopcua_interfaces__rosidl_generator_py.so
[2.267s] Listing '/home/autopilot/ws/restackcell/ws_moveit2/install/opcua_interfaces/local/lib/python3.10/dist-packages/opcua_interfaces'...
[2.267s] Listing '/home/autopilot/ws/restackcell/ws_moveit2/install/opcua_interfaces/local/lib/python3.10/dist-packages/opcua_interfaces/msg'...
[2.282s] -- Up-to-date: /home/autopilot/ws/restackcell/ws_moveit2/install/opcua_interfaces/local/lib/python3.10/dist-packages/opcua_interfaces/opcua_interfaces_s__rosidl_typesupport_fastrtps_c.cpython-310-aarch64-linux-gnu.so
[2.282s] -- Up-to-date: /home/autopilot/ws/restackcell/ws_moveit2/install/opcua_interfaces/local/lib/python3.10/dist-packages/opcua_interfaces/opcua_interfaces_s__rosidl_typesupport_introspection_c.cpython-310-aarch64-linux-gnu.so
[2.283s] -- Up-to-date: /home/autopilot/ws/restackcell/ws_moveit2/install/opcua_interfaces/local/lib/python3.10/dist-packages/opcua_interfaces/opcua_interfaces_s__rosidl_typesupport_c.cpython-310-aarch64-linux-gnu.so
[2.283s] -- Up-to-date: /home/autopilot/ws/restackcell/ws_moveit2/install/opcua_interfaces/lib/libopcua_interfaces__rosidl_generator_py.so
[2.284s] -- Up-to-date: /home/autopilot/ws/restackcell/ws_moveit2/install/opcua_interfaces/share/opcua_interfaces/msg/ActuatorWrite.idl
[2.284s] -- Up-to-date: /home/autopilot/ws/restackcell/ws_moveit2/install/opcua_interfaces/share/opcua_interfaces/msg/ActuatorRead.idl
[2.284s] -- Up-to-date: /home/autopilot/ws/restackcell/ws_moveit2/install/opcua_interfaces/share/opcua_interfaces/msg/ActuatorReadRequest.idl
[2.284s] -- Up-to-date: /home/autopilot/ws/restackcell/ws_moveit2/install/opcua_interfaces/share/opcua_interfaces/msg/ActuatorWrite.msg
[2.285s] -- Up-to-date: /home/autopilot/ws/restackcell/ws_moveit2/install/opcua_interfaces/share/opcua_interfaces/msg/ActuatorRead.msg
[2.285s] -- Up-to-date: /home/autopilot/ws/restackcell/ws_moveit2/install/opcua_interfaces/share/opcua_interfaces/msg/ActuatorReadRequest.msg
[2.285s] -- Up-to-date: /home/autopilot/ws/restackcell/ws_moveit2/install/opcua_interfaces/share/ament_index/resource_index/package_run_dependencies/opcua_interfaces
[2.285s] -- Up-to-date: /home/autopilot/ws/restackcell/ws_moveit2/install/opcua_interfaces/share/ament_index/resource_index/parent_prefix_path/opcua_interfaces
[2.285s] -- Up-to-date: /home/autopilot/ws/restackcell/ws_moveit2/install/opcua_interfaces/share/opcua_interfaces/environment/ament_prefix_path.sh
[2.286s] -- Up-to-date: /home/autopilot/ws/restackcell/ws_moveit2/install/opcua_interfaces/share/opcua_interfaces/environment/ament_prefix_path.dsv
[2.286s] -- Up-to-date: /home/autopilot/ws/restackcell/ws_moveit2/install/opcua_interfaces/share/opcua_interfaces/environment/path.sh
[2.286s] -- Up-to-date: /home/autopilot/ws/restackcell/ws_moveit2/install/opcua_interfaces/share/opcua_interfaces/environment/path.dsv
[2.287s] -- Up-to-date: /home/autopilot/ws/restackcell/ws_moveit2/install/opcua_interfaces/share/opcua_interfaces/local_setup.bash
[2.287s] -- Up-to-date: /home/autopilot/ws/restackcell/ws_moveit2/install/opcua_interfaces/share/opcua_interfaces/local_setup.sh
[2.287s] -- Up-to-date: /home/autopilot/ws/restackcell/ws_moveit2/install/opcua_interfaces/share/opcua_interfaces/local_setup.zsh
[2.287s] -- Up-to-date: /home/autopilot/ws/restackcell/ws_moveit2/install/opcua_interfaces/share/opcua_interfaces/local_setup.dsv
[2.288s] -- Installing: /home/autopilot/ws/restackcell/ws_moveit2/install/opcua_interfaces/share/opcua_interfaces/package.dsv
[2.288s] -- Up-to-date: /home/autopilot/ws/restackcell/ws_moveit2/install/opcua_interfaces/share/ament_index/resource_index/packages/opcua_interfaces
[2.288s] -- Up-to-date: /home/autopilot/ws/restackcell/ws_moveit2/install/opcua_interfaces/share/opcua_interfaces/cmake/export_opcua_interfaces__rosidl_generator_cExport.cmake
[2.288s] -- Up-to-date: /home/autopilot/ws/restackcell/ws_moveit2/install/opcua_interfaces/share/opcua_interfaces/cmake/export_opcua_interfaces__rosidl_generator_cExport-noconfig.cmake
[2.289s] -- Up-to-date: /home/autopilot/ws/restackcell/ws_moveit2/install/opcua_interfaces/share/opcua_interfaces/cmake/export_opcua_interfaces__rosidl_typesupport_fastrtps_cExport.cmake
[2.289s] -- Up-to-date: /home/autopilot/ws/restackcell/ws_moveit2/install/opcua_interfaces/share/opcua_interfaces/cmake/export_opcua_interfaces__rosidl_typesupport_fastrtps_cExport-noconfig.cmake
[2.289s] -- Up-to-date: /home/autopilot/ws/restackcell/ws_moveit2/install/opcua_interfaces/share/opcua_interfaces/cmake/opcua_interfaces__rosidl_typesupport_introspection_cExport.cmake
[2.289s] -- Up-to-date: /home/autopilot/ws/restackcell/ws_moveit2/install/opcua_interfaces/share/opcua_interfaces/cmake/opcua_interfaces__rosidl_typesupport_introspection_cExport-noconfig.cmake
[2.289s] -- Up-to-date: /home/autopilot/ws/restackcell/ws_moveit2/install/opcua_interfaces/share/opcua_interfaces/cmake/opcua_interfaces__rosidl_typesupport_cExport.cmake
[2.289s] -- Up-to-date: /home/autopilot/ws/restackcell/ws_moveit2/install/opcua_interfaces/share/opcua_interfaces/cmake/opcua_interfaces__rosidl_typesupport_cExport-noconfig.cmake
[2.290s] -- Up-to-date: /home/autopilot/ws/restackcell/ws_moveit2/install/opcua_interfaces/share/opcua_interfaces/cmake/export_opcua_interfaces__rosidl_generator_cppExport.cmake
[2.290s] -- Up-to-date: /home/autopilot/ws/restackcell/ws_moveit2/install/opcua_interfaces/share/opcua_interfaces/cmake/export_opcua_interfaces__rosidl_typesupport_fastrtps_cppExport.cmake
[2.290s] -- Up-to-date: /home/autopilot/ws/restackcell/ws_moveit2/install/opcua_interfaces/share/opcua_interfaces/cmake/export_opcua_interfaces__rosidl_typesupport_fastrtps_cppExport-noconfig.cmake
[2.290s] -- Up-to-date: /home/autopilot/ws/restackcell/ws_moveit2/install/opcua_interfaces/share/opcua_interfaces/cmake/opcua_interfaces__rosidl_typesupport_introspection_cppExport.cmake
[2.290s] -- Up-to-date: /home/autopilot/ws/restackcell/ws_moveit2/install/opcua_interfaces/share/opcua_interfaces/cmake/opcua_interfaces__rosidl_typesupport_introspection_cppExport-noconfig.cmake
[2.290s] -- Up-to-date: /home/autopilot/ws/restackcell/ws_moveit2/install/opcua_interfaces/share/opcua_interfaces/cmake/opcua_interfaces__rosidl_typesupport_cppExport.cmake
[2.290s] -- Up-to-date: /home/autopilot/ws/restackcell/ws_moveit2/install/opcua_interfaces/share/opcua_interfaces/cmake/opcua_interfaces__rosidl_typesupport_cppExport-noconfig.cmake
[2.290s] -- Up-to-date: /home/autopilot/ws/restackcell/ws_moveit2/install/opcua_interfaces/share/opcua_interfaces/cmake/export_opcua_interfaces__rosidl_generator_pyExport.cmake
[2.293s] -- Up-to-date: /home/autopilot/ws/restackcell/ws_moveit2/install/opcua_interfaces/share/opcua_interfaces/cmake/export_opcua_interfaces__rosidl_generator_pyExport-noconfig.cmake
[2.308s] -- Up-to-date: /home/autopilot/ws/restackcell/ws_moveit2/install/opcua_interfaces/share/opcua_interfaces/cmake/rosidl_cmake-extras.cmake
[2.308s] -- Up-to-date: /home/autopilot/ws/restackcell/ws_moveit2/install/opcua_interfaces/share/opcua_interfaces/cmake/ament_cmake_export_include_directories-extras.cmake
[2.308s] -- Up-to-date: /home/autopilot/ws/restackcell/ws_moveit2/install/opcua_interfaces/share/opcua_interfaces/cmake/ament_cmake_export_libraries-extras.cmake
[2.308s] -- Up-to-date: /home/autopilot/ws/restackcell/ws_moveit2/install/opcua_interfaces/share/opcua_interfaces/cmake/ament_cmake_export_targets-extras.cmake
[2.308s] -- Up-to-date: /home/autopilot/ws/restackcell/ws_moveit2/install/opcua_interfaces/share/opcua_interfaces/cmake/rosidl_cmake_export_typesupport_targets-extras.cmake
[2.308s] -- Up-to-date: /home/autopilot/ws/restackcell/ws_moveit2/install/opcua_interfaces/share/opcua_interfaces/cmake/ament_cmake_export_dependencies-extras.cmake
[2.309s] -- Up-to-date: /home/autopilot/ws/restackcell/ws_moveit2/install/opcua_interfaces/share/opcua_interfaces/cmake/rosidl_cmake_export_typesupport_libraries-extras.cmake
[2.309s] -- Up-to-date: /home/autopilot/ws/restackcell/ws_moveit2/install/opcua_interfaces/share/opcua_interfaces/cmake/opcua_interfacesConfig.cmake
[2.309s] -- Up-to-date: /home/autopilot/ws/restackcell/ws_moveit2/install/opcua_interfaces/share/opcua_interfaces/cmake/opcua_interfacesConfig-version.cmake
[2.309s] -- Up-to-date: /home/autopilot/ws/restackcell/ws_moveit2/install/opcua_interfaces/share/opcua_interfaces/package.xml
[2.309s] Invoked command in '/home/autopilot/ws/restackcell/ws_moveit2/build/opcua_interfaces' returned '0': CMAKE_PREFIX_PATH=/home/autopilot/ws/restackcell/ws_moveit2/install/robo_planner:/home/autopilot/ws/restackcell/ws_moveit2/install/pcl_segmentation:/home/autopilot/ws/restackcell/ws_moveit2/install/moveit_backend:/home/autopilot/ws/restackcell/ws_moveit2/install/mockup_robot:/home/autopilot/ws/restackcell/ws_moveit2/install/robo_planner_py:/home/autopilot/ws/restackcell/ws_moveit2/install/grid_snapper:/home/autopilot/ws/restackcell/ws_moveit2/install/opcua_client:/home/autopilot/ws/restackcell/ws_moveit2/install/interface_opcua:/opt/ros/humble:/home/autopilot/ws/restackcell/ws_moveit2/install/wzlscheduler_interfaces:/home/autopilot/ws/restackcell/ws_moveit2/install/ur_pilz:/home/autopilot/ws/restackcell/ws_moveit2/install/robo_planner_msgs:/home/autopilot/ws/restackcell/ws_moveit2/install/opcua_interfaces:/home/autopilot/ws/restackcell/ws_moveit2/install/custom_ur_moveit_config:/home/autopilot/ws/restackcell/ws_moveit2/install/custom_ur_description /usr/bin/cmake --install /home/autopilot/ws/restackcell/ws_moveit2/build/opcua_interfaces
