[0.021s] Invoking command in '/home/alex/restackcell/ws_moveit2/src/pcl_segmentation/build/pcl_segmentation': CMAKE_PREFIX_PATH=${CMAKE_PREFIX_PATH}:/home/alex/ws_moveit2/install/moveit_configs_utils:/home/alex/ws_moveit2/install/launch_param_builder:/opt/ros/humble /usr/bin/cmake /home/alex/restackcell/ws_moveit2/src/pcl_segmentation -DCMAKE_INSTALL_PREFIX=/home/alex/restackcell/ws_moveit2/src/pcl_segmentation/install/pcl_segmentation
[0.135s] -- The C compiler identification is GNU 11.4.0
[0.211s] -- The CXX compiler identification is GNU 11.4.0
[0.223s] -- Detecting C compiler ABI info
[0.337s] -- Detecting C compiler ABI info - done
[0.342s] -- Check for working C compiler: /usr/bin/cc - skipped
[0.343s] -- Detecting C compile features
[0.343s] -- Detecting C compile features - done
[0.347s] -- Detecting CXX compiler ABI info
[0.482s] -- Detecting CXX compiler ABI info - done
[0.489s] -- Check for working CXX compiler: /usr/bin/c++ - skipped
[0.489s] -- Detecting CXX compile features
[0.489s] -- Detecting CXX compile features - done
[0.505s] -- Found ament_cmake: 1.3.8 (/opt/ros/humble/share/ament_cmake/cmake)
[0.664s] -- Found Python3: /usr/bin/python3 (found version "3.10.12") found components: Interpreter 
[0.844s] -- Found sensor_msgs: 4.2.3 (/opt/ros/humble/share/sensor_msgs/cmake)
[0.950s] -- Found rosidl_generator_c: 3.1.5 (/opt/ros/humble/share/rosidl_generator_c/cmake)
[0.969s] -- Found rosidl_adapter: 3.1.5 (/opt/ros/humble/share/rosidl_adapter/cmake)
[0.992s] -- Found rosidl_generator_cpp: 3.1.5 (/opt/ros/humble/share/rosidl_generator_cpp/cmake)
[1.024s] -- Using all available rosidl_typesupport_c: rosidl_typesupport_fastrtps_c;rosidl_typesupport_introspection_c
[1.064s] -- Using all available rosidl_typesupport_cpp: rosidl_typesupport_fastrtps_cpp;rosidl_typesupport_introspection_cpp
[1.257s] -- Found rclcpp: 16.0.8 (/opt/ros/humble/share/rclcpp/cmake)
[1.374s] -- Found rmw_implementation_cmake: 6.1.1 (/opt/ros/humble/share/rmw_implementation_cmake/cmake)
[1.385s] -- Found rmw_fastrtps_cpp: 6.2.6 (/opt/ros/humble/share/rmw_fastrtps_cpp/cmake)
[1.573s] -- Found OpenSSL: /usr/lib/x86_64-linux-gnu/libcrypto.so (found version "3.0.2")  
[1.607s] -- Found FastRTPS: /opt/ros/humble/include  
[1.665s] -- Using RMW implementation 'rmw_fastrtps_cpp' as default
[1.694s] -- Looking for pthread.h
[1.790s] -- Looking for pthread.h - found
[1.791s] -- Performing Test CMAKE_HAVE_LIBC_PTHREAD
[1.889s] -- Performing Test CMAKE_HAVE_LIBC_PTHREAD - Success
[1.890s] -- Found Threads: TRUE  
[2.016s] -- Found visualization_msgs: 4.2.3 (/opt/ros/humble/share/visualization_msgs/cmake)
[2.111s] -- Found pcl_conversions: 2.4.0 (/opt/ros/humble/share/pcl_conversions/cmake)
[2.242s] -- Checking for module 'eigen3'
[2.268s] --   Found eigen3, version 3.4.0
[2.331s] -- Found Eigen: /usr/include/eigen3 (Required is at least version "3.1") 
[2.331s] -- Eigen found (include: /usr/include/eigen3, version: 3.4.0)
[2.398s] -- Found Boost: /usr/lib/x86_64-linux-gnu/cmake/Boost-1.74.0/BoostConfig.cmake (found suitable version "1.74.0", minimum required is "1.65.0") found components: system filesystem date_time iostreams serialization 
[2.503s] -- Checking for module 'libusb-1.0'
[2.528s] --   Found libusb-1.0, version 1.0.25
[2.590s] -- Found libusb: /usr/lib/x86_64-linux-gnu/libusb-1.0.so  
[2.591s] -- Found OpenNI: /usr/lib/libOpenNI.so;libusb::libusb (found version "1.5.4.0") 
[2.591s] -- OpenNI found (version: 1.5.4.0, include: /usr/include/ni, lib: /usr/lib/libOpenNI.so;libusb::libusb)
[2.692s] -- Found OpenNI2: /usr/lib/x86_64-linux-gnu/libOpenNI2.so;libusb::libusb (found version "2.2.0.33") 
[2.693s] -- OpenNI2 found (version: 2.2.0.33, include: /usr/include/openni2, lib: /usr/lib/x86_64-linux-gnu/libOpenNI2.so;libusb::libusb)
[2.693s] [0m** WARNING ** io features related to pcap will be disabled[0m
[2.693s] [0m** WARNING ** io features related to png will be disabled[0m
[2.721s] -- Found GLEW: /usr/lib/x86_64-linux-gnu/libGLEW.so  
[2.729s] -- Found OpenGL: /usr/lib/x86_64-linux-gnu/libOpenGL.so  found components: OpenGL GLX 
[2.927s] -- Found MPI_C: /usr/lib/x86_64-linux-gnu/libmpi.so (found version "3.1") 
[2.928s] -- Found MPI: TRUE (found version "3.1") found components: C 
[2.930s] -- Found JsonCpp: /usr/lib/x86_64-linux-gnu/libjsoncpp.so (found suitable version "1.9.5", minimum required is "0.7.0") 
[2.943s] -- Found ZLIB: /usr/lib/x86_64-linux-gnu/libz.so (found version "1.2.11") 
[2.958s] -- Found PNG: /usr/lib/x86_64-linux-gnu/libpng.so (found version "1.6.37") 
[2.982s] -- Found Eigen3: /usr/include/eigen3 (found version "3.4.0") 
[3.124s] -- Found X11: /usr/include   
[3.125s] -- Looking for XOpenDisplay in /usr/lib/x86_64-linux-gnu/libX11.so;/usr/lib/x86_64-linux-gnu/libXext.so
[3.225s] -- Looking for XOpenDisplay in /usr/lib/x86_64-linux-gnu/libX11.so;/usr/lib/x86_64-linux-gnu/libXext.so - found
[3.225s] -- Looking for gethostbyname
[3.321s] -- Looking for gethostbyname - found
[3.321s] -- Looking for connect
[3.415s] -- Looking for connect - found
[3.415s] -- Looking for remove
[3.510s] -- Looking for remove - found
[3.510s] -- Looking for shmat
[3.603s] -- Looking for shmat - found
[3.604s] -- Looking for IceConnectionNumber in ICE
[3.699s] -- Looking for IceConnectionNumber in ICE - found
[3.828s] -- Found EXPAT: /usr/lib/x86_64-linux-gnu/libexpat.so (found version "2.4.7") 
[3.830s] -- Found double-conversion: /usr/lib/x86_64-linux-gnu/libdouble-conversion.so  
[3.833s] -- Found LZ4: /usr/lib/x86_64-linux-gnu/liblz4.so (found version "1.9.3") 
[3.835s] -- Found LZMA: /usr/lib/x86_64-linux-gnu/liblzma.so (found version "5.2.5") 
[3.848s] -- Found JPEG: /usr/lib/x86_64-linux-gnu/libjpeg.so (found version "80") 
[3.853s] -- Found TIFF: /usr/lib/x86_64-linux-gnu/libtiff.so (found version "4.3.0")  
[3.857s] -- Found Freetype: /usr/lib/x86_64-linux-gnu/libfreetype.so (found version "2.11.1") 
[3.863s] -- Found utf8cpp: /usr/include/utf8cpp  
[3.895s] -- Eigen found (include: /usr/include/eigen3, version: 3.4.0)
[3.895s] -- looking for PCL_COMMON
[3.896s] -- Found PCL_COMMON: /usr/lib/x86_64-linux-gnu/libpcl_common.so  
[3.896s] -- looking for PCL_OCTREE
[3.896s] -- Found PCL_OCTREE: /usr/lib/x86_64-linux-gnu/libpcl_octree.so  
[3.896s] -- looking for PCL_IO
[3.897s] -- Found PCL_IO: /usr/lib/x86_64-linux-gnu/libpcl_io.so  
[3.897s] -- Found PCL: pcl_common;pcl_octree;pcl_io;Boost::system;Boost::filesystem;Boost::date_time;Boost::iostreams;Boost::serialization;/usr/lib/libOpenNI.so;libusb::libusb;/usr/lib/x86_64-linux-gnu/libOpenNI2.so;libusb::libusb;VTK::ChartsCore;VTK::CommonColor;VTK::CommonComputationalGeometry;VTK::CommonCore;VTK::CommonDataModel;VTK::CommonExecutionModel;VTK::CommonMath;VTK::CommonMisc;VTK::CommonTransforms;VTK::FiltersCore;VTK::FiltersExtraction;VTK::FiltersGeneral;VTK::FiltersGeometry;VTK::FiltersModeling;VTK::FiltersSources;VTK::ImagingCore;VTK::ImagingSources;VTK::InteractionImage;VTK::InteractionStyle;VTK::InteractionWidgets;VTK::IOCore;VTK::IOGeometry;VTK::IOImage;VTK::IOLegacy;VTK::IOPLY;VTK::RenderingAnnotation;VTK::RenderingCore;VTK::RenderingContext2D;VTK::RenderingLOD;VTK::RenderingFreeType;VTK::ViewsCore;VTK::ViewsContext2D;VTK::RenderingOpenGL2;VTK::GUISupportQt  
[3.898s] [33mCMake Warning (dev) at CMakeLists.txt:28 (find_package):
[3.898s]   Policy CMP0074 is not set: find_package uses <PackageName>_ROOT variables.
[3.898s]   Run "cmake --help-policy CMP0074" for policy details.  Use the cmake_policy
[3.898s]   command to set the policy and suppress this warning.
[3.898s] 
[3.898s]   CMake variable PCL_ROOT is set to:
[3.898s] 
[3.898s]     /usr
[3.898s] 
[3.898s]   For compatibility, CMake is ignoring the variable.
[3.898s] This warning is for project developers.  Use -Wno-dev to suppress it.
[3.898s] [0m
[3.927s] -- Checking for module 'flann'
[3.953s] --   Found flann, version 1.9.1
[4.026s] -- Found FLANN: /usr/lib/x86_64-linux-gnu/libflann_cpp.so  
[4.027s] -- FLANN found (include: /usr/include, lib: /usr/lib/x86_64-linux-gnu/libflann_cpp.so)
[4.164s] -- OpenNI found (version: 1.5.4.0, include: /usr/include/ni, lib: /usr/lib/libOpenNI.so;libusb::libusb)
[4.171s] -- OpenNI2 found (version: 2.2.0.33, include: /usr/include/openni2, lib: /usr/lib/x86_64-linux-gnu/libOpenNI2.so;libusb::libusb)
[4.319s] -- Found Qhull version 8.0.2
[4.458s] -- OpenNI found (version: 1.5.4.0, include: /usr/include/ni, lib: /usr/lib/libOpenNI.so;libusb::libusb)
[4.587s] -- looking for PCL_KDTREE
[4.588s] -- Found PCL_KDTREE: /usr/lib/x86_64-linux-gnu/libpcl_kdtree.so  
[4.588s] -- looking for PCL_SEARCH
[4.588s] -- Found PCL_SEARCH: /usr/lib/x86_64-linux-gnu/libpcl_search.so  
[4.589s] -- looking for PCL_SAMPLE_CONSENSUS
[4.589s] -- Found PCL_SAMPLE_CONSENSUS: /usr/lib/x86_64-linux-gnu/libpcl_sample_consensus.so  
[4.589s] -- looking for PCL_FILTERS
[4.590s] -- Found PCL_FILTERS: /usr/lib/x86_64-linux-gnu/libpcl_filters.so  
[4.590s] -- looking for PCL_2D
[4.590s] -- Found PCL_2D: /usr/include/pcl-1.12  
[4.590s] -- looking for PCL_GEOMETRY
[4.590s] -- Found PCL_GEOMETRY: /usr/include/pcl-1.12  
[4.590s] -- looking for PCL_FEATURES
[4.591s] -- Found PCL_FEATURES: /usr/lib/x86_64-linux-gnu/libpcl_features.so  
[4.591s] -- looking for PCL_ML
[4.591s] -- Found PCL_ML: /usr/lib/x86_64-linux-gnu/libpcl_ml.so  
[4.591s] -- looking for PCL_SEGMENTATION
[4.592s] -- Found PCL_SEGMENTATION: /usr/lib/x86_64-linux-gnu/libpcl_segmentation.so  
[4.592s] -- looking for PCL_VISUALIZATION
[4.593s] -- Found PCL_VISUALIZATION: /usr/lib/x86_64-linux-gnu/libpcl_visualization.so  
[4.593s] -- looking for PCL_SURFACE
[4.593s] -- Found PCL_SURFACE: /usr/lib/x86_64-linux-gnu/libpcl_surface.so  
[4.593s] -- looking for PCL_REGISTRATION
[4.594s] -- Found PCL_REGISTRATION: /usr/lib/x86_64-linux-gnu/libpcl_registration.so  
[4.594s] -- looking for PCL_KEYPOINTS
[4.595s] -- Found PCL_KEYPOINTS: /usr/lib/x86_64-linux-gnu/libpcl_keypoints.so  
[4.595s] -- looking for PCL_TRACKING
[4.595s] -- Found PCL_TRACKING: /usr/lib/x86_64-linux-gnu/libpcl_tracking.so  
[4.595s] -- looking for PCL_RECOGNITION
[4.596s] -- Found PCL_RECOGNITION: /usr/lib/x86_64-linux-gnu/libpcl_recognition.so  
[4.596s] -- looking for PCL_STEREO
[4.597s] -- Found PCL_STEREO: /usr/lib/x86_64-linux-gnu/libpcl_stereo.so  
[4.597s] -- looking for PCL_APPS
[4.597s] -- Found PCL_APPS: /usr/lib/x86_64-linux-gnu/libpcl_apps.so  
[4.598s] -- looking for PCL_IN_HAND_SCANNER
[4.598s] -- Found PCL_IN_HAND_SCANNER: /usr/include/pcl-1.12  
[4.598s] -- looking for PCL_MODELER
[4.598s] -- Found PCL_MODELER: /usr/include/pcl-1.12  
[4.598s] -- looking for PCL_POINT_CLOUD_EDITOR
[4.598s] -- Found PCL_POINT_CLOUD_EDITOR: /usr/include/pcl-1.12  
[4.598s] -- looking for PCL_OUTOFCORE
[4.599s] -- Found PCL_OUTOFCORE: /usr/lib/x86_64-linux-gnu/libpcl_outofcore.so  
[4.599s] -- looking for PCL_PEOPLE
[4.599s] -- Found PCL_PEOPLE: /usr/lib/x86_64-linux-gnu/libpcl_people.so  
[4.600s] -- Found PCL: pcl_common;pcl_octree;pcl_io;pcl_kdtree;pcl_search;pcl_sample_consensus;pcl_filters;pcl_features;pcl_ml;pcl_segmentation;pcl_visualization;pcl_surface;pcl_registration;pcl_keypoints;pcl_tracking;pcl_recognition;pcl_stereo;pcl_apps;pcl_outofcore;pcl_people;Boost::system;Boost::filesystem;Boost::date_time;Boost::iostreams;Boost::serialization;/usr/lib/libOpenNI.so;libusb::libusb;/usr/lib/x86_64-linux-gnu/libOpenNI2.so;libusb::libusb;VTK::ChartsCore;VTK::CommonColor;VTK::CommonComputationalGeometry;VTK::CommonCore;VTK::CommonDataModel;VTK::CommonExecutionModel;VTK::CommonMath;VTK::CommonMisc;VTK::CommonTransforms;VTK::FiltersCore;VTK::FiltersExtraction;VTK::FiltersGeneral;VTK::FiltersGeometry;VTK::FiltersModeling;VTK::FiltersSources;VTK::ImagingCore;VTK::ImagingSources;VTK::InteractionImage;VTK::InteractionStyle;VTK::InteractionWidgets;VTK::IOCore;VTK::IOGeometry;VTK::IOImage;VTK::IOLegacy;VTK::IOPLY;VTK::RenderingAnnotation;VTK::RenderingCore;VTK::RenderingContext2D;VTK::RenderingLOD;VTK::RenderingFreeType;VTK::ViewsCore;VTK::ViewsContext2D;VTK::RenderingOpenGL2;VTK::GUISupportQt;FLANN::FLANN;QHULL::QHULL (Required is at least version "1.1") 
[4.760s] -- Found ament_lint_auto: 0.12.10 (/opt/ros/humble/share/ament_lint_auto/cmake)
[4.883s] -- Added test 'copyright' to check source files copyright and LICENSE
[4.889s] -- Added test 'cppcheck' to perform static code analysis on C / C++ code
[4.889s] -- Configured cppcheck include dirs: /home/alex/restackcell/ws_moveit2/src/pcl_segmentation/include
[4.889s] -- Configured cppcheck exclude dirs and/or files: 
[4.895s] -- Added test 'cpplint' to check C / C++ code against the Google style
[4.895s] -- Configured cpplint exclude dirs and/or files: 
[4.898s] -- Added test 'lint_cmake' to check CMake code style
[4.904s] -- Added test 'uncrustify' to check C / C++ code style
[4.904s] -- Configured uncrustify additional arguments: 
[4.906s] -- Added test 'xmllint' to check XML markup files
[4.909s] -- Configuring done
[4.915s] [31mCMake Error at CMakeLists.txt:38 (add_executable):
[4.915s]   Cannot find source file:
[4.915s] 
[4.915s]     src/filter/rspcl_filter_node.cpp
[4.915s] 
[4.915s]   Tried extensions .c .C .c++ .cc .cpp .cxx .cu .mpp .m .M .mm .ixx .cppm .h
[4.916s]   .hh .h++ .hm .hpp .hxx .in .txx .f .F .for .f77 .f90 .f95 .f03 .hip .ispc
[4.916s] 
[4.916s] [0m
[4.917s] [31mCMake Error at CMakeLists.txt:39 (add_executable):
[4.917s]   Cannot find source file:
[4.917s] 
[4.917s]     src/clustering/rspcl_clustering_node.cpp
[4.917s] 
[4.917s]   Tried extensions .c .C .c++ .cc .cpp .cxx .cu .mpp .m .M .mm .ixx .cppm .h
[4.917s]   .hh .h++ .hm .hpp .hxx .in .txx .f .F .for .f77 .f90 .f95 .f03 .hip .ispc
[4.917s] 
[4.917s] [0m
[4.917s] [31mCMake Error at CMakeLists.txt:40 (add_executable):
[4.917s]   Cannot find source file:
[4.917s] 
[4.917s]     src/visualization_marker/rspcl_marker.cpp
[4.917s] 
[4.917s]   Tried extensions .c .C .c++ .cc .cpp .cxx .cu .mpp .m .M .mm .ixx .cppm .h
[4.917s]   .hh .h++ .hm .hpp .hxx .in .txx .f .F .for .f77 .f90 .f95 .f03 .hip .ispc
[4.917s] 
[4.917s] [0m
[4.919s] [31mCMake Error at CMakeLists.txt:38 (add_executable):
[4.919s]   No SOURCES given to target: rs_pcl_filter
[4.919s] 
[4.919s] [0m
[4.919s] [31mCMake Error at CMakeLists.txt:39 (add_executable):
[4.919s]   No SOURCES given to target: rs_pcl_clustering
[4.919s] 
[4.919s] [0m
[4.919s] [31mCMake Error at CMakeLists.txt:40 (add_executable):
[4.919s]   No SOURCES given to target: rs_pcl_marker
[4.919s] 
[4.919s] [0m
[4.919s] [0mCMake Generate step failed.  Build files cannot be regenerated correctly.[0m
[4.935s] Invoked command in '/home/alex/restackcell/ws_moveit2/src/pcl_segmentation/build/pcl_segmentation' returned '1': CMAKE_PREFIX_PATH=${CMAKE_PREFIX_PATH}:/home/alex/ws_moveit2/install/moveit_configs_utils:/home/alex/ws_moveit2/install/launch_param_builder:/opt/ros/humble /usr/bin/cmake /home/alex/restackcell/ws_moveit2/src/pcl_segmentation -DCMAKE_INSTALL_PREFIX=/home/alex/restackcell/ws_moveit2/src/pcl_segmentation/install/pcl_segmentation
