[0.046s] Invoking command in '/home/autopilot/ws/restackcell/ws_moveit2/build/wzlscheduler_interfaces': /usr/bin/cmake --build /home/autopilot/ws/restackcell/ws_moveit2/build/wzlscheduler_interfaces -- -j8 -l8
[0.815s] [  0%] Built target wzlscheduler_interfaces__cpp
[0.817s] [ 12%] Built target wzlscheduler_interfaces__rosidl_generator_c
[0.820s] [ 12%] Built target ament_cmake_python_copy_wzlscheduler_interfaces
[0.820s] [ 24%] Built target wzlscheduler_interfaces__rosidl_typesupport_fastrtps_cpp
[0.820s] [ 36%] Built target wzlscheduler_interfaces__rosidl_typesupport_cpp
[0.820s] [ 48%] Built target wzlscheduler_interfaces__rosidl_typesupport_fastrtps_c
[0.820s] [ 67%] Built target wzlscheduler_interfaces__rosidl_typesupport_c
[0.820s] [ 72%] Built target wzlscheduler_interfaces__rosidl_typesupport_introspection_cpp
[0.821s] [ 84%] Built target wzlscheduler_interfaces__rosidl_typesupport_introspection_c
[0.821s] [ 84%] Built target wzlscheduler_interfaces
[0.821s] [ 85%] Built target wzlscheduler_interfaces__py
[0.821s] [ 96%] Built target wzlscheduler_interfaces__rosidl_generator_py
[0.821s] [ 98%] Built target wzlscheduler_interfaces__rosidl_typesupport_introspection_c__pyext
[0.821s] [ 99%] Built target wzlscheduler_interfaces__rosidl_typesupport_c__pyext
[0.821s] [100%] Built target wzlscheduler_interfaces__rosidl_typesupport_fastrtps_c__pyext
[0.873s] running egg_info
[0.874s] writing wzlscheduler_interfaces.egg-info/PKG-INFO
[0.875s] writing dependency_links to wzlscheduler_interfaces.egg-info/dependency_links.txt
[0.876s] writing top-level names to wzlscheduler_interfaces.egg-info/top_level.txt
[0.881s] reading manifest file 'wzlscheduler_interfaces.egg-info/SOURCES.txt'
[0.883s] writing manifest file 'wzlscheduler_interfaces.egg-info/SOURCES.txt'
[0.961s] [100%] Built target ament_cmake_python_build_wzlscheduler_interfaces_egg
[0.989s] Invoked command in '/home/autopilot/ws/restackcell/ws_moveit2/build/wzlscheduler_interfaces' returned '0': /usr/bin/cmake --build /home/autopilot/ws/restackcell/ws_moveit2/build/wzlscheduler_interfaces -- -j8 -l8
[2.950s] Invoking command in '/home/autopilot/ws/restackcell/ws_moveit2/build/wzlscheduler_interfaces': /usr/bin/cmake --install /home/autopilot/ws/restackcell/ws_moveit2/build/wzlscheduler_interfaces
[2.974s] -- Install configuration: ""
[2.975s] -- Up-to-date: /home/autopilot/ws/restackcell/ws_moveit2/install/wzlscheduler_interfaces/share/ament_index/resource_index/rosidl_interfaces/wzlscheduler_interfaces
[2.976s] -- Up-to-date: /home/autopilot/ws/restackcell/ws_moveit2/install/wzlscheduler_interfaces/include/wzlscheduler_interfaces/wzlscheduler_interfaces
[2.976s] -- Up-to-date: /home/autopilot/ws/restackcell/ws_moveit2/install/wzlscheduler_interfaces/include/wzlscheduler_interfaces/wzlscheduler_interfaces/msg
[2.976s] -- Up-to-date: /home/autopilot/ws/restackcell/ws_moveit2/install/wzlscheduler_interfaces/include/wzlscheduler_interfaces/wzlscheduler_interfaces/msg/labeled_poses.h
[2.976s] -- Up-to-date: /home/autopilot/ws/restackcell/ws_moveit2/install/wzlscheduler_interfaces/include/wzlscheduler_interfaces/wzlscheduler_interfaces/msg/scene_object_set_pose.h
[2.976s] -- Up-to-date: /home/autopilot/ws/restackcell/ws_moveit2/install/wzlscheduler_interfaces/include/wzlscheduler_interfaces/wzlscheduler_interfaces/msg/labeled_bounding_boxes.h
[2.976s] -- Up-to-date: /home/autopilot/ws/restackcell/ws_moveit2/install/wzlscheduler_interfaces/include/wzlscheduler_interfaces/wzlscheduler_interfaces/msg/labeled_point_clouds.h
[2.976s] -- Up-to-date: /home/autopilot/ws/restackcell/ws_moveit2/install/wzlscheduler_interfaces/include/wzlscheduler_interfaces/wzlscheduler_interfaces/msg/scene_object_add.h
[2.976s] -- Up-to-date: /home/autopilot/ws/restackcell/ws_moveit2/install/wzlscheduler_interfaces/include/wzlscheduler_interfaces/wzlscheduler_interfaces/msg/rosidl_generator_c__visibility_control.h
[2.977s] -- Up-to-date: /home/autopilot/ws/restackcell/ws_moveit2/install/wzlscheduler_interfaces/include/wzlscheduler_interfaces/wzlscheduler_interfaces/msg/labeled_bounding_box.h
[2.977s] -- Up-to-date: /home/autopilot/ws/restackcell/ws_moveit2/install/wzlscheduler_interfaces/include/wzlscheduler_interfaces/wzlscheduler_interfaces/msg/labeled_point_cloud.h
[2.977s] -- Up-to-date: /home/autopilot/ws/restackcell/ws_moveit2/install/wzlscheduler_interfaces/include/wzlscheduler_interfaces/wzlscheduler_interfaces/msg/scene_object_remove.h
[2.977s] -- Up-to-date: /home/autopilot/ws/restackcell/ws_moveit2/install/wzlscheduler_interfaces/include/wzlscheduler_interfaces/wzlscheduler_interfaces/msg/detail
[2.977s] -- Up-to-date: /home/autopilot/ws/restackcell/ws_moveit2/install/wzlscheduler_interfaces/include/wzlscheduler_interfaces/wzlscheduler_interfaces/msg/detail/labeled_bounding_box__functions.c
[2.977s] -- Up-to-date: /home/autopilot/ws/restackcell/ws_moveit2/install/wzlscheduler_interfaces/include/wzlscheduler_interfaces/wzlscheduler_interfaces/msg/detail/scene_object_add__functions.c
[2.977s] -- Up-to-date: /home/autopilot/ws/restackcell/ws_moveit2/install/wzlscheduler_interfaces/include/wzlscheduler_interfaces/wzlscheduler_interfaces/msg/detail/scene_object_set_pose__functions.c
[2.977s] -- Up-to-date: /home/autopilot/ws/restackcell/ws_moveit2/install/wzlscheduler_interfaces/include/wzlscheduler_interfaces/wzlscheduler_interfaces/msg/detail/labeled_poses__struct.h
[2.977s] -- Up-to-date: /home/autopilot/ws/restackcell/ws_moveit2/install/wzlscheduler_interfaces/include/wzlscheduler_interfaces/wzlscheduler_interfaces/msg/detail/labeled_bounding_boxes__functions.c
[2.978s] -- Up-to-date: /home/autopilot/ws/restackcell/ws_moveit2/install/wzlscheduler_interfaces/include/wzlscheduler_interfaces/wzlscheduler_interfaces/msg/detail/labeled_point_clouds__type_support.h
[2.978s] -- Up-to-date: /home/autopilot/ws/restackcell/ws_moveit2/install/wzlscheduler_interfaces/include/wzlscheduler_interfaces/wzlscheduler_interfaces/msg/detail/scene_object_remove__functions.c
[2.978s] -- Up-to-date: /home/autopilot/ws/restackcell/ws_moveit2/install/wzlscheduler_interfaces/include/wzlscheduler_interfaces/wzlscheduler_interfaces/msg/detail/labeled_point_clouds__struct.h
[2.978s] -- Up-to-date: /home/autopilot/ws/restackcell/ws_moveit2/install/wzlscheduler_interfaces/include/wzlscheduler_interfaces/wzlscheduler_interfaces/msg/detail/scene_object_remove__struct.h
[2.978s] -- Up-to-date: /home/autopilot/ws/restackcell/ws_moveit2/install/wzlscheduler_interfaces/include/wzlscheduler_interfaces/wzlscheduler_interfaces/msg/detail/scene_object_add__functions.h
[2.978s] -- Up-to-date: /home/autopilot/ws/restackcell/ws_moveit2/install/wzlscheduler_interfaces/include/wzlscheduler_interfaces/wzlscheduler_interfaces/msg/detail/labeled_pose__functions.h
[2.978s] -- Up-to-date: /home/autopilot/ws/restackcell/ws_moveit2/install/wzlscheduler_interfaces/include/wzlscheduler_interfaces/wzlscheduler_interfaces/msg/detail/labeled_poses__functions.c
[2.978s] -- Up-to-date: /home/autopilot/ws/restackcell/ws_moveit2/install/wzlscheduler_interfaces/include/wzlscheduler_interfaces/wzlscheduler_interfaces/msg/detail/labeled_point_cloud__functions.c
[2.978s] -- Up-to-date: /home/autopilot/ws/restackcell/ws_moveit2/install/wzlscheduler_interfaces/include/wzlscheduler_interfaces/wzlscheduler_interfaces/msg/detail/labeled_bounding_boxes__functions.h
[2.978s] -- Up-to-date: /home/autopilot/ws/restackcell/ws_moveit2/install/wzlscheduler_interfaces/include/wzlscheduler_interfaces/wzlscheduler_interfaces/msg/detail/scene_object_add__type_support.h
[2.978s] -- Up-to-date: /home/autopilot/ws/restackcell/ws_moveit2/install/wzlscheduler_interfaces/include/wzlscheduler_interfaces/wzlscheduler_interfaces/msg/detail/labeled_point_clouds__functions.c
[2.979s] -- Up-to-date: /home/autopilot/ws/restackcell/ws_moveit2/install/wzlscheduler_interfaces/include/wzlscheduler_interfaces/wzlscheduler_interfaces/msg/detail/labeled_poses__type_support.h
[2.979s] -- Up-to-date: /home/autopilot/ws/restackcell/ws_moveit2/install/wzlscheduler_interfaces/include/wzlscheduler_interfaces/wzlscheduler_interfaces/msg/detail/scene_object_remove__type_support.h
[2.979s] -- Up-to-date: /home/autopilot/ws/restackcell/ws_moveit2/install/wzlscheduler_interfaces/include/wzlscheduler_interfaces/wzlscheduler_interfaces/msg/detail/labeled_point_cloud__functions.h
[2.979s] -- Up-to-date: /home/autopilot/ws/restackcell/ws_moveit2/install/wzlscheduler_interfaces/include/wzlscheduler_interfaces/wzlscheduler_interfaces/msg/detail/labeled_bounding_box__type_support.h
[2.979s] -- Up-to-date: /home/autopilot/ws/restackcell/ws_moveit2/install/wzlscheduler_interfaces/include/wzlscheduler_interfaces/wzlscheduler_interfaces/msg/detail/labeled_point_clouds__functions.h
[2.979s] -- Up-to-date: /home/autopilot/ws/restackcell/ws_moveit2/install/wzlscheduler_interfaces/include/wzlscheduler_interfaces/wzlscheduler_interfaces/msg/detail/labeled_pose__functions.c
[2.979s] -- Up-to-date: /home/autopilot/ws/restackcell/ws_moveit2/install/wzlscheduler_interfaces/include/wzlscheduler_interfaces/wzlscheduler_interfaces/msg/detail/scene_object_set_pose__struct.h
[2.979s] -- Up-to-date: /home/autopilot/ws/restackcell/ws_moveit2/install/wzlscheduler_interfaces/include/wzlscheduler_interfaces/wzlscheduler_interfaces/msg/detail/scene_object_add__struct.h
[2.979s] -- Up-to-date: /home/autopilot/ws/restackcell/ws_moveit2/install/wzlscheduler_interfaces/include/wzlscheduler_interfaces/wzlscheduler_interfaces/msg/detail/labeled_point_cloud__struct.h
[2.980s] -- Up-to-date: /home/autopilot/ws/restackcell/ws_moveit2/install/wzlscheduler_interfaces/include/wzlscheduler_interfaces/wzlscheduler_interfaces/msg/detail/labeled_bounding_box__struct.h
[2.980s] -- Up-to-date: /home/autopilot/ws/restackcell/ws_moveit2/install/wzlscheduler_interfaces/include/wzlscheduler_interfaces/wzlscheduler_interfaces/msg/detail/scene_object_set_pose__type_support.h
[2.980s] -- Up-to-date: /home/autopilot/ws/restackcell/ws_moveit2/install/wzlscheduler_interfaces/include/wzlscheduler_interfaces/wzlscheduler_interfaces/msg/detail/labeled_point_cloud__type_support.h
[2.980s] -- Up-to-date: /home/autopilot/ws/restackcell/ws_moveit2/install/wzlscheduler_interfaces/include/wzlscheduler_interfaces/wzlscheduler_interfaces/msg/detail/scene_object_set_pose__functions.h
[2.980s] -- Up-to-date: /home/autopilot/ws/restackcell/ws_moveit2/install/wzlscheduler_interfaces/include/wzlscheduler_interfaces/wzlscheduler_interfaces/msg/detail/labeled_pose__type_support.h
[2.980s] -- Up-to-date: /home/autopilot/ws/restackcell/ws_moveit2/install/wzlscheduler_interfaces/include/wzlscheduler_interfaces/wzlscheduler_interfaces/msg/detail/labeled_pose__struct.h
[2.980s] -- Up-to-date: /home/autopilot/ws/restackcell/ws_moveit2/install/wzlscheduler_interfaces/include/wzlscheduler_interfaces/wzlscheduler_interfaces/msg/detail/scene_object_remove__functions.h
[2.980s] -- Up-to-date: /home/autopilot/ws/restackcell/ws_moveit2/install/wzlscheduler_interfaces/include/wzlscheduler_interfaces/wzlscheduler_interfaces/msg/detail/labeled_bounding_boxes__struct.h
[2.980s] -- Up-to-date: /home/autopilot/ws/restackcell/ws_moveit2/install/wzlscheduler_interfaces/include/wzlscheduler_interfaces/wzlscheduler_interfaces/msg/detail/labeled_bounding_box__functions.h
[2.980s] -- Up-to-date: /home/autopilot/ws/restackcell/ws_moveit2/install/wzlscheduler_interfaces/include/wzlscheduler_interfaces/wzlscheduler_interfaces/msg/detail/labeled_bounding_boxes__type_support.h
[2.980s] -- Up-to-date: /home/autopilot/ws/restackcell/ws_moveit2/install/wzlscheduler_interfaces/include/wzlscheduler_interfaces/wzlscheduler_interfaces/msg/detail/labeled_poses__functions.h
[2.981s] -- Up-to-date: /home/autopilot/ws/restackcell/ws_moveit2/install/wzlscheduler_interfaces/include/wzlscheduler_interfaces/wzlscheduler_interfaces/msg/labeled_pose.h
[2.981s] -- Up-to-date: /home/autopilot/ws/restackcell/ws_moveit2/install/wzlscheduler_interfaces/include/wzlscheduler_interfaces/wzlscheduler_interfaces/srv
[2.981s] -- Up-to-date: /home/autopilot/ws/restackcell/ws_moveit2/install/wzlscheduler_interfaces/include/wzlscheduler_interfaces/wzlscheduler_interfaces/srv/robot_set_velocity.h
[2.981s] -- Up-to-date: /home/autopilot/ws/restackcell/ws_moveit2/install/wzlscheduler_interfaces/include/wzlscheduler_interfaces/wzlscheduler_interfaces/srv/scene_object_set_pose.h
[2.981s] -- Up-to-date: /home/autopilot/ws/restackcell/ws_moveit2/install/wzlscheduler_interfaces/include/wzlscheduler_interfaces/wzlscheduler_interfaces/srv/set_value_io_interface.h
[2.981s] -- Up-to-date: /home/autopilot/ws/restackcell/ws_moveit2/install/wzlscheduler_interfaces/include/wzlscheduler_interfaces/wzlscheduler_interfaces/srv/scene_object_attach.h
[2.981s] -- Up-to-date: /home/autopilot/ws/restackcell/ws_moveit2/install/wzlscheduler_interfaces/include/wzlscheduler_interfaces/wzlscheduler_interfaces/srv/scene_object_add.h
[2.981s] -- Up-to-date: /home/autopilot/ws/restackcell/ws_moveit2/install/wzlscheduler_interfaces/include/wzlscheduler_interfaces/wzlscheduler_interfaces/srv/robot_follow_trajectory.h
[2.981s] -- Up-to-date: /home/autopilot/ws/restackcell/ws_moveit2/install/wzlscheduler_interfaces/include/wzlscheduler_interfaces/wzlscheduler_interfaces/srv/load_object.h
[2.981s] -- Up-to-date: /home/autopilot/ws/restackcell/ws_moveit2/install/wzlscheduler_interfaces/include/wzlscheduler_interfaces/wzlscheduler_interfaces/srv/scene_object_remove.h
[2.982s] -- Up-to-date: /home/autopilot/ws/restackcell/ws_moveit2/install/wzlscheduler_interfaces/include/wzlscheduler_interfaces/wzlscheduler_interfaces/srv/detail
[2.982s] -- Up-to-date: /home/autopilot/ws/restackcell/ws_moveit2/install/wzlscheduler_interfaces/include/wzlscheduler_interfaces/wzlscheduler_interfaces/srv/detail/load_object__functions.h
[2.982s] -- Up-to-date: /home/autopilot/ws/restackcell/ws_moveit2/install/wzlscheduler_interfaces/include/wzlscheduler_interfaces/wzlscheduler_interfaces/srv/detail/scene_object_detach__type_support.h
[2.982s] -- Up-to-date: /home/autopilot/ws/restackcell/ws_moveit2/install/wzlscheduler_interfaces/include/wzlscheduler_interfaces/wzlscheduler_interfaces/srv/detail/scene_object_add__functions.c
[2.982s] -- Up-to-date: /home/autopilot/ws/restackcell/ws_moveit2/install/wzlscheduler_interfaces/include/wzlscheduler_interfaces/wzlscheduler_interfaces/srv/detail/load_object__type_support.h
[2.982s] -- Up-to-date: /home/autopilot/ws/restackcell/ws_moveit2/install/wzlscheduler_interfaces/include/wzlscheduler_interfaces/wzlscheduler_interfaces/srv/detail/scene_object_set_pose__functions.c
[2.982s] -- Up-to-date: /home/autopilot/ws/restackcell/ws_moveit2/install/wzlscheduler_interfaces/include/wzlscheduler_interfaces/wzlscheduler_interfaces/srv/detail/scene_object_remove__functions.c
[2.982s] -- Up-to-date: /home/autopilot/ws/restackcell/ws_moveit2/install/wzlscheduler_interfaces/include/wzlscheduler_interfaces/wzlscheduler_interfaces/srv/detail/scene_object_detach__struct.h
[2.982s] -- Up-to-date: /home/autopilot/ws/restackcell/ws_moveit2/install/wzlscheduler_interfaces/include/wzlscheduler_interfaces/wzlscheduler_interfaces/srv/detail/robot_move_to_position__struct.h
[2.982s] -- Up-to-date: /home/autopilot/ws/restackcell/ws_moveit2/install/wzlscheduler_interfaces/include/wzlscheduler_interfaces/wzlscheduler_interfaces/srv/detail/scene_object_remove__struct.h
[2.983s] -- Up-to-date: /home/autopilot/ws/restackcell/ws_moveit2/install/wzlscheduler_interfaces/include/wzlscheduler_interfaces/wzlscheduler_interfaces/srv/detail/scene_object_add__functions.h
[2.983s] -- Up-to-date: /home/autopilot/ws/restackcell/ws_moveit2/install/wzlscheduler_interfaces/include/wzlscheduler_interfaces/wzlscheduler_interfaces/srv/detail/robot_set_velocity__type_support.h
[2.983s] -- Up-to-date: /home/autopilot/ws/restackcell/ws_moveit2/install/wzlscheduler_interfaces/include/wzlscheduler_interfaces/wzlscheduler_interfaces/srv/detail/scene_object_detach__functions.h
[2.983s] -- Up-to-date: /home/autopilot/ws/restackcell/ws_moveit2/install/wzlscheduler_interfaces/include/wzlscheduler_interfaces/wzlscheduler_interfaces/srv/detail/load_object__functions.c
[2.983s] -- Up-to-date: /home/autopilot/ws/restackcell/ws_moveit2/install/wzlscheduler_interfaces/include/wzlscheduler_interfaces/wzlscheduler_interfaces/srv/detail/set_value_io_interface__functions.h
[2.984s] -- Up-to-date: /home/autopilot/ws/restackcell/ws_moveit2/install/wzlscheduler_interfaces/include/wzlscheduler_interfaces/wzlscheduler_interfaces/srv/detail/load_object__struct.h
[2.985s] -- Up-to-date: /home/autopilot/ws/restackcell/ws_moveit2/install/wzlscheduler_interfaces/include/wzlscheduler_interfaces/wzlscheduler_interfaces/srv/detail/robot_follow_trajectory__functions.h
[2.985s] -- Up-to-date: /home/autopilot/ws/restackcell/ws_moveit2/install/wzlscheduler_interfaces/include/wzlscheduler_interfaces/wzlscheduler_interfaces/srv/detail/scene_object_add__type_support.h
[2.985s] -- Up-to-date: /home/autopilot/ws/restackcell/ws_moveit2/install/wzlscheduler_interfaces/include/wzlscheduler_interfaces/wzlscheduler_interfaces/srv/detail/robot_set_velocity__functions.h
[2.985s] -- Up-to-date: /home/autopilot/ws/restackcell/ws_moveit2/install/wzlscheduler_interfaces/include/wzlscheduler_interfaces/wzlscheduler_interfaces/srv/detail/scene_object_attach__type_support.h
[2.985s] -- Up-to-date: /home/autopilot/ws/restackcell/ws_moveit2/install/wzlscheduler_interfaces/include/wzlscheduler_interfaces/wzlscheduler_interfaces/srv/detail/robot_move_to_position__functions.h
[2.985s] -- Up-to-date: /home/autopilot/ws/restackcell/ws_moveit2/install/wzlscheduler_interfaces/include/wzlscheduler_interfaces/wzlscheduler_interfaces/srv/detail/robot_follow_trajectory__functions.c
[2.985s] -- Up-to-date: /home/autopilot/ws/restackcell/ws_moveit2/install/wzlscheduler_interfaces/include/wzlscheduler_interfaces/wzlscheduler_interfaces/srv/detail/robot_move_to_position__type_support.h
[2.986s] -- Up-to-date: /home/autopilot/ws/restackcell/ws_moveit2/install/wzlscheduler_interfaces/include/wzlscheduler_interfaces/wzlscheduler_interfaces/srv/detail/robot_move_to_position__functions.c
[2.986s] -- Up-to-date: /home/autopilot/ws/restackcell/ws_moveit2/install/wzlscheduler_interfaces/include/wzlscheduler_interfaces/wzlscheduler_interfaces/srv/detail/scene_object_remove__type_support.h
[2.986s] -- Up-to-date: /home/autopilot/ws/restackcell/ws_moveit2/install/wzlscheduler_interfaces/include/wzlscheduler_interfaces/wzlscheduler_interfaces/srv/detail/scene_object_attach__struct.h
[2.986s] -- Up-to-date: /home/autopilot/ws/restackcell/ws_moveit2/install/wzlscheduler_interfaces/include/wzlscheduler_interfaces/wzlscheduler_interfaces/srv/detail/robot_set_velocity__struct.h
[2.986s] -- Up-to-date: /home/autopilot/ws/restackcell/ws_moveit2/install/wzlscheduler_interfaces/include/wzlscheduler_interfaces/wzlscheduler_interfaces/srv/detail/robot_follow_trajectory__struct.h
[2.987s] -- Up-to-date: /home/autopilot/ws/restackcell/ws_moveit2/install/wzlscheduler_interfaces/include/wzlscheduler_interfaces/wzlscheduler_interfaces/srv/detail/robot_set_velocity__functions.c
[2.987s] -- Up-to-date: /home/autopilot/ws/restackcell/ws_moveit2/install/wzlscheduler_interfaces/include/wzlscheduler_interfaces/wzlscheduler_interfaces/srv/detail/scene_object_attach__functions.h
[2.987s] -- Up-to-date: /home/autopilot/ws/restackcell/ws_moveit2/install/wzlscheduler_interfaces/include/wzlscheduler_interfaces/wzlscheduler_interfaces/srv/detail/scene_object_set_pose__struct.h
[2.988s] -- Up-to-date: /home/autopilot/ws/restackcell/ws_moveit2/install/wzlscheduler_interfaces/include/wzlscheduler_interfaces/wzlscheduler_interfaces/srv/detail/scene_object_add__struct.h
[2.988s] -- Up-to-date: /home/autopilot/ws/restackcell/ws_moveit2/install/wzlscheduler_interfaces/include/wzlscheduler_interfaces/wzlscheduler_interfaces/srv/detail/scene_object_detach__functions.c
[2.988s] -- Up-to-date: /home/autopilot/ws/restackcell/ws_moveit2/install/wzlscheduler_interfaces/include/wzlscheduler_interfaces/wzlscheduler_interfaces/srv/detail/set_value_io_interface__functions.c
[2.988s] -- Up-to-date: /home/autopilot/ws/restackcell/ws_moveit2/install/wzlscheduler_interfaces/include/wzlscheduler_interfaces/wzlscheduler_interfaces/srv/detail/set_value_io_interface__type_support.h
[2.988s] -- Up-to-date: /home/autopilot/ws/restackcell/ws_moveit2/install/wzlscheduler_interfaces/include/wzlscheduler_interfaces/wzlscheduler_interfaces/srv/detail/scene_object_set_pose__type_support.h
[2.989s] -- Up-to-date: /home/autopilot/ws/restackcell/ws_moveit2/install/wzlscheduler_interfaces/include/wzlscheduler_interfaces/wzlscheduler_interfaces/srv/detail/robot_follow_trajectory__type_support.h
[2.989s] -- Up-to-date: /home/autopilot/ws/restackcell/ws_moveit2/install/wzlscheduler_interfaces/include/wzlscheduler_interfaces/wzlscheduler_interfaces/srv/detail/set_value_io_interface__struct.h
[2.989s] -- Up-to-date: /home/autopilot/ws/restackcell/ws_moveit2/install/wzlscheduler_interfaces/include/wzlscheduler_interfaces/wzlscheduler_interfaces/srv/detail/scene_object_set_pose__functions.h
[2.989s] -- Up-to-date: /home/autopilot/ws/restackcell/ws_moveit2/install/wzlscheduler_interfaces/include/wzlscheduler_interfaces/wzlscheduler_interfaces/srv/detail/scene_object_remove__functions.h
[2.990s] -- Up-to-date: /home/autopilot/ws/restackcell/ws_moveit2/install/wzlscheduler_interfaces/include/wzlscheduler_interfaces/wzlscheduler_interfaces/srv/detail/scene_object_attach__functions.c
[2.990s] -- Up-to-date: /home/autopilot/ws/restackcell/ws_moveit2/install/wzlscheduler_interfaces/include/wzlscheduler_interfaces/wzlscheduler_interfaces/srv/robot_move_to_position.h
[2.990s] -- Up-to-date: /home/autopilot/ws/restackcell/ws_moveit2/install/wzlscheduler_interfaces/include/wzlscheduler_interfaces/wzlscheduler_interfaces/srv/scene_object_detach.h
[2.990s] -- Up-to-date: /home/autopilot/ws/restackcell/ws_moveit2/install/wzlscheduler_interfaces/share/wzlscheduler_interfaces/environment/library_path.sh
[2.990s] -- Up-to-date: /home/autopilot/ws/restackcell/ws_moveit2/install/wzlscheduler_interfaces/share/wzlscheduler_interfaces/environment/library_path.dsv
[2.991s] -- Up-to-date: /home/autopilot/ws/restackcell/ws_moveit2/install/wzlscheduler_interfaces/lib/libwzlscheduler_interfaces__rosidl_generator_c.so
[2.991s] -- Up-to-date: /home/autopilot/ws/restackcell/ws_moveit2/install/wzlscheduler_interfaces/include/wzlscheduler_interfaces/wzlscheduler_interfaces
[2.991s] -- Up-to-date: /home/autopilot/ws/restackcell/ws_moveit2/install/wzlscheduler_interfaces/include/wzlscheduler_interfaces/wzlscheduler_interfaces/msg
[2.991s] -- Up-to-date: /home/autopilot/ws/restackcell/ws_moveit2/install/wzlscheduler_interfaces/include/wzlscheduler_interfaces/wzlscheduler_interfaces/msg/rosidl_typesupport_fastrtps_c__visibility_control.h
[2.992s] -- Up-to-date: /home/autopilot/ws/restackcell/ws_moveit2/install/wzlscheduler_interfaces/include/wzlscheduler_interfaces/wzlscheduler_interfaces/msg/detail
[2.992s] -- Up-to-date: /home/autopilot/ws/restackcell/ws_moveit2/install/wzlscheduler_interfaces/include/wzlscheduler_interfaces/wzlscheduler_interfaces/msg/detail/labeled_bounding_box__rosidl_typesupport_fastrtps_c.h
[2.992s] -- Up-to-date: /home/autopilot/ws/restackcell/ws_moveit2/install/wzlscheduler_interfaces/include/wzlscheduler_interfaces/wzlscheduler_interfaces/msg/detail/scene_object_remove__rosidl_typesupport_fastrtps_c.h
[2.992s] -- Up-to-date: /home/autopilot/ws/restackcell/ws_moveit2/install/wzlscheduler_interfaces/include/wzlscheduler_interfaces/wzlscheduler_interfaces/msg/detail/scene_object_add__rosidl_typesupport_fastrtps_c.h
[2.992s] -- Up-to-date: /home/autopilot/ws/restackcell/ws_moveit2/install/wzlscheduler_interfaces/include/wzlscheduler_interfaces/wzlscheduler_interfaces/msg/detail/labeled_bounding_boxes__rosidl_typesupport_fastrtps_c.h
[2.992s] -- Up-to-date: /home/autopilot/ws/restackcell/ws_moveit2/install/wzlscheduler_interfaces/include/wzlscheduler_interfaces/wzlscheduler_interfaces/msg/detail/labeled_poses__rosidl_typesupport_fastrtps_c.h
[2.992s] -- Up-to-date: /home/autopilot/ws/restackcell/ws_moveit2/install/wzlscheduler_interfaces/include/wzlscheduler_interfaces/wzlscheduler_interfaces/msg/detail/labeled_point_clouds__rosidl_typesupport_fastrtps_c.h
[2.993s] -- Up-to-date: /home/autopilot/ws/restackcell/ws_moveit2/install/wzlscheduler_interfaces/include/wzlscheduler_interfaces/wzlscheduler_interfaces/msg/detail/labeled_pose__rosidl_typesupport_fastrtps_c.h
[2.993s] -- Up-to-date: /home/autopilot/ws/restackcell/ws_moveit2/install/wzlscheduler_interfaces/include/wzlscheduler_interfaces/wzlscheduler_interfaces/msg/detail/labeled_point_cloud__rosidl_typesupport_fastrtps_c.h
[2.993s] -- Up-to-date: /home/autopilot/ws/restackcell/ws_moveit2/install/wzlscheduler_interfaces/include/wzlscheduler_interfaces/wzlscheduler_interfaces/msg/detail/scene_object_set_pose__rosidl_typesupport_fastrtps_c.h
[2.993s] -- Up-to-date: /home/autopilot/ws/restackcell/ws_moveit2/install/wzlscheduler_interfaces/include/wzlscheduler_interfaces/wzlscheduler_interfaces/srv
[2.993s] -- Up-to-date: /home/autopilot/ws/restackcell/ws_moveit2/install/wzlscheduler_interfaces/include/wzlscheduler_interfaces/wzlscheduler_interfaces/srv/detail
[2.993s] -- Up-to-date: /home/autopilot/ws/restackcell/ws_moveit2/install/wzlscheduler_interfaces/include/wzlscheduler_interfaces/wzlscheduler_interfaces/srv/detail/scene_object_attach__rosidl_typesupport_fastrtps_c.h
[2.994s] -- Up-to-date: /home/autopilot/ws/restackcell/ws_moveit2/install/wzlscheduler_interfaces/include/wzlscheduler_interfaces/wzlscheduler_interfaces/srv/detail/scene_object_remove__rosidl_typesupport_fastrtps_c.h
[2.994s] -- Up-to-date: /home/autopilot/ws/restackcell/ws_moveit2/install/wzlscheduler_interfaces/include/wzlscheduler_interfaces/wzlscheduler_interfaces/srv/detail/scene_object_add__rosidl_typesupport_fastrtps_c.h
[2.994s] -- Up-to-date: /home/autopilot/ws/restackcell/ws_moveit2/install/wzlscheduler_interfaces/include/wzlscheduler_interfaces/wzlscheduler_interfaces/srv/detail/load_object__rosidl_typesupport_fastrtps_c.h
[2.995s] -- Up-to-date: /home/autopilot/ws/restackcell/ws_moveit2/install/wzlscheduler_interfaces/include/wzlscheduler_interfaces/wzlscheduler_interfaces/srv/detail/set_value_io_interface__rosidl_typesupport_fastrtps_c.h
[2.995s] -- Up-to-date: /home/autopilot/ws/restackcell/ws_moveit2/install/wzlscheduler_interfaces/include/wzlscheduler_interfaces/wzlscheduler_interfaces/srv/detail/scene_object_detach__rosidl_typesupport_fastrtps_c.h
[2.995s] -- Up-to-date: /home/autopilot/ws/restackcell/ws_moveit2/install/wzlscheduler_interfaces/include/wzlscheduler_interfaces/wzlscheduler_interfaces/srv/detail/robot_set_velocity__rosidl_typesupport_fastrtps_c.h
[2.995s] -- Up-to-date: /home/autopilot/ws/restackcell/ws_moveit2/install/wzlscheduler_interfaces/include/wzlscheduler_interfaces/wzlscheduler_interfaces/srv/detail/robot_move_to_position__rosidl_typesupport_fastrtps_c.h
[2.996s] -- Up-to-date: /home/autopilot/ws/restackcell/ws_moveit2/install/wzlscheduler_interfaces/include/wzlscheduler_interfaces/wzlscheduler_interfaces/srv/detail/robot_follow_trajectory__rosidl_typesupport_fastrtps_c.h
[2.996s] -- Up-to-date: /home/autopilot/ws/restackcell/ws_moveit2/install/wzlscheduler_interfaces/include/wzlscheduler_interfaces/wzlscheduler_interfaces/srv/detail/scene_object_set_pose__rosidl_typesupport_fastrtps_c.h
[2.996s] -- Up-to-date: /home/autopilot/ws/restackcell/ws_moveit2/install/wzlscheduler_interfaces/lib/libwzlscheduler_interfaces__rosidl_typesupport_fastrtps_c.so
[2.996s] -- Up-to-date: /home/autopilot/ws/restackcell/ws_moveit2/install/wzlscheduler_interfaces/include/wzlscheduler_interfaces/wzlscheduler_interfaces
[2.996s] -- Up-to-date: /home/autopilot/ws/restackcell/ws_moveit2/install/wzlscheduler_interfaces/include/wzlscheduler_interfaces/wzlscheduler_interfaces/msg
[2.996s] -- Up-to-date: /home/autopilot/ws/restackcell/ws_moveit2/install/wzlscheduler_interfaces/include/wzlscheduler_interfaces/wzlscheduler_interfaces/msg/rosidl_typesupport_introspection_c__visibility_control.h
[2.996s] -- Up-to-date: /home/autopilot/ws/restackcell/ws_moveit2/install/wzlscheduler_interfaces/include/wzlscheduler_interfaces/wzlscheduler_interfaces/msg/detail
[2.997s] -- Up-to-date: /home/autopilot/ws/restackcell/ws_moveit2/install/wzlscheduler_interfaces/include/wzlscheduler_interfaces/wzlscheduler_interfaces/msg/detail/labeled_point_clouds__type_support.c
[2.997s] -- Up-to-date: /home/autopilot/ws/restackcell/ws_moveit2/install/wzlscheduler_interfaces/include/wzlscheduler_interfaces/wzlscheduler_interfaces/msg/detail/labeled_point_cloud__rosidl_typesupport_introspection_c.h
[2.997s] -- Up-to-date: /home/autopilot/ws/restackcell/ws_moveit2/install/wzlscheduler_interfaces/include/wzlscheduler_interfaces/wzlscheduler_interfaces/msg/detail/labeled_point_clouds__rosidl_typesupport_introspection_c.h
[2.997s] -- Up-to-date: /home/autopilot/ws/restackcell/ws_moveit2/install/wzlscheduler_interfaces/include/wzlscheduler_interfaces/wzlscheduler_interfaces/msg/detail/labeled_poses__rosidl_typesupport_introspection_c.h
[2.997s] -- Up-to-date: /home/autopilot/ws/restackcell/ws_moveit2/install/wzlscheduler_interfaces/include/wzlscheduler_interfaces/wzlscheduler_interfaces/msg/detail/labeled_pose__type_support.c
[2.997s] -- Up-to-date: /home/autopilot/ws/restackcell/ws_moveit2/install/wzlscheduler_interfaces/include/wzlscheduler_interfaces/wzlscheduler_interfaces/msg/detail/scene_object_add__rosidl_typesupport_introspection_c.h
[2.997s] -- Up-to-date: /home/autopilot/ws/restackcell/ws_moveit2/install/wzlscheduler_interfaces/include/wzlscheduler_interfaces/wzlscheduler_interfaces/msg/detail/scene_object_set_pose__type_support.c
[2.997s] -- Up-to-date: /home/autopilot/ws/restackcell/ws_moveit2/install/wzlscheduler_interfaces/include/wzlscheduler_interfaces/wzlscheduler_interfaces/msg/detail/scene_object_remove__rosidl_typesupport_introspection_c.h
[2.998s] -- Up-to-date: /home/autopilot/ws/restackcell/ws_moveit2/install/wzlscheduler_interfaces/include/wzlscheduler_interfaces/wzlscheduler_interfaces/msg/detail/scene_object_remove__type_support.c
[2.998s] -- Up-to-date: /home/autopilot/ws/restackcell/ws_moveit2/install/wzlscheduler_interfaces/include/wzlscheduler_interfaces/wzlscheduler_interfaces/msg/detail/labeled_point_cloud__type_support.c
[2.998s] -- Up-to-date: /home/autopilot/ws/restackcell/ws_moveit2/install/wzlscheduler_interfaces/include/wzlscheduler_interfaces/wzlscheduler_interfaces/msg/detail/labeled_bounding_boxes__rosidl_typesupport_introspection_c.h
[2.998s] -- Up-to-date: /home/autopilot/ws/restackcell/ws_moveit2/install/wzlscheduler_interfaces/include/wzlscheduler_interfaces/wzlscheduler_interfaces/msg/detail/scene_object_add__type_support.c
[2.998s] -- Up-to-date: /home/autopilot/ws/restackcell/ws_moveit2/install/wzlscheduler_interfaces/include/wzlscheduler_interfaces/wzlscheduler_interfaces/msg/detail/labeled_bounding_box__type_support.c
[2.998s] -- Up-to-date: /home/autopilot/ws/restackcell/ws_moveit2/install/wzlscheduler_interfaces/include/wzlscheduler_interfaces/wzlscheduler_interfaces/msg/detail/labeled_bounding_box__rosidl_typesupport_introspection_c.h
[2.998s] -- Up-to-date: /home/autopilot/ws/restackcell/ws_moveit2/install/wzlscheduler_interfaces/include/wzlscheduler_interfaces/wzlscheduler_interfaces/msg/detail/labeled_pose__rosidl_typesupport_introspection_c.h
[2.998s] -- Up-to-date: /home/autopilot/ws/restackcell/ws_moveit2/install/wzlscheduler_interfaces/include/wzlscheduler_interfaces/wzlscheduler_interfaces/msg/detail/labeled_poses__type_support.c
[2.999s] -- Up-to-date: /home/autopilot/ws/restackcell/ws_moveit2/install/wzlscheduler_interfaces/include/wzlscheduler_interfaces/wzlscheduler_interfaces/msg/detail/labeled_bounding_boxes__type_support.c
[2.999s] -- Up-to-date: /home/autopilot/ws/restackcell/ws_moveit2/install/wzlscheduler_interfaces/include/wzlscheduler_interfaces/wzlscheduler_interfaces/msg/detail/scene_object_set_pose__rosidl_typesupport_introspection_c.h
[2.999s] -- Up-to-date: /home/autopilot/ws/restackcell/ws_moveit2/install/wzlscheduler_interfaces/include/wzlscheduler_interfaces/wzlscheduler_interfaces/srv
[2.999s] -- Up-to-date: /home/autopilot/ws/restackcell/ws_moveit2/install/wzlscheduler_interfaces/include/wzlscheduler_interfaces/wzlscheduler_interfaces/srv/detail
[2.999s] -- Up-to-date: /home/autopilot/ws/restackcell/ws_moveit2/install/wzlscheduler_interfaces/include/wzlscheduler_interfaces/wzlscheduler_interfaces/srv/detail/load_object__type_support.c
[2.999s] -- Up-to-date: /home/autopilot/ws/restackcell/ws_moveit2/install/wzlscheduler_interfaces/include/wzlscheduler_interfaces/wzlscheduler_interfaces/srv/detail/robot_move_to_position__type_support.c
[2.999s] -- Up-to-date: /home/autopilot/ws/restackcell/ws_moveit2/install/wzlscheduler_interfaces/include/wzlscheduler_interfaces/wzlscheduler_interfaces/srv/detail/load_object__rosidl_typesupport_introspection_c.h
[3.000s] -- Up-to-date: /home/autopilot/ws/restackcell/ws_moveit2/install/wzlscheduler_interfaces/include/wzlscheduler_interfaces/wzlscheduler_interfaces/srv/detail/robot_set_velocity__type_support.c
[3.000s] -- Up-to-date: /home/autopilot/ws/restackcell/ws_moveit2/install/wzlscheduler_interfaces/include/wzlscheduler_interfaces/wzlscheduler_interfaces/srv/detail/scene_object_detach__type_support.c
[3.000s] -- Up-to-date: /home/autopilot/ws/restackcell/ws_moveit2/install/wzlscheduler_interfaces/include/wzlscheduler_interfaces/wzlscheduler_interfaces/srv/detail/scene_object_attach__rosidl_typesupport_introspection_c.h
[3.000s] -- Up-to-date: /home/autopilot/ws/restackcell/ws_moveit2/install/wzlscheduler_interfaces/include/wzlscheduler_interfaces/wzlscheduler_interfaces/srv/detail/robot_move_to_position__rosidl_typesupport_introspection_c.h
[3.000s] -- Up-to-date: /home/autopilot/ws/restackcell/ws_moveit2/install/wzlscheduler_interfaces/include/wzlscheduler_interfaces/wzlscheduler_interfaces/srv/detail/set_value_io_interface__rosidl_typesupport_introspection_c.h
[3.000s] -- Up-to-date: /home/autopilot/ws/restackcell/ws_moveit2/install/wzlscheduler_interfaces/include/wzlscheduler_interfaces/wzlscheduler_interfaces/srv/detail/scene_object_add__rosidl_typesupport_introspection_c.h
[3.001s] -- Up-to-date: /home/autopilot/ws/restackcell/ws_moveit2/install/wzlscheduler_interfaces/include/wzlscheduler_interfaces/wzlscheduler_interfaces/srv/detail/scene_object_set_pose__type_support.c
[3.001s] -- Up-to-date: /home/autopilot/ws/restackcell/ws_moveit2/install/wzlscheduler_interfaces/include/wzlscheduler_interfaces/wzlscheduler_interfaces/srv/detail/scene_object_remove__rosidl_typesupport_introspection_c.h
[3.001s] -- Up-to-date: /home/autopilot/ws/restackcell/ws_moveit2/install/wzlscheduler_interfaces/include/wzlscheduler_interfaces/wzlscheduler_interfaces/srv/detail/scene_object_remove__type_support.c
[3.002s] -- Up-to-date: /home/autopilot/ws/restackcell/ws_moveit2/install/wzlscheduler_interfaces/include/wzlscheduler_interfaces/wzlscheduler_interfaces/srv/detail/robot_follow_trajectory__rosidl_typesupport_introspection_c.h
[3.002s] -- Up-to-date: /home/autopilot/ws/restackcell/ws_moveit2/install/wzlscheduler_interfaces/include/wzlscheduler_interfaces/wzlscheduler_interfaces/srv/detail/robot_set_velocity__rosidl_typesupport_introspection_c.h
[3.002s] -- Up-to-date: /home/autopilot/ws/restackcell/ws_moveit2/install/wzlscheduler_interfaces/include/wzlscheduler_interfaces/wzlscheduler_interfaces/srv/detail/scene_object_attach__type_support.c
[3.002s] -- Up-to-date: /home/autopilot/ws/restackcell/ws_moveit2/install/wzlscheduler_interfaces/include/wzlscheduler_interfaces/wzlscheduler_interfaces/srv/detail/set_value_io_interface__type_support.c
[3.002s] -- Up-to-date: /home/autopilot/ws/restackcell/ws_moveit2/install/wzlscheduler_interfaces/include/wzlscheduler_interfaces/wzlscheduler_interfaces/srv/detail/scene_object_add__type_support.c
[3.002s] -- Up-to-date: /home/autopilot/ws/restackcell/ws_moveit2/install/wzlscheduler_interfaces/include/wzlscheduler_interfaces/wzlscheduler_interfaces/srv/detail/robot_follow_trajectory__type_support.c
[3.002s] -- Up-to-date: /home/autopilot/ws/restackcell/ws_moveit2/install/wzlscheduler_interfaces/include/wzlscheduler_interfaces/wzlscheduler_interfaces/srv/detail/scene_object_set_pose__rosidl_typesupport_introspection_c.h
[3.003s] -- Up-to-date: /home/autopilot/ws/restackcell/ws_moveit2/install/wzlscheduler_interfaces/include/wzlscheduler_interfaces/wzlscheduler_interfaces/srv/detail/scene_object_detach__rosidl_typesupport_introspection_c.h
[3.003s] -- Up-to-date: /home/autopilot/ws/restackcell/ws_moveit2/install/wzlscheduler_interfaces/lib/libwzlscheduler_interfaces__rosidl_typesupport_introspection_c.so
[3.003s] -- Up-to-date: /home/autopilot/ws/restackcell/ws_moveit2/install/wzlscheduler_interfaces/lib/libwzlscheduler_interfaces__rosidl_typesupport_c.so
[3.003s] -- Up-to-date: /home/autopilot/ws/restackcell/ws_moveit2/install/wzlscheduler_interfaces/include/wzlscheduler_interfaces/wzlscheduler_interfaces
[3.003s] -- Up-to-date: /home/autopilot/ws/restackcell/ws_moveit2/install/wzlscheduler_interfaces/include/wzlscheduler_interfaces/wzlscheduler_interfaces/msg
[3.004s] -- Up-to-date: /home/autopilot/ws/restackcell/ws_moveit2/install/wzlscheduler_interfaces/include/wzlscheduler_interfaces/wzlscheduler_interfaces/msg/labeled_pose.hpp
[3.004s] -- Up-to-date: /home/autopilot/ws/restackcell/ws_moveit2/install/wzlscheduler_interfaces/include/wzlscheduler_interfaces/wzlscheduler_interfaces/msg/labeled_poses.hpp
[3.004s] -- Up-to-date: /home/autopilot/ws/restackcell/ws_moveit2/install/wzlscheduler_interfaces/include/wzlscheduler_interfaces/wzlscheduler_interfaces/msg/labeled_point_cloud.hpp
[3.004s] -- Up-to-date: /home/autopilot/ws/restackcell/ws_moveit2/install/wzlscheduler_interfaces/include/wzlscheduler_interfaces/wzlscheduler_interfaces/msg/scene_object_set_pose.hpp
[3.004s] -- Up-to-date: /home/autopilot/ws/restackcell/ws_moveit2/install/wzlscheduler_interfaces/include/wzlscheduler_interfaces/wzlscheduler_interfaces/msg/detail
[3.004s] -- Up-to-date: /home/autopilot/ws/restackcell/ws_moveit2/install/wzlscheduler_interfaces/include/wzlscheduler_interfaces/wzlscheduler_interfaces/msg/detail/labeled_poses__traits.hpp
[3.005s] -- Up-to-date: /home/autopilot/ws/restackcell/ws_moveit2/install/wzlscheduler_interfaces/include/wzlscheduler_interfaces/wzlscheduler_interfaces/msg/detail/scene_object_set_pose__builder.hpp
[3.005s] -- Up-to-date: /home/autopilot/ws/restackcell/ws_moveit2/install/wzlscheduler_interfaces/include/wzlscheduler_interfaces/wzlscheduler_interfaces/msg/detail/labeled_bounding_boxes__struct.hpp
[3.005s] -- Up-to-date: /home/autopilot/ws/restackcell/ws_moveit2/install/wzlscheduler_interfaces/include/wzlscheduler_interfaces/wzlscheduler_interfaces/msg/detail/labeled_point_cloud__struct.hpp
[3.005s] -- Up-to-date: /home/autopilot/ws/restackcell/ws_moveit2/install/wzlscheduler_interfaces/include/wzlscheduler_interfaces/wzlscheduler_interfaces/msg/detail/scene_object_remove__builder.hpp
[3.005s] -- Up-to-date: /home/autopilot/ws/restackcell/ws_moveit2/install/wzlscheduler_interfaces/include/wzlscheduler_interfaces/wzlscheduler_interfaces/msg/detail/labeled_bounding_box__builder.hpp
[3.005s] -- Up-to-date: /home/autopilot/ws/restackcell/ws_moveit2/install/wzlscheduler_interfaces/include/wzlscheduler_interfaces/wzlscheduler_interfaces/msg/detail/scene_object_remove__struct.hpp
[3.005s] -- Up-to-date: /home/autopilot/ws/restackcell/ws_moveit2/install/wzlscheduler_interfaces/include/wzlscheduler_interfaces/wzlscheduler_interfaces/msg/detail/labeled_point_clouds__builder.hpp
[3.005s] -- Up-to-date: /home/autopilot/ws/restackcell/ws_moveit2/install/wzlscheduler_interfaces/include/wzlscheduler_interfaces/wzlscheduler_interfaces/msg/detail/labeled_bounding_box__traits.hpp
[3.005s] -- Up-to-date: /home/autopilot/ws/restackcell/ws_moveit2/install/wzlscheduler_interfaces/include/wzlscheduler_interfaces/wzlscheduler_interfaces/msg/detail/labeled_point_clouds__struct.hpp
[3.006s] -- Up-to-date: /home/autopilot/ws/restackcell/ws_moveit2/install/wzlscheduler_interfaces/include/wzlscheduler_interfaces/wzlscheduler_interfaces/msg/detail/labeled_poses__builder.hpp
[3.006s] -- Up-to-date: /home/autopilot/ws/restackcell/ws_moveit2/install/wzlscheduler_interfaces/include/wzlscheduler_interfaces/wzlscheduler_interfaces/msg/detail/scene_object_set_pose__struct.hpp
[3.006s] -- Up-to-date: /home/autopilot/ws/restackcell/ws_moveit2/install/wzlscheduler_interfaces/include/wzlscheduler_interfaces/wzlscheduler_interfaces/msg/detail/labeled_point_cloud__traits.hpp
[3.006s] -- Up-to-date: /home/autopilot/ws/restackcell/ws_moveit2/install/wzlscheduler_interfaces/include/wzlscheduler_interfaces/wzlscheduler_interfaces/msg/detail/labeled_bounding_boxes__builder.hpp
[3.006s] -- Up-to-date: /home/autopilot/ws/restackcell/ws_moveit2/install/wzlscheduler_interfaces/include/wzlscheduler_interfaces/wzlscheduler_interfaces/msg/detail/labeled_point_cloud__builder.hpp
[3.006s] -- Up-to-date: /home/autopilot/ws/restackcell/ws_moveit2/install/wzlscheduler_interfaces/include/wzlscheduler_interfaces/wzlscheduler_interfaces/msg/detail/scene_object_add__builder.hpp
[3.006s] -- Up-to-date: /home/autopilot/ws/restackcell/ws_moveit2/install/wzlscheduler_interfaces/include/wzlscheduler_interfaces/wzlscheduler_interfaces/msg/detail/labeled_pose__builder.hpp
[3.006s] -- Up-to-date: /home/autopilot/ws/restackcell/ws_moveit2/install/wzlscheduler_interfaces/include/wzlscheduler_interfaces/wzlscheduler_interfaces/msg/detail/labeled_point_clouds__traits.hpp
[3.006s] -- Up-to-date: /home/autopilot/ws/restackcell/ws_moveit2/install/wzlscheduler_interfaces/include/wzlscheduler_interfaces/wzlscheduler_interfaces/msg/detail/labeled_pose__struct.hpp
[3.006s] -- Up-to-date: /home/autopilot/ws/restackcell/ws_moveit2/install/wzlscheduler_interfaces/include/wzlscheduler_interfaces/wzlscheduler_interfaces/msg/detail/scene_object_add__struct.hpp
[3.007s] -- Up-to-date: /home/autopilot/ws/restackcell/ws_moveit2/install/wzlscheduler_interfaces/include/wzlscheduler_interfaces/wzlscheduler_interfaces/msg/detail/labeled_poses__struct.hpp
[3.007s] -- Up-to-date: /home/autopilot/ws/restackcell/ws_moveit2/install/wzlscheduler_interfaces/include/wzlscheduler_interfaces/wzlscheduler_interfaces/msg/detail/scene_object_set_pose__traits.hpp
[3.007s] -- Up-to-date: /home/autopilot/ws/restackcell/ws_moveit2/install/wzlscheduler_interfaces/include/wzlscheduler_interfaces/wzlscheduler_interfaces/msg/detail/labeled_bounding_boxes__traits.hpp
[3.007s] -- Up-to-date: /home/autopilot/ws/restackcell/ws_moveit2/install/wzlscheduler_interfaces/include/wzlscheduler_interfaces/wzlscheduler_interfaces/msg/detail/labeled_pose__traits.hpp
[3.007s] -- Up-to-date: /home/autopilot/ws/restackcell/ws_moveit2/install/wzlscheduler_interfaces/include/wzlscheduler_interfaces/wzlscheduler_interfaces/msg/detail/scene_object_remove__traits.hpp
[3.007s] -- Up-to-date: /home/autopilot/ws/restackcell/ws_moveit2/install/wzlscheduler_interfaces/include/wzlscheduler_interfaces/wzlscheduler_interfaces/msg/detail/labeled_bounding_box__struct.hpp
[3.007s] -- Up-to-date: /home/autopilot/ws/restackcell/ws_moveit2/install/wzlscheduler_interfaces/include/wzlscheduler_interfaces/wzlscheduler_interfaces/msg/detail/scene_object_add__traits.hpp
[3.007s] -- Up-to-date: /home/autopilot/ws/restackcell/ws_moveit2/install/wzlscheduler_interfaces/include/wzlscheduler_interfaces/wzlscheduler_interfaces/msg/labeled_bounding_boxes.hpp
[3.007s] -- Up-to-date: /home/autopilot/ws/restackcell/ws_moveit2/install/wzlscheduler_interfaces/include/wzlscheduler_interfaces/wzlscheduler_interfaces/msg/labeled_bounding_box.hpp
[3.007s] -- Up-to-date: /home/autopilot/ws/restackcell/ws_moveit2/install/wzlscheduler_interfaces/include/wzlscheduler_interfaces/wzlscheduler_interfaces/msg/scene_object_remove.hpp
[3.008s] -- Up-to-date: /home/autopilot/ws/restackcell/ws_moveit2/install/wzlscheduler_interfaces/include/wzlscheduler_interfaces/wzlscheduler_interfaces/msg/scene_object_add.hpp
[3.008s] -- Up-to-date: /home/autopilot/ws/restackcell/ws_moveit2/install/wzlscheduler_interfaces/include/wzlscheduler_interfaces/wzlscheduler_interfaces/msg/labeled_point_clouds.hpp
[3.008s] -- Up-to-date: /home/autopilot/ws/restackcell/ws_moveit2/install/wzlscheduler_interfaces/include/wzlscheduler_interfaces/wzlscheduler_interfaces/srv
[3.008s] -- Up-to-date: /home/autopilot/ws/restackcell/ws_moveit2/install/wzlscheduler_interfaces/include/wzlscheduler_interfaces/wzlscheduler_interfaces/srv/load_object.hpp
[3.008s] -- Up-to-date: /home/autopilot/ws/restackcell/ws_moveit2/install/wzlscheduler_interfaces/include/wzlscheduler_interfaces/wzlscheduler_interfaces/srv/robot_set_velocity.hpp
[3.008s] -- Up-to-date: /home/autopilot/ws/restackcell/ws_moveit2/install/wzlscheduler_interfaces/include/wzlscheduler_interfaces/wzlscheduler_interfaces/srv/scene_object_attach.hpp
[3.008s] -- Up-to-date: /home/autopilot/ws/restackcell/ws_moveit2/install/wzlscheduler_interfaces/include/wzlscheduler_interfaces/wzlscheduler_interfaces/srv/scene_object_detach.hpp
[3.009s] -- Up-to-date: /home/autopilot/ws/restackcell/ws_moveit2/install/wzlscheduler_interfaces/include/wzlscheduler_interfaces/wzlscheduler_interfaces/srv/scene_object_set_pose.hpp
[3.009s] -- Up-to-date: /home/autopilot/ws/restackcell/ws_moveit2/install/wzlscheduler_interfaces/include/wzlscheduler_interfaces/wzlscheduler_interfaces/srv/detail
[3.009s] -- Up-to-date: /home/autopilot/ws/restackcell/ws_moveit2/install/wzlscheduler_interfaces/include/wzlscheduler_interfaces/wzlscheduler_interfaces/srv/detail/scene_object_set_pose__builder.hpp
[3.009s] -- Up-to-date: /home/autopilot/ws/restackcell/ws_moveit2/install/wzlscheduler_interfaces/include/wzlscheduler_interfaces/wzlscheduler_interfaces/srv/detail/scene_object_detach__struct.hpp
[3.009s] -- Up-to-date: /home/autopilot/ws/restackcell/ws_moveit2/install/wzlscheduler_interfaces/include/wzlscheduler_interfaces/wzlscheduler_interfaces/srv/detail/scene_object_remove__builder.hpp
[3.009s] -- Up-to-date: /home/autopilot/ws/restackcell/ws_moveit2/install/wzlscheduler_interfaces/include/wzlscheduler_interfaces/wzlscheduler_interfaces/srv/detail/scene_object_detach__builder.hpp
[3.009s] -- Up-to-date: /home/autopilot/ws/restackcell/ws_moveit2/install/wzlscheduler_interfaces/include/wzlscheduler_interfaces/wzlscheduler_interfaces/srv/detail/scene_object_remove__struct.hpp
[3.009s] -- Up-to-date: /home/autopilot/ws/restackcell/ws_moveit2/install/wzlscheduler_interfaces/include/wzlscheduler_interfaces/wzlscheduler_interfaces/srv/detail/robot_follow_trajectory__struct.hpp
[3.009s] -- Up-to-date: /home/autopilot/ws/restackcell/ws_moveit2/install/wzlscheduler_interfaces/include/wzlscheduler_interfaces/wzlscheduler_interfaces/srv/detail/load_object__traits.hpp
[3.009s] -- Up-to-date: /home/autopilot/ws/restackcell/ws_moveit2/install/wzlscheduler_interfaces/include/wzlscheduler_interfaces/wzlscheduler_interfaces/srv/detail/set_value_io_interface__traits.hpp
[3.010s] -- Up-to-date: /home/autopilot/ws/restackcell/ws_moveit2/install/wzlscheduler_interfaces/include/wzlscheduler_interfaces/wzlscheduler_interfaces/srv/detail/scene_object_set_pose__struct.hpp
[3.010s] -- Up-to-date: /home/autopilot/ws/restackcell/ws_moveit2/install/wzlscheduler_interfaces/include/wzlscheduler_interfaces/wzlscheduler_interfaces/srv/detail/scene_object_attach__traits.hpp
[3.010s] -- Up-to-date: /home/autopilot/ws/restackcell/ws_moveit2/install/wzlscheduler_interfaces/include/wzlscheduler_interfaces/wzlscheduler_interfaces/srv/detail/robot_set_velocity__struct.hpp
[3.010s] -- Up-to-date: /home/autopilot/ws/restackcell/ws_moveit2/install/wzlscheduler_interfaces/include/wzlscheduler_interfaces/wzlscheduler_interfaces/srv/detail/scene_object_attach__builder.hpp
[3.010s] -- Up-to-date: /home/autopilot/ws/restackcell/ws_moveit2/install/wzlscheduler_interfaces/include/wzlscheduler_interfaces/wzlscheduler_interfaces/srv/detail/robot_follow_trajectory__traits.hpp
[3.010s] -- Up-to-date: /home/autopilot/ws/restackcell/ws_moveit2/install/wzlscheduler_interfaces/include/wzlscheduler_interfaces/wzlscheduler_interfaces/srv/detail/scene_object_detach__traits.hpp
[3.010s] -- Up-to-date: /home/autopilot/ws/restackcell/ws_moveit2/install/wzlscheduler_interfaces/include/wzlscheduler_interfaces/wzlscheduler_interfaces/srv/detail/load_object__struct.hpp
[3.010s] -- Up-to-date: /home/autopilot/ws/restackcell/ws_moveit2/install/wzlscheduler_interfaces/include/wzlscheduler_interfaces/wzlscheduler_interfaces/srv/detail/set_value_io_interface__struct.hpp
[3.010s] -- Up-to-date: /home/autopilot/ws/restackcell/ws_moveit2/install/wzlscheduler_interfaces/include/wzlscheduler_interfaces/wzlscheduler_interfaces/srv/detail/scene_object_add__builder.hpp
[3.010s] -- Up-to-date: /home/autopilot/ws/restackcell/ws_moveit2/install/wzlscheduler_interfaces/include/wzlscheduler_interfaces/wzlscheduler_interfaces/srv/detail/load_object__builder.hpp
[3.011s] -- Up-to-date: /home/autopilot/ws/restackcell/ws_moveit2/install/wzlscheduler_interfaces/include/wzlscheduler_interfaces/wzlscheduler_interfaces/srv/detail/scene_object_add__struct.hpp
[3.011s] -- Up-to-date: /home/autopilot/ws/restackcell/ws_moveit2/install/wzlscheduler_interfaces/include/wzlscheduler_interfaces/wzlscheduler_interfaces/srv/detail/robot_set_velocity__builder.hpp
[3.011s] -- Up-to-date: /home/autopilot/ws/restackcell/ws_moveit2/install/wzlscheduler_interfaces/include/wzlscheduler_interfaces/wzlscheduler_interfaces/srv/detail/robot_follow_trajectory__builder.hpp
[3.011s] -- Up-to-date: /home/autopilot/ws/restackcell/ws_moveit2/install/wzlscheduler_interfaces/include/wzlscheduler_interfaces/wzlscheduler_interfaces/srv/detail/scene_object_set_pose__traits.hpp
[3.011s] -- Up-to-date: /home/autopilot/ws/restackcell/ws_moveit2/install/wzlscheduler_interfaces/include/wzlscheduler_interfaces/wzlscheduler_interfaces/srv/detail/robot_set_velocity__traits.hpp
[3.011s] -- Up-to-date: /home/autopilot/ws/restackcell/ws_moveit2/install/wzlscheduler_interfaces/include/wzlscheduler_interfaces/wzlscheduler_interfaces/srv/detail/robot_move_to_position__builder.hpp
[3.011s] -- Up-to-date: /home/autopilot/ws/restackcell/ws_moveit2/install/wzlscheduler_interfaces/include/wzlscheduler_interfaces/wzlscheduler_interfaces/srv/detail/robot_move_to_position__traits.hpp
[3.011s] -- Up-to-date: /home/autopilot/ws/restackcell/ws_moveit2/install/wzlscheduler_interfaces/include/wzlscheduler_interfaces/wzlscheduler_interfaces/srv/detail/scene_object_remove__traits.hpp
[3.011s] -- Up-to-date: /home/autopilot/ws/restackcell/ws_moveit2/install/wzlscheduler_interfaces/include/wzlscheduler_interfaces/wzlscheduler_interfaces/srv/detail/scene_object_add__traits.hpp
[3.011s] -- Up-to-date: /home/autopilot/ws/restackcell/ws_moveit2/install/wzlscheduler_interfaces/include/wzlscheduler_interfaces/wzlscheduler_interfaces/srv/detail/scene_object_attach__struct.hpp
[3.012s] -- Up-to-date: /home/autopilot/ws/restackcell/ws_moveit2/install/wzlscheduler_interfaces/include/wzlscheduler_interfaces/wzlscheduler_interfaces/srv/detail/set_value_io_interface__builder.hpp
[3.012s] -- Up-to-date: /home/autopilot/ws/restackcell/ws_moveit2/install/wzlscheduler_interfaces/include/wzlscheduler_interfaces/wzlscheduler_interfaces/srv/detail/robot_move_to_position__struct.hpp
[3.012s] -- Up-to-date: /home/autopilot/ws/restackcell/ws_moveit2/install/wzlscheduler_interfaces/include/wzlscheduler_interfaces/wzlscheduler_interfaces/srv/scene_object_remove.hpp
[3.012s] -- Up-to-date: /home/autopilot/ws/restackcell/ws_moveit2/install/wzlscheduler_interfaces/include/wzlscheduler_interfaces/wzlscheduler_interfaces/srv/set_value_io_interface.hpp
[3.012s] -- Up-to-date: /home/autopilot/ws/restackcell/ws_moveit2/install/wzlscheduler_interfaces/include/wzlscheduler_interfaces/wzlscheduler_interfaces/srv/robot_follow_trajectory.hpp
[3.012s] -- Up-to-date: /home/autopilot/ws/restackcell/ws_moveit2/install/wzlscheduler_interfaces/include/wzlscheduler_interfaces/wzlscheduler_interfaces/srv/robot_move_to_position.hpp
[3.012s] -- Up-to-date: /home/autopilot/ws/restackcell/ws_moveit2/install/wzlscheduler_interfaces/include/wzlscheduler_interfaces/wzlscheduler_interfaces/srv/scene_object_add.hpp
[3.012s] -- Up-to-date: /home/autopilot/ws/restackcell/ws_moveit2/install/wzlscheduler_interfaces/include/wzlscheduler_interfaces/wzlscheduler_interfaces
[3.012s] -- Up-to-date: /home/autopilot/ws/restackcell/ws_moveit2/install/wzlscheduler_interfaces/include/wzlscheduler_interfaces/wzlscheduler_interfaces/msg
[3.012s] -- Up-to-date: /home/autopilot/ws/restackcell/ws_moveit2/install/wzlscheduler_interfaces/include/wzlscheduler_interfaces/wzlscheduler_interfaces/msg/rosidl_typesupport_fastrtps_cpp__visibility_control.h
[3.013s] -- Up-to-date: /home/autopilot/ws/restackcell/ws_moveit2/install/wzlscheduler_interfaces/include/wzlscheduler_interfaces/wzlscheduler_interfaces/msg/detail
[3.013s] -- Up-to-date: /home/autopilot/ws/restackcell/ws_moveit2/install/wzlscheduler_interfaces/include/wzlscheduler_interfaces/wzlscheduler_interfaces/msg/detail/labeled_point_clouds__rosidl_typesupport_fastrtps_cpp.hpp
[3.013s] -- Up-to-date: /home/autopilot/ws/restackcell/ws_moveit2/install/wzlscheduler_interfaces/include/wzlscheduler_interfaces/wzlscheduler_interfaces/msg/detail/scene_object_remove__rosidl_typesupport_fastrtps_cpp.hpp
[3.013s] -- Up-to-date: /home/autopilot/ws/restackcell/ws_moveit2/install/wzlscheduler_interfaces/include/wzlscheduler_interfaces/wzlscheduler_interfaces/msg/detail/labeled_bounding_box__rosidl_typesupport_fastrtps_cpp.hpp
[3.013s] -- Up-to-date: /home/autopilot/ws/restackcell/ws_moveit2/install/wzlscheduler_interfaces/include/wzlscheduler_interfaces/wzlscheduler_interfaces/msg/detail/labeled_point_cloud__rosidl_typesupport_fastrtps_cpp.hpp
[3.013s] -- Up-to-date: /home/autopilot/ws/restackcell/ws_moveit2/install/wzlscheduler_interfaces/include/wzlscheduler_interfaces/wzlscheduler_interfaces/msg/detail/scene_object_set_pose__rosidl_typesupport_fastrtps_cpp.hpp
[3.013s] -- Up-to-date: /home/autopilot/ws/restackcell/ws_moveit2/install/wzlscheduler_interfaces/include/wzlscheduler_interfaces/wzlscheduler_interfaces/msg/detail/labeled_bounding_boxes__rosidl_typesupport_fastrtps_cpp.hpp
[3.013s] -- Up-to-date: /home/autopilot/ws/restackcell/ws_moveit2/install/wzlscheduler_interfaces/include/wzlscheduler_interfaces/wzlscheduler_interfaces/msg/detail/labeled_poses__rosidl_typesupport_fastrtps_cpp.hpp
[3.013s] -- Up-to-date: /home/autopilot/ws/restackcell/ws_moveit2/install/wzlscheduler_interfaces/include/wzlscheduler_interfaces/wzlscheduler_interfaces/msg/detail/labeled_pose__rosidl_typesupport_fastrtps_cpp.hpp
[3.013s] -- Up-to-date: /home/autopilot/ws/restackcell/ws_moveit2/install/wzlscheduler_interfaces/include/wzlscheduler_interfaces/wzlscheduler_interfaces/msg/detail/dds_fastrtps
[3.014s] -- Up-to-date: /home/autopilot/ws/restackcell/ws_moveit2/install/wzlscheduler_interfaces/include/wzlscheduler_interfaces/wzlscheduler_interfaces/msg/detail/scene_object_add__rosidl_typesupport_fastrtps_cpp.hpp
[3.014s] -- Up-to-date: /home/autopilot/ws/restackcell/ws_moveit2/install/wzlscheduler_interfaces/include/wzlscheduler_interfaces/wzlscheduler_interfaces/srv
[3.014s] -- Up-to-date: /home/autopilot/ws/restackcell/ws_moveit2/install/wzlscheduler_interfaces/include/wzlscheduler_interfaces/wzlscheduler_interfaces/srv/detail
[3.014s] -- Up-to-date: /home/autopilot/ws/restackcell/ws_moveit2/install/wzlscheduler_interfaces/include/wzlscheduler_interfaces/wzlscheduler_interfaces/srv/detail/scene_object_attach__rosidl_typesupport_fastrtps_cpp.hpp
[3.014s] -- Up-to-date: /home/autopilot/ws/restackcell/ws_moveit2/install/wzlscheduler_interfaces/include/wzlscheduler_interfaces/wzlscheduler_interfaces/srv/detail/scene_object_detach__rosidl_typesupport_fastrtps_cpp.hpp
[3.014s] -- Up-to-date: /home/autopilot/ws/restackcell/ws_moveit2/install/wzlscheduler_interfaces/include/wzlscheduler_interfaces/wzlscheduler_interfaces/srv/detail/load_object__rosidl_typesupport_fastrtps_cpp.hpp
[3.014s] -- Up-to-date: /home/autopilot/ws/restackcell/ws_moveit2/install/wzlscheduler_interfaces/include/wzlscheduler_interfaces/wzlscheduler_interfaces/srv/detail/scene_object_remove__rosidl_typesupport_fastrtps_cpp.hpp
[3.014s] -- Up-to-date: /home/autopilot/ws/restackcell/ws_moveit2/install/wzlscheduler_interfaces/include/wzlscheduler_interfaces/wzlscheduler_interfaces/srv/detail/scene_object_set_pose__rosidl_typesupport_fastrtps_cpp.hpp
[3.014s] -- Up-to-date: /home/autopilot/ws/restackcell/ws_moveit2/install/wzlscheduler_interfaces/include/wzlscheduler_interfaces/wzlscheduler_interfaces/srv/detail/set_value_io_interface__rosidl_typesupport_fastrtps_cpp.hpp
[3.014s] -- Up-to-date: /home/autopilot/ws/restackcell/ws_moveit2/install/wzlscheduler_interfaces/include/wzlscheduler_interfaces/wzlscheduler_interfaces/srv/detail/dds_fastrtps
[3.015s] -- Up-to-date: /home/autopilot/ws/restackcell/ws_moveit2/install/wzlscheduler_interfaces/include/wzlscheduler_interfaces/wzlscheduler_interfaces/srv/detail/scene_object_add__rosidl_typesupport_fastrtps_cpp.hpp
[3.015s] -- Up-to-date: /home/autopilot/ws/restackcell/ws_moveit2/install/wzlscheduler_interfaces/include/wzlscheduler_interfaces/wzlscheduler_interfaces/srv/detail/robot_move_to_position__rosidl_typesupport_fastrtps_cpp.hpp
[3.015s] -- Up-to-date: /home/autopilot/ws/restackcell/ws_moveit2/install/wzlscheduler_interfaces/include/wzlscheduler_interfaces/wzlscheduler_interfaces/srv/detail/robot_follow_trajectory__rosidl_typesupport_fastrtps_cpp.hpp
[3.015s] -- Up-to-date: /home/autopilot/ws/restackcell/ws_moveit2/install/wzlscheduler_interfaces/include/wzlscheduler_interfaces/wzlscheduler_interfaces/srv/detail/robot_set_velocity__rosidl_typesupport_fastrtps_cpp.hpp
[3.015s] -- Up-to-date: /home/autopilot/ws/restackcell/ws_moveit2/install/wzlscheduler_interfaces/lib/libwzlscheduler_interfaces__rosidl_typesupport_fastrtps_cpp.so
[3.015s] -- Up-to-date: /home/autopilot/ws/restackcell/ws_moveit2/install/wzlscheduler_interfaces/include/wzlscheduler_interfaces/wzlscheduler_interfaces
[3.015s] -- Up-to-date: /home/autopilot/ws/restackcell/ws_moveit2/install/wzlscheduler_interfaces/include/wzlscheduler_interfaces/wzlscheduler_interfaces/msg
[3.015s] -- Up-to-date: /home/autopilot/ws/restackcell/ws_moveit2/install/wzlscheduler_interfaces/include/wzlscheduler_interfaces/wzlscheduler_interfaces/msg/detail
[3.016s] -- Up-to-date: /home/autopilot/ws/restackcell/ws_moveit2/install/wzlscheduler_interfaces/include/wzlscheduler_interfaces/wzlscheduler_interfaces/msg/detail/labeled_point_cloud__type_support.cpp
[3.016s] -- Up-to-date: /home/autopilot/ws/restackcell/ws_moveit2/install/wzlscheduler_interfaces/include/wzlscheduler_interfaces/wzlscheduler_interfaces/msg/detail/labeled_bounding_boxes__rosidl_typesupport_introspection_cpp.hpp
[3.016s] -- Up-to-date: /home/autopilot/ws/restackcell/ws_moveit2/install/wzlscheduler_interfaces/include/wzlscheduler_interfaces/wzlscheduler_interfaces/msg/detail/labeled_poses__type_support.cpp
[3.016s] -- Up-to-date: /home/autopilot/ws/restackcell/ws_moveit2/install/wzlscheduler_interfaces/include/wzlscheduler_interfaces/wzlscheduler_interfaces/msg/detail/labeled_poses__rosidl_typesupport_introspection_cpp.hpp
[3.016s] -- Up-to-date: /home/autopilot/ws/restackcell/ws_moveit2/install/wzlscheduler_interfaces/include/wzlscheduler_interfaces/wzlscheduler_interfaces/msg/detail/labeled_point_clouds__rosidl_typesupport_introspection_cpp.hpp
[3.016s] -- Up-to-date: /home/autopilot/ws/restackcell/ws_moveit2/install/wzlscheduler_interfaces/include/wzlscheduler_interfaces/wzlscheduler_interfaces/msg/detail/labeled_bounding_boxes__type_support.cpp
[3.016s] -- Up-to-date: /home/autopilot/ws/restackcell/ws_moveit2/install/wzlscheduler_interfaces/include/wzlscheduler_interfaces/wzlscheduler_interfaces/msg/detail/labeled_bounding_box__type_support.cpp
[3.016s] -- Up-to-date: /home/autopilot/ws/restackcell/ws_moveit2/install/wzlscheduler_interfaces/include/wzlscheduler_interfaces/wzlscheduler_interfaces/msg/detail/scene_object_add__type_support.cpp
[3.016s] -- Up-to-date: /home/autopilot/ws/restackcell/ws_moveit2/install/wzlscheduler_interfaces/include/wzlscheduler_interfaces/wzlscheduler_interfaces/msg/detail/labeled_point_cloud__rosidl_typesupport_introspection_cpp.hpp
[3.016s] -- Up-to-date: /home/autopilot/ws/restackcell/ws_moveit2/install/wzlscheduler_interfaces/include/wzlscheduler_interfaces/wzlscheduler_interfaces/msg/detail/scene_object_add__rosidl_typesupport_introspection_cpp.hpp
[3.017s] -- Up-to-date: /home/autopilot/ws/restackcell/ws_moveit2/install/wzlscheduler_interfaces/include/wzlscheduler_interfaces/wzlscheduler_interfaces/msg/detail/scene_object_set_pose__rosidl_typesupport_introspection_cpp.hpp
[3.017s] -- Up-to-date: /home/autopilot/ws/restackcell/ws_moveit2/install/wzlscheduler_interfaces/include/wzlscheduler_interfaces/wzlscheduler_interfaces/msg/detail/scene_object_remove__type_support.cpp
[3.017s] -- Up-to-date: /home/autopilot/ws/restackcell/ws_moveit2/install/wzlscheduler_interfaces/include/wzlscheduler_interfaces/wzlscheduler_interfaces/msg/detail/scene_object_remove__rosidl_typesupport_introspection_cpp.hpp
[3.017s] -- Up-to-date: /home/autopilot/ws/restackcell/ws_moveit2/install/wzlscheduler_interfaces/include/wzlscheduler_interfaces/wzlscheduler_interfaces/msg/detail/labeled_pose__type_support.cpp
[3.017s] -- Up-to-date: /home/autopilot/ws/restackcell/ws_moveit2/install/wzlscheduler_interfaces/include/wzlscheduler_interfaces/wzlscheduler_interfaces/msg/detail/scene_object_set_pose__type_support.cpp
[3.017s] -- Up-to-date: /home/autopilot/ws/restackcell/ws_moveit2/install/wzlscheduler_interfaces/include/wzlscheduler_interfaces/wzlscheduler_interfaces/msg/detail/labeled_point_clouds__type_support.cpp
[3.017s] -- Up-to-date: /home/autopilot/ws/restackcell/ws_moveit2/install/wzlscheduler_interfaces/include/wzlscheduler_interfaces/wzlscheduler_interfaces/msg/detail/labeled_pose__rosidl_typesupport_introspection_cpp.hpp
[3.017s] -- Up-to-date: /home/autopilot/ws/restackcell/ws_moveit2/install/wzlscheduler_interfaces/include/wzlscheduler_interfaces/wzlscheduler_interfaces/msg/detail/labeled_bounding_box__rosidl_typesupport_introspection_cpp.hpp
[3.017s] -- Up-to-date: /home/autopilot/ws/restackcell/ws_moveit2/install/wzlscheduler_interfaces/include/wzlscheduler_interfaces/wzlscheduler_interfaces/srv
[3.017s] -- Up-to-date: /home/autopilot/ws/restackcell/ws_moveit2/install/wzlscheduler_interfaces/include/wzlscheduler_interfaces/wzlscheduler_interfaces/srv/detail
[3.018s] -- Up-to-date: /home/autopilot/ws/restackcell/ws_moveit2/install/wzlscheduler_interfaces/include/wzlscheduler_interfaces/wzlscheduler_interfaces/srv/detail/scene_object_detach__type_support.cpp
[3.018s] -- Up-to-date: /home/autopilot/ws/restackcell/ws_moveit2/install/wzlscheduler_interfaces/include/wzlscheduler_interfaces/wzlscheduler_interfaces/srv/detail/robot_follow_trajectory__type_support.cpp
[3.018s] -- Up-to-date: /home/autopilot/ws/restackcell/ws_moveit2/install/wzlscheduler_interfaces/include/wzlscheduler_interfaces/wzlscheduler_interfaces/srv/detail/scene_object_attach__type_support.cpp
[3.018s] -- Up-to-date: /home/autopilot/ws/restackcell/ws_moveit2/install/wzlscheduler_interfaces/include/wzlscheduler_interfaces/wzlscheduler_interfaces/srv/detail/robot_set_velocity__rosidl_typesupport_introspection_cpp.hpp
[3.019s] -- Up-to-date: /home/autopilot/ws/restackcell/ws_moveit2/install/wzlscheduler_interfaces/include/wzlscheduler_interfaces/wzlscheduler_interfaces/srv/detail/robot_move_to_position__type_support.cpp
[3.019s] -- Up-to-date: /home/autopilot/ws/restackcell/ws_moveit2/install/wzlscheduler_interfaces/include/wzlscheduler_interfaces/wzlscheduler_interfaces/srv/detail/scene_object_detach__rosidl_typesupport_introspection_cpp.hpp
[3.019s] -- Up-to-date: /home/autopilot/ws/restackcell/ws_moveit2/install/wzlscheduler_interfaces/include/wzlscheduler_interfaces/wzlscheduler_interfaces/srv/detail/set_value_io_interface__rosidl_typesupport_introspection_cpp.hpp
[3.019s] -- Up-to-date: /home/autopilot/ws/restackcell/ws_moveit2/install/wzlscheduler_interfaces/include/wzlscheduler_interfaces/wzlscheduler_interfaces/srv/detail/scene_object_add__type_support.cpp
[3.019s] -- Up-to-date: /home/autopilot/ws/restackcell/ws_moveit2/install/wzlscheduler_interfaces/include/wzlscheduler_interfaces/wzlscheduler_interfaces/srv/detail/load_object__type_support.cpp
[3.019s] -- Up-to-date: /home/autopilot/ws/restackcell/ws_moveit2/install/wzlscheduler_interfaces/include/wzlscheduler_interfaces/wzlscheduler_interfaces/srv/detail/robot_follow_trajectory__rosidl_typesupport_introspection_cpp.hpp
[3.020s] -- Up-to-date: /home/autopilot/ws/restackcell/ws_moveit2/install/wzlscheduler_interfaces/include/wzlscheduler_interfaces/wzlscheduler_interfaces/srv/detail/load_object__rosidl_typesupport_introspection_cpp.hpp
[3.020s] -- Up-to-date: /home/autopilot/ws/restackcell/ws_moveit2/install/wzlscheduler_interfaces/include/wzlscheduler_interfaces/wzlscheduler_interfaces/srv/detail/scene_object_add__rosidl_typesupport_introspection_cpp.hpp
[3.020s] -- Up-to-date: /home/autopilot/ws/restackcell/ws_moveit2/install/wzlscheduler_interfaces/include/wzlscheduler_interfaces/wzlscheduler_interfaces/srv/detail/set_value_io_interface__type_support.cpp
[3.020s] -- Up-to-date: /home/autopilot/ws/restackcell/ws_moveit2/install/wzlscheduler_interfaces/include/wzlscheduler_interfaces/wzlscheduler_interfaces/srv/detail/robot_move_to_position__rosidl_typesupport_introspection_cpp.hpp
[3.020s] -- Up-to-date: /home/autopilot/ws/restackcell/ws_moveit2/install/wzlscheduler_interfaces/include/wzlscheduler_interfaces/wzlscheduler_interfaces/srv/detail/scene_object_attach__rosidl_typesupport_introspection_cpp.hpp
[3.020s] -- Up-to-date: /home/autopilot/ws/restackcell/ws_moveit2/install/wzlscheduler_interfaces/include/wzlscheduler_interfaces/wzlscheduler_interfaces/srv/detail/robot_set_velocity__type_support.cpp
[3.020s] -- Up-to-date: /home/autopilot/ws/restackcell/ws_moveit2/install/wzlscheduler_interfaces/include/wzlscheduler_interfaces/wzlscheduler_interfaces/srv/detail/scene_object_set_pose__rosidl_typesupport_introspection_cpp.hpp
[3.021s] -- Up-to-date: /home/autopilot/ws/restackcell/ws_moveit2/install/wzlscheduler_interfaces/include/wzlscheduler_interfaces/wzlscheduler_interfaces/srv/detail/scene_object_remove__type_support.cpp
[3.021s] -- Up-to-date: /home/autopilot/ws/restackcell/ws_moveit2/install/wzlscheduler_interfaces/include/wzlscheduler_interfaces/wzlscheduler_interfaces/srv/detail/scene_object_remove__rosidl_typesupport_introspection_cpp.hpp
[3.021s] -- Up-to-date: /home/autopilot/ws/restackcell/ws_moveit2/install/wzlscheduler_interfaces/include/wzlscheduler_interfaces/wzlscheduler_interfaces/srv/detail/scene_object_set_pose__type_support.cpp
[3.021s] -- Up-to-date: /home/autopilot/ws/restackcell/ws_moveit2/install/wzlscheduler_interfaces/lib/libwzlscheduler_interfaces__rosidl_typesupport_introspection_cpp.so
[3.021s] -- Up-to-date: /home/autopilot/ws/restackcell/ws_moveit2/install/wzlscheduler_interfaces/lib/libwzlscheduler_interfaces__rosidl_typesupport_cpp.so
[3.021s] -- Up-to-date: /home/autopilot/ws/restackcell/ws_moveit2/install/wzlscheduler_interfaces/share/wzlscheduler_interfaces/environment/pythonpath.sh
[3.021s] -- Up-to-date: /home/autopilot/ws/restackcell/ws_moveit2/install/wzlscheduler_interfaces/share/wzlscheduler_interfaces/environment/pythonpath.dsv
[3.022s] -- Up-to-date: /home/autopilot/ws/restackcell/ws_moveit2/install/wzlscheduler_interfaces/local/lib/python3.10/dist-packages/wzlscheduler_interfaces-0.0.0-py3.10.egg-info
[3.022s] -- Installing: /home/autopilot/ws/restackcell/ws_moveit2/install/wzlscheduler_interfaces/local/lib/python3.10/dist-packages/wzlscheduler_interfaces-0.0.0-py3.10.egg-info/SOURCES.txt
[3.022s] -- Installing: /home/autopilot/ws/restackcell/ws_moveit2/install/wzlscheduler_interfaces/local/lib/python3.10/dist-packages/wzlscheduler_interfaces-0.0.0-py3.10.egg-info/PKG-INFO
[3.022s] -- Installing: /home/autopilot/ws/restackcell/ws_moveit2/install/wzlscheduler_interfaces/local/lib/python3.10/dist-packages/wzlscheduler_interfaces-0.0.0-py3.10.egg-info/top_level.txt
[3.022s] -- Installing: /home/autopilot/ws/restackcell/ws_moveit2/install/wzlscheduler_interfaces/local/lib/python3.10/dist-packages/wzlscheduler_interfaces-0.0.0-py3.10.egg-info/dependency_links.txt
[3.023s] -- Up-to-date: /home/autopilot/ws/restackcell/ws_moveit2/install/wzlscheduler_interfaces/local/lib/python3.10/dist-packages/wzlscheduler_interfaces
[3.023s] -- Up-to-date: /home/autopilot/ws/restackcell/ws_moveit2/install/wzlscheduler_interfaces/local/lib/python3.10/dist-packages/wzlscheduler_interfaces/__init__.py
[3.023s] -- Up-to-date: /home/autopilot/ws/restackcell/ws_moveit2/install/wzlscheduler_interfaces/local/lib/python3.10/dist-packages/wzlscheduler_interfaces/_wzlscheduler_interfaces_s.ep.rosidl_typesupport_introspection_c.c
[3.023s] -- Up-to-date: /home/autopilot/ws/restackcell/ws_moveit2/install/wzlscheduler_interfaces/local/lib/python3.10/dist-packages/wzlscheduler_interfaces/wzlscheduler_interfaces_s__rosidl_typesupport_c.cpython-310-aarch64-linux-gnu.so
[3.023s] -- Up-to-date: /home/autopilot/ws/restackcell/ws_moveit2/install/wzlscheduler_interfaces/local/lib/python3.10/dist-packages/wzlscheduler_interfaces/msg
[3.024s] -- Up-to-date: /home/autopilot/ws/restackcell/ws_moveit2/install/wzlscheduler_interfaces/local/lib/python3.10/dist-packages/wzlscheduler_interfaces/msg/_labeled_point_clouds_s.c
[3.024s] -- Up-to-date: /home/autopilot/ws/restackcell/ws_moveit2/install/wzlscheduler_interfaces/local/lib/python3.10/dist-packages/wzlscheduler_interfaces/msg/_labeled_point_cloud_s.c
[3.024s] -- Up-to-date: /home/autopilot/ws/restackcell/ws_moveit2/install/wzlscheduler_interfaces/local/lib/python3.10/dist-packages/wzlscheduler_interfaces/msg/_scene_object_add_s.c
[3.024s] -- Up-to-date: /home/autopilot/ws/restackcell/ws_moveit2/install/wzlscheduler_interfaces/local/lib/python3.10/dist-packages/wzlscheduler_interfaces/msg/__init__.py
[3.024s] -- Up-to-date: /home/autopilot/ws/restackcell/ws_moveit2/install/wzlscheduler_interfaces/local/lib/python3.10/dist-packages/wzlscheduler_interfaces/msg/_labeled_poses_s.c
[3.024s] -- Up-to-date: /home/autopilot/ws/restackcell/ws_moveit2/install/wzlscheduler_interfaces/local/lib/python3.10/dist-packages/wzlscheduler_interfaces/msg/_scene_object_add.py
[3.024s] -- Up-to-date: /home/autopilot/ws/restackcell/ws_moveit2/install/wzlscheduler_interfaces/local/lib/python3.10/dist-packages/wzlscheduler_interfaces/msg/_labeled_bounding_boxes_s.c
[3.024s] -- Up-to-date: /home/autopilot/ws/restackcell/ws_moveit2/install/wzlscheduler_interfaces/local/lib/python3.10/dist-packages/wzlscheduler_interfaces/msg/_labeled_point_clouds.py
[3.024s] -- Up-to-date: /home/autopilot/ws/restackcell/ws_moveit2/install/wzlscheduler_interfaces/local/lib/python3.10/dist-packages/wzlscheduler_interfaces/msg/_scene_object_set_pose.py
[3.024s] -- Up-to-date: /home/autopilot/ws/restackcell/ws_moveit2/install/wzlscheduler_interfaces/local/lib/python3.10/dist-packages/wzlscheduler_interfaces/msg/_labeled_bounding_boxes.py
[3.025s] -- Up-to-date: /home/autopilot/ws/restackcell/ws_moveit2/install/wzlscheduler_interfaces/local/lib/python3.10/dist-packages/wzlscheduler_interfaces/msg/_labeled_pose.py
[3.025s] -- Up-to-date: /home/autopilot/ws/restackcell/ws_moveit2/install/wzlscheduler_interfaces/local/lib/python3.10/dist-packages/wzlscheduler_interfaces/msg/_labeled_bounding_box_s.c
[3.025s] -- Up-to-date: /home/autopilot/ws/restackcell/ws_moveit2/install/wzlscheduler_interfaces/local/lib/python3.10/dist-packages/wzlscheduler_interfaces/msg/_labeled_bounding_box.py
[3.025s] -- Up-to-date: /home/autopilot/ws/restackcell/ws_moveit2/install/wzlscheduler_interfaces/local/lib/python3.10/dist-packages/wzlscheduler_interfaces/msg/_labeled_pose_s.c
[3.025s] -- Up-to-date: /home/autopilot/ws/restackcell/ws_moveit2/install/wzlscheduler_interfaces/local/lib/python3.10/dist-packages/wzlscheduler_interfaces/msg/_scene_object_remove.py
[3.025s] -- Up-to-date: /home/autopilot/ws/restackcell/ws_moveit2/install/wzlscheduler_interfaces/local/lib/python3.10/dist-packages/wzlscheduler_interfaces/msg/_scene_object_set_pose_s.c
[3.025s] -- Up-to-date: /home/autopilot/ws/restackcell/ws_moveit2/install/wzlscheduler_interfaces/local/lib/python3.10/dist-packages/wzlscheduler_interfaces/msg/_labeled_point_cloud.py
[3.025s] -- Up-to-date: /home/autopilot/ws/restackcell/ws_moveit2/install/wzlscheduler_interfaces/local/lib/python3.10/dist-packages/wzlscheduler_interfaces/msg/_scene_object_remove_s.c
[3.026s] -- Up-to-date: /home/autopilot/ws/restackcell/ws_moveit2/install/wzlscheduler_interfaces/local/lib/python3.10/dist-packages/wzlscheduler_interfaces/msg/_labeled_poses.py
[3.026s] -- Up-to-date: /home/autopilot/ws/restackcell/ws_moveit2/install/wzlscheduler_interfaces/local/lib/python3.10/dist-packages/wzlscheduler_interfaces/wzlscheduler_interfaces_s__rosidl_typesupport_introspection_c.cpython-310-aarch64-linux-gnu.so
[3.026s] -- Up-to-date: /home/autopilot/ws/restackcell/ws_moveit2/install/wzlscheduler_interfaces/local/lib/python3.10/dist-packages/wzlscheduler_interfaces/libwzlscheduler_interfaces__rosidl_generator_py.so
[3.026s] -- Up-to-date: /home/autopilot/ws/restackcell/ws_moveit2/install/wzlscheduler_interfaces/local/lib/python3.10/dist-packages/wzlscheduler_interfaces/_wzlscheduler_interfaces_s.ep.rosidl_typesupport_fastrtps_c.c
[3.027s] -- Up-to-date: /home/autopilot/ws/restackcell/ws_moveit2/install/wzlscheduler_interfaces/local/lib/python3.10/dist-packages/wzlscheduler_interfaces/srv
[3.027s] -- Up-to-date: /home/autopilot/ws/restackcell/ws_moveit2/install/wzlscheduler_interfaces/local/lib/python3.10/dist-packages/wzlscheduler_interfaces/srv/_robot_set_velocity.py
[3.027s] -- Up-to-date: /home/autopilot/ws/restackcell/ws_moveit2/install/wzlscheduler_interfaces/local/lib/python3.10/dist-packages/wzlscheduler_interfaces/srv/_load_object.py
[3.027s] -- Up-to-date: /home/autopilot/ws/restackcell/ws_moveit2/install/wzlscheduler_interfaces/local/lib/python3.10/dist-packages/wzlscheduler_interfaces/srv/_robot_set_velocity_s.c
[3.027s] -- Up-to-date: /home/autopilot/ws/restackcell/ws_moveit2/install/wzlscheduler_interfaces/local/lib/python3.10/dist-packages/wzlscheduler_interfaces/srv/_scene_object_add_s.c
[3.027s] -- Up-to-date: /home/autopilot/ws/restackcell/ws_moveit2/install/wzlscheduler_interfaces/local/lib/python3.10/dist-packages/wzlscheduler_interfaces/srv/__init__.py
[3.028s] -- Up-to-date: /home/autopilot/ws/restackcell/ws_moveit2/install/wzlscheduler_interfaces/local/lib/python3.10/dist-packages/wzlscheduler_interfaces/srv/_scene_object_detach.py
[3.028s] -- Up-to-date: /home/autopilot/ws/restackcell/ws_moveit2/install/wzlscheduler_interfaces/local/lib/python3.10/dist-packages/wzlscheduler_interfaces/srv/_robot_follow_trajectory_s.c
[3.028s] -- Up-to-date: /home/autopilot/ws/restackcell/ws_moveit2/install/wzlscheduler_interfaces/local/lib/python3.10/dist-packages/wzlscheduler_interfaces/srv/_scene_object_add.py
[3.028s] -- Up-to-date: /home/autopilot/ws/restackcell/ws_moveit2/install/wzlscheduler_interfaces/local/lib/python3.10/dist-packages/wzlscheduler_interfaces/srv/_scene_object_attach.py
[3.028s] -- Up-to-date: /home/autopilot/ws/restackcell/ws_moveit2/install/wzlscheduler_interfaces/local/lib/python3.10/dist-packages/wzlscheduler_interfaces/srv/_scene_object_set_pose.py
[3.028s] -- Up-to-date: /home/autopilot/ws/restackcell/ws_moveit2/install/wzlscheduler_interfaces/local/lib/python3.10/dist-packages/wzlscheduler_interfaces/srv/_load_object_s.c
[3.029s] -- Up-to-date: /home/autopilot/ws/restackcell/ws_moveit2/install/wzlscheduler_interfaces/local/lib/python3.10/dist-packages/wzlscheduler_interfaces/srv/_robot_move_to_position.py
[3.029s] -- Up-to-date: /home/autopilot/ws/restackcell/ws_moveit2/install/wzlscheduler_interfaces/local/lib/python3.10/dist-packages/wzlscheduler_interfaces/srv/_set_value_io_interface_s.c
[3.029s] -- Up-to-date: /home/autopilot/ws/restackcell/ws_moveit2/install/wzlscheduler_interfaces/local/lib/python3.10/dist-packages/wzlscheduler_interfaces/srv/_scene_object_detach_s.c
[3.029s] -- Up-to-date: /home/autopilot/ws/restackcell/ws_moveit2/install/wzlscheduler_interfaces/local/lib/python3.10/dist-packages/wzlscheduler_interfaces/srv/_robot_follow_trajectory.py
[3.029s] -- Up-to-date: /home/autopilot/ws/restackcell/ws_moveit2/install/wzlscheduler_interfaces/local/lib/python3.10/dist-packages/wzlscheduler_interfaces/srv/_scene_object_remove.py
[3.029s] -- Up-to-date: /home/autopilot/ws/restackcell/ws_moveit2/install/wzlscheduler_interfaces/local/lib/python3.10/dist-packages/wzlscheduler_interfaces/srv/_robot_move_to_position_s.c
[3.030s] -- Up-to-date: /home/autopilot/ws/restackcell/ws_moveit2/install/wzlscheduler_interfaces/local/lib/python3.10/dist-packages/wzlscheduler_interfaces/srv/_scene_object_set_pose_s.c
[3.030s] -- Up-to-date: /home/autopilot/ws/restackcell/ws_moveit2/install/wzlscheduler_interfaces/local/lib/python3.10/dist-packages/wzlscheduler_interfaces/srv/_scene_object_attach_s.c
[3.030s] -- Up-to-date: /home/autopilot/ws/restackcell/ws_moveit2/install/wzlscheduler_interfaces/local/lib/python3.10/dist-packages/wzlscheduler_interfaces/srv/_set_value_io_interface.py
[3.030s] -- Up-to-date: /home/autopilot/ws/restackcell/ws_moveit2/install/wzlscheduler_interfaces/local/lib/python3.10/dist-packages/wzlscheduler_interfaces/srv/_scene_object_remove_s.c
[3.030s] -- Up-to-date: /home/autopilot/ws/restackcell/ws_moveit2/install/wzlscheduler_interfaces/local/lib/python3.10/dist-packages/wzlscheduler_interfaces/_wzlscheduler_interfaces_s.ep.rosidl_typesupport_c.c
[3.030s] -- Up-to-date: /home/autopilot/ws/restackcell/ws_moveit2/install/wzlscheduler_interfaces/local/lib/python3.10/dist-packages/wzlscheduler_interfaces/wzlscheduler_interfaces_s__rosidl_typesupport_fastrtps_c.cpython-310-aarch64-linux-gnu.so
[3.121s] Listing '/home/autopilot/ws/restackcell/ws_moveit2/install/wzlscheduler_interfaces/local/lib/python3.10/dist-packages/wzlscheduler_interfaces'...
[3.122s] Listing '/home/autopilot/ws/restackcell/ws_moveit2/install/wzlscheduler_interfaces/local/lib/python3.10/dist-packages/wzlscheduler_interfaces/msg'...
[3.122s] Listing '/home/autopilot/ws/restackcell/ws_moveit2/install/wzlscheduler_interfaces/local/lib/python3.10/dist-packages/wzlscheduler_interfaces/srv'...
[3.143s] -- Up-to-date: /home/autopilot/ws/restackcell/ws_moveit2/install/wzlscheduler_interfaces/local/lib/python3.10/dist-packages/wzlscheduler_interfaces/wzlscheduler_interfaces_s__rosidl_typesupport_fastrtps_c.cpython-310-aarch64-linux-gnu.so
[3.143s] -- Up-to-date: /home/autopilot/ws/restackcell/ws_moveit2/install/wzlscheduler_interfaces/local/lib/python3.10/dist-packages/wzlscheduler_interfaces/wzlscheduler_interfaces_s__rosidl_typesupport_introspection_c.cpython-310-aarch64-linux-gnu.so
[3.144s] -- Up-to-date: /home/autopilot/ws/restackcell/ws_moveit2/install/wzlscheduler_interfaces/local/lib/python3.10/dist-packages/wzlscheduler_interfaces/wzlscheduler_interfaces_s__rosidl_typesupport_c.cpython-310-aarch64-linux-gnu.so
[3.144s] -- Up-to-date: /home/autopilot/ws/restackcell/ws_moveit2/install/wzlscheduler_interfaces/lib/libwzlscheduler_interfaces__rosidl_generator_py.so
[3.145s] -- Up-to-date: /home/autopilot/ws/restackcell/ws_moveit2/install/wzlscheduler_interfaces/share/wzlscheduler_interfaces/srv/SetValueIoInterface.idl
[3.145s] -- Up-to-date: /home/autopilot/ws/restackcell/ws_moveit2/install/wzlscheduler_interfaces/share/wzlscheduler_interfaces/srv/RobotMoveToPosition.idl
[3.145s] -- Up-to-date: /home/autopilot/ws/restackcell/ws_moveit2/install/wzlscheduler_interfaces/share/wzlscheduler_interfaces/srv/RobotSetVelocity.idl
[3.145s] -- Up-to-date: /home/autopilot/ws/restackcell/ws_moveit2/install/wzlscheduler_interfaces/share/wzlscheduler_interfaces/srv/RobotFollowTrajectory.idl
[3.145s] -- Up-to-date: /home/autopilot/ws/restackcell/ws_moveit2/install/wzlscheduler_interfaces/share/wzlscheduler_interfaces/srv/LoadObject.idl
[3.146s] -- Up-to-date: /home/autopilot/ws/restackcell/ws_moveit2/install/wzlscheduler_interfaces/share/wzlscheduler_interfaces/srv/SceneObjectAdd.idl
[3.146s] -- Up-to-date: /home/autopilot/ws/restackcell/ws_moveit2/install/wzlscheduler_interfaces/share/wzlscheduler_interfaces/srv/SceneObjectAttach.idl
[3.146s] -- Up-to-date: /home/autopilot/ws/restackcell/ws_moveit2/install/wzlscheduler_interfaces/share/wzlscheduler_interfaces/srv/SceneObjectDetach.idl
[3.146s] -- Up-to-date: /home/autopilot/ws/restackcell/ws_moveit2/install/wzlscheduler_interfaces/share/wzlscheduler_interfaces/srv/SceneObjectRemove.idl
[3.146s] -- Up-to-date: /home/autopilot/ws/restackcell/ws_moveit2/install/wzlscheduler_interfaces/share/wzlscheduler_interfaces/srv/SceneObjectSetPose.idl
[3.146s] -- Up-to-date: /home/autopilot/ws/restackcell/ws_moveit2/install/wzlscheduler_interfaces/share/wzlscheduler_interfaces/msg/LabeledPointCloud.idl
[3.146s] -- Up-to-date: /home/autopilot/ws/restackcell/ws_moveit2/install/wzlscheduler_interfaces/share/wzlscheduler_interfaces/msg/LabeledPointClouds.idl
[3.147s] -- Up-to-date: /home/autopilot/ws/restackcell/ws_moveit2/install/wzlscheduler_interfaces/share/wzlscheduler_interfaces/msg/SceneObjectRemove.idl
[3.147s] -- Up-to-date: /home/autopilot/ws/restackcell/ws_moveit2/install/wzlscheduler_interfaces/share/wzlscheduler_interfaces/msg/SceneObjectAdd.idl
[3.147s] -- Up-to-date: /home/autopilot/ws/restackcell/ws_moveit2/install/wzlscheduler_interfaces/share/wzlscheduler_interfaces/msg/SceneObjectSetPose.idl
[3.147s] -- Up-to-date: /home/autopilot/ws/restackcell/ws_moveit2/install/wzlscheduler_interfaces/share/wzlscheduler_interfaces/msg/LabeledBoundingBox.idl
[3.147s] -- Up-to-date: /home/autopilot/ws/restackcell/ws_moveit2/install/wzlscheduler_interfaces/share/wzlscheduler_interfaces/msg/LabeledBoundingBoxes.idl
[3.147s] -- Up-to-date: /home/autopilot/ws/restackcell/ws_moveit2/install/wzlscheduler_interfaces/share/wzlscheduler_interfaces/msg/LabeledPose.idl
[3.148s] -- Up-to-date: /home/autopilot/ws/restackcell/ws_moveit2/install/wzlscheduler_interfaces/share/wzlscheduler_interfaces/msg/LabeledPoses.idl
[3.148s] -- Up-to-date: /home/autopilot/ws/restackcell/ws_moveit2/install/wzlscheduler_interfaces/share/wzlscheduler_interfaces/srv/SetValueIoInterface.srv
[3.149s] -- Up-to-date: /home/autopilot/ws/restackcell/ws_moveit2/install/wzlscheduler_interfaces/share/wzlscheduler_interfaces/srv/SetValueIoInterface_Request.msg
[3.149s] -- Up-to-date: /home/autopilot/ws/restackcell/ws_moveit2/install/wzlscheduler_interfaces/share/wzlscheduler_interfaces/srv/SetValueIoInterface_Response.msg
[3.149s] -- Up-to-date: /home/autopilot/ws/restackcell/ws_moveit2/install/wzlscheduler_interfaces/share/wzlscheduler_interfaces/srv/RobotMoveToPosition.srv
[3.150s] -- Up-to-date: /home/autopilot/ws/restackcell/ws_moveit2/install/wzlscheduler_interfaces/share/wzlscheduler_interfaces/srv/RobotMoveToPosition_Request.msg
[3.151s] -- Up-to-date: /home/autopilot/ws/restackcell/ws_moveit2/install/wzlscheduler_interfaces/share/wzlscheduler_interfaces/srv/RobotMoveToPosition_Response.msg
[3.151s] -- Up-to-date: /home/autopilot/ws/restackcell/ws_moveit2/install/wzlscheduler_interfaces/share/wzlscheduler_interfaces/srv/RobotSetVelocity.srv
[3.151s] -- Up-to-date: /home/autopilot/ws/restackcell/ws_moveit2/install/wzlscheduler_interfaces/share/wzlscheduler_interfaces/srv/RobotSetVelocity_Request.msg
[3.151s] -- Up-to-date: /home/autopilot/ws/restackcell/ws_moveit2/install/wzlscheduler_interfaces/share/wzlscheduler_interfaces/srv/RobotSetVelocity_Response.msg
[3.151s] -- Up-to-date: /home/autopilot/ws/restackcell/ws_moveit2/install/wzlscheduler_interfaces/share/wzlscheduler_interfaces/srv/RobotFollowTrajectory.srv
[3.152s] -- Up-to-date: /home/autopilot/ws/restackcell/ws_moveit2/install/wzlscheduler_interfaces/share/wzlscheduler_interfaces/srv/RobotFollowTrajectory_Request.msg
[3.152s] -- Up-to-date: /home/autopilot/ws/restackcell/ws_moveit2/install/wzlscheduler_interfaces/share/wzlscheduler_interfaces/srv/RobotFollowTrajectory_Response.msg
[3.152s] -- Up-to-date: /home/autopilot/ws/restackcell/ws_moveit2/install/wzlscheduler_interfaces/share/wzlscheduler_interfaces/srv/LoadObject.srv
[3.153s] -- Up-to-date: /home/autopilot/ws/restackcell/ws_moveit2/install/wzlscheduler_interfaces/share/wzlscheduler_interfaces/srv/LoadObject_Request.msg
[3.153s] -- Up-to-date: /home/autopilot/ws/restackcell/ws_moveit2/install/wzlscheduler_interfaces/share/wzlscheduler_interfaces/srv/LoadObject_Response.msg
[3.153s] -- Up-to-date: /home/autopilot/ws/restackcell/ws_moveit2/install/wzlscheduler_interfaces/share/wzlscheduler_interfaces/srv/SceneObjectAdd.srv
[3.153s] -- Up-to-date: /home/autopilot/ws/restackcell/ws_moveit2/install/wzlscheduler_interfaces/share/wzlscheduler_interfaces/srv/SceneObjectAdd_Request.msg
[3.153s] -- Up-to-date: /home/autopilot/ws/restackcell/ws_moveit2/install/wzlscheduler_interfaces/share/wzlscheduler_interfaces/srv/SceneObjectAdd_Response.msg
[3.154s] -- Up-to-date: /home/autopilot/ws/restackcell/ws_moveit2/install/wzlscheduler_interfaces/share/wzlscheduler_interfaces/srv/SceneObjectAttach.srv
[3.154s] -- Up-to-date: /home/autopilot/ws/restackcell/ws_moveit2/install/wzlscheduler_interfaces/share/wzlscheduler_interfaces/srv/SceneObjectAttach_Request.msg
[3.158s] -- Up-to-date: /home/autopilot/ws/restackcell/ws_moveit2/install/wzlscheduler_interfaces/share/wzlscheduler_interfaces/srv/SceneObjectAttach_Response.msg
[3.159s] -- Up-to-date: /home/autopilot/ws/restackcell/ws_moveit2/install/wzlscheduler_interfaces/share/wzlscheduler_interfaces/srv/SceneObjectDetach.srv
[3.159s] -- Up-to-date: /home/autopilot/ws/restackcell/ws_moveit2/install/wzlscheduler_interfaces/share/wzlscheduler_interfaces/srv/SceneObjectDetach_Request.msg
[3.160s] -- Up-to-date: /home/autopilot/ws/restackcell/ws_moveit2/install/wzlscheduler_interfaces/share/wzlscheduler_interfaces/srv/SceneObjectDetach_Response.msg
[3.160s] -- Up-to-date: /home/autopilot/ws/restackcell/ws_moveit2/install/wzlscheduler_interfaces/share/wzlscheduler_interfaces/srv/SceneObjectRemove.srv
[3.161s] -- Up-to-date: /home/autopilot/ws/restackcell/ws_moveit2/install/wzlscheduler_interfaces/share/wzlscheduler_interfaces/srv/SceneObjectRemove_Request.msg
[3.161s] -- Up-to-date: /home/autopilot/ws/restackcell/ws_moveit2/install/wzlscheduler_interfaces/share/wzlscheduler_interfaces/srv/SceneObjectRemove_Response.msg
[3.161s] -- Up-to-date: /home/autopilot/ws/restackcell/ws_moveit2/install/wzlscheduler_interfaces/share/wzlscheduler_interfaces/srv/SceneObjectSetPose.srv
[3.162s] -- Up-to-date: /home/autopilot/ws/restackcell/ws_moveit2/install/wzlscheduler_interfaces/share/wzlscheduler_interfaces/srv/SceneObjectSetPose_Request.msg
[3.162s] -- Up-to-date: /home/autopilot/ws/restackcell/ws_moveit2/install/wzlscheduler_interfaces/share/wzlscheduler_interfaces/srv/SceneObjectSetPose_Response.msg
[3.162s] -- Up-to-date: /home/autopilot/ws/restackcell/ws_moveit2/install/wzlscheduler_interfaces/share/wzlscheduler_interfaces/msg/LabeledPointCloud.msg
[3.162s] -- Up-to-date: /home/autopilot/ws/restackcell/ws_moveit2/install/wzlscheduler_interfaces/share/wzlscheduler_interfaces/msg/LabeledPointClouds.msg
[3.162s] -- Up-to-date: /home/autopilot/ws/restackcell/ws_moveit2/install/wzlscheduler_interfaces/share/wzlscheduler_interfaces/msg/SceneObjectRemove.msg
[3.163s] -- Up-to-date: /home/autopilot/ws/restackcell/ws_moveit2/install/wzlscheduler_interfaces/share/wzlscheduler_interfaces/msg/SceneObjectAdd.msg
[3.163s] -- Up-to-date: /home/autopilot/ws/restackcell/ws_moveit2/install/wzlscheduler_interfaces/share/wzlscheduler_interfaces/msg/SceneObjectSetPose.msg
[3.163s] -- Up-to-date: /home/autopilot/ws/restackcell/ws_moveit2/install/wzlscheduler_interfaces/share/wzlscheduler_interfaces/msg/LabeledBoundingBox.msg
[3.164s] -- Up-to-date: /home/autopilot/ws/restackcell/ws_moveit2/install/wzlscheduler_interfaces/share/wzlscheduler_interfaces/msg/LabeledBoundingBoxes.msg
[3.164s] -- Up-to-date: /home/autopilot/ws/restackcell/ws_moveit2/install/wzlscheduler_interfaces/share/wzlscheduler_interfaces/msg/LabeledPose.msg
[3.164s] -- Up-to-date: /home/autopilot/ws/restackcell/ws_moveit2/install/wzlscheduler_interfaces/share/wzlscheduler_interfaces/msg/LabeledPoses.msg
[3.164s] -- Up-to-date: /home/autopilot/ws/restackcell/ws_moveit2/install/wzlscheduler_interfaces/share/ament_index/resource_index/package_run_dependencies/wzlscheduler_interfaces
[3.164s] -- Up-to-date: /home/autopilot/ws/restackcell/ws_moveit2/install/wzlscheduler_interfaces/share/ament_index/resource_index/parent_prefix_path/wzlscheduler_interfaces
[3.164s] -- Up-to-date: /home/autopilot/ws/restackcell/ws_moveit2/install/wzlscheduler_interfaces/share/wzlscheduler_interfaces/environment/ament_prefix_path.sh
[3.164s] -- Up-to-date: /home/autopilot/ws/restackcell/ws_moveit2/install/wzlscheduler_interfaces/share/wzlscheduler_interfaces/environment/ament_prefix_path.dsv
[3.164s] -- Up-to-date: /home/autopilot/ws/restackcell/ws_moveit2/install/wzlscheduler_interfaces/share/wzlscheduler_interfaces/environment/path.sh
[3.165s] -- Up-to-date: /home/autopilot/ws/restackcell/ws_moveit2/install/wzlscheduler_interfaces/share/wzlscheduler_interfaces/environment/path.dsv
[3.165s] -- Up-to-date: /home/autopilot/ws/restackcell/ws_moveit2/install/wzlscheduler_interfaces/share/wzlscheduler_interfaces/local_setup.bash
[3.165s] -- Up-to-date: /home/autopilot/ws/restackcell/ws_moveit2/install/wzlscheduler_interfaces/share/wzlscheduler_interfaces/local_setup.sh
[3.165s] -- Up-to-date: /home/autopilot/ws/restackcell/ws_moveit2/install/wzlscheduler_interfaces/share/wzlscheduler_interfaces/local_setup.zsh
[3.165s] -- Up-to-date: /home/autopilot/ws/restackcell/ws_moveit2/install/wzlscheduler_interfaces/share/wzlscheduler_interfaces/local_setup.dsv
[3.166s] -- Installing: /home/autopilot/ws/restackcell/ws_moveit2/install/wzlscheduler_interfaces/share/wzlscheduler_interfaces/package.dsv
[3.166s] -- Up-to-date: /home/autopilot/ws/restackcell/ws_moveit2/install/wzlscheduler_interfaces/share/ament_index/resource_index/packages/wzlscheduler_interfaces
[3.166s] -- Up-to-date: /home/autopilot/ws/restackcell/ws_moveit2/install/wzlscheduler_interfaces/share/wzlscheduler_interfaces/cmake/export_wzlscheduler_interfaces__rosidl_generator_cExport.cmake
[3.166s] -- Up-to-date: /home/autopilot/ws/restackcell/ws_moveit2/install/wzlscheduler_interfaces/share/wzlscheduler_interfaces/cmake/export_wzlscheduler_interfaces__rosidl_generator_cExport-noconfig.cmake
[3.166s] -- Up-to-date: /home/autopilot/ws/restackcell/ws_moveit2/install/wzlscheduler_interfaces/share/wzlscheduler_interfaces/cmake/export_wzlscheduler_interfaces__rosidl_typesupport_fastrtps_cExport.cmake
[3.166s] -- Up-to-date: /home/autopilot/ws/restackcell/ws_moveit2/install/wzlscheduler_interfaces/share/wzlscheduler_interfaces/cmake/export_wzlscheduler_interfaces__rosidl_typesupport_fastrtps_cExport-noconfig.cmake
[3.166s] -- Up-to-date: /home/autopilot/ws/restackcell/ws_moveit2/install/wzlscheduler_interfaces/share/wzlscheduler_interfaces/cmake/wzlscheduler_interfaces__rosidl_typesupport_introspection_cExport.cmake
[3.167s] -- Up-to-date: /home/autopilot/ws/restackcell/ws_moveit2/install/wzlscheduler_interfaces/share/wzlscheduler_interfaces/cmake/wzlscheduler_interfaces__rosidl_typesupport_introspection_cExport-noconfig.cmake
[3.167s] -- Up-to-date: /home/autopilot/ws/restackcell/ws_moveit2/install/wzlscheduler_interfaces/share/wzlscheduler_interfaces/cmake/wzlscheduler_interfaces__rosidl_typesupport_cExport.cmake
[3.167s] -- Up-to-date: /home/autopilot/ws/restackcell/ws_moveit2/install/wzlscheduler_interfaces/share/wzlscheduler_interfaces/cmake/wzlscheduler_interfaces__rosidl_typesupport_cExport-noconfig.cmake
[3.167s] -- Up-to-date: /home/autopilot/ws/restackcell/ws_moveit2/install/wzlscheduler_interfaces/share/wzlscheduler_interfaces/cmake/export_wzlscheduler_interfaces__rosidl_generator_cppExport.cmake
[3.167s] -- Up-to-date: /home/autopilot/ws/restackcell/ws_moveit2/install/wzlscheduler_interfaces/share/wzlscheduler_interfaces/cmake/export_wzlscheduler_interfaces__rosidl_typesupport_fastrtps_cppExport.cmake
[3.167s] -- Up-to-date: /home/autopilot/ws/restackcell/ws_moveit2/install/wzlscheduler_interfaces/share/wzlscheduler_interfaces/cmake/export_wzlscheduler_interfaces__rosidl_typesupport_fastrtps_cppExport-noconfig.cmake
[3.167s] -- Up-to-date: /home/autopilot/ws/restackcell/ws_moveit2/install/wzlscheduler_interfaces/share/wzlscheduler_interfaces/cmake/wzlscheduler_interfaces__rosidl_typesupport_introspection_cppExport.cmake
[3.168s] -- Up-to-date: /home/autopilot/ws/restackcell/ws_moveit2/install/wzlscheduler_interfaces/share/wzlscheduler_interfaces/cmake/wzlscheduler_interfaces__rosidl_typesupport_introspection_cppExport-noconfig.cmake
[3.168s] -- Up-to-date: /home/autopilot/ws/restackcell/ws_moveit2/install/wzlscheduler_interfaces/share/wzlscheduler_interfaces/cmake/wzlscheduler_interfaces__rosidl_typesupport_cppExport.cmake
[3.168s] -- Up-to-date: /home/autopilot/ws/restackcell/ws_moveit2/install/wzlscheduler_interfaces/share/wzlscheduler_interfaces/cmake/wzlscheduler_interfaces__rosidl_typesupport_cppExport-noconfig.cmake
[3.168s] -- Up-to-date: /home/autopilot/ws/restackcell/ws_moveit2/install/wzlscheduler_interfaces/share/wzlscheduler_interfaces/cmake/export_wzlscheduler_interfaces__rosidl_generator_pyExport.cmake
[3.168s] -- Up-to-date: /home/autopilot/ws/restackcell/ws_moveit2/install/wzlscheduler_interfaces/share/wzlscheduler_interfaces/cmake/export_wzlscheduler_interfaces__rosidl_generator_pyExport-noconfig.cmake
[3.168s] -- Up-to-date: /home/autopilot/ws/restackcell/ws_moveit2/install/wzlscheduler_interfaces/share/wzlscheduler_interfaces/cmake/rosidl_cmake-extras.cmake
[3.168s] -- Up-to-date: /home/autopilot/ws/restackcell/ws_moveit2/install/wzlscheduler_interfaces/share/wzlscheduler_interfaces/cmake/ament_cmake_export_dependencies-extras.cmake
[3.169s] -- Up-to-date: /home/autopilot/ws/restackcell/ws_moveit2/install/wzlscheduler_interfaces/share/wzlscheduler_interfaces/cmake/ament_cmake_export_include_directories-extras.cmake
[3.169s] -- Up-to-date: /home/autopilot/ws/restackcell/ws_moveit2/install/wzlscheduler_interfaces/share/wzlscheduler_interfaces/cmake/ament_cmake_export_libraries-extras.cmake
[3.169s] -- Up-to-date: /home/autopilot/ws/restackcell/ws_moveit2/install/wzlscheduler_interfaces/share/wzlscheduler_interfaces/cmake/ament_cmake_export_targets-extras.cmake
[3.169s] -- Up-to-date: /home/autopilot/ws/restackcell/ws_moveit2/install/wzlscheduler_interfaces/share/wzlscheduler_interfaces/cmake/rosidl_cmake_export_typesupport_targets-extras.cmake
[3.169s] -- Up-to-date: /home/autopilot/ws/restackcell/ws_moveit2/install/wzlscheduler_interfaces/share/wzlscheduler_interfaces/cmake/rosidl_cmake_export_typesupport_libraries-extras.cmake
[3.169s] -- Up-to-date: /home/autopilot/ws/restackcell/ws_moveit2/install/wzlscheduler_interfaces/share/wzlscheduler_interfaces/cmake/wzlscheduler_interfacesConfig.cmake
[3.169s] -- Up-to-date: /home/autopilot/ws/restackcell/ws_moveit2/install/wzlscheduler_interfaces/share/wzlscheduler_interfaces/cmake/wzlscheduler_interfacesConfig-version.cmake
[3.170s] -- Up-to-date: /home/autopilot/ws/restackcell/ws_moveit2/install/wzlscheduler_interfaces/share/wzlscheduler_interfaces/package.xml
[3.178s] Invoked command in '/home/autopilot/ws/restackcell/ws_moveit2/build/wzlscheduler_interfaces' returned '0': /usr/bin/cmake --install /home/autopilot/ws/restackcell/ws_moveit2/build/wzlscheduler_interfaces
