[2.028s] Invoking command in '/home/autopilot/ws/restackcell/ws_moveit2/src/interface_opcua': PYTHONPATH=/home/autopilot/ws/restackcell/ws_moveit2/build/interface_opcua/prefix_override:/usr/lib/python3/dist-packages/colcon_core/task/python/colcon_distutils_commands:/home/autopilot/ws/restackcell/ws_moveit2/install/interface_opcua/lib/python3.10/site-packages:${PYTHONPATH} /usr/bin/python3 -W ignore:setup.py install is deprecated setup.py egg_info --egg-base ../../build/interface_opcua build --build-base /home/autopilot/ws/restackcell/ws_moveit2/build/interface_opcua/build install --record /home/autopilot/ws/restackcell/ws_moveit2/build/interface_opcua/install.log --single-version-externally-managed install_data
[2.580s] running egg_info
[2.581s] writing ../../build/interface_opcua/interface_opcua.egg-info/PKG-INFO
[2.582s] writing dependency_links to ../../build/interface_opcua/interface_opcua.egg-info/dependency_links.txt
[2.584s] writing entry points to ../../build/interface_opcua/interface_opcua.egg-info/entry_points.txt
[2.585s] writing requirements to ../../build/interface_opcua/interface_opcua.egg-info/requires.txt
[2.586s] writing top-level names to ../../build/interface_opcua/interface_opcua.egg-info/top_level.txt
[2.591s] reading manifest file '../../build/interface_opcua/interface_opcua.egg-info/SOURCES.txt'
[2.592s] adding license file 'LICENSE'
[2.594s] writing manifest file '../../build/interface_opcua/interface_opcua.egg-info/SOURCES.txt'
[2.595s] running build
[2.595s] running build_py
[2.596s] running install
[2.597s] running install_lib
[2.601s] running install_data
[2.601s] running install_egg_info
[2.608s] removing '/home/autopilot/ws/restackcell/ws_moveit2/install/interface_opcua/lib/python3.10/site-packages/interface_opcua-0.0.0-py3.10.egg-info' (and everything under it)
[2.617s] Copying ../../build/interface_opcua/interface_opcua.egg-info to /home/autopilot/ws/restackcell/ws_moveit2/install/interface_opcua/lib/python3.10/site-packages/interface_opcua-0.0.0-py3.10.egg-info
[2.625s] running install_scripts
[2.683s] Installing service script to /home/autopilot/ws/restackcell/ws_moveit2/install/interface_opcua/lib/interface_opcua
[2.685s] writing list of installed files to '/home/autopilot/ws/restackcell/ws_moveit2/build/interface_opcua/install.log'
[2.880s] Invoked command in '/home/autopilot/ws/restackcell/ws_moveit2/src/interface_opcua' returned '0': PYTHONPATH=/home/autopilot/ws/restackcell/ws_moveit2/build/interface_opcua/prefix_override:/usr/lib/python3/dist-packages/colcon_core/task/python/colcon_distutils_commands:/home/autopilot/ws/restackcell/ws_moveit2/install/interface_opcua/lib/python3.10/site-packages:${PYTHONPATH} /usr/bin/python3 -W ignore:setup.py install is deprecated setup.py egg_info --egg-base ../../build/interface_opcua build --build-base /home/autopilot/ws/restackcell/ws_moveit2/build/interface_opcua/build install --record /home/autopilot/ws/restackcell/ws_moveit2/build/interface_opcua/install.log --single-version-externally-managed install_data
