[0.032s] Invoking command in '/home/autopilot/ws/restackcell/ws_moveit2/build/robo_planner': AMENT_PREFIX_PATH=/home/autopilot/ws/restackcell/ws_moveit2/install/opcua_interfaces:${AMENT_PREFIX_PATH} CMAKE_PREFIX_PATH=/opt/ros/humble:/home/autopilot/ws/restackcell/ws_moveit2/install/wzlscheduler_interfaces:/home/autopilot/ws/restackcell/ws_moveit2/install/opcua_interfaces LD_LIBRARY_PATH=/home/autopilot/ws/restackcell/ws_moveit2/install/wzlscheduler_interfaces/lib:/home/autopilot/ws/restackcell/ws_moveit2/install/opcua_interfaces/lib:${LD_LIBRARY_PATH} PKG_CONFIG_PATH=/home/autopilot/ws/restackcell/ws_moveit2/install/wzlscheduler_interfaces/lib/aarch64-linux-gnu/pkgconfig:/home/autopilot/ws/restackcell/ws_moveit2/install/wzlscheduler_interfaces/lib/pkgconfig PYTHONPATH=/home/autopilot/ws/restackcell/ws_moveit2/install/wzlscheduler_interfaces/local/lib/python3.10/dist-packages:/home/autopilot/ws/restackcell/ws_moveit2/install/opcua_interfaces/local/lib/python3.10/dist-packages:${PYTHONPATH} ROS_PACKAGE_PATH=/home/autopilot/ws/restackcell/ws_moveit2/install/wzlscheduler_interfaces/share /usr/bin/cmake --build /home/autopilot/ws/restackcell/ws_moveit2/build/robo_planner -- -j8 -l8
[0.143s] [35m[1mConsolidate compiler generated dependencies of target robo_planner[0m
[0.291s] [  4%] [32mBuilding CXX object CMakeFiles/robo_planner.dir/src/Main.cpp.o[0m
[20.663s] [  8%] [32m[1mLinking CXX executable robo_planner[0m
[22.155s] [100%] Built target robo_planner
[22.176s] Invoked command in '/home/autopilot/ws/restackcell/ws_moveit2/build/robo_planner' returned '0': AMENT_PREFIX_PATH=/home/autopilot/ws/restackcell/ws_moveit2/install/opcua_interfaces:${AMENT_PREFIX_PATH} CMAKE_PREFIX_PATH=/opt/ros/humble:/home/autopilot/ws/restackcell/ws_moveit2/install/wzlscheduler_interfaces:/home/autopilot/ws/restackcell/ws_moveit2/install/opcua_interfaces LD_LIBRARY_PATH=/home/autopilot/ws/restackcell/ws_moveit2/install/wzlscheduler_interfaces/lib:/home/autopilot/ws/restackcell/ws_moveit2/install/opcua_interfaces/lib:${LD_LIBRARY_PATH} PKG_CONFIG_PATH=/home/autopilot/ws/restackcell/ws_moveit2/install/wzlscheduler_interfaces/lib/aarch64-linux-gnu/pkgconfig:/home/autopilot/ws/restackcell/ws_moveit2/install/wzlscheduler_interfaces/lib/pkgconfig PYTHONPATH=/home/autopilot/ws/restackcell/ws_moveit2/install/wzlscheduler_interfaces/local/lib/python3.10/dist-packages:/home/autopilot/ws/restackcell/ws_moveit2/install/opcua_interfaces/local/lib/python3.10/dist-packages:${PYTHONPATH} ROS_PACKAGE_PATH=/home/autopilot/ws/restackcell/ws_moveit2/install/wzlscheduler_interfaces/share /usr/bin/cmake --build /home/autopilot/ws/restackcell/ws_moveit2/build/robo_planner -- -j8 -l8
[22.305s] Invoking command in '/home/autopilot/ws/restackcell/ws_moveit2/build/robo_planner': AMENT_PREFIX_PATH=/home/autopilot/ws/restackcell/ws_moveit2/install/opcua_interfaces:${AMENT_PREFIX_PATH} CMAKE_PREFIX_PATH=/opt/ros/humble:/home/autopilot/ws/restackcell/ws_moveit2/install/wzlscheduler_interfaces:/home/autopilot/ws/restackcell/ws_moveit2/install/opcua_interfaces LD_LIBRARY_PATH=/home/autopilot/ws/restackcell/ws_moveit2/install/wzlscheduler_interfaces/lib:/home/autopilot/ws/restackcell/ws_moveit2/install/opcua_interfaces/lib:${LD_LIBRARY_PATH} PKG_CONFIG_PATH=/home/autopilot/ws/restackcell/ws_moveit2/install/wzlscheduler_interfaces/lib/aarch64-linux-gnu/pkgconfig:/home/autopilot/ws/restackcell/ws_moveit2/install/wzlscheduler_interfaces/lib/pkgconfig PYTHONPATH=/home/autopilot/ws/restackcell/ws_moveit2/install/wzlscheduler_interfaces/local/lib/python3.10/dist-packages:/home/autopilot/ws/restackcell/ws_moveit2/install/opcua_interfaces/local/lib/python3.10/dist-packages:${PYTHONPATH} ROS_PACKAGE_PATH=/home/autopilot/ws/restackcell/ws_moveit2/install/wzlscheduler_interfaces/share /usr/bin/cmake --install /home/autopilot/ws/restackcell/ws_moveit2/build/robo_planner
[22.317s] -- Install configuration: ""
[22.317s] -- Installing: /home/autopilot/ws/restackcell/ws_moveit2/install/robo_planner/lib/robo_planner/robo_planner
[22.332s] -- Set runtime path of "/home/autopilot/ws/restackcell/ws_moveit2/install/robo_planner/lib/robo_planner/robo_planner" to ""
[22.333s] -- Up-to-date: /home/autopilot/ws/restackcell/ws_moveit2/install/robo_planner/share/robo_planner/launch
[22.333s] -- Up-to-date: /home/autopilot/ws/restackcell/ws_moveit2/install/robo_planner/share/robo_planner/launch/__pycache__
[22.333s] -- Up-to-date: /home/autopilot/ws/restackcell/ws_moveit2/install/robo_planner/share/robo_planner/launch/__pycache__/ur_planner.cpython-310.pyc
[22.333s] -- Up-to-date: /home/autopilot/ws/restackcell/ws_moveit2/install/robo_planner/share/robo_planner/launch/__pycache__/hello_moveit_ur_launch.cpython-310.pyc
[22.333s] -- Up-to-date: /home/autopilot/ws/restackcell/ws_moveit2/install/robo_planner/share/robo_planner/launch/__pycache__/mockup_robot.cpython-310.pyc
[22.333s] -- Up-to-date: /home/autopilot/ws/restackcell/ws_moveit2/install/robo_planner/share/robo_planner/launch/__pycache__/ur_planner_pilz.cpython-310.pyc
[22.333s] -- Up-to-date: /home/autopilot/ws/restackcell/ws_moveit2/install/robo_planner/share/robo_planner/launch/ur_planner_launch.py
[22.334s] -- Up-to-date: /home/autopilot/ws/restackcell/ws_moveit2/install/robo_planner/share/robo_planner/launch/ur_simulation.py
[22.334s] -- Up-to-date: /home/autopilot/ws/restackcell/ws_moveit2/install/robo_planner/share/robo_planner/launch/ur_planner_pilz.launch.py
[22.334s] -- Up-to-date: /home/autopilot/ws/restackcell/ws_moveit2/install/robo_planner/share/robo_planner/config
[22.334s] -- Up-to-date: /home/autopilot/ws/restackcell/ws_moveit2/install/robo_planner/share/robo_planner/config/share
[22.334s] -- Up-to-date: /home/autopilot/ws/restackcell/ws_moveit2/install/robo_planner/share/robo_planner/config/share/ur_description
[22.335s] -- Up-to-date: /home/autopilot/ws/restackcell/ws_moveit2/install/robo_planner/share/robo_planner/config/share/ur_description/package.dsv
[22.335s] -- Up-to-date: /home/autopilot/ws/restackcell/ws_moveit2/install/robo_planner/share/robo_planner/config/share/ur_description/urdf
[22.335s] -- Up-to-date: /home/autopilot/ws/restackcell/ws_moveit2/install/robo_planner/share/robo_planner/config/share/ur_description/urdf/ur_macro.xacro_restack
[22.335s] -- Up-to-date: /home/autopilot/ws/restackcell/ws_moveit2/install/robo_planner/share/robo_planner/config/share/ur_description/urdf/ur_macro.xacro2
[22.335s] -- Up-to-date: /home/autopilot/ws/restackcell/ws_moveit2/install/robo_planner/share/robo_planner/config/share/ur_description/urdf/ur.ros2_control.xacro
[22.335s] -- Up-to-date: /home/autopilot/ws/restackcell/ws_moveit2/install/robo_planner/share/robo_planner/config/share/ur_description/urdf/ur.urdf.xacro
[22.335s] -- Up-to-date: /home/autopilot/ws/restackcell/ws_moveit2/install/robo_planner/share/robo_planner/config/share/ur_description/urdf/ur_macro.xacro_original
[22.337s] -- Up-to-date: /home/autopilot/ws/restackcell/ws_moveit2/install/robo_planner/share/robo_planner/config/share/ur_description/urdf/inc
[22.338s] -- Up-to-date: /home/autopilot/ws/restackcell/ws_moveit2/install/robo_planner/share/robo_planner/config/share/ur_description/urdf/inc/ur_transmissions.xacro
[22.338s] -- Up-to-date: /home/autopilot/ws/restackcell/ws_moveit2/install/robo_planner/share/robo_planner/config/share/ur_description/urdf/inc/ur_common.xacro
[22.339s] -- Up-to-date: /home/autopilot/ws/restackcell/ws_moveit2/install/robo_planner/share/robo_planner/config/share/ur_description/urdf/ur_macro.xacro
[22.339s] -- Up-to-date: /home/autopilot/ws/restackcell/ws_moveit2/install/robo_planner/share/robo_planner/config/share/ur_description/local_setup.zsh
[22.339s] -- Up-to-date: /home/autopilot/ws/restackcell/ws_moveit2/install/robo_planner/share/robo_planner/config/share/ur_description/rviz
[22.339s] -- Up-to-date: /home/autopilot/ws/restackcell/ws_moveit2/install/robo_planner/share/robo_planner/config/share/ur_description/rviz/view_robot.rviz
[22.339s] -- Up-to-date: /home/autopilot/ws/restackcell/ws_moveit2/install/robo_planner/share/robo_planner/config/share/ur_description/local_setup.sh
[22.339s] -- Up-to-date: /home/autopilot/ws/restackcell/ws_moveit2/install/robo_planner/share/robo_planner/config/share/ur_description/cmake
[22.339s] -- Up-to-date: /home/autopilot/ws/restackcell/ws_moveit2/install/robo_planner/share/robo_planner/config/share/ur_description/cmake/ur_descriptionConfig-version.cmake
[22.339s] -- Up-to-date: /home/autopilot/ws/restackcell/ws_moveit2/install/robo_planner/share/robo_planner/config/share/ur_description/cmake/ur_descriptionConfig.cmake
[22.340s] -- Up-to-date: /home/autopilot/ws/restackcell/ws_moveit2/install/robo_planner/share/robo_planner/config/share/ur_description/local_setup.dsv
[22.340s] -- Up-to-date: /home/autopilot/ws/restackcell/ws_moveit2/install/robo_planner/share/robo_planner/config/share/ur_description/config
[22.340s] -- Up-to-date: /home/autopilot/ws/restackcell/ws_moveit2/install/robo_planner/share/robo_planner/config/share/ur_description/config/ur20
[22.340s] -- Up-to-date: /home/autopilot/ws/restackcell/ws_moveit2/install/robo_planner/share/robo_planner/config/share/ur_description/config/ur20/visual_parameters.yaml
[22.340s] -- Up-to-date: /home/autopilot/ws/restackcell/ws_moveit2/install/robo_planner/share/robo_planner/config/share/ur_description/config/ur20/default_kinematics.yaml
[22.340s] -- Up-to-date: /home/autopilot/ws/restackcell/ws_moveit2/install/robo_planner/share/robo_planner/config/share/ur_description/config/ur20/joint_limits.yaml
[22.340s] -- Up-to-date: /home/autopilot/ws/restackcell/ws_moveit2/install/robo_planner/share/robo_planner/config/share/ur_description/config/ur20/physical_parameters.yaml
[22.340s] -- Up-to-date: /home/autopilot/ws/restackcell/ws_moveit2/install/robo_planner/share/robo_planner/config/share/ur_description/config/ur5e
[22.340s] -- Up-to-date: /home/autopilot/ws/restackcell/ws_moveit2/install/robo_planner/share/robo_planner/config/share/ur_description/config/ur5e/visual_parameters.yaml
[22.340s] -- Up-to-date: /home/autopilot/ws/restackcell/ws_moveit2/install/robo_planner/share/robo_planner/config/share/ur_description/config/ur5e/default_kinematics.yaml
[22.341s] -- Up-to-date: /home/autopilot/ws/restackcell/ws_moveit2/install/robo_planner/share/robo_planner/config/share/ur_description/config/ur5e/joint_limits.yaml
[22.341s] -- Up-to-date: /home/autopilot/ws/restackcell/ws_moveit2/install/robo_planner/share/robo_planner/config/share/ur_description/config/ur5e/physical_parameters.yaml
[22.341s] -- Up-to-date: /home/autopilot/ws/restackcell/ws_moveit2/install/robo_planner/share/robo_planner/config/share/ur_description/config/ur3
[22.341s] -- Up-to-date: /home/autopilot/ws/restackcell/ws_moveit2/install/robo_planner/share/robo_planner/config/share/ur_description/config/ur3/visual_parameters.yaml
[22.341s] -- Up-to-date: /home/autopilot/ws/restackcell/ws_moveit2/install/robo_planner/share/robo_planner/config/share/ur_description/config/ur3/default_kinematics.yaml
[22.341s] -- Up-to-date: /home/autopilot/ws/restackcell/ws_moveit2/install/robo_planner/share/robo_planner/config/share/ur_description/config/ur3/joint_limits.yaml
[22.341s] -- Up-to-date: /home/autopilot/ws/restackcell/ws_moveit2/install/robo_planner/share/robo_planner/config/share/ur_description/config/ur3/physical_parameters.yaml
[22.341s] -- Up-to-date: /home/autopilot/ws/restackcell/ws_moveit2/install/robo_planner/share/robo_planner/config/share/ur_description/config/ur16e
[22.341s] -- Up-to-date: /home/autopilot/ws/restackcell/ws_moveit2/install/robo_planner/share/robo_planner/config/share/ur_description/config/ur16e/visual_parameters.yaml
[22.341s] -- Up-to-date: /home/autopilot/ws/restackcell/ws_moveit2/install/robo_planner/share/robo_planner/config/share/ur_description/config/ur16e/default_kinematics.yaml
[22.342s] -- Up-to-date: /home/autopilot/ws/restackcell/ws_moveit2/install/robo_planner/share/robo_planner/config/share/ur_description/config/ur16e/joint_limits_old.yaml
[22.342s] -- Up-to-date: /home/autopilot/ws/restackcell/ws_moveit2/install/robo_planner/share/robo_planner/config/share/ur_description/config/ur16e/default_kinematics_calibrated.yaml
[22.342s] -- Up-to-date: /home/autopilot/ws/restackcell/ws_moveit2/install/robo_planner/share/robo_planner/config/share/ur_description/config/ur16e/joint_limits.yaml
[22.342s] -- Up-to-date: /home/autopilot/ws/restackcell/ws_moveit2/install/robo_planner/share/robo_planner/config/share/ur_description/config/ur16e/pilz_cartesian_limits.yaml
[22.342s] -- Up-to-date: /home/autopilot/ws/restackcell/ws_moveit2/install/robo_planner/share/robo_planner/config/share/ur_description/config/ur16e/default_kinematics_original.yaml
[22.342s] -- Up-to-date: /home/autopilot/ws/restackcell/ws_moveit2/install/robo_planner/share/robo_planner/config/share/ur_description/config/ur16e/physical_parameters.yaml
[22.342s] -- Up-to-date: /home/autopilot/ws/restackcell/ws_moveit2/install/robo_planner/share/robo_planner/config/share/ur_description/config/ur3e
[22.342s] -- Up-to-date: /home/autopilot/ws/restackcell/ws_moveit2/install/robo_planner/share/robo_planner/config/share/ur_description/config/ur3e/visual_parameters.yaml
[22.342s] -- Up-to-date: /home/autopilot/ws/restackcell/ws_moveit2/install/robo_planner/share/robo_planner/config/share/ur_description/config/ur3e/default_kinematics.yaml
[22.343s] -- Up-to-date: /home/autopilot/ws/restackcell/ws_moveit2/install/robo_planner/share/robo_planner/config/share/ur_description/config/ur3e/joint_limits.yaml
[22.343s] -- Up-to-date: /home/autopilot/ws/restackcell/ws_moveit2/install/robo_planner/share/robo_planner/config/share/ur_description/config/ur3e/physical_parameters.yaml
[22.343s] -- Up-to-date: /home/autopilot/ws/restackcell/ws_moveit2/install/robo_planner/share/robo_planner/config/share/ur_description/config/initial_positions.yaml
[22.343s] -- Up-to-date: /home/autopilot/ws/restackcell/ws_moveit2/install/robo_planner/share/robo_planner/config/share/ur_description/config/ur30
[22.343s] -- Up-to-date: /home/autopilot/ws/restackcell/ws_moveit2/install/robo_planner/share/robo_planner/config/share/ur_description/config/ur30/visual_parameters.yaml
[22.343s] -- Up-to-date: /home/autopilot/ws/restackcell/ws_moveit2/install/robo_planner/share/robo_planner/config/share/ur_description/config/ur30/default_kinematics.yaml
[22.343s] -- Up-to-date: /home/autopilot/ws/restackcell/ws_moveit2/install/robo_planner/share/robo_planner/config/share/ur_description/config/ur30/joint_limits.yaml
[22.344s] -- Up-to-date: /home/autopilot/ws/restackcell/ws_moveit2/install/robo_planner/share/robo_planner/config/share/ur_description/config/ur30/physical_parameters.yaml
[22.344s] -- Up-to-date: /home/autopilot/ws/restackcell/ws_moveit2/install/robo_planner/share/robo_planner/config/share/ur_description/config/ur16e_old
[22.345s] -- Up-to-date: /home/autopilot/ws/restackcell/ws_moveit2/install/robo_planner/share/robo_planner/config/share/ur_description/config/ur16e_old/visual_parameters.yaml
[22.345s] -- Up-to-date: /home/autopilot/ws/restackcell/ws_moveit2/install/robo_planner/share/robo_planner/config/share/ur_description/config/ur16e_old/default_kinematics.yaml
[22.345s] -- Up-to-date: /home/autopilot/ws/restackcell/ws_moveit2/install/robo_planner/share/robo_planner/config/share/ur_description/config/ur16e_old/joint_limits.yaml
[22.345s] -- Up-to-date: /home/autopilot/ws/restackcell/ws_moveit2/install/robo_planner/share/robo_planner/config/share/ur_description/config/ur16e_old/physical_parameters.yaml
[22.345s] -- Up-to-date: /home/autopilot/ws/restackcell/ws_moveit2/install/robo_planner/share/robo_planner/config/share/ur_description/config/ur10e
[22.345s] -- Up-to-date: /home/autopilot/ws/restackcell/ws_moveit2/install/robo_planner/share/robo_planner/config/share/ur_description/config/ur10e/visual_parameters.yaml
[22.346s] -- Up-to-date: /home/autopilot/ws/restackcell/ws_moveit2/install/robo_planner/share/robo_planner/config/share/ur_description/config/ur10e/default_kinematics.yaml
[22.346s] -- Up-to-date: /home/autopilot/ws/restackcell/ws_moveit2/install/robo_planner/share/robo_planner/config/share/ur_description/config/ur10e/joint_limits.yaml
[22.346s] -- Up-to-date: /home/autopilot/ws/restackcell/ws_moveit2/install/robo_planner/share/robo_planner/config/share/ur_description/config/ur10e/physical_parameters.yaml
[22.346s] -- Up-to-date: /home/autopilot/ws/restackcell/ws_moveit2/install/robo_planner/share/robo_planner/config/share/ur_description/config/pilz_cartesian_limits.yaml
[22.346s] -- Up-to-date: /home/autopilot/ws/restackcell/ws_moveit2/install/robo_planner/share/robo_planner/config/share/ur_description/config/pilz_industrial_motion_planner_planning.yaml
[22.346s] -- Up-to-date: /home/autopilot/ws/restackcell/ws_moveit2/install/robo_planner/share/robo_planner/config/share/ur_description/config/ur10
[22.346s] -- Up-to-date: /home/autopilot/ws/restackcell/ws_moveit2/install/robo_planner/share/robo_planner/config/share/ur_description/config/ur10/visual_parameters.yaml
[22.347s] -- Up-to-date: /home/autopilot/ws/restackcell/ws_moveit2/install/robo_planner/share/robo_planner/config/share/ur_description/config/ur10/default_kinematics.yaml
[22.347s] -- Up-to-date: /home/autopilot/ws/restackcell/ws_moveit2/install/robo_planner/share/robo_planner/config/share/ur_description/config/ur10/joint_limits.yaml
[22.347s] -- Up-to-date: /home/autopilot/ws/restackcell/ws_moveit2/install/robo_planner/share/robo_planner/config/share/ur_description/config/ur10/physical_parameters.yaml
[22.347s] -- Up-to-date: /home/autopilot/ws/restackcell/ws_moveit2/install/robo_planner/share/robo_planner/config/share/ur_description/config/ur5
[22.347s] -- Up-to-date: /home/autopilot/ws/restackcell/ws_moveit2/install/robo_planner/share/robo_planner/config/share/ur_description/config/ur5/visual_parameters.yaml
[22.347s] -- Up-to-date: /home/autopilot/ws/restackcell/ws_moveit2/install/robo_planner/share/robo_planner/config/share/ur_description/config/ur5/default_kinematics.yaml
[22.347s] -- Up-to-date: /home/autopilot/ws/restackcell/ws_moveit2/install/robo_planner/share/robo_planner/config/share/ur_description/config/ur5/joint_limits.yaml
[22.347s] -- Up-to-date: /home/autopilot/ws/restackcell/ws_moveit2/install/robo_planner/share/robo_planner/config/share/ur_description/config/ur5/physical_parameters.yaml
[22.348s] -- Up-to-date: /home/autopilot/ws/restackcell/ws_moveit2/install/robo_planner/share/robo_planner/config/share/ur_description/launch
[22.348s] -- Up-to-date: /home/autopilot/ws/restackcell/ws_moveit2/install/robo_planner/share/robo_planner/config/share/ur_description/launch/view_ur.launch.py
[22.348s] -- Up-to-date: /home/autopilot/ws/restackcell/ws_moveit2/install/robo_planner/share/robo_planner/config/share/ur_description/meshes
[22.349s] -- Up-to-date: /home/autopilot/ws/restackcell/ws_moveit2/install/robo_planner/share/robo_planner/config/share/ur_description/meshes/ur20
[22.349s] -- Up-to-date: /home/autopilot/ws/restackcell/ws_moveit2/install/robo_planner/share/robo_planner/config/share/ur_description/meshes/ur20/collision
[22.350s] -- Up-to-date: /home/autopilot/ws/restackcell/ws_moveit2/install/robo_planner/share/robo_planner/config/share/ur_description/meshes/ur20/collision/forearm.stl
[22.350s] -- Up-to-date: /home/autopilot/ws/restackcell/ws_moveit2/install/robo_planner/share/robo_planner/config/share/ur_description/meshes/ur20/collision/base.stl
[22.350s] -- Up-to-date: /home/autopilot/ws/restackcell/ws_moveit2/install/robo_planner/share/robo_planner/config/share/ur_description/meshes/ur20/collision/wrist2.stl
[22.351s] -- Up-to-date: /home/autopilot/ws/restackcell/ws_moveit2/install/robo_planner/share/robo_planner/config/share/ur_description/meshes/ur20/collision/wrist3.stl
[22.351s] -- Up-to-date: /home/autopilot/ws/restackcell/ws_moveit2/install/robo_planner/share/robo_planner/config/share/ur_description/meshes/ur20/collision/wrist1.stl
[22.351s] -- Up-to-date: /home/autopilot/ws/restackcell/ws_moveit2/install/robo_planner/share/robo_planner/config/share/ur_description/meshes/ur20/collision/shoulder.stl
[22.352s] -- Up-to-date: /home/autopilot/ws/restackcell/ws_moveit2/install/robo_planner/share/robo_planner/config/share/ur_description/meshes/ur20/collision/upperarm.stl
[22.352s] -- Up-to-date: /home/autopilot/ws/restackcell/ws_moveit2/install/robo_planner/share/robo_planner/config/share/ur_description/meshes/ur20/LICENSE.txt
[22.353s] -- Up-to-date: /home/autopilot/ws/restackcell/ws_moveit2/install/robo_planner/share/robo_planner/config/share/ur_description/meshes/ur20/visual
[22.354s] -- Up-to-date: /home/autopilot/ws/restackcell/ws_moveit2/install/robo_planner/share/robo_planner/config/share/ur_description/meshes/ur20/visual/UR20_DIFF_8bit_2K.png
[22.355s] -- Up-to-date: /home/autopilot/ws/restackcell/ws_moveit2/install/robo_planner/share/robo_planner/config/share/ur_description/meshes/ur20/visual/upperarm.dae
[22.355s] -- Up-to-date: /home/autopilot/ws/restackcell/ws_moveit2/install/robo_planner/share/robo_planner/config/share/ur_description/meshes/ur20/visual/forearm.dae
[22.356s] -- Up-to-date: /home/autopilot/ws/restackcell/ws_moveit2/install/robo_planner/share/robo_planner/config/share/ur_description/meshes/ur20/visual/shoulder.dae
[22.356s] -- Up-to-date: /home/autopilot/ws/restackcell/ws_moveit2/install/robo_planner/share/robo_planner/config/share/ur_description/meshes/ur20/visual/wrist3.dae
[22.356s] -- Up-to-date: /home/autopilot/ws/restackcell/ws_moveit2/install/robo_planner/share/robo_planner/config/share/ur_description/meshes/ur20/visual/wrist1.dae
[22.357s] -- Up-to-date: /home/autopilot/ws/restackcell/ws_moveit2/install/robo_planner/share/robo_planner/config/share/ur_description/meshes/ur20/visual/wrist2.dae
[22.357s] -- Up-to-date: /home/autopilot/ws/restackcell/ws_moveit2/install/robo_planner/share/robo_planner/config/share/ur_description/meshes/ur20/visual/base.dae
[22.357s] -- Up-to-date: /home/autopilot/ws/restackcell/ws_moveit2/install/robo_planner/share/robo_planner/config/share/ur_description/meshes/ur5e
[22.358s] -- Up-to-date: /home/autopilot/ws/restackcell/ws_moveit2/install/robo_planner/share/robo_planner/config/share/ur_description/meshes/ur5e/collision
[22.358s] -- Up-to-date: /home/autopilot/ws/restackcell/ws_moveit2/install/robo_planner/share/robo_planner/config/share/ur_description/meshes/ur5e/collision/forearm.stl
[22.359s] -- Up-to-date: /home/autopilot/ws/restackcell/ws_moveit2/install/robo_planner/share/robo_planner/config/share/ur_description/meshes/ur5e/collision/base.stl
[22.359s] -- Up-to-date: /home/autopilot/ws/restackcell/ws_moveit2/install/robo_planner/share/robo_planner/config/share/ur_description/meshes/ur5e/collision/wrist2.stl
[22.360s] -- Up-to-date: /home/autopilot/ws/restackcell/ws_moveit2/install/robo_planner/share/robo_planner/config/share/ur_description/meshes/ur5e/collision/wrist3.stl
[22.360s] -- Up-to-date: /home/autopilot/ws/restackcell/ws_moveit2/install/robo_planner/share/robo_planner/config/share/ur_description/meshes/ur5e/collision/wrist1.stl
[22.360s] -- Up-to-date: /home/autopilot/ws/restackcell/ws_moveit2/install/robo_planner/share/robo_planner/config/share/ur_description/meshes/ur5e/collision/shoulder.stl
[22.361s] -- Up-to-date: /home/autopilot/ws/restackcell/ws_moveit2/install/robo_planner/share/robo_planner/config/share/ur_description/meshes/ur5e/collision/upperarm.stl
[22.361s] -- Up-to-date: /home/autopilot/ws/restackcell/ws_moveit2/install/robo_planner/share/robo_planner/config/share/ur_description/meshes/ur5e/visual
[22.361s] -- Up-to-date: /home/autopilot/ws/restackcell/ws_moveit2/install/robo_planner/share/robo_planner/config/share/ur_description/meshes/ur5e/visual/upperarm.dae
[22.362s] -- Up-to-date: /home/autopilot/ws/restackcell/ws_moveit2/install/robo_planner/share/robo_planner/config/share/ur_description/meshes/ur5e/visual/forearm.dae
[22.362s] -- Up-to-date: /home/autopilot/ws/restackcell/ws_moveit2/install/robo_planner/share/robo_planner/config/share/ur_description/meshes/ur5e/visual/shoulder.dae
[22.362s] -- Up-to-date: /home/autopilot/ws/restackcell/ws_moveit2/install/robo_planner/share/robo_planner/config/share/ur_description/meshes/ur5e/visual/wrist3.dae
[22.363s] -- Up-to-date: /home/autopilot/ws/restackcell/ws_moveit2/install/robo_planner/share/robo_planner/config/share/ur_description/meshes/ur5e/visual/wrist1.dae
[22.363s] -- Up-to-date: /home/autopilot/ws/restackcell/ws_moveit2/install/robo_planner/share/robo_planner/config/share/ur_description/meshes/ur5e/visual/wrist2.dae
[22.365s] -- Up-to-date: /home/autopilot/ws/restackcell/ws_moveit2/install/robo_planner/share/robo_planner/config/share/ur_description/meshes/ur5e/visual/base.dae
[22.365s] -- Up-to-date: /home/autopilot/ws/restackcell/ws_moveit2/install/robo_planner/share/robo_planner/config/share/ur_description/meshes/ur3
[22.365s] -- Up-to-date: /home/autopilot/ws/restackcell/ws_moveit2/install/robo_planner/share/robo_planner/config/share/ur_description/meshes/ur3/collision
[22.366s] -- Up-to-date: /home/autopilot/ws/restackcell/ws_moveit2/install/robo_planner/share/robo_planner/config/share/ur_description/meshes/ur3/collision/forearm.stl
[22.366s] -- Up-to-date: /home/autopilot/ws/restackcell/ws_moveit2/install/robo_planner/share/robo_planner/config/share/ur_description/meshes/ur3/collision/base.stl
[22.366s] -- Up-to-date: /home/autopilot/ws/restackcell/ws_moveit2/install/robo_planner/share/robo_planner/config/share/ur_description/meshes/ur3/collision/wrist2.stl
[22.366s] -- Up-to-date: /home/autopilot/ws/restackcell/ws_moveit2/install/robo_planner/share/robo_planner/config/share/ur_description/meshes/ur3/collision/wrist3.stl
[22.367s] -- Up-to-date: /home/autopilot/ws/restackcell/ws_moveit2/install/robo_planner/share/robo_planner/config/share/ur_description/meshes/ur3/collision/wrist1.stl
[22.367s] -- Up-to-date: /home/autopilot/ws/restackcell/ws_moveit2/install/robo_planner/share/robo_planner/config/share/ur_description/meshes/ur3/collision/shoulder.stl
[22.368s] -- Up-to-date: /home/autopilot/ws/restackcell/ws_moveit2/install/robo_planner/share/robo_planner/config/share/ur_description/meshes/ur3/collision/upperarm.stl
[22.368s] -- Up-to-date: /home/autopilot/ws/restackcell/ws_moveit2/install/robo_planner/share/robo_planner/config/share/ur_description/meshes/ur3/visual
[22.369s] -- Up-to-date: /home/autopilot/ws/restackcell/ws_moveit2/install/robo_planner/share/robo_planner/config/share/ur_description/meshes/ur3/visual/upperarm.dae
[22.370s] -- Up-to-date: /home/autopilot/ws/restackcell/ws_moveit2/install/robo_planner/share/robo_planner/config/share/ur_description/meshes/ur3/visual/forearm.dae
[22.370s] -- Up-to-date: /home/autopilot/ws/restackcell/ws_moveit2/install/robo_planner/share/robo_planner/config/share/ur_description/meshes/ur3/visual/shoulder.dae
[22.371s] -- Up-to-date: /home/autopilot/ws/restackcell/ws_moveit2/install/robo_planner/share/robo_planner/config/share/ur_description/meshes/ur3/visual/wrist3.dae
[22.371s] -- Up-to-date: /home/autopilot/ws/restackcell/ws_moveit2/install/robo_planner/share/robo_planner/config/share/ur_description/meshes/ur3/visual/wrist1.dae
[22.371s] -- Up-to-date: /home/autopilot/ws/restackcell/ws_moveit2/install/robo_planner/share/robo_planner/config/share/ur_description/meshes/ur3/visual/wrist2.dae
[22.372s] -- Up-to-date: /home/autopilot/ws/restackcell/ws_moveit2/install/robo_planner/share/robo_planner/config/share/ur_description/meshes/ur3/visual/base.dae
[22.372s] -- Up-to-date: /home/autopilot/ws/restackcell/ws_moveit2/install/robo_planner/share/robo_planner/config/share/ur_description/meshes/ur16e
[22.373s] -- Up-to-date: /home/autopilot/ws/restackcell/ws_moveit2/install/robo_planner/share/robo_planner/config/share/ur_description/meshes/ur16e/collision
[22.373s] -- Up-to-date: /home/autopilot/ws/restackcell/ws_moveit2/install/robo_planner/share/robo_planner/config/share/ur_description/meshes/ur16e/collision/forearm.stl
[22.373s] -- Up-to-date: /home/autopilot/ws/restackcell/ws_moveit2/install/robo_planner/share/robo_planner/config/share/ur_description/meshes/ur16e/collision/restackcell_gripper.STL
[22.373s] -- Up-to-date: /home/autopilot/ws/restackcell/ws_moveit2/install/robo_planner/share/robo_planner/config/share/ur_description/meshes/ur16e/collision/upperarm.stl
[22.374s] -- Up-to-date: /home/autopilot/ws/restackcell/ws_moveit2/install/robo_planner/share/robo_planner/config/share/ur_description/meshes/ur16e/visual
[22.375s] -- Up-to-date: /home/autopilot/ws/restackcell/ws_moveit2/install/robo_planner/share/robo_planner/config/share/ur_description/meshes/ur16e/visual/upperarm.dae
[22.375s] -- Up-to-date: /home/autopilot/ws/restackcell/ws_moveit2/install/robo_planner/share/robo_planner/config/share/ur_description/meshes/ur16e/visual/forearm.dae
[22.376s] -- Up-to-date: /home/autopilot/ws/restackcell/ws_moveit2/install/robo_planner/share/robo_planner/config/share/ur_description/meshes/ur16e/visual/restackcell_gripper.STL
[22.376s] -- Up-to-date: /home/autopilot/ws/restackcell/ws_moveit2/install/robo_planner/share/robo_planner/config/share/ur_description/meshes/ur3e
[22.377s] -- Up-to-date: /home/autopilot/ws/restackcell/ws_moveit2/install/robo_planner/share/robo_planner/config/share/ur_description/meshes/ur3e/collision
[22.377s] -- Up-to-date: /home/autopilot/ws/restackcell/ws_moveit2/install/robo_planner/share/robo_planner/config/share/ur_description/meshes/ur3e/collision/forearm.stl
[22.379s] -- Up-to-date: /home/autopilot/ws/restackcell/ws_moveit2/install/robo_planner/share/robo_planner/config/share/ur_description/meshes/ur3e/collision/base.stl
[22.380s] -- Up-to-date: /home/autopilot/ws/restackcell/ws_moveit2/install/robo_planner/share/robo_planner/config/share/ur_description/meshes/ur3e/collision/wrist2.stl
[22.380s] -- Up-to-date: /home/autopilot/ws/restackcell/ws_moveit2/install/robo_planner/share/robo_planner/config/share/ur_description/meshes/ur3e/collision/wrist3.stl
[22.381s] -- Up-to-date: /home/autopilot/ws/restackcell/ws_moveit2/install/robo_planner/share/robo_planner/config/share/ur_description/meshes/ur3e/collision/wrist1.stl
[22.382s] -- Up-to-date: /home/autopilot/ws/restackcell/ws_moveit2/install/robo_planner/share/robo_planner/config/share/ur_description/meshes/ur3e/collision/shoulder.stl
[22.382s] -- Up-to-date: /home/autopilot/ws/restackcell/ws_moveit2/install/robo_planner/share/robo_planner/config/share/ur_description/meshes/ur3e/collision/upperarm.stl
[22.382s] -- Up-to-date: /home/autopilot/ws/restackcell/ws_moveit2/install/robo_planner/share/robo_planner/config/share/ur_description/meshes/ur3e/visual
[22.382s] -- Up-to-date: /home/autopilot/ws/restackcell/ws_moveit2/install/robo_planner/share/robo_planner/config/share/ur_description/meshes/ur3e/visual/upperarm.dae
[22.382s] -- Up-to-date: /home/autopilot/ws/restackcell/ws_moveit2/install/robo_planner/share/robo_planner/config/share/ur_description/meshes/ur3e/visual/forearm.dae
[22.382s] -- Up-to-date: /home/autopilot/ws/restackcell/ws_moveit2/install/robo_planner/share/robo_planner/config/share/ur_description/meshes/ur3e/visual/shoulder.dae
[22.383s] -- Up-to-date: /home/autopilot/ws/restackcell/ws_moveit2/install/robo_planner/share/robo_planner/config/share/ur_description/meshes/ur3e/visual/wrist3.dae
[22.383s] -- Up-to-date: /home/autopilot/ws/restackcell/ws_moveit2/install/robo_planner/share/robo_planner/config/share/ur_description/meshes/ur3e/visual/wrist1.dae
[22.383s] -- Up-to-date: /home/autopilot/ws/restackcell/ws_moveit2/install/robo_planner/share/robo_planner/config/share/ur_description/meshes/ur3e/visual/wrist2.dae
[22.383s] -- Up-to-date: /home/autopilot/ws/restackcell/ws_moveit2/install/robo_planner/share/robo_planner/config/share/ur_description/meshes/ur3e/visual/base.dae
[22.383s] -- Up-to-date: /home/autopilot/ws/restackcell/ws_moveit2/install/robo_planner/share/robo_planner/config/share/ur_description/meshes/ur30
[22.384s] -- Up-to-date: /home/autopilot/ws/restackcell/ws_moveit2/install/robo_planner/share/robo_planner/config/share/ur_description/meshes/ur30/collision
[22.384s] -- Up-to-date: /home/autopilot/ws/restackcell/ws_moveit2/install/robo_planner/share/robo_planner/config/share/ur_description/meshes/ur30/collision/forearm.stl
[22.386s] -- Up-to-date: /home/autopilot/ws/restackcell/ws_moveit2/install/robo_planner/share/robo_planner/config/share/ur_description/meshes/ur30/collision/upperarm.stl
[22.386s] -- Up-to-date: /home/autopilot/ws/restackcell/ws_moveit2/install/robo_planner/share/robo_planner/config/share/ur_description/meshes/ur30/LICENSE.txt
[22.386s] -- Up-to-date: /home/autopilot/ws/restackcell/ws_moveit2/install/robo_planner/share/robo_planner/config/share/ur_description/meshes/ur30/visual
[22.387s] -- Up-to-date: /home/autopilot/ws/restackcell/ws_moveit2/install/robo_planner/share/robo_planner/config/share/ur_description/meshes/ur30/visual/upperarm.dae
[22.388s] -- Up-to-date: /home/autopilot/ws/restackcell/ws_moveit2/install/robo_planner/share/robo_planner/config/share/ur_description/meshes/ur30/visual/forearm.dae
[22.388s] -- Up-to-date: /home/autopilot/ws/restackcell/ws_moveit2/install/robo_planner/share/robo_planner/config/share/ur_description/meshes/ur30/visual/UR30_DIFF_8bit_2K.png
[22.388s] -- Up-to-date: /home/autopilot/ws/restackcell/ws_moveit2/install/robo_planner/share/robo_planner/config/share/ur_description/meshes/ur10e
[22.389s] -- Up-to-date: /home/autopilot/ws/restackcell/ws_moveit2/install/robo_planner/share/robo_planner/config/share/ur_description/meshes/ur10e/collision
[22.390s] -- Up-to-date: /home/autopilot/ws/restackcell/ws_moveit2/install/robo_planner/share/robo_planner/config/share/ur_description/meshes/ur10e/collision/forearm.stl
[22.390s] -- Up-to-date: /home/autopilot/ws/restackcell/ws_moveit2/install/robo_planner/share/robo_planner/config/share/ur_description/meshes/ur10e/collision/base.stl
[22.390s] -- Up-to-date: /home/autopilot/ws/restackcell/ws_moveit2/install/robo_planner/share/robo_planner/config/share/ur_description/meshes/ur10e/collision/wrist2.stl
[22.391s] -- Up-to-date: /home/autopilot/ws/restackcell/ws_moveit2/install/robo_planner/share/robo_planner/config/share/ur_description/meshes/ur10e/collision/wrist3.stl
[22.391s] -- Up-to-date: /home/autopilot/ws/restackcell/ws_moveit2/install/robo_planner/share/robo_planner/config/share/ur_description/meshes/ur10e/collision/wrist1.stl
[22.391s] -- Up-to-date: /home/autopilot/ws/restackcell/ws_moveit2/install/robo_planner/share/robo_planner/config/share/ur_description/meshes/ur10e/collision/shoulder.stl
[22.391s] -- Up-to-date: /home/autopilot/ws/restackcell/ws_moveit2/install/robo_planner/share/robo_planner/config/share/ur_description/meshes/ur10e/collision/upperarm.stl
[22.392s] -- Up-to-date: /home/autopilot/ws/restackcell/ws_moveit2/install/robo_planner/share/robo_planner/config/share/ur_description/meshes/ur10e/visual
[22.393s] -- Up-to-date: /home/autopilot/ws/restackcell/ws_moveit2/install/robo_planner/share/robo_planner/config/share/ur_description/meshes/ur10e/visual/upperarm.dae
[22.393s] -- Up-to-date: /home/autopilot/ws/restackcell/ws_moveit2/install/robo_planner/share/robo_planner/config/share/ur_description/meshes/ur10e/visual/forearm.dae
[22.394s] -- Up-to-date: /home/autopilot/ws/restackcell/ws_moveit2/install/robo_planner/share/robo_planner/config/share/ur_description/meshes/ur10e/visual/shoulder.dae
[22.394s] -- Up-to-date: /home/autopilot/ws/restackcell/ws_moveit2/install/robo_planner/share/robo_planner/config/share/ur_description/meshes/ur10e/visual/wrist3.dae
[22.394s] -- Up-to-date: /home/autopilot/ws/restackcell/ws_moveit2/install/robo_planner/share/robo_planner/config/share/ur_description/meshes/ur10e/visual/wrist1.dae
[22.394s] -- Up-to-date: /home/autopilot/ws/restackcell/ws_moveit2/install/robo_planner/share/robo_planner/config/share/ur_description/meshes/ur10e/visual/wrist2.dae
[22.395s] -- Up-to-date: /home/autopilot/ws/restackcell/ws_moveit2/install/robo_planner/share/robo_planner/config/share/ur_description/meshes/ur10e/visual/base.dae
[22.395s] -- Up-to-date: /home/autopilot/ws/restackcell/ws_moveit2/install/robo_planner/share/robo_planner/config/share/ur_description/meshes/ur10
[22.395s] -- Up-to-date: /home/autopilot/ws/restackcell/ws_moveit2/install/robo_planner/share/robo_planner/config/share/ur_description/meshes/ur10/collision
[22.395s] -- Up-to-date: /home/autopilot/ws/restackcell/ws_moveit2/install/robo_planner/share/robo_planner/config/share/ur_description/meshes/ur10/collision/forearm.stl
[22.395s] -- Up-to-date: /home/autopilot/ws/restackcell/ws_moveit2/install/robo_planner/share/robo_planner/config/share/ur_description/meshes/ur10/collision/base.stl
[22.395s] -- Up-to-date: /home/autopilot/ws/restackcell/ws_moveit2/install/robo_planner/share/robo_planner/config/share/ur_description/meshes/ur10/collision/wrist2.stl
[22.395s] -- Up-to-date: /home/autopilot/ws/restackcell/ws_moveit2/install/robo_planner/share/robo_planner/config/share/ur_description/meshes/ur10/collision/wrist3.stl
[22.396s] -- Up-to-date: /home/autopilot/ws/restackcell/ws_moveit2/install/robo_planner/share/robo_planner/config/share/ur_description/meshes/ur10/collision/wrist1.stl
[22.396s] -- Up-to-date: /home/autopilot/ws/restackcell/ws_moveit2/install/robo_planner/share/robo_planner/config/share/ur_description/meshes/ur10/collision/shoulder.stl
[22.396s] -- Up-to-date: /home/autopilot/ws/restackcell/ws_moveit2/install/robo_planner/share/robo_planner/config/share/ur_description/meshes/ur10/collision/upperarm.stl
[22.396s] -- Up-to-date: /home/autopilot/ws/restackcell/ws_moveit2/install/robo_planner/share/robo_planner/config/share/ur_description/meshes/ur10/visual
[22.396s] -- Up-to-date: /home/autopilot/ws/restackcell/ws_moveit2/install/robo_planner/share/robo_planner/config/share/ur_description/meshes/ur10/visual/upperarm.dae
[22.396s] -- Up-to-date: /home/autopilot/ws/restackcell/ws_moveit2/install/robo_planner/share/robo_planner/config/share/ur_description/meshes/ur10/visual/forearm.dae
[22.396s] -- Up-to-date: /home/autopilot/ws/restackcell/ws_moveit2/install/robo_planner/share/robo_planner/config/share/ur_description/meshes/ur10/visual/shoulder.dae
[22.396s] -- Up-to-date: /home/autopilot/ws/restackcell/ws_moveit2/install/robo_planner/share/robo_planner/config/share/ur_description/meshes/ur10/visual/wrist3.dae
[22.396s] -- Up-to-date: /home/autopilot/ws/restackcell/ws_moveit2/install/robo_planner/share/robo_planner/config/share/ur_description/meshes/ur10/visual/wrist1.dae
[22.397s] -- Up-to-date: /home/autopilot/ws/restackcell/ws_moveit2/install/robo_planner/share/robo_planner/config/share/ur_description/meshes/ur10/visual/wrist2.dae
[22.397s] -- Up-to-date: /home/autopilot/ws/restackcell/ws_moveit2/install/robo_planner/share/robo_planner/config/share/ur_description/meshes/ur10/visual/base.dae
[22.397s] -- Up-to-date: /home/autopilot/ws/restackcell/ws_moveit2/install/robo_planner/share/robo_planner/config/share/ur_description/meshes/ur5
[22.397s] -- Up-to-date: /home/autopilot/ws/restackcell/ws_moveit2/install/robo_planner/share/robo_planner/config/share/ur_description/meshes/ur5/collision
[22.397s] -- Up-to-date: /home/autopilot/ws/restackcell/ws_moveit2/install/robo_planner/share/robo_planner/config/share/ur_description/meshes/ur5/collision/forearm.stl
[22.397s] -- Up-to-date: /home/autopilot/ws/restackcell/ws_moveit2/install/robo_planner/share/robo_planner/config/share/ur_description/meshes/ur5/collision/base.stl
[22.397s] -- Up-to-date: /home/autopilot/ws/restackcell/ws_moveit2/install/robo_planner/share/robo_planner/config/share/ur_description/meshes/ur5/collision/wrist2.stl
[22.397s] -- Up-to-date: /home/autopilot/ws/restackcell/ws_moveit2/install/robo_planner/share/robo_planner/config/share/ur_description/meshes/ur5/collision/wrist3.stl
[22.398s] -- Up-to-date: /home/autopilot/ws/restackcell/ws_moveit2/install/robo_planner/share/robo_planner/config/share/ur_description/meshes/ur5/collision/wrist1.stl
[22.398s] -- Up-to-date: /home/autopilot/ws/restackcell/ws_moveit2/install/robo_planner/share/robo_planner/config/share/ur_description/meshes/ur5/collision/shoulder.stl
[22.398s] -- Up-to-date: /home/autopilot/ws/restackcell/ws_moveit2/install/robo_planner/share/robo_planner/config/share/ur_description/meshes/ur5/collision/upperarm.stl
[22.398s] -- Up-to-date: /home/autopilot/ws/restackcell/ws_moveit2/install/robo_planner/share/robo_planner/config/share/ur_description/meshes/ur5/visual
[22.398s] -- Up-to-date: /home/autopilot/ws/restackcell/ws_moveit2/install/robo_planner/share/robo_planner/config/share/ur_description/meshes/ur5/visual/upperarm.dae
[22.398s] -- Up-to-date: /home/autopilot/ws/restackcell/ws_moveit2/install/robo_planner/share/robo_planner/config/share/ur_description/meshes/ur5/visual/forearm.dae
[22.398s] -- Up-to-date: /home/autopilot/ws/restackcell/ws_moveit2/install/robo_planner/share/robo_planner/config/share/ur_description/meshes/ur5/visual/shoulder.dae
[22.398s] -- Up-to-date: /home/autopilot/ws/restackcell/ws_moveit2/install/robo_planner/share/robo_planner/config/share/ur_description/meshes/ur5/visual/wrist3.dae
[22.398s] -- Up-to-date: /home/autopilot/ws/restackcell/ws_moveit2/install/robo_planner/share/robo_planner/config/share/ur_description/meshes/ur5/visual/wrist1.dae
[22.399s] -- Up-to-date: /home/autopilot/ws/restackcell/ws_moveit2/install/robo_planner/share/robo_planner/config/share/ur_description/meshes/ur5/visual/wrist2.dae
[22.399s] -- Up-to-date: /home/autopilot/ws/restackcell/ws_moveit2/install/robo_planner/share/robo_planner/config/share/ur_description/meshes/ur5/visual/base.dae
[22.399s] -- Up-to-date: /home/autopilot/ws/restackcell/ws_moveit2/install/robo_planner/share/robo_planner/config/share/ur_description/local_setup.bash
[22.399s] -- Up-to-date: /home/autopilot/ws/restackcell/ws_moveit2/install/robo_planner/share/robo_planner/config/share/ur_description/test
[22.399s] -- Up-to-date: /home/autopilot/ws/restackcell/ws_moveit2/install/robo_planner/share/robo_planner/config/share/ur_description/test/__pycache__
[22.399s] -- Up-to-date: /home/autopilot/ws/restackcell/ws_moveit2/install/robo_planner/share/robo_planner/config/share/ur_description/test/__pycache__/test_ur_urdf_xacro.cpython-310-pytest-6.2.5.pyc
[22.399s] -- Up-to-date: /home/autopilot/ws/restackcell/ws_moveit2/install/robo_planner/share/robo_planner/config/share/ur_description/test/__pycache__/test_view_ur_launch.cpython-310-pytest-6.2.5.pyc
[22.399s] -- Up-to-date: /home/autopilot/ws/restackcell/ws_moveit2/install/robo_planner/share/robo_planner/config/share/ur_description/test/test_ur_urdf_xacro.py
[22.400s] -- Up-to-date: /home/autopilot/ws/restackcell/ws_moveit2/install/robo_planner/share/robo_planner/config/share/ur_description/test/test_view_ur_launch.py
[22.400s] -- Up-to-date: /home/autopilot/ws/restackcell/ws_moveit2/install/robo_planner/share/robo_planner/config/share/ur_description/environment
[22.400s] -- Up-to-date: /home/autopilot/ws/restackcell/ws_moveit2/install/robo_planner/share/robo_planner/config/share/ur_description/environment/ament_prefix_path.sh
[22.400s] -- Up-to-date: /home/autopilot/ws/restackcell/ws_moveit2/install/robo_planner/share/robo_planner/config/share/ur_description/environment/path.dsv
[22.400s] -- Up-to-date: /home/autopilot/ws/restackcell/ws_moveit2/install/robo_planner/share/robo_planner/config/share/ur_description/environment/ament_prefix_path.dsv
[22.400s] -- Up-to-date: /home/autopilot/ws/restackcell/ws_moveit2/install/robo_planner/share/robo_planner/config/share/ur_description/environment/path.sh
[22.400s] -- Up-to-date: /home/autopilot/ws/restackcell/ws_moveit2/install/robo_planner/share/robo_planner/config/share/ur_description/package.xml
[22.400s] -- Up-to-date: /home/autopilot/ws/restackcell/ws_moveit2/install/robo_planner/share/robo_planner/config/share/ur_moveit_config
[22.400s] -- Up-to-date: /home/autopilot/ws/restackcell/ws_moveit2/install/robo_planner/share/robo_planner/config/share/ur_moveit_config/package.dsv
[22.401s] -- Up-to-date: /home/autopilot/ws/restackcell/ws_moveit2/install/robo_planner/share/robo_planner/config/share/ur_moveit_config/local_setup.zsh
[22.401s] -- Up-to-date: /home/autopilot/ws/restackcell/ws_moveit2/install/robo_planner/share/robo_planner/config/share/ur_moveit_config/rviz
[22.401s] -- Up-to-date: /home/autopilot/ws/restackcell/ws_moveit2/install/robo_planner/share/robo_planner/config/share/ur_moveit_config/rviz/view_robot.rviz
[22.401s] -- Up-to-date: /home/autopilot/ws/restackcell/ws_moveit2/install/robo_planner/share/robo_planner/config/share/ur_moveit_config/local_setup.sh
[22.401s] -- Up-to-date: /home/autopilot/ws/restackcell/ws_moveit2/install/robo_planner/share/robo_planner/config/share/ur_moveit_config/cmake
[22.401s] -- Up-to-date: /home/autopilot/ws/restackcell/ws_moveit2/install/robo_planner/share/robo_planner/config/share/ur_moveit_config/cmake/ur_moveit_configConfig-version.cmake
[22.401s] -- Up-to-date: /home/autopilot/ws/restackcell/ws_moveit2/install/robo_planner/share/robo_planner/config/share/ur_moveit_config/cmake/ur_moveit_configConfig.cmake
[22.401s] -- Up-to-date: /home/autopilot/ws/restackcell/ws_moveit2/install/robo_planner/share/robo_planner/config/share/ur_moveit_config/local_setup.dsv
[22.401s] -- Up-to-date: /home/autopilot/ws/restackcell/ws_moveit2/install/robo_planner/share/robo_planner/config/share/ur_moveit_config/config
[22.402s] -- Up-to-date: /home/autopilot/ws/restackcell/ws_moveit2/install/robo_planner/share/robo_planner/config/share/ur_moveit_config/config/ur_servo.yaml
[22.402s] -- Up-to-date: /home/autopilot/ws/restackcell/ws_moveit2/install/robo_planner/share/robo_planner/config/share/ur_moveit_config/config/ompl_planning.yaml
[22.402s] -- Up-to-date: /home/autopilot/ws/restackcell/ws_moveit2/install/robo_planner/share/robo_planner/config/share/ur_moveit_config/config/controllers.yaml
[22.402s] -- Up-to-date: /home/autopilot/ws/restackcell/ws_moveit2/install/robo_planner/share/robo_planner/config/share/ur_moveit_config/config/pilz_cartesian_limits.yaml
[22.402s] -- Up-to-date: /home/autopilot/ws/restackcell/ws_moveit2/install/robo_planner/share/robo_planner/config/share/ur_moveit_config/config/pilz_industrial_motion_planner_planning.yaml
[22.402s] -- Up-to-date: /home/autopilot/ws/restackcell/ws_moveit2/install/robo_planner/share/robo_planner/config/share/ur_moveit_config/config/kinematics.yaml
[22.402s] -- Up-to-date: /home/autopilot/ws/restackcell/ws_moveit2/install/robo_planner/share/robo_planner/config/share/ur_moveit_config/launch
[22.402s] -- Up-to-date: /home/autopilot/ws/restackcell/ws_moveit2/install/robo_planner/share/robo_planner/config/share/ur_moveit_config/launch/ur_moveit.launch.py
[22.403s] -- Up-to-date: /home/autopilot/ws/restackcell/ws_moveit2/install/robo_planner/share/robo_planner/config/share/ur_moveit_config/local_setup.bash
[22.403s] -- Up-to-date: /home/autopilot/ws/restackcell/ws_moveit2/install/robo_planner/share/robo_planner/config/share/ur_moveit_config/environment
[22.403s] -- Up-to-date: /home/autopilot/ws/restackcell/ws_moveit2/install/robo_planner/share/robo_planner/config/share/ur_moveit_config/environment/pythonpath.sh
[22.403s] -- Up-to-date: /home/autopilot/ws/restackcell/ws_moveit2/install/robo_planner/share/robo_planner/config/share/ur_moveit_config/environment/ament_prefix_path.sh
[22.403s] -- Up-to-date: /home/autopilot/ws/restackcell/ws_moveit2/install/robo_planner/share/robo_planner/config/share/ur_moveit_config/environment/path.dsv
[22.403s] -- Up-to-date: /home/autopilot/ws/restackcell/ws_moveit2/install/robo_planner/share/robo_planner/config/share/ur_moveit_config/environment/ament_prefix_path.dsv
[22.403s] -- Up-to-date: /home/autopilot/ws/restackcell/ws_moveit2/install/robo_planner/share/robo_planner/config/share/ur_moveit_config/environment/pythonpath.dsv
[22.403s] -- Up-to-date: /home/autopilot/ws/restackcell/ws_moveit2/install/robo_planner/share/robo_planner/config/share/ur_moveit_config/environment/path.sh
[22.403s] -- Up-to-date: /home/autopilot/ws/restackcell/ws_moveit2/install/robo_planner/share/robo_planner/config/share/ur_moveit_config/package.xml
[22.404s] -- Up-to-date: /home/autopilot/ws/restackcell/ws_moveit2/install/robo_planner/share/robo_planner/config/share/ur_moveit_config/srdf
[22.404s] -- Up-to-date: /home/autopilot/ws/restackcell/ws_moveit2/install/robo_planner/share/robo_planner/config/share/ur_moveit_config/srdf/ur_macro.srdf.xacro
[22.404s] -- Up-to-date: /home/autopilot/ws/restackcell/ws_moveit2/install/robo_planner/share/robo_planner/config/share/ur_moveit_config/srdf/ur.srdf.xacro
[22.404s] -- Up-to-date: /home/autopilot/ws/restackcell/ws_moveit2/install/robo_planner/share/robo_planner/config/cell_config.yaml
[22.404s] -- Up-to-date: /home/autopilot/ws/restackcell/ws_moveit2/install/robo_planner/share/robo_planner/config/ur16e
[22.404s] -- Up-to-date: /home/autopilot/ws/restackcell/ws_moveit2/install/robo_planner/share/robo_planner/config/ur16e/visual_parameters.yaml
[22.404s] -- Up-to-date: /home/autopilot/ws/restackcell/ws_moveit2/install/robo_planner/share/robo_planner/config/ur16e/default_kinematics.yaml
[22.404s] -- Up-to-date: /home/autopilot/ws/restackcell/ws_moveit2/install/robo_planner/share/robo_planner/config/ur16e/joint_limits.yaml
[22.404s] -- Up-to-date: /home/autopilot/ws/restackcell/ws_moveit2/install/robo_planner/share/robo_planner/config/ur16e/physical_parameters.yaml
[22.405s] -- Up-to-date: /home/autopilot/ws/restackcell/ws_moveit2/install/robo_planner/share/robo_planner/config/pilz_cartesian_limits.yaml
[22.405s] -- Up-to-date: /home/autopilot/ws/restackcell/ws_moveit2/install/robo_planner/share/robo_planner/config/pilz_industrial_motion_planner_planning.yaml
[22.405s] -- Up-to-date: /home/autopilot/ws/restackcell/ws_moveit2/install/robo_planner/share/ament_index/resource_index/package_run_dependencies/robo_planner
[22.405s] -- Up-to-date: /home/autopilot/ws/restackcell/ws_moveit2/install/robo_planner/share/ament_index/resource_index/parent_prefix_path/robo_planner
[22.405s] -- Up-to-date: /home/autopilot/ws/restackcell/ws_moveit2/install/robo_planner/share/robo_planner/environment/ament_prefix_path.sh
[22.405s] -- Up-to-date: /home/autopilot/ws/restackcell/ws_moveit2/install/robo_planner/share/robo_planner/environment/ament_prefix_path.dsv
[22.405s] -- Up-to-date: /home/autopilot/ws/restackcell/ws_moveit2/install/robo_planner/share/robo_planner/environment/path.sh
[22.405s] -- Up-to-date: /home/autopilot/ws/restackcell/ws_moveit2/install/robo_planner/share/robo_planner/environment/path.dsv
[22.405s] -- Up-to-date: /home/autopilot/ws/restackcell/ws_moveit2/install/robo_planner/share/robo_planner/local_setup.bash
[22.405s] -- Up-to-date: /home/autopilot/ws/restackcell/ws_moveit2/install/robo_planner/share/robo_planner/local_setup.sh
[22.406s] -- Up-to-date: /home/autopilot/ws/restackcell/ws_moveit2/install/robo_planner/share/robo_planner/local_setup.zsh
[22.406s] -- Up-to-date: /home/autopilot/ws/restackcell/ws_moveit2/install/robo_planner/share/robo_planner/local_setup.dsv
[22.406s] -- Installing: /home/autopilot/ws/restackcell/ws_moveit2/install/robo_planner/share/robo_planner/package.dsv
[22.406s] -- Up-to-date: /home/autopilot/ws/restackcell/ws_moveit2/install/robo_planner/share/ament_index/resource_index/packages/robo_planner
[22.406s] -- Up-to-date: /home/autopilot/ws/restackcell/ws_moveit2/install/robo_planner/share/robo_planner/cmake/robo_plannerConfig.cmake
[22.406s] -- Up-to-date: /home/autopilot/ws/restackcell/ws_moveit2/install/robo_planner/share/robo_planner/cmake/robo_plannerConfig-version.cmake
[22.406s] -- Up-to-date: /home/autopilot/ws/restackcell/ws_moveit2/install/robo_planner/share/robo_planner/package.xml
[22.407s] Invoked command in '/home/autopilot/ws/restackcell/ws_moveit2/build/robo_planner' returned '0': AMENT_PREFIX_PATH=/home/autopilot/ws/restackcell/ws_moveit2/install/opcua_interfaces:${AMENT_PREFIX_PATH} CMAKE_PREFIX_PATH=/opt/ros/humble:/home/autopilot/ws/restackcell/ws_moveit2/install/wzlscheduler_interfaces:/home/autopilot/ws/restackcell/ws_moveit2/install/opcua_interfaces LD_LIBRARY_PATH=/home/autopilot/ws/restackcell/ws_moveit2/install/wzlscheduler_interfaces/lib:/home/autopilot/ws/restackcell/ws_moveit2/install/opcua_interfaces/lib:${LD_LIBRARY_PATH} PKG_CONFIG_PATH=/home/autopilot/ws/restackcell/ws_moveit2/install/wzlscheduler_interfaces/lib/aarch64-linux-gnu/pkgconfig:/home/autopilot/ws/restackcell/ws_moveit2/install/wzlscheduler_interfaces/lib/pkgconfig PYTHONPATH=/home/autopilot/ws/restackcell/ws_moveit2/install/wzlscheduler_interfaces/local/lib/python3.10/dist-packages:/home/autopilot/ws/restackcell/ws_moveit2/install/opcua_interfaces/local/lib/python3.10/dist-packages:${PYTHONPATH} ROS_PACKAGE_PATH=/home/autopilot/ws/restackcell/ws_moveit2/install/wzlscheduler_interfaces/share /usr/bin/cmake --install /home/autopilot/ws/restackcell/ws_moveit2/build/robo_planner
