[0.188s] DEBUG:colcon:Command line arguments: ['/usr/bin/colcon', 'build', '--packages-select', 'mockup_robot']
[0.188s] DEBUG:colcon:Parsed command line arguments: Namespace(log_base=None, log_level=None, verb_name='build', build_base='build', install_base='install', merge_install=False, symlink_install=False, test_result_base=None, continue_on_error=False, executor='parallel', parallel_workers=16, event_handlers=None, ignore_user_meta=False, metas=['./colcon.meta'], base_paths=['.'], packages_ignore=None, packages_ignore_regex=None, paths=None, packages_up_to=None, packages_up_to_regex=None, packages_above=None, packages_above_and_dependencies=None, packages_above_depth=None, packages_select_by_dep=None, packages_skip_by_dep=None, packages_skip_up_to=None, packages_select_build_failed=False, packages_skip_build_finished=False, packages_select_test_failures=False, packages_skip_test_passed=False, packages_select=['mockup_robot'], packages_skip=None, packages_select_regex=None, packages_skip_regex=None, packages_start=None, packages_end=None, allow_overriding=[], cmake_args=None, cmake_target=None, cmake_target_skip_unavailable=False, cmake_clean_cache=False, cmake_clean_first=False, cmake_force_configure=False, ament_cmake_args=None, catkin_cmake_args=None, catkin_skip_building_tests=False, mixin_files=None, mixin=None, verb_parser=<colcon_mixin.mixin.mixin_argument.MixinArgumentDecorator object at 0x7f50d6eb1600>, verb_extension=<colcon_core.verb.build.BuildVerb object at 0x7f50d6eb0fd0>, main=<bound method BuildVerb.main of <colcon_core.verb.build.BuildVerb object at 0x7f50d6eb0fd0>>, mixin_verb=('build',))
[0.349s] Level 1:colcon.colcon_core.package_discovery:discover_packages(colcon_meta) check parameters
[0.349s] Level 1:colcon.colcon_core.package_discovery:discover_packages(recursive) check parameters
[0.349s] Level 1:colcon.colcon_core.package_discovery:discover_packages(ignore) check parameters
[0.349s] Level 1:colcon.colcon_core.package_discovery:discover_packages(path) check parameters
[0.349s] Level 1:colcon.colcon_core.package_discovery:discover_packages(colcon_meta) discover
[0.349s] Level 1:colcon.colcon_core.package_discovery:discover_packages(recursive) discover
[0.350s] INFO:colcon.colcon_core.package_discovery:Crawling recursively for packages in '/home/alex/restackcell/ws_moveit2/src'
[0.350s] Level 1:colcon.colcon_core.package_identification:_identify(.) by extensions ['ignore', 'ignore_ament_install']
[0.350s] Level 1:colcon.colcon_core.package_identification:_identify(.) by extension 'ignore'
[0.350s] Level 1:colcon.colcon_core.package_identification:_identify(.) by extension 'ignore_ament_install'
[0.350s] Level 1:colcon.colcon_core.package_identification:_identify(.) by extensions ['colcon_pkg']
[0.350s] Level 1:colcon.colcon_core.package_identification:_identify(.) by extension 'colcon_pkg'
[0.350s] Level 1:colcon.colcon_core.package_identification:_identify(.) by extensions ['colcon_meta']
[0.350s] Level 1:colcon.colcon_core.package_identification:_identify(.) by extension 'colcon_meta'
[0.350s] Level 1:colcon.colcon_core.package_identification:_identify(.) by extensions ['ros']
[0.350s] Level 1:colcon.colcon_core.package_identification:_identify(.) by extension 'ros'
[0.358s] Level 1:colcon.colcon_core.package_identification:_identify(.) by extensions ['cmake', 'python']
[0.358s] Level 1:colcon.colcon_core.package_identification:_identify(.) by extension 'cmake'
[0.358s] Level 1:colcon.colcon_core.package_identification:_identify(.) by extension 'python'
[0.358s] Level 1:colcon.colcon_core.package_identification:_identify(.) by extensions ['python_setup_py']
[0.358s] Level 1:colcon.colcon_core.package_identification:_identify(.) by extension 'python_setup_py'
[0.358s] Level 1:colcon.colcon_core.package_identification:_identify(build) by extensions ['ignore', 'ignore_ament_install']
[0.359s] Level 1:colcon.colcon_core.package_identification:_identify(build) by extension 'ignore'
[0.359s] Level 1:colcon.colcon_core.package_identification:_identify(build) ignored
[0.359s] Level 1:colcon.colcon_core.package_identification:_identify(build-hello_moveit-Desktop-Debug) by extensions ['ignore', 'ignore_ament_install']
[0.359s] Level 1:colcon.colcon_core.package_identification:_identify(build-hello_moveit-Desktop-Debug) by extension 'ignore'
[0.359s] Level 1:colcon.colcon_core.package_identification:_identify(build-hello_moveit-Desktop-Debug) by extension 'ignore_ament_install'
[0.359s] Level 1:colcon.colcon_core.package_identification:_identify(build-hello_moveit-Desktop-Debug) by extensions ['colcon_pkg']
[0.359s] Level 1:colcon.colcon_core.package_identification:_identify(build-hello_moveit-Desktop-Debug) by extension 'colcon_pkg'
[0.359s] Level 1:colcon.colcon_core.package_identification:_identify(build-hello_moveit-Desktop-Debug) by extensions ['colcon_meta']
[0.359s] Level 1:colcon.colcon_core.package_identification:_identify(build-hello_moveit-Desktop-Debug) by extension 'colcon_meta'
[0.359s] Level 1:colcon.colcon_core.package_identification:_identify(build-hello_moveit-Desktop-Debug) by extensions ['ros']
[0.359s] Level 1:colcon.colcon_core.package_identification:_identify(build-hello_moveit-Desktop-Debug) by extension 'ros'
[0.359s] Level 1:colcon.colcon_core.package_identification:_identify(build-hello_moveit-Desktop-Debug) by extensions ['cmake', 'python']
[0.359s] Level 1:colcon.colcon_core.package_identification:_identify(build-hello_moveit-Desktop-Debug) by extension 'cmake'
[0.359s] Level 1:colcon.colcon_core.package_identification:_identify(build-hello_moveit-Desktop-Debug) by extension 'python'
[0.359s] Level 1:colcon.colcon_core.package_identification:_identify(build-hello_moveit-Desktop-Debug) by extensions ['python_setup_py']
[0.359s] Level 1:colcon.colcon_core.package_identification:_identify(build-hello_moveit-Desktop-Debug) by extension 'python_setup_py'
[0.359s] Level 1:colcon.colcon_core.package_identification:_identify(build-hello_moveit-Desktop-Debug/CMakeFiles) by extensions ['ignore', 'ignore_ament_install']
[0.359s] Level 1:colcon.colcon_core.package_identification:_identify(build-hello_moveit-Desktop-Debug/CMakeFiles) by extension 'ignore'
[0.359s] Level 1:colcon.colcon_core.package_identification:_identify(build-hello_moveit-Desktop-Debug/CMakeFiles) by extension 'ignore_ament_install'
[0.359s] Level 1:colcon.colcon_core.package_identification:_identify(build-hello_moveit-Desktop-Debug/CMakeFiles) by extensions ['colcon_pkg']
[0.359s] Level 1:colcon.colcon_core.package_identification:_identify(build-hello_moveit-Desktop-Debug/CMakeFiles) by extension 'colcon_pkg'
[0.359s] Level 1:colcon.colcon_core.package_identification:_identify(build-hello_moveit-Desktop-Debug/CMakeFiles) by extensions ['colcon_meta']
[0.359s] Level 1:colcon.colcon_core.package_identification:_identify(build-hello_moveit-Desktop-Debug/CMakeFiles) by extension 'colcon_meta'
[0.360s] Level 1:colcon.colcon_core.package_identification:_identify(build-hello_moveit-Desktop-Debug/CMakeFiles) by extensions ['ros']
[0.360s] Level 1:colcon.colcon_core.package_identification:_identify(build-hello_moveit-Desktop-Debug/CMakeFiles) by extension 'ros'
[0.360s] Level 1:colcon.colcon_core.package_identification:_identify(build-hello_moveit-Desktop-Debug/CMakeFiles) by extensions ['cmake', 'python']
[0.360s] Level 1:colcon.colcon_core.package_identification:_identify(build-hello_moveit-Desktop-Debug/CMakeFiles) by extension 'cmake'
[0.360s] Level 1:colcon.colcon_core.package_identification:_identify(build-hello_moveit-Desktop-Debug/CMakeFiles) by extension 'python'
[0.360s] Level 1:colcon.colcon_core.package_identification:_identify(build-hello_moveit-Desktop-Debug/CMakeFiles) by extensions ['python_setup_py']
[0.360s] Level 1:colcon.colcon_core.package_identification:_identify(build-hello_moveit-Desktop-Debug/CMakeFiles) by extension 'python_setup_py'
[0.360s] Level 1:colcon.colcon_core.package_identification:_identify(build-hello_moveit-Desktop-Debug/CMakeFiles/3.22.1) by extensions ['ignore', 'ignore_ament_install']
[0.360s] Level 1:colcon.colcon_core.package_identification:_identify(build-hello_moveit-Desktop-Debug/CMakeFiles/3.22.1) by extension 'ignore'
[0.360s] Level 1:colcon.colcon_core.package_identification:_identify(build-hello_moveit-Desktop-Debug/CMakeFiles/3.22.1) by extension 'ignore_ament_install'
[0.360s] Level 1:colcon.colcon_core.package_identification:_identify(build-hello_moveit-Desktop-Debug/CMakeFiles/3.22.1) by extensions ['colcon_pkg']
[0.360s] Level 1:colcon.colcon_core.package_identification:_identify(build-hello_moveit-Desktop-Debug/CMakeFiles/3.22.1) by extension 'colcon_pkg'
[0.360s] Level 1:colcon.colcon_core.package_identification:_identify(build-hello_moveit-Desktop-Debug/CMakeFiles/3.22.1) by extensions ['colcon_meta']
[0.360s] Level 1:colcon.colcon_core.package_identification:_identify(build-hello_moveit-Desktop-Debug/CMakeFiles/3.22.1) by extension 'colcon_meta'
[0.360s] Level 1:colcon.colcon_core.package_identification:_identify(build-hello_moveit-Desktop-Debug/CMakeFiles/3.22.1) by extensions ['ros']
[0.360s] Level 1:colcon.colcon_core.package_identification:_identify(build-hello_moveit-Desktop-Debug/CMakeFiles/3.22.1) by extension 'ros'
[0.360s] Level 1:colcon.colcon_core.package_identification:_identify(build-hello_moveit-Desktop-Debug/CMakeFiles/3.22.1) by extensions ['cmake', 'python']
[0.360s] Level 1:colcon.colcon_core.package_identification:_identify(build-hello_moveit-Desktop-Debug/CMakeFiles/3.22.1) by extension 'cmake'
[0.360s] Level 1:colcon.colcon_core.package_identification:_identify(build-hello_moveit-Desktop-Debug/CMakeFiles/3.22.1) by extension 'python'
[0.360s] Level 1:colcon.colcon_core.package_identification:_identify(build-hello_moveit-Desktop-Debug/CMakeFiles/3.22.1) by extensions ['python_setup_py']
[0.360s] Level 1:colcon.colcon_core.package_identification:_identify(build-hello_moveit-Desktop-Debug/CMakeFiles/3.22.1) by extension 'python_setup_py'
[0.360s] Level 1:colcon.colcon_core.package_identification:_identify(build-hello_moveit-Desktop-Debug/CMakeFiles/3.22.1/CompilerIdC) by extensions ['ignore', 'ignore_ament_install']
[0.360s] Level 1:colcon.colcon_core.package_identification:_identify(build-hello_moveit-Desktop-Debug/CMakeFiles/3.22.1/CompilerIdC) by extension 'ignore'
[0.361s] Level 1:colcon.colcon_core.package_identification:_identify(build-hello_moveit-Desktop-Debug/CMakeFiles/3.22.1/CompilerIdC) by extension 'ignore_ament_install'
[0.361s] Level 1:colcon.colcon_core.package_identification:_identify(build-hello_moveit-Desktop-Debug/CMakeFiles/3.22.1/CompilerIdC) by extensions ['colcon_pkg']
[0.361s] Level 1:colcon.colcon_core.package_identification:_identify(build-hello_moveit-Desktop-Debug/CMakeFiles/3.22.1/CompilerIdC) by extension 'colcon_pkg'
[0.361s] Level 1:colcon.colcon_core.package_identification:_identify(build-hello_moveit-Desktop-Debug/CMakeFiles/3.22.1/CompilerIdC) by extensions ['colcon_meta']
[0.361s] Level 1:colcon.colcon_core.package_identification:_identify(build-hello_moveit-Desktop-Debug/CMakeFiles/3.22.1/CompilerIdC) by extension 'colcon_meta'
[0.361s] Level 1:colcon.colcon_core.package_identification:_identify(build-hello_moveit-Desktop-Debug/CMakeFiles/3.22.1/CompilerIdC) by extensions ['ros']
[0.361s] Level 1:colcon.colcon_core.package_identification:_identify(build-hello_moveit-Desktop-Debug/CMakeFiles/3.22.1/CompilerIdC) by extension 'ros'
[0.361s] Level 1:colcon.colcon_core.package_identification:_identify(build-hello_moveit-Desktop-Debug/CMakeFiles/3.22.1/CompilerIdC) by extensions ['cmake', 'python']
[0.361s] Level 1:colcon.colcon_core.package_identification:_identify(build-hello_moveit-Desktop-Debug/CMakeFiles/3.22.1/CompilerIdC) by extension 'cmake'
[0.361s] Level 1:colcon.colcon_core.package_identification:_identify(build-hello_moveit-Desktop-Debug/CMakeFiles/3.22.1/CompilerIdC) by extension 'python'
[0.361s] Level 1:colcon.colcon_core.package_identification:_identify(build-hello_moveit-Desktop-Debug/CMakeFiles/3.22.1/CompilerIdC) by extensions ['python_setup_py']
[0.361s] Level 1:colcon.colcon_core.package_identification:_identify(build-hello_moveit-Desktop-Debug/CMakeFiles/3.22.1/CompilerIdC) by extension 'python_setup_py'
[0.361s] Level 1:colcon.colcon_core.package_identification:_identify(build-hello_moveit-Desktop-Debug/CMakeFiles/3.22.1/CompilerIdCXX) by extensions ['ignore', 'ignore_ament_install']
[0.361s] Level 1:colcon.colcon_core.package_identification:_identify(build-hello_moveit-Desktop-Debug/CMakeFiles/3.22.1/CompilerIdCXX) by extension 'ignore'
[0.361s] Level 1:colcon.colcon_core.package_identification:_identify(build-hello_moveit-Desktop-Debug/CMakeFiles/3.22.1/CompilerIdCXX) by extension 'ignore_ament_install'
[0.361s] Level 1:colcon.colcon_core.package_identification:_identify(build-hello_moveit-Desktop-Debug/CMakeFiles/3.22.1/CompilerIdCXX) by extensions ['colcon_pkg']
[0.361s] Level 1:colcon.colcon_core.package_identification:_identify(build-hello_moveit-Desktop-Debug/CMakeFiles/3.22.1/CompilerIdCXX) by extension 'colcon_pkg'
[0.361s] Level 1:colcon.colcon_core.package_identification:_identify(build-hello_moveit-Desktop-Debug/CMakeFiles/3.22.1/CompilerIdCXX) by extensions ['colcon_meta']
[0.361s] Level 1:colcon.colcon_core.package_identification:_identify(build-hello_moveit-Desktop-Debug/CMakeFiles/3.22.1/CompilerIdCXX) by extension 'colcon_meta'
[0.361s] Level 1:colcon.colcon_core.package_identification:_identify(build-hello_moveit-Desktop-Debug/CMakeFiles/3.22.1/CompilerIdCXX) by extensions ['ros']
[0.361s] Level 1:colcon.colcon_core.package_identification:_identify(build-hello_moveit-Desktop-Debug/CMakeFiles/3.22.1/CompilerIdCXX) by extension 'ros'
[0.361s] Level 1:colcon.colcon_core.package_identification:_identify(build-hello_moveit-Desktop-Debug/CMakeFiles/3.22.1/CompilerIdCXX) by extensions ['cmake', 'python']
[0.361s] Level 1:colcon.colcon_core.package_identification:_identify(build-hello_moveit-Desktop-Debug/CMakeFiles/3.22.1/CompilerIdCXX) by extension 'cmake'
[0.361s] Level 1:colcon.colcon_core.package_identification:_identify(build-hello_moveit-Desktop-Debug/CMakeFiles/3.22.1/CompilerIdCXX) by extension 'python'
[0.361s] Level 1:colcon.colcon_core.package_identification:_identify(build-hello_moveit-Desktop-Debug/CMakeFiles/3.22.1/CompilerIdCXX) by extensions ['python_setup_py']
[0.361s] Level 1:colcon.colcon_core.package_identification:_identify(build-hello_moveit-Desktop-Debug/CMakeFiles/3.22.1/CompilerIdCXX) by extension 'python_setup_py'
[0.362s] Level 1:colcon.colcon_core.package_identification:_identify(build-hello_moveit-Desktop-Debug/CMakeFiles/hello_moveit.dir) by extensions ['ignore', 'ignore_ament_install']
[0.362s] Level 1:colcon.colcon_core.package_identification:_identify(build-hello_moveit-Desktop-Debug/CMakeFiles/hello_moveit.dir) by extension 'ignore'
[0.362s] Level 1:colcon.colcon_core.package_identification:_identify(build-hello_moveit-Desktop-Debug/CMakeFiles/hello_moveit.dir) by extension 'ignore_ament_install'
[0.362s] Level 1:colcon.colcon_core.package_identification:_identify(build-hello_moveit-Desktop-Debug/CMakeFiles/hello_moveit.dir) by extensions ['colcon_pkg']
[0.362s] Level 1:colcon.colcon_core.package_identification:_identify(build-hello_moveit-Desktop-Debug/CMakeFiles/hello_moveit.dir) by extension 'colcon_pkg'
[0.362s] Level 1:colcon.colcon_core.package_identification:_identify(build-hello_moveit-Desktop-Debug/CMakeFiles/hello_moveit.dir) by extensions ['colcon_meta']
[0.362s] Level 1:colcon.colcon_core.package_identification:_identify(build-hello_moveit-Desktop-Debug/CMakeFiles/hello_moveit.dir) by extension 'colcon_meta'
[0.362s] Level 1:colcon.colcon_core.package_identification:_identify(build-hello_moveit-Desktop-Debug/CMakeFiles/hello_moveit.dir) by extensions ['ros']
[0.362s] Level 1:colcon.colcon_core.package_identification:_identify(build-hello_moveit-Desktop-Debug/CMakeFiles/hello_moveit.dir) by extension 'ros'
[0.362s] Level 1:colcon.colcon_core.package_identification:_identify(build-hello_moveit-Desktop-Debug/CMakeFiles/hello_moveit.dir) by extensions ['cmake', 'python']
[0.362s] Level 1:colcon.colcon_core.package_identification:_identify(build-hello_moveit-Desktop-Debug/CMakeFiles/hello_moveit.dir) by extension 'cmake'
[0.362s] Level 1:colcon.colcon_core.package_identification:_identify(build-hello_moveit-Desktop-Debug/CMakeFiles/hello_moveit.dir) by extension 'python'
[0.362s] Level 1:colcon.colcon_core.package_identification:_identify(build-hello_moveit-Desktop-Debug/CMakeFiles/hello_moveit.dir) by extensions ['python_setup_py']
[0.362s] Level 1:colcon.colcon_core.package_identification:_identify(build-hello_moveit-Desktop-Debug/CMakeFiles/hello_moveit.dir) by extension 'python_setup_py'
[0.362s] Level 1:colcon.colcon_core.package_identification:_identify(build-hello_moveit-Desktop-Debug/CMakeFiles/hello_moveit.dir/src) by extensions ['ignore', 'ignore_ament_install']
[0.362s] Level 1:colcon.colcon_core.package_identification:_identify(build-hello_moveit-Desktop-Debug/CMakeFiles/hello_moveit.dir/src) by extension 'ignore'
[0.362s] Level 1:colcon.colcon_core.package_identification:_identify(build-hello_moveit-Desktop-Debug/CMakeFiles/hello_moveit.dir/src) by extension 'ignore_ament_install'
[0.362s] Level 1:colcon.colcon_core.package_identification:_identify(build-hello_moveit-Desktop-Debug/CMakeFiles/hello_moveit.dir/src) by extensions ['colcon_pkg']
[0.362s] Level 1:colcon.colcon_core.package_identification:_identify(build-hello_moveit-Desktop-Debug/CMakeFiles/hello_moveit.dir/src) by extension 'colcon_pkg'
[0.362s] Level 1:colcon.colcon_core.package_identification:_identify(build-hello_moveit-Desktop-Debug/CMakeFiles/hello_moveit.dir/src) by extensions ['colcon_meta']
[0.362s] Level 1:colcon.colcon_core.package_identification:_identify(build-hello_moveit-Desktop-Debug/CMakeFiles/hello_moveit.dir/src) by extension 'colcon_meta'
[0.362s] Level 1:colcon.colcon_core.package_identification:_identify(build-hello_moveit-Desktop-Debug/CMakeFiles/hello_moveit.dir/src) by extensions ['ros']
[0.362s] Level 1:colcon.colcon_core.package_identification:_identify(build-hello_moveit-Desktop-Debug/CMakeFiles/hello_moveit.dir/src) by extension 'ros'
[0.363s] Level 1:colcon.colcon_core.package_identification:_identify(build-hello_moveit-Desktop-Debug/CMakeFiles/hello_moveit.dir/src) by extensions ['cmake', 'python']
[0.363s] Level 1:colcon.colcon_core.package_identification:_identify(build-hello_moveit-Desktop-Debug/CMakeFiles/hello_moveit.dir/src) by extension 'cmake'
[0.363s] Level 1:colcon.colcon_core.package_identification:_identify(build-hello_moveit-Desktop-Debug/CMakeFiles/hello_moveit.dir/src) by extension 'python'
[0.363s] Level 1:colcon.colcon_core.package_identification:_identify(build-hello_moveit-Desktop-Debug/CMakeFiles/hello_moveit.dir/src) by extensions ['python_setup_py']
[0.363s] Level 1:colcon.colcon_core.package_identification:_identify(build-hello_moveit-Desktop-Debug/CMakeFiles/hello_moveit.dir/src) by extension 'python_setup_py'
[0.363s] Level 1:colcon.colcon_core.package_identification:_identify(build-hello_moveit-Desktop-Debug/Testing) by extensions ['ignore', 'ignore_ament_install']
[0.363s] Level 1:colcon.colcon_core.package_identification:_identify(build-hello_moveit-Desktop-Debug/Testing) by extension 'ignore'
[0.363s] Level 1:colcon.colcon_core.package_identification:_identify(build-hello_moveit-Desktop-Debug/Testing) by extension 'ignore_ament_install'
[0.363s] Level 1:colcon.colcon_core.package_identification:_identify(build-hello_moveit-Desktop-Debug/Testing) by extensions ['colcon_pkg']
[0.363s] Level 1:colcon.colcon_core.package_identification:_identify(build-hello_moveit-Desktop-Debug/Testing) by extension 'colcon_pkg'
[0.363s] Level 1:colcon.colcon_core.package_identification:_identify(build-hello_moveit-Desktop-Debug/Testing) by extensions ['colcon_meta']
[0.363s] Level 1:colcon.colcon_core.package_identification:_identify(build-hello_moveit-Desktop-Debug/Testing) by extension 'colcon_meta'
[0.363s] Level 1:colcon.colcon_core.package_identification:_identify(build-hello_moveit-Desktop-Debug/Testing) by extensions ['ros']
[0.363s] Level 1:colcon.colcon_core.package_identification:_identify(build-hello_moveit-Desktop-Debug/Testing) by extension 'ros'
[0.363s] Level 1:colcon.colcon_core.package_identification:_identify(build-hello_moveit-Desktop-Debug/Testing) by extensions ['cmake', 'python']
[0.363s] Level 1:colcon.colcon_core.package_identification:_identify(build-hello_moveit-Desktop-Debug/Testing) by extension 'cmake'
[0.363s] Level 1:colcon.colcon_core.package_identification:_identify(build-hello_moveit-Desktop-Debug/Testing) by extension 'python'
[0.363s] Level 1:colcon.colcon_core.package_identification:_identify(build-hello_moveit-Desktop-Debug/Testing) by extensions ['python_setup_py']
[0.363s] Level 1:colcon.colcon_core.package_identification:_identify(build-hello_moveit-Desktop-Debug/Testing) by extension 'python_setup_py'
[0.363s] Level 1:colcon.colcon_core.package_identification:_identify(build-hello_moveit-Desktop-Debug/Testing/Temporary) by extensions ['ignore', 'ignore_ament_install']
[0.363s] Level 1:colcon.colcon_core.package_identification:_identify(build-hello_moveit-Desktop-Debug/Testing/Temporary) by extension 'ignore'
[0.363s] Level 1:colcon.colcon_core.package_identification:_identify(build-hello_moveit-Desktop-Debug/Testing/Temporary) by extension 'ignore_ament_install'
[0.363s] Level 1:colcon.colcon_core.package_identification:_identify(build-hello_moveit-Desktop-Debug/Testing/Temporary) by extensions ['colcon_pkg']
[0.363s] Level 1:colcon.colcon_core.package_identification:_identify(build-hello_moveit-Desktop-Debug/Testing/Temporary) by extension 'colcon_pkg'
[0.364s] Level 1:colcon.colcon_core.package_identification:_identify(build-hello_moveit-Desktop-Debug/Testing/Temporary) by extensions ['colcon_meta']
[0.364s] Level 1:colcon.colcon_core.package_identification:_identify(build-hello_moveit-Desktop-Debug/Testing/Temporary) by extension 'colcon_meta'
[0.364s] Level 1:colcon.colcon_core.package_identification:_identify(build-hello_moveit-Desktop-Debug/Testing/Temporary) by extensions ['ros']
[0.364s] Level 1:colcon.colcon_core.package_identification:_identify(build-hello_moveit-Desktop-Debug/Testing/Temporary) by extension 'ros'
[0.364s] Level 1:colcon.colcon_core.package_identification:_identify(build-hello_moveit-Desktop-Debug/Testing/Temporary) by extensions ['cmake', 'python']
[0.364s] Level 1:colcon.colcon_core.package_identification:_identify(build-hello_moveit-Desktop-Debug/Testing/Temporary) by extension 'cmake'
[0.364s] Level 1:colcon.colcon_core.package_identification:_identify(build-hello_moveit-Desktop-Debug/Testing/Temporary) by extension 'python'
[0.364s] Level 1:colcon.colcon_core.package_identification:_identify(build-hello_moveit-Desktop-Debug/Testing/Temporary) by extensions ['python_setup_py']
[0.364s] Level 1:colcon.colcon_core.package_identification:_identify(build-hello_moveit-Desktop-Debug/Testing/Temporary) by extension 'python_setup_py'
[0.364s] Level 1:colcon.colcon_core.package_identification:_identify(build-hello_moveit-Desktop-Debug/ament_cmake_core) by extensions ['ignore', 'ignore_ament_install']
[0.364s] Level 1:colcon.colcon_core.package_identification:_identify(build-hello_moveit-Desktop-Debug/ament_cmake_core) by extension 'ignore'
[0.364s] Level 1:colcon.colcon_core.package_identification:_identify(build-hello_moveit-Desktop-Debug/ament_cmake_core) by extension 'ignore_ament_install'
[0.364s] Level 1:colcon.colcon_core.package_identification:_identify(build-hello_moveit-Desktop-Debug/ament_cmake_core) by extensions ['colcon_pkg']
[0.364s] Level 1:colcon.colcon_core.package_identification:_identify(build-hello_moveit-Desktop-Debug/ament_cmake_core) by extension 'colcon_pkg'
[0.364s] Level 1:colcon.colcon_core.package_identification:_identify(build-hello_moveit-Desktop-Debug/ament_cmake_core) by extensions ['colcon_meta']
[0.364s] Level 1:colcon.colcon_core.package_identification:_identify(build-hello_moveit-Desktop-Debug/ament_cmake_core) by extension 'colcon_meta'
[0.364s] Level 1:colcon.colcon_core.package_identification:_identify(build-hello_moveit-Desktop-Debug/ament_cmake_core) by extensions ['ros']
[0.364s] Level 1:colcon.colcon_core.package_identification:_identify(build-hello_moveit-Desktop-Debug/ament_cmake_core) by extension 'ros'
[0.364s] Level 1:colcon.colcon_core.package_identification:_identify(build-hello_moveit-Desktop-Debug/ament_cmake_core) by extensions ['cmake', 'python']
[0.364s] Level 1:colcon.colcon_core.package_identification:_identify(build-hello_moveit-Desktop-Debug/ament_cmake_core) by extension 'cmake'
[0.364s] Level 1:colcon.colcon_core.package_identification:_identify(build-hello_moveit-Desktop-Debug/ament_cmake_core) by extension 'python'
[0.364s] Level 1:colcon.colcon_core.package_identification:_identify(build-hello_moveit-Desktop-Debug/ament_cmake_core) by extensions ['python_setup_py']
[0.364s] Level 1:colcon.colcon_core.package_identification:_identify(build-hello_moveit-Desktop-Debug/ament_cmake_core) by extension 'python_setup_py'
[0.364s] Level 1:colcon.colcon_core.package_identification:_identify(build-hello_moveit-Desktop-Debug/ament_cmake_core/stamps) by extensions ['ignore', 'ignore_ament_install']
[0.365s] Level 1:colcon.colcon_core.package_identification:_identify(build-hello_moveit-Desktop-Debug/ament_cmake_core/stamps) by extension 'ignore'
[0.365s] Level 1:colcon.colcon_core.package_identification:_identify(build-hello_moveit-Desktop-Debug/ament_cmake_core/stamps) by extension 'ignore_ament_install'
[0.365s] Level 1:colcon.colcon_core.package_identification:_identify(build-hello_moveit-Desktop-Debug/ament_cmake_core/stamps) by extensions ['colcon_pkg']
[0.365s] Level 1:colcon.colcon_core.package_identification:_identify(build-hello_moveit-Desktop-Debug/ament_cmake_core/stamps) by extension 'colcon_pkg'
[0.365s] Level 1:colcon.colcon_core.package_identification:_identify(build-hello_moveit-Desktop-Debug/ament_cmake_core/stamps) by extensions ['colcon_meta']
[0.365s] Level 1:colcon.colcon_core.package_identification:_identify(build-hello_moveit-Desktop-Debug/ament_cmake_core/stamps) by extension 'colcon_meta'
[0.365s] Level 1:colcon.colcon_core.package_identification:_identify(build-hello_moveit-Desktop-Debug/ament_cmake_core/stamps) by extensions ['ros']
[0.365s] Level 1:colcon.colcon_core.package_identification:_identify(build-hello_moveit-Desktop-Debug/ament_cmake_core/stamps) by extension 'ros'
[0.365s] Level 1:colcon.colcon_core.package_identification:_identify(build-hello_moveit-Desktop-Debug/ament_cmake_core/stamps) by extensions ['cmake', 'python']
[0.365s] Level 1:colcon.colcon_core.package_identification:_identify(build-hello_moveit-Desktop-Debug/ament_cmake_core/stamps) by extension 'cmake'
[0.365s] Level 1:colcon.colcon_core.package_identification:_identify(build-hello_moveit-Desktop-Debug/ament_cmake_core/stamps) by extension 'python'
[0.365s] Level 1:colcon.colcon_core.package_identification:_identify(build-hello_moveit-Desktop-Debug/ament_cmake_core/stamps) by extensions ['python_setup_py']
[0.365s] Level 1:colcon.colcon_core.package_identification:_identify(build-hello_moveit-Desktop-Debug/ament_cmake_core/stamps) by extension 'python_setup_py'
[0.365s] Level 1:colcon.colcon_core.package_identification:_identify(build-hello_moveit-Desktop-Debug/ament_cmake_environment_hooks) by extensions ['ignore', 'ignore_ament_install']
[0.365s] Level 1:colcon.colcon_core.package_identification:_identify(build-hello_moveit-Desktop-Debug/ament_cmake_environment_hooks) by extension 'ignore'
[0.365s] Level 1:colcon.colcon_core.package_identification:_identify(build-hello_moveit-Desktop-Debug/ament_cmake_environment_hooks) by extension 'ignore_ament_install'
[0.365s] Level 1:colcon.colcon_core.package_identification:_identify(build-hello_moveit-Desktop-Debug/ament_cmake_environment_hooks) by extensions ['colcon_pkg']
[0.365s] Level 1:colcon.colcon_core.package_identification:_identify(build-hello_moveit-Desktop-Debug/ament_cmake_environment_hooks) by extension 'colcon_pkg'
[0.365s] Level 1:colcon.colcon_core.package_identification:_identify(build-hello_moveit-Desktop-Debug/ament_cmake_environment_hooks) by extensions ['colcon_meta']
[0.365s] Level 1:colcon.colcon_core.package_identification:_identify(build-hello_moveit-Desktop-Debug/ament_cmake_environment_hooks) by extension 'colcon_meta'
[0.365s] Level 1:colcon.colcon_core.package_identification:_identify(build-hello_moveit-Desktop-Debug/ament_cmake_environment_hooks) by extensions ['ros']
[0.365s] Level 1:colcon.colcon_core.package_identification:_identify(build-hello_moveit-Desktop-Debug/ament_cmake_environment_hooks) by extension 'ros'
[0.365s] Level 1:colcon.colcon_core.package_identification:_identify(build-hello_moveit-Desktop-Debug/ament_cmake_environment_hooks) by extensions ['cmake', 'python']
[0.365s] Level 1:colcon.colcon_core.package_identification:_identify(build-hello_moveit-Desktop-Debug/ament_cmake_environment_hooks) by extension 'cmake'
[0.365s] Level 1:colcon.colcon_core.package_identification:_identify(build-hello_moveit-Desktop-Debug/ament_cmake_environment_hooks) by extension 'python'
[0.365s] Level 1:colcon.colcon_core.package_identification:_identify(build-hello_moveit-Desktop-Debug/ament_cmake_environment_hooks) by extensions ['python_setup_py']
[0.365s] Level 1:colcon.colcon_core.package_identification:_identify(build-hello_moveit-Desktop-Debug/ament_cmake_environment_hooks) by extension 'python_setup_py'
[0.366s] Level 1:colcon.colcon_core.package_identification:_identify(build-hello_moveit-Desktop-Debug/ament_cmake_index) by extensions ['ignore', 'ignore_ament_install']
[0.366s] Level 1:colcon.colcon_core.package_identification:_identify(build-hello_moveit-Desktop-Debug/ament_cmake_index) by extension 'ignore'
[0.366s] Level 1:colcon.colcon_core.package_identification:_identify(build-hello_moveit-Desktop-Debug/ament_cmake_index) by extension 'ignore_ament_install'
[0.366s] Level 1:colcon.colcon_core.package_identification:_identify(build-hello_moveit-Desktop-Debug/ament_cmake_index) by extensions ['colcon_pkg']
[0.366s] Level 1:colcon.colcon_core.package_identification:_identify(build-hello_moveit-Desktop-Debug/ament_cmake_index) by extension 'colcon_pkg'
[0.366s] Level 1:colcon.colcon_core.package_identification:_identify(build-hello_moveit-Desktop-Debug/ament_cmake_index) by extensions ['colcon_meta']
[0.366s] Level 1:colcon.colcon_core.package_identification:_identify(build-hello_moveit-Desktop-Debug/ament_cmake_index) by extension 'colcon_meta'
[0.366s] Level 1:colcon.colcon_core.package_identification:_identify(build-hello_moveit-Desktop-Debug/ament_cmake_index) by extensions ['ros']
[0.366s] Level 1:colcon.colcon_core.package_identification:_identify(build-hello_moveit-Desktop-Debug/ament_cmake_index) by extension 'ros'
[0.366s] Level 1:colcon.colcon_core.package_identification:_identify(build-hello_moveit-Desktop-Debug/ament_cmake_index) by extensions ['cmake', 'python']
[0.366s] Level 1:colcon.colcon_core.package_identification:_identify(build-hello_moveit-Desktop-Debug/ament_cmake_index) by extension 'cmake'
[0.366s] Level 1:colcon.colcon_core.package_identification:_identify(build-hello_moveit-Desktop-Debug/ament_cmake_index) by extension 'python'
[0.366s] Level 1:colcon.colcon_core.package_identification:_identify(build-hello_moveit-Desktop-Debug/ament_cmake_index) by extensions ['python_setup_py']
[0.366s] Level 1:colcon.colcon_core.package_identification:_identify(build-hello_moveit-Desktop-Debug/ament_cmake_index) by extension 'python_setup_py'
[0.366s] Level 1:colcon.colcon_core.package_identification:_identify(build-hello_moveit-Desktop-Debug/ament_cmake_index/share) by extensions ['ignore', 'ignore_ament_install']
[0.366s] Level 1:colcon.colcon_core.package_identification:_identify(build-hello_moveit-Desktop-Debug/ament_cmake_index/share) by extension 'ignore'
[0.366s] Level 1:colcon.colcon_core.package_identification:_identify(build-hello_moveit-Desktop-Debug/ament_cmake_index/share) by extension 'ignore_ament_install'
[0.366s] Level 1:colcon.colcon_core.package_identification:_identify(build-hello_moveit-Desktop-Debug/ament_cmake_index/share) by extensions ['colcon_pkg']
[0.366s] Level 1:colcon.colcon_core.package_identification:_identify(build-hello_moveit-Desktop-Debug/ament_cmake_index/share) by extension 'colcon_pkg'
[0.366s] Level 1:colcon.colcon_core.package_identification:_identify(build-hello_moveit-Desktop-Debug/ament_cmake_index/share) by extensions ['colcon_meta']
[0.366s] Level 1:colcon.colcon_core.package_identification:_identify(build-hello_moveit-Desktop-Debug/ament_cmake_index/share) by extension 'colcon_meta'
[0.366s] Level 1:colcon.colcon_core.package_identification:_identify(build-hello_moveit-Desktop-Debug/ament_cmake_index/share) by extensions ['ros']
[0.366s] Level 1:colcon.colcon_core.package_identification:_identify(build-hello_moveit-Desktop-Debug/ament_cmake_index/share) by extension 'ros'
[0.367s] Level 1:colcon.colcon_core.package_identification:_identify(build-hello_moveit-Desktop-Debug/ament_cmake_index/share) by extensions ['cmake', 'python']
[0.367s] Level 1:colcon.colcon_core.package_identification:_identify(build-hello_moveit-Desktop-Debug/ament_cmake_index/share) by extension 'cmake'
[0.367s] Level 1:colcon.colcon_core.package_identification:_identify(build-hello_moveit-Desktop-Debug/ament_cmake_index/share) by extension 'python'
[0.367s] Level 1:colcon.colcon_core.package_identification:_identify(build-hello_moveit-Desktop-Debug/ament_cmake_index/share) by extensions ['python_setup_py']
[0.367s] Level 1:colcon.colcon_core.package_identification:_identify(build-hello_moveit-Desktop-Debug/ament_cmake_index/share) by extension 'python_setup_py'
[0.367s] Level 1:colcon.colcon_core.package_identification:_identify(build-hello_moveit-Desktop-Debug/ament_cmake_index/share/ament_index) by extensions ['ignore', 'ignore_ament_install']
[0.367s] Level 1:colcon.colcon_core.package_identification:_identify(build-hello_moveit-Desktop-Debug/ament_cmake_index/share/ament_index) by extension 'ignore'
[0.367s] Level 1:colcon.colcon_core.package_identification:_identify(build-hello_moveit-Desktop-Debug/ament_cmake_index/share/ament_index) by extension 'ignore_ament_install'
[0.367s] Level 1:colcon.colcon_core.package_identification:_identify(build-hello_moveit-Desktop-Debug/ament_cmake_index/share/ament_index) by extensions ['colcon_pkg']
[0.367s] Level 1:colcon.colcon_core.package_identification:_identify(build-hello_moveit-Desktop-Debug/ament_cmake_index/share/ament_index) by extension 'colcon_pkg'
[0.367s] Level 1:colcon.colcon_core.package_identification:_identify(build-hello_moveit-Desktop-Debug/ament_cmake_index/share/ament_index) by extensions ['colcon_meta']
[0.367s] Level 1:colcon.colcon_core.package_identification:_identify(build-hello_moveit-Desktop-Debug/ament_cmake_index/share/ament_index) by extension 'colcon_meta'
[0.367s] Level 1:colcon.colcon_core.package_identification:_identify(build-hello_moveit-Desktop-Debug/ament_cmake_index/share/ament_index) by extensions ['ros']
[0.367s] Level 1:colcon.colcon_core.package_identification:_identify(build-hello_moveit-Desktop-Debug/ament_cmake_index/share/ament_index) by extension 'ros'
[0.367s] Level 1:colcon.colcon_core.package_identification:_identify(build-hello_moveit-Desktop-Debug/ament_cmake_index/share/ament_index) by extensions ['cmake', 'python']
[0.367s] Level 1:colcon.colcon_core.package_identification:_identify(build-hello_moveit-Desktop-Debug/ament_cmake_index/share/ament_index) by extension 'cmake'
[0.367s] Level 1:colcon.colcon_core.package_identification:_identify(build-hello_moveit-Desktop-Debug/ament_cmake_index/share/ament_index) by extension 'python'
[0.367s] Level 1:colcon.colcon_core.package_identification:_identify(build-hello_moveit-Desktop-Debug/ament_cmake_index/share/ament_index) by extensions ['python_setup_py']
[0.367s] Level 1:colcon.colcon_core.package_identification:_identify(build-hello_moveit-Desktop-Debug/ament_cmake_index/share/ament_index) by extension 'python_setup_py'
[0.367s] Level 1:colcon.colcon_core.package_identification:_identify(build-hello_moveit-Desktop-Debug/ament_cmake_index/share/ament_index/resource_index) by extensions ['ignore', 'ignore_ament_install']
[0.367s] Level 1:colcon.colcon_core.package_identification:_identify(build-hello_moveit-Desktop-Debug/ament_cmake_index/share/ament_index/resource_index) by extension 'ignore'
[0.367s] Level 1:colcon.colcon_core.package_identification:_identify(build-hello_moveit-Desktop-Debug/ament_cmake_index/share/ament_index/resource_index) by extension 'ignore_ament_install'
[0.367s] Level 1:colcon.colcon_core.package_identification:_identify(build-hello_moveit-Desktop-Debug/ament_cmake_index/share/ament_index/resource_index) by extensions ['colcon_pkg']
[0.367s] Level 1:colcon.colcon_core.package_identification:_identify(build-hello_moveit-Desktop-Debug/ament_cmake_index/share/ament_index/resource_index) by extension 'colcon_pkg'
[0.368s] Level 1:colcon.colcon_core.package_identification:_identify(build-hello_moveit-Desktop-Debug/ament_cmake_index/share/ament_index/resource_index) by extensions ['colcon_meta']
[0.368s] Level 1:colcon.colcon_core.package_identification:_identify(build-hello_moveit-Desktop-Debug/ament_cmake_index/share/ament_index/resource_index) by extension 'colcon_meta'
[0.368s] Level 1:colcon.colcon_core.package_identification:_identify(build-hello_moveit-Desktop-Debug/ament_cmake_index/share/ament_index/resource_index) by extensions ['ros']
[0.368s] Level 1:colcon.colcon_core.package_identification:_identify(build-hello_moveit-Desktop-Debug/ament_cmake_index/share/ament_index/resource_index) by extension 'ros'
[0.368s] Level 1:colcon.colcon_core.package_identification:_identify(build-hello_moveit-Desktop-Debug/ament_cmake_index/share/ament_index/resource_index) by extensions ['cmake', 'python']
[0.368s] Level 1:colcon.colcon_core.package_identification:_identify(build-hello_moveit-Desktop-Debug/ament_cmake_index/share/ament_index/resource_index) by extension 'cmake'
[0.368s] Level 1:colcon.colcon_core.package_identification:_identify(build-hello_moveit-Desktop-Debug/ament_cmake_index/share/ament_index/resource_index) by extension 'python'
[0.368s] Level 1:colcon.colcon_core.package_identification:_identify(build-hello_moveit-Desktop-Debug/ament_cmake_index/share/ament_index/resource_index) by extensions ['python_setup_py']
[0.368s] Level 1:colcon.colcon_core.package_identification:_identify(build-hello_moveit-Desktop-Debug/ament_cmake_index/share/ament_index/resource_index) by extension 'python_setup_py'
[0.368s] Level 1:colcon.colcon_core.package_identification:_identify(build-hello_moveit-Desktop-Debug/ament_cmake_index/share/ament_index/resource_index/package_run_dependencies) by extensions ['ignore', 'ignore_ament_install']
[0.368s] Level 1:colcon.colcon_core.package_identification:_identify(build-hello_moveit-Desktop-Debug/ament_cmake_index/share/ament_index/resource_index/package_run_dependencies) by extension 'ignore'
[0.368s] Level 1:colcon.colcon_core.package_identification:_identify(build-hello_moveit-Desktop-Debug/ament_cmake_index/share/ament_index/resource_index/package_run_dependencies) by extension 'ignore_ament_install'
[0.368s] Level 1:colcon.colcon_core.package_identification:_identify(build-hello_moveit-Desktop-Debug/ament_cmake_index/share/ament_index/resource_index/package_run_dependencies) by extensions ['colcon_pkg']
[0.368s] Level 1:colcon.colcon_core.package_identification:_identify(build-hello_moveit-Desktop-Debug/ament_cmake_index/share/ament_index/resource_index/package_run_dependencies) by extension 'colcon_pkg'
[0.368s] Level 1:colcon.colcon_core.package_identification:_identify(build-hello_moveit-Desktop-Debug/ament_cmake_index/share/ament_index/resource_index/package_run_dependencies) by extensions ['colcon_meta']
[0.368s] Level 1:colcon.colcon_core.package_identification:_identify(build-hello_moveit-Desktop-Debug/ament_cmake_index/share/ament_index/resource_index/package_run_dependencies) by extension 'colcon_meta'
[0.368s] Level 1:colcon.colcon_core.package_identification:_identify(build-hello_moveit-Desktop-Debug/ament_cmake_index/share/ament_index/resource_index/package_run_dependencies) by extensions ['ros']
[0.368s] Level 1:colcon.colcon_core.package_identification:_identify(build-hello_moveit-Desktop-Debug/ament_cmake_index/share/ament_index/resource_index/package_run_dependencies) by extension 'ros'
[0.368s] Level 1:colcon.colcon_core.package_identification:_identify(build-hello_moveit-Desktop-Debug/ament_cmake_index/share/ament_index/resource_index/package_run_dependencies) by extensions ['cmake', 'python']
[0.368s] Level 1:colcon.colcon_core.package_identification:_identify(build-hello_moveit-Desktop-Debug/ament_cmake_index/share/ament_index/resource_index/package_run_dependencies) by extension 'cmake'
[0.368s] Level 1:colcon.colcon_core.package_identification:_identify(build-hello_moveit-Desktop-Debug/ament_cmake_index/share/ament_index/resource_index/package_run_dependencies) by extension 'python'
[0.368s] Level 1:colcon.colcon_core.package_identification:_identify(build-hello_moveit-Desktop-Debug/ament_cmake_index/share/ament_index/resource_index/package_run_dependencies) by extensions ['python_setup_py']
[0.368s] Level 1:colcon.colcon_core.package_identification:_identify(build-hello_moveit-Desktop-Debug/ament_cmake_index/share/ament_index/resource_index/package_run_dependencies) by extension 'python_setup_py'
[0.369s] Level 1:colcon.colcon_core.package_identification:_identify(build-hello_moveit-Desktop-Debug/ament_cmake_index/share/ament_index/resource_index/packages) by extensions ['ignore', 'ignore_ament_install']
[0.369s] Level 1:colcon.colcon_core.package_identification:_identify(build-hello_moveit-Desktop-Debug/ament_cmake_index/share/ament_index/resource_index/packages) by extension 'ignore'
[0.369s] Level 1:colcon.colcon_core.package_identification:_identify(build-hello_moveit-Desktop-Debug/ament_cmake_index/share/ament_index/resource_index/packages) by extension 'ignore_ament_install'
[0.369s] Level 1:colcon.colcon_core.package_identification:_identify(build-hello_moveit-Desktop-Debug/ament_cmake_index/share/ament_index/resource_index/packages) by extensions ['colcon_pkg']
[0.369s] Level 1:colcon.colcon_core.package_identification:_identify(build-hello_moveit-Desktop-Debug/ament_cmake_index/share/ament_index/resource_index/packages) by extension 'colcon_pkg'
[0.369s] Level 1:colcon.colcon_core.package_identification:_identify(build-hello_moveit-Desktop-Debug/ament_cmake_index/share/ament_index/resource_index/packages) by extensions ['colcon_meta']
[0.369s] Level 1:colcon.colcon_core.package_identification:_identify(build-hello_moveit-Desktop-Debug/ament_cmake_index/share/ament_index/resource_index/packages) by extension 'colcon_meta'
[0.369s] Level 1:colcon.colcon_core.package_identification:_identify(build-hello_moveit-Desktop-Debug/ament_cmake_index/share/ament_index/resource_index/packages) by extensions ['ros']
[0.369s] Level 1:colcon.colcon_core.package_identification:_identify(build-hello_moveit-Desktop-Debug/ament_cmake_index/share/ament_index/resource_index/packages) by extension 'ros'
[0.369s] Level 1:colcon.colcon_core.package_identification:_identify(build-hello_moveit-Desktop-Debug/ament_cmake_index/share/ament_index/resource_index/packages) by extensions ['cmake', 'python']
[0.369s] Level 1:colcon.colcon_core.package_identification:_identify(build-hello_moveit-Desktop-Debug/ament_cmake_index/share/ament_index/resource_index/packages) by extension 'cmake'
[0.369s] Level 1:colcon.colcon_core.package_identification:_identify(build-hello_moveit-Desktop-Debug/ament_cmake_index/share/ament_index/resource_index/packages) by extension 'python'
[0.369s] Level 1:colcon.colcon_core.package_identification:_identify(build-hello_moveit-Desktop-Debug/ament_cmake_index/share/ament_index/resource_index/packages) by extensions ['python_setup_py']
[0.369s] Level 1:colcon.colcon_core.package_identification:_identify(build-hello_moveit-Desktop-Debug/ament_cmake_index/share/ament_index/resource_index/packages) by extension 'python_setup_py'
[0.369s] Level 1:colcon.colcon_core.package_identification:_identify(build-hello_moveit-Desktop-Debug/ament_cmake_index/share/ament_index/resource_index/parent_prefix_path) by extensions ['ignore', 'ignore_ament_install']
[0.369s] Level 1:colcon.colcon_core.package_identification:_identify(build-hello_moveit-Desktop-Debug/ament_cmake_index/share/ament_index/resource_index/parent_prefix_path) by extension 'ignore'
[0.369s] Level 1:colcon.colcon_core.package_identification:_identify(build-hello_moveit-Desktop-Debug/ament_cmake_index/share/ament_index/resource_index/parent_prefix_path) by extension 'ignore_ament_install'
[0.369s] Level 1:colcon.colcon_core.package_identification:_identify(build-hello_moveit-Desktop-Debug/ament_cmake_index/share/ament_index/resource_index/parent_prefix_path) by extensions ['colcon_pkg']
[0.369s] Level 1:colcon.colcon_core.package_identification:_identify(build-hello_moveit-Desktop-Debug/ament_cmake_index/share/ament_index/resource_index/parent_prefix_path) by extension 'colcon_pkg'
[0.369s] Level 1:colcon.colcon_core.package_identification:_identify(build-hello_moveit-Desktop-Debug/ament_cmake_index/share/ament_index/resource_index/parent_prefix_path) by extensions ['colcon_meta']
[0.369s] Level 1:colcon.colcon_core.package_identification:_identify(build-hello_moveit-Desktop-Debug/ament_cmake_index/share/ament_index/resource_index/parent_prefix_path) by extension 'colcon_meta'
[0.369s] Level 1:colcon.colcon_core.package_identification:_identify(build-hello_moveit-Desktop-Debug/ament_cmake_index/share/ament_index/resource_index/parent_prefix_path) by extensions ['ros']
[0.369s] Level 1:colcon.colcon_core.package_identification:_identify(build-hello_moveit-Desktop-Debug/ament_cmake_index/share/ament_index/resource_index/parent_prefix_path) by extension 'ros'
[0.369s] Level 1:colcon.colcon_core.package_identification:_identify(build-hello_moveit-Desktop-Debug/ament_cmake_index/share/ament_index/resource_index/parent_prefix_path) by extensions ['cmake', 'python']
[0.370s] Level 1:colcon.colcon_core.package_identification:_identify(build-hello_moveit-Desktop-Debug/ament_cmake_index/share/ament_index/resource_index/parent_prefix_path) by extension 'cmake'
[0.370s] Level 1:colcon.colcon_core.package_identification:_identify(build-hello_moveit-Desktop-Debug/ament_cmake_index/share/ament_index/resource_index/parent_prefix_path) by extension 'python'
[0.370s] Level 1:colcon.colcon_core.package_identification:_identify(build-hello_moveit-Desktop-Debug/ament_cmake_index/share/ament_index/resource_index/parent_prefix_path) by extensions ['python_setup_py']
[0.370s] Level 1:colcon.colcon_core.package_identification:_identify(build-hello_moveit-Desktop-Debug/ament_cmake_index/share/ament_index/resource_index/parent_prefix_path) by extension 'python_setup_py'
[0.370s] Level 1:colcon.colcon_core.package_identification:_identify(build-hello_moveit-Desktop-Debug/ament_cmake_package_templates) by extensions ['ignore', 'ignore_ament_install']
[0.370s] Level 1:colcon.colcon_core.package_identification:_identify(build-hello_moveit-Desktop-Debug/ament_cmake_package_templates) by extension 'ignore'
[0.370s] Level 1:colcon.colcon_core.package_identification:_identify(build-hello_moveit-Desktop-Debug/ament_cmake_package_templates) by extension 'ignore_ament_install'
[0.370s] Level 1:colcon.colcon_core.package_identification:_identify(build-hello_moveit-Desktop-Debug/ament_cmake_package_templates) by extensions ['colcon_pkg']
[0.370s] Level 1:colcon.colcon_core.package_identification:_identify(build-hello_moveit-Desktop-Debug/ament_cmake_package_templates) by extension 'colcon_pkg'
[0.370s] Level 1:colcon.colcon_core.package_identification:_identify(build-hello_moveit-Desktop-Debug/ament_cmake_package_templates) by extensions ['colcon_meta']
[0.370s] Level 1:colcon.colcon_core.package_identification:_identify(build-hello_moveit-Desktop-Debug/ament_cmake_package_templates) by extension 'colcon_meta'
[0.370s] Level 1:colcon.colcon_core.package_identification:_identify(build-hello_moveit-Desktop-Debug/ament_cmake_package_templates) by extensions ['ros']
[0.370s] Level 1:colcon.colcon_core.package_identification:_identify(build-hello_moveit-Desktop-Debug/ament_cmake_package_templates) by extension 'ros'
[0.370s] Level 1:colcon.colcon_core.package_identification:_identify(build-hello_moveit-Desktop-Debug/ament_cmake_package_templates) by extensions ['cmake', 'python']
[0.370s] Level 1:colcon.colcon_core.package_identification:_identify(build-hello_moveit-Desktop-Debug/ament_cmake_package_templates) by extension 'cmake'
[0.370s] Level 1:colcon.colcon_core.package_identification:_identify(build-hello_moveit-Desktop-Debug/ament_cmake_package_templates) by extension 'python'
[0.370s] Level 1:colcon.colcon_core.package_identification:_identify(build-hello_moveit-Desktop-Debug/ament_cmake_package_templates) by extensions ['python_setup_py']
[0.370s] Level 1:colcon.colcon_core.package_identification:_identify(build-hello_moveit-Desktop-Debug/ament_cmake_package_templates) by extension 'python_setup_py'
[0.370s] Level 1:colcon.colcon_core.package_identification:_identify(build-hello_moveit-Desktop-Debug/ament_cmake_uninstall_target) by extensions ['ignore', 'ignore_ament_install']
[0.370s] Level 1:colcon.colcon_core.package_identification:_identify(build-hello_moveit-Desktop-Debug/ament_cmake_uninstall_target) by extension 'ignore'
[0.370s] Level 1:colcon.colcon_core.package_identification:_identify(build-hello_moveit-Desktop-Debug/ament_cmake_uninstall_target) by extension 'ignore_ament_install'
[0.370s] Level 1:colcon.colcon_core.package_identification:_identify(build-hello_moveit-Desktop-Debug/ament_cmake_uninstall_target) by extensions ['colcon_pkg']
[0.370s] Level 1:colcon.colcon_core.package_identification:_identify(build-hello_moveit-Desktop-Debug/ament_cmake_uninstall_target) by extension 'colcon_pkg'
[0.370s] Level 1:colcon.colcon_core.package_identification:_identify(build-hello_moveit-Desktop-Debug/ament_cmake_uninstall_target) by extensions ['colcon_meta']
[0.370s] Level 1:colcon.colcon_core.package_identification:_identify(build-hello_moveit-Desktop-Debug/ament_cmake_uninstall_target) by extension 'colcon_meta'
[0.371s] Level 1:colcon.colcon_core.package_identification:_identify(build-hello_moveit-Desktop-Debug/ament_cmake_uninstall_target) by extensions ['ros']
[0.371s] Level 1:colcon.colcon_core.package_identification:_identify(build-hello_moveit-Desktop-Debug/ament_cmake_uninstall_target) by extension 'ros'
[0.371s] Level 1:colcon.colcon_core.package_identification:_identify(build-hello_moveit-Desktop-Debug/ament_cmake_uninstall_target) by extensions ['cmake', 'python']
[0.371s] Level 1:colcon.colcon_core.package_identification:_identify(build-hello_moveit-Desktop-Debug/ament_cmake_uninstall_target) by extension 'cmake'
[0.371s] Level 1:colcon.colcon_core.package_identification:_identify(build-hello_moveit-Desktop-Debug/ament_cmake_uninstall_target) by extension 'python'
[0.371s] Level 1:colcon.colcon_core.package_identification:_identify(build-hello_moveit-Desktop-Debug/ament_cmake_uninstall_target) by extensions ['python_setup_py']
[0.371s] Level 1:colcon.colcon_core.package_identification:_identify(build-hello_moveit-Desktop-Debug/ament_cmake_uninstall_target) by extension 'python_setup_py'
[0.371s] Level 1:colcon.colcon_core.package_identification:_identify(cpp_tof_camera) by extensions ['ignore', 'ignore_ament_install']
[0.371s] Level 1:colcon.colcon_core.package_identification:_identify(cpp_tof_camera) by extension 'ignore'
[0.371s] Level 1:colcon.colcon_core.package_identification:_identify(cpp_tof_camera) by extension 'ignore_ament_install'
[0.371s] Level 1:colcon.colcon_core.package_identification:_identify(cpp_tof_camera) by extensions ['colcon_pkg']
[0.371s] Level 1:colcon.colcon_core.package_identification:_identify(cpp_tof_camera) by extension 'colcon_pkg'
[0.371s] Level 1:colcon.colcon_core.package_identification:_identify(cpp_tof_camera) by extensions ['colcon_meta']
[0.371s] Level 1:colcon.colcon_core.package_identification:_identify(cpp_tof_camera) by extension 'colcon_meta'
[0.371s] Level 1:colcon.colcon_core.package_identification:_identify(cpp_tof_camera) by extensions ['ros']
[0.371s] Level 1:colcon.colcon_core.package_identification:_identify(cpp_tof_camera) by extension 'ros'
[0.374s] DEBUG:colcon.colcon_core.package_identification:Package 'cpp_tof_camera' with type 'ros.ament_cmake' and name 'cpp_tof_camera'
[0.374s] Level 1:colcon.colcon_core.package_identification:_identify(hello_ur) by extensions ['ignore', 'ignore_ament_install']
[0.374s] Level 1:colcon.colcon_core.package_identification:_identify(hello_ur) by extension 'ignore'
[0.374s] Level 1:colcon.colcon_core.package_identification:_identify(hello_ur) by extension 'ignore_ament_install'
[0.374s] Level 1:colcon.colcon_core.package_identification:_identify(hello_ur) by extensions ['colcon_pkg']
[0.374s] Level 1:colcon.colcon_core.package_identification:_identify(hello_ur) by extension 'colcon_pkg'
[0.374s] Level 1:colcon.colcon_core.package_identification:_identify(hello_ur) by extensions ['colcon_meta']
[0.374s] Level 1:colcon.colcon_core.package_identification:_identify(hello_ur) by extension 'colcon_meta'
[0.374s] Level 1:colcon.colcon_core.package_identification:_identify(hello_ur) by extensions ['ros']
[0.374s] Level 1:colcon.colcon_core.package_identification:_identify(hello_ur) by extension 'ros'
[0.375s] DEBUG:colcon.colcon_core.package_identification:Package 'hello_ur' with type 'ros.ament_cmake' and name 'hello_ur'
[0.375s] Level 1:colcon.colcon_core.package_identification:_identify(install) by extensions ['ignore', 'ignore_ament_install']
[0.375s] Level 1:colcon.colcon_core.package_identification:_identify(install) by extension 'ignore'
[0.375s] Level 1:colcon.colcon_core.package_identification:_identify(install) ignored
[0.375s] Level 1:colcon.colcon_core.package_identification:_identify(interface_opcua) by extensions ['ignore', 'ignore_ament_install']
[0.375s] Level 1:colcon.colcon_core.package_identification:_identify(interface_opcua) by extension 'ignore'
[0.375s] Level 1:colcon.colcon_core.package_identification:_identify(interface_opcua) by extension 'ignore_ament_install'
[0.375s] Level 1:colcon.colcon_core.package_identification:_identify(interface_opcua) by extensions ['colcon_pkg']
[0.375s] Level 1:colcon.colcon_core.package_identification:_identify(interface_opcua) by extension 'colcon_pkg'
[0.375s] Level 1:colcon.colcon_core.package_identification:_identify(interface_opcua) by extensions ['colcon_meta']
[0.375s] Level 1:colcon.colcon_core.package_identification:_identify(interface_opcua) by extension 'colcon_meta'
[0.375s] Level 1:colcon.colcon_core.package_identification:_identify(interface_opcua) by extensions ['ros']
[0.375s] Level 1:colcon.colcon_core.package_identification:_identify(interface_opcua) by extension 'ros'
[0.376s] DEBUG:colcon.colcon_core.package_identification:Package 'interface_opcua' with type 'ros.ament_python' and name 'interface_opcua'
[0.376s] Level 1:colcon.colcon_core.package_identification:_identify(launch_param_builder) by extensions ['ignore', 'ignore_ament_install']
[0.376s] Level 1:colcon.colcon_core.package_identification:_identify(launch_param_builder) by extension 'ignore'
[0.376s] Level 1:colcon.colcon_core.package_identification:_identify(launch_param_builder) by extension 'ignore_ament_install'
[0.376s] Level 1:colcon.colcon_core.package_identification:_identify(launch_param_builder) by extensions ['colcon_pkg']
[0.376s] Level 1:colcon.colcon_core.package_identification:_identify(launch_param_builder) by extension 'colcon_pkg'
[0.376s] Level 1:colcon.colcon_core.package_identification:_identify(launch_param_builder) by extensions ['colcon_meta']
[0.376s] Level 1:colcon.colcon_core.package_identification:_identify(launch_param_builder) by extension 'colcon_meta'
[0.376s] Level 1:colcon.colcon_core.package_identification:_identify(launch_param_builder) by extensions ['ros']
[0.376s] Level 1:colcon.colcon_core.package_identification:_identify(launch_param_builder) by extension 'ros'
[0.376s] Level 1:colcon.colcon_core.package_identification:_identify(launch_param_builder) by extensions ['cmake', 'python']
[0.376s] Level 1:colcon.colcon_core.package_identification:_identify(launch_param_builder) by extension 'cmake'
[0.376s] Level 1:colcon.colcon_core.package_identification:_identify(launch_param_builder) by extension 'python'
[0.376s] Level 1:colcon.colcon_core.package_identification:_identify(launch_param_builder) by extensions ['python_setup_py']
[0.376s] Level 1:colcon.colcon_core.package_identification:_identify(launch_param_builder) by extension 'python_setup_py'
[0.376s] Level 1:colcon.colcon_core.package_identification:_identify(log) by extensions ['ignore', 'ignore_ament_install']
[0.377s] Level 1:colcon.colcon_core.package_identification:_identify(log) by extension 'ignore'
[0.377s] Level 1:colcon.colcon_core.package_identification:_identify(log) ignored
[0.377s] Level 1:colcon.colcon_core.package_identification:_identify(lucid_vision_driver-main) by extensions ['ignore', 'ignore_ament_install']
[0.377s] Level 1:colcon.colcon_core.package_identification:_identify(lucid_vision_driver-main) by extension 'ignore'
[0.377s] Level 1:colcon.colcon_core.package_identification:_identify(lucid_vision_driver-main) by extension 'ignore_ament_install'
[0.377s] Level 1:colcon.colcon_core.package_identification:_identify(lucid_vision_driver-main) by extensions ['colcon_pkg']
[0.377s] Level 1:colcon.colcon_core.package_identification:_identify(lucid_vision_driver-main) by extension 'colcon_pkg'
[0.377s] Level 1:colcon.colcon_core.package_identification:_identify(lucid_vision_driver-main) by extensions ['colcon_meta']
[0.377s] Level 1:colcon.colcon_core.package_identification:_identify(lucid_vision_driver-main) by extension 'colcon_meta'
[0.377s] Level 1:colcon.colcon_core.package_identification:_identify(lucid_vision_driver-main) by extensions ['ros']
[0.377s] Level 1:colcon.colcon_core.package_identification:_identify(lucid_vision_driver-main) by extension 'ros'
[0.378s] DEBUG:colcon.colcon_core.package_identification:Package 'lucid_vision_driver-main' with type 'ros.ament_cmake' and name 'lucid_vision_driver'
[0.378s] Level 1:colcon.colcon_core.package_identification:_identify(mockup_robot) by extensions ['ignore', 'ignore_ament_install']
[0.378s] Level 1:colcon.colcon_core.package_identification:_identify(mockup_robot) by extension 'ignore'
[0.378s] Level 1:colcon.colcon_core.package_identification:_identify(mockup_robot) by extension 'ignore_ament_install'
[0.378s] Level 1:colcon.colcon_core.package_identification:_identify(mockup_robot) by extensions ['colcon_pkg']
[0.378s] Level 1:colcon.colcon_core.package_identification:_identify(mockup_robot) by extension 'colcon_pkg'
[0.378s] Level 1:colcon.colcon_core.package_identification:_identify(mockup_robot) by extensions ['colcon_meta']
[0.378s] Level 1:colcon.colcon_core.package_identification:_identify(mockup_robot) by extension 'colcon_meta'
[0.378s] Level 1:colcon.colcon_core.package_identification:_identify(mockup_robot) by extensions ['ros']
[0.378s] Level 1:colcon.colcon_core.package_identification:_identify(mockup_robot) by extension 'ros'
[0.378s] DEBUG:colcon.colcon_core.package_identification:Package 'mockup_robot' with type 'ros.ament_cmake' and name 'mockup_robot'
[0.379s] Level 1:colcon.colcon_core.package_identification:_identify(moveit2) by extensions ['ignore', 'ignore_ament_install']
[0.379s] Level 1:colcon.colcon_core.package_identification:_identify(moveit2) by extension 'ignore'
[0.379s] Level 1:colcon.colcon_core.package_identification:_identify(moveit2) by extension 'ignore_ament_install'
[0.379s] Level 1:colcon.colcon_core.package_identification:_identify(moveit2) by extensions ['colcon_pkg']
[0.379s] Level 1:colcon.colcon_core.package_identification:_identify(moveit2) by extension 'colcon_pkg'
[0.379s] Level 1:colcon.colcon_core.package_identification:_identify(moveit2) by extensions ['colcon_meta']
[0.379s] Level 1:colcon.colcon_core.package_identification:_identify(moveit2) by extension 'colcon_meta'
[0.379s] Level 1:colcon.colcon_core.package_identification:_identify(moveit2) by extensions ['ros']
[0.379s] Level 1:colcon.colcon_core.package_identification:_identify(moveit2) by extension 'ros'
[0.379s] Level 1:colcon.colcon_core.package_identification:_identify(moveit2) by extensions ['cmake', 'python']
[0.379s] Level 1:colcon.colcon_core.package_identification:_identify(moveit2) by extension 'cmake'
[0.379s] Level 1:colcon.colcon_core.package_identification:_identify(moveit2) by extension 'python'
[0.379s] Level 1:colcon.colcon_core.package_identification:_identify(moveit2) by extensions ['python_setup_py']
[0.379s] Level 1:colcon.colcon_core.package_identification:_identify(moveit2) by extension 'python_setup_py'
[0.379s] Level 1:colcon.colcon_core.package_identification:_identify(moveit2_tutorials) by extensions ['ignore', 'ignore_ament_install']
[0.379s] Level 1:colcon.colcon_core.package_identification:_identify(moveit2_tutorials) by extension 'ignore'
[0.379s] Level 1:colcon.colcon_core.package_identification:_identify(moveit2_tutorials) by extension 'ignore_ament_install'
[0.379s] Level 1:colcon.colcon_core.package_identification:_identify(moveit2_tutorials) by extensions ['colcon_pkg']
[0.379s] Level 1:colcon.colcon_core.package_identification:_identify(moveit2_tutorials) by extension 'colcon_pkg'
[0.379s] Level 1:colcon.colcon_core.package_identification:_identify(moveit2_tutorials) by extensions ['colcon_meta']
[0.379s] Level 1:colcon.colcon_core.package_identification:_identify(moveit2_tutorials) by extension 'colcon_meta'
[0.379s] Level 1:colcon.colcon_core.package_identification:_identify(moveit2_tutorials) by extensions ['ros']
[0.379s] Level 1:colcon.colcon_core.package_identification:_identify(moveit2_tutorials) by extension 'ros'
[0.379s] Level 1:colcon.colcon_core.package_identification:_identify(moveit2_tutorials) by extensions ['cmake', 'python']
[0.379s] Level 1:colcon.colcon_core.package_identification:_identify(moveit2_tutorials) by extension 'cmake'
[0.380s] Level 1:colcon.colcon_core.package_identification:_identify(moveit2_tutorials) by extension 'python'
[0.380s] Level 1:colcon.colcon_core.package_identification:_identify(moveit2_tutorials) by extensions ['python_setup_py']
[0.380s] Level 1:colcon.colcon_core.package_identification:_identify(moveit2_tutorials) by extension 'python_setup_py'
[0.380s] Level 1:colcon.colcon_core.package_identification:_identify(moveit_backend) by extensions ['ignore', 'ignore_ament_install']
[0.380s] Level 1:colcon.colcon_core.package_identification:_identify(moveit_backend) by extension 'ignore'
[0.380s] Level 1:colcon.colcon_core.package_identification:_identify(moveit_backend) by extension 'ignore_ament_install'
[0.380s] Level 1:colcon.colcon_core.package_identification:_identify(moveit_backend) by extensions ['colcon_pkg']
[0.380s] Level 1:colcon.colcon_core.package_identification:_identify(moveit_backend) by extension 'colcon_pkg'
[0.380s] Level 1:colcon.colcon_core.package_identification:_identify(moveit_backend) by extensions ['colcon_meta']
[0.380s] Level 1:colcon.colcon_core.package_identification:_identify(moveit_backend) by extension 'colcon_meta'
[0.380s] Level 1:colcon.colcon_core.package_identification:_identify(moveit_backend) by extensions ['ros']
[0.380s] Level 1:colcon.colcon_core.package_identification:_identify(moveit_backend) by extension 'ros'
[0.380s] DEBUG:colcon.colcon_core.package_identification:Package 'moveit_backend' with type 'ros.ament_cmake' and name 'moveit_backend'
[0.380s] Level 1:colcon.colcon_core.package_identification:_identify(moveit_resources) by extensions ['ignore', 'ignore_ament_install']
[0.380s] Level 1:colcon.colcon_core.package_identification:_identify(moveit_resources) by extension 'ignore'
[0.380s] Level 1:colcon.colcon_core.package_identification:_identify(moveit_resources) by extension 'ignore_ament_install'
[0.380s] Level 1:colcon.colcon_core.package_identification:_identify(moveit_resources) by extensions ['colcon_pkg']
[0.381s] Level 1:colcon.colcon_core.package_identification:_identify(moveit_resources) by extension 'colcon_pkg'
[0.381s] Level 1:colcon.colcon_core.package_identification:_identify(moveit_resources) by extensions ['colcon_meta']
[0.381s] Level 1:colcon.colcon_core.package_identification:_identify(moveit_resources) by extension 'colcon_meta'
[0.381s] Level 1:colcon.colcon_core.package_identification:_identify(moveit_resources) by extensions ['ros']
[0.381s] Level 1:colcon.colcon_core.package_identification:_identify(moveit_resources) by extension 'ros'
[0.381s] Level 1:colcon.colcon_core.package_identification:_identify(moveit_resources) by extensions ['cmake', 'python']
[0.381s] Level 1:colcon.colcon_core.package_identification:_identify(moveit_resources) by extension 'cmake'
[0.381s] Level 1:colcon.colcon_core.package_identification:_identify(moveit_resources) by extension 'python'
[0.381s] Level 1:colcon.colcon_core.package_identification:_identify(moveit_resources) by extensions ['python_setup_py']
[0.381s] Level 1:colcon.colcon_core.package_identification:_identify(moveit_resources) by extension 'python_setup_py'
[0.381s] Level 1:colcon.colcon_core.package_identification:_identify(moveit_task_constructor) by extensions ['ignore', 'ignore_ament_install']
[0.381s] Level 1:colcon.colcon_core.package_identification:_identify(moveit_task_constructor) by extension 'ignore'
[0.381s] Level 1:colcon.colcon_core.package_identification:_identify(moveit_task_constructor) by extension 'ignore_ament_install'
[0.381s] Level 1:colcon.colcon_core.package_identification:_identify(moveit_task_constructor) by extensions ['colcon_pkg']
[0.381s] Level 1:colcon.colcon_core.package_identification:_identify(moveit_task_constructor) by extension 'colcon_pkg'
[0.381s] Level 1:colcon.colcon_core.package_identification:_identify(moveit_task_constructor) by extensions ['colcon_meta']
[0.381s] Level 1:colcon.colcon_core.package_identification:_identify(moveit_task_constructor) by extension 'colcon_meta'
[0.381s] Level 1:colcon.colcon_core.package_identification:_identify(moveit_task_constructor) by extensions ['ros']
[0.381s] Level 1:colcon.colcon_core.package_identification:_identify(moveit_task_constructor) by extension 'ros'
[0.381s] Level 1:colcon.colcon_core.package_identification:_identify(moveit_task_constructor) by extensions ['cmake', 'python']
[0.381s] Level 1:colcon.colcon_core.package_identification:_identify(moveit_task_constructor) by extension 'cmake'
[0.381s] Level 1:colcon.colcon_core.package_identification:_identify(moveit_task_constructor) by extension 'python'
[0.381s] Level 1:colcon.colcon_core.package_identification:_identify(moveit_task_constructor) by extensions ['python_setup_py']
[0.381s] Level 1:colcon.colcon_core.package_identification:_identify(moveit_task_constructor) by extension 'python_setup_py'
[0.381s] Level 1:colcon.colcon_core.package_identification:_identify(moveit_visual_tools) by extensions ['ignore', 'ignore_ament_install']
[0.381s] Level 1:colcon.colcon_core.package_identification:_identify(moveit_visual_tools) by extension 'ignore'
[0.381s] Level 1:colcon.colcon_core.package_identification:_identify(moveit_visual_tools) by extension 'ignore_ament_install'
[0.382s] Level 1:colcon.colcon_core.package_identification:_identify(moveit_visual_tools) by extensions ['colcon_pkg']
[0.382s] Level 1:colcon.colcon_core.package_identification:_identify(moveit_visual_tools) by extension 'colcon_pkg'
[0.382s] Level 1:colcon.colcon_core.package_identification:_identify(moveit_visual_tools) by extensions ['colcon_meta']
[0.382s] Level 1:colcon.colcon_core.package_identification:_identify(moveit_visual_tools) by extension 'colcon_meta'
[0.382s] Level 1:colcon.colcon_core.package_identification:_identify(moveit_visual_tools) by extensions ['ros']
[0.382s] Level 1:colcon.colcon_core.package_identification:_identify(moveit_visual_tools) by extension 'ros'
[0.382s] Level 1:colcon.colcon_core.package_identification:_identify(moveit_visual_tools) by extensions ['cmake', 'python']
[0.382s] Level 1:colcon.colcon_core.package_identification:_identify(moveit_visual_tools) by extension 'cmake'
[0.382s] Level 1:colcon.colcon_core.package_identification:_identify(moveit_visual_tools) by extension 'python'
[0.382s] Level 1:colcon.colcon_core.package_identification:_identify(moveit_visual_tools) by extensions ['python_setup_py']
[0.382s] Level 1:colcon.colcon_core.package_identification:_identify(moveit_visual_tools) by extension 'python_setup_py'
[0.382s] Level 1:colcon.colcon_core.package_identification:_identify(mtc_tutorial) by extensions ['ignore', 'ignore_ament_install']
[0.382s] Level 1:colcon.colcon_core.package_identification:_identify(mtc_tutorial) by extension 'ignore'
[0.382s] Level 1:colcon.colcon_core.package_identification:_identify(mtc_tutorial) by extension 'ignore_ament_install'
[0.382s] Level 1:colcon.colcon_core.package_identification:_identify(mtc_tutorial) by extensions ['colcon_pkg']
[0.382s] Level 1:colcon.colcon_core.package_identification:_identify(mtc_tutorial) by extension 'colcon_pkg'
[0.382s] Level 1:colcon.colcon_core.package_identification:_identify(mtc_tutorial) by extensions ['colcon_meta']
[0.382s] Level 1:colcon.colcon_core.package_identification:_identify(mtc_tutorial) by extension 'colcon_meta'
[0.382s] Level 1:colcon.colcon_core.package_identification:_identify(mtc_tutorial) by extensions ['ros']
[0.382s] Level 1:colcon.colcon_core.package_identification:_identify(mtc_tutorial) by extension 'ros'
[0.383s] DEBUG:colcon.colcon_core.package_identification:Package 'mtc_tutorial' with type 'ros.ament_cmake' and name 'mtc_tutorial'
[0.383s] Level 1:colcon.colcon_core.package_identification:_identify(opcua-asyncio) by extensions ['ignore', 'ignore_ament_install']
[0.383s] Level 1:colcon.colcon_core.package_identification:_identify(opcua-asyncio) by extension 'ignore'
[0.383s] Level 1:colcon.colcon_core.package_identification:_identify(opcua-asyncio) by extension 'ignore_ament_install'
[0.383s] Level 1:colcon.colcon_core.package_identification:_identify(opcua-asyncio) by extensions ['colcon_pkg']
[0.383s] Level 1:colcon.colcon_core.package_identification:_identify(opcua-asyncio) by extension 'colcon_pkg'
[0.383s] Level 1:colcon.colcon_core.package_identification:_identify(opcua-asyncio) by extensions ['colcon_meta']
[0.383s] Level 1:colcon.colcon_core.package_identification:_identify(opcua-asyncio) by extension 'colcon_meta'
[0.383s] Level 1:colcon.colcon_core.package_identification:_identify(opcua-asyncio) by extensions ['ros']
[0.383s] Level 1:colcon.colcon_core.package_identification:_identify(opcua-asyncio) by extension 'ros'
[0.383s] Level 1:colcon.colcon_core.package_identification:_identify(opcua-asyncio) by extensions ['cmake', 'python']
[0.383s] Level 1:colcon.colcon_core.package_identification:_identify(opcua-asyncio) by extension 'cmake'
[0.383s] Level 1:colcon.colcon_core.package_identification:_identify(opcua-asyncio) by extension 'python'
[0.383s] Level 1:colcon.colcon_core.package_identification:_identify(opcua-asyncio) by extensions ['python_setup_py']
[0.383s] Level 1:colcon.colcon_core.package_identification:_identify(opcua-asyncio) by extension 'python_setup_py'
[0.383s] Level 1:colcon.colcon_core.package_identification:_identify(pcl_segmentation) by extensions ['ignore', 'ignore_ament_install']
[0.383s] Level 1:colcon.colcon_core.package_identification:_identify(pcl_segmentation) by extension 'ignore'
[0.383s] Level 1:colcon.colcon_core.package_identification:_identify(pcl_segmentation) by extension 'ignore_ament_install'
[0.384s] Level 1:colcon.colcon_core.package_identification:_identify(pcl_segmentation) by extensions ['colcon_pkg']
[0.384s] Level 1:colcon.colcon_core.package_identification:_identify(pcl_segmentation) by extension 'colcon_pkg'
[0.384s] Level 1:colcon.colcon_core.package_identification:_identify(pcl_segmentation) by extensions ['colcon_meta']
[0.384s] Level 1:colcon.colcon_core.package_identification:_identify(pcl_segmentation) by extension 'colcon_meta'
[0.384s] Level 1:colcon.colcon_core.package_identification:_identify(pcl_segmentation) by extensions ['ros']
[0.384s] Level 1:colcon.colcon_core.package_identification:_identify(pcl_segmentation) by extension 'ros'
[0.384s] DEBUG:colcon.colcon_core.package_identification:Package 'pcl_segmentation' with type 'ros.ament_cmake' and name 'pcl_segmentation'
[0.384s] Level 1:colcon.colcon_core.package_identification:_identify(py_pubsub) by extensions ['ignore', 'ignore_ament_install']
[0.384s] Level 1:colcon.colcon_core.package_identification:_identify(py_pubsub) by extension 'ignore'
[0.384s] Level 1:colcon.colcon_core.package_identification:_identify(py_pubsub) by extension 'ignore_ament_install'
[0.384s] Level 1:colcon.colcon_core.package_identification:_identify(py_pubsub) by extensions ['colcon_pkg']
[0.384s] Level 1:colcon.colcon_core.package_identification:_identify(py_pubsub) by extension 'colcon_pkg'
[0.384s] Level 1:colcon.colcon_core.package_identification:_identify(py_pubsub) by extensions ['colcon_meta']
[0.384s] Level 1:colcon.colcon_core.package_identification:_identify(py_pubsub) by extension 'colcon_meta'
[0.384s] Level 1:colcon.colcon_core.package_identification:_identify(py_pubsub) by extensions ['ros']
[0.384s] Level 1:colcon.colcon_core.package_identification:_identify(py_pubsub) by extension 'ros'
[0.385s] DEBUG:colcon.colcon_core.package_identification:Package 'py_pubsub' with type 'ros.ament_python' and name 'py_pubsub'
[0.385s] Level 1:colcon.colcon_core.package_identification:_identify(robo_planner) by extensions ['ignore', 'ignore_ament_install']
[0.385s] Level 1:colcon.colcon_core.package_identification:_identify(robo_planner) by extension 'ignore'
[0.385s] Level 1:colcon.colcon_core.package_identification:_identify(robo_planner) by extension 'ignore_ament_install'
[0.385s] Level 1:colcon.colcon_core.package_identification:_identify(robo_planner) by extensions ['colcon_pkg']
[0.385s] Level 1:colcon.colcon_core.package_identification:_identify(robo_planner) by extension 'colcon_pkg'
[0.385s] Level 1:colcon.colcon_core.package_identification:_identify(robo_planner) by extensions ['colcon_meta']
[0.385s] Level 1:colcon.colcon_core.package_identification:_identify(robo_planner) by extension 'colcon_meta'
[0.385s] Level 1:colcon.colcon_core.package_identification:_identify(robo_planner) by extensions ['ros']
[0.385s] Level 1:colcon.colcon_core.package_identification:_identify(robo_planner) by extension 'ros'
[0.386s] DEBUG:colcon.colcon_core.package_identification:Package 'robo_planner' with type 'ros.ament_cmake' and name 'robo_planner'
[0.386s] Level 1:colcon.colcon_core.package_identification:_identify(robo_planner_py) by extensions ['ignore', 'ignore_ament_install']
[0.386s] Level 1:colcon.colcon_core.package_identification:_identify(robo_planner_py) by extension 'ignore'
[0.386s] Level 1:colcon.colcon_core.package_identification:_identify(robo_planner_py) by extension 'ignore_ament_install'
[0.386s] Level 1:colcon.colcon_core.package_identification:_identify(robo_planner_py) by extensions ['colcon_pkg']
[0.386s] Level 1:colcon.colcon_core.package_identification:_identify(robo_planner_py) by extension 'colcon_pkg'
[0.386s] Level 1:colcon.colcon_core.package_identification:_identify(robo_planner_py) by extensions ['colcon_meta']
[0.386s] Level 1:colcon.colcon_core.package_identification:_identify(robo_planner_py) by extension 'colcon_meta'
[0.386s] Level 1:colcon.colcon_core.package_identification:_identify(robo_planner_py) by extensions ['ros']
[0.386s] Level 1:colcon.colcon_core.package_identification:_identify(robo_planner_py) by extension 'ros'
[0.387s] DEBUG:colcon.colcon_core.package_identification:Package 'robo_planner_py' with type 'ros.ament_python' and name 'robo_planner_py'
[0.387s] Level 1:colcon.colcon_core.package_identification:_identify(rosparam_shortcuts) by extensions ['ignore', 'ignore_ament_install']
[0.387s] Level 1:colcon.colcon_core.package_identification:_identify(rosparam_shortcuts) by extension 'ignore'
[0.387s] Level 1:colcon.colcon_core.package_identification:_identify(rosparam_shortcuts) by extension 'ignore_ament_install'
[0.387s] Level 1:colcon.colcon_core.package_identification:_identify(rosparam_shortcuts) by extensions ['colcon_pkg']
[0.387s] Level 1:colcon.colcon_core.package_identification:_identify(rosparam_shortcuts) by extension 'colcon_pkg'
[0.387s] Level 1:colcon.colcon_core.package_identification:_identify(rosparam_shortcuts) by extensions ['colcon_meta']
[0.387s] Level 1:colcon.colcon_core.package_identification:_identify(rosparam_shortcuts) by extension 'colcon_meta'
[0.387s] Level 1:colcon.colcon_core.package_identification:_identify(rosparam_shortcuts) by extensions ['ros']
[0.387s] Level 1:colcon.colcon_core.package_identification:_identify(rosparam_shortcuts) by extension 'ros'
[0.387s] Level 1:colcon.colcon_core.package_identification:_identify(rosparam_shortcuts) by extensions ['cmake', 'python']
[0.387s] Level 1:colcon.colcon_core.package_identification:_identify(rosparam_shortcuts) by extension 'cmake'
[0.387s] Level 1:colcon.colcon_core.package_identification:_identify(rosparam_shortcuts) by extension 'python'
[0.387s] Level 1:colcon.colcon_core.package_identification:_identify(rosparam_shortcuts) by extensions ['python_setup_py']
[0.387s] Level 1:colcon.colcon_core.package_identification:_identify(rosparam_shortcuts) by extension 'python_setup_py'
[0.387s] Level 1:colcon.colcon_core.package_identification:_identify(srdfdom) by extensions ['ignore', 'ignore_ament_install']
[0.387s] Level 1:colcon.colcon_core.package_identification:_identify(srdfdom) by extension 'ignore'
[0.387s] Level 1:colcon.colcon_core.package_identification:_identify(srdfdom) by extension 'ignore_ament_install'
[0.387s] Level 1:colcon.colcon_core.package_identification:_identify(srdfdom) by extensions ['colcon_pkg']
[0.387s] Level 1:colcon.colcon_core.package_identification:_identify(srdfdom) by extension 'colcon_pkg'
[0.387s] Level 1:colcon.colcon_core.package_identification:_identify(srdfdom) by extensions ['colcon_meta']
[0.387s] Level 1:colcon.colcon_core.package_identification:_identify(srdfdom) by extension 'colcon_meta'
[0.387s] Level 1:colcon.colcon_core.package_identification:_identify(srdfdom) by extensions ['ros']
[0.388s] Level 1:colcon.colcon_core.package_identification:_identify(srdfdom) by extension 'ros'
[0.388s] Level 1:colcon.colcon_core.package_identification:_identify(srdfdom) by extensions ['cmake', 'python']
[0.388s] Level 1:colcon.colcon_core.package_identification:_identify(srdfdom) by extension 'cmake'
[0.388s] Level 1:colcon.colcon_core.package_identification:_identify(srdfdom) by extension 'python'
[0.388s] Level 1:colcon.colcon_core.package_identification:_identify(srdfdom) by extensions ['python_setup_py']
[0.388s] Level 1:colcon.colcon_core.package_identification:_identify(srdfdom) by extension 'python_setup_py'
[0.388s] Level 1:colcon.colcon_core.package_identification:_identify(tof_camera_cpp) by extensions ['ignore', 'ignore_ament_install']
[0.388s] Level 1:colcon.colcon_core.package_identification:_identify(tof_camera_cpp) by extension 'ignore'
[0.388s] Level 1:colcon.colcon_core.package_identification:_identify(tof_camera_cpp) by extension 'ignore_ament_install'
[0.388s] Level 1:colcon.colcon_core.package_identification:_identify(tof_camera_cpp) by extensions ['colcon_pkg']
[0.388s] Level 1:colcon.colcon_core.package_identification:_identify(tof_camera_cpp) by extension 'colcon_pkg'
[0.388s] Level 1:colcon.colcon_core.package_identification:_identify(tof_camera_cpp) by extensions ['colcon_meta']
[0.388s] Level 1:colcon.colcon_core.package_identification:_identify(tof_camera_cpp) by extension 'colcon_meta'
[0.388s] Level 1:colcon.colcon_core.package_identification:_identify(tof_camera_cpp) by extensions ['ros']
[0.388s] Level 1:colcon.colcon_core.package_identification:_identify(tof_camera_cpp) by extension 'ros'
[0.389s] DEBUG:colcon.colcon_core.package_identification:Package 'tof_camera_cpp' with type 'ros.ament_cmake' and name 'tod_camera_cpp'
[0.389s] Level 1:colcon.colcon_core.package_identification:_identify(tof_detection_module) by extensions ['ignore', 'ignore_ament_install']
[0.389s] Level 1:colcon.colcon_core.package_identification:_identify(tof_detection_module) by extension 'ignore'
[0.389s] Level 1:colcon.colcon_core.package_identification:_identify(tof_detection_module) by extension 'ignore_ament_install'
[0.389s] Level 1:colcon.colcon_core.package_identification:_identify(tof_detection_module) by extensions ['colcon_pkg']
[0.389s] Level 1:colcon.colcon_core.package_identification:_identify(tof_detection_module) by extension 'colcon_pkg'
[0.389s] Level 1:colcon.colcon_core.package_identification:_identify(tof_detection_module) by extensions ['colcon_meta']
[0.389s] Level 1:colcon.colcon_core.package_identification:_identify(tof_detection_module) by extension 'colcon_meta'
[0.389s] Level 1:colcon.colcon_core.package_identification:_identify(tof_detection_module) by extensions ['ros']
[0.389s] Level 1:colcon.colcon_core.package_identification:_identify(tof_detection_module) by extension 'ros'
[0.390s] DEBUG:colcon.colcon_core.package_identification:Package 'tof_detection_module' with type 'ros.ament_python' and name 'tof_detection_module'
[0.390s] Level 1:colcon.colcon_core.package_identification:_identify(tutorial_interfaces) by extensions ['ignore', 'ignore_ament_install']
[0.390s] Level 1:colcon.colcon_core.package_identification:_identify(tutorial_interfaces) by extension 'ignore'
[0.390s] Level 1:colcon.colcon_core.package_identification:_identify(tutorial_interfaces) by extension 'ignore_ament_install'
[0.390s] Level 1:colcon.colcon_core.package_identification:_identify(tutorial_interfaces) by extensions ['colcon_pkg']
[0.390s] Level 1:colcon.colcon_core.package_identification:_identify(tutorial_interfaces) by extension 'colcon_pkg'
[0.390s] Level 1:colcon.colcon_core.package_identification:_identify(tutorial_interfaces) by extensions ['colcon_meta']
[0.390s] Level 1:colcon.colcon_core.package_identification:_identify(tutorial_interfaces) by extension 'colcon_meta'
[0.390s] Level 1:colcon.colcon_core.package_identification:_identify(tutorial_interfaces) by extensions ['ros']
[0.390s] Level 1:colcon.colcon_core.package_identification:_identify(tutorial_interfaces) by extension 'ros'
[0.390s] DEBUG:colcon.colcon_core.package_identification:Package 'tutorial_interfaces' with type 'ros.ament_cmake' and name 'tutorial_interfaces'
[0.391s] Level 1:colcon.colcon_core.package_identification:_identify(wzlscheduler_interfaces) by extensions ['ignore', 'ignore_ament_install']
[0.391s] Level 1:colcon.colcon_core.package_identification:_identify(wzlscheduler_interfaces) by extension 'ignore'
[0.391s] Level 1:colcon.colcon_core.package_identification:_identify(wzlscheduler_interfaces) by extension 'ignore_ament_install'
[0.391s] Level 1:colcon.colcon_core.package_identification:_identify(wzlscheduler_interfaces) by extensions ['colcon_pkg']
[0.391s] Level 1:colcon.colcon_core.package_identification:_identify(wzlscheduler_interfaces) by extension 'colcon_pkg'
[0.391s] Level 1:colcon.colcon_core.package_identification:_identify(wzlscheduler_interfaces) by extensions ['colcon_meta']
[0.391s] Level 1:colcon.colcon_core.package_identification:_identify(wzlscheduler_interfaces) by extension 'colcon_meta'
[0.391s] Level 1:colcon.colcon_core.package_identification:_identify(wzlscheduler_interfaces) by extensions ['ros']
[0.391s] Level 1:colcon.colcon_core.package_identification:_identify(wzlscheduler_interfaces) by extension 'ros'
[0.391s] DEBUG:colcon.colcon_core.package_identification:Package 'wzlscheduler_interfaces' with type 'ros.catkin' and name 'wzlscheduler_interfaces'
[0.391s] Level 1:colcon.colcon_core.package_discovery:discover_packages(recursive) using defaults
[0.391s] Level 1:colcon.colcon_core.package_discovery:discover_packages(ignore) discover
[0.391s] Level 1:colcon.colcon_core.package_discovery:discover_packages(ignore) using defaults
[0.391s] Level 1:colcon.colcon_core.package_discovery:discover_packages(path) discover
[0.392s] Level 1:colcon.colcon_core.package_discovery:discover_packages(path) using defaults
[0.407s] INFO:colcon.colcon_core.package_selection:Skipping not selected package 'cpp_tof_camera' in 'cpp_tof_camera'
[0.407s] INFO:colcon.colcon_core.package_selection:Skipping not selected package 'hello_ur' in 'hello_ur'
[0.407s] INFO:colcon.colcon_core.package_selection:Skipping not selected package 'interface_opcua' in 'interface_opcua'
[0.407s] INFO:colcon.colcon_core.package_selection:Skipping not selected package 'lucid_vision_driver' in 'lucid_vision_driver-main'
[0.407s] INFO:colcon.colcon_core.package_selection:Skipping not selected package 'mtc_tutorial' in 'mtc_tutorial'
[0.407s] INFO:colcon.colcon_core.package_selection:Skipping not selected package 'py_pubsub' in 'py_pubsub'
[0.407s] INFO:colcon.colcon_core.package_selection:Skipping not selected package 'robo_planner_py' in 'robo_planner_py'
[0.407s] INFO:colcon.colcon_core.package_selection:Skipping not selected package 'tod_camera_cpp' in 'tof_camera_cpp'
[0.407s] INFO:colcon.colcon_core.package_selection:Skipping not selected package 'tof_detection_module' in 'tof_detection_module'
[0.407s] INFO:colcon.colcon_core.package_selection:Skipping not selected package 'tutorial_interfaces' in 'tutorial_interfaces'
[0.407s] INFO:colcon.colcon_core.package_selection:Skipping not selected package 'wzlscheduler_interfaces' in 'wzlscheduler_interfaces'
[0.407s] INFO:colcon.colcon_core.package_selection:Skipping not selected package 'moveit_backend' in 'moveit_backend'
[0.407s] INFO:colcon.colcon_core.package_selection:Skipping not selected package 'pcl_segmentation' in 'pcl_segmentation'
[0.407s] INFO:colcon.colcon_core.package_selection:Skipping not selected package 'robo_planner' in 'robo_planner'
[0.408s] Level 1:colcon.colcon_core.package_discovery:discover_packages(prefix_path) check parameters
[0.408s] Level 1:colcon.colcon_core.package_discovery:discover_packages(prefix_path) discover
[0.416s] DEBUG:colcon.colcon_installed_package_information.package_discovery:Found 1 installed packages in /home/alex/ws_moveit2/src/hello_moveit/install
[0.443s] DEBUG:colcon.colcon_installed_package_information.package_discovery:Found 55 installed packages in /home/alex/ws_moveit2/install
[0.445s] DEBUG:colcon.colcon_installed_package_information.package_discovery:Found 349 installed packages in /opt/ros/humble
[0.446s] Level 1:colcon.colcon_core.package_discovery:discover_packages(prefix_path) using defaults
[0.521s] Level 5:colcon.colcon_core.verb:set package 'mockup_robot' build argument 'cmake_args' from command line to 'None'
[0.521s] Level 5:colcon.colcon_core.verb:set package 'mockup_robot' build argument 'cmake_target' from command line to 'None'
[0.521s] Level 5:colcon.colcon_core.verb:set package 'mockup_robot' build argument 'cmake_target_skip_unavailable' from command line to 'False'
[0.521s] Level 5:colcon.colcon_core.verb:set package 'mockup_robot' build argument 'cmake_clean_cache' from command line to 'False'
[0.521s] Level 5:colcon.colcon_core.verb:set package 'mockup_robot' build argument 'cmake_clean_first' from command line to 'False'
[0.521s] Level 5:colcon.colcon_core.verb:set package 'mockup_robot' build argument 'cmake_force_configure' from command line to 'False'
[0.521s] Level 5:colcon.colcon_core.verb:set package 'mockup_robot' build argument 'ament_cmake_args' from command line to 'None'
[0.521s] Level 5:colcon.colcon_core.verb:set package 'mockup_robot' build argument 'catkin_cmake_args' from command line to 'None'
[0.521s] Level 5:colcon.colcon_core.verb:set package 'mockup_robot' build argument 'catkin_skip_building_tests' from command line to 'False'
[0.521s] DEBUG:colcon.colcon_core.verb:Building package 'mockup_robot' with the following arguments: {'ament_cmake_args': None, 'build_base': '/home/alex/restackcell/ws_moveit2/src/build/mockup_robot', 'catkin_cmake_args': None, 'catkin_skip_building_tests': False, 'cmake_args': None, 'cmake_clean_cache': False, 'cmake_clean_first': False, 'cmake_force_configure': False, 'cmake_target': None, 'cmake_target_skip_unavailable': False, 'install_base': '/home/alex/restackcell/ws_moveit2/src/install/mockup_robot', 'merge_install': False, 'path': '/home/alex/restackcell/ws_moveit2/src/mockup_robot', 'symlink_install': False, 'test_result_base': None}
[0.521s] INFO:colcon.colcon_core.executor:Executing jobs using 'parallel' executor
[0.522s] DEBUG:colcon.colcon_parallel_executor.executor.parallel:run_until_complete
[0.522s] INFO:colcon.colcon_ros.task.ament_cmake.build:Building ROS package in '/home/alex/restackcell/ws_moveit2/src/mockup_robot' with build type 'ament_cmake'
[0.522s] INFO:colcon.colcon_cmake.task.cmake.build:Building CMake package in '/home/alex/restackcell/ws_moveit2/src/mockup_robot'
[0.525s] INFO:colcon.colcon_core.plugin_system:Skipping extension 'colcon_core.shell.bat': Not used on non-Windows systems
[0.526s] INFO:colcon.colcon_core.shell:Skip shell extension 'powershell' for command environment: Not usable outside of PowerShell
[0.526s] DEBUG:colcon.colcon_core.shell:Skip shell extension 'dsv' for command environment
[0.530s] ERROR:colcon.colcon_cmake.task.cmake.build:Failed to find the following files:
- /home/alex/restackcell/ws_moveit2/src/install/wzlscheduler_interfaces/share/wzlscheduler_interfaces/package.sh
Check that the following packages have been built:
- wzlscheduler_interfaces
[0.530s] Level 1:colcon.colcon_core.environment:create_environment_scripts_only(mockup_robot)
[0.534s] Level 1:colcon.colcon_core.environment:checking '/home/alex/restackcell/ws_moveit2/src/install/mockup_robot' for CMake module files
[0.534s] Level 1:colcon.colcon_core.environment:checking '/home/alex/restackcell/ws_moveit2/src/install/mockup_robot' for CMake config files
[0.535s] Level 1:colcon.colcon_core.environment:checking '/home/alex/restackcell/ws_moveit2/src/install/mockup_robot/bin'
[0.535s] Level 1:colcon.colcon_core.environment:checking '/home/alex/restackcell/ws_moveit2/src/install/mockup_robot/lib/pkgconfig/mockup_robot.pc'
[0.535s] Level 1:colcon.colcon_core.environment:checking '/home/alex/restackcell/ws_moveit2/src/install/mockup_robot/lib/python3.10/site-packages'
[0.535s] Level 1:colcon.colcon_core.environment:checking '/home/alex/restackcell/ws_moveit2/src/install/mockup_robot/bin'
[0.535s] INFO:colcon.colcon_core.shell:Creating package script '/home/alex/restackcell/ws_moveit2/src/install/mockup_robot/share/mockup_robot/package.ps1'
[0.536s] INFO:colcon.colcon_core.shell:Creating package descriptor '/home/alex/restackcell/ws_moveit2/src/install/mockup_robot/share/mockup_robot/package.dsv'
[0.536s] INFO:colcon.colcon_core.shell:Creating package script '/home/alex/restackcell/ws_moveit2/src/install/mockup_robot/share/mockup_robot/package.sh'
[0.536s] INFO:colcon.colcon_core.shell:Creating package script '/home/alex/restackcell/ws_moveit2/src/install/mockup_robot/share/mockup_robot/package.bash'
[0.537s] INFO:colcon.colcon_core.shell:Creating package script '/home/alex/restackcell/ws_moveit2/src/install/mockup_robot/share/mockup_robot/package.zsh'
[0.537s] Level 1:colcon.colcon_core.environment:create_file_with_runtime_dependencies(/home/alex/restackcell/ws_moveit2/src/install/mockup_robot/share/colcon-core/packages/mockup_robot)
[0.548s] DEBUG:colcon.colcon_parallel_executor.executor.parallel:closing loop
[0.548s] DEBUG:colcon.colcon_parallel_executor.executor.parallel:loop closed
[0.548s] DEBUG:colcon.colcon_parallel_executor.executor.parallel:run_until_complete finished with '1'
[0.548s] DEBUG:colcon.colcon_core.event_reactor:joining thread
[0.556s] INFO:colcon.colcon_core.plugin_system:Skipping extension 'colcon_notification.desktop_notification.terminal_notifier': Not used on non-Darwin systems
[0.556s] INFO:colcon.colcon_core.plugin_system:Skipping extension 'colcon_notification.desktop_notification.win32': Not used on non-Windows systems
[0.556s] INFO:colcon.colcon_notification.desktop_notification:Sending desktop notification using 'notify2'
[0.570s] DEBUG:colcon.colcon_core.event_reactor:joined thread
[0.570s] INFO:colcon.colcon_core.shell:Creating prefix script '/home/alex/restackcell/ws_moveit2/src/install/local_setup.ps1'
[0.572s] INFO:colcon.colcon_core.shell:Creating prefix util module '/home/alex/restackcell/ws_moveit2/src/install/_local_setup_util_ps1.py'
[0.573s] INFO:colcon.colcon_core.shell:Creating prefix chain script '/home/alex/restackcell/ws_moveit2/src/install/setup.ps1'
[0.576s] INFO:colcon.colcon_core.shell:Creating prefix script '/home/alex/restackcell/ws_moveit2/src/install/local_setup.sh'
[0.576s] INFO:colcon.colcon_core.shell:Creating prefix util module '/home/alex/restackcell/ws_moveit2/src/install/_local_setup_util_sh.py'
[0.577s] INFO:colcon.colcon_core.shell:Creating prefix chain script '/home/alex/restackcell/ws_moveit2/src/install/setup.sh'
[0.579s] INFO:colcon.colcon_core.shell:Creating prefix script '/home/alex/restackcell/ws_moveit2/src/install/local_setup.bash'
[0.580s] INFO:colcon.colcon_core.shell:Creating prefix chain script '/home/alex/restackcell/ws_moveit2/src/install/setup.bash'
[0.582s] INFO:colcon.colcon_core.shell:Creating prefix script '/home/alex/restackcell/ws_moveit2/src/install/local_setup.zsh'
[0.583s] INFO:colcon.colcon_core.shell:Creating prefix chain script '/home/alex/restackcell/ws_moveit2/src/install/setup.zsh'
