[0.105s] Invoking command in '/home/alex/ws_moveit2/build/moveit_core': AMENT_PREFIX_PATH=/home/alex/ws_moveit2/install/moveit_resources_panda_moveit_config:/home/alex/ws_moveit2/install/srdfdom:/home/alex/ws_moveit2/install/moveit_resources_pr2_description:/home/alex/ws_moveit2/install/moveit_resources_panda_description:/home/alex/ws_moveit2/install/moveit_common:${AMENT_PREFIX_PATH} CMAKE_PREFIX_PATH=/home/alex/ws_moveit2/install/moveit_resources_panda_moveit_config:/home/alex/ws_moveit2/install/srdfdom:/home/alex/ws_moveit2/install/moveit_resources_pr2_description:/home/alex/ws_moveit2/install/moveit_resources_panda_description:/home/alex/ws_moveit2/install/moveit_common:/opt/ros/humble LD_LIBRARY_PATH=/home/alex/ws_moveit2/install/srdfdom/lib:${LD_LIBRARY_PATH} PYTHONPATH=/home/alex/ws_moveit2/install/srdfdom/local/lib/python3.10/dist-packages:${PYTHONPATH} /usr/bin/cmake /home/alex/ws_moveit2/src/moveit2/moveit_core -DCMAKE_BUILD_TYPE=Release -DCMAKE_INSTALL_PREFIX=/home/alex/ws_moveit2/install/moveit_core
[0.385s] -- The CXX compiler identification is GNU 11.4.0
[0.385s] -- Detecting CXX compiler ABI info
[0.385s] -- Detecting CXX compiler ABI info - done
[0.385s] -- Check for working CXX compiler: /usr/bin/c++ - skipped
[0.385s] -- Detecting CXX compile features
[0.385s] -- Detecting CXX compile features - done
[0.385s] -- Found moveit_common: 2.5.5 (/home/alex/ws_moveit2/install/moveit_common/share/moveit_common/cmake)
[0.385s] -- Found ament_cmake: 1.3.5 (/opt/ros/humble/share/ament_cmake/cmake)
[0.450s] -- Found Python3: /usr/bin/python3.10 (found version "3.10.12") found components: Interpreter 
[0.608s] -- Found libdw: /usr/lib/x86_64-linux-gnu/libdw.so  
[0.615s] -- Could NOT find libbfd (missing: LIBBFD_LIBRARY LIBBFD_INCLUDE_DIR) 
[0.616s] -- BACKWARD_HAS_UNWIND=1
[0.616s] -- BACKWARD_HAS_BACKTRACE=0
[0.616s] -- BACKWARD_HAS_BACKTRACE_SYMBOL=0
[0.616s] -- BACKWARD_HAS_DW=1
[0.616s] -- BACKWARD_HAS_BFD=0
[0.616s] -- Found Backward: /opt/ros/humble/share/backward_ros/cmake  
[0.619s] -- Found angles: 1.15.0 (/opt/ros/humble/share/angles/cmake)
[0.640s] -- Found Bullet: /usr/lib/x86_64-linux-gnu/libBulletDynamics.so (Required is at least version "2.87") 
[0.642s] -- Found common_interfaces: 4.2.3 (/opt/ros/humble/share/common_interfaces/cmake)
[0.645s] -- Found eigen_stl_containers: 1.0.0 (/opt/ros/humble/share/eigen_stl_containers/cmake)
[0.654s] -- Found eigen3_cmake_module: 0.1.1 (/opt/ros/humble/share/eigen3_cmake_module/cmake)
[0.656s] -- Found Eigen3: TRUE (found version "3.4.0") 
[0.660s] -- Found generate_parameter_library: 0.3.6 (/opt/ros/humble/share/generate_parameter_library/cmake)
[0.663s] -- Found parameter_traits: 0.3.6 (/opt/ros/humble/share/parameter_traits/cmake)
[0.699s] -- Found rosidl_generator_c: 3.1.5 (/opt/ros/humble/share/rosidl_generator_c/cmake)
[0.704s] -- Found rosidl_adapter: 3.1.5 (/opt/ros/humble/share/rosidl_adapter/cmake)
[0.712s] -- Found rosidl_generator_cpp: 3.1.5 (/opt/ros/humble/share/rosidl_generator_cpp/cmake)
[0.724s] -- Using all available rosidl_typesupport_c: rosidl_typesupport_fastrtps_c;rosidl_typesupport_introspection_c
[0.741s] -- Using all available rosidl_typesupport_cpp: rosidl_typesupport_fastrtps_cpp;rosidl_typesupport_introspection_cpp
[0.799s] -- Found rmw_implementation_cmake: 6.1.1 (/opt/ros/humble/share/rmw_implementation_cmake/cmake)
[0.801s] -- Found rmw_fastrtps_cpp: 6.2.4 (/opt/ros/humble/share/rmw_fastrtps_cpp/cmake)
[0.890s] -- Found OpenSSL: /usr/lib/x86_64-linux-gnu/libcrypto.so (found version "3.0.2")  
[0.912s] -- Found FastRTPS: /opt/ros/humble/include  
[0.954s] -- Using RMW implementation 'rmw_fastrtps_cpp' as default
[0.962s] -- Looking for C++ include pthread.h
[1.057s] -- Looking for C++ include pthread.h - found
[1.058s] -- Performing Test CMAKE_HAVE_LIBC_PTHREAD
[1.163s] -- Performing Test CMAKE_HAVE_LIBC_PTHREAD - Success
[1.163s] -- Found Threads: TRUE  
[1.291s] -- Found rclcpp_lifecycle: 16.0.6 (/opt/ros/humble/share/rclcpp_lifecycle/cmake)
[1.323s] -- Found geometric_shapes: 2.1.3 (/opt/ros/humble/share/geometric_shapes/cmake)
[1.331s] -- Found Boost: /usr/lib/x86_64-linux-gnu/cmake/Boost-1.74.0/BoostConfig.cmake (found version "1.74.0") found components: filesystem 
[1.468s] -- library: /usr/lib/x86_64-linux-gnu/libcurl.so
[1.671s] -- Found kdl_parser: 2.6.4 (/opt/ros/humble/share/kdl_parser/cmake)
[1.678s] -- Ensuring Eigen3 include directory is part of orocos-kdl CMake target
[1.680s] -- Found moveit_msgs: 2.2.1 (/opt/ros/humble/share/moveit_msgs/cmake)
[2.111s] -- Found pluginlib: 5.1.0 (/opt/ros/humble/share/pluginlib/cmake)
[2.129s] -- Found srdfdom: 2.0.4 (/home/alex/ws_moveit2/install/srdfdom/share/srdfdom/cmake)
[2.140s] -- Found tf2_eigen: 0.25.4 (/opt/ros/humble/share/tf2_eigen/cmake)
[2.343s] -- Found tf2_geometry_msgs: 0.25.4 (/opt/ros/humble/share/tf2_geometry_msgs/cmake)
[2.353s] -- Found tf2_kdl: 0.25.4 (/opt/ros/humble/share/tf2_kdl/cmake)
[2.388s] -- Found Boost: /usr/lib/x86_64-linux-gnu/cmake/Boost-1.74.0/BoostConfig.cmake (found version "1.74.0") found components: chrono date_time filesystem iostreams program_options regex serialization system thread 
[2.389s] --  *** Building MoveIt 2.5.5-Alpha ***
[2.392s] -- Performing Test COMPILER_HAS_HIDDEN_VISIBILITY
[2.484s] -- Performing Test COMPILER_HAS_HIDDEN_VISIBILITY - Success
[2.484s] -- Performing Test COMPILER_HAS_HIDDEN_INLINE_VISIBILITY
[2.574s] -- Performing Test COMPILER_HAS_HIDDEN_INLINE_VISIBILITY - Success
[2.574s] -- Performing Test COMPILER_HAS_DEPRECATED_ATTR
[2.662s] -- Performing Test COMPILER_HAS_DEPRECATED_ATTR - Success
[2.665s] -- Found ament_cmake_gtest: 1.3.5 (/opt/ros/humble/share/ament_cmake_gtest/cmake)
[2.667s] -- Found gtest sources under '/opt/ros/humble/src/gtest_vendor': C++ tests using 'Google Test' will be built
[2.704s] -- The C compiler identification is GNU 11.4.0
[2.711s] -- Detecting C compiler ABI info
[2.794s] -- Detecting C compiler ABI info - done
[2.799s] -- Check for working C compiler: /usr/bin/cc - skipped
[2.799s] -- Detecting C compile features
[2.799s] -- Detecting C compile features - done
[2.807s] -- Found ament_cmake_gmock: 1.3.5 (/opt/ros/humble/share/ament_cmake_gmock/cmake)
[2.811s] -- Found gmock sources under '/opt/ros/humble/src/gmock_vendor': C++ tests using 'Google Mock' will be built
[2.812s] -- Found ament_cmake_gtest: 1.3.5 (/opt/ros/humble/share/ament_cmake_gtest/cmake)
[2.813s] -- Found gtest sources under '/opt/ros/humble/src/gtest_vendor': C++ tests using 'Google Test' will be built
[2.819s] -- Found ament_cmake_gtest: 1.3.5 (/opt/ros/humble/share/ament_cmake_gtest/cmake)
[2.819s] -- Found gtest sources under '/opt/ros/humble/src/gtest_vendor': C++ tests using 'Google Test' will be built
[2.833s] -- Found ament_cmake_gtest: 1.3.5 (/opt/ros/humble/share/ament_cmake_gtest/cmake)
[2.834s] -- Found gtest sources under '/opt/ros/humble/src/gtest_vendor': C++ tests using 'Google Test' will be built
[2.844s] -- Found ament_lint_auto: 0.12.8 (/opt/ros/humble/share/ament_lint_auto/cmake)
[2.844s] -- Found ament_cmake_gtest: 1.3.5 (/opt/ros/humble/share/ament_cmake_gtest/cmake)
[2.845s] -- Found gtest sources under '/opt/ros/humble/src/gtest_vendor': C++ tests using 'Google Test' will be built
[2.855s] -- Found ament_cmake_gtest: 1.3.5 (/opt/ros/humble/share/ament_cmake_gtest/cmake)
[2.856s] -- Found gtest sources under '/opt/ros/humble/src/gtest_vendor': C++ tests using 'Google Test' will be built
[2.863s] -- Found ament_cmake_gtest: 1.3.5 (/opt/ros/humble/share/ament_cmake_gtest/cmake)
[2.864s] -- Found gtest sources under '/opt/ros/humble/src/gtest_vendor': C++ tests using 'Google Test' will be built
[2.869s] -- Found ament_cmake_gtest: 1.3.5 (/opt/ros/humble/share/ament_cmake_gtest/cmake)
[2.870s] -- Found gtest sources under '/opt/ros/humble/src/gtest_vendor': C++ tests using 'Google Test' will be built
[2.879s] -- Found gtest sources under '/opt/ros/humble/src/gtest_vendor': C++ tests using 'Google Test' will be built
[2.885s] -- Found gtest sources under '/opt/ros/humble/src/gtest_vendor': C++ tests using 'Google Test' will be built
[2.893s] -- Found ament_cmake_gtest: 1.3.5 (/opt/ros/humble/share/ament_cmake_gtest/cmake)
[2.893s] -- Found gtest sources under '/opt/ros/humble/src/gtest_vendor': C++ tests using 'Google Test' will be built
[2.905s] -- Found gtest sources under '/opt/ros/humble/src/gtest_vendor': C++ tests using 'Google Test' will be built
[2.914s] -- Found gtest sources under '/opt/ros/humble/src/gtest_vendor': C++ tests using 'Google Test' will be built
[2.922s] -- Found gtest sources under '/opt/ros/humble/src/gtest_vendor': C++ tests using 'Google Test' will be built
[2.927s] -- Found ament_lint_auto: 0.12.8 (/opt/ros/humble/share/ament_lint_auto/cmake)
[2.957s] -- Added test 'cppcheck' to perform static code analysis on C / C++ code
[2.958s] -- Configured cppcheck include dirs: /home/alex/ws_moveit2/src/moveit2/moveit_core/exceptions/include;/home/alex/ws_moveit2/src/moveit2/moveit_core/collision_detection/include;/home/alex/ws_moveit2/src/moveit2/moveit_core/collision_detection_fcl/include;/home/alex/ws_moveit2/src/moveit2/moveit_core/collision_detection_bullet/include;/home/alex/ws_moveit2/src/moveit2/moveit_core/constraint_samplers/include;/home/alex/ws_moveit2/src/moveit2/moveit_core/controller_manager/include;/home/alex/ws_moveit2/src/moveit2/moveit_core/distance_field/include;/home/alex/ws_moveit2/src/moveit2/moveit_core/collision_distance_field/include;/home/alex/ws_moveit2/src/moveit2/moveit_core/dynamics_solver/include;/home/alex/ws_moveit2/src/moveit2/moveit_core/kinematics_base/include;/home/alex/ws_moveit2/src/moveit2/moveit_core/kinematics_metrics/include;/home/alex/ws_moveit2/src/moveit2/moveit_core/robot_model/include;/home/alex/ws_moveit2/src/moveit2/moveit_core/transforms/include;/home/alex/ws_moveit2/src/moveit2/moveit_core/robot_state/include;/home/alex/ws_moveit2/src/moveit2/moveit_core/robot_trajectory/include;/home/alex/ws_moveit2/src/moveit2/moveit_core/kinematic_constraints/include;/home/alex/ws_moveit2/src/moveit2/moveit_core/macros/include;/home/alex/ws_moveit2/src/moveit2/moveit_core/online_signal_smoothing/include;/home/alex/ws_moveit2/src/moveit2/moveit_core/planning_interface/include;/home/alex/ws_moveit2/src/moveit2/moveit_core/planning_request_adapter/include;/home/alex/ws_moveit2/src/moveit2/moveit_core/planning_scene/include;/home/alex/ws_moveit2/src/moveit2/moveit_core/sensor_manager/include;/home/alex/ws_moveit2/src/moveit2/moveit_core/trajectory_processing/include;/home/alex/ws_moveit2/src/moveit2/moveit_core/utils/include
[2.958s] -- Configured cppcheck exclude dirs and/or files: 
[2.961s] -- Added test 'pep257' to check Python code against some of the docstring style conventions in PEP 257
[2.964s] -- Added test 'xmllint' to check XML markup files
[2.967s] -- Configuring done
[3.575s] -- Generating done
[3.582s] -- Build files have been written to: /home/alex/ws_moveit2/build/moveit_core
[3.624s] Invoked command in '/home/alex/ws_moveit2/build/moveit_core' returned '0': AMENT_PREFIX_PATH=/home/alex/ws_moveit2/install/moveit_resources_panda_moveit_config:/home/alex/ws_moveit2/install/srdfdom:/home/alex/ws_moveit2/install/moveit_resources_pr2_description:/home/alex/ws_moveit2/install/moveit_resources_panda_description:/home/alex/ws_moveit2/install/moveit_common:${AMENT_PREFIX_PATH} CMAKE_PREFIX_PATH=/home/alex/ws_moveit2/install/moveit_resources_panda_moveit_config:/home/alex/ws_moveit2/install/srdfdom:/home/alex/ws_moveit2/install/moveit_resources_pr2_description:/home/alex/ws_moveit2/install/moveit_resources_panda_description:/home/alex/ws_moveit2/install/moveit_common:/opt/ros/humble LD_LIBRARY_PATH=/home/alex/ws_moveit2/install/srdfdom/lib:${LD_LIBRARY_PATH} PYTHONPATH=/home/alex/ws_moveit2/install/srdfdom/local/lib/python3.10/dist-packages:${PYTHONPATH} /usr/bin/cmake /home/alex/ws_moveit2/src/moveit2/moveit_core -DCMAKE_BUILD_TYPE=Release -DCMAKE_INSTALL_PREFIX=/home/alex/ws_moveit2/install/moveit_core
[3.626s] Invoking command in '/home/alex/ws_moveit2/build/moveit_core': AMENT_PREFIX_PATH=/home/alex/ws_moveit2/install/moveit_resources_panda_moveit_config:/home/alex/ws_moveit2/install/srdfdom:/home/alex/ws_moveit2/install/moveit_resources_pr2_description:/home/alex/ws_moveit2/install/moveit_resources_panda_description:/home/alex/ws_moveit2/install/moveit_common:${AMENT_PREFIX_PATH} CMAKE_PREFIX_PATH=/home/alex/ws_moveit2/install/moveit_resources_panda_moveit_config:/home/alex/ws_moveit2/install/srdfdom:/home/alex/ws_moveit2/install/moveit_resources_pr2_description:/home/alex/ws_moveit2/install/moveit_resources_panda_description:/home/alex/ws_moveit2/install/moveit_common:/opt/ros/humble LD_LIBRARY_PATH=/home/alex/ws_moveit2/install/srdfdom/lib:${LD_LIBRARY_PATH} PYTHONPATH=/home/alex/ws_moveit2/install/srdfdom/local/lib/python3.10/dist-packages:${PYTHONPATH} /usr/bin/cmake --build /home/alex/ws_moveit2/build/moveit_core -- -j16 -l16
[3.684s] [  1%] [32mBuilding CXX object kinematics_base/CMakeFiles/moveit_kinematics_base.dir/src/kinematics_base.cpp.o[0m
[3.684s] [  2%] [32mBuilding CXX object transforms/CMakeFiles/moveit_transforms.dir/src/transforms.cpp.o[0m
[3.684s] [  1%] [32mBuilding CXX object exceptions/CMakeFiles/moveit_exceptions.dir/src/exceptions.cpp.o[0m
[3.684s] [  2%] [32mBuilding CXX object gmock/CMakeFiles/gmock.dir/src/gmock-all.cc.o[0m
[3.684s] [  1%] [32mBuilding CXX object gtest/CMakeFiles/gtest.dir/src/gtest-all.cc.o[0m
[3.684s] [  1%] [32mBuilding CXX object gmock/CMakeFiles/gmock.dir/opt/ros/humble/src/gtest_vendor/src/gtest-all.cc.o[0m
[3.685s] [  2%] [32mBuilding CXX object gtest/CMakeFiles/gtest_main.dir/src/gtest_main.cc.o[0m
[3.685s] [  1%] [32mBuilding CXX object gmock/CMakeFiles/gmock_main.dir/src/gmock_main.cc.o[0m
[3.685s] [  3%] [32mBuilding CXX object distance_field/CMakeFiles/moveit_distance_field.dir/src/distance_field.cpp.o[0m
[3.685s] [  3%] [32mBuilding CXX object distance_field/CMakeFiles/moveit_distance_field.dir/src/find_internal_points.cpp.o[0m
[3.685s] [  4%] [32mBuilding CXX object version/CMakeFiles/moveit_version.dir/version.cpp.o[0m
[3.685s] [  5%] [34m[1mRunning `/opt/ros/humble/bin/generate_parameter_library_cpp /home/alex/ws_moveit2/build/moveit_core/online_signal_smoothing/moveit_butterworth_parameters/include//moveit_butterworth_parameters.hpp /home/alex/ws_moveit2/src/moveit2/moveit_core/online_signal_smoothing/src/butterworth_parameters.yaml `[0m
[3.685s] [  6%] [32mBuilding CXX object distance_field/CMakeFiles/moveit_distance_field.dir/src/propagation_distance_field.cpp.o[0m
[3.686s] [  6%] [32mBuilding CXX object online_signal_smoothing/CMakeFiles/moveit_smoothing_base.dir/src/smoothing_base_class.cpp.o[0m
[3.686s] [  7%] [32mBuilding CXX object utils/CMakeFiles/moveit_utils.dir/src/lexical_casts.cpp.o[0m
[3.687s] [  7%] [32mBuilding CXX object utils/CMakeFiles/moveit_utils.dir/src/message_checks.cpp.o[0m
[3.733s] [  8%] [32m[1mLinking CXX executable moveit_version[0m
[3.839s] [  8%] Built target moveit_version
[3.852s] [  9%] [32mBuilding CXX object utils/CMakeFiles/moveit_utils.dir/src/rclcpp_utils.cpp.o[0m
[3.863s] [  9%] Built target moveit_butterworth_parameters
[4.528s] [ 10%] [32m[1mLinking CXX shared library libmoveit_exceptions.so[0m
[4.716s] [ 10%] Built target moveit_exceptions
[4.851s] [ 10%] [32m[1mLinking CXX static library libgtest_main.a[0m
[4.900s] [ 10%] Built target gtest_main
[4.904s] [ 10%] [32m[1mLinking CXX shared library libmoveit_utils.so[0m
[5.014s] [ 11%] [32m[1mLinking CXX static library libgmock_main.a[0m
[5.047s] [ 11%] Built target gmock_main
[5.500s] [ 11%] Built target moveit_utils
[6.788s] [ 12%] [32m[1mLinking CXX shared library libmoveit_smoothing_base.so[0m
[6.895s] [ 12%] Built target moveit_smoothing_base
[8.178s] [ 13%] [32m[1mLinking CXX shared library libmoveit_kinematics_base.so[0m
[8.295s] [ 13%] Built target moveit_kinematics_base
[8.319s] [ 16%] [32mBuilding CXX object robot_model/CMakeFiles/moveit_robot_model.dir/src/floating_joint_model.cpp.o[0m
[8.319s] [ 16%] [32mBuilding CXX object robot_model/CMakeFiles/moveit_robot_model.dir/src/planar_joint_model.cpp.o[0m
[8.320s] [ 16%] [32mBuilding CXX object robot_model/CMakeFiles/moveit_robot_model.dir/src/fixed_joint_model.cpp.o[0m
[8.320s] [ 16%] [32mBuilding CXX object robot_model/CMakeFiles/moveit_robot_model.dir/src/joint_model_group.cpp.o[0m
[8.320s] [ 16%] [32mBuilding CXX object robot_model/CMakeFiles/moveit_robot_model.dir/src/aabb.cpp.o[0m
[8.320s] [ 17%] [32mBuilding CXX object robot_model/CMakeFiles/moveit_robot_model.dir/src/prismatic_joint_model.cpp.o[0m
[8.320s] [ 18%] [32mBuilding CXX object robot_model/CMakeFiles/moveit_robot_model.dir/src/joint_model.cpp.o[0m
[8.320s] [ 18%] [32mBuilding CXX object robot_model/CMakeFiles/moveit_robot_model.dir/src/link_model.cpp.o[0m
[8.320s] [ 18%] [32mBuilding CXX object robot_model/CMakeFiles/moveit_robot_model.dir/src/robot_model.cpp.o[0m
[8.320s] [ 19%] [32mBuilding CXX object robot_model/CMakeFiles/moveit_robot_model.dir/src/revolute_joint_model.cpp.o[0m
[10.524s] [ 20%] [32m[1mLinking CXX static library libgtest.a[0m
[10.586s] [ 20%] Built target gtest
[10.694s] [ 21%] [32m[1mLinking CXX static library libgmock.a[0m
[10.745s] [ 21%] Built target gmock
[10.805s] [ 21%] [32m[1mLinking CXX shared library libmoveit_distance_field.so[0m
[10.950s] [ 22%] [32m[1mLinking CXX shared library libmoveit_transforms.so[0m
[10.971s] [ 22%] Built target moveit_distance_field
[11.005s] [ 23%] [32mBuilding CXX object distance_field/CMakeFiles/test_distance_field.dir/test/test_distance_field.cpp.o[0m
[11.005s] [ 23%] [32mBuilding CXX object distance_field/CMakeFiles/test_voxel_grid.dir/test/test_voxel_grid.cpp.o[0m
[11.127s] [ 23%] Built target moveit_transforms
[11.154s] [ 23%] [32mBuilding CXX object transforms/CMakeFiles/test_transforms.dir/test/test_transforms.cpp.o[0m
[13.936s] [ 24%] [32m[1mLinking CXX executable test_transforms[0m
[14.071s] [ 24%] Built target test_transforms
[15.076s] [ 24%] [32m[1mLinking CXX executable test_voxel_grid[0m
[15.185s] [ 24%] Built target test_voxel_grid
[16.398s] [ 25%] [32m[1mLinking CXX shared library libmoveit_robot_model.so[0m
[16.537s] [ 25%] Built target moveit_robot_model
[16.557s] [ 29%] [32mBuilding CXX object robot_state/CMakeFiles/moveit_robot_state.dir/src/robot_state.cpp.o[0m
[16.557s] [ 29%] [32mBuilding CXX object robot_state/CMakeFiles/moveit_robot_state.dir/src/conversions.cpp.o[0m
[16.557s] [ 29%] [32mBuilding CXX object utils/CMakeFiles/moveit_test_utils.dir/src/robot_model_test_utils.cpp.o[0m
[16.557s] [ 29%] [32mBuilding CXX object robot_state/CMakeFiles/moveit_robot_state.dir/src/cartesian_interpolator.cpp.o[0m
[16.557s] [ 29%] [32mBuilding CXX object robot_state/CMakeFiles/moveit_robot_state.dir/src/attached_body.cpp.o[0m
[16.557s] [ 29%] [32mBuilding CXX object online_signal_smoothing/CMakeFiles/moveit_butterworth_filter.dir/src/butterworth_filter.cpp.o[0m
[18.727s] [ 30%] [32m[1mLinking CXX executable test_distance_field[0m
[18.955s] [ 30%] Built target test_distance_field
[21.759s] [ 30%] [32m[1mLinking CXX shared library libmoveit_butterworth_filter.so[0m
[21.898s] [ 30%] Built target moveit_butterworth_filter
[21.921s] [ 30%] [32mBuilding CXX object online_signal_smoothing/CMakeFiles/test_butterworth_filter.dir/test/test_butterworth_filter.cpp.o[0m
[23.475s] [ 30%] [32m[1mLinking CXX shared library libmoveit_test_utils.so[0m
[23.612s] [ 30%] Built target moveit_test_utils
[23.634s] [ 31%] [32mBuilding CXX object robot_model/CMakeFiles/test_robot_model.dir/test/test.cpp.o[0m
[27.145s] [ 32%] [32m[1mLinking CXX executable test_butterworth_filter[0m
[27.281s] [ 32%] Built target test_butterworth_filter
[28.068s] [ 32%] [32m[1mLinking CXX executable test_robot_model[0m
[28.271s] [ 32%] Built target test_robot_model
[33.496s] [ 33%] [32m[1mLinking CXX shared library libmoveit_robot_state.so[0m
[33.639s] [ 33%] Built target moveit_robot_state
[33.661s] [ 37%] [32mBuilding CXX object robot_state/CMakeFiles/test_cartesian_interpolator.dir/test/test_cartesian_interpolator.cpp.o[0m
[33.661s] [ 37%] [32mBuilding CXX object collision_detection/CMakeFiles/moveit_collision_detection.dir/src/collision_octomap_filter.cpp.o[0m
[33.661s] [ 37%] [32mBuilding CXX object collision_detection/CMakeFiles/moveit_collision_detection.dir/src/collision_tools.cpp.o[0m
[33.661s] [ 37%] [32mBuilding CXX object collision_detection/CMakeFiles/moveit_collision_detection.dir/src/collision_matrix.cpp.o[0m
[33.661s] [ 37%] [32mBuilding CXX object robot_state/CMakeFiles/test_aabb.dir/test/test_aabb.cpp.o[0m
[33.661s] [ 37%] [32mBuilding CXX object kinematics_metrics/CMakeFiles/moveit_kinematics_metrics.dir/src/kinematics_metrics.cpp.o[0m
[33.661s] [ 37%] [32mBuilding CXX object robot_trajectory/CMakeFiles/moveit_robot_trajectory.dir/src/robot_trajectory.cpp.o[0m
[33.661s] [ 37%] [32mBuilding CXX object robot_state/CMakeFiles/test_robot_state_benchmark.dir/test/robot_state_benchmark.cpp.o[0m
[33.661s] [ 37%] [32mBuilding CXX object dynamics_solver/CMakeFiles/moveit_dynamics_solver.dir/src/dynamics_solver.cpp.o[0m
[33.661s] [ 38%] [32mBuilding CXX object collision_detection/CMakeFiles/moveit_collision_detection.dir/src/collision_common.cpp.o[0m
[33.661s] [ 38%] [32mBuilding CXX object collision_detection/CMakeFiles/moveit_collision_detection.dir/src/world.cpp.o[0m
[33.661s] [ 37%] [32mBuilding CXX object robot_state/CMakeFiles/test_robot_state_complex.dir/test/test_kinematic_complex.cpp.o[0m
[33.661s] [ 38%] [32mBuilding CXX object collision_detection/CMakeFiles/moveit_collision_detection.dir/src/world_diff.cpp.o[0m
[33.662s] [ 38%] [32mBuilding CXX object collision_detection/CMakeFiles/moveit_collision_detection.dir/src/allvalid/collision_env_allvalid.cpp.o[0m
[33.662s] [ 39%] [32mBuilding CXX object robot_state/CMakeFiles/test_robot_state.dir/test/robot_state_test.cpp.o[0m
[33.664s] [ 40%] [32mBuilding CXX object collision_detection/CMakeFiles/moveit_collision_detection.dir/src/collision_env.cpp.o[0m
[36.346s] [ 40%] [32mBuilding CXX object collision_detection/CMakeFiles/moveit_collision_detection.dir/src/collision_plugin_cache.cpp.o[0m
[41.803s] [ 41%] [32m[1mLinking CXX shared library libmoveit_dynamics_solver.so[0m
[41.969s] [ 41%] Built target moveit_dynamics_solver
[42.094s] [ 42%] [32m[1mLinking CXX executable test_cartesian_interpolator[0m
[42.327s] [ 42%] Built target test_cartesian_interpolator
[42.712s] [ 43%] [32m[1mLinking CXX executable test_robot_state_benchmark[0m
[42.958s] [ 43%] Built target test_robot_state_benchmark
[43.634s] [ 44%] [32m[1mLinking CXX executable test_aabb[0m
[43.897s] [ 44%] Built target test_aabb
[44.136s] [ 45%] [32m[1mLinking CXX executable test_robot_state_complex[0m
[44.396s] [ 45%] Built target test_robot_state_complex
[44.415s] [ 46%] [32m[1mLinking CXX shared library libmoveit_robot_trajectory.so[0m
[44.577s] [ 46%] Built target moveit_robot_trajectory
[44.598s] [ 48%] [32mBuilding CXX object trajectory_processing/CMakeFiles/moveit_trajectory_processing.dir/src/trajectory_tools.cpp.o[0m
[44.598s] [ 48%] [32mBuilding CXX object trajectory_processing/CMakeFiles/moveit_trajectory_processing.dir/src/iterative_spline_parameterization.cpp.o[0m
[44.599s] [ 48%] [32mBuilding CXX object trajectory_processing/CMakeFiles/moveit_trajectory_processing.dir/src/time_optimal_trajectory_generation.cpp.o[0m
[44.599s] [ 48%] [32mBuilding CXX object planning_interface/CMakeFiles/moveit_planning_interface.dir/src/planning_response.cpp.o[0m
[44.599s] [ 48%] [32mBuilding CXX object trajectory_processing/CMakeFiles/moveit_trajectory_processing.dir/src/iterative_time_parameterization.cpp.o[0m
[44.599s] [ 50%] [32mBuilding CXX object planning_interface/CMakeFiles/moveit_planning_interface.dir/src/planning_interface.cpp.o[0m
[44.599s] [ 50%] [32mBuilding CXX object trajectory_processing/CMakeFiles/moveit_trajectory_processing.dir/src/ruckig_traj_smoothing.cpp.o[0m
[44.599s] [ 51%] [32mBuilding CXX object robot_trajectory/CMakeFiles/test_robot_trajectory.dir/test/test_robot_trajectory.cpp.o[0m
[45.525s] [ 52%] [32m[1mLinking CXX executable test_robot_state[0m
[45.797s] [ 52%] Built target test_robot_state
[49.648s] [ 53%] [32m[1mLinking CXX shared library libmoveit_collision_detection.so[0m
[49.840s] [ 53%] Built target moveit_collision_detection
[49.868s] [ 58%] [32mBuilding CXX object collision_detection_bullet/CMakeFiles/moveit_collision_detection_bullet.dir/src/bullet_integration/bullet_utils.cpp.o[0m
[49.868s] [ 58%] [32mBuilding CXX object collision_detection_bullet/CMakeFiles/moveit_collision_detection_bullet.dir/src/bullet_integration/bullet_cast_bvh_manager.cpp.o[0m
[49.869s] [ 58%] [32mBuilding CXX object collision_detection/CMakeFiles/test_world.dir/test/test_world.cpp.o[0m
[49.869s] [ 58%] [32mBuilding CXX object collision_detection_fcl/CMakeFiles/moveit_collision_detection_fcl.dir/src/collision_common.cpp.o[0m
[49.869s] [ 58%] [32mBuilding CXX object collision_detection/CMakeFiles/test_all_valid.dir/test/test_all_valid.cpp.o[0m
[49.869s] [ 58%] [32mBuilding CXX object collision_detection_fcl/CMakeFiles/moveit_collision_detection_fcl.dir/src/collision_env_fcl.cpp.o[0m
[49.869s] [ 58%] [32mBuilding CXX object collision_detection/CMakeFiles/test_world_diff.dir/test/test_world_diff.cpp.o[0m
[49.869s] [ 58%] [32mBuilding CXX object collision_detection_bullet/CMakeFiles/moveit_collision_detection_bullet.dir/src/bullet_integration/bullet_discrete_bvh_manager.cpp.o[0m
[52.597s] [ 58%] [32mBuilding CXX object collision_detection_bullet/CMakeFiles/moveit_collision_detection_bullet.dir/src/collision_env_bullet.cpp.o[0m
[53.202s] [ 59%] [32mBuilding CXX object collision_detection_bullet/CMakeFiles/moveit_collision_detection_bullet.dir/src/bullet_integration/bullet_bvh_manager.cpp.o[0m
[53.239s] [ 60%] [32mBuilding CXX object collision_detection_bullet/CMakeFiles/moveit_collision_detection_bullet.dir/src/bullet_integration/contact_checker_common.cpp.o[0m
[53.782s] [ 60%] [32m[1mLinking CXX executable test_robot_trajectory[0m
[54.209s] [ 61%] [32m[1mLinking CXX shared library libmoveit_planning_interface.so[0m
[54.249s] [ 61%] [32mBuilding CXX object collision_detection_bullet/CMakeFiles/moveit_collision_detection_bullet.dir/src/bullet_integration/ros_bullet_utils.cpp.o[0m
[54.387s] [ 61%] Built target test_robot_trajectory
[54.508s] [ 61%] Built target moveit_planning_interface
[54.805s] [ 62%] [32m[1mLinking CXX shared library libmoveit_trajectory_processing.so[0m
[55.096s] [ 62%] Built target moveit_trajectory_processing
[55.133s] [ 62%] [32mBuilding CXX object trajectory_processing/CMakeFiles/test_time_parameterization.dir/test/test_time_parameterization.cpp.o[0m
[55.134s] [ 63%] [32mBuilding CXX object trajectory_processing/CMakeFiles/test_time_optimal_trajectory_generation.dir/test/test_time_optimal_trajectory_generation.cpp.o[0m
[55.135s] [ 64%] [32mBuilding CXX object trajectory_processing/CMakeFiles/test_ruckig_traj_smoothing.dir/test/test_ruckig_traj_smoothing.cpp.o[0m
[55.638s] [ 65%] [32m[1mLinking CXX shared library libmoveit_kinematics_metrics.so[0m
[55.909s] [ 65%] Built target moveit_kinematics_metrics
[57.330s] [ 66%] [32m[1mLinking CXX executable test_world_diff[0m
[57.630s] [ 66%] Built target test_world_diff
[58.903s] [ 66%] [32m[1mLinking CXX executable test_world[0m
[59.263s] [ 66%] Built target test_world
[59.420s] [ 67%] [32m[1mLinking CXX executable test_all_valid[0m
[59.780s] [ 67%] Built target test_all_valid
[61.255s] [ 68%] [32m[1mLinking CXX shared library libmoveit_collision_detection_fcl.so[0m
[61.463s] [ 68%] Built target moveit_collision_detection_fcl
[61.485s] [ 71%] [32mBuilding CXX object kinematic_constraints/CMakeFiles/moveit_kinematic_constraints.dir/src/kinematic_constraint.cpp.o[0m
[61.485s] [ 71%] [32mBuilding CXX object collision_detection_fcl/CMakeFiles/test_fcl_collision_env.dir/test/test_fcl_env.cpp.o[0m
[61.485s] [ 71%] [32mBuilding CXX object kinematic_constraints/CMakeFiles/moveit_kinematic_constraints.dir/src/utils.cpp.o[0m
[61.485s] [ 71%] [32mBuilding CXX object collision_detection_fcl/CMakeFiles/test_fcl_collision_detection.dir/test/test_fcl_collision_detection_pr2.cpp.o[0m
[61.486s] [ 72%] [32mBuilding CXX object collision_detection_fcl/CMakeFiles/test_fcl_collision_detection_panda.dir/test/test_fcl_collision_detection_panda.cpp.o[0m
[61.657s] [ 73%] [32m[1mLinking CXX shared library libmoveit_collision_detection_bullet.so[0m
[61.940s] [ 73%] Built target moveit_collision_detection_bullet
[61.968s] [ 76%] [32mBuilding CXX object collision_detection_bullet/CMakeFiles/test_bullet_continuous_collision_checking.dir/test/test_bullet_continuous_collision_checking.cpp.o[0m
[61.968s] [ 76%] [32mBuilding CXX object collision_detection_bullet/CMakeFiles/test_bullet_collision_detection.dir/test/test_bullet_collision_detection_pr2.cpp.o[0m
[61.969s] [ 76%] [32mBuilding CXX object collision_detection_bullet/CMakeFiles/test_bullet_collision_detection_panda.dir/test/test_bullet_collision_detection_panda.cpp.o[0m
[63.496s] [ 76%] [32m[1mLinking CXX executable test_ruckig_traj_smoothing[0m
[63.790s] [ 76%] Built target test_ruckig_traj_smoothing
[64.709s] [ 77%] [32m[1mLinking CXX executable test_time_parameterization[0m
[65.020s] [ 78%] [32m[1mLinking CXX executable test_time_optimal_trajectory_generation[0m
[65.133s] [ 78%] Built target test_time_parameterization
[65.302s] [ 78%] Built target test_time_optimal_trajectory_generation
[69.908s] [ 78%] [32m[1mLinking CXX executable test_bullet_collision_detection_panda[0m
[70.047s] [ 79%] [32m[1mLinking CXX executable test_fcl_collision_env[0m
[70.186s] [ 79%] Built target test_bullet_collision_detection_panda
[70.345s] [ 79%] Built target test_fcl_collision_env
[70.695s] [ 79%] [32m[1mLinking CXX executable test_fcl_collision_detection_panda[0m
[70.832s] [ 79%] [32m[1mLinking CXX executable test_fcl_collision_detection[0m
[70.992s] [ 79%] Built target test_fcl_collision_detection_panda
[71.128s] [ 79%] Built target test_fcl_collision_detection
[71.574s] [ 79%] [32m[1mLinking CXX executable test_bullet_collision_detection[0m
[71.835s] [ 79%] Built target test_bullet_collision_detection
[72.269s] [ 80%] [32m[1mLinking CXX executable test_bullet_continuous_collision_checking[0m
[72.511s] [ 80%] Built target test_bullet_continuous_collision_checking
[74.201s] [ 81%] [32m[1mLinking CXX shared library libmoveit_kinematic_constraints.so[0m
[74.351s] [ 81%] Built target moveit_kinematic_constraints
[74.371s] [ 82%] [32mBuilding CXX object kinematic_constraints/CMakeFiles/test_constraints.dir/test/test_constraints.cpp.o[0m
[74.371s] [ 82%] [32mBuilding CXX object kinematic_constraints/CMakeFiles/test_orientation_constraints.dir/test/test_orientation_constraints.cpp.o[0m
[74.371s] [ 82%] [32mBuilding CXX object planning_scene/CMakeFiles/moveit_planning_scene.dir/src/planning_scene.cpp.o[0m
[82.091s] [ 83%] [32m[1mLinking CXX executable test_orientation_constraints[0m
[82.336s] [ 83%] Built target test_orientation_constraints
[83.245s] [ 84%] [32m[1mLinking CXX executable test_constraints[0m
[83.476s] [ 84%] Built target test_constraints
[87.658s] [ 84%] [32m[1mLinking CXX shared library libmoveit_planning_scene.so[0m
[87.828s] [ 84%] Built target moveit_planning_scene
[87.849s] [ 84%] [32mBuilding CXX object constraint_samplers/CMakeFiles/moveit_constraint_samplers.dir/src/constraint_sampler_tools.cpp.o[0m
[87.849s] [ 84%] [32mBuilding CXX object constraint_samplers/CMakeFiles/moveit_constraint_samplers.dir/src/constraint_sampler.cpp.o[0m
[87.849s] [ 84%] [32mBuilding CXX object collision_detection_bullet/CMakeFiles/collision_detector_bullet_plugin.dir/src/collision_detector_bullet_plugin_loader.cpp.o[0m
[87.850s] [ 88%] [32mBuilding CXX object collision_distance_field/CMakeFiles/moveit_collision_distance_field.dir/src/collision_env_distance_field.cpp.o[0m
[87.850s] [ 88%] [32mBuilding CXX object constraint_samplers/CMakeFiles/moveit_constraint_samplers.dir/src/constraint_sampler_manager.cpp.o[0m
[87.850s] [ 88%] [32mBuilding CXX object planning_scene/CMakeFiles/test_multi_threaded.dir/test/test_multi_threaded.cpp.o[0m
[87.850s] [ 88%] [32mBuilding CXX object collision_distance_field/CMakeFiles/moveit_collision_distance_field.dir/src/collision_distance_field_types.cpp.o[0m
[87.850s] [ 88%] [32mBuilding CXX object constraint_samplers/CMakeFiles/moveit_constraint_samplers.dir/src/default_constraint_samplers.cpp.o[0m
[87.850s] [ 89%] [32mBuilding CXX object collision_detection_fcl/CMakeFiles/collision_detector_fcl_plugin.dir/src/collision_detector_fcl_plugin_loader.cpp.o[0m
[87.850s] [ 89%] [32mBuilding CXX object planning_request_adapter/CMakeFiles/moveit_planning_request_adapter.dir/src/planning_request_adapter.cpp.o[0m
[87.850s] [ 89%] [32mBuilding CXX object planning_scene/CMakeFiles/test_planning_scene.dir/test/test_planning_scene.cpp.o[0m
[87.850s] [ 89%] [32mBuilding CXX object collision_distance_field/CMakeFiles/moveit_collision_distance_field.dir/src/collision_common_distance_field.cpp.o[0m
[87.850s] [ 89%] [32mBuilding CXX object constraint_samplers/CMakeFiles/moveit_constraint_samplers.dir/src/union_constraint_sampler.cpp.o[0m
[87.851s] [ 89%] [32mBuilding CXX object collision_distance_field/CMakeFiles/moveit_collision_distance_field.dir/src/collision_env_hybrid.cpp.o[0m
[87.851s] [ 90%] [32mBuilding CXX object planning_scene/CMakeFiles/test_collision_objects.dir/test/test_collision_objects.cpp.o[0m
[97.346s] [ 91%] [32m[1mLinking CXX shared library libmoveit_planning_request_adapter.so[0m
[97.427s] [ 92%] [32m[1mLinking CXX shared library libcollision_detector_bullet_plugin.so[0m
[97.590s] [ 92%] Built target moveit_planning_request_adapter
[97.595s] [ 92%] Built target collision_detector_bullet_plugin
[98.735s] [ 93%] [32m[1mLinking CXX shared library libcollision_detector_fcl_plugin.so[0m
[98.874s] [ 93%] Built target collision_detector_fcl_plugin
[98.937s] [ 94%] [32m[1mLinking CXX executable test_multi_threaded[0m
[99.199s] [ 94%] Built target test_multi_threaded
[100.715s] [ 95%] [32m[1mLinking CXX shared library libmoveit_constraint_samplers.so[0m
[100.880s] [ 95%] Built target moveit_constraint_samplers
[100.911s] [ 97%] [32mBuilding CXX object constraint_samplers/CMakeFiles/test_constraint_samplers.dir/test/pr2_arm_kinematics_plugin.cpp.o[0m
[100.911s] [ 97%] [32mBuilding CXX object constraint_samplers/CMakeFiles/test_constraint_samplers.dir/test/pr2_arm_ik.cpp.o[0m
[100.912s] [ 97%] [32mBuilding CXX object constraint_samplers/CMakeFiles/test_constraint_samplers.dir/test/test_constraint_samplers.cpp.o[0m
[101.159s] [ 97%] [32m[1mLinking CXX executable test_collision_objects[0m
[101.414s] [ 97%] Built target test_collision_objects
[103.582s] [ 98%] [32m[1mLinking CXX shared library libmoveit_collision_distance_field.so[0m
[103.774s] [ 98%] Built target moveit_collision_distance_field
[103.798s] [ 99%] [32mBuilding CXX object collision_distance_field/CMakeFiles/test_collision_distance_field.dir/test/test_collision_distance_field.cpp.o[0m
[103.842s] [ 99%] [32m[1mLinking CXX executable test_planning_scene[0m
[104.116s] [ 99%] Built target test_planning_scene
[111.925s] [100%] [32m[1mLinking CXX executable test_constraint_samplers[0m
[112.209s] [100%] Built target test_constraint_samplers
[112.314s] [100%] [32m[1mLinking CXX executable test_collision_distance_field[0m
[112.543s] [100%] Built target test_collision_distance_field
[112.642s] Invoked command in '/home/alex/ws_moveit2/build/moveit_core' returned '0': AMENT_PREFIX_PATH=/home/alex/ws_moveit2/install/moveit_resources_panda_moveit_config:/home/alex/ws_moveit2/install/srdfdom:/home/alex/ws_moveit2/install/moveit_resources_pr2_description:/home/alex/ws_moveit2/install/moveit_resources_panda_description:/home/alex/ws_moveit2/install/moveit_common:${AMENT_PREFIX_PATH} CMAKE_PREFIX_PATH=/home/alex/ws_moveit2/install/moveit_resources_panda_moveit_config:/home/alex/ws_moveit2/install/srdfdom:/home/alex/ws_moveit2/install/moveit_resources_pr2_description:/home/alex/ws_moveit2/install/moveit_resources_panda_description:/home/alex/ws_moveit2/install/moveit_common:/opt/ros/humble LD_LIBRARY_PATH=/home/alex/ws_moveit2/install/srdfdom/lib:${LD_LIBRARY_PATH} PYTHONPATH=/home/alex/ws_moveit2/install/srdfdom/local/lib/python3.10/dist-packages:${PYTHONPATH} /usr/bin/cmake --build /home/alex/ws_moveit2/build/moveit_core -- -j16 -l16
[112.753s] Invoking command in '/home/alex/ws_moveit2/build/moveit_core': AMENT_PREFIX_PATH=/home/alex/ws_moveit2/install/moveit_resources_panda_moveit_config:/home/alex/ws_moveit2/install/srdfdom:/home/alex/ws_moveit2/install/moveit_resources_pr2_description:/home/alex/ws_moveit2/install/moveit_resources_panda_description:/home/alex/ws_moveit2/install/moveit_common:${AMENT_PREFIX_PATH} CMAKE_PREFIX_PATH=/home/alex/ws_moveit2/install/moveit_resources_panda_moveit_config:/home/alex/ws_moveit2/install/srdfdom:/home/alex/ws_moveit2/install/moveit_resources_pr2_description:/home/alex/ws_moveit2/install/moveit_resources_panda_description:/home/alex/ws_moveit2/install/moveit_common:/opt/ros/humble LD_LIBRARY_PATH=/home/alex/ws_moveit2/install/srdfdom/lib:${LD_LIBRARY_PATH} PYTHONPATH=/home/alex/ws_moveit2/install/srdfdom/local/lib/python3.10/dist-packages:${PYTHONPATH} /usr/bin/cmake --install /home/alex/ws_moveit2/build/moveit_core
[112.759s] -- Install configuration: "Release"
[112.759s] -- Installing: /home/alex/ws_moveit2/install/moveit_core/include/moveit/version.h
[112.760s] -- Up-to-date: /home/alex/ws_moveit2/install/moveit_core/include
[112.760s] -- Up-to-date: /home/alex/ws_moveit2/install/moveit_core/include/moveit
[112.760s] -- Installing: /home/alex/ws_moveit2/install/moveit_core/include/moveit/collision_distance_field
[112.760s] -- Installing: /home/alex/ws_moveit2/install/moveit_core/include/moveit/collision_distance_field/collision_detector_allocator_distance_field.h
[112.760s] -- Installing: /home/alex/ws_moveit2/install/moveit_core/include/moveit/collision_distance_field/collision_distance_field_types.h
[112.761s] -- Installing: /home/alex/ws_moveit2/install/moveit_core/include/moveit/collision_distance_field/collision_env_hybrid.h
[112.761s] -- Installing: /home/alex/ws_moveit2/install/moveit_core/include/moveit/collision_distance_field/collision_detector_allocator_hybrid.h
[112.761s] -- Installing: /home/alex/ws_moveit2/install/moveit_core/include/moveit/collision_distance_field/collision_common_distance_field.h
[112.761s] -- Installing: /home/alex/ws_moveit2/install/moveit_core/include/moveit/collision_distance_field/collision_env_distance_field.h
[112.761s] -- Installing: /home/alex/ws_moveit2/install/moveit_core/include/moveit_collision_distance_field_export.h
[112.761s] -- Up-to-date: /home/alex/ws_moveit2/install/moveit_core/include
[112.761s] -- Up-to-date: /home/alex/ws_moveit2/install/moveit_core/include/moveit
[112.762s] -- Installing: /home/alex/ws_moveit2/install/moveit_core/include/moveit/constraint_samplers
[112.762s] -- Installing: /home/alex/ws_moveit2/install/moveit_core/include/moveit/constraint_samplers/union_constraint_sampler.h
[112.762s] -- Installing: /home/alex/ws_moveit2/install/moveit_core/include/moveit/constraint_samplers/constraint_sampler_manager.h
[112.762s] -- Installing: /home/alex/ws_moveit2/install/moveit_core/include/moveit/constraint_samplers/constraint_sampler_allocator.h
[112.762s] -- Installing: /home/alex/ws_moveit2/install/moveit_core/include/moveit/constraint_samplers/constraint_sampler_tools.h
[112.762s] -- Installing: /home/alex/ws_moveit2/install/moveit_core/include/moveit/constraint_samplers/constraint_sampler.h
[112.762s] -- Installing: /home/alex/ws_moveit2/install/moveit_core/include/moveit/constraint_samplers/default_constraint_samplers.h
[112.763s] -- Up-to-date: /home/alex/ws_moveit2/install/moveit_core/include
[112.763s] -- Up-to-date: /home/alex/ws_moveit2/install/moveit_core/include/moveit
[112.763s] -- Installing: /home/alex/ws_moveit2/install/moveit_core/include/moveit/controller_manager
[112.763s] -- Installing: /home/alex/ws_moveit2/install/moveit_core/include/moveit/controller_manager/controller_manager.h
[112.763s] -- Up-to-date: /home/alex/ws_moveit2/install/moveit_core/include
[112.763s] -- Up-to-date: /home/alex/ws_moveit2/install/moveit_core/include/moveit
[112.763s] -- Installing: /home/alex/ws_moveit2/install/moveit_core/include/moveit/distance_field
[112.763s] -- Installing: /home/alex/ws_moveit2/install/moveit_core/include/moveit/distance_field/find_internal_points.h
[112.763s] -- Installing: /home/alex/ws_moveit2/install/moveit_core/include/moveit/distance_field/voxel_grid.h
[112.764s] -- Installing: /home/alex/ws_moveit2/install/moveit_core/include/moveit/distance_field/propagation_distance_field.h
[112.764s] -- Installing: /home/alex/ws_moveit2/install/moveit_core/include/moveit/distance_field/distance_field.h
[112.764s] -- Up-to-date: /home/alex/ws_moveit2/install/moveit_core/include
[112.764s] -- Up-to-date: /home/alex/ws_moveit2/install/moveit_core/include/moveit
[112.764s] -- Installing: /home/alex/ws_moveit2/install/moveit_core/include/moveit/dynamics_solver
[112.764s] -- Installing: /home/alex/ws_moveit2/install/moveit_core/include/moveit/dynamics_solver/dynamics_solver.h
[112.765s] -- Up-to-date: /home/alex/ws_moveit2/install/moveit_core/include
[112.765s] -- Up-to-date: /home/alex/ws_moveit2/install/moveit_core/include/moveit
[112.765s] -- Installing: /home/alex/ws_moveit2/install/moveit_core/include/moveit/exceptions
[112.765s] -- Installing: /home/alex/ws_moveit2/install/moveit_core/include/moveit/exceptions/exceptions.h
[112.765s] -- Up-to-date: /home/alex/ws_moveit2/install/moveit_core/include
[112.765s] -- Up-to-date: /home/alex/ws_moveit2/install/moveit_core/include/moveit
[112.765s] -- Installing: /home/alex/ws_moveit2/install/moveit_core/include/moveit/kinematics_base
[112.765s] -- Installing: /home/alex/ws_moveit2/install/moveit_core/include/moveit/kinematics_base/kinematics_base.h
[112.765s] -- Installing: /home/alex/ws_moveit2/install/moveit_core/include/moveit_kinematics_base_export.h
[112.766s] -- Up-to-date: /home/alex/ws_moveit2/install/moveit_core/include
[112.766s] -- Up-to-date: /home/alex/ws_moveit2/install/moveit_core/include/moveit
[112.766s] -- Installing: /home/alex/ws_moveit2/install/moveit_core/include/moveit/kinematic_constraints
[112.766s] -- Installing: /home/alex/ws_moveit2/install/moveit_core/include/moveit/kinematic_constraints/kinematic_constraint.h
[112.766s] -- Installing: /home/alex/ws_moveit2/install/moveit_core/include/moveit/kinematic_constraints/utils.h
[112.766s] -- Up-to-date: /home/alex/ws_moveit2/install/moveit_core/include
[112.766s] -- Up-to-date: /home/alex/ws_moveit2/install/moveit_core/include/moveit
[112.766s] -- Installing: /home/alex/ws_moveit2/install/moveit_core/include/moveit/kinematics_metrics
[112.766s] -- Installing: /home/alex/ws_moveit2/install/moveit_core/include/moveit/kinematics_metrics/kinematics_metrics.h
[112.767s] -- Up-to-date: /home/alex/ws_moveit2/install/moveit_core/include
[112.767s] -- Up-to-date: /home/alex/ws_moveit2/install/moveit_core/include/moveit
[112.767s] -- Installing: /home/alex/ws_moveit2/install/moveit_core/include/moveit/macros
[112.767s] -- Installing: /home/alex/ws_moveit2/install/moveit_core/include/moveit/macros/class_forward.h
[112.767s] -- Installing: /home/alex/ws_moveit2/install/moveit_core/include/moveit/macros/deprecation.h
[112.767s] -- Installing: /home/alex/ws_moveit2/install/moveit_core/include/moveit/macros/declare_ptr.h
[112.767s] -- Installing: /home/alex/ws_moveit2/install/moveit_core/include/moveit/macros/console_colors.h
[112.767s] -- Installing: /home/alex/ws_moveit2/install/moveit_core/include/moveit_butterworth_parameters
[112.768s] -- Installing: /home/alex/ws_moveit2/install/moveit_core/include/moveit_butterworth_parameters/moveit_butterworth_parameters.hpp
[112.768s] -- Up-to-date: /home/alex/ws_moveit2/install/moveit_core/include
[112.768s] -- Up-to-date: /home/alex/ws_moveit2/install/moveit_core/include/moveit
[112.768s] -- Installing: /home/alex/ws_moveit2/install/moveit_core/include/moveit/online_signal_smoothing
[112.768s] -- Installing: /home/alex/ws_moveit2/install/moveit_core/include/moveit/online_signal_smoothing/butterworth_filter.h
[112.768s] -- Installing: /home/alex/ws_moveit2/install/moveit_core/include/moveit/online_signal_smoothing/smoothing_base_class.h
[112.768s] -- Installing: /home/alex/ws_moveit2/install/moveit_core/include/moveit_smoothing_base_export.h
[112.768s] -- Installing: /home/alex/ws_moveit2/install/moveit_core/include/moveit_butterworth_filter_export.h
[112.768s] -- Up-to-date: /home/alex/ws_moveit2/install/moveit_core/include
[112.768s] -- Up-to-date: /home/alex/ws_moveit2/install/moveit_core/include/moveit
[112.769s] -- Installing: /home/alex/ws_moveit2/install/moveit_core/include/moveit/planning_interface
[112.769s] -- Installing: /home/alex/ws_moveit2/install/moveit_core/include/moveit/planning_interface/planning_request.h
[112.769s] -- Installing: /home/alex/ws_moveit2/install/moveit_core/include/moveit/planning_interface/planning_response.h
[112.769s] -- Installing: /home/alex/ws_moveit2/install/moveit_core/include/moveit/planning_interface/planning_interface.h
[112.769s] -- Up-to-date: /home/alex/ws_moveit2/install/moveit_core/include
[112.769s] -- Up-to-date: /home/alex/ws_moveit2/install/moveit_core/include/moveit
[112.769s] -- Installing: /home/alex/ws_moveit2/install/moveit_core/include/moveit/planning_request_adapter
[112.769s] -- Installing: /home/alex/ws_moveit2/install/moveit_core/include/moveit/planning_request_adapter/planning_request_adapter.h
[112.769s] -- Up-to-date: /home/alex/ws_moveit2/install/moveit_core/include
[112.769s] -- Up-to-date: /home/alex/ws_moveit2/install/moveit_core/include/moveit
[112.769s] -- Installing: /home/alex/ws_moveit2/install/moveit_core/include/moveit/planning_scene
[112.769s] -- Installing: /home/alex/ws_moveit2/install/moveit_core/include/moveit/planning_scene/planning_scene.h
[112.770s] -- Installing: /home/alex/ws_moveit2/install/moveit_core/include/moveit_planning_scene_export.h
[112.770s] -- Up-to-date: /home/alex/ws_moveit2/install/moveit_core/include
[112.770s] -- Up-to-date: /home/alex/ws_moveit2/install/moveit_core/include/moveit
[112.770s] -- Installing: /home/alex/ws_moveit2/install/moveit_core/include/moveit/robot_model
[112.770s] -- Installing: /home/alex/ws_moveit2/install/moveit_core/include/moveit/robot_model/prismatic_joint_model.h
[112.770s] -- Installing: /home/alex/ws_moveit2/install/moveit_core/include/moveit/robot_model/link_model.h
[112.770s] -- Installing: /home/alex/ws_moveit2/install/moveit_core/include/moveit/robot_model/joint_model.h
[112.770s] -- Installing: /home/alex/ws_moveit2/install/moveit_core/include/moveit/robot_model/robot_model.h
[112.770s] -- Installing: /home/alex/ws_moveit2/install/moveit_core/include/moveit/robot_model/floating_joint_model.h
[112.770s] -- Installing: /home/alex/ws_moveit2/install/moveit_core/include/moveit/robot_model/aabb.h
[112.771s] -- Installing: /home/alex/ws_moveit2/install/moveit_core/include/moveit/robot_model/revolute_joint_model.h
[112.771s] -- Installing: /home/alex/ws_moveit2/install/moveit_core/include/moveit/robot_model/joint_model_group.h
[112.771s] -- Installing: /home/alex/ws_moveit2/install/moveit_core/include/moveit/robot_model/fixed_joint_model.h
[112.771s] -- Installing: /home/alex/ws_moveit2/install/moveit_core/include/moveit/robot_model/planar_joint_model.h
[112.771s] -- Up-to-date: /home/alex/ws_moveit2/install/moveit_core/include
[112.771s] -- Up-to-date: /home/alex/ws_moveit2/install/moveit_core/include/moveit
[112.771s] -- Installing: /home/alex/ws_moveit2/install/moveit_core/include/moveit/robot_state
[112.771s] -- Installing: /home/alex/ws_moveit2/install/moveit_core/include/moveit/robot_state/robot_state.h
[112.771s] -- Installing: /home/alex/ws_moveit2/install/moveit_core/include/moveit/robot_state/conversions.h
[112.772s] -- Installing: /home/alex/ws_moveit2/install/moveit_core/include/moveit/robot_state/cartesian_interpolator.h
[112.772s] -- Installing: /home/alex/ws_moveit2/install/moveit_core/include/moveit/robot_state/attached_body.h
[112.772s] -- Up-to-date: /home/alex/ws_moveit2/install/moveit_core/include
[112.772s] -- Up-to-date: /home/alex/ws_moveit2/install/moveit_core/include/moveit
[112.772s] -- Installing: /home/alex/ws_moveit2/install/moveit_core/include/moveit/robot_trajectory
[112.772s] -- Installing: /home/alex/ws_moveit2/install/moveit_core/include/moveit/robot_trajectory/robot_trajectory.h
[112.772s] -- Up-to-date: /home/alex/ws_moveit2/install/moveit_core/include
[112.772s] -- Up-to-date: /home/alex/ws_moveit2/install/moveit_core/include/moveit
[112.772s] -- Installing: /home/alex/ws_moveit2/install/moveit_core/include/moveit/sensor_manager
[112.772s] -- Installing: /home/alex/ws_moveit2/install/moveit_core/include/moveit/sensor_manager/sensor_manager.h
[112.773s] -- Up-to-date: /home/alex/ws_moveit2/install/moveit_core/include
[112.773s] -- Up-to-date: /home/alex/ws_moveit2/install/moveit_core/include/moveit
[112.773s] -- Installing: /home/alex/ws_moveit2/install/moveit_core/include/moveit/trajectory_processing
[112.773s] -- Installing: /home/alex/ws_moveit2/install/moveit_core/include/moveit/trajectory_processing/time_optimal_trajectory_generation.h
[112.773s] -- Installing: /home/alex/ws_moveit2/install/moveit_core/include/moveit/trajectory_processing/iterative_time_parameterization.h
[112.773s] -- Installing: /home/alex/ws_moveit2/install/moveit_core/include/moveit/trajectory_processing/ruckig_traj_smoothing.h
[112.773s] -- Installing: /home/alex/ws_moveit2/install/moveit_core/include/moveit/trajectory_processing/trajectory_tools.h
[112.773s] -- Installing: /home/alex/ws_moveit2/install/moveit_core/include/moveit/trajectory_processing/iterative_spline_parameterization.h
[112.773s] -- Installing: /home/alex/ws_moveit2/install/moveit_core/include/moveit/trajectory_processing/time_parameterization.h
[112.774s] -- Up-to-date: /home/alex/ws_moveit2/install/moveit_core/include
[112.774s] -- Up-to-date: /home/alex/ws_moveit2/install/moveit_core/include/moveit
[112.774s] -- Installing: /home/alex/ws_moveit2/install/moveit_core/include/moveit/transforms
[112.774s] -- Installing: /home/alex/ws_moveit2/install/moveit_core/include/moveit/transforms/transforms.h
[112.774s] -- Up-to-date: /home/alex/ws_moveit2/install/moveit_core/include
[112.774s] -- Up-to-date: /home/alex/ws_moveit2/install/moveit_core/include/moveit
[112.774s] -- Installing: /home/alex/ws_moveit2/install/moveit_core/include/moveit/utils
[112.774s] -- Installing: /home/alex/ws_moveit2/install/moveit_core/include/moveit/utils/message_checks.h
[112.774s] -- Installing: /home/alex/ws_moveit2/install/moveit_core/include/moveit/utils/moveit_error_code.h
[112.774s] -- Installing: /home/alex/ws_moveit2/install/moveit_core/include/moveit/utils/rclcpp_utils.h
[112.775s] -- Installing: /home/alex/ws_moveit2/install/moveit_core/include/moveit/utils/robot_model_test_utils.h
[112.775s] -- Installing: /home/alex/ws_moveit2/install/moveit_core/include/moveit/utils/lexical_casts.h
[112.775s] -- Installing: /home/alex/ws_moveit2/install/moveit_core/bin/moveit_version
[112.775s] -- Up-to-date: /home/alex/ws_moveit2/install/moveit_core/include
[112.775s] -- Up-to-date: /home/alex/ws_moveit2/install/moveit_core/include/moveit
[112.776s] -- Installing: /home/alex/ws_moveit2/install/moveit_core/include/moveit/collision_detection
[112.776s] -- Installing: /home/alex/ws_moveit2/install/moveit_core/include/moveit/collision_detection/collision_plugin_cache.h
[112.776s] -- Installing: /home/alex/ws_moveit2/install/moveit_core/include/moveit/collision_detection/collision_common.h
[112.776s] -- Installing: /home/alex/ws_moveit2/install/moveit_core/include/moveit/collision_detection/world_diff.h
[112.776s] -- Installing: /home/alex/ws_moveit2/install/moveit_core/include/moveit/collision_detection/occupancy_map.h
[112.776s] -- Installing: /home/alex/ws_moveit2/install/moveit_core/include/moveit/collision_detection/allvalid
[112.776s] -- Installing: /home/alex/ws_moveit2/install/moveit_core/include/moveit/collision_detection/allvalid/collision_env_allvalid.h
[112.776s] -- Installing: /home/alex/ws_moveit2/install/moveit_core/include/moveit/collision_detection/allvalid/collision_detector_allocator_allvalid.h
[112.776s] -- Installing: /home/alex/ws_moveit2/install/moveit_core/include/moveit/collision_detection/collision_octomap_filter.h
[112.776s] -- Installing: /home/alex/ws_moveit2/install/moveit_core/include/moveit/collision_detection/collision_matrix.h
[112.777s] -- Installing: /home/alex/ws_moveit2/install/moveit_core/include/moveit/collision_detection/test_collision_common_panda.h
[112.777s] -- Installing: /home/alex/ws_moveit2/install/moveit_core/include/moveit/collision_detection/world.h
[112.777s] -- Installing: /home/alex/ws_moveit2/install/moveit_core/include/moveit/collision_detection/test_collision_common_pr2.h
[112.777s] -- Installing: /home/alex/ws_moveit2/install/moveit_core/include/moveit/collision_detection/collision_env.h
[112.777s] -- Installing: /home/alex/ws_moveit2/install/moveit_core/include/moveit/collision_detection/collision_plugin.h
[112.777s] -- Installing: /home/alex/ws_moveit2/install/moveit_core/include/moveit/collision_detection/collision_detector_allocator.h
[112.777s] -- Installing: /home/alex/ws_moveit2/install/moveit_core/include/moveit/collision_detection/collision_tools.h
[112.777s] -- Installing: /home/alex/ws_moveit2/install/moveit_core/include/moveit_collision_detection_export.h
[112.778s] -- Up-to-date: /home/alex/ws_moveit2/install/moveit_core/include
[112.778s] -- Up-to-date: /home/alex/ws_moveit2/install/moveit_core/include/moveit
[112.778s] -- Installing: /home/alex/ws_moveit2/install/moveit_core/include/moveit/collision_detection_bullet
[112.778s] -- Installing: /home/alex/ws_moveit2/install/moveit_core/include/moveit/collision_detection_bullet/collision_detector_allocator_bullet.h
[112.778s] -- Installing: /home/alex/ws_moveit2/install/moveit_core/include/moveit/collision_detection_bullet/bullet_integration
[112.778s] -- Installing: /home/alex/ws_moveit2/install/moveit_core/include/moveit/collision_detection_bullet/bullet_integration/bullet_utils.h
[112.778s] -- Installing: /home/alex/ws_moveit2/install/moveit_core/include/moveit/collision_detection_bullet/bullet_integration/bullet_cast_bvh_manager.h
[112.778s] -- Installing: /home/alex/ws_moveit2/install/moveit_core/include/moveit/collision_detection_bullet/bullet_integration/basic_types.h
[112.778s] -- Installing: /home/alex/ws_moveit2/install/moveit_core/include/moveit/collision_detection_bullet/bullet_integration/bullet_bvh_manager.h
[112.778s] -- Installing: /home/alex/ws_moveit2/install/moveit_core/include/moveit/collision_detection_bullet/bullet_integration/bullet_discrete_bvh_manager.h
[112.778s] -- Installing: /home/alex/ws_moveit2/install/moveit_core/include/moveit/collision_detection_bullet/bullet_integration/ros_bullet_utils.h
[112.779s] -- Installing: /home/alex/ws_moveit2/install/moveit_core/include/moveit/collision_detection_bullet/bullet_integration/contact_checker_common.h
[112.779s] -- Installing: /home/alex/ws_moveit2/install/moveit_core/include/moveit/collision_detection_bullet/collision_detector_bullet_plugin_loader.h
[112.779s] -- Installing: /home/alex/ws_moveit2/install/moveit_core/include/moveit/collision_detection_bullet/collision_env_bullet.h
[112.779s] -- Installing: /home/alex/ws_moveit2/install/moveit_core/include/moveit_collision_detection_bullet_export.h
[112.779s] -- Up-to-date: /home/alex/ws_moveit2/install/moveit_core/include
[112.779s] -- Up-to-date: /home/alex/ws_moveit2/install/moveit_core/include/moveit
[112.779s] -- Installing: /home/alex/ws_moveit2/install/moveit_core/include/moveit/collision_detection_fcl
[112.779s] -- Installing: /home/alex/ws_moveit2/install/moveit_core/include/moveit/collision_detection_fcl/collision_detector_fcl_plugin_loader.h
[112.779s] -- Installing: /home/alex/ws_moveit2/install/moveit_core/include/moveit/collision_detection_fcl/collision_common.h
[112.779s] -- Installing: /home/alex/ws_moveit2/install/moveit_core/include/moveit/collision_detection_fcl/collision_env_fcl.h
[112.780s] -- Installing: /home/alex/ws_moveit2/install/moveit_core/include/moveit/collision_detection_fcl/fcl_compat.h
[112.780s] -- Installing: /home/alex/ws_moveit2/install/moveit_core/include/moveit/collision_detection_fcl/collision_detector_allocator_fcl.h
[112.780s] -- Installing: /home/alex/ws_moveit2/install/moveit_core/include/moveit_collision_detection_fcl_export.h
[112.780s] -- Installing: /home/alex/ws_moveit2/install/moveit_core/lib/libcollision_detector_bullet_plugin.so.2.5.5
[112.780s] -- Set runtime path of "/home/alex/ws_moveit2/install/moveit_core/lib/libcollision_detector_bullet_plugin.so.2.5.5" to ""
[112.780s] -- Installing: /home/alex/ws_moveit2/install/moveit_core/lib/libcollision_detector_bullet_plugin.so
[112.780s] -- Installing: /home/alex/ws_moveit2/install/moveit_core/lib/libmoveit_butterworth_filter.so.2.5.5
[112.781s] -- Set runtime path of "/home/alex/ws_moveit2/install/moveit_core/lib/libmoveit_butterworth_filter.so.2.5.5" to ""
[112.781s] -- Installing: /home/alex/ws_moveit2/install/moveit_core/lib/libmoveit_butterworth_filter.so
[112.781s] -- Installing: /home/alex/ws_moveit2/install/moveit_core/lib/libmoveit_collision_distance_field.so.2.5.5
[112.782s] -- Set runtime path of "/home/alex/ws_moveit2/install/moveit_core/lib/libmoveit_collision_distance_field.so.2.5.5" to ""
[112.782s] -- Installing: /home/alex/ws_moveit2/install/moveit_core/lib/libmoveit_collision_distance_field.so
[112.782s] -- Installing: /home/alex/ws_moveit2/install/moveit_core/lib/libmoveit_collision_detection.so.2.5.5
[112.783s] -- Set runtime path of "/home/alex/ws_moveit2/install/moveit_core/lib/libmoveit_collision_detection.so.2.5.5" to ""
[112.783s] -- Installing: /home/alex/ws_moveit2/install/moveit_core/lib/libmoveit_collision_detection.so
[112.783s] -- Installing: /home/alex/ws_moveit2/install/moveit_core/lib/libmoveit_collision_detection_fcl.so.2.5.5
[112.784s] -- Set runtime path of "/home/alex/ws_moveit2/install/moveit_core/lib/libmoveit_collision_detection_fcl.so.2.5.5" to ""
[112.784s] -- Installing: /home/alex/ws_moveit2/install/moveit_core/lib/libmoveit_collision_detection_fcl.so
[112.784s] -- Installing: /home/alex/ws_moveit2/install/moveit_core/lib/libmoveit_collision_detection_bullet.so.2.5.5
[112.784s] -- Set runtime path of "/home/alex/ws_moveit2/install/moveit_core/lib/libmoveit_collision_detection_bullet.so.2.5.5" to ""
[112.785s] -- Installing: /home/alex/ws_moveit2/install/moveit_core/lib/libmoveit_collision_detection_bullet.so
[112.785s] -- Installing: /home/alex/ws_moveit2/install/moveit_core/lib/libmoveit_dynamics_solver.so.2.5.5
[112.785s] -- Set runtime path of "/home/alex/ws_moveit2/install/moveit_core/lib/libmoveit_dynamics_solver.so.2.5.5" to ""
[112.785s] -- Installing: /home/alex/ws_moveit2/install/moveit_core/lib/libmoveit_dynamics_solver.so
[112.785s] -- Installing: /home/alex/ws_moveit2/install/moveit_core/lib/libmoveit_constraint_samplers.so.2.5.5
[112.786s] -- Set runtime path of "/home/alex/ws_moveit2/install/moveit_core/lib/libmoveit_constraint_samplers.so.2.5.5" to ""
[112.786s] -- Installing: /home/alex/ws_moveit2/install/moveit_core/lib/libmoveit_constraint_samplers.so
[112.786s] -- Installing: /home/alex/ws_moveit2/install/moveit_core/lib/libmoveit_distance_field.so.2.5.5
[112.787s] -- Set runtime path of "/home/alex/ws_moveit2/install/moveit_core/lib/libmoveit_distance_field.so.2.5.5" to ""
[112.787s] -- Installing: /home/alex/ws_moveit2/install/moveit_core/lib/libmoveit_distance_field.so
[112.787s] -- Installing: /home/alex/ws_moveit2/install/moveit_core/lib/libmoveit_exceptions.so.2.5.5
[112.787s] -- Set runtime path of "/home/alex/ws_moveit2/install/moveit_core/lib/libmoveit_exceptions.so.2.5.5" to ""
[112.787s] -- Installing: /home/alex/ws_moveit2/install/moveit_core/lib/libmoveit_exceptions.so
[112.787s] -- Installing: /home/alex/ws_moveit2/install/moveit_core/lib/libmoveit_kinematics_base.so
[112.788s] -- Set runtime path of "/home/alex/ws_moveit2/install/moveit_core/lib/libmoveit_kinematics_base.so" to ""
[112.788s] -- Installing: /home/alex/ws_moveit2/install/moveit_core/lib/libmoveit_kinematic_constraints.so.2.5.5
[112.788s] -- Set runtime path of "/home/alex/ws_moveit2/install/moveit_core/lib/libmoveit_kinematic_constraints.so.2.5.5" to ""
[112.789s] -- Installing: /home/alex/ws_moveit2/install/moveit_core/lib/libmoveit_kinematic_constraints.so
[112.789s] -- Installing: /home/alex/ws_moveit2/install/moveit_core/lib/libmoveit_kinematics_metrics.so.2.5.5
[112.789s] -- Set runtime path of "/home/alex/ws_moveit2/install/moveit_core/lib/libmoveit_kinematics_metrics.so.2.5.5" to ""
[112.789s] -- Installing: /home/alex/ws_moveit2/install/moveit_core/lib/libmoveit_kinematics_metrics.so
[112.789s] -- Installing: /home/alex/ws_moveit2/install/moveit_core/lib/libmoveit_planning_interface.so.2.5.5
[112.790s] -- Set runtime path of "/home/alex/ws_moveit2/install/moveit_core/lib/libmoveit_planning_interface.so.2.5.5" to ""
[112.790s] -- Installing: /home/alex/ws_moveit2/install/moveit_core/lib/libmoveit_planning_interface.so
[112.790s] -- Installing: /home/alex/ws_moveit2/install/moveit_core/lib/libmoveit_planning_scene.so.2.5.5
[112.791s] -- Set runtime path of "/home/alex/ws_moveit2/install/moveit_core/lib/libmoveit_planning_scene.so.2.5.5" to ""
[112.791s] -- Installing: /home/alex/ws_moveit2/install/moveit_core/lib/libmoveit_planning_scene.so
[112.791s] -- Installing: /home/alex/ws_moveit2/install/moveit_core/lib/libmoveit_planning_request_adapter.so.2.5.5
[112.791s] -- Set runtime path of "/home/alex/ws_moveit2/install/moveit_core/lib/libmoveit_planning_request_adapter.so.2.5.5" to ""
[112.791s] -- Installing: /home/alex/ws_moveit2/install/moveit_core/lib/libmoveit_planning_request_adapter.so
[112.791s] -- Installing: /home/alex/ws_moveit2/install/moveit_core/lib/libmoveit_robot_model.so.2.5.5
[112.792s] -- Set runtime path of "/home/alex/ws_moveit2/install/moveit_core/lib/libmoveit_robot_model.so.2.5.5" to ""
[112.792s] -- Installing: /home/alex/ws_moveit2/install/moveit_core/lib/libmoveit_robot_model.so
[112.792s] -- Installing: /home/alex/ws_moveit2/install/moveit_core/lib/libmoveit_robot_state.so.2.5.5
[112.793s] -- Set runtime path of "/home/alex/ws_moveit2/install/moveit_core/lib/libmoveit_robot_state.so.2.5.5" to ""
[112.793s] -- Installing: /home/alex/ws_moveit2/install/moveit_core/lib/libmoveit_robot_state.so
[112.793s] -- Installing: /home/alex/ws_moveit2/install/moveit_core/lib/libmoveit_robot_trajectory.so.2.5.5
[112.794s] -- Set runtime path of "/home/alex/ws_moveit2/install/moveit_core/lib/libmoveit_robot_trajectory.so.2.5.5" to ""
[112.794s] -- Installing: /home/alex/ws_moveit2/install/moveit_core/lib/libmoveit_robot_trajectory.so
[112.794s] -- Installing: /home/alex/ws_moveit2/install/moveit_core/lib/libmoveit_smoothing_base.so.2.5.5
[112.794s] -- Set runtime path of "/home/alex/ws_moveit2/install/moveit_core/lib/libmoveit_smoothing_base.so.2.5.5" to ""
[112.794s] -- Installing: /home/alex/ws_moveit2/install/moveit_core/lib/libmoveit_smoothing_base.so
[112.794s] -- Installing: /home/alex/ws_moveit2/install/moveit_core/lib/libmoveit_test_utils.so.2.5.5
[112.795s] -- Set runtime path of "/home/alex/ws_moveit2/install/moveit_core/lib/libmoveit_test_utils.so.2.5.5" to ""
[112.795s] -- Installing: /home/alex/ws_moveit2/install/moveit_core/lib/libmoveit_test_utils.so
[112.795s] -- Installing: /home/alex/ws_moveit2/install/moveit_core/lib/libmoveit_trajectory_processing.so.2.5.5
[112.795s] -- Set runtime path of "/home/alex/ws_moveit2/install/moveit_core/lib/libmoveit_trajectory_processing.so.2.5.5" to ""
[112.795s] -- Installing: /home/alex/ws_moveit2/install/moveit_core/lib/libmoveit_trajectory_processing.so
[112.796s] -- Installing: /home/alex/ws_moveit2/install/moveit_core/lib/libmoveit_transforms.so.2.5.5
[112.796s] -- Set runtime path of "/home/alex/ws_moveit2/install/moveit_core/lib/libmoveit_transforms.so.2.5.5" to ""
[112.796s] -- Installing: /home/alex/ws_moveit2/install/moveit_core/lib/libmoveit_transforms.so
[112.796s] -- Installing: /home/alex/ws_moveit2/install/moveit_core/lib/libmoveit_utils.so.2.5.5
[112.796s] -- Set runtime path of "/home/alex/ws_moveit2/install/moveit_core/lib/libmoveit_utils.so.2.5.5" to ""
[112.796s] -- Installing: /home/alex/ws_moveit2/install/moveit_core/lib/libmoveit_utils.so
[112.797s] -- Installing: /home/alex/ws_moveit2/install/moveit_core/share/moveit_core/environment/library_path.sh
[112.797s] -- Installing: /home/alex/ws_moveit2/install/moveit_core/share/moveit_core/environment/library_path.dsv
[112.797s] -- Installing: /home/alex/ws_moveit2/install/moveit_core/share/moveit_core/collision_detector_fcl_description.xml
[112.797s] -- Installing: /home/alex/ws_moveit2/install/moveit_core/share/moveit_core/collision_detector_bullet_description.xml
[112.797s] -- Installing: /home/alex/ws_moveit2/install/moveit_core/share/moveit_core/filter_plugin_butterworth.xml
[112.798s] -- Installing: /home/alex/ws_moveit2/install/moveit_core/share/ament_index/resource_index/package_run_dependencies/moveit_core
[112.798s] -- Installing: /home/alex/ws_moveit2/install/moveit_core/share/ament_index/resource_index/parent_prefix_path/moveit_core
[112.799s] -- Installing: /home/alex/ws_moveit2/install/moveit_core/share/moveit_core/environment/ament_prefix_path.sh
[112.799s] -- Installing: /home/alex/ws_moveit2/install/moveit_core/share/moveit_core/environment/ament_prefix_path.dsv
[112.799s] -- Installing: /home/alex/ws_moveit2/install/moveit_core/share/moveit_core/environment/path.sh
[112.799s] -- Installing: /home/alex/ws_moveit2/install/moveit_core/share/moveit_core/environment/path.dsv
[112.799s] -- Installing: /home/alex/ws_moveit2/install/moveit_core/share/moveit_core/local_setup.bash
[112.800s] -- Installing: /home/alex/ws_moveit2/install/moveit_core/share/moveit_core/local_setup.sh
[112.800s] -- Installing: /home/alex/ws_moveit2/install/moveit_core/share/moveit_core/local_setup.zsh
[112.800s] -- Installing: /home/alex/ws_moveit2/install/moveit_core/share/moveit_core/local_setup.dsv
[112.800s] -- Installing: /home/alex/ws_moveit2/install/moveit_core/share/moveit_core/package.dsv
[112.800s] -- Installing: /home/alex/ws_moveit2/install/moveit_core/share/ament_index/resource_index/packages/moveit_core
[112.801s] -- Installing: /home/alex/ws_moveit2/install/moveit_core/share/ament_index/resource_index/moveit_core__pluginlib__plugin/moveit_core
[112.801s] -- Installing: /home/alex/ws_moveit2/install/moveit_core/share/moveit_core/cmake/export_moveit_coreExport.cmake
[112.801s] -- Installing: /home/alex/ws_moveit2/install/moveit_core/share/moveit_core/cmake/export_moveit_coreExport-release.cmake
[112.802s] -- Installing: /home/alex/ws_moveit2/install/moveit_core/share/moveit_core/cmake/ConfigExtras.cmake
[112.802s] -- Installing: /home/alex/ws_moveit2/install/moveit_core/share/moveit_core/cmake/ament_cmake_export_targets-extras.cmake
[112.802s] -- Installing: /home/alex/ws_moveit2/install/moveit_core/share/moveit_core/cmake/ament_cmake_export_dependencies-extras.cmake
[112.802s] -- Installing: /home/alex/ws_moveit2/install/moveit_core/share/moveit_core/cmake/moveit_coreConfig.cmake
[112.802s] -- Installing: /home/alex/ws_moveit2/install/moveit_core/share/moveit_core/cmake/moveit_coreConfig-version.cmake
[112.803s] -- Installing: /home/alex/ws_moveit2/install/moveit_core/share/moveit_core/package.xml
[112.811s] Invoked command in '/home/alex/ws_moveit2/build/moveit_core' returned '0': AMENT_PREFIX_PATH=/home/alex/ws_moveit2/install/moveit_resources_panda_moveit_config:/home/alex/ws_moveit2/install/srdfdom:/home/alex/ws_moveit2/install/moveit_resources_pr2_description:/home/alex/ws_moveit2/install/moveit_resources_panda_description:/home/alex/ws_moveit2/install/moveit_common:${AMENT_PREFIX_PATH} CMAKE_PREFIX_PATH=/home/alex/ws_moveit2/install/moveit_resources_panda_moveit_config:/home/alex/ws_moveit2/install/srdfdom:/home/alex/ws_moveit2/install/moveit_resources_pr2_description:/home/alex/ws_moveit2/install/moveit_resources_panda_description:/home/alex/ws_moveit2/install/moveit_common:/opt/ros/humble LD_LIBRARY_PATH=/home/alex/ws_moveit2/install/srdfdom/lib:${LD_LIBRARY_PATH} PYTHONPATH=/home/alex/ws_moveit2/install/srdfdom/local/lib/python3.10/dist-packages:${PYTHONPATH} /usr/bin/cmake --install /home/alex/ws_moveit2/build/moveit_core
