[0.179s] Invoking command in '/home/aw/restackcell/ws_moveit2/build/wzlscheduler_interfaces': CMAKE_PREFIX_PATH=${CMAKE_PREFIX_PATH}:/home/aw/restackcell/ws_moveit2/install/interface_opcua:/home/aw/restackcell/ws_moveit2/install/moveit_configs_utils:/home/aw/restackcell/ws_moveit2/install/launch_param_builder:/opt/ros/humble /usr/bin/cmake --build /home/aw/restackcell/ws_moveit2/build/wzlscheduler_interfaces -- -j16 -l16
[0.219s] [  9%] Built target wzlscheduler_interfaces__rosidl_generator_c
[0.219s] [ 12%] Built target wzlscheduler_interfaces__cpp
[0.225s] [ 12%] Built target ament_cmake_python_copy_wzlscheduler_interfaces
[0.238s] [ 22%] Built target wzlscheduler_interfaces__rosidl_typesupport_c
[0.240s] [ 32%] Built target wzlscheduler_interfaces__rosidl_typesupport_fastrtps_c
[0.241s] [ 41%] Built target wzlscheduler_interfaces__rosidl_typesupport_introspection_c
[0.241s] [ 51%] Built target wzlscheduler_interfaces__rosidl_typesupport_cpp
[0.243s] [ 61%] Built target wzlscheduler_interfaces__rosidl_typesupport_introspection_cpp
[0.243s] [ 70%] Built target wzlscheduler_interfaces__rosidl_typesupport_fastrtps_cpp
[0.260s] [ 70%] Built target wzlscheduler_interfaces
[0.277s] [ 74%] Built target wzlscheduler_interfaces__py
[0.297s] [ 80%] Built target wzlscheduler_interfaces__rosidl_generator_py
[0.315s] [100%] Built target wzlscheduler_interfaces__rosidl_typesupport_c__pyext
[0.315s] [100%] Built target wzlscheduler_interfaces__rosidl_typesupport_introspection_c__pyext
[0.315s] [100%] Built target wzlscheduler_interfaces__rosidl_typesupport_fastrtps_c__pyext
[0.385s] running egg_info
[0.386s] writing wzlscheduler_interfaces.egg-info/PKG-INFO
[0.386s] writing dependency_links to wzlscheduler_interfaces.egg-info/dependency_links.txt
[0.386s] writing top-level names to wzlscheduler_interfaces.egg-info/top_level.txt
[0.389s] reading manifest file 'wzlscheduler_interfaces.egg-info/SOURCES.txt'
[0.390s] writing manifest file 'wzlscheduler_interfaces.egg-info/SOURCES.txt'
[0.413s] [100%] Built target ament_cmake_python_build_wzlscheduler_interfaces_egg
[0.423s] Invoked command in '/home/aw/restackcell/ws_moveit2/build/wzlscheduler_interfaces' returned '0': CMAKE_PREFIX_PATH=${CMAKE_PREFIX_PATH}:/home/aw/restackcell/ws_moveit2/install/interface_opcua:/home/aw/restackcell/ws_moveit2/install/moveit_configs_utils:/home/aw/restackcell/ws_moveit2/install/launch_param_builder:/opt/ros/humble /usr/bin/cmake --build /home/aw/restackcell/ws_moveit2/build/wzlscheduler_interfaces -- -j16 -l16
[0.499s] Invoking command in '/home/aw/restackcell/ws_moveit2/build/wzlscheduler_interfaces': CMAKE_PREFIX_PATH=${CMAKE_PREFIX_PATH}:/home/aw/restackcell/ws_moveit2/install/interface_opcua:/home/aw/restackcell/ws_moveit2/install/moveit_configs_utils:/home/aw/restackcell/ws_moveit2/install/launch_param_builder:/opt/ros/humble /usr/bin/cmake --install /home/aw/restackcell/ws_moveit2/build/wzlscheduler_interfaces
[0.505s] -- Install configuration: ""
[0.505s] -- Up-to-date: /home/aw/restackcell/ws_moveit2/install/wzlscheduler_interfaces/share/ament_index/resource_index/rosidl_interfaces/wzlscheduler_interfaces
[0.506s] -- Up-to-date: /home/aw/restackcell/ws_moveit2/install/wzlscheduler_interfaces/include/wzlscheduler_interfaces/wzlscheduler_interfaces
[0.506s] -- Up-to-date: /home/aw/restackcell/ws_moveit2/install/wzlscheduler_interfaces/include/wzlscheduler_interfaces/wzlscheduler_interfaces/srv
[0.506s] -- Up-to-date: /home/aw/restackcell/ws_moveit2/install/wzlscheduler_interfaces/include/wzlscheduler_interfaces/wzlscheduler_interfaces/srv/detail
[0.506s] -- Up-to-date: /home/aw/restackcell/ws_moveit2/install/wzlscheduler_interfaces/include/wzlscheduler_interfaces/wzlscheduler_interfaces/srv/detail/set_value_io_interface__functions.c
[0.506s] -- Up-to-date: /home/aw/restackcell/ws_moveit2/install/wzlscheduler_interfaces/include/wzlscheduler_interfaces/wzlscheduler_interfaces/srv/detail/set_value_io_interface__functions.h
[0.506s] -- Up-to-date: /home/aw/restackcell/ws_moveit2/install/wzlscheduler_interfaces/include/wzlscheduler_interfaces/wzlscheduler_interfaces/srv/detail/set_value_io_interface__struct.h
[0.506s] -- Up-to-date: /home/aw/restackcell/ws_moveit2/install/wzlscheduler_interfaces/include/wzlscheduler_interfaces/wzlscheduler_interfaces/srv/detail/set_value_io_interface__type_support.h
[0.506s] -- Up-to-date: /home/aw/restackcell/ws_moveit2/install/wzlscheduler_interfaces/include/wzlscheduler_interfaces/wzlscheduler_interfaces/srv/set_value_io_interface.h
[0.507s] -- Up-to-date: /home/aw/restackcell/ws_moveit2/install/wzlscheduler_interfaces/include/wzlscheduler_interfaces/wzlscheduler_interfaces/msg
[0.507s] -- Up-to-date: /home/aw/restackcell/ws_moveit2/install/wzlscheduler_interfaces/include/wzlscheduler_interfaces/wzlscheduler_interfaces/msg/rosidl_generator_c__visibility_control.h
[0.507s] -- Up-to-date: /home/aw/restackcell/ws_moveit2/install/wzlscheduler_interfaces/share/wzlscheduler_interfaces/environment/library_path.sh
[0.507s] -- Up-to-date: /home/aw/restackcell/ws_moveit2/install/wzlscheduler_interfaces/share/wzlscheduler_interfaces/environment/library_path.dsv
[0.507s] -- Up-to-date: /home/aw/restackcell/ws_moveit2/install/wzlscheduler_interfaces/lib/libwzlscheduler_interfaces__rosidl_generator_c.so
[0.507s] -- Up-to-date: /home/aw/restackcell/ws_moveit2/install/wzlscheduler_interfaces/include/wzlscheduler_interfaces/wzlscheduler_interfaces
[0.507s] -- Up-to-date: /home/aw/restackcell/ws_moveit2/install/wzlscheduler_interfaces/include/wzlscheduler_interfaces/wzlscheduler_interfaces/srv
[0.508s] -- Up-to-date: /home/aw/restackcell/ws_moveit2/install/wzlscheduler_interfaces/include/wzlscheduler_interfaces/wzlscheduler_interfaces/srv/detail
[0.508s] -- Up-to-date: /home/aw/restackcell/ws_moveit2/install/wzlscheduler_interfaces/include/wzlscheduler_interfaces/wzlscheduler_interfaces/srv/detail/set_value_io_interface__rosidl_typesupport_fastrtps_c.h
[0.508s] -- Up-to-date: /home/aw/restackcell/ws_moveit2/install/wzlscheduler_interfaces/include/wzlscheduler_interfaces/wzlscheduler_interfaces/msg
[0.508s] -- Up-to-date: /home/aw/restackcell/ws_moveit2/install/wzlscheduler_interfaces/include/wzlscheduler_interfaces/wzlscheduler_interfaces/msg/rosidl_typesupport_fastrtps_c__visibility_control.h
[0.508s] -- Up-to-date: /home/aw/restackcell/ws_moveit2/install/wzlscheduler_interfaces/lib/libwzlscheduler_interfaces__rosidl_typesupport_fastrtps_c.so
[0.508s] -- Up-to-date: /home/aw/restackcell/ws_moveit2/install/wzlscheduler_interfaces/include/wzlscheduler_interfaces/wzlscheduler_interfaces
[0.508s] -- Up-to-date: /home/aw/restackcell/ws_moveit2/install/wzlscheduler_interfaces/include/wzlscheduler_interfaces/wzlscheduler_interfaces/srv
[0.508s] -- Up-to-date: /home/aw/restackcell/ws_moveit2/install/wzlscheduler_interfaces/include/wzlscheduler_interfaces/wzlscheduler_interfaces/srv/detail
[0.508s] -- Up-to-date: /home/aw/restackcell/ws_moveit2/install/wzlscheduler_interfaces/include/wzlscheduler_interfaces/wzlscheduler_interfaces/srv/detail/set_value_io_interface__type_support.c
[0.508s] -- Up-to-date: /home/aw/restackcell/ws_moveit2/install/wzlscheduler_interfaces/include/wzlscheduler_interfaces/wzlscheduler_interfaces/srv/detail/set_value_io_interface__rosidl_typesupport_introspection_c.h
[0.508s] -- Up-to-date: /home/aw/restackcell/ws_moveit2/install/wzlscheduler_interfaces/include/wzlscheduler_interfaces/wzlscheduler_interfaces/msg
[0.508s] -- Up-to-date: /home/aw/restackcell/ws_moveit2/install/wzlscheduler_interfaces/include/wzlscheduler_interfaces/wzlscheduler_interfaces/msg/rosidl_typesupport_introspection_c__visibility_control.h
[0.508s] -- Up-to-date: /home/aw/restackcell/ws_moveit2/install/wzlscheduler_interfaces/lib/libwzlscheduler_interfaces__rosidl_typesupport_introspection_c.so
[0.508s] -- Up-to-date: /home/aw/restackcell/ws_moveit2/install/wzlscheduler_interfaces/lib/libwzlscheduler_interfaces__rosidl_typesupport_c.so
[0.508s] -- Up-to-date: /home/aw/restackcell/ws_moveit2/install/wzlscheduler_interfaces/include/wzlscheduler_interfaces/wzlscheduler_interfaces
[0.508s] -- Up-to-date: /home/aw/restackcell/ws_moveit2/install/wzlscheduler_interfaces/include/wzlscheduler_interfaces/wzlscheduler_interfaces/srv
[0.508s] -- Up-to-date: /home/aw/restackcell/ws_moveit2/install/wzlscheduler_interfaces/include/wzlscheduler_interfaces/wzlscheduler_interfaces/srv/set_value_io_interface.hpp
[0.508s] -- Up-to-date: /home/aw/restackcell/ws_moveit2/install/wzlscheduler_interfaces/include/wzlscheduler_interfaces/wzlscheduler_interfaces/srv/detail
[0.508s] -- Up-to-date: /home/aw/restackcell/ws_moveit2/install/wzlscheduler_interfaces/include/wzlscheduler_interfaces/wzlscheduler_interfaces/srv/detail/set_value_io_interface__traits.hpp
[0.508s] -- Up-to-date: /home/aw/restackcell/ws_moveit2/install/wzlscheduler_interfaces/include/wzlscheduler_interfaces/wzlscheduler_interfaces/srv/detail/set_value_io_interface__struct.hpp
[0.508s] -- Up-to-date: /home/aw/restackcell/ws_moveit2/install/wzlscheduler_interfaces/include/wzlscheduler_interfaces/wzlscheduler_interfaces/srv/detail/set_value_io_interface__builder.hpp
[0.509s] -- Up-to-date: /home/aw/restackcell/ws_moveit2/install/wzlscheduler_interfaces/include/wzlscheduler_interfaces/wzlscheduler_interfaces
[0.509s] -- Up-to-date: /home/aw/restackcell/ws_moveit2/install/wzlscheduler_interfaces/include/wzlscheduler_interfaces/wzlscheduler_interfaces/srv
[0.509s] -- Up-to-date: /home/aw/restackcell/ws_moveit2/install/wzlscheduler_interfaces/include/wzlscheduler_interfaces/wzlscheduler_interfaces/srv/detail
[0.509s] -- Up-to-date: /home/aw/restackcell/ws_moveit2/install/wzlscheduler_interfaces/include/wzlscheduler_interfaces/wzlscheduler_interfaces/srv/detail/set_value_io_interface__rosidl_typesupport_fastrtps_cpp.hpp
[0.509s] -- Up-to-date: /home/aw/restackcell/ws_moveit2/install/wzlscheduler_interfaces/include/wzlscheduler_interfaces/wzlscheduler_interfaces/srv/detail/dds_fastrtps
[0.509s] -- Up-to-date: /home/aw/restackcell/ws_moveit2/install/wzlscheduler_interfaces/include/wzlscheduler_interfaces/wzlscheduler_interfaces/msg
[0.509s] -- Up-to-date: /home/aw/restackcell/ws_moveit2/install/wzlscheduler_interfaces/include/wzlscheduler_interfaces/wzlscheduler_interfaces/msg/rosidl_typesupport_fastrtps_cpp__visibility_control.h
[0.509s] -- Up-to-date: /home/aw/restackcell/ws_moveit2/install/wzlscheduler_interfaces/lib/libwzlscheduler_interfaces__rosidl_typesupport_fastrtps_cpp.so
[0.509s] -- Up-to-date: /home/aw/restackcell/ws_moveit2/install/wzlscheduler_interfaces/include/wzlscheduler_interfaces/wzlscheduler_interfaces
[0.509s] -- Up-to-date: /home/aw/restackcell/ws_moveit2/install/wzlscheduler_interfaces/include/wzlscheduler_interfaces/wzlscheduler_interfaces/srv
[0.510s] -- Up-to-date: /home/aw/restackcell/ws_moveit2/install/wzlscheduler_interfaces/include/wzlscheduler_interfaces/wzlscheduler_interfaces/srv/detail
[0.510s] -- Up-to-date: /home/aw/restackcell/ws_moveit2/install/wzlscheduler_interfaces/include/wzlscheduler_interfaces/wzlscheduler_interfaces/srv/detail/set_value_io_interface__type_support.cpp
[0.510s] -- Up-to-date: /home/aw/restackcell/ws_moveit2/install/wzlscheduler_interfaces/include/wzlscheduler_interfaces/wzlscheduler_interfaces/srv/detail/set_value_io_interface__rosidl_typesupport_introspection_cpp.hpp
[0.510s] -- Up-to-date: /home/aw/restackcell/ws_moveit2/install/wzlscheduler_interfaces/lib/libwzlscheduler_interfaces__rosidl_typesupport_introspection_cpp.so
[0.510s] -- Up-to-date: /home/aw/restackcell/ws_moveit2/install/wzlscheduler_interfaces/lib/libwzlscheduler_interfaces__rosidl_typesupport_cpp.so
[0.510s] -- Up-to-date: /home/aw/restackcell/ws_moveit2/install/wzlscheduler_interfaces/share/wzlscheduler_interfaces/environment/pythonpath.sh
[0.510s] -- Up-to-date: /home/aw/restackcell/ws_moveit2/install/wzlscheduler_interfaces/share/wzlscheduler_interfaces/environment/pythonpath.dsv
[0.510s] -- Up-to-date: /home/aw/restackcell/ws_moveit2/install/wzlscheduler_interfaces/local/lib/python3.10/dist-packages/wzlscheduler_interfaces-0.0.0-py3.10.egg-info
[0.510s] -- Installing: /home/aw/restackcell/ws_moveit2/install/wzlscheduler_interfaces/local/lib/python3.10/dist-packages/wzlscheduler_interfaces-0.0.0-py3.10.egg-info/SOURCES.txt
[0.510s] -- Installing: /home/aw/restackcell/ws_moveit2/install/wzlscheduler_interfaces/local/lib/python3.10/dist-packages/wzlscheduler_interfaces-0.0.0-py3.10.egg-info/dependency_links.txt
[0.510s] -- Installing: /home/aw/restackcell/ws_moveit2/install/wzlscheduler_interfaces/local/lib/python3.10/dist-packages/wzlscheduler_interfaces-0.0.0-py3.10.egg-info/PKG-INFO
[0.510s] -- Installing: /home/aw/restackcell/ws_moveit2/install/wzlscheduler_interfaces/local/lib/python3.10/dist-packages/wzlscheduler_interfaces-0.0.0-py3.10.egg-info/top_level.txt
[0.510s] -- Up-to-date: /home/aw/restackcell/ws_moveit2/install/wzlscheduler_interfaces/local/lib/python3.10/dist-packages/wzlscheduler_interfaces
[0.510s] -- Up-to-date: /home/aw/restackcell/ws_moveit2/install/wzlscheduler_interfaces/local/lib/python3.10/dist-packages/wzlscheduler_interfaces/wzlscheduler_interfaces_s__rosidl_typesupport_fastrtps_c.cpython-310-x86_64-linux-gnu.so
[0.510s] -- Up-to-date: /home/aw/restackcell/ws_moveit2/install/wzlscheduler_interfaces/local/lib/python3.10/dist-packages/wzlscheduler_interfaces/srv
[0.510s] -- Up-to-date: /home/aw/restackcell/ws_moveit2/install/wzlscheduler_interfaces/local/lib/python3.10/dist-packages/wzlscheduler_interfaces/srv/_set_value_io_interface.py
[0.510s] -- Up-to-date: /home/aw/restackcell/ws_moveit2/install/wzlscheduler_interfaces/local/lib/python3.10/dist-packages/wzlscheduler_interfaces/srv/_set_value_io_interface_s.c
[0.510s] -- Up-to-date: /home/aw/restackcell/ws_moveit2/install/wzlscheduler_interfaces/local/lib/python3.10/dist-packages/wzlscheduler_interfaces/srv/__init__.py
[0.510s] -- Up-to-date: /home/aw/restackcell/ws_moveit2/install/wzlscheduler_interfaces/local/lib/python3.10/dist-packages/wzlscheduler_interfaces/_wzlscheduler_interfaces_s.ep.rosidl_typesupport_c.c
[0.510s] -- Up-to-date: /home/aw/restackcell/ws_moveit2/install/wzlscheduler_interfaces/local/lib/python3.10/dist-packages/wzlscheduler_interfaces/_wzlscheduler_interfaces_s.ep.rosidl_typesupport_fastrtps_c.c
[0.510s] -- Up-to-date: /home/aw/restackcell/ws_moveit2/install/wzlscheduler_interfaces/local/lib/python3.10/dist-packages/wzlscheduler_interfaces/libwzlscheduler_interfaces__rosidl_generator_py.so
[0.511s] -- Up-to-date: /home/aw/restackcell/ws_moveit2/install/wzlscheduler_interfaces/local/lib/python3.10/dist-packages/wzlscheduler_interfaces/wzlscheduler_interfaces_s__rosidl_typesupport_introspection_c.cpython-310-x86_64-linux-gnu.so
[0.511s] -- Up-to-date: /home/aw/restackcell/ws_moveit2/install/wzlscheduler_interfaces/local/lib/python3.10/dist-packages/wzlscheduler_interfaces/_wzlscheduler_interfaces_s.ep.rosidl_typesupport_introspection_c.c
[0.511s] -- Up-to-date: /home/aw/restackcell/ws_moveit2/install/wzlscheduler_interfaces/local/lib/python3.10/dist-packages/wzlscheduler_interfaces/__init__.py
[0.511s] -- Up-to-date: /home/aw/restackcell/ws_moveit2/install/wzlscheduler_interfaces/local/lib/python3.10/dist-packages/wzlscheduler_interfaces/wzlscheduler_interfaces_s__rosidl_typesupport_c.cpython-310-x86_64-linux-gnu.so
[0.529s] Listing '/home/aw/restackcell/ws_moveit2/install/wzlscheduler_interfaces/local/lib/python3.10/dist-packages/wzlscheduler_interfaces'...
[0.529s] Listing '/home/aw/restackcell/ws_moveit2/install/wzlscheduler_interfaces/local/lib/python3.10/dist-packages/wzlscheduler_interfaces/srv'...
[0.532s] -- Up-to-date: /home/aw/restackcell/ws_moveit2/install/wzlscheduler_interfaces/local/lib/python3.10/dist-packages/wzlscheduler_interfaces/wzlscheduler_interfaces_s__rosidl_typesupport_fastrtps_c.cpython-310-x86_64-linux-gnu.so
[0.532s] -- Up-to-date: /home/aw/restackcell/ws_moveit2/install/wzlscheduler_interfaces/local/lib/python3.10/dist-packages/wzlscheduler_interfaces/wzlscheduler_interfaces_s__rosidl_typesupport_introspection_c.cpython-310-x86_64-linux-gnu.so
[0.532s] -- Up-to-date: /home/aw/restackcell/ws_moveit2/install/wzlscheduler_interfaces/local/lib/python3.10/dist-packages/wzlscheduler_interfaces/wzlscheduler_interfaces_s__rosidl_typesupport_c.cpython-310-x86_64-linux-gnu.so
[0.532s] -- Up-to-date: /home/aw/restackcell/ws_moveit2/install/wzlscheduler_interfaces/lib/libwzlscheduler_interfaces__rosidl_generator_py.so
[0.533s] -- Up-to-date: /home/aw/restackcell/ws_moveit2/install/wzlscheduler_interfaces/share/wzlscheduler_interfaces/srv/SetValueIoInterface.idl
[0.533s] -- Up-to-date: /home/aw/restackcell/ws_moveit2/install/wzlscheduler_interfaces/share/wzlscheduler_interfaces/srv/SetValueIoInterface.srv
[0.533s] -- Up-to-date: /home/aw/restackcell/ws_moveit2/install/wzlscheduler_interfaces/share/wzlscheduler_interfaces/srv/SetValueIoInterface_Request.msg
[0.533s] -- Up-to-date: /home/aw/restackcell/ws_moveit2/install/wzlscheduler_interfaces/share/wzlscheduler_interfaces/srv/SetValueIoInterface_Response.msg
[0.533s] -- Up-to-date: /home/aw/restackcell/ws_moveit2/install/wzlscheduler_interfaces/share/ament_index/resource_index/package_run_dependencies/wzlscheduler_interfaces
[0.533s] -- Up-to-date: /home/aw/restackcell/ws_moveit2/install/wzlscheduler_interfaces/share/ament_index/resource_index/parent_prefix_path/wzlscheduler_interfaces
[0.533s] -- Up-to-date: /home/aw/restackcell/ws_moveit2/install/wzlscheduler_interfaces/share/wzlscheduler_interfaces/environment/ament_prefix_path.sh
[0.533s] -- Up-to-date: /home/aw/restackcell/ws_moveit2/install/wzlscheduler_interfaces/share/wzlscheduler_interfaces/environment/ament_prefix_path.dsv
[0.533s] -- Up-to-date: /home/aw/restackcell/ws_moveit2/install/wzlscheduler_interfaces/share/wzlscheduler_interfaces/environment/path.sh
[0.533s] -- Up-to-date: /home/aw/restackcell/ws_moveit2/install/wzlscheduler_interfaces/share/wzlscheduler_interfaces/environment/path.dsv
[0.533s] -- Up-to-date: /home/aw/restackcell/ws_moveit2/install/wzlscheduler_interfaces/share/wzlscheduler_interfaces/local_setup.bash
[0.533s] -- Up-to-date: /home/aw/restackcell/ws_moveit2/install/wzlscheduler_interfaces/share/wzlscheduler_interfaces/local_setup.sh
[0.534s] -- Up-to-date: /home/aw/restackcell/ws_moveit2/install/wzlscheduler_interfaces/share/wzlscheduler_interfaces/local_setup.zsh
[0.534s] -- Up-to-date: /home/aw/restackcell/ws_moveit2/install/wzlscheduler_interfaces/share/wzlscheduler_interfaces/local_setup.dsv
[0.534s] -- Up-to-date: /home/aw/restackcell/ws_moveit2/install/wzlscheduler_interfaces/share/wzlscheduler_interfaces/package.dsv
[0.534s] -- Up-to-date: /home/aw/restackcell/ws_moveit2/install/wzlscheduler_interfaces/share/ament_index/resource_index/packages/wzlscheduler_interfaces
[0.534s] -- Up-to-date: /home/aw/restackcell/ws_moveit2/install/wzlscheduler_interfaces/share/wzlscheduler_interfaces/cmake/export_wzlscheduler_interfaces__rosidl_generator_cExport.cmake
[0.534s] -- Up-to-date: /home/aw/restackcell/ws_moveit2/install/wzlscheduler_interfaces/share/wzlscheduler_interfaces/cmake/export_wzlscheduler_interfaces__rosidl_generator_cExport-noconfig.cmake
[0.534s] -- Up-to-date: /home/aw/restackcell/ws_moveit2/install/wzlscheduler_interfaces/share/wzlscheduler_interfaces/cmake/export_wzlscheduler_interfaces__rosidl_typesupport_fastrtps_cExport.cmake
[0.534s] -- Up-to-date: /home/aw/restackcell/ws_moveit2/install/wzlscheduler_interfaces/share/wzlscheduler_interfaces/cmake/export_wzlscheduler_interfaces__rosidl_typesupport_fastrtps_cExport-noconfig.cmake
[0.534s] -- Up-to-date: /home/aw/restackcell/ws_moveit2/install/wzlscheduler_interfaces/share/wzlscheduler_interfaces/cmake/wzlscheduler_interfaces__rosidl_typesupport_introspection_cExport.cmake
[0.534s] -- Up-to-date: /home/aw/restackcell/ws_moveit2/install/wzlscheduler_interfaces/share/wzlscheduler_interfaces/cmake/wzlscheduler_interfaces__rosidl_typesupport_introspection_cExport-noconfig.cmake
[0.534s] -- Up-to-date: /home/aw/restackcell/ws_moveit2/install/wzlscheduler_interfaces/share/wzlscheduler_interfaces/cmake/wzlscheduler_interfaces__rosidl_typesupport_cExport.cmake
[0.534s] -- Up-to-date: /home/aw/restackcell/ws_moveit2/install/wzlscheduler_interfaces/share/wzlscheduler_interfaces/cmake/wzlscheduler_interfaces__rosidl_typesupport_cExport-noconfig.cmake
[0.534s] -- Up-to-date: /home/aw/restackcell/ws_moveit2/install/wzlscheduler_interfaces/share/wzlscheduler_interfaces/cmake/export_wzlscheduler_interfaces__rosidl_generator_cppExport.cmake
[0.534s] -- Up-to-date: /home/aw/restackcell/ws_moveit2/install/wzlscheduler_interfaces/share/wzlscheduler_interfaces/cmake/export_wzlscheduler_interfaces__rosidl_typesupport_fastrtps_cppExport.cmake
[0.534s] -- Up-to-date: /home/aw/restackcell/ws_moveit2/install/wzlscheduler_interfaces/share/wzlscheduler_interfaces/cmake/export_wzlscheduler_interfaces__rosidl_typesupport_fastrtps_cppExport-noconfig.cmake
[0.534s] -- Up-to-date: /home/aw/restackcell/ws_moveit2/install/wzlscheduler_interfaces/share/wzlscheduler_interfaces/cmake/wzlscheduler_interfaces__rosidl_typesupport_introspection_cppExport.cmake
[0.535s] -- Up-to-date: /home/aw/restackcell/ws_moveit2/install/wzlscheduler_interfaces/share/wzlscheduler_interfaces/cmake/wzlscheduler_interfaces__rosidl_typesupport_introspection_cppExport-noconfig.cmake
[0.535s] -- Up-to-date: /home/aw/restackcell/ws_moveit2/install/wzlscheduler_interfaces/share/wzlscheduler_interfaces/cmake/wzlscheduler_interfaces__rosidl_typesupport_cppExport.cmake
[0.535s] -- Up-to-date: /home/aw/restackcell/ws_moveit2/install/wzlscheduler_interfaces/share/wzlscheduler_interfaces/cmake/wzlscheduler_interfaces__rosidl_typesupport_cppExport-noconfig.cmake
[0.535s] -- Up-to-date: /home/aw/restackcell/ws_moveit2/install/wzlscheduler_interfaces/share/wzlscheduler_interfaces/cmake/export_wzlscheduler_interfaces__rosidl_generator_pyExport.cmake
[0.535s] -- Up-to-date: /home/aw/restackcell/ws_moveit2/install/wzlscheduler_interfaces/share/wzlscheduler_interfaces/cmake/export_wzlscheduler_interfaces__rosidl_generator_pyExport-noconfig.cmake
[0.535s] -- Up-to-date: /home/aw/restackcell/ws_moveit2/install/wzlscheduler_interfaces/share/wzlscheduler_interfaces/cmake/rosidl_cmake-extras.cmake
[0.535s] -- Up-to-date: /home/aw/restackcell/ws_moveit2/install/wzlscheduler_interfaces/share/wzlscheduler_interfaces/cmake/ament_cmake_export_include_directories-extras.cmake
[0.535s] -- Up-to-date: /home/aw/restackcell/ws_moveit2/install/wzlscheduler_interfaces/share/wzlscheduler_interfaces/cmake/ament_cmake_export_libraries-extras.cmake
[0.535s] -- Up-to-date: /home/aw/restackcell/ws_moveit2/install/wzlscheduler_interfaces/share/wzlscheduler_interfaces/cmake/ament_cmake_export_targets-extras.cmake
[0.535s] -- Up-to-date: /home/aw/restackcell/ws_moveit2/install/wzlscheduler_interfaces/share/wzlscheduler_interfaces/cmake/rosidl_cmake_export_typesupport_targets-extras.cmake
[0.535s] -- Up-to-date: /home/aw/restackcell/ws_moveit2/install/wzlscheduler_interfaces/share/wzlscheduler_interfaces/cmake/ament_cmake_export_dependencies-extras.cmake
[0.535s] -- Up-to-date: /home/aw/restackcell/ws_moveit2/install/wzlscheduler_interfaces/share/wzlscheduler_interfaces/cmake/rosidl_cmake_export_typesupport_libraries-extras.cmake
[0.535s] -- Up-to-date: /home/aw/restackcell/ws_moveit2/install/wzlscheduler_interfaces/share/wzlscheduler_interfaces/cmake/wzlscheduler_interfacesConfig.cmake
[0.535s] -- Up-to-date: /home/aw/restackcell/ws_moveit2/install/wzlscheduler_interfaces/share/wzlscheduler_interfaces/cmake/wzlscheduler_interfacesConfig-version.cmake
[0.535s] -- Up-to-date: /home/aw/restackcell/ws_moveit2/install/wzlscheduler_interfaces/share/wzlscheduler_interfaces/package.xml
