[35m[1mConsolidate compiler generated dependencies of target robo_planner[0m
[ 10%] [32mBuilding CXX object CMakeFiles/robo_planner.dir/src/IoInterface.cpp.o[0m
[ 20%] [32mBuilding CXX object CMakeFiles/robo_planner.dir/src/Main.cpp.o[0m
[ 30%] [32mBuilding CXX object CMakeFiles/robo_planner.dir/src/Scene.cpp.o[0m
[ 40%] [32mBuilding CXX object CMakeFiles/robo_planner.dir/src/SceneObject.cpp.o[0m
[ 50%] [32mBuilding CXX object CMakeFiles/robo_planner.dir/src/Task.cpp.o[0m
[ 60%] [32m[1mLinking CXX executable robo_planner[0m
[100%] Built target robo_planner
-- Install configuration: "RelWithDebInfo"
-- Execute custom install script
-- Up-to-date symlink: /home/aw/restackcell/ws_moveit2/install/robo_planner/lib/robo_planner/robo_planner
-- Up-to-date symlink: /home/aw/restackcell/ws_moveit2/install/robo_planner/share/ament_index/resource_index/package_run_dependencies/robo_planner
-- Up-to-date symlink: /home/aw/restackcell/ws_moveit2/install/robo_planner/share/ament_index/resource_index/parent_prefix_path/robo_planner
-- Up-to-date symlink: /home/aw/restackcell/ws_moveit2/install/robo_planner/share/robo_planner/environment/ament_prefix_path.sh
-- Up-to-date symlink: /home/aw/restackcell/ws_moveit2/install/robo_planner/share/robo_planner/environment/ament_prefix_path.dsv
-- Up-to-date symlink: /home/aw/restackcell/ws_moveit2/install/robo_planner/share/robo_planner/environment/path.sh
-- Up-to-date symlink: /home/aw/restackcell/ws_moveit2/install/robo_planner/share/robo_planner/environment/path.dsv
-- Up-to-date symlink: /home/aw/restackcell/ws_moveit2/install/robo_planner/share/robo_planner/local_setup.bash
-- Up-to-date symlink: /home/aw/restackcell/ws_moveit2/install/robo_planner/share/robo_planner/local_setup.sh
-- Up-to-date symlink: /home/aw/restackcell/ws_moveit2/install/robo_planner/share/robo_planner/local_setup.zsh
-- Up-to-date symlink: /home/aw/restackcell/ws_moveit2/install/robo_planner/share/robo_planner/local_setup.dsv
-- Symlinking: /home/aw/restackcell/ws_moveit2/install/robo_planner/share/robo_planner/package.dsv
-- Up-to-date symlink: /home/aw/restackcell/ws_moveit2/install/robo_planner/share/ament_index/resource_index/packages/robo_planner
-- Up-to-date symlink: /home/aw/restackcell/ws_moveit2/install/robo_planner/share/robo_planner/cmake/robo_plannerConfig.cmake
-- Up-to-date symlink: /home/aw/restackcell/ws_moveit2/install/robo_planner/share/robo_planner/cmake/robo_plannerConfig-version.cmake
-- Up-to-date symlink: /home/aw/restackcell/ws_moveit2/install/robo_planner/share/robo_planner/package.xml
