[0.577s] DEBUG:colcon:Command line arguments: ['/usr/bin/colcon', 'build', '--packages-select', 'hello_moveit']
[0.577s] DEBUG:colcon:Parsed command line arguments: Namespace(log_base=None, log_level=None, verb_name='build', build_base='build', install_base='install', merge_install=False, symlink_install=False, test_result_base=None, continue_on_error=False, executor='parallel', parallel_workers=16, event_handlers=None, ignore_user_meta=False, metas=['./colcon.meta'], base_paths=['.'], packages_ignore=None, packages_ignore_regex=None, paths=None, packages_up_to=None, packages_up_to_regex=None, packages_above=None, packages_above_and_dependencies=None, packages_above_depth=None, packages_select_by_dep=None, packages_skip_by_dep=None, packages_skip_up_to=None, packages_select_build_failed=False, packages_skip_build_finished=False, packages_select_test_failures=False, packages_skip_test_passed=False, packages_select=['hello_moveit'], packages_skip=None, packages_select_regex=None, packages_skip_regex=None, packages_start=None, packages_end=None, allow_overriding=[], cmake_args=None, cmake_target=None, cmake_target_skip_unavailable=False, cmake_clean_cache=False, cmake_clean_first=False, cmake_force_configure=False, ament_cmake_args=None, catkin_cmake_args=None, catkin_skip_building_tests=False, verb_parser=<colcon_defaults.argument_parser.defaults.DefaultArgumentsDecorator object at 0x7fd6676c47c0>, verb_extension=<colcon_core.verb.build.BuildVerb object at 0x7fd6676c6a40>, main=<bound method BuildVerb.main of <colcon_core.verb.build.BuildVerb object at 0x7fd6676c6a40>>)
[0.606s] Level 1:colcon.colcon_core.package_discovery:discover_packages(colcon_meta) check parameters
[0.607s] Level 1:colcon.colcon_core.package_discovery:discover_packages(recursive) check parameters
[0.607s] Level 1:colcon.colcon_core.package_discovery:discover_packages(ignore) check parameters
[0.607s] Level 1:colcon.colcon_core.package_discovery:discover_packages(path) check parameters
[0.607s] Level 1:colcon.colcon_core.package_discovery:discover_packages(colcon_meta) discover
[0.607s] Level 1:colcon.colcon_core.package_discovery:discover_packages(recursive) discover
[0.607s] INFO:colcon.colcon_core.package_discovery:Crawling recursively for packages in '/home/aw/restackcell/ws_moveit2'
[0.607s] Level 1:colcon.colcon_core.package_identification:_identify(.) by extensions ['ignore', 'ignore_ament_install']
[0.607s] Level 1:colcon.colcon_core.package_identification:_identify(.) by extension 'ignore'
[0.607s] Level 1:colcon.colcon_core.package_identification:_identify(.) by extension 'ignore_ament_install'
[0.607s] Level 1:colcon.colcon_core.package_identification:_identify(.) by extensions ['colcon_pkg']
[0.607s] Level 1:colcon.colcon_core.package_identification:_identify(.) by extension 'colcon_pkg'
[0.607s] Level 1:colcon.colcon_core.package_identification:_identify(.) by extensions ['colcon_meta']
[0.607s] Level 1:colcon.colcon_core.package_identification:_identify(.) by extension 'colcon_meta'
[0.607s] Level 1:colcon.colcon_core.package_identification:_identify(.) by extensions ['ros']
[0.607s] Level 1:colcon.colcon_core.package_identification:_identify(.) by extension 'ros'
[0.615s] Level 1:colcon.colcon_core.package_identification:_identify(.) by extensions ['cmake', 'python']
[0.615s] Level 1:colcon.colcon_core.package_identification:_identify(.) by extension 'cmake'
[0.615s] Level 1:colcon.colcon_core.package_identification:_identify(.) by extension 'python'
[0.615s] Level 1:colcon.colcon_core.package_identification:_identify(.) by extensions ['python_setup_py']
[0.615s] Level 1:colcon.colcon_core.package_identification:_identify(.) by extension 'python_setup_py'
[0.616s] Level 1:colcon.colcon_core.package_identification:_identify(build) by extensions ['ignore', 'ignore_ament_install']
[0.616s] Level 1:colcon.colcon_core.package_identification:_identify(build) by extension 'ignore'
[0.616s] Level 1:colcon.colcon_core.package_identification:_identify(build) ignored
[0.616s] Level 1:colcon.colcon_core.package_identification:_identify(install) by extensions ['ignore', 'ignore_ament_install']
[0.616s] Level 1:colcon.colcon_core.package_identification:_identify(install) by extension 'ignore'
[0.616s] Level 1:colcon.colcon_core.package_identification:_identify(install) ignored
[0.616s] Level 1:colcon.colcon_core.package_identification:_identify(log) by extensions ['ignore', 'ignore_ament_install']
[0.616s] Level 1:colcon.colcon_core.package_identification:_identify(log) by extension 'ignore'
[0.616s] Level 1:colcon.colcon_core.package_identification:_identify(log) ignored
[0.616s] Level 1:colcon.colcon_core.package_identification:_identify(src) by extensions ['ignore', 'ignore_ament_install']
[0.617s] Level 1:colcon.colcon_core.package_identification:_identify(src) by extension 'ignore'
[0.617s] Level 1:colcon.colcon_core.package_identification:_identify(src) by extension 'ignore_ament_install'
[0.617s] Level 1:colcon.colcon_core.package_identification:_identify(src) by extensions ['colcon_pkg']
[0.617s] Level 1:colcon.colcon_core.package_identification:_identify(src) by extension 'colcon_pkg'
[0.617s] Level 1:colcon.colcon_core.package_identification:_identify(src) by extensions ['colcon_meta']
[0.617s] Level 1:colcon.colcon_core.package_identification:_identify(src) by extension 'colcon_meta'
[0.617s] Level 1:colcon.colcon_core.package_identification:_identify(src) by extensions ['ros']
[0.617s] Level 1:colcon.colcon_core.package_identification:_identify(src) by extension 'ros'
[0.617s] Level 1:colcon.colcon_core.package_identification:_identify(src) by extensions ['cmake', 'python']
[0.617s] Level 1:colcon.colcon_core.package_identification:_identify(src) by extension 'cmake'
[0.617s] Level 1:colcon.colcon_core.package_identification:_identify(src) by extension 'python'
[0.617s] Level 1:colcon.colcon_core.package_identification:_identify(src) by extensions ['python_setup_py']
[0.617s] Level 1:colcon.colcon_core.package_identification:_identify(src) by extension 'python_setup_py'
[0.617s] Level 1:colcon.colcon_core.package_identification:_identify(src/build) by extensions ['ignore', 'ignore_ament_install']
[0.617s] Level 1:colcon.colcon_core.package_identification:_identify(src/build) by extension 'ignore'
[0.617s] Level 1:colcon.colcon_core.package_identification:_identify(src/build) ignored
[0.617s] Level 1:colcon.colcon_core.package_identification:_identify(src/build-hello_moveit-Desktop-Debug) by extensions ['ignore', 'ignore_ament_install']
[0.617s] Level 1:colcon.colcon_core.package_identification:_identify(src/build-hello_moveit-Desktop-Debug) by extension 'ignore'
[0.617s] Level 1:colcon.colcon_core.package_identification:_identify(src/build-hello_moveit-Desktop-Debug) by extension 'ignore_ament_install'
[0.618s] Level 1:colcon.colcon_core.package_identification:_identify(src/build-hello_moveit-Desktop-Debug) by extensions ['colcon_pkg']
[0.618s] Level 1:colcon.colcon_core.package_identification:_identify(src/build-hello_moveit-Desktop-Debug) by extension 'colcon_pkg'
[0.618s] Level 1:colcon.colcon_core.package_identification:_identify(src/build-hello_moveit-Desktop-Debug) by extensions ['colcon_meta']
[0.618s] Level 1:colcon.colcon_core.package_identification:_identify(src/build-hello_moveit-Desktop-Debug) by extension 'colcon_meta'
[0.618s] Level 1:colcon.colcon_core.package_identification:_identify(src/build-hello_moveit-Desktop-Debug) by extensions ['ros']
[0.618s] Level 1:colcon.colcon_core.package_identification:_identify(src/build-hello_moveit-Desktop-Debug) by extension 'ros'
[0.618s] Level 1:colcon.colcon_core.package_identification:_identify(src/build-hello_moveit-Desktop-Debug) by extensions ['cmake', 'python']
[0.618s] Level 1:colcon.colcon_core.package_identification:_identify(src/build-hello_moveit-Desktop-Debug) by extension 'cmake'
[0.618s] Level 1:colcon.colcon_core.package_identification:_identify(src/build-hello_moveit-Desktop-Debug) by extension 'python'
[0.618s] Level 1:colcon.colcon_core.package_identification:_identify(src/build-hello_moveit-Desktop-Debug) by extensions ['python_setup_py']
[0.618s] Level 1:colcon.colcon_core.package_identification:_identify(src/build-hello_moveit-Desktop-Debug) by extension 'python_setup_py'
[0.618s] Level 1:colcon.colcon_core.package_identification:_identify(src/build-hello_moveit-Desktop-Debug/CMakeFiles) by extensions ['ignore', 'ignore_ament_install']
[0.618s] Level 1:colcon.colcon_core.package_identification:_identify(src/build-hello_moveit-Desktop-Debug/CMakeFiles) by extension 'ignore'
[0.618s] Level 1:colcon.colcon_core.package_identification:_identify(src/build-hello_moveit-Desktop-Debug/CMakeFiles) by extension 'ignore_ament_install'
[0.618s] Level 1:colcon.colcon_core.package_identification:_identify(src/build-hello_moveit-Desktop-Debug/CMakeFiles) by extensions ['colcon_pkg']
[0.618s] Level 1:colcon.colcon_core.package_identification:_identify(src/build-hello_moveit-Desktop-Debug/CMakeFiles) by extension 'colcon_pkg'
[0.618s] Level 1:colcon.colcon_core.package_identification:_identify(src/build-hello_moveit-Desktop-Debug/CMakeFiles) by extensions ['colcon_meta']
[0.618s] Level 1:colcon.colcon_core.package_identification:_identify(src/build-hello_moveit-Desktop-Debug/CMakeFiles) by extension 'colcon_meta'
[0.618s] Level 1:colcon.colcon_core.package_identification:_identify(src/build-hello_moveit-Desktop-Debug/CMakeFiles) by extensions ['ros']
[0.618s] Level 1:colcon.colcon_core.package_identification:_identify(src/build-hello_moveit-Desktop-Debug/CMakeFiles) by extension 'ros'
[0.618s] Level 1:colcon.colcon_core.package_identification:_identify(src/build-hello_moveit-Desktop-Debug/CMakeFiles) by extensions ['cmake', 'python']
[0.618s] Level 1:colcon.colcon_core.package_identification:_identify(src/build-hello_moveit-Desktop-Debug/CMakeFiles) by extension 'cmake'
[0.618s] Level 1:colcon.colcon_core.package_identification:_identify(src/build-hello_moveit-Desktop-Debug/CMakeFiles) by extension 'python'
[0.618s] Level 1:colcon.colcon_core.package_identification:_identify(src/build-hello_moveit-Desktop-Debug/CMakeFiles) by extensions ['python_setup_py']
[0.618s] Level 1:colcon.colcon_core.package_identification:_identify(src/build-hello_moveit-Desktop-Debug/CMakeFiles) by extension 'python_setup_py'
[0.618s] Level 1:colcon.colcon_core.package_identification:_identify(src/build-hello_moveit-Desktop-Debug/CMakeFiles/3.22.1) by extensions ['ignore', 'ignore_ament_install']
[0.618s] Level 1:colcon.colcon_core.package_identification:_identify(src/build-hello_moveit-Desktop-Debug/CMakeFiles/3.22.1) by extension 'ignore'
[0.619s] Level 1:colcon.colcon_core.package_identification:_identify(src/build-hello_moveit-Desktop-Debug/CMakeFiles/3.22.1) by extension 'ignore_ament_install'
[0.619s] Level 1:colcon.colcon_core.package_identification:_identify(src/build-hello_moveit-Desktop-Debug/CMakeFiles/3.22.1) by extensions ['colcon_pkg']
[0.619s] Level 1:colcon.colcon_core.package_identification:_identify(src/build-hello_moveit-Desktop-Debug/CMakeFiles/3.22.1) by extension 'colcon_pkg'
[0.619s] Level 1:colcon.colcon_core.package_identification:_identify(src/build-hello_moveit-Desktop-Debug/CMakeFiles/3.22.1) by extensions ['colcon_meta']
[0.619s] Level 1:colcon.colcon_core.package_identification:_identify(src/build-hello_moveit-Desktop-Debug/CMakeFiles/3.22.1) by extension 'colcon_meta'
[0.619s] Level 1:colcon.colcon_core.package_identification:_identify(src/build-hello_moveit-Desktop-Debug/CMakeFiles/3.22.1) by extensions ['ros']
[0.619s] Level 1:colcon.colcon_core.package_identification:_identify(src/build-hello_moveit-Desktop-Debug/CMakeFiles/3.22.1) by extension 'ros'
[0.619s] Level 1:colcon.colcon_core.package_identification:_identify(src/build-hello_moveit-Desktop-Debug/CMakeFiles/3.22.1) by extensions ['cmake', 'python']
[0.619s] Level 1:colcon.colcon_core.package_identification:_identify(src/build-hello_moveit-Desktop-Debug/CMakeFiles/3.22.1) by extension 'cmake'
[0.619s] Level 1:colcon.colcon_core.package_identification:_identify(src/build-hello_moveit-Desktop-Debug/CMakeFiles/3.22.1) by extension 'python'
[0.619s] Level 1:colcon.colcon_core.package_identification:_identify(src/build-hello_moveit-Desktop-Debug/CMakeFiles/3.22.1) by extensions ['python_setup_py']
[0.619s] Level 1:colcon.colcon_core.package_identification:_identify(src/build-hello_moveit-Desktop-Debug/CMakeFiles/3.22.1) by extension 'python_setup_py'
[0.619s] Level 1:colcon.colcon_core.package_identification:_identify(src/build-hello_moveit-Desktop-Debug/CMakeFiles/3.22.1/CompilerIdC) by extensions ['ignore', 'ignore_ament_install']
[0.619s] Level 1:colcon.colcon_core.package_identification:_identify(src/build-hello_moveit-Desktop-Debug/CMakeFiles/3.22.1/CompilerIdC) by extension 'ignore'
[0.619s] Level 1:colcon.colcon_core.package_identification:_identify(src/build-hello_moveit-Desktop-Debug/CMakeFiles/3.22.1/CompilerIdC) by extension 'ignore_ament_install'
[0.619s] Level 1:colcon.colcon_core.package_identification:_identify(src/build-hello_moveit-Desktop-Debug/CMakeFiles/3.22.1/CompilerIdC) by extensions ['colcon_pkg']
[0.619s] Level 1:colcon.colcon_core.package_identification:_identify(src/build-hello_moveit-Desktop-Debug/CMakeFiles/3.22.1/CompilerIdC) by extension 'colcon_pkg'
[0.619s] Level 1:colcon.colcon_core.package_identification:_identify(src/build-hello_moveit-Desktop-Debug/CMakeFiles/3.22.1/CompilerIdC) by extensions ['colcon_meta']
[0.619s] Level 1:colcon.colcon_core.package_identification:_identify(src/build-hello_moveit-Desktop-Debug/CMakeFiles/3.22.1/CompilerIdC) by extension 'colcon_meta'
[0.619s] Level 1:colcon.colcon_core.package_identification:_identify(src/build-hello_moveit-Desktop-Debug/CMakeFiles/3.22.1/CompilerIdC) by extensions ['ros']
[0.619s] Level 1:colcon.colcon_core.package_identification:_identify(src/build-hello_moveit-Desktop-Debug/CMakeFiles/3.22.1/CompilerIdC) by extension 'ros'
[0.619s] Level 1:colcon.colcon_core.package_identification:_identify(src/build-hello_moveit-Desktop-Debug/CMakeFiles/3.22.1/CompilerIdC) by extensions ['cmake', 'python']
[0.619s] Level 1:colcon.colcon_core.package_identification:_identify(src/build-hello_moveit-Desktop-Debug/CMakeFiles/3.22.1/CompilerIdC) by extension 'cmake'
[0.619s] Level 1:colcon.colcon_core.package_identification:_identify(src/build-hello_moveit-Desktop-Debug/CMakeFiles/3.22.1/CompilerIdC) by extension 'python'
[0.619s] Level 1:colcon.colcon_core.package_identification:_identify(src/build-hello_moveit-Desktop-Debug/CMakeFiles/3.22.1/CompilerIdC) by extensions ['python_setup_py']
[0.619s] Level 1:colcon.colcon_core.package_identification:_identify(src/build-hello_moveit-Desktop-Debug/CMakeFiles/3.22.1/CompilerIdC) by extension 'python_setup_py'
[0.619s] Level 1:colcon.colcon_core.package_identification:_identify(src/build-hello_moveit-Desktop-Debug/CMakeFiles/3.22.1/CompilerIdCXX) by extensions ['ignore', 'ignore_ament_install']
[0.620s] Level 1:colcon.colcon_core.package_identification:_identify(src/build-hello_moveit-Desktop-Debug/CMakeFiles/3.22.1/CompilerIdCXX) by extension 'ignore'
[0.620s] Level 1:colcon.colcon_core.package_identification:_identify(src/build-hello_moveit-Desktop-Debug/CMakeFiles/3.22.1/CompilerIdCXX) by extension 'ignore_ament_install'
[0.620s] Level 1:colcon.colcon_core.package_identification:_identify(src/build-hello_moveit-Desktop-Debug/CMakeFiles/3.22.1/CompilerIdCXX) by extensions ['colcon_pkg']
[0.620s] Level 1:colcon.colcon_core.package_identification:_identify(src/build-hello_moveit-Desktop-Debug/CMakeFiles/3.22.1/CompilerIdCXX) by extension 'colcon_pkg'
[0.620s] Level 1:colcon.colcon_core.package_identification:_identify(src/build-hello_moveit-Desktop-Debug/CMakeFiles/3.22.1/CompilerIdCXX) by extensions ['colcon_meta']
[0.620s] Level 1:colcon.colcon_core.package_identification:_identify(src/build-hello_moveit-Desktop-Debug/CMakeFiles/3.22.1/CompilerIdCXX) by extension 'colcon_meta'
[0.620s] Level 1:colcon.colcon_core.package_identification:_identify(src/build-hello_moveit-Desktop-Debug/CMakeFiles/3.22.1/CompilerIdCXX) by extensions ['ros']
[0.620s] Level 1:colcon.colcon_core.package_identification:_identify(src/build-hello_moveit-Desktop-Debug/CMakeFiles/3.22.1/CompilerIdCXX) by extension 'ros'
[0.620s] Level 1:colcon.colcon_core.package_identification:_identify(src/build-hello_moveit-Desktop-Debug/CMakeFiles/3.22.1/CompilerIdCXX) by extensions ['cmake', 'python']
[0.620s] Level 1:colcon.colcon_core.package_identification:_identify(src/build-hello_moveit-Desktop-Debug/CMakeFiles/3.22.1/CompilerIdCXX) by extension 'cmake'
[0.620s] Level 1:colcon.colcon_core.package_identification:_identify(src/build-hello_moveit-Desktop-Debug/CMakeFiles/3.22.1/CompilerIdCXX) by extension 'python'
[0.620s] Level 1:colcon.colcon_core.package_identification:_identify(src/build-hello_moveit-Desktop-Debug/CMakeFiles/3.22.1/CompilerIdCXX) by extensions ['python_setup_py']
[0.620s] Level 1:colcon.colcon_core.package_identification:_identify(src/build-hello_moveit-Desktop-Debug/CMakeFiles/3.22.1/CompilerIdCXX) by extension 'python_setup_py'
[0.620s] Level 1:colcon.colcon_core.package_identification:_identify(src/build-hello_moveit-Desktop-Debug/CMakeFiles/hello_moveit.dir) by extensions ['ignore', 'ignore_ament_install']
[0.620s] Level 1:colcon.colcon_core.package_identification:_identify(src/build-hello_moveit-Desktop-Debug/CMakeFiles/hello_moveit.dir) by extension 'ignore'
[0.620s] Level 1:colcon.colcon_core.package_identification:_identify(src/build-hello_moveit-Desktop-Debug/CMakeFiles/hello_moveit.dir) by extension 'ignore_ament_install'
[0.620s] Level 1:colcon.colcon_core.package_identification:_identify(src/build-hello_moveit-Desktop-Debug/CMakeFiles/hello_moveit.dir) by extensions ['colcon_pkg']
[0.620s] Level 1:colcon.colcon_core.package_identification:_identify(src/build-hello_moveit-Desktop-Debug/CMakeFiles/hello_moveit.dir) by extension 'colcon_pkg'
[0.620s] Level 1:colcon.colcon_core.package_identification:_identify(src/build-hello_moveit-Desktop-Debug/CMakeFiles/hello_moveit.dir) by extensions ['colcon_meta']
[0.620s] Level 1:colcon.colcon_core.package_identification:_identify(src/build-hello_moveit-Desktop-Debug/CMakeFiles/hello_moveit.dir) by extension 'colcon_meta'
[0.620s] Level 1:colcon.colcon_core.package_identification:_identify(src/build-hello_moveit-Desktop-Debug/CMakeFiles/hello_moveit.dir) by extensions ['ros']
[0.620s] Level 1:colcon.colcon_core.package_identification:_identify(src/build-hello_moveit-Desktop-Debug/CMakeFiles/hello_moveit.dir) by extension 'ros'
[0.620s] Level 1:colcon.colcon_core.package_identification:_identify(src/build-hello_moveit-Desktop-Debug/CMakeFiles/hello_moveit.dir) by extensions ['cmake', 'python']
[0.620s] Level 1:colcon.colcon_core.package_identification:_identify(src/build-hello_moveit-Desktop-Debug/CMakeFiles/hello_moveit.dir) by extension 'cmake'
[0.620s] Level 1:colcon.colcon_core.package_identification:_identify(src/build-hello_moveit-Desktop-Debug/CMakeFiles/hello_moveit.dir) by extension 'python'
[0.620s] Level 1:colcon.colcon_core.package_identification:_identify(src/build-hello_moveit-Desktop-Debug/CMakeFiles/hello_moveit.dir) by extensions ['python_setup_py']
[0.620s] Level 1:colcon.colcon_core.package_identification:_identify(src/build-hello_moveit-Desktop-Debug/CMakeFiles/hello_moveit.dir) by extension 'python_setup_py'
[0.620s] Level 1:colcon.colcon_core.package_identification:_identify(src/build-hello_moveit-Desktop-Debug/CMakeFiles/hello_moveit.dir/src) by extensions ['ignore', 'ignore_ament_install']
[0.621s] Level 1:colcon.colcon_core.package_identification:_identify(src/build-hello_moveit-Desktop-Debug/CMakeFiles/hello_moveit.dir/src) by extension 'ignore'
[0.621s] Level 1:colcon.colcon_core.package_identification:_identify(src/build-hello_moveit-Desktop-Debug/CMakeFiles/hello_moveit.dir/src) by extension 'ignore_ament_install'
[0.621s] Level 1:colcon.colcon_core.package_identification:_identify(src/build-hello_moveit-Desktop-Debug/CMakeFiles/hello_moveit.dir/src) by extensions ['colcon_pkg']
[0.621s] Level 1:colcon.colcon_core.package_identification:_identify(src/build-hello_moveit-Desktop-Debug/CMakeFiles/hello_moveit.dir/src) by extension 'colcon_pkg'
[0.621s] Level 1:colcon.colcon_core.package_identification:_identify(src/build-hello_moveit-Desktop-Debug/CMakeFiles/hello_moveit.dir/src) by extensions ['colcon_meta']
[0.621s] Level 1:colcon.colcon_core.package_identification:_identify(src/build-hello_moveit-Desktop-Debug/CMakeFiles/hello_moveit.dir/src) by extension 'colcon_meta'
[0.621s] Level 1:colcon.colcon_core.package_identification:_identify(src/build-hello_moveit-Desktop-Debug/CMakeFiles/hello_moveit.dir/src) by extensions ['ros']
[0.621s] Level 1:colcon.colcon_core.package_identification:_identify(src/build-hello_moveit-Desktop-Debug/CMakeFiles/hello_moveit.dir/src) by extension 'ros'
[0.621s] Level 1:colcon.colcon_core.package_identification:_identify(src/build-hello_moveit-Desktop-Debug/CMakeFiles/hello_moveit.dir/src) by extensions ['cmake', 'python']
[0.621s] Level 1:colcon.colcon_core.package_identification:_identify(src/build-hello_moveit-Desktop-Debug/CMakeFiles/hello_moveit.dir/src) by extension 'cmake'
[0.621s] Level 1:colcon.colcon_core.package_identification:_identify(src/build-hello_moveit-Desktop-Debug/CMakeFiles/hello_moveit.dir/src) by extension 'python'
[0.621s] Level 1:colcon.colcon_core.package_identification:_identify(src/build-hello_moveit-Desktop-Debug/CMakeFiles/hello_moveit.dir/src) by extensions ['python_setup_py']
[0.621s] Level 1:colcon.colcon_core.package_identification:_identify(src/build-hello_moveit-Desktop-Debug/CMakeFiles/hello_moveit.dir/src) by extension 'python_setup_py'
[0.621s] Level 1:colcon.colcon_core.package_identification:_identify(src/build-hello_moveit-Desktop-Debug/Testing) by extensions ['ignore', 'ignore_ament_install']
[0.621s] Level 1:colcon.colcon_core.package_identification:_identify(src/build-hello_moveit-Desktop-Debug/Testing) by extension 'ignore'
[0.621s] Level 1:colcon.colcon_core.package_identification:_identify(src/build-hello_moveit-Desktop-Debug/Testing) by extension 'ignore_ament_install'
[0.621s] Level 1:colcon.colcon_core.package_identification:_identify(src/build-hello_moveit-Desktop-Debug/Testing) by extensions ['colcon_pkg']
[0.621s] Level 1:colcon.colcon_core.package_identification:_identify(src/build-hello_moveit-Desktop-Debug/Testing) by extension 'colcon_pkg'
[0.621s] Level 1:colcon.colcon_core.package_identification:_identify(src/build-hello_moveit-Desktop-Debug/Testing) by extensions ['colcon_meta']
[0.621s] Level 1:colcon.colcon_core.package_identification:_identify(src/build-hello_moveit-Desktop-Debug/Testing) by extension 'colcon_meta'
[0.621s] Level 1:colcon.colcon_core.package_identification:_identify(src/build-hello_moveit-Desktop-Debug/Testing) by extensions ['ros']
[0.621s] Level 1:colcon.colcon_core.package_identification:_identify(src/build-hello_moveit-Desktop-Debug/Testing) by extension 'ros'
[0.621s] Level 1:colcon.colcon_core.package_identification:_identify(src/build-hello_moveit-Desktop-Debug/Testing) by extensions ['cmake', 'python']
[0.621s] Level 1:colcon.colcon_core.package_identification:_identify(src/build-hello_moveit-Desktop-Debug/Testing) by extension 'cmake'
[0.621s] Level 1:colcon.colcon_core.package_identification:_identify(src/build-hello_moveit-Desktop-Debug/Testing) by extension 'python'
[0.621s] Level 1:colcon.colcon_core.package_identification:_identify(src/build-hello_moveit-Desktop-Debug/Testing) by extensions ['python_setup_py']
[0.621s] Level 1:colcon.colcon_core.package_identification:_identify(src/build-hello_moveit-Desktop-Debug/Testing) by extension 'python_setup_py'
[0.621s] Level 1:colcon.colcon_core.package_identification:_identify(src/build-hello_moveit-Desktop-Debug/Testing/Temporary) by extensions ['ignore', 'ignore_ament_install']
[0.622s] Level 1:colcon.colcon_core.package_identification:_identify(src/build-hello_moveit-Desktop-Debug/Testing/Temporary) by extension 'ignore'
[0.622s] Level 1:colcon.colcon_core.package_identification:_identify(src/build-hello_moveit-Desktop-Debug/Testing/Temporary) by extension 'ignore_ament_install'
[0.622s] Level 1:colcon.colcon_core.package_identification:_identify(src/build-hello_moveit-Desktop-Debug/Testing/Temporary) by extensions ['colcon_pkg']
[0.622s] Level 1:colcon.colcon_core.package_identification:_identify(src/build-hello_moveit-Desktop-Debug/Testing/Temporary) by extension 'colcon_pkg'
[0.622s] Level 1:colcon.colcon_core.package_identification:_identify(src/build-hello_moveit-Desktop-Debug/Testing/Temporary) by extensions ['colcon_meta']
[0.622s] Level 1:colcon.colcon_core.package_identification:_identify(src/build-hello_moveit-Desktop-Debug/Testing/Temporary) by extension 'colcon_meta'
[0.622s] Level 1:colcon.colcon_core.package_identification:_identify(src/build-hello_moveit-Desktop-Debug/Testing/Temporary) by extensions ['ros']
[0.622s] Level 1:colcon.colcon_core.package_identification:_identify(src/build-hello_moveit-Desktop-Debug/Testing/Temporary) by extension 'ros'
[0.622s] Level 1:colcon.colcon_core.package_identification:_identify(src/build-hello_moveit-Desktop-Debug/Testing/Temporary) by extensions ['cmake', 'python']
[0.622s] Level 1:colcon.colcon_core.package_identification:_identify(src/build-hello_moveit-Desktop-Debug/Testing/Temporary) by extension 'cmake'
[0.622s] Level 1:colcon.colcon_core.package_identification:_identify(src/build-hello_moveit-Desktop-Debug/Testing/Temporary) by extension 'python'
[0.622s] Level 1:colcon.colcon_core.package_identification:_identify(src/build-hello_moveit-Desktop-Debug/Testing/Temporary) by extensions ['python_setup_py']
[0.622s] Level 1:colcon.colcon_core.package_identification:_identify(src/build-hello_moveit-Desktop-Debug/Testing/Temporary) by extension 'python_setup_py'
[0.622s] Level 1:colcon.colcon_core.package_identification:_identify(src/build-hello_moveit-Desktop-Debug/ament_cmake_core) by extensions ['ignore', 'ignore_ament_install']
[0.622s] Level 1:colcon.colcon_core.package_identification:_identify(src/build-hello_moveit-Desktop-Debug/ament_cmake_core) by extension 'ignore'
[0.622s] Level 1:colcon.colcon_core.package_identification:_identify(src/build-hello_moveit-Desktop-Debug/ament_cmake_core) by extension 'ignore_ament_install'
[0.622s] Level 1:colcon.colcon_core.package_identification:_identify(src/build-hello_moveit-Desktop-Debug/ament_cmake_core) by extensions ['colcon_pkg']
[0.622s] Level 1:colcon.colcon_core.package_identification:_identify(src/build-hello_moveit-Desktop-Debug/ament_cmake_core) by extension 'colcon_pkg'
[0.622s] Level 1:colcon.colcon_core.package_identification:_identify(src/build-hello_moveit-Desktop-Debug/ament_cmake_core) by extensions ['colcon_meta']
[0.622s] Level 1:colcon.colcon_core.package_identification:_identify(src/build-hello_moveit-Desktop-Debug/ament_cmake_core) by extension 'colcon_meta'
[0.622s] Level 1:colcon.colcon_core.package_identification:_identify(src/build-hello_moveit-Desktop-Debug/ament_cmake_core) by extensions ['ros']
[0.622s] Level 1:colcon.colcon_core.package_identification:_identify(src/build-hello_moveit-Desktop-Debug/ament_cmake_core) by extension 'ros'
[0.622s] Level 1:colcon.colcon_core.package_identification:_identify(src/build-hello_moveit-Desktop-Debug/ament_cmake_core) by extensions ['cmake', 'python']
[0.622s] Level 1:colcon.colcon_core.package_identification:_identify(src/build-hello_moveit-Desktop-Debug/ament_cmake_core) by extension 'cmake'
[0.622s] Level 1:colcon.colcon_core.package_identification:_identify(src/build-hello_moveit-Desktop-Debug/ament_cmake_core) by extension 'python'
[0.622s] Level 1:colcon.colcon_core.package_identification:_identify(src/build-hello_moveit-Desktop-Debug/ament_cmake_core) by extensions ['python_setup_py']
[0.622s] Level 1:colcon.colcon_core.package_identification:_identify(src/build-hello_moveit-Desktop-Debug/ament_cmake_core) by extension 'python_setup_py'
[0.622s] Level 1:colcon.colcon_core.package_identification:_identify(src/build-hello_moveit-Desktop-Debug/ament_cmake_core/stamps) by extensions ['ignore', 'ignore_ament_install']
[0.623s] Level 1:colcon.colcon_core.package_identification:_identify(src/build-hello_moveit-Desktop-Debug/ament_cmake_core/stamps) by extension 'ignore'
[0.623s] Level 1:colcon.colcon_core.package_identification:_identify(src/build-hello_moveit-Desktop-Debug/ament_cmake_core/stamps) by extension 'ignore_ament_install'
[0.623s] Level 1:colcon.colcon_core.package_identification:_identify(src/build-hello_moveit-Desktop-Debug/ament_cmake_core/stamps) by extensions ['colcon_pkg']
[0.623s] Level 1:colcon.colcon_core.package_identification:_identify(src/build-hello_moveit-Desktop-Debug/ament_cmake_core/stamps) by extension 'colcon_pkg'
[0.623s] Level 1:colcon.colcon_core.package_identification:_identify(src/build-hello_moveit-Desktop-Debug/ament_cmake_core/stamps) by extensions ['colcon_meta']
[0.623s] Level 1:colcon.colcon_core.package_identification:_identify(src/build-hello_moveit-Desktop-Debug/ament_cmake_core/stamps) by extension 'colcon_meta'
[0.623s] Level 1:colcon.colcon_core.package_identification:_identify(src/build-hello_moveit-Desktop-Debug/ament_cmake_core/stamps) by extensions ['ros']
[0.623s] Level 1:colcon.colcon_core.package_identification:_identify(src/build-hello_moveit-Desktop-Debug/ament_cmake_core/stamps) by extension 'ros'
[0.623s] Level 1:colcon.colcon_core.package_identification:_identify(src/build-hello_moveit-Desktop-Debug/ament_cmake_core/stamps) by extensions ['cmake', 'python']
[0.623s] Level 1:colcon.colcon_core.package_identification:_identify(src/build-hello_moveit-Desktop-Debug/ament_cmake_core/stamps) by extension 'cmake'
[0.623s] Level 1:colcon.colcon_core.package_identification:_identify(src/build-hello_moveit-Desktop-Debug/ament_cmake_core/stamps) by extension 'python'
[0.623s] Level 1:colcon.colcon_core.package_identification:_identify(src/build-hello_moveit-Desktop-Debug/ament_cmake_core/stamps) by extensions ['python_setup_py']
[0.623s] Level 1:colcon.colcon_core.package_identification:_identify(src/build-hello_moveit-Desktop-Debug/ament_cmake_core/stamps) by extension 'python_setup_py'
[0.623s] Level 1:colcon.colcon_core.package_identification:_identify(src/build-hello_moveit-Desktop-Debug/ament_cmake_environment_hooks) by extensions ['ignore', 'ignore_ament_install']
[0.623s] Level 1:colcon.colcon_core.package_identification:_identify(src/build-hello_moveit-Desktop-Debug/ament_cmake_environment_hooks) by extension 'ignore'
[0.623s] Level 1:colcon.colcon_core.package_identification:_identify(src/build-hello_moveit-Desktop-Debug/ament_cmake_environment_hooks) by extension 'ignore_ament_install'
[0.623s] Level 1:colcon.colcon_core.package_identification:_identify(src/build-hello_moveit-Desktop-Debug/ament_cmake_environment_hooks) by extensions ['colcon_pkg']
[0.623s] Level 1:colcon.colcon_core.package_identification:_identify(src/build-hello_moveit-Desktop-Debug/ament_cmake_environment_hooks) by extension 'colcon_pkg'
[0.623s] Level 1:colcon.colcon_core.package_identification:_identify(src/build-hello_moveit-Desktop-Debug/ament_cmake_environment_hooks) by extensions ['colcon_meta']
[0.623s] Level 1:colcon.colcon_core.package_identification:_identify(src/build-hello_moveit-Desktop-Debug/ament_cmake_environment_hooks) by extension 'colcon_meta'
[0.623s] Level 1:colcon.colcon_core.package_identification:_identify(src/build-hello_moveit-Desktop-Debug/ament_cmake_environment_hooks) by extensions ['ros']
[0.623s] Level 1:colcon.colcon_core.package_identification:_identify(src/build-hello_moveit-Desktop-Debug/ament_cmake_environment_hooks) by extension 'ros'
[0.623s] Level 1:colcon.colcon_core.package_identification:_identify(src/build-hello_moveit-Desktop-Debug/ament_cmake_environment_hooks) by extensions ['cmake', 'python']
[0.623s] Level 1:colcon.colcon_core.package_identification:_identify(src/build-hello_moveit-Desktop-Debug/ament_cmake_environment_hooks) by extension 'cmake'
[0.623s] Level 1:colcon.colcon_core.package_identification:_identify(src/build-hello_moveit-Desktop-Debug/ament_cmake_environment_hooks) by extension 'python'
[0.623s] Level 1:colcon.colcon_core.package_identification:_identify(src/build-hello_moveit-Desktop-Debug/ament_cmake_environment_hooks) by extensions ['python_setup_py']
[0.623s] Level 1:colcon.colcon_core.package_identification:_identify(src/build-hello_moveit-Desktop-Debug/ament_cmake_environment_hooks) by extension 'python_setup_py'
[0.623s] Level 1:colcon.colcon_core.package_identification:_identify(src/build-hello_moveit-Desktop-Debug/ament_cmake_index) by extensions ['ignore', 'ignore_ament_install']
[0.623s] Level 1:colcon.colcon_core.package_identification:_identify(src/build-hello_moveit-Desktop-Debug/ament_cmake_index) by extension 'ignore'
[0.624s] Level 1:colcon.colcon_core.package_identification:_identify(src/build-hello_moveit-Desktop-Debug/ament_cmake_index) by extension 'ignore_ament_install'
[0.624s] Level 1:colcon.colcon_core.package_identification:_identify(src/build-hello_moveit-Desktop-Debug/ament_cmake_index) by extensions ['colcon_pkg']
[0.624s] Level 1:colcon.colcon_core.package_identification:_identify(src/build-hello_moveit-Desktop-Debug/ament_cmake_index) by extension 'colcon_pkg'
[0.624s] Level 1:colcon.colcon_core.package_identification:_identify(src/build-hello_moveit-Desktop-Debug/ament_cmake_index) by extensions ['colcon_meta']
[0.624s] Level 1:colcon.colcon_core.package_identification:_identify(src/build-hello_moveit-Desktop-Debug/ament_cmake_index) by extension 'colcon_meta'
[0.624s] Level 1:colcon.colcon_core.package_identification:_identify(src/build-hello_moveit-Desktop-Debug/ament_cmake_index) by extensions ['ros']
[0.624s] Level 1:colcon.colcon_core.package_identification:_identify(src/build-hello_moveit-Desktop-Debug/ament_cmake_index) by extension 'ros'
[0.624s] Level 1:colcon.colcon_core.package_identification:_identify(src/build-hello_moveit-Desktop-Debug/ament_cmake_index) by extensions ['cmake', 'python']
[0.624s] Level 1:colcon.colcon_core.package_identification:_identify(src/build-hello_moveit-Desktop-Debug/ament_cmake_index) by extension 'cmake'
[0.624s] Level 1:colcon.colcon_core.package_identification:_identify(src/build-hello_moveit-Desktop-Debug/ament_cmake_index) by extension 'python'
[0.624s] Level 1:colcon.colcon_core.package_identification:_identify(src/build-hello_moveit-Desktop-Debug/ament_cmake_index) by extensions ['python_setup_py']
[0.624s] Level 1:colcon.colcon_core.package_identification:_identify(src/build-hello_moveit-Desktop-Debug/ament_cmake_index) by extension 'python_setup_py'
[0.624s] Level 1:colcon.colcon_core.package_identification:_identify(src/build-hello_moveit-Desktop-Debug/ament_cmake_index/share) by extensions ['ignore', 'ignore_ament_install']
[0.624s] Level 1:colcon.colcon_core.package_identification:_identify(src/build-hello_moveit-Desktop-Debug/ament_cmake_index/share) by extension 'ignore'
[0.624s] Level 1:colcon.colcon_core.package_identification:_identify(src/build-hello_moveit-Desktop-Debug/ament_cmake_index/share) by extension 'ignore_ament_install'
[0.624s] Level 1:colcon.colcon_core.package_identification:_identify(src/build-hello_moveit-Desktop-Debug/ament_cmake_index/share) by extensions ['colcon_pkg']
[0.624s] Level 1:colcon.colcon_core.package_identification:_identify(src/build-hello_moveit-Desktop-Debug/ament_cmake_index/share) by extension 'colcon_pkg'
[0.624s] Level 1:colcon.colcon_core.package_identification:_identify(src/build-hello_moveit-Desktop-Debug/ament_cmake_index/share) by extensions ['colcon_meta']
[0.624s] Level 1:colcon.colcon_core.package_identification:_identify(src/build-hello_moveit-Desktop-Debug/ament_cmake_index/share) by extension 'colcon_meta'
[0.624s] Level 1:colcon.colcon_core.package_identification:_identify(src/build-hello_moveit-Desktop-Debug/ament_cmake_index/share) by extensions ['ros']
[0.624s] Level 1:colcon.colcon_core.package_identification:_identify(src/build-hello_moveit-Desktop-Debug/ament_cmake_index/share) by extension 'ros'
[0.624s] Level 1:colcon.colcon_core.package_identification:_identify(src/build-hello_moveit-Desktop-Debug/ament_cmake_index/share) by extensions ['cmake', 'python']
[0.624s] Level 1:colcon.colcon_core.package_identification:_identify(src/build-hello_moveit-Desktop-Debug/ament_cmake_index/share) by extension 'cmake'
[0.624s] Level 1:colcon.colcon_core.package_identification:_identify(src/build-hello_moveit-Desktop-Debug/ament_cmake_index/share) by extension 'python'
[0.624s] Level 1:colcon.colcon_core.package_identification:_identify(src/build-hello_moveit-Desktop-Debug/ament_cmake_index/share) by extensions ['python_setup_py']
[0.624s] Level 1:colcon.colcon_core.package_identification:_identify(src/build-hello_moveit-Desktop-Debug/ament_cmake_index/share) by extension 'python_setup_py'
[0.624s] Level 1:colcon.colcon_core.package_identification:_identify(src/build-hello_moveit-Desktop-Debug/ament_cmake_index/share/ament_index) by extensions ['ignore', 'ignore_ament_install']
[0.624s] Level 1:colcon.colcon_core.package_identification:_identify(src/build-hello_moveit-Desktop-Debug/ament_cmake_index/share/ament_index) by extension 'ignore'
[0.625s] Level 1:colcon.colcon_core.package_identification:_identify(src/build-hello_moveit-Desktop-Debug/ament_cmake_index/share/ament_index) by extension 'ignore_ament_install'
[0.625s] Level 1:colcon.colcon_core.package_identification:_identify(src/build-hello_moveit-Desktop-Debug/ament_cmake_index/share/ament_index) by extensions ['colcon_pkg']
[0.625s] Level 1:colcon.colcon_core.package_identification:_identify(src/build-hello_moveit-Desktop-Debug/ament_cmake_index/share/ament_index) by extension 'colcon_pkg'
[0.625s] Level 1:colcon.colcon_core.package_identification:_identify(src/build-hello_moveit-Desktop-Debug/ament_cmake_index/share/ament_index) by extensions ['colcon_meta']
[0.625s] Level 1:colcon.colcon_core.package_identification:_identify(src/build-hello_moveit-Desktop-Debug/ament_cmake_index/share/ament_index) by extension 'colcon_meta'
[0.625s] Level 1:colcon.colcon_core.package_identification:_identify(src/build-hello_moveit-Desktop-Debug/ament_cmake_index/share/ament_index) by extensions ['ros']
[0.625s] Level 1:colcon.colcon_core.package_identification:_identify(src/build-hello_moveit-Desktop-Debug/ament_cmake_index/share/ament_index) by extension 'ros'
[0.625s] Level 1:colcon.colcon_core.package_identification:_identify(src/build-hello_moveit-Desktop-Debug/ament_cmake_index/share/ament_index) by extensions ['cmake', 'python']
[0.625s] Level 1:colcon.colcon_core.package_identification:_identify(src/build-hello_moveit-Desktop-Debug/ament_cmake_index/share/ament_index) by extension 'cmake'
[0.625s] Level 1:colcon.colcon_core.package_identification:_identify(src/build-hello_moveit-Desktop-Debug/ament_cmake_index/share/ament_index) by extension 'python'
[0.625s] Level 1:colcon.colcon_core.package_identification:_identify(src/build-hello_moveit-Desktop-Debug/ament_cmake_index/share/ament_index) by extensions ['python_setup_py']
[0.625s] Level 1:colcon.colcon_core.package_identification:_identify(src/build-hello_moveit-Desktop-Debug/ament_cmake_index/share/ament_index) by extension 'python_setup_py'
[0.625s] Level 1:colcon.colcon_core.package_identification:_identify(src/build-hello_moveit-Desktop-Debug/ament_cmake_index/share/ament_index/resource_index) by extensions ['ignore', 'ignore_ament_install']
[0.625s] Level 1:colcon.colcon_core.package_identification:_identify(src/build-hello_moveit-Desktop-Debug/ament_cmake_index/share/ament_index/resource_index) by extension 'ignore'
[0.625s] Level 1:colcon.colcon_core.package_identification:_identify(src/build-hello_moveit-Desktop-Debug/ament_cmake_index/share/ament_index/resource_index) by extension 'ignore_ament_install'
[0.625s] Level 1:colcon.colcon_core.package_identification:_identify(src/build-hello_moveit-Desktop-Debug/ament_cmake_index/share/ament_index/resource_index) by extensions ['colcon_pkg']
[0.625s] Level 1:colcon.colcon_core.package_identification:_identify(src/build-hello_moveit-Desktop-Debug/ament_cmake_index/share/ament_index/resource_index) by extension 'colcon_pkg'
[0.625s] Level 1:colcon.colcon_core.package_identification:_identify(src/build-hello_moveit-Desktop-Debug/ament_cmake_index/share/ament_index/resource_index) by extensions ['colcon_meta']
[0.625s] Level 1:colcon.colcon_core.package_identification:_identify(src/build-hello_moveit-Desktop-Debug/ament_cmake_index/share/ament_index/resource_index) by extension 'colcon_meta'
[0.625s] Level 1:colcon.colcon_core.package_identification:_identify(src/build-hello_moveit-Desktop-Debug/ament_cmake_index/share/ament_index/resource_index) by extensions ['ros']
[0.625s] Level 1:colcon.colcon_core.package_identification:_identify(src/build-hello_moveit-Desktop-Debug/ament_cmake_index/share/ament_index/resource_index) by extension 'ros'
[0.625s] Level 1:colcon.colcon_core.package_identification:_identify(src/build-hello_moveit-Desktop-Debug/ament_cmake_index/share/ament_index/resource_index) by extensions ['cmake', 'python']
[0.625s] Level 1:colcon.colcon_core.package_identification:_identify(src/build-hello_moveit-Desktop-Debug/ament_cmake_index/share/ament_index/resource_index) by extension 'cmake'
[0.625s] Level 1:colcon.colcon_core.package_identification:_identify(src/build-hello_moveit-Desktop-Debug/ament_cmake_index/share/ament_index/resource_index) by extension 'python'
[0.625s] Level 1:colcon.colcon_core.package_identification:_identify(src/build-hello_moveit-Desktop-Debug/ament_cmake_index/share/ament_index/resource_index) by extensions ['python_setup_py']
[0.625s] Level 1:colcon.colcon_core.package_identification:_identify(src/build-hello_moveit-Desktop-Debug/ament_cmake_index/share/ament_index/resource_index) by extension 'python_setup_py'
[0.626s] Level 1:colcon.colcon_core.package_identification:_identify(src/build-hello_moveit-Desktop-Debug/ament_cmake_index/share/ament_index/resource_index/package_run_dependencies) by extensions ['ignore', 'ignore_ament_install']
[0.626s] Level 1:colcon.colcon_core.package_identification:_identify(src/build-hello_moveit-Desktop-Debug/ament_cmake_index/share/ament_index/resource_index/package_run_dependencies) by extension 'ignore'
[0.626s] Level 1:colcon.colcon_core.package_identification:_identify(src/build-hello_moveit-Desktop-Debug/ament_cmake_index/share/ament_index/resource_index/package_run_dependencies) by extension 'ignore_ament_install'
[0.626s] Level 1:colcon.colcon_core.package_identification:_identify(src/build-hello_moveit-Desktop-Debug/ament_cmake_index/share/ament_index/resource_index/package_run_dependencies) by extensions ['colcon_pkg']
[0.626s] Level 1:colcon.colcon_core.package_identification:_identify(src/build-hello_moveit-Desktop-Debug/ament_cmake_index/share/ament_index/resource_index/package_run_dependencies) by extension 'colcon_pkg'
[0.626s] Level 1:colcon.colcon_core.package_identification:_identify(src/build-hello_moveit-Desktop-Debug/ament_cmake_index/share/ament_index/resource_index/package_run_dependencies) by extensions ['colcon_meta']
[0.626s] Level 1:colcon.colcon_core.package_identification:_identify(src/build-hello_moveit-Desktop-Debug/ament_cmake_index/share/ament_index/resource_index/package_run_dependencies) by extension 'colcon_meta'
[0.626s] Level 1:colcon.colcon_core.package_identification:_identify(src/build-hello_moveit-Desktop-Debug/ament_cmake_index/share/ament_index/resource_index/package_run_dependencies) by extensions ['ros']
[0.626s] Level 1:colcon.colcon_core.package_identification:_identify(src/build-hello_moveit-Desktop-Debug/ament_cmake_index/share/ament_index/resource_index/package_run_dependencies) by extension 'ros'
[0.626s] Level 1:colcon.colcon_core.package_identification:_identify(src/build-hello_moveit-Desktop-Debug/ament_cmake_index/share/ament_index/resource_index/package_run_dependencies) by extensions ['cmake', 'python']
[0.626s] Level 1:colcon.colcon_core.package_identification:_identify(src/build-hello_moveit-Desktop-Debug/ament_cmake_index/share/ament_index/resource_index/package_run_dependencies) by extension 'cmake'
[0.626s] Level 1:colcon.colcon_core.package_identification:_identify(src/build-hello_moveit-Desktop-Debug/ament_cmake_index/share/ament_index/resource_index/package_run_dependencies) by extension 'python'
[0.626s] Level 1:colcon.colcon_core.package_identification:_identify(src/build-hello_moveit-Desktop-Debug/ament_cmake_index/share/ament_index/resource_index/package_run_dependencies) by extensions ['python_setup_py']
[0.626s] Level 1:colcon.colcon_core.package_identification:_identify(src/build-hello_moveit-Desktop-Debug/ament_cmake_index/share/ament_index/resource_index/package_run_dependencies) by extension 'python_setup_py'
[0.626s] Level 1:colcon.colcon_core.package_identification:_identify(src/build-hello_moveit-Desktop-Debug/ament_cmake_index/share/ament_index/resource_index/packages) by extensions ['ignore', 'ignore_ament_install']
[0.626s] Level 1:colcon.colcon_core.package_identification:_identify(src/build-hello_moveit-Desktop-Debug/ament_cmake_index/share/ament_index/resource_index/packages) by extension 'ignore'
[0.626s] Level 1:colcon.colcon_core.package_identification:_identify(src/build-hello_moveit-Desktop-Debug/ament_cmake_index/share/ament_index/resource_index/packages) by extension 'ignore_ament_install'
[0.627s] Level 1:colcon.colcon_core.package_identification:_identify(src/build-hello_moveit-Desktop-Debug/ament_cmake_index/share/ament_index/resource_index/packages) by extensions ['colcon_pkg']
[0.627s] Level 1:colcon.colcon_core.package_identification:_identify(src/build-hello_moveit-Desktop-Debug/ament_cmake_index/share/ament_index/resource_index/packages) by extension 'colcon_pkg'
[0.627s] Level 1:colcon.colcon_core.package_identification:_identify(src/build-hello_moveit-Desktop-Debug/ament_cmake_index/share/ament_index/resource_index/packages) by extensions ['colcon_meta']
[0.627s] Level 1:colcon.colcon_core.package_identification:_identify(src/build-hello_moveit-Desktop-Debug/ament_cmake_index/share/ament_index/resource_index/packages) by extension 'colcon_meta'
[0.627s] Level 1:colcon.colcon_core.package_identification:_identify(src/build-hello_moveit-Desktop-Debug/ament_cmake_index/share/ament_index/resource_index/packages) by extensions ['ros']
[0.627s] Level 1:colcon.colcon_core.package_identification:_identify(src/build-hello_moveit-Desktop-Debug/ament_cmake_index/share/ament_index/resource_index/packages) by extension 'ros'
[0.627s] Level 1:colcon.colcon_core.package_identification:_identify(src/build-hello_moveit-Desktop-Debug/ament_cmake_index/share/ament_index/resource_index/packages) by extensions ['cmake', 'python']
[0.627s] Level 1:colcon.colcon_core.package_identification:_identify(src/build-hello_moveit-Desktop-Debug/ament_cmake_index/share/ament_index/resource_index/packages) by extension 'cmake'
[0.627s] Level 1:colcon.colcon_core.package_identification:_identify(src/build-hello_moveit-Desktop-Debug/ament_cmake_index/share/ament_index/resource_index/packages) by extension 'python'
[0.627s] Level 1:colcon.colcon_core.package_identification:_identify(src/build-hello_moveit-Desktop-Debug/ament_cmake_index/share/ament_index/resource_index/packages) by extensions ['python_setup_py']
[0.627s] Level 1:colcon.colcon_core.package_identification:_identify(src/build-hello_moveit-Desktop-Debug/ament_cmake_index/share/ament_index/resource_index/packages) by extension 'python_setup_py'
[0.627s] Level 1:colcon.colcon_core.package_identification:_identify(src/build-hello_moveit-Desktop-Debug/ament_cmake_index/share/ament_index/resource_index/parent_prefix_path) by extensions ['ignore', 'ignore_ament_install']
[0.627s] Level 1:colcon.colcon_core.package_identification:_identify(src/build-hello_moveit-Desktop-Debug/ament_cmake_index/share/ament_index/resource_index/parent_prefix_path) by extension 'ignore'
[0.627s] Level 1:colcon.colcon_core.package_identification:_identify(src/build-hello_moveit-Desktop-Debug/ament_cmake_index/share/ament_index/resource_index/parent_prefix_path) by extension 'ignore_ament_install'
[0.627s] Level 1:colcon.colcon_core.package_identification:_identify(src/build-hello_moveit-Desktop-Debug/ament_cmake_index/share/ament_index/resource_index/parent_prefix_path) by extensions ['colcon_pkg']
[0.627s] Level 1:colcon.colcon_core.package_identification:_identify(src/build-hello_moveit-Desktop-Debug/ament_cmake_index/share/ament_index/resource_index/parent_prefix_path) by extension 'colcon_pkg'
[0.627s] Level 1:colcon.colcon_core.package_identification:_identify(src/build-hello_moveit-Desktop-Debug/ament_cmake_index/share/ament_index/resource_index/parent_prefix_path) by extensions ['colcon_meta']
[0.627s] Level 1:colcon.colcon_core.package_identification:_identify(src/build-hello_moveit-Desktop-Debug/ament_cmake_index/share/ament_index/resource_index/parent_prefix_path) by extension 'colcon_meta'
[0.627s] Level 1:colcon.colcon_core.package_identification:_identify(src/build-hello_moveit-Desktop-Debug/ament_cmake_index/share/ament_index/resource_index/parent_prefix_path) by extensions ['ros']
[0.627s] Level 1:colcon.colcon_core.package_identification:_identify(src/build-hello_moveit-Desktop-Debug/ament_cmake_index/share/ament_index/resource_index/parent_prefix_path) by extension 'ros'
[0.627s] Level 1:colcon.colcon_core.package_identification:_identify(src/build-hello_moveit-Desktop-Debug/ament_cmake_index/share/ament_index/resource_index/parent_prefix_path) by extensions ['cmake', 'python']
[0.627s] Level 1:colcon.colcon_core.package_identification:_identify(src/build-hello_moveit-Desktop-Debug/ament_cmake_index/share/ament_index/resource_index/parent_prefix_path) by extension 'cmake'
[0.628s] Level 1:colcon.colcon_core.package_identification:_identify(src/build-hello_moveit-Desktop-Debug/ament_cmake_index/share/ament_index/resource_index/parent_prefix_path) by extension 'python'
[0.628s] Level 1:colcon.colcon_core.package_identification:_identify(src/build-hello_moveit-Desktop-Debug/ament_cmake_index/share/ament_index/resource_index/parent_prefix_path) by extensions ['python_setup_py']
[0.628s] Level 1:colcon.colcon_core.package_identification:_identify(src/build-hello_moveit-Desktop-Debug/ament_cmake_index/share/ament_index/resource_index/parent_prefix_path) by extension 'python_setup_py'
[0.628s] Level 1:colcon.colcon_core.package_identification:_identify(src/build-hello_moveit-Desktop-Debug/ament_cmake_package_templates) by extensions ['ignore', 'ignore_ament_install']
[0.628s] Level 1:colcon.colcon_core.package_identification:_identify(src/build-hello_moveit-Desktop-Debug/ament_cmake_package_templates) by extension 'ignore'
[0.628s] Level 1:colcon.colcon_core.package_identification:_identify(src/build-hello_moveit-Desktop-Debug/ament_cmake_package_templates) by extension 'ignore_ament_install'
[0.628s] Level 1:colcon.colcon_core.package_identification:_identify(src/build-hello_moveit-Desktop-Debug/ament_cmake_package_templates) by extensions ['colcon_pkg']
[0.628s] Level 1:colcon.colcon_core.package_identification:_identify(src/build-hello_moveit-Desktop-Debug/ament_cmake_package_templates) by extension 'colcon_pkg'
[0.628s] Level 1:colcon.colcon_core.package_identification:_identify(src/build-hello_moveit-Desktop-Debug/ament_cmake_package_templates) by extensions ['colcon_meta']
[0.628s] Level 1:colcon.colcon_core.package_identification:_identify(src/build-hello_moveit-Desktop-Debug/ament_cmake_package_templates) by extension 'colcon_meta'
[0.628s] Level 1:colcon.colcon_core.package_identification:_identify(src/build-hello_moveit-Desktop-Debug/ament_cmake_package_templates) by extensions ['ros']
[0.628s] Level 1:colcon.colcon_core.package_identification:_identify(src/build-hello_moveit-Desktop-Debug/ament_cmake_package_templates) by extension 'ros'
[0.628s] Level 1:colcon.colcon_core.package_identification:_identify(src/build-hello_moveit-Desktop-Debug/ament_cmake_package_templates) by extensions ['cmake', 'python']
[0.628s] Level 1:colcon.colcon_core.package_identification:_identify(src/build-hello_moveit-Desktop-Debug/ament_cmake_package_templates) by extension 'cmake'
[0.629s] Level 1:colcon.colcon_core.package_identification:_identify(src/build-hello_moveit-Desktop-Debug/ament_cmake_package_templates) by extension 'python'
[0.629s] Level 1:colcon.colcon_core.package_identification:_identify(src/build-hello_moveit-Desktop-Debug/ament_cmake_package_templates) by extensions ['python_setup_py']
[0.629s] Level 1:colcon.colcon_core.package_identification:_identify(src/build-hello_moveit-Desktop-Debug/ament_cmake_package_templates) by extension 'python_setup_py'
[0.629s] Level 1:colcon.colcon_core.package_identification:_identify(src/build-hello_moveit-Desktop-Debug/ament_cmake_uninstall_target) by extensions ['ignore', 'ignore_ament_install']
[0.629s] Level 1:colcon.colcon_core.package_identification:_identify(src/build-hello_moveit-Desktop-Debug/ament_cmake_uninstall_target) by extension 'ignore'
[0.629s] Level 1:colcon.colcon_core.package_identification:_identify(src/build-hello_moveit-Desktop-Debug/ament_cmake_uninstall_target) by extension 'ignore_ament_install'
[0.629s] Level 1:colcon.colcon_core.package_identification:_identify(src/build-hello_moveit-Desktop-Debug/ament_cmake_uninstall_target) by extensions ['colcon_pkg']
[0.629s] Level 1:colcon.colcon_core.package_identification:_identify(src/build-hello_moveit-Desktop-Debug/ament_cmake_uninstall_target) by extension 'colcon_pkg'
[0.629s] Level 1:colcon.colcon_core.package_identification:_identify(src/build-hello_moveit-Desktop-Debug/ament_cmake_uninstall_target) by extensions ['colcon_meta']
[0.629s] Level 1:colcon.colcon_core.package_identification:_identify(src/build-hello_moveit-Desktop-Debug/ament_cmake_uninstall_target) by extension 'colcon_meta'
[0.629s] Level 1:colcon.colcon_core.package_identification:_identify(src/build-hello_moveit-Desktop-Debug/ament_cmake_uninstall_target) by extensions ['ros']
[0.629s] Level 1:colcon.colcon_core.package_identification:_identify(src/build-hello_moveit-Desktop-Debug/ament_cmake_uninstall_target) by extension 'ros'
[0.629s] Level 1:colcon.colcon_core.package_identification:_identify(src/build-hello_moveit-Desktop-Debug/ament_cmake_uninstall_target) by extensions ['cmake', 'python']
[0.629s] Level 1:colcon.colcon_core.package_identification:_identify(src/build-hello_moveit-Desktop-Debug/ament_cmake_uninstall_target) by extension 'cmake'
[0.629s] Level 1:colcon.colcon_core.package_identification:_identify(src/build-hello_moveit-Desktop-Debug/ament_cmake_uninstall_target) by extension 'python'
[0.629s] Level 1:colcon.colcon_core.package_identification:_identify(src/build-hello_moveit-Desktop-Debug/ament_cmake_uninstall_target) by extensions ['python_setup_py']
[0.629s] Level 1:colcon.colcon_core.package_identification:_identify(src/build-hello_moveit-Desktop-Debug/ament_cmake_uninstall_target) by extension 'python_setup_py'
[0.629s] Level 1:colcon.colcon_core.package_identification:_identify(src/hello_moveit) by extensions ['ignore', 'ignore_ament_install']
[0.629s] Level 1:colcon.colcon_core.package_identification:_identify(src/hello_moveit) by extension 'ignore'
[0.629s] Level 1:colcon.colcon_core.package_identification:_identify(src/hello_moveit) by extension 'ignore_ament_install'
[0.629s] Level 1:colcon.colcon_core.package_identification:_identify(src/hello_moveit) by extensions ['colcon_pkg']
[0.630s] Level 1:colcon.colcon_core.package_identification:_identify(src/hello_moveit) by extension 'colcon_pkg'
[0.630s] Level 1:colcon.colcon_core.package_identification:_identify(src/hello_moveit) by extensions ['colcon_meta']
[0.630s] Level 1:colcon.colcon_core.package_identification:_identify(src/hello_moveit) by extension 'colcon_meta'
[0.630s] Level 1:colcon.colcon_core.package_identification:_identify(src/hello_moveit) by extensions ['ros']
[0.630s] Level 1:colcon.colcon_core.package_identification:_identify(src/hello_moveit) by extension 'ros'
[0.632s] DEBUG:colcon.colcon_core.package_identification:Package 'src/hello_moveit' with type 'ros.ament_cmake' and name 'hello_moveit'
[0.632s] Level 1:colcon.colcon_core.package_identification:_identify(src/hello_ur) by extensions ['ignore', 'ignore_ament_install']
[0.632s] Level 1:colcon.colcon_core.package_identification:_identify(src/hello_ur) by extension 'ignore'
[0.632s] Level 1:colcon.colcon_core.package_identification:_identify(src/hello_ur) by extension 'ignore_ament_install'
[0.632s] Level 1:colcon.colcon_core.package_identification:_identify(src/hello_ur) by extensions ['colcon_pkg']
[0.632s] Level 1:colcon.colcon_core.package_identification:_identify(src/hello_ur) by extension 'colcon_pkg'
[0.632s] Level 1:colcon.colcon_core.package_identification:_identify(src/hello_ur) by extensions ['colcon_meta']
[0.632s] Level 1:colcon.colcon_core.package_identification:_identify(src/hello_ur) by extension 'colcon_meta'
[0.632s] Level 1:colcon.colcon_core.package_identification:_identify(src/hello_ur) by extensions ['ros']
[0.632s] Level 1:colcon.colcon_core.package_identification:_identify(src/hello_ur) by extension 'ros'
[0.633s] DEBUG:colcon.colcon_core.package_identification:Package 'src/hello_ur' with type 'ros.ament_cmake' and name 'hello_ur'
[0.633s] Level 1:colcon.colcon_core.package_identification:_identify(src/install) by extensions ['ignore', 'ignore_ament_install']
[0.633s] Level 1:colcon.colcon_core.package_identification:_identify(src/install) by extension 'ignore'
[0.633s] Level 1:colcon.colcon_core.package_identification:_identify(src/install) ignored
[0.633s] Level 1:colcon.colcon_core.package_identification:_identify(src/launch_param_builder) by extensions ['ignore', 'ignore_ament_install']
[0.633s] Level 1:colcon.colcon_core.package_identification:_identify(src/launch_param_builder) by extension 'ignore'
[0.633s] Level 1:colcon.colcon_core.package_identification:_identify(src/launch_param_builder) by extension 'ignore_ament_install'
[0.633s] Level 1:colcon.colcon_core.package_identification:_identify(src/launch_param_builder) by extensions ['colcon_pkg']
[0.633s] Level 1:colcon.colcon_core.package_identification:_identify(src/launch_param_builder) by extension 'colcon_pkg'
[0.633s] Level 1:colcon.colcon_core.package_identification:_identify(src/launch_param_builder) by extensions ['colcon_meta']
[0.633s] Level 1:colcon.colcon_core.package_identification:_identify(src/launch_param_builder) by extension 'colcon_meta'
[0.633s] Level 1:colcon.colcon_core.package_identification:_identify(src/launch_param_builder) by extensions ['ros']
[0.633s] Level 1:colcon.colcon_core.package_identification:_identify(src/launch_param_builder) by extension 'ros'
[0.634s] Level 1:colcon.colcon_core.package_identification:_identify(src/launch_param_builder) by extensions ['cmake', 'python']
[0.634s] Level 1:colcon.colcon_core.package_identification:_identify(src/launch_param_builder) by extension 'cmake'
[0.634s] Level 1:colcon.colcon_core.package_identification:_identify(src/launch_param_builder) by extension 'python'
[0.634s] Level 1:colcon.colcon_core.package_identification:_identify(src/launch_param_builder) by extensions ['python_setup_py']
[0.634s] Level 1:colcon.colcon_core.package_identification:_identify(src/launch_param_builder) by extension 'python_setup_py'
[0.634s] Level 1:colcon.colcon_core.package_identification:_identify(src/log) by extensions ['ignore', 'ignore_ament_install']
[0.634s] Level 1:colcon.colcon_core.package_identification:_identify(src/log) by extension 'ignore'
[0.634s] Level 1:colcon.colcon_core.package_identification:_identify(src/log) ignored
[0.634s] Level 1:colcon.colcon_core.package_identification:_identify(src/moveit2) by extensions ['ignore', 'ignore_ament_install']
[0.634s] Level 1:colcon.colcon_core.package_identification:_identify(src/moveit2) by extension 'ignore'
[0.634s] Level 1:colcon.colcon_core.package_identification:_identify(src/moveit2) by extension 'ignore_ament_install'
[0.634s] Level 1:colcon.colcon_core.package_identification:_identify(src/moveit2) by extensions ['colcon_pkg']
[0.634s] Level 1:colcon.colcon_core.package_identification:_identify(src/moveit2) by extension 'colcon_pkg'
[0.634s] Level 1:colcon.colcon_core.package_identification:_identify(src/moveit2) by extensions ['colcon_meta']
[0.634s] Level 1:colcon.colcon_core.package_identification:_identify(src/moveit2) by extension 'colcon_meta'
[0.634s] Level 1:colcon.colcon_core.package_identification:_identify(src/moveit2) by extensions ['ros']
[0.634s] Level 1:colcon.colcon_core.package_identification:_identify(src/moveit2) by extension 'ros'
[0.634s] Level 1:colcon.colcon_core.package_identification:_identify(src/moveit2) by extensions ['cmake', 'python']
[0.634s] Level 1:colcon.colcon_core.package_identification:_identify(src/moveit2) by extension 'cmake'
[0.634s] Level 1:colcon.colcon_core.package_identification:_identify(src/moveit2) by extension 'python'
[0.634s] Level 1:colcon.colcon_core.package_identification:_identify(src/moveit2) by extensions ['python_setup_py']
[0.634s] Level 1:colcon.colcon_core.package_identification:_identify(src/moveit2) by extension 'python_setup_py'
[0.634s] Level 1:colcon.colcon_core.package_identification:_identify(src/moveit2_tutorials) by extensions ['ignore', 'ignore_ament_install']
[0.635s] Level 1:colcon.colcon_core.package_identification:_identify(src/moveit2_tutorials) by extension 'ignore'
[0.635s] Level 1:colcon.colcon_core.package_identification:_identify(src/moveit2_tutorials) by extension 'ignore_ament_install'
[0.635s] Level 1:colcon.colcon_core.package_identification:_identify(src/moveit2_tutorials) by extensions ['colcon_pkg']
[0.635s] Level 1:colcon.colcon_core.package_identification:_identify(src/moveit2_tutorials) by extension 'colcon_pkg'
[0.635s] Level 1:colcon.colcon_core.package_identification:_identify(src/moveit2_tutorials) by extensions ['colcon_meta']
[0.635s] Level 1:colcon.colcon_core.package_identification:_identify(src/moveit2_tutorials) by extension 'colcon_meta'
[0.635s] Level 1:colcon.colcon_core.package_identification:_identify(src/moveit2_tutorials) by extensions ['ros']
[0.635s] Level 1:colcon.colcon_core.package_identification:_identify(src/moveit2_tutorials) by extension 'ros'
[0.635s] Level 1:colcon.colcon_core.package_identification:_identify(src/moveit2_tutorials) by extensions ['cmake', 'python']
[0.635s] Level 1:colcon.colcon_core.package_identification:_identify(src/moveit2_tutorials) by extension 'cmake'
[0.635s] Level 1:colcon.colcon_core.package_identification:_identify(src/moveit2_tutorials) by extension 'python'
[0.635s] Level 1:colcon.colcon_core.package_identification:_identify(src/moveit2_tutorials) by extensions ['python_setup_py']
[0.635s] Level 1:colcon.colcon_core.package_identification:_identify(src/moveit2_tutorials) by extension 'python_setup_py'
[0.635s] Level 1:colcon.colcon_core.package_identification:_identify(src/moveit_resources) by extensions ['ignore', 'ignore_ament_install']
[0.635s] Level 1:colcon.colcon_core.package_identification:_identify(src/moveit_resources) by extension 'ignore'
[0.635s] Level 1:colcon.colcon_core.package_identification:_identify(src/moveit_resources) by extension 'ignore_ament_install'
[0.635s] Level 1:colcon.colcon_core.package_identification:_identify(src/moveit_resources) by extensions ['colcon_pkg']
[0.635s] Level 1:colcon.colcon_core.package_identification:_identify(src/moveit_resources) by extension 'colcon_pkg'
[0.635s] Level 1:colcon.colcon_core.package_identification:_identify(src/moveit_resources) by extensions ['colcon_meta']
[0.635s] Level 1:colcon.colcon_core.package_identification:_identify(src/moveit_resources) by extension 'colcon_meta'
[0.635s] Level 1:colcon.colcon_core.package_identification:_identify(src/moveit_resources) by extensions ['ros']
[0.635s] Level 1:colcon.colcon_core.package_identification:_identify(src/moveit_resources) by extension 'ros'
[0.635s] Level 1:colcon.colcon_core.package_identification:_identify(src/moveit_resources) by extensions ['cmake', 'python']
[0.635s] Level 1:colcon.colcon_core.package_identification:_identify(src/moveit_resources) by extension 'cmake'
[0.635s] Level 1:colcon.colcon_core.package_identification:_identify(src/moveit_resources) by extension 'python'
[0.635s] Level 1:colcon.colcon_core.package_identification:_identify(src/moveit_resources) by extensions ['python_setup_py']
[0.635s] Level 1:colcon.colcon_core.package_identification:_identify(src/moveit_resources) by extension 'python_setup_py'
[0.635s] Level 1:colcon.colcon_core.package_identification:_identify(src/moveit_task_constructor) by extensions ['ignore', 'ignore_ament_install']
[0.636s] Level 1:colcon.colcon_core.package_identification:_identify(src/moveit_task_constructor) by extension 'ignore'
[0.636s] Level 1:colcon.colcon_core.package_identification:_identify(src/moveit_task_constructor) by extension 'ignore_ament_install'
[0.636s] Level 1:colcon.colcon_core.package_identification:_identify(src/moveit_task_constructor) by extensions ['colcon_pkg']
[0.636s] Level 1:colcon.colcon_core.package_identification:_identify(src/moveit_task_constructor) by extension 'colcon_pkg'
[0.636s] Level 1:colcon.colcon_core.package_identification:_identify(src/moveit_task_constructor) by extensions ['colcon_meta']
[0.636s] Level 1:colcon.colcon_core.package_identification:_identify(src/moveit_task_constructor) by extension 'colcon_meta'
[0.636s] Level 1:colcon.colcon_core.package_identification:_identify(src/moveit_task_constructor) by extensions ['ros']
[0.636s] Level 1:colcon.colcon_core.package_identification:_identify(src/moveit_task_constructor) by extension 'ros'
[0.636s] Level 1:colcon.colcon_core.package_identification:_identify(src/moveit_task_constructor) by extensions ['cmake', 'python']
[0.636s] Level 1:colcon.colcon_core.package_identification:_identify(src/moveit_task_constructor) by extension 'cmake'
[0.636s] Level 1:colcon.colcon_core.package_identification:_identify(src/moveit_task_constructor) by extension 'python'
[0.636s] Level 1:colcon.colcon_core.package_identification:_identify(src/moveit_task_constructor) by extensions ['python_setup_py']
[0.636s] Level 1:colcon.colcon_core.package_identification:_identify(src/moveit_task_constructor) by extension 'python_setup_py'
[0.636s] Level 1:colcon.colcon_core.package_identification:_identify(src/moveit_visual_tools) by extensions ['ignore', 'ignore_ament_install']
[0.636s] Level 1:colcon.colcon_core.package_identification:_identify(src/moveit_visual_tools) by extension 'ignore'
[0.636s] Level 1:colcon.colcon_core.package_identification:_identify(src/moveit_visual_tools) by extension 'ignore_ament_install'
[0.636s] Level 1:colcon.colcon_core.package_identification:_identify(src/moveit_visual_tools) by extensions ['colcon_pkg']
[0.636s] Level 1:colcon.colcon_core.package_identification:_identify(src/moveit_visual_tools) by extension 'colcon_pkg'
[0.636s] Level 1:colcon.colcon_core.package_identification:_identify(src/moveit_visual_tools) by extensions ['colcon_meta']
[0.636s] Level 1:colcon.colcon_core.package_identification:_identify(src/moveit_visual_tools) by extension 'colcon_meta'
[0.636s] Level 1:colcon.colcon_core.package_identification:_identify(src/moveit_visual_tools) by extensions ['ros']
[0.637s] Level 1:colcon.colcon_core.package_identification:_identify(src/moveit_visual_tools) by extension 'ros'
[0.637s] Level 1:colcon.colcon_core.package_identification:_identify(src/moveit_visual_tools) by extensions ['cmake', 'python']
[0.637s] Level 1:colcon.colcon_core.package_identification:_identify(src/moveit_visual_tools) by extension 'cmake'
[0.637s] Level 1:colcon.colcon_core.package_identification:_identify(src/moveit_visual_tools) by extension 'python'
[0.637s] Level 1:colcon.colcon_core.package_identification:_identify(src/moveit_visual_tools) by extensions ['python_setup_py']
[0.637s] Level 1:colcon.colcon_core.package_identification:_identify(src/moveit_visual_tools) by extension 'python_setup_py'
[0.637s] Level 1:colcon.colcon_core.package_identification:_identify(src/mtc_tutorial) by extensions ['ignore', 'ignore_ament_install']
[0.637s] Level 1:colcon.colcon_core.package_identification:_identify(src/mtc_tutorial) by extension 'ignore'
[0.637s] Level 1:colcon.colcon_core.package_identification:_identify(src/mtc_tutorial) by extension 'ignore_ament_install'
[0.637s] Level 1:colcon.colcon_core.package_identification:_identify(src/mtc_tutorial) by extensions ['colcon_pkg']
[0.637s] Level 1:colcon.colcon_core.package_identification:_identify(src/mtc_tutorial) by extension 'colcon_pkg'
[0.637s] Level 1:colcon.colcon_core.package_identification:_identify(src/mtc_tutorial) by extensions ['colcon_meta']
[0.637s] Level 1:colcon.colcon_core.package_identification:_identify(src/mtc_tutorial) by extension 'colcon_meta'
[0.637s] Level 1:colcon.colcon_core.package_identification:_identify(src/mtc_tutorial) by extensions ['ros']
[0.637s] Level 1:colcon.colcon_core.package_identification:_identify(src/mtc_tutorial) by extension 'ros'
[0.637s] DEBUG:colcon.colcon_core.package_identification:Package 'src/mtc_tutorial' with type 'ros.ament_cmake' and name 'mtc_tutorial'
[0.638s] Level 1:colcon.colcon_core.package_identification:_identify(src/rosparam_shortcuts) by extensions ['ignore', 'ignore_ament_install']
[0.638s] Level 1:colcon.colcon_core.package_identification:_identify(src/rosparam_shortcuts) by extension 'ignore'
[0.638s] Level 1:colcon.colcon_core.package_identification:_identify(src/rosparam_shortcuts) by extension 'ignore_ament_install'
[0.638s] Level 1:colcon.colcon_core.package_identification:_identify(src/rosparam_shortcuts) by extensions ['colcon_pkg']
[0.638s] Level 1:colcon.colcon_core.package_identification:_identify(src/rosparam_shortcuts) by extension 'colcon_pkg'
[0.638s] Level 1:colcon.colcon_core.package_identification:_identify(src/rosparam_shortcuts) by extensions ['colcon_meta']
[0.638s] Level 1:colcon.colcon_core.package_identification:_identify(src/rosparam_shortcuts) by extension 'colcon_meta'
[0.638s] Level 1:colcon.colcon_core.package_identification:_identify(src/rosparam_shortcuts) by extensions ['ros']
[0.638s] Level 1:colcon.colcon_core.package_identification:_identify(src/rosparam_shortcuts) by extension 'ros'
[0.638s] Level 1:colcon.colcon_core.package_identification:_identify(src/rosparam_shortcuts) by extensions ['cmake', 'python']
[0.638s] Level 1:colcon.colcon_core.package_identification:_identify(src/rosparam_shortcuts) by extension 'cmake'
[0.638s] Level 1:colcon.colcon_core.package_identification:_identify(src/rosparam_shortcuts) by extension 'python'
[0.638s] Level 1:colcon.colcon_core.package_identification:_identify(src/rosparam_shortcuts) by extensions ['python_setup_py']
[0.638s] Level 1:colcon.colcon_core.package_identification:_identify(src/rosparam_shortcuts) by extension 'python_setup_py'
[0.638s] Level 1:colcon.colcon_core.package_identification:_identify(src/srdfdom) by extensions ['ignore', 'ignore_ament_install']
[0.638s] Level 1:colcon.colcon_core.package_identification:_identify(src/srdfdom) by extension 'ignore'
[0.638s] Level 1:colcon.colcon_core.package_identification:_identify(src/srdfdom) by extension 'ignore_ament_install'
[0.638s] Level 1:colcon.colcon_core.package_identification:_identify(src/srdfdom) by extensions ['colcon_pkg']
[0.638s] Level 1:colcon.colcon_core.package_identification:_identify(src/srdfdom) by extension 'colcon_pkg'
[0.638s] Level 1:colcon.colcon_core.package_identification:_identify(src/srdfdom) by extensions ['colcon_meta']
[0.638s] Level 1:colcon.colcon_core.package_identification:_identify(src/srdfdom) by extension 'colcon_meta'
[0.638s] Level 1:colcon.colcon_core.package_identification:_identify(src/srdfdom) by extensions ['ros']
[0.638s] Level 1:colcon.colcon_core.package_identification:_identify(src/srdfdom) by extension 'ros'
[0.638s] Level 1:colcon.colcon_core.package_identification:_identify(src/srdfdom) by extensions ['cmake', 'python']
[0.639s] Level 1:colcon.colcon_core.package_identification:_identify(src/srdfdom) by extension 'cmake'
[0.639s] Level 1:colcon.colcon_core.package_identification:_identify(src/srdfdom) by extension 'python'
[0.639s] Level 1:colcon.colcon_core.package_identification:_identify(src/srdfdom) by extensions ['python_setup_py']
[0.639s] Level 1:colcon.colcon_core.package_identification:_identify(src/srdfdom) by extension 'python_setup_py'
[0.639s] Level 1:colcon.colcon_core.package_discovery:discover_packages(recursive) using defaults
[0.639s] Level 1:colcon.colcon_core.package_discovery:discover_packages(ignore) discover
[0.639s] Level 1:colcon.colcon_core.package_discovery:discover_packages(ignore) using defaults
[0.639s] Level 1:colcon.colcon_core.package_discovery:discover_packages(path) discover
[0.639s] Level 1:colcon.colcon_core.package_discovery:discover_packages(path) using defaults
[0.675s] INFO:colcon.colcon_core.package_selection:Skipping not selected package 'hello_ur' in 'src/hello_ur'
[0.675s] INFO:colcon.colcon_core.package_selection:Skipping not selected package 'mtc_tutorial' in 'src/mtc_tutorial'
[0.691s] Level 1:colcon.colcon_core.package_discovery:discover_packages(prefix_path) check parameters
[0.691s] Level 1:colcon.colcon_core.package_discovery:discover_packages(prefix_path) discover
[0.707s] DEBUG:colcon.colcon_installed_package_information.package_discovery:Found 9 installed packages in /home/aw/ros2_ws/install
[0.715s] DEBUG:colcon.colcon_installed_package_information.package_discovery:Found 271 installed packages in /opt/ros/humble
[0.715s] Level 1:colcon.colcon_core.package_discovery:discover_packages(prefix_path) using defaults
[0.769s] Level 5:colcon.colcon_core.verb:set package 'hello_moveit' build argument 'cmake_args' from command line to 'None'
[0.769s] Level 5:colcon.colcon_core.verb:set package 'hello_moveit' build argument 'cmake_target' from command line to 'None'
[0.769s] Level 5:colcon.colcon_core.verb:set package 'hello_moveit' build argument 'cmake_target_skip_unavailable' from command line to 'False'
[0.769s] Level 5:colcon.colcon_core.verb:set package 'hello_moveit' build argument 'cmake_clean_cache' from command line to 'False'
[0.769s] Level 5:colcon.colcon_core.verb:set package 'hello_moveit' build argument 'cmake_clean_first' from command line to 'False'
[0.769s] Level 5:colcon.colcon_core.verb:set package 'hello_moveit' build argument 'cmake_force_configure' from command line to 'False'
[0.769s] Level 5:colcon.colcon_core.verb:set package 'hello_moveit' build argument 'ament_cmake_args' from command line to 'None'
[0.769s] Level 5:colcon.colcon_core.verb:set package 'hello_moveit' build argument 'catkin_cmake_args' from command line to 'None'
[0.769s] Level 5:colcon.colcon_core.verb:set package 'hello_moveit' build argument 'catkin_skip_building_tests' from command line to 'False'
[0.770s] DEBUG:colcon.colcon_core.verb:Building package 'hello_moveit' with the following arguments: {'ament_cmake_args': None, 'build_base': '/home/aw/restackcell/ws_moveit2/build/hello_moveit', 'catkin_cmake_args': None, 'catkin_skip_building_tests': False, 'cmake_args': None, 'cmake_clean_cache': False, 'cmake_clean_first': False, 'cmake_force_configure': False, 'cmake_target': None, 'cmake_target_skip_unavailable': False, 'install_base': '/home/aw/restackcell/ws_moveit2/install/hello_moveit', 'merge_install': False, 'path': '/home/aw/restackcell/ws_moveit2/src/hello_moveit', 'symlink_install': False, 'test_result_base': None}
[0.776s] INFO:colcon.colcon_core.executor:Executing jobs using 'parallel' executor
[0.785s] DEBUG:colcon.colcon_parallel_executor.executor.parallel:run_until_complete
[0.785s] INFO:colcon.colcon_ros.task.ament_cmake.build:Building ROS package in '/home/aw/restackcell/ws_moveit2/src/hello_moveit' with build type 'ament_cmake'
[0.785s] INFO:colcon.colcon_cmake.task.cmake.build:Building CMake package in '/home/aw/restackcell/ws_moveit2/src/hello_moveit'
[0.795s] INFO:colcon.colcon_core.plugin_system:Skipping extension 'colcon_core.shell.bat': Not used on non-Windows systems
[0.795s] INFO:colcon.colcon_core.shell:Skip shell extension 'powershell' for command environment: Not usable outside of PowerShell
[0.795s] DEBUG:colcon.colcon_core.shell:Skip shell extension 'dsv' for command environment
[0.824s] DEBUG:colcon.colcon_core.event_handler.log_command:Invoking command in '/home/aw/restackcell/ws_moveit2/build/hello_moveit': CMAKE_PREFIX_PATH=${CMAKE_PREFIX_PATH}:/opt/ros/humble /usr/bin/cmake --build /home/aw/restackcell/ws_moveit2/build/hello_moveit -- -j16 -l16
[4.249s] DEBUG:colcon.colcon_core.event_handler.log_command:Invoked command in '/home/aw/restackcell/ws_moveit2/build/hello_moveit' returned '0': CMAKE_PREFIX_PATH=${CMAKE_PREFIX_PATH}:/opt/ros/humble /usr/bin/cmake --build /home/aw/restackcell/ws_moveit2/build/hello_moveit -- -j16 -l16
[4.273s] DEBUG:colcon.colcon_core.event_handler.log_command:Invoking command in '/home/aw/restackcell/ws_moveit2/build/hello_moveit': CMAKE_PREFIX_PATH=${CMAKE_PREFIX_PATH}:/opt/ros/humble /usr/bin/cmake --install /home/aw/restackcell/ws_moveit2/build/hello_moveit
[4.283s] Level 1:colcon.colcon_core.environment:create_environment_scripts_only(hello_moveit)
[4.283s] DEBUG:colcon.colcon_core.event_handler.log_command:Invoked command in '/home/aw/restackcell/ws_moveit2/build/hello_moveit' returned '0': CMAKE_PREFIX_PATH=${CMAKE_PREFIX_PATH}:/opt/ros/humble /usr/bin/cmake --install /home/aw/restackcell/ws_moveit2/build/hello_moveit
[4.292s] Level 1:colcon.colcon_core.environment:checking '/home/aw/restackcell/ws_moveit2/install/hello_moveit' for CMake module files
[4.293s] Level 1:colcon.colcon_core.environment:checking '/home/aw/restackcell/ws_moveit2/install/hello_moveit' for CMake config files
[4.293s] Level 1:colcon.colcon_core.shell:create_environment_hook('hello_moveit', 'cmake_prefix_path')
[4.303s] INFO:colcon.colcon_core.shell:Creating environment hook '/home/aw/restackcell/ws_moveit2/install/hello_moveit/share/hello_moveit/hook/cmake_prefix_path.ps1'
[4.304s] INFO:colcon.colcon_core.shell:Creating environment descriptor '/home/aw/restackcell/ws_moveit2/install/hello_moveit/share/hello_moveit/hook/cmake_prefix_path.dsv'
[4.304s] INFO:colcon.colcon_core.shell:Creating environment hook '/home/aw/restackcell/ws_moveit2/install/hello_moveit/share/hello_moveit/hook/cmake_prefix_path.sh'
[4.305s] Level 1:colcon.colcon_core.environment:checking '/home/aw/restackcell/ws_moveit2/install/hello_moveit/lib'
[4.305s] Level 1:colcon.colcon_core.environment:checking '/home/aw/restackcell/ws_moveit2/install/hello_moveit/bin'
[4.305s] Level 1:colcon.colcon_core.environment:checking '/home/aw/restackcell/ws_moveit2/install/hello_moveit/lib/pkgconfig/hello_moveit.pc'
[4.305s] Level 1:colcon.colcon_core.environment:checking '/home/aw/restackcell/ws_moveit2/install/hello_moveit/lib/python3.10/site-packages'
[4.305s] Level 1:colcon.colcon_core.environment:checking '/home/aw/restackcell/ws_moveit2/install/hello_moveit/bin'
[4.313s] INFO:colcon.colcon_core.shell:Creating package script '/home/aw/restackcell/ws_moveit2/install/hello_moveit/share/hello_moveit/package.ps1'
[4.314s] INFO:colcon.colcon_core.shell:Creating package descriptor '/home/aw/restackcell/ws_moveit2/install/hello_moveit/share/hello_moveit/package.dsv'
[4.315s] INFO:colcon.colcon_core.shell:Creating package script '/home/aw/restackcell/ws_moveit2/install/hello_moveit/share/hello_moveit/package.sh'
[4.315s] INFO:colcon.colcon_core.shell:Creating package script '/home/aw/restackcell/ws_moveit2/install/hello_moveit/share/hello_moveit/package.bash'
[4.316s] INFO:colcon.colcon_core.shell:Creating package script '/home/aw/restackcell/ws_moveit2/install/hello_moveit/share/hello_moveit/package.zsh'
[4.317s] Level 1:colcon.colcon_core.environment:create_file_with_runtime_dependencies(/home/aw/restackcell/ws_moveit2/install/hello_moveit/share/colcon-core/packages/hello_moveit)
[4.343s] Level 1:colcon.colcon_core.environment:create_environment_scripts_only(hello_moveit)
[4.352s] Level 1:colcon.colcon_core.environment:checking '/home/aw/restackcell/ws_moveit2/install/hello_moveit' for CMake module files
[4.352s] Level 1:colcon.colcon_core.environment:checking '/home/aw/restackcell/ws_moveit2/install/hello_moveit' for CMake config files
[4.352s] Level 1:colcon.colcon_core.shell:create_environment_hook('hello_moveit', 'cmake_prefix_path')
[4.360s] INFO:colcon.colcon_core.shell:Creating environment hook '/home/aw/restackcell/ws_moveit2/install/hello_moveit/share/hello_moveit/hook/cmake_prefix_path.ps1'
[4.361s] INFO:colcon.colcon_core.shell:Creating environment descriptor '/home/aw/restackcell/ws_moveit2/install/hello_moveit/share/hello_moveit/hook/cmake_prefix_path.dsv'
[4.361s] INFO:colcon.colcon_core.shell:Creating environment hook '/home/aw/restackcell/ws_moveit2/install/hello_moveit/share/hello_moveit/hook/cmake_prefix_path.sh'
[4.361s] Level 1:colcon.colcon_core.environment:checking '/home/aw/restackcell/ws_moveit2/install/hello_moveit/lib'
[4.361s] Level 1:colcon.colcon_core.environment:checking '/home/aw/restackcell/ws_moveit2/install/hello_moveit/bin'
[4.361s] Level 1:colcon.colcon_core.environment:checking '/home/aw/restackcell/ws_moveit2/install/hello_moveit/lib/pkgconfig/hello_moveit.pc'
[4.362s] Level 1:colcon.colcon_core.environment:checking '/home/aw/restackcell/ws_moveit2/install/hello_moveit/lib/python3.10/site-packages'
[4.362s] Level 1:colcon.colcon_core.environment:checking '/home/aw/restackcell/ws_moveit2/install/hello_moveit/bin'
[4.371s] INFO:colcon.colcon_core.shell:Creating package script '/home/aw/restackcell/ws_moveit2/install/hello_moveit/share/hello_moveit/package.ps1'
[4.372s] INFO:colcon.colcon_core.shell:Creating package descriptor '/home/aw/restackcell/ws_moveit2/install/hello_moveit/share/hello_moveit/package.dsv'
[4.372s] INFO:colcon.colcon_core.shell:Creating package script '/home/aw/restackcell/ws_moveit2/install/hello_moveit/share/hello_moveit/package.sh'
[4.372s] INFO:colcon.colcon_core.shell:Creating package script '/home/aw/restackcell/ws_moveit2/install/hello_moveit/share/hello_moveit/package.bash'
[4.373s] INFO:colcon.colcon_core.shell:Creating package script '/home/aw/restackcell/ws_moveit2/install/hello_moveit/share/hello_moveit/package.zsh'
[4.373s] Level 1:colcon.colcon_core.environment:create_file_with_runtime_dependencies(/home/aw/restackcell/ws_moveit2/install/hello_moveit/share/colcon-core/packages/hello_moveit)
[4.373s] DEBUG:colcon.colcon_parallel_executor.executor.parallel:closing loop
[4.374s] DEBUG:colcon.colcon_parallel_executor.executor.parallel:loop closed
[4.374s] DEBUG:colcon.colcon_parallel_executor.executor.parallel:run_until_complete finished with '0'
[4.374s] DEBUG:colcon.colcon_core.event_reactor:joining thread
[4.403s] INFO:colcon.colcon_core.plugin_system:Skipping extension 'colcon_notification.desktop_notification.notify_send': Could not find 'notify-send'
[4.403s] INFO:colcon.colcon_core.plugin_system:Skipping extension 'colcon_notification.desktop_notification.terminal_notifier': Not used on non-Darwin systems
[4.403s] INFO:colcon.colcon_core.plugin_system:Skipping extension 'colcon_notification.desktop_notification.win32': Not used on non-Windows systems
[4.403s] INFO:colcon.colcon_notification.desktop_notification:Sending desktop notification using 'notify2'
[4.404s] DEBUG:colcon.colcon_notification.desktop_notification.notify2:Failed to initialize notify2: org.freedesktop.DBus.Error.ServiceUnknown: The name org.freedesktop.Notifications was not provided by any .service files
[4.404s] DEBUG:colcon.colcon_core.event_reactor:joined thread
[4.413s] INFO:colcon.colcon_core.shell:Creating prefix script '/home/aw/restackcell/ws_moveit2/install/local_setup.ps1'
[4.414s] INFO:colcon.colcon_core.shell:Creating prefix util module '/home/aw/restackcell/ws_moveit2/install/_local_setup_util_ps1.py'
[4.415s] INFO:colcon.colcon_core.shell:Creating prefix chain script '/home/aw/restackcell/ws_moveit2/install/setup.ps1'
[4.425s] INFO:colcon.colcon_core.shell:Creating prefix script '/home/aw/restackcell/ws_moveit2/install/local_setup.sh'
[4.425s] INFO:colcon.colcon_core.shell:Creating prefix util module '/home/aw/restackcell/ws_moveit2/install/_local_setup_util_sh.py'
[4.426s] INFO:colcon.colcon_core.shell:Creating prefix chain script '/home/aw/restackcell/ws_moveit2/install/setup.sh'
[4.434s] INFO:colcon.colcon_core.shell:Creating prefix script '/home/aw/restackcell/ws_moveit2/install/local_setup.bash'
[4.435s] INFO:colcon.colcon_core.shell:Creating prefix chain script '/home/aw/restackcell/ws_moveit2/install/setup.bash'
[4.444s] INFO:colcon.colcon_core.shell:Creating prefix script '/home/aw/restackcell/ws_moveit2/install/local_setup.zsh'
[4.444s] INFO:colcon.colcon_core.shell:Creating prefix chain script '/home/aw/restackcell/ws_moveit2/install/setup.zsh'
