[0.043s] Invoking command in '/home/aw/restackcell/ws_moveit2/build/hello_moveit': CMAKE_PREFIX_PATH=${CMAKE_PREFIX_PATH}:/opt/ros/humble /usr/bin/cmake --build /home/aw/restackcell/ws_moveit2/build/hello_moveit -- -j16 -l16
[0.074s] [35m[1mConsolidate compiler generated dependencies of target hello_moveit[0m
[0.089s] [ 20%] [32mBuilding CXX object CMakeFiles/hello_moveit.dir/src/hello_moveit.cpp.o[0m
[1.730s] [01m[K/home/aw/restackcell/ws_moveit2/src/hello_moveit/src/hello_moveit.cpp:65:5:[m[K [01;31m[Kerror: [m[Kredefinition of ‘[01m[Kint main(int, char**)[m[K’
[1.730s]    65 | int [01;31m[Kmain[m[K(int argc, char* argv[])
[1.730s]       |     [01;31m[K^~~~[m[K
[1.730s] [01m[K/home/aw/restackcell/ws_moveit2/src/hello_moveit/src/hello_moveit.cpp:28:5:[m[K [01;36m[Knote: [m[K‘[01m[Kint main(int, char**)[m[K’ previously defined here
[1.730s]    28 | int [01;36m[Kmain[m[K(int argc, char * argv[])
[1.731s]       |     [01;36m[K^~~~[m[K
[1.731s] [01m[K/home/aw/restackcell/ws_moveit2/src/hello_moveit/src/hello_moveit.cpp:[m[K In function ‘[01m[Kint main(int, char**)[m[K’:
[1.731s] [01m[K/home/aw/restackcell/ws_moveit2/src/hello_moveit/src/hello_moveit.cpp:65:14:[m[K [01;35m[Kwarning: [m[Kunused parameter ‘[01m[Kargc[m[K’ [[01;35m[K]8;;https://gcc.gnu.org/onlinedocs/gcc/Warning-Options.html#index-Wunused-parameter-Wunused-parameter]8;;[m[K]
[1.731s]    65 | int main([01;35m[Kint argc[m[K, char* argv[])
[1.731s]       |          [01;35m[K~~~~^~~~[m[K
[1.731s] [01m[K/home/aw/restackcell/ws_moveit2/src/hello_moveit/src/hello_moveit.cpp:65:26:[m[K [01;35m[Kwarning: [m[Kunused parameter ‘[01m[Kargv[m[K’ [[01;35m[K]8;;https://gcc.gnu.org/onlinedocs/gcc/Warning-Options.html#index-Wunused-parameter-Wunused-parameter]8;;[m[K]
[1.731s]    65 | int main(int argc, [01;35m[Kchar* argv[][m[K)
[1.731s]       |                    [01;35m[K~~~~~~^~~~~~[m[K
[1.800s] In file included from [01m[K/usr/include/c++/11/memory:76[m[K,
[1.800s]                  from [01m[K/home/aw/restackcell/ws_moveit2/src/hello_moveit/src/hello_moveit.cpp:2[m[K:
[1.800s] /usr/include/c++/11/bits/unique_ptr.h: In instantiation of ‘[01m[Ktypename std::_MakeUniq<_Tp>::__single_object std::make_unique(_Args&& ...) [with _Tp = WzlPlanner::TransformBroadcaster; _Args = {Planner*}; typename std::_MakeUniq<_Tp>::__single_object = std::unique_ptr<WzlPlanner::TransformBroadcaster>][m[K’:
[1.800s] [01m[K/home/aw/restackcell/ws_moveit2/src/hello_moveit/src/hello_moveit.cpp:17:81:[m[K   required from here
[1.800s] [01m[K/usr/include/c++/11/bits/unique_ptr.h:962:30:[m[K [01;31m[Kerror: [m[Kno matching function for call to ‘[01m[KWzlPlanner::TransformBroadcaster::TransformBroadcaster(Planner*)[m[K’
[1.800s]   962 |     { return unique_ptr<_Tp>([01;31m[Knew _Tp(std::forward<_Args>(__args)...)[m[K); }
[1.800s]       |                              [01;31m[K^~~~~~~~~~~~~~~~~~~~~~~~~~~~~~~~~~~~~~~[m[K
[1.800s] In file included from [01m[K/home/aw/restackcell/ws_moveit2/src/hello_moveit/src/hello_moveit.cpp:8[m[K:
[1.800s] [01m[K/home/aw/restackcell/ws_moveit2/src/hello_moveit/src/Pose.h:93:13:[m[K [01;36m[Knote: [m[Kcandidate: ‘[01m[KWzlPlanner::TransformBroadcaster::TransformBroadcaster(rclcpp::Node&)[m[K’
[1.800s]    93 |             [01;36m[KTransformBroadcaster[m[K(rclcpp::Node& node);
[1.800s]       |             [01;36m[K^~~~~~~~~~~~~~~~~~~~[m[K
[1.800s] [01m[K/home/aw/restackcell/ws_moveit2/src/hello_moveit/src/Pose.h:93:48:[m[K [01;36m[Knote: [m[K  no known conversion for argument 1 from ‘[01m[KPlanner*[m[K’ to ‘[01m[Krclcpp::Node&[m[K’
[1.800s]    93 |             TransformBroadcaster([01;36m[Krclcpp::Node& node[m[K);
[1.800s]       |                                  [01;36m[K~~~~~~~~~~~~~~^~~~[m[K
[1.801s] [01m[K/home/aw/restackcell/ws_moveit2/src/hello_moveit/src/Pose.h:90:11:[m[K [01;36m[Knote: [m[Kcandidate: ‘[01m[KWzlPlanner::TransformBroadcaster::TransformBroadcaster(WzlPlanner::TransformBroadcaster&&)[m[K’
[1.801s]    90 |     class [01;36m[KTransformBroadcaster[m[K
[1.801s]       |           [01;36m[K^~~~~~~~~~~~~~~~~~~~[m[K
[1.801s] [01m[K/home/aw/restackcell/ws_moveit2/src/hello_moveit/src/Pose.h:90:11:[m[K [01;36m[Knote: [m[K  no known conversion for argument 1 from ‘[01m[KPlanner*[m[K’ to ‘[01m[KWzlPlanner::TransformBroadcaster&&[m[K’
[2.065s] gmake[2]: *** [CMakeFiles/hello_moveit.dir/build.make:76: CMakeFiles/hello_moveit.dir/src/hello_moveit.cpp.o] Error 1
[2.065s] gmake[1]: *** [CMakeFiles/Makefile2:137: CMakeFiles/hello_moveit.dir/all] Error 2
[2.065s] gmake: *** [Makefile:146: all] Error 2
[2.067s] Invoked command in '/home/aw/restackcell/ws_moveit2/build/hello_moveit' returned '2': CMAKE_PREFIX_PATH=${CMAKE_PREFIX_PATH}:/opt/ros/humble /usr/bin/cmake --build /home/aw/restackcell/ws_moveit2/build/hello_moveit -- -j16 -l16
