[1.216s] Invoking command in '/home/autopilot/ws/restackcell/build/mockup_robot': CMAKE_PREFIX_PATH=/opt/ros/humble:/home/autopilot/ws/restackcell/install/wzlscheduler_interfaces LD_LIBRARY_PATH=/home/autopilot/ws/restackcell/install/wzlscheduler_interfaces/lib:${LD_LIBRARY_PATH} PKG_CONFIG_PATH=/home/autopilot/ws/restackcell/install/wzlscheduler_interfaces/lib/aarch64-linux-gnu/pkgconfig:/home/autopilot/ws/restackcell/install/wzlscheduler_interfaces/lib/pkgconfig PYTHONPATH=/home/autopilot/ws/restackcell/install/wzlscheduler_interfaces/local/lib/python3.10/dist-packages:${PYTHONPATH} ROS_PACKAGE_PATH=/home/autopilot/ws/restackcell/install/wzlscheduler_interfaces/share /usr/bin/cmake --build /home/autopilot/ws/restackcell/build/mockup_robot -- -j4 -l4
[1.479s] [100%] Built target mockup_robot
[1.524s] Invoked command in '/home/autopilot/ws/restackcell/build/mockup_robot' returned '0': CMAKE_PREFIX_PATH=/opt/ros/humble:/home/autopilot/ws/restackcell/install/wzlscheduler_interfaces LD_LIBRARY_PATH=/home/autopilot/ws/restackcell/install/wzlscheduler_interfaces/lib:${LD_LIBRARY_PATH} PKG_CONFIG_PATH=/home/autopilot/ws/restackcell/install/wzlscheduler_interfaces/lib/aarch64-linux-gnu/pkgconfig:/home/autopilot/ws/restackcell/install/wzlscheduler_interfaces/lib/pkgconfig PYTHONPATH=/home/autopilot/ws/restackcell/install/wzlscheduler_interfaces/local/lib/python3.10/dist-packages:${PYTHONPATH} ROS_PACKAGE_PATH=/home/autopilot/ws/restackcell/install/wzlscheduler_interfaces/share /usr/bin/cmake --build /home/autopilot/ws/restackcell/build/mockup_robot -- -j4 -l4
[1.675s] Invoking command in '/home/autopilot/ws/restackcell/build/mockup_robot': CMAKE_PREFIX_PATH=/opt/ros/humble:/home/autopilot/ws/restackcell/install/wzlscheduler_interfaces LD_LIBRARY_PATH=/home/autopilot/ws/restackcell/install/wzlscheduler_interfaces/lib:${LD_LIBRARY_PATH} PKG_CONFIG_PATH=/home/autopilot/ws/restackcell/install/wzlscheduler_interfaces/lib/aarch64-linux-gnu/pkgconfig:/home/autopilot/ws/restackcell/install/wzlscheduler_interfaces/lib/pkgconfig PYTHONPATH=/home/autopilot/ws/restackcell/install/wzlscheduler_interfaces/local/lib/python3.10/dist-packages:${PYTHONPATH} ROS_PACKAGE_PATH=/home/autopilot/ws/restackcell/install/wzlscheduler_interfaces/share /usr/bin/cmake --install /home/autopilot/ws/restackcell/build/mockup_robot
[1.695s] -- Install configuration: ""
[1.697s] -- Up-to-date: /home/autopilot/ws/restackcell/install/mockup_robot/lib/mockup_robot/mockup_robot
[1.699s] -- Up-to-date: /home/autopilot/ws/restackcell/install/mockup_robot/share/ament_index/resource_index/package_run_dependencies/mockup_robot
[1.701s] -- Up-to-date: /home/autopilot/ws/restackcell/install/mockup_robot/share/ament_index/resource_index/parent_prefix_path/mockup_robot
[1.702s] -- Up-to-date: /home/autopilot/ws/restackcell/install/mockup_robot/share/mockup_robot/environment/ament_prefix_path.sh
[1.704s] -- Up-to-date: /home/autopilot/ws/restackcell/install/mockup_robot/share/mockup_robot/environment/ament_prefix_path.dsv
[1.705s] -- Up-to-date: /home/autopilot/ws/restackcell/install/mockup_robot/share/mockup_robot/environment/path.sh
[1.707s] -- Up-to-date: /home/autopilot/ws/restackcell/install/mockup_robot/share/mockup_robot/environment/path.dsv
[1.708s] -- Up-to-date: /home/autopilot/ws/restackcell/install/mockup_robot/share/mockup_robot/local_setup.bash
[1.709s] -- Up-to-date: /home/autopilot/ws/restackcell/install/mockup_robot/share/mockup_robot/local_setup.sh
[1.711s] -- Up-to-date: /home/autopilot/ws/restackcell/install/mockup_robot/share/mockup_robot/local_setup.zsh
[1.712s] -- Up-to-date: /home/autopilot/ws/restackcell/install/mockup_robot/share/mockup_robot/local_setup.dsv
[1.714s] -- Installing: /home/autopilot/ws/restackcell/install/mockup_robot/share/mockup_robot/package.dsv
[1.717s] -- Up-to-date: /home/autopilot/ws/restackcell/install/mockup_robot/share/ament_index/resource_index/packages/mockup_robot
[1.718s] -- Up-to-date: /home/autopilot/ws/restackcell/install/mockup_robot/share/mockup_robot/cmake/mockup_robotConfig.cmake
[1.719s] -- Up-to-date: /home/autopilot/ws/restackcell/install/mockup_robot/share/mockup_robot/cmake/mockup_robotConfig-version.cmake
[1.721s] -- Up-to-date: /home/autopilot/ws/restackcell/install/mockup_robot/share/mockup_robot/package.xml
[1.731s] Invoked command in '/home/autopilot/ws/restackcell/build/mockup_robot' returned '0': CMAKE_PREFIX_PATH=/opt/ros/humble:/home/autopilot/ws/restackcell/install/wzlscheduler_interfaces LD_LIBRARY_PATH=/home/autopilot/ws/restackcell/install/wzlscheduler_interfaces/lib:${LD_LIBRARY_PATH} PKG_CONFIG_PATH=/home/autopilot/ws/restackcell/install/wzlscheduler_interfaces/lib/aarch64-linux-gnu/pkgconfig:/home/autopilot/ws/restackcell/install/wzlscheduler_interfaces/lib/pkgconfig PYTHONPATH=/home/autopilot/ws/restackcell/install/wzlscheduler_interfaces/local/lib/python3.10/dist-packages:${PYTHONPATH} ROS_PACKAGE_PATH=/home/autopilot/ws/restackcell/install/wzlscheduler_interfaces/share /usr/bin/cmake --install /home/autopilot/ws/restackcell/build/mockup_robot
