[0.646s] Invoking command in '/home/autopilot/ws/restackcell/build/mockup_robot': CMAKE_PREFIX_PATH=/opt/ros/humble:/home/autopilot/ws/restackcell/install/wzlscheduler_interfaces LD_LIBRARY_PATH=/home/autopilot/ws/restackcell/install/wzlscheduler_interfaces/lib:${LD_LIBRARY_PATH} PKG_CONFIG_PATH=/home/autopilot/ws/restackcell/install/wzlscheduler_interfaces/lib/aarch64-linux-gnu/pkgconfig:/home/autopilot/ws/restackcell/install/wzlscheduler_interfaces/lib/pkgconfig PYTHONPATH=/home/autopilot/ws/restackcell/install/wzlscheduler_interfaces/local/lib/python3.10/dist-packages:${PYTHONPATH} ROS_PACKAGE_PATH=/home/autopilot/ws/restackcell/install/wzlscheduler_interfaces/share /usr/bin/cmake /home/autopilot/ws/restackcell/ws_moveit2/src/mockup_robot -DCMAKE_INSTALL_PREFIX=/home/autopilot/ws/restackcell/install/mockup_robot
[0.867s] -- The C compiler identification is GNU 11.4.0
[1.060s] -- The CXX compiler identification is GNU 11.4.0
[1.084s] -- Detecting C compiler ABI info
[1.333s] -- Detecting C compiler ABI info - done
[1.346s] -- Check for working C compiler: /usr/bin/cc - skipped
[1.347s] -- Detecting C compile features
[1.349s] -- Detecting C compile features - done
[1.359s] -- Detecting CXX compiler ABI info
[1.791s] -- Detecting CXX compiler ABI info - done
[1.810s] -- Check for working CXX compiler: /usr/bin/c++ - skipped
[1.812s] -- Detecting CXX compile features
[1.813s] -- Detecting CXX compile features - done
[1.823s] -- Found ament_cmake: 1.3.10 (/opt/ros/humble/share/ament_cmake/cmake)
[2.422s] -- Found Python3: /usr/bin/python3 (found version "3.10.12") found components: Interpreter 
[2.663s] -- Found rclcpp: 16.0.10 (/opt/ros/humble/share/rclcpp/cmake)
[2.790s] -- Found rosidl_generator_c: 3.1.5 (/opt/ros/humble/share/rosidl_generator_c/cmake)
[2.802s] -- Found rosidl_adapter: 3.1.5 (/opt/ros/humble/share/rosidl_adapter/cmake)
[2.820s] -- Found rosidl_generator_cpp: 3.1.5 (/opt/ros/humble/share/rosidl_generator_cpp/cmake)
[2.848s] -- Using all available rosidl_typesupport_c: rosidl_typesupport_fastrtps_c;rosidl_typesupport_introspection_c
[2.884s] -- Using all available rosidl_typesupport_cpp: rosidl_typesupport_fastrtps_cpp;rosidl_typesupport_introspection_cpp
[3.065s] -- Found rmw_implementation_cmake: 6.1.2 (/opt/ros/humble/share/rmw_implementation_cmake/cmake)
[3.070s] -- Found rmw_fastrtps_cpp: 6.2.7 (/opt/ros/humble/share/rmw_fastrtps_cpp/cmake)
[3.330s] -- Found OpenSSL: /usr/lib/aarch64-linux-gnu/libcrypto.so (found version "3.0.2")  
[3.398s] -- Found FastRTPS: /opt/ros/humble/include  
[3.536s] -- Using RMW implementation 'rmw_fastrtps_cpp' as default
[3.561s] -- Looking for pthread.h
[3.895s] -- Looking for pthread.h - found
[3.897s] -- Performing Test CMAKE_HAVE_LIBC_PTHREAD
[4.221s] -- Performing Test CMAKE_HAVE_LIBC_PTHREAD - Success
[4.221s] -- Found Threads: TRUE  
[4.359s] -- Found wzlscheduler_interfaces: 0.0.0 (/home/autopilot/ws/restackcell/install/wzlscheduler_interfaces/share/wzlscheduler_interfaces/cmake)
[4.481s] -- Found ament_lint_auto: 0.12.11 (/opt/ros/humble/share/ament_lint_auto/cmake)
[4.669s] -- Added test 'cppcheck' to perform static code analysis on C / C++ code
[4.669s] -- Configured cppcheck include dirs: 
[4.669s] -- Configured cppcheck exclude dirs and/or files: 
[4.670s] -- Added test 'lint_cmake' to check CMake code style
[4.675s] -- Added test 'uncrustify' to check C / C++ code style
[4.676s] -- Configured uncrustify additional arguments: 
[4.679s] -- Added test 'xmllint' to check XML markup files
[4.687s] -- Configuring done
[4.749s] -- Generating done
[4.763s] -- Build files have been written to: /home/autopilot/ws/restackcell/build/mockup_robot
[4.812s] Invoked command in '/home/autopilot/ws/restackcell/build/mockup_robot' returned '0': CMAKE_PREFIX_PATH=/opt/ros/humble:/home/autopilot/ws/restackcell/install/wzlscheduler_interfaces LD_LIBRARY_PATH=/home/autopilot/ws/restackcell/install/wzlscheduler_interfaces/lib:${LD_LIBRARY_PATH} PKG_CONFIG_PATH=/home/autopilot/ws/restackcell/install/wzlscheduler_interfaces/lib/aarch64-linux-gnu/pkgconfig:/home/autopilot/ws/restackcell/install/wzlscheduler_interfaces/lib/pkgconfig PYTHONPATH=/home/autopilot/ws/restackcell/install/wzlscheduler_interfaces/local/lib/python3.10/dist-packages:${PYTHONPATH} ROS_PACKAGE_PATH=/home/autopilot/ws/restackcell/install/wzlscheduler_interfaces/share /usr/bin/cmake /home/autopilot/ws/restackcell/ws_moveit2/src/mockup_robot -DCMAKE_INSTALL_PREFIX=/home/autopilot/ws/restackcell/install/mockup_robot
[4.813s] Invoking command in '/home/autopilot/ws/restackcell/build/mockup_robot': CMAKE_PREFIX_PATH=/opt/ros/humble:/home/autopilot/ws/restackcell/install/wzlscheduler_interfaces LD_LIBRARY_PATH=/home/autopilot/ws/restackcell/install/wzlscheduler_interfaces/lib:${LD_LIBRARY_PATH} PKG_CONFIG_PATH=/home/autopilot/ws/restackcell/install/wzlscheduler_interfaces/lib/aarch64-linux-gnu/pkgconfig:/home/autopilot/ws/restackcell/install/wzlscheduler_interfaces/lib/pkgconfig PYTHONPATH=/home/autopilot/ws/restackcell/install/wzlscheduler_interfaces/local/lib/python3.10/dist-packages:${PYTHONPATH} ROS_PACKAGE_PATH=/home/autopilot/ws/restackcell/install/wzlscheduler_interfaces/share /usr/bin/cmake --build /home/autopilot/ws/restackcell/build/mockup_robot -- -j4 -l4
[4.963s] [ 50%] [32mBuilding CXX object CMakeFiles/mockup_robot.dir/src/main.cpp.o[0m
[62.023s] [100%] [32m[1mLinking CXX executable mockup_robot[0m
[65.257s] [100%] Built target mockup_robot
[65.302s] Invoked command in '/home/autopilot/ws/restackcell/build/mockup_robot' returned '0': CMAKE_PREFIX_PATH=/opt/ros/humble:/home/autopilot/ws/restackcell/install/wzlscheduler_interfaces LD_LIBRARY_PATH=/home/autopilot/ws/restackcell/install/wzlscheduler_interfaces/lib:${LD_LIBRARY_PATH} PKG_CONFIG_PATH=/home/autopilot/ws/restackcell/install/wzlscheduler_interfaces/lib/aarch64-linux-gnu/pkgconfig:/home/autopilot/ws/restackcell/install/wzlscheduler_interfaces/lib/pkgconfig PYTHONPATH=/home/autopilot/ws/restackcell/install/wzlscheduler_interfaces/local/lib/python3.10/dist-packages:${PYTHONPATH} ROS_PACKAGE_PATH=/home/autopilot/ws/restackcell/install/wzlscheduler_interfaces/share /usr/bin/cmake --build /home/autopilot/ws/restackcell/build/mockup_robot -- -j4 -l4
[65.463s] Invoking command in '/home/autopilot/ws/restackcell/build/mockup_robot': CMAKE_PREFIX_PATH=/opt/ros/humble:/home/autopilot/ws/restackcell/install/wzlscheduler_interfaces LD_LIBRARY_PATH=/home/autopilot/ws/restackcell/install/wzlscheduler_interfaces/lib:${LD_LIBRARY_PATH} PKG_CONFIG_PATH=/home/autopilot/ws/restackcell/install/wzlscheduler_interfaces/lib/aarch64-linux-gnu/pkgconfig:/home/autopilot/ws/restackcell/install/wzlscheduler_interfaces/lib/pkgconfig PYTHONPATH=/home/autopilot/ws/restackcell/install/wzlscheduler_interfaces/local/lib/python3.10/dist-packages:${PYTHONPATH} ROS_PACKAGE_PATH=/home/autopilot/ws/restackcell/install/wzlscheduler_interfaces/share /usr/bin/cmake --install /home/autopilot/ws/restackcell/build/mockup_robot
[65.488s] -- Install configuration: ""
[65.489s] -- Installing: /home/autopilot/ws/restackcell/install/mockup_robot/lib/mockup_robot/mockup_robot
[65.535s] -- Set runtime path of "/home/autopilot/ws/restackcell/install/mockup_robot/lib/mockup_robot/mockup_robot" to ""
[65.536s] -- Installing: /home/autopilot/ws/restackcell/install/mockup_robot/share/ament_index/resource_index/package_run_dependencies/mockup_robot
[65.536s] -- Installing: /home/autopilot/ws/restackcell/install/mockup_robot/share/ament_index/resource_index/parent_prefix_path/mockup_robot
[65.537s] -- Installing: /home/autopilot/ws/restackcell/install/mockup_robot/share/mockup_robot/environment/ament_prefix_path.sh
[65.537s] -- Installing: /home/autopilot/ws/restackcell/install/mockup_robot/share/mockup_robot/environment/ament_prefix_path.dsv
[65.537s] -- Installing: /home/autopilot/ws/restackcell/install/mockup_robot/share/mockup_robot/environment/path.sh
[65.537s] -- Installing: /home/autopilot/ws/restackcell/install/mockup_robot/share/mockup_robot/environment/path.dsv
[65.542s] -- Installing: /home/autopilot/ws/restackcell/install/mockup_robot/share/mockup_robot/local_setup.bash
[65.542s] -- Installing: /home/autopilot/ws/restackcell/install/mockup_robot/share/mockup_robot/local_setup.sh
[65.542s] -- Installing: /home/autopilot/ws/restackcell/install/mockup_robot/share/mockup_robot/local_setup.zsh
[65.542s] -- Installing: /home/autopilot/ws/restackcell/install/mockup_robot/share/mockup_robot/local_setup.dsv
[65.542s] -- Installing: /home/autopilot/ws/restackcell/install/mockup_robot/share/mockup_robot/package.dsv
[65.551s] -- Installing: /home/autopilot/ws/restackcell/install/mockup_robot/share/ament_index/resource_index/packages/mockup_robot
[65.551s] -- Installing: /home/autopilot/ws/restackcell/install/mockup_robot/share/mockup_robot/cmake/mockup_robotConfig.cmake
[65.551s] -- Installing: /home/autopilot/ws/restackcell/install/mockup_robot/share/mockup_robot/cmake/mockup_robotConfig-version.cmake
[65.552s] -- Installing: /home/autopilot/ws/restackcell/install/mockup_robot/share/mockup_robot/package.xml
[65.552s] Invoked command in '/home/autopilot/ws/restackcell/build/mockup_robot' returned '0': CMAKE_PREFIX_PATH=/opt/ros/humble:/home/autopilot/ws/restackcell/install/wzlscheduler_interfaces LD_LIBRARY_PATH=/home/autopilot/ws/restackcell/install/wzlscheduler_interfaces/lib:${LD_LIBRARY_PATH} PKG_CONFIG_PATH=/home/autopilot/ws/restackcell/install/wzlscheduler_interfaces/lib/aarch64-linux-gnu/pkgconfig:/home/autopilot/ws/restackcell/install/wzlscheduler_interfaces/lib/pkgconfig PYTHONPATH=/home/autopilot/ws/restackcell/install/wzlscheduler_interfaces/local/lib/python3.10/dist-packages:${PYTHONPATH} ROS_PACKAGE_PATH=/home/autopilot/ws/restackcell/install/wzlscheduler_interfaces/share /usr/bin/cmake --install /home/autopilot/ws/restackcell/build/mockup_robot
