-- The C compiler identification is GNU 11.4.0
-- The CXX compiler identification is GNU 11.4.0
-- Detecting C compiler ABI info
-- Detecting C compiler ABI info - done
-- Check for working C compiler: /usr/bin/cc - skipped
-- Detecting C compile features
-- Detecting C compile features - done
-- Detecting CXX compiler ABI info
-- Detecting CXX compiler ABI info - done
-- Check for working CXX compiler: /usr/bin/c++ - skipped
-- Detecting CXX compile features
-- Detecting CXX compile features - done
-- Found ament_cmake: 1.3.8 (/opt/ros/humble/share/ament_cmake/cmake)
-- Found Python3: /usr/bin/python3 (found version "3.10.12") found components: Interpreter 
-- Found rosidl_default_generators: 1.2.0 (/opt/ros/humble/share/rosidl_default_generators/cmake)
-- Using all available rosidl_typesupport_c: rosidl_typesupport_fastrtps_c;rosidl_typesupport_introspection_c
-- Found rosidl_adapter: 3.1.5 (/opt/ros/humble/share/rosidl_adapter/cmake)
-- Using all available rosidl_typesupport_cpp: rosidl_typesupport_fastrtps_cpp;rosidl_typesupport_introspection_cpp
-- Found ament_cmake_ros: 0.10.0 (/opt/ros/humble/share/ament_cmake_ros/cmake)
-- Using all available rosidl_typesupport_c: rosidl_typesupport_fastrtps_c;rosidl_typesupport_introspection_c
-- Using all available rosidl_typesupport_cpp: rosidl_typesupport_fastrtps_cpp;rosidl_typesupport_introspection_cpp
-- Found PythonInterp: /usr/bin/python3 (found suitable version "3.10.12", minimum required is "3.6") 
-- Found python_cmake_module: 0.10.0 (/opt/ros/humble/share/python_cmake_module/cmake)
-- Found PythonLibs: /usr/lib/x86_64-linux-gnu/libpython3.10.so (found suitable version "3.10.12", minimum required is "3.5") 
-- Using PYTHON_EXECUTABLE: /usr/bin/python3
-- Using PYTHON_INCLUDE_DIRS: /usr/include/python3.10
-- Using PYTHON_LIBRARIES: /usr/lib/x86_64-linux-gnu/libpython3.10.so
-- Found PythonExtra: .so  
-- Configuring done
-- Generating done
-- Build files have been written to: /home/alex/restackcell/ws_moveit2/build/opcua_interfaces
[  2%] [34m[1mGenerating C code for ROS interfaces[0m
[  4%] [34m[1mGenerating C++ code for ROS interfaces[0m
[  4%] Built target ament_cmake_python_copy_opcua_interfaces
running egg_info
creating opcua_interfaces.egg-info
writing opcua_interfaces.egg-info/PKG-INFO
[  4%] Built target opcua_interfaces__cpp
writing dependency_links to opcua_interfaces.egg-info/dependency_links.txt
writing top-level names to opcua_interfaces.egg-info/top_level.txt
writing manifest file 'opcua_interfaces.egg-info/SOURCES.txt'
reading manifest file 'opcua_interfaces.egg-info/SOURCES.txt'
writing manifest file 'opcua_interfaces.egg-info/SOURCES.txt'
[ 10%] [32mBuilding C object CMakeFiles/opcua_interfaces__rosidl_generator_c.dir/rosidl_generator_c/opcua_interfaces/msg/detail/actuator_read__functions.c.o[0m
[ 10%] [32mBuilding C object CMakeFiles/opcua_interfaces__rosidl_generator_c.dir/rosidl_generator_c/opcua_interfaces/msg/detail/actuator_write__functions.c.o[0m
[ 10%] [32mBuilding C object CMakeFiles/opcua_interfaces__rosidl_generator_c.dir/rosidl_generator_c/opcua_interfaces/msg/detail/actuator_read_request__functions.c.o[0m
[ 14%] [34m[1mGenerating C++ type support for eProsima Fast-RTPS[0m
[ 14%] [34m[1mGenerating C++ introspection for ROS interfaces[0m
[ 17%] [34m[1mGenerating C++ type support dispatch for ROS interfaces[0m
[ 19%] Built target ament_cmake_python_build_opcua_interfaces_egg
[ 19%] [32m[1mLinking C shared library libopcua_interfaces__rosidl_generator_c.so[0m
[ 19%] Built target opcua_interfaces__rosidl_generator_c
[ 25%] [34m[1mGenerating C type support for eProsima Fast-RTPS[0m
[ 25%] [34m[1mGenerating C type support dispatch for ROS interfaces[0m
[ 25%] [34m[1mGenerating C introspection for ROS interfaces[0m
[ 29%] [32mBuilding CXX object CMakeFiles/opcua_interfaces__rosidl_typesupport_cpp.dir/rosidl_typesupport_cpp/opcua_interfaces/msg/actuator_read__type_support.cpp.o[0m
[ 29%] [32mBuilding CXX object CMakeFiles/opcua_interfaces__rosidl_typesupport_cpp.dir/rosidl_typesupport_cpp/opcua_interfaces/msg/actuator_read_request__type_support.cpp.o[0m
[ 31%] [32mBuilding CXX object CMakeFiles/opcua_interfaces__rosidl_typesupport_cpp.dir/rosidl_typesupport_cpp/opcua_interfaces/msg/actuator_write__type_support.cpp.o[0m
[ 34%] [32mBuilding CXX object CMakeFiles/opcua_interfaces__rosidl_typesupport_introspection_cpp.dir/rosidl_typesupport_introspection_cpp/opcua_interfaces/msg/detail/actuator_write__type_support.cpp.o[0m
[ 38%] [32mBuilding CXX object CMakeFiles/opcua_interfaces__rosidl_typesupport_introspection_cpp.dir/rosidl_typesupport_introspection_cpp/opcua_interfaces/msg/detail/actuator_read_request__type_support.cpp.o[0m
[ 38%] [32mBuilding CXX object CMakeFiles/opcua_interfaces__rosidl_typesupport_introspection_cpp.dir/rosidl_typesupport_introspection_cpp/opcua_interfaces/msg/detail/actuator_read__type_support.cpp.o[0m
[ 42%] [32mBuilding CXX object CMakeFiles/opcua_interfaces__rosidl_typesupport_fastrtps_cpp.dir/rosidl_typesupport_fastrtps_cpp/opcua_interfaces/msg/detail/dds_fastrtps/actuator_read__type_support.cpp.o[0m
[ 42%] [32mBuilding CXX object CMakeFiles/opcua_interfaces__rosidl_typesupport_fastrtps_cpp.dir/rosidl_typesupport_fastrtps_cpp/opcua_interfaces/msg/detail/dds_fastrtps/actuator_write__type_support.cpp.o[0m
[ 44%] [32mBuilding CXX object CMakeFiles/opcua_interfaces__rosidl_typesupport_fastrtps_cpp.dir/rosidl_typesupport_fastrtps_cpp/opcua_interfaces/msg/detail/dds_fastrtps/actuator_read_request__type_support.cpp.o[0m
[ 46%] [32mBuilding CXX object CMakeFiles/opcua_interfaces__rosidl_typesupport_c.dir/rosidl_typesupport_c/opcua_interfaces/msg/actuator_read__type_support.cpp.o[0m
[ 48%] [32mBuilding CXX object CMakeFiles/opcua_interfaces__rosidl_typesupport_c.dir/rosidl_typesupport_c/opcua_interfaces/msg/actuator_read_request__type_support.cpp.o[0m
[ 51%] [32mBuilding CXX object CMakeFiles/opcua_interfaces__rosidl_typesupport_c.dir/rosidl_typesupport_c/opcua_interfaces/msg/actuator_write__type_support.cpp.o[0m
[ 53%] [32m[1mLinking CXX shared library libopcua_interfaces__rosidl_typesupport_c.so[0m
[ 55%] [32mBuilding C object CMakeFiles/opcua_interfaces__rosidl_typesupport_introspection_c.dir/rosidl_typesupport_introspection_c/opcua_interfaces/msg/detail/actuator_read__type_support.c.o[0m
[ 57%] [32mBuilding C object CMakeFiles/opcua_interfaces__rosidl_typesupport_introspection_c.dir/rosidl_typesupport_introspection_c/opcua_interfaces/msg/detail/actuator_write__type_support.c.o[0m
[ 59%] [32mBuilding C object CMakeFiles/opcua_interfaces__rosidl_typesupport_introspection_c.dir/rosidl_typesupport_introspection_c/opcua_interfaces/msg/detail/actuator_read_request__type_support.c.o[0m
[ 59%] Built target opcua_interfaces__rosidl_typesupport_c
[ 61%] [32mBuilding CXX object CMakeFiles/opcua_interfaces__rosidl_typesupport_fastrtps_c.dir/rosidl_typesupport_fastrtps_c/opcua_interfaces/msg/detail/actuator_read_request__type_support_c.cpp.o[0m
[ 63%] [32mBuilding CXX object CMakeFiles/opcua_interfaces__rosidl_typesupport_fastrtps_c.dir/rosidl_typesupport_fastrtps_c/opcua_interfaces/msg/detail/actuator_write__type_support_c.cpp.o[0m
[ 65%] [32mBuilding CXX object CMakeFiles/opcua_interfaces__rosidl_typesupport_fastrtps_c.dir/rosidl_typesupport_fastrtps_c/opcua_interfaces/msg/detail/actuator_read__type_support_c.cpp.o[0m
[ 68%] [32m[1mLinking C shared library libopcua_interfaces__rosidl_typesupport_introspection_c.so[0m
[ 70%] [32m[1mLinking CXX shared library libopcua_interfaces__rosidl_typesupport_cpp.so[0m
[ 70%] Built target opcua_interfaces__rosidl_typesupport_introspection_c
[ 70%] Built target opcua_interfaces__rosidl_typesupport_cpp
[ 72%] [32m[1mLinking CXX shared library libopcua_interfaces__rosidl_typesupport_introspection_cpp.so[0m
[ 74%] [32m[1mLinking CXX shared library libopcua_interfaces__rosidl_typesupport_fastrtps_cpp.so[0m
[ 74%] Built target opcua_interfaces__rosidl_typesupport_introspection_cpp
[ 74%] Built target opcua_interfaces__rosidl_typesupport_fastrtps_cpp
[ 76%] [32m[1mLinking CXX shared library libopcua_interfaces__rosidl_typesupport_fastrtps_c.so[0m
[ 76%] Built target opcua_interfaces__rosidl_typesupport_fastrtps_c
[ 76%] Built target opcua_interfaces
[ 78%] [34m[1mGenerating Python code for ROS interfaces[0m
[ 78%] Built target opcua_interfaces__py
[ 85%] [32mBuilding C object CMakeFiles/opcua_interfaces__rosidl_generator_py.dir/rosidl_generator_py/opcua_interfaces/msg/_actuator_read_request_s.c.o[0m
[ 85%] [32mBuilding C object CMakeFiles/opcua_interfaces__rosidl_generator_py.dir/rosidl_generator_py/opcua_interfaces/msg/_actuator_write_s.c.o[0m
[ 85%] [32mBuilding C object CMakeFiles/opcua_interfaces__rosidl_generator_py.dir/rosidl_generator_py/opcua_interfaces/msg/_actuator_read_s.c.o[0m
[ 87%] [32m[1mLinking C shared library rosidl_generator_py/opcua_interfaces/libopcua_interfaces__rosidl_generator_py.so[0m
[ 87%] Built target opcua_interfaces__rosidl_generator_py
[ 93%] [32mBuilding C object CMakeFiles/opcua_interfaces__rosidl_typesupport_fastrtps_c__pyext.dir/rosidl_generator_py/opcua_interfaces/_opcua_interfaces_s.ep.rosidl_typesupport_fastrtps_c.c.o[0m
[ 93%] [32mBuilding C object CMakeFiles/opcua_interfaces__rosidl_typesupport_c__pyext.dir/rosidl_generator_py/opcua_interfaces/_opcua_interfaces_s.ep.rosidl_typesupport_c.c.o[0m
[ 93%] [32mBuilding C object CMakeFiles/opcua_interfaces__rosidl_typesupport_introspection_c__pyext.dir/rosidl_generator_py/opcua_interfaces/_opcua_interfaces_s.ep.rosidl_typesupport_introspection_c.c.o[0m
[ 97%] [32m[1mLinking C shared library rosidl_generator_py/opcua_interfaces/opcua_interfaces_s__rosidl_typesupport_c.cpython-310-x86_64-linux-gnu.so[0m
[ 97%] [32m[1mLinking C shared library rosidl_generator_py/opcua_interfaces/opcua_interfaces_s__rosidl_typesupport_introspection_c.cpython-310-x86_64-linux-gnu.so[0m
[100%] [32m[1mLinking C shared library rosidl_generator_py/opcua_interfaces/opcua_interfaces_s__rosidl_typesupport_fastrtps_c.cpython-310-x86_64-linux-gnu.so[0m
[100%] Built target opcua_interfaces__rosidl_typesupport_introspection_c__pyext
[100%] Built target opcua_interfaces__rosidl_typesupport_c__pyext
[100%] Built target opcua_interfaces__rosidl_typesupport_fastrtps_c__pyext
-- Install configuration: ""
-- Installing: /home/alex/restackcell/ws_moveit2/install/opcua_interfaces/share/ament_index/resource_index/rosidl_interfaces/opcua_interfaces
-- Installing: /home/alex/restackcell/ws_moveit2/install/opcua_interfaces/include/opcua_interfaces/opcua_interfaces
-- Installing: /home/alex/restackcell/ws_moveit2/install/opcua_interfaces/include/opcua_interfaces/opcua_interfaces/msg
-- Installing: /home/alex/restackcell/ws_moveit2/install/opcua_interfaces/include/opcua_interfaces/opcua_interfaces/msg/actuator_read.h
-- Installing: /home/alex/restackcell/ws_moveit2/install/opcua_interfaces/include/opcua_interfaces/opcua_interfaces/msg/rosidl_generator_c__visibility_control.h
-- Installing: /home/alex/restackcell/ws_moveit2/install/opcua_interfaces/include/opcua_interfaces/opcua_interfaces/msg/actuator_read_request.h
-- Installing: /home/alex/restackcell/ws_moveit2/install/opcua_interfaces/include/opcua_interfaces/opcua_interfaces/msg/actuator_write.h
-- Installing: /home/alex/restackcell/ws_moveit2/install/opcua_interfaces/include/opcua_interfaces/opcua_interfaces/msg/detail
-- Installing: /home/alex/restackcell/ws_moveit2/install/opcua_interfaces/include/opcua_interfaces/opcua_interfaces/msg/detail/actuator_read__type_support.h
-- Installing: /home/alex/restackcell/ws_moveit2/install/opcua_interfaces/include/opcua_interfaces/opcua_interfaces/msg/detail/actuator_read_request__type_support.h
-- Installing: /home/alex/restackcell/ws_moveit2/install/opcua_interfaces/include/opcua_interfaces/opcua_interfaces/msg/detail/actuator_write__functions.c
-- Installing: /home/alex/restackcell/ws_moveit2/install/opcua_interfaces/include/opcua_interfaces/opcua_interfaces/msg/detail/actuator_write__functions.h
-- Installing: /home/alex/restackcell/ws_moveit2/install/opcua_interfaces/include/opcua_interfaces/opcua_interfaces/msg/detail/actuator_write__struct.h
-- Installing: /home/alex/restackcell/ws_moveit2/install/opcua_interfaces/include/opcua_interfaces/opcua_interfaces/msg/detail/actuator_read__functions.c
-- Installing: /home/alex/restackcell/ws_moveit2/install/opcua_interfaces/include/opcua_interfaces/opcua_interfaces/msg/detail/actuator_read_request__functions.h
-- Installing: /home/alex/restackcell/ws_moveit2/install/opcua_interfaces/include/opcua_interfaces/opcua_interfaces/msg/detail/actuator_write__type_support.h
-- Installing: /home/alex/restackcell/ws_moveit2/install/opcua_interfaces/include/opcua_interfaces/opcua_interfaces/msg/detail/actuator_read__struct.h
-- Installing: /home/alex/restackcell/ws_moveit2/install/opcua_interfaces/include/opcua_interfaces/opcua_interfaces/msg/detail/actuator_read__functions.h
-- Installing: /home/alex/restackcell/ws_moveit2/install/opcua_interfaces/include/opcua_interfaces/opcua_interfaces/msg/detail/actuator_read_request__struct.h
-- Installing: /home/alex/restackcell/ws_moveit2/install/opcua_interfaces/include/opcua_interfaces/opcua_interfaces/msg/detail/actuator_read_request__functions.c
-- Installing: /home/alex/restackcell/ws_moveit2/install/opcua_interfaces/share/opcua_interfaces/environment/library_path.sh
-- Installing: /home/alex/restackcell/ws_moveit2/install/opcua_interfaces/share/opcua_interfaces/environment/library_path.dsv
-- Installing: /home/alex/restackcell/ws_moveit2/install/opcua_interfaces/lib/libopcua_interfaces__rosidl_generator_c.so
-- Set runtime path of "/home/alex/restackcell/ws_moveit2/install/opcua_interfaces/lib/libopcua_interfaces__rosidl_generator_c.so" to ""
-- Up-to-date: /home/alex/restackcell/ws_moveit2/install/opcua_interfaces/include/opcua_interfaces/opcua_interfaces
-- Up-to-date: /home/alex/restackcell/ws_moveit2/install/opcua_interfaces/include/opcua_interfaces/opcua_interfaces/msg
-- Installing: /home/alex/restackcell/ws_moveit2/install/opcua_interfaces/include/opcua_interfaces/opcua_interfaces/msg/rosidl_typesupport_fastrtps_c__visibility_control.h
-- Up-to-date: /home/alex/restackcell/ws_moveit2/install/opcua_interfaces/include/opcua_interfaces/opcua_interfaces/msg/detail
-- Installing: /home/alex/restackcell/ws_moveit2/install/opcua_interfaces/include/opcua_interfaces/opcua_interfaces/msg/detail/actuator_read__rosidl_typesupport_fastrtps_c.h
-- Installing: /home/alex/restackcell/ws_moveit2/install/opcua_interfaces/include/opcua_interfaces/opcua_interfaces/msg/detail/actuator_read_request__rosidl_typesupport_fastrtps_c.h
-- Installing: /home/alex/restackcell/ws_moveit2/install/opcua_interfaces/include/opcua_interfaces/opcua_interfaces/msg/detail/actuator_write__rosidl_typesupport_fastrtps_c.h
-- Installing: /home/alex/restackcell/ws_moveit2/install/opcua_interfaces/lib/libopcua_interfaces__rosidl_typesupport_fastrtps_c.so
-- Set runtime path of "/home/alex/restackcell/ws_moveit2/install/opcua_interfaces/lib/libopcua_interfaces__rosidl_typesupport_fastrtps_c.so" to ""
-- Up-to-date: /home/alex/restackcell/ws_moveit2/install/opcua_interfaces/include/opcua_interfaces/opcua_interfaces
-- Up-to-date: /home/alex/restackcell/ws_moveit2/install/opcua_interfaces/include/opcua_interfaces/opcua_interfaces/msg
-- Installing: /home/alex/restackcell/ws_moveit2/install/opcua_interfaces/include/opcua_interfaces/opcua_interfaces/msg/rosidl_typesupport_introspection_c__visibility_control.h
-- Up-to-date: /home/alex/restackcell/ws_moveit2/install/opcua_interfaces/include/opcua_interfaces/opcua_interfaces/msg/detail
-- Installing: /home/alex/restackcell/ws_moveit2/install/opcua_interfaces/include/opcua_interfaces/opcua_interfaces/msg/detail/actuator_read_request__rosidl_typesupport_introspection_c.h
-- Installing: /home/alex/restackcell/ws_moveit2/install/opcua_interfaces/include/opcua_interfaces/opcua_interfaces/msg/detail/actuator_write__type_support.c
-- Installing: /home/alex/restackcell/ws_moveit2/install/opcua_interfaces/include/opcua_interfaces/opcua_interfaces/msg/detail/actuator_read_request__type_support.c
-- Installing: /home/alex/restackcell/ws_moveit2/install/opcua_interfaces/include/opcua_interfaces/opcua_interfaces/msg/detail/actuator_read__type_support.c
-- Installing: /home/alex/restackcell/ws_moveit2/install/opcua_interfaces/include/opcua_interfaces/opcua_interfaces/msg/detail/actuator_write__rosidl_typesupport_introspection_c.h
-- Installing: /home/alex/restackcell/ws_moveit2/install/opcua_interfaces/include/opcua_interfaces/opcua_interfaces/msg/detail/actuator_read__rosidl_typesupport_introspection_c.h
-- Installing: /home/alex/restackcell/ws_moveit2/install/opcua_interfaces/lib/libopcua_interfaces__rosidl_typesupport_introspection_c.so
-- Set runtime path of "/home/alex/restackcell/ws_moveit2/install/opcua_interfaces/lib/libopcua_interfaces__rosidl_typesupport_introspection_c.so" to ""
-- Installing: /home/alex/restackcell/ws_moveit2/install/opcua_interfaces/lib/libopcua_interfaces__rosidl_typesupport_c.so
-- Set runtime path of "/home/alex/restackcell/ws_moveit2/install/opcua_interfaces/lib/libopcua_interfaces__rosidl_typesupport_c.so" to ""
-- Up-to-date: /home/alex/restackcell/ws_moveit2/install/opcua_interfaces/include/opcua_interfaces/opcua_interfaces
-- Up-to-date: /home/alex/restackcell/ws_moveit2/install/opcua_interfaces/include/opcua_interfaces/opcua_interfaces/msg
-- Installing: /home/alex/restackcell/ws_moveit2/install/opcua_interfaces/include/opcua_interfaces/opcua_interfaces/msg/actuator_read_request.hpp
-- Installing: /home/alex/restackcell/ws_moveit2/install/opcua_interfaces/include/opcua_interfaces/opcua_interfaces/msg/actuator_read.hpp
-- Installing: /home/alex/restackcell/ws_moveit2/install/opcua_interfaces/include/opcua_interfaces/opcua_interfaces/msg/actuator_write.hpp
-- Up-to-date: /home/alex/restackcell/ws_moveit2/install/opcua_interfaces/include/opcua_interfaces/opcua_interfaces/msg/detail
-- Installing: /home/alex/restackcell/ws_moveit2/install/opcua_interfaces/include/opcua_interfaces/opcua_interfaces/msg/detail/actuator_read_request__builder.hpp
-- Installing: /home/alex/restackcell/ws_moveit2/install/opcua_interfaces/include/opcua_interfaces/opcua_interfaces/msg/detail/actuator_write__struct.hpp
-- Installing: /home/alex/restackcell/ws_moveit2/install/opcua_interfaces/include/opcua_interfaces/opcua_interfaces/msg/detail/actuator_read__traits.hpp
-- Installing: /home/alex/restackcell/ws_moveit2/install/opcua_interfaces/include/opcua_interfaces/opcua_interfaces/msg/detail/actuator_read__struct.hpp
-- Installing: /home/alex/restackcell/ws_moveit2/install/opcua_interfaces/include/opcua_interfaces/opcua_interfaces/msg/detail/actuator_write__traits.hpp
-- Installing: /home/alex/restackcell/ws_moveit2/install/opcua_interfaces/include/opcua_interfaces/opcua_interfaces/msg/detail/actuator_read__builder.hpp
-- Installing: /home/alex/restackcell/ws_moveit2/install/opcua_interfaces/include/opcua_interfaces/opcua_interfaces/msg/detail/actuator_read_request__struct.hpp
-- Installing: /home/alex/restackcell/ws_moveit2/install/opcua_interfaces/include/opcua_interfaces/opcua_interfaces/msg/detail/actuator_read_request__traits.hpp
-- Installing: /home/alex/restackcell/ws_moveit2/install/opcua_interfaces/include/opcua_interfaces/opcua_interfaces/msg/detail/actuator_write__builder.hpp
-- Up-to-date: /home/alex/restackcell/ws_moveit2/install/opcua_interfaces/include/opcua_interfaces/opcua_interfaces
-- Up-to-date: /home/alex/restackcell/ws_moveit2/install/opcua_interfaces/include/opcua_interfaces/opcua_interfaces/msg
-- Installing: /home/alex/restackcell/ws_moveit2/install/opcua_interfaces/include/opcua_interfaces/opcua_interfaces/msg/rosidl_typesupport_fastrtps_cpp__visibility_control.h
-- Up-to-date: /home/alex/restackcell/ws_moveit2/install/opcua_interfaces/include/opcua_interfaces/opcua_interfaces/msg/detail
-- Installing: /home/alex/restackcell/ws_moveit2/install/opcua_interfaces/include/opcua_interfaces/opcua_interfaces/msg/detail/actuator_read_request__rosidl_typesupport_fastrtps_cpp.hpp
-- Installing: /home/alex/restackcell/ws_moveit2/install/opcua_interfaces/include/opcua_interfaces/opcua_interfaces/msg/detail/actuator_write__rosidl_typesupport_fastrtps_cpp.hpp
-- Installing: /home/alex/restackcell/ws_moveit2/install/opcua_interfaces/include/opcua_interfaces/opcua_interfaces/msg/detail/dds_fastrtps
-- Installing: /home/alex/restackcell/ws_moveit2/install/opcua_interfaces/include/opcua_interfaces/opcua_interfaces/msg/detail/actuator_read__rosidl_typesupport_fastrtps_cpp.hpp
-- Installing: /home/alex/restackcell/ws_moveit2/install/opcua_interfaces/lib/libopcua_interfaces__rosidl_typesupport_fastrtps_cpp.so
-- Set runtime path of "/home/alex/restackcell/ws_moveit2/install/opcua_interfaces/lib/libopcua_interfaces__rosidl_typesupport_fastrtps_cpp.so" to ""
-- Up-to-date: /home/alex/restackcell/ws_moveit2/install/opcua_interfaces/include/opcua_interfaces/opcua_interfaces
-- Up-to-date: /home/alex/restackcell/ws_moveit2/install/opcua_interfaces/include/opcua_interfaces/opcua_interfaces/msg
-- Up-to-date: /home/alex/restackcell/ws_moveit2/install/opcua_interfaces/include/opcua_interfaces/opcua_interfaces/msg/detail
-- Installing: /home/alex/restackcell/ws_moveit2/install/opcua_interfaces/include/opcua_interfaces/opcua_interfaces/msg/detail/actuator_write__type_support.cpp
-- Installing: /home/alex/restackcell/ws_moveit2/install/opcua_interfaces/include/opcua_interfaces/opcua_interfaces/msg/detail/actuator_read_request__type_support.cpp
-- Installing: /home/alex/restackcell/ws_moveit2/install/opcua_interfaces/include/opcua_interfaces/opcua_interfaces/msg/detail/actuator_read__rosidl_typesupport_introspection_cpp.hpp
-- Installing: /home/alex/restackcell/ws_moveit2/install/opcua_interfaces/include/opcua_interfaces/opcua_interfaces/msg/detail/actuator_read__type_support.cpp
-- Installing: /home/alex/restackcell/ws_moveit2/install/opcua_interfaces/include/opcua_interfaces/opcua_interfaces/msg/detail/actuator_write__rosidl_typesupport_introspection_cpp.hpp
-- Installing: /home/alex/restackcell/ws_moveit2/install/opcua_interfaces/include/opcua_interfaces/opcua_interfaces/msg/detail/actuator_read_request__rosidl_typesupport_introspection_cpp.hpp
-- Installing: /home/alex/restackcell/ws_moveit2/install/opcua_interfaces/lib/libopcua_interfaces__rosidl_typesupport_introspection_cpp.so
-- Set runtime path of "/home/alex/restackcell/ws_moveit2/install/opcua_interfaces/lib/libopcua_interfaces__rosidl_typesupport_introspection_cpp.so" to ""
-- Installing: /home/alex/restackcell/ws_moveit2/install/opcua_interfaces/lib/libopcua_interfaces__rosidl_typesupport_cpp.so
-- Set runtime path of "/home/alex/restackcell/ws_moveit2/install/opcua_interfaces/lib/libopcua_interfaces__rosidl_typesupport_cpp.so" to ""
-- Installing: /home/alex/restackcell/ws_moveit2/install/opcua_interfaces/share/opcua_interfaces/environment/pythonpath.sh
-- Installing: /home/alex/restackcell/ws_moveit2/install/opcua_interfaces/share/opcua_interfaces/environment/pythonpath.dsv
-- Installing: /home/alex/restackcell/ws_moveit2/install/opcua_interfaces/local/lib/python3.10/dist-packages/opcua_interfaces-0.0.0-py3.10.egg-info
-- Installing: /home/alex/restackcell/ws_moveit2/install/opcua_interfaces/local/lib/python3.10/dist-packages/opcua_interfaces-0.0.0-py3.10.egg-info/top_level.txt
-- Installing: /home/alex/restackcell/ws_moveit2/install/opcua_interfaces/local/lib/python3.10/dist-packages/opcua_interfaces-0.0.0-py3.10.egg-info/PKG-INFO
-- Installing: /home/alex/restackcell/ws_moveit2/install/opcua_interfaces/local/lib/python3.10/dist-packages/opcua_interfaces-0.0.0-py3.10.egg-info/SOURCES.txt
-- Installing: /home/alex/restackcell/ws_moveit2/install/opcua_interfaces/local/lib/python3.10/dist-packages/opcua_interfaces-0.0.0-py3.10.egg-info/dependency_links.txt
-- Installing: /home/alex/restackcell/ws_moveit2/install/opcua_interfaces/local/lib/python3.10/dist-packages/opcua_interfaces
-- Installing: /home/alex/restackcell/ws_moveit2/install/opcua_interfaces/local/lib/python3.10/dist-packages/opcua_interfaces/opcua_interfaces_s__rosidl_typesupport_introspection_c.cpython-310-x86_64-linux-gnu.so
-- Installing: /home/alex/restackcell/ws_moveit2/install/opcua_interfaces/local/lib/python3.10/dist-packages/opcua_interfaces/__init__.py
-- Installing: /home/alex/restackcell/ws_moveit2/install/opcua_interfaces/local/lib/python3.10/dist-packages/opcua_interfaces/libopcua_interfaces__rosidl_generator_py.so
-- Installing: /home/alex/restackcell/ws_moveit2/install/opcua_interfaces/local/lib/python3.10/dist-packages/opcua_interfaces/_opcua_interfaces_s.ep.rosidl_typesupport_c.c
-- Installing: /home/alex/restackcell/ws_moveit2/install/opcua_interfaces/local/lib/python3.10/dist-packages/opcua_interfaces/opcua_interfaces_s__rosidl_typesupport_fastrtps_c.cpython-310-x86_64-linux-gnu.so
-- Installing: /home/alex/restackcell/ws_moveit2/install/opcua_interfaces/local/lib/python3.10/dist-packages/opcua_interfaces/_opcua_interfaces_s.ep.rosidl_typesupport_fastrtps_c.c
-- Installing: /home/alex/restackcell/ws_moveit2/install/opcua_interfaces/local/lib/python3.10/dist-packages/opcua_interfaces/msg
-- Installing: /home/alex/restackcell/ws_moveit2/install/opcua_interfaces/local/lib/python3.10/dist-packages/opcua_interfaces/msg/_actuator_write.py
-- Installing: /home/alex/restackcell/ws_moveit2/install/opcua_interfaces/local/lib/python3.10/dist-packages/opcua_interfaces/msg/_actuator_read_s.c
-- Installing: /home/alex/restackcell/ws_moveit2/install/opcua_interfaces/local/lib/python3.10/dist-packages/opcua_interfaces/msg/__init__.py
-- Installing: /home/alex/restackcell/ws_moveit2/install/opcua_interfaces/local/lib/python3.10/dist-packages/opcua_interfaces/msg/_actuator_write_s.c
-- Installing: /home/alex/restackcell/ws_moveit2/install/opcua_interfaces/local/lib/python3.10/dist-packages/opcua_interfaces/msg/_actuator_read_request_s.c
-- Installing: /home/alex/restackcell/ws_moveit2/install/opcua_interfaces/local/lib/python3.10/dist-packages/opcua_interfaces/msg/_actuator_read_request.py
-- Installing: /home/alex/restackcell/ws_moveit2/install/opcua_interfaces/local/lib/python3.10/dist-packages/opcua_interfaces/msg/_actuator_read.py
-- Installing: /home/alex/restackcell/ws_moveit2/install/opcua_interfaces/local/lib/python3.10/dist-packages/opcua_interfaces/_opcua_interfaces_s.ep.rosidl_typesupport_introspection_c.c
-- Installing: /home/alex/restackcell/ws_moveit2/install/opcua_interfaces/local/lib/python3.10/dist-packages/opcua_interfaces/opcua_interfaces_s__rosidl_typesupport_c.cpython-310-x86_64-linux-gnu.so
Listing '/home/alex/restackcell/ws_moveit2/install/opcua_interfaces/local/lib/python3.10/dist-packages/opcua_interfaces'...
Compiling '/home/alex/restackcell/ws_moveit2/install/opcua_interfaces/local/lib/python3.10/dist-packages/opcua_interfaces/__init__.py'...
Listing '/home/alex/restackcell/ws_moveit2/install/opcua_interfaces/local/lib/python3.10/dist-packages/opcua_interfaces/msg'...
Compiling '/home/alex/restackcell/ws_moveit2/install/opcua_interfaces/local/lib/python3.10/dist-packages/opcua_interfaces/msg/__init__.py'...
Compiling '/home/alex/restackcell/ws_moveit2/install/opcua_interfaces/local/lib/python3.10/dist-packages/opcua_interfaces/msg/_actuator_read.py'...
Compiling '/home/alex/restackcell/ws_moveit2/install/opcua_interfaces/local/lib/python3.10/dist-packages/opcua_interfaces/msg/_actuator_read_request.py'...
Compiling '/home/alex/restackcell/ws_moveit2/install/opcua_interfaces/local/lib/python3.10/dist-packages/opcua_interfaces/msg/_actuator_write.py'...
-- Installing: /home/alex/restackcell/ws_moveit2/install/opcua_interfaces/local/lib/python3.10/dist-packages/opcua_interfaces/opcua_interfaces_s__rosidl_typesupport_fastrtps_c.cpython-310-x86_64-linux-gnu.so
-- Set runtime path of "/home/alex/restackcell/ws_moveit2/install/opcua_interfaces/local/lib/python3.10/dist-packages/opcua_interfaces/opcua_interfaces_s__rosidl_typesupport_fastrtps_c.cpython-310-x86_64-linux-gnu.so" to ""
-- Installing: /home/alex/restackcell/ws_moveit2/install/opcua_interfaces/local/lib/python3.10/dist-packages/opcua_interfaces/opcua_interfaces_s__rosidl_typesupport_introspection_c.cpython-310-x86_64-linux-gnu.so
-- Set runtime path of "/home/alex/restackcell/ws_moveit2/install/opcua_interfaces/local/lib/python3.10/dist-packages/opcua_interfaces/opcua_interfaces_s__rosidl_typesupport_introspection_c.cpython-310-x86_64-linux-gnu.so" to ""
-- Installing: /home/alex/restackcell/ws_moveit2/install/opcua_interfaces/local/lib/python3.10/dist-packages/opcua_interfaces/opcua_interfaces_s__rosidl_typesupport_c.cpython-310-x86_64-linux-gnu.so
-- Set runtime path of "/home/alex/restackcell/ws_moveit2/install/opcua_interfaces/local/lib/python3.10/dist-packages/opcua_interfaces/opcua_interfaces_s__rosidl_typesupport_c.cpython-310-x86_64-linux-gnu.so" to ""
-- Installing: /home/alex/restackcell/ws_moveit2/install/opcua_interfaces/lib/libopcua_interfaces__rosidl_generator_py.so
-- Set runtime path of "/home/alex/restackcell/ws_moveit2/install/opcua_interfaces/lib/libopcua_interfaces__rosidl_generator_py.so" to ""
-- Installing: /home/alex/restackcell/ws_moveit2/install/opcua_interfaces/share/opcua_interfaces/msg/ActuatorWrite.idl
-- Installing: /home/alex/restackcell/ws_moveit2/install/opcua_interfaces/share/opcua_interfaces/msg/ActuatorRead.idl
-- Installing: /home/alex/restackcell/ws_moveit2/install/opcua_interfaces/share/opcua_interfaces/msg/ActuatorReadRequest.idl
-- Installing: /home/alex/restackcell/ws_moveit2/install/opcua_interfaces/share/opcua_interfaces/msg/ActuatorWrite.msg
-- Installing: /home/alex/restackcell/ws_moveit2/install/opcua_interfaces/share/opcua_interfaces/msg/ActuatorRead.msg
-- Installing: /home/alex/restackcell/ws_moveit2/install/opcua_interfaces/share/opcua_interfaces/msg/ActuatorReadRequest.msg
-- Installing: /home/alex/restackcell/ws_moveit2/install/opcua_interfaces/share/ament_index/resource_index/package_run_dependencies/opcua_interfaces
-- Installing: /home/alex/restackcell/ws_moveit2/install/opcua_interfaces/share/ament_index/resource_index/parent_prefix_path/opcua_interfaces
-- Installing: /home/alex/restackcell/ws_moveit2/install/opcua_interfaces/share/opcua_interfaces/environment/ament_prefix_path.sh
-- Installing: /home/alex/restackcell/ws_moveit2/install/opcua_interfaces/share/opcua_interfaces/environment/ament_prefix_path.dsv
-- Installing: /home/alex/restackcell/ws_moveit2/install/opcua_interfaces/share/opcua_interfaces/environment/path.sh
-- Installing: /home/alex/restackcell/ws_moveit2/install/opcua_interfaces/share/opcua_interfaces/environment/path.dsv
-- Installing: /home/alex/restackcell/ws_moveit2/install/opcua_interfaces/share/opcua_interfaces/local_setup.bash
-- Installing: /home/alex/restackcell/ws_moveit2/install/opcua_interfaces/share/opcua_interfaces/local_setup.sh
-- Installing: /home/alex/restackcell/ws_moveit2/install/opcua_interfaces/share/opcua_interfaces/local_setup.zsh
-- Installing: /home/alex/restackcell/ws_moveit2/install/opcua_interfaces/share/opcua_interfaces/local_setup.dsv
-- Installing: /home/alex/restackcell/ws_moveit2/install/opcua_interfaces/share/opcua_interfaces/package.dsv
-- Installing: /home/alex/restackcell/ws_moveit2/install/opcua_interfaces/share/ament_index/resource_index/packages/opcua_interfaces
-- Installing: /home/alex/restackcell/ws_moveit2/install/opcua_interfaces/share/opcua_interfaces/cmake/export_opcua_interfaces__rosidl_generator_cExport.cmake
-- Installing: /home/alex/restackcell/ws_moveit2/install/opcua_interfaces/share/opcua_interfaces/cmake/export_opcua_interfaces__rosidl_generator_cExport-noconfig.cmake
-- Installing: /home/alex/restackcell/ws_moveit2/install/opcua_interfaces/share/opcua_interfaces/cmake/export_opcua_interfaces__rosidl_typesupport_fastrtps_cExport.cmake
-- Installing: /home/alex/restackcell/ws_moveit2/install/opcua_interfaces/share/opcua_interfaces/cmake/export_opcua_interfaces__rosidl_typesupport_fastrtps_cExport-noconfig.cmake
-- Installing: /home/alex/restackcell/ws_moveit2/install/opcua_interfaces/share/opcua_interfaces/cmake/opcua_interfaces__rosidl_typesupport_introspection_cExport.cmake
-- Installing: /home/alex/restackcell/ws_moveit2/install/opcua_interfaces/share/opcua_interfaces/cmake/opcua_interfaces__rosidl_typesupport_introspection_cExport-noconfig.cmake
-- Installing: /home/alex/restackcell/ws_moveit2/install/opcua_interfaces/share/opcua_interfaces/cmake/opcua_interfaces__rosidl_typesupport_cExport.cmake
-- Installing: /home/alex/restackcell/ws_moveit2/install/opcua_interfaces/share/opcua_interfaces/cmake/opcua_interfaces__rosidl_typesupport_cExport-noconfig.cmake
-- Installing: /home/alex/restackcell/ws_moveit2/install/opcua_interfaces/share/opcua_interfaces/cmake/export_opcua_interfaces__rosidl_generator_cppExport.cmake
-- Installing: /home/alex/restackcell/ws_moveit2/install/opcua_interfaces/share/opcua_interfaces/cmake/export_opcua_interfaces__rosidl_typesupport_fastrtps_cppExport.cmake
-- Installing: /home/alex/restackcell/ws_moveit2/install/opcua_interfaces/share/opcua_interfaces/cmake/export_opcua_interfaces__rosidl_typesupport_fastrtps_cppExport-noconfig.cmake
-- Installing: /home/alex/restackcell/ws_moveit2/install/opcua_interfaces/share/opcua_interfaces/cmake/opcua_interfaces__rosidl_typesupport_introspection_cppExport.cmake
-- Installing: /home/alex/restackcell/ws_moveit2/install/opcua_interfaces/share/opcua_interfaces/cmake/opcua_interfaces__rosidl_typesupport_introspection_cppExport-noconfig.cmake
-- Installing: /home/alex/restackcell/ws_moveit2/install/opcua_interfaces/share/opcua_interfaces/cmake/opcua_interfaces__rosidl_typesupport_cppExport.cmake
-- Installing: /home/alex/restackcell/ws_moveit2/install/opcua_interfaces/share/opcua_interfaces/cmake/opcua_interfaces__rosidl_typesupport_cppExport-noconfig.cmake
-- Installing: /home/alex/restackcell/ws_moveit2/install/opcua_interfaces/share/opcua_interfaces/cmake/export_opcua_interfaces__rosidl_generator_pyExport.cmake
-- Installing: /home/alex/restackcell/ws_moveit2/install/opcua_interfaces/share/opcua_interfaces/cmake/export_opcua_interfaces__rosidl_generator_pyExport-noconfig.cmake
-- Installing: /home/alex/restackcell/ws_moveit2/install/opcua_interfaces/share/opcua_interfaces/cmake/rosidl_cmake-extras.cmake
-- Installing: /home/alex/restackcell/ws_moveit2/install/opcua_interfaces/share/opcua_interfaces/cmake/ament_cmake_export_include_directories-extras.cmake
-- Installing: /home/alex/restackcell/ws_moveit2/install/opcua_interfaces/share/opcua_interfaces/cmake/ament_cmake_export_libraries-extras.cmake
-- Installing: /home/alex/restackcell/ws_moveit2/install/opcua_interfaces/share/opcua_interfaces/cmake/ament_cmake_export_targets-extras.cmake
-- Installing: /home/alex/restackcell/ws_moveit2/install/opcua_interfaces/share/opcua_interfaces/cmake/rosidl_cmake_export_typesupport_targets-extras.cmake
-- Installing: /home/alex/restackcell/ws_moveit2/install/opcua_interfaces/share/opcua_interfaces/cmake/ament_cmake_export_dependencies-extras.cmake
-- Installing: /home/alex/restackcell/ws_moveit2/install/opcua_interfaces/share/opcua_interfaces/cmake/rosidl_cmake_export_typesupport_libraries-extras.cmake
-- Installing: /home/alex/restackcell/ws_moveit2/install/opcua_interfaces/share/opcua_interfaces/cmake/opcua_interfacesConfig.cmake
-- Installing: /home/alex/restackcell/ws_moveit2/install/opcua_interfaces/share/opcua_interfaces/cmake/opcua_interfacesConfig-version.cmake
-- Installing: /home/alex/restackcell/ws_moveit2/install/opcua_interfaces/share/opcua_interfaces/package.xml
