[0.535s] Invoking command in '/home/alex/ws_moveit2/src/launch_param_builder': PYTHONPATH=/home/alex/ws_moveit2/build/launch_param_builder/prefix_override:/home/alex/ws_moveit2/install/launch_param_builder/lib/python3.10/site-packages:${PYTHONPATH} /usr/bin/python3 setup.py egg_info --egg-base ../../build/launch_param_builder build --build-base /home/alex/ws_moveit2/build/launch_param_builder/build install --record /home/alex/ws_moveit2/build/launch_param_builder/install.log --single-version-externally-managed
[0.678s] running egg_info
[0.678s] writing ../../build/launch_param_builder/launch_param_builder.egg-info/PKG-INFO
[0.687s] writing dependency_links to ../../build/launch_param_builder/launch_param_builder.egg-info/dependency_links.txt
[0.687s] writing entry points to ../../build/launch_param_builder/launch_param_builder.egg-info/entry_points.txt
[0.688s] writing requirements to ../../build/launch_param_builder/launch_param_builder.egg-info/requires.txt
[0.688s] writing top-level names to ../../build/launch_param_builder/launch_param_builder.egg-info/top_level.txt
[0.690s] reading manifest file '../../build/launch_param_builder/launch_param_builder.egg-info/SOURCES.txt'
[0.690s] adding license file 'LICENSE'
[0.690s] writing manifest file '../../build/launch_param_builder/launch_param_builder.egg-info/SOURCES.txt'
[0.691s] running build
[0.691s] running build_py
[0.691s] running install
[0.692s] /usr/lib/python3/dist-packages/setuptools/command/install.py:34: SetuptoolsDeprecationWarning: setup.py install is deprecated. Use build and pip and other standards-based tools.
[0.692s]   warnings.warn(
[0.692s] running install_lib
[0.693s] running install_data
[0.694s] running install_egg_info
[0.695s] removing '/home/alex/ws_moveit2/install/launch_param_builder/lib/python3.10/site-packages/launch_param_builder-0.1.1-py3.10.egg-info' (and everything under it)
[0.695s] Copying ../../build/launch_param_builder/launch_param_builder.egg-info to /home/alex/ws_moveit2/install/launch_param_builder/lib/python3.10/site-packages/launch_param_builder-0.1.1-py3.10.egg-info
[0.696s] running install_scripts
[0.710s] writing list of installed files to '/home/alex/ws_moveit2/build/launch_param_builder/install.log'
[0.725s] Invoked command in '/home/alex/ws_moveit2/src/launch_param_builder' returned '0': PYTHONPATH=/home/alex/ws_moveit2/build/launch_param_builder/prefix_override:/home/alex/ws_moveit2/install/launch_param_builder/lib/python3.10/site-packages:${PYTHONPATH} /usr/bin/python3 setup.py egg_info --egg-base ../../build/launch_param_builder build --build-base /home/alex/ws_moveit2/build/launch_param_builder/build install --record /home/alex/ws_moveit2/build/launch_param_builder/install.log --single-version-externally-managed
