[0.632s] Invoking command in '/home/autopilot/ws/restackcell/ws_moveit2/build/robo_planner_msgs': /usr/bin/cmake --build /home/autopilot/ws/restackcell/ws_moveit2/build/robo_planner_msgs -- -j8 -l8
[0.808s] [ 12%] Built target robo_planner_msgs__rosidl_generator_c
[0.811s] [ 12%] Built target ament_cmake_python_copy_robo_planner_msgs
[0.819s] [ 12%] Built target robo_planner_msgs__cpp
[0.918s] [ 24%] Built target robo_planner_msgs__rosidl_typesupport_introspection_c
[0.922s] [ 47%] Built target robo_planner_msgs__rosidl_typesupport_c
[0.923s] [ 48%] Built target robo_planner_msgs__rosidl_typesupport_fastrtps_c
[0.939s] [ 60%] Built target robo_planner_msgs__rosidl_typesupport_cpp
[0.940s] [ 72%] Built target robo_planner_msgs__rosidl_typesupport_introspection_cpp
[0.949s] [ 84%] Built target robo_planner_msgs__rosidl_typesupport_fastrtps_cpp
[0.990s] [ 84%] Built target robo_planner_msgs
[1.038s] [ 85%] Built target robo_planner_msgs__py
[1.106s] [ 96%] Built target robo_planner_msgs__rosidl_generator_py
[1.168s] [ 98%] Built target robo_planner_msgs__rosidl_typesupport_introspection_c__pyext
[1.168s] [ 99%] Built target robo_planner_msgs__rosidl_typesupport_fastrtps_c__pyext
[1.174s] [100%] Built target robo_planner_msgs__rosidl_typesupport_c__pyext
[1.386s] running egg_info
[1.387s] writing robo_planner_msgs.egg-info/PKG-INFO
[1.388s] writing dependency_links to robo_planner_msgs.egg-info/dependency_links.txt
[1.388s] writing top-level names to robo_planner_msgs.egg-info/top_level.txt
[1.394s] reading manifest file 'robo_planner_msgs.egg-info/SOURCES.txt'
[1.395s] writing manifest file 'robo_planner_msgs.egg-info/SOURCES.txt'
[1.465s] [100%] Built target ament_cmake_python_build_robo_planner_msgs_egg
[1.491s] Invoked command in '/home/autopilot/ws/restackcell/ws_moveit2/build/robo_planner_msgs' returned '0': /usr/bin/cmake --build /home/autopilot/ws/restackcell/ws_moveit2/build/robo_planner_msgs -- -j8 -l8
[2.880s] Invoking command in '/home/autopilot/ws/restackcell/ws_moveit2/build/robo_planner_msgs': /usr/bin/cmake --install /home/autopilot/ws/restackcell/ws_moveit2/build/robo_planner_msgs
[2.895s] -- Install configuration: ""
[2.896s] -- Up-to-date: /home/autopilot/ws/restackcell/ws_moveit2/install/robo_planner_msgs/share/ament_index/resource_index/rosidl_interfaces/robo_planner_msgs
[2.896s] -- Up-to-date: /home/autopilot/ws/restackcell/ws_moveit2/install/robo_planner_msgs/include/robo_planner_msgs/robo_planner_msgs
[2.896s] -- Up-to-date: /home/autopilot/ws/restackcell/ws_moveit2/install/robo_planner_msgs/include/robo_planner_msgs/robo_planner_msgs/msg
[2.897s] -- Up-to-date: /home/autopilot/ws/restackcell/ws_moveit2/install/robo_planner_msgs/include/robo_planner_msgs/robo_planner_msgs/msg/scene_object_set_pose.h
[2.897s] -- Up-to-date: /home/autopilot/ws/restackcell/ws_moveit2/install/robo_planner_msgs/include/robo_planner_msgs/robo_planner_msgs/msg/labeled_point_clouds.h
[2.897s] -- Up-to-date: /home/autopilot/ws/restackcell/ws_moveit2/install/robo_planner_msgs/include/robo_planner_msgs/robo_planner_msgs/msg/scene_object_add.h
[2.897s] -- Up-to-date: /home/autopilot/ws/restackcell/ws_moveit2/install/robo_planner_msgs/include/robo_planner_msgs/robo_planner_msgs/msg/rosidl_generator_c__visibility_control.h
[2.897s] -- Up-to-date: /home/autopilot/ws/restackcell/ws_moveit2/install/robo_planner_msgs/include/robo_planner_msgs/robo_planner_msgs/msg/labeled_point_cloud.h
[2.897s] -- Up-to-date: /home/autopilot/ws/restackcell/ws_moveit2/install/robo_planner_msgs/include/robo_planner_msgs/robo_planner_msgs/msg/scene_object_remove.h
[2.898s] -- Up-to-date: /home/autopilot/ws/restackcell/ws_moveit2/install/robo_planner_msgs/include/robo_planner_msgs/robo_planner_msgs/msg/detail
[2.898s] -- Up-to-date: /home/autopilot/ws/restackcell/ws_moveit2/install/robo_planner_msgs/include/robo_planner_msgs/robo_planner_msgs/msg/detail/scene_object_add__functions.c
[2.898s] -- Up-to-date: /home/autopilot/ws/restackcell/ws_moveit2/install/robo_planner_msgs/include/robo_planner_msgs/robo_planner_msgs/msg/detail/scene_object_set_pose__functions.c
[2.898s] -- Up-to-date: /home/autopilot/ws/restackcell/ws_moveit2/install/robo_planner_msgs/include/robo_planner_msgs/robo_planner_msgs/msg/detail/labeled_point_clouds__type_support.h
[2.898s] -- Up-to-date: /home/autopilot/ws/restackcell/ws_moveit2/install/robo_planner_msgs/include/robo_planner_msgs/robo_planner_msgs/msg/detail/scene_object_remove__functions.c
[2.899s] -- Up-to-date: /home/autopilot/ws/restackcell/ws_moveit2/install/robo_planner_msgs/include/robo_planner_msgs/robo_planner_msgs/msg/detail/labeled_point_clouds__struct.h
[2.899s] -- Up-to-date: /home/autopilot/ws/restackcell/ws_moveit2/install/robo_planner_msgs/include/robo_planner_msgs/robo_planner_msgs/msg/detail/scene_object_remove__struct.h
[2.899s] -- Up-to-date: /home/autopilot/ws/restackcell/ws_moveit2/install/robo_planner_msgs/include/robo_planner_msgs/robo_planner_msgs/msg/detail/scene_object_add__functions.h
[2.899s] -- Up-to-date: /home/autopilot/ws/restackcell/ws_moveit2/install/robo_planner_msgs/include/robo_planner_msgs/robo_planner_msgs/msg/detail/labeled_point_cloud__functions.c
[2.899s] -- Up-to-date: /home/autopilot/ws/restackcell/ws_moveit2/install/robo_planner_msgs/include/robo_planner_msgs/robo_planner_msgs/msg/detail/scene_object_add__type_support.h
[2.899s] -- Up-to-date: /home/autopilot/ws/restackcell/ws_moveit2/install/robo_planner_msgs/include/robo_planner_msgs/robo_planner_msgs/msg/detail/labeled_point_clouds__functions.c
[2.900s] -- Up-to-date: /home/autopilot/ws/restackcell/ws_moveit2/install/robo_planner_msgs/include/robo_planner_msgs/robo_planner_msgs/msg/detail/scene_object_remove__type_support.h
[2.900s] -- Up-to-date: /home/autopilot/ws/restackcell/ws_moveit2/install/robo_planner_msgs/include/robo_planner_msgs/robo_planner_msgs/msg/detail/labeled_point_cloud__functions.h
[2.900s] -- Up-to-date: /home/autopilot/ws/restackcell/ws_moveit2/install/robo_planner_msgs/include/robo_planner_msgs/robo_planner_msgs/msg/detail/labeled_point_clouds__functions.h
[2.900s] -- Up-to-date: /home/autopilot/ws/restackcell/ws_moveit2/install/robo_planner_msgs/include/robo_planner_msgs/robo_planner_msgs/msg/detail/scene_object_set_pose__struct.h
[2.900s] -- Up-to-date: /home/autopilot/ws/restackcell/ws_moveit2/install/robo_planner_msgs/include/robo_planner_msgs/robo_planner_msgs/msg/detail/scene_object_add__struct.h
[2.900s] -- Up-to-date: /home/autopilot/ws/restackcell/ws_moveit2/install/robo_planner_msgs/include/robo_planner_msgs/robo_planner_msgs/msg/detail/labeled_point_cloud__struct.h
[2.901s] -- Up-to-date: /home/autopilot/ws/restackcell/ws_moveit2/install/robo_planner_msgs/include/robo_planner_msgs/robo_planner_msgs/msg/detail/scene_object_set_pose__type_support.h
[2.901s] -- Up-to-date: /home/autopilot/ws/restackcell/ws_moveit2/install/robo_planner_msgs/include/robo_planner_msgs/robo_planner_msgs/msg/detail/labeled_point_cloud__type_support.h
[2.901s] -- Up-to-date: /home/autopilot/ws/restackcell/ws_moveit2/install/robo_planner_msgs/include/robo_planner_msgs/robo_planner_msgs/msg/detail/scene_object_set_pose__functions.h
[2.901s] -- Up-to-date: /home/autopilot/ws/restackcell/ws_moveit2/install/robo_planner_msgs/include/robo_planner_msgs/robo_planner_msgs/msg/detail/scene_object_remove__functions.h
[2.901s] -- Up-to-date: /home/autopilot/ws/restackcell/ws_moveit2/install/robo_planner_msgs/include/robo_planner_msgs/robo_planner_msgs/srv
[2.901s] -- Up-to-date: /home/autopilot/ws/restackcell/ws_moveit2/install/robo_planner_msgs/include/robo_planner_msgs/robo_planner_msgs/srv/gripper_change_pick.h
[2.901s] -- Up-to-date: /home/autopilot/ws/restackcell/ws_moveit2/install/robo_planner_msgs/include/robo_planner_msgs/robo_planner_msgs/srv/pick.h
[2.902s] -- Up-to-date: /home/autopilot/ws/restackcell/ws_moveit2/install/robo_planner_msgs/include/robo_planner_msgs/robo_planner_msgs/srv/follow_trajectory.h
[2.902s] -- Up-to-date: /home/autopilot/ws/restackcell/ws_moveit2/install/robo_planner_msgs/include/robo_planner_msgs/robo_planner_msgs/srv/place.h
[2.902s] -- Up-to-date: /home/autopilot/ws/restackcell/ws_moveit2/install/robo_planner_msgs/include/robo_planner_msgs/robo_planner_msgs/srv/open_door.h
[2.902s] -- Up-to-date: /home/autopilot/ws/restackcell/ws_moveit2/install/robo_planner_msgs/include/robo_planner_msgs/robo_planner_msgs/srv/set_robot_value_velocity.h
[2.902s] -- Up-to-date: /home/autopilot/ws/restackcell/ws_moveit2/install/robo_planner_msgs/include/robo_planner_msgs/robo_planner_msgs/srv/detail
[2.902s] -- Up-to-date: /home/autopilot/ws/restackcell/ws_moveit2/install/robo_planner_msgs/include/robo_planner_msgs/robo_planner_msgs/srv/detail/gripper_close__functions.c
[2.902s] -- Up-to-date: /home/autopilot/ws/restackcell/ws_moveit2/install/robo_planner_msgs/include/robo_planner_msgs/robo_planner_msgs/srv/detail/follow_trajectory__type_support.h
[2.902s] -- Up-to-date: /home/autopilot/ws/restackcell/ws_moveit2/install/robo_planner_msgs/include/robo_planner_msgs/robo_planner_msgs/srv/detail/set_robot_value_velocity__struct.h
[2.903s] -- Up-to-date: /home/autopilot/ws/restackcell/ws_moveit2/install/robo_planner_msgs/include/robo_planner_msgs/robo_planner_msgs/srv/detail/gripper_change__functions.h
[2.903s] -- Up-to-date: /home/autopilot/ws/restackcell/ws_moveit2/install/robo_planner_msgs/include/robo_planner_msgs/robo_planner_msgs/srv/detail/set_robot_value_velocity__functions.h
[2.903s] -- Up-to-date: /home/autopilot/ws/restackcell/ws_moveit2/install/robo_planner_msgs/include/robo_planner_msgs/robo_planner_msgs/srv/detail/gripper_change_pick__functions.c
[2.903s] -- Up-to-date: /home/autopilot/ws/restackcell/ws_moveit2/install/robo_planner_msgs/include/robo_planner_msgs/robo_planner_msgs/srv/detail/gripper_change_pick__type_support.h
[2.903s] -- Up-to-date: /home/autopilot/ws/restackcell/ws_moveit2/install/robo_planner_msgs/include/robo_planner_msgs/robo_planner_msgs/srv/detail/place__struct.h
[2.903s] -- Up-to-date: /home/autopilot/ws/restackcell/ws_moveit2/install/robo_planner_msgs/include/robo_planner_msgs/robo_planner_msgs/srv/detail/gripper_close__functions.h
[2.904s] -- Up-to-date: /home/autopilot/ws/restackcell/ws_moveit2/install/robo_planner_msgs/include/robo_planner_msgs/robo_planner_msgs/srv/detail/gripper_open__functions.h
[2.904s] -- Up-to-date: /home/autopilot/ws/restackcell/ws_moveit2/install/robo_planner_msgs/include/robo_planner_msgs/robo_planner_msgs/srv/detail/pick_and_place__functions.h
[2.904s] -- Up-to-date: /home/autopilot/ws/restackcell/ws_moveit2/install/robo_planner_msgs/include/robo_planner_msgs/robo_planner_msgs/srv/detail/open_door__functions.c
[2.904s] -- Up-to-date: /home/autopilot/ws/restackcell/ws_moveit2/install/robo_planner_msgs/include/robo_planner_msgs/robo_planner_msgs/srv/detail/gripper_change_place__functions.h
[2.905s] -- Up-to-date: /home/autopilot/ws/restackcell/ws_moveit2/install/robo_planner_msgs/include/robo_planner_msgs/robo_planner_msgs/srv/detail/pick__functions.h
[2.905s] -- Up-to-date: /home/autopilot/ws/restackcell/ws_moveit2/install/robo_planner_msgs/include/robo_planner_msgs/robo_planner_msgs/srv/detail/gripper_change_pick__struct.h
[2.905s] -- Up-to-date: /home/autopilot/ws/restackcell/ws_moveit2/install/robo_planner_msgs/include/robo_planner_msgs/robo_planner_msgs/srv/detail/open_door__type_support.h
[2.905s] -- Up-to-date: /home/autopilot/ws/restackcell/ws_moveit2/install/robo_planner_msgs/include/robo_planner_msgs/robo_planner_msgs/srv/detail/open_door__struct.h
[2.905s] -- Up-to-date: /home/autopilot/ws/restackcell/ws_moveit2/install/robo_planner_msgs/include/robo_planner_msgs/robo_planner_msgs/srv/detail/gripper_close__struct.h
[2.905s] -- Up-to-date: /home/autopilot/ws/restackcell/ws_moveit2/install/robo_planner_msgs/include/robo_planner_msgs/robo_planner_msgs/srv/detail/move_to_pose__struct.h
[2.905s] -- Up-to-date: /home/autopilot/ws/restackcell/ws_moveit2/install/robo_planner_msgs/include/robo_planner_msgs/robo_planner_msgs/srv/detail/place__type_support.h
[2.905s] -- Up-to-date: /home/autopilot/ws/restackcell/ws_moveit2/install/robo_planner_msgs/include/robo_planner_msgs/robo_planner_msgs/srv/detail/set_robot_value_velocity__functions.c
[2.906s] -- Up-to-date: /home/autopilot/ws/restackcell/ws_moveit2/install/robo_planner_msgs/include/robo_planner_msgs/robo_planner_msgs/srv/detail/gripper_change__type_support.h
[2.906s] -- Up-to-date: /home/autopilot/ws/restackcell/ws_moveit2/install/robo_planner_msgs/include/robo_planner_msgs/robo_planner_msgs/srv/detail/place__functions.c
[2.906s] -- Up-to-date: /home/autopilot/ws/restackcell/ws_moveit2/install/robo_planner_msgs/include/robo_planner_msgs/robo_planner_msgs/srv/detail/gripper_open__functions.c
[2.906s] -- Up-to-date: /home/autopilot/ws/restackcell/ws_moveit2/install/robo_planner_msgs/include/robo_planner_msgs/robo_planner_msgs/srv/detail/gripper_change__functions.c
[2.906s] -- Up-to-date: /home/autopilot/ws/restackcell/ws_moveit2/install/robo_planner_msgs/include/robo_planner_msgs/robo_planner_msgs/srv/detail/pick_and_place__functions.c
[2.907s] -- Up-to-date: /home/autopilot/ws/restackcell/ws_moveit2/install/robo_planner_msgs/include/robo_planner_msgs/robo_planner_msgs/srv/detail/gripper_change_place__functions.c
[2.907s] -- Up-to-date: /home/autopilot/ws/restackcell/ws_moveit2/install/robo_planner_msgs/include/robo_planner_msgs/robo_planner_msgs/srv/detail/move_to_pose__type_support.h
[2.907s] -- Up-to-date: /home/autopilot/ws/restackcell/ws_moveit2/install/robo_planner_msgs/include/robo_planner_msgs/robo_planner_msgs/srv/detail/pick__struct.h
[2.907s] -- Up-to-date: /home/autopilot/ws/restackcell/ws_moveit2/install/robo_planner_msgs/include/robo_planner_msgs/robo_planner_msgs/srv/detail/gripper_open__type_support.h
[2.908s] -- Up-to-date: /home/autopilot/ws/restackcell/ws_moveit2/install/robo_planner_msgs/include/robo_planner_msgs/robo_planner_msgs/srv/detail/gripper_change_place__struct.h
[2.910s] -- Up-to-date: /home/autopilot/ws/restackcell/ws_moveit2/install/robo_planner_msgs/include/robo_planner_msgs/robo_planner_msgs/srv/detail/open_door__functions.h
[2.910s] -- Up-to-date: /home/autopilot/ws/restackcell/ws_moveit2/install/robo_planner_msgs/include/robo_planner_msgs/robo_planner_msgs/srv/detail/gripper_change_place__type_support.h
[2.910s] -- Up-to-date: /home/autopilot/ws/restackcell/ws_moveit2/install/robo_planner_msgs/include/robo_planner_msgs/robo_planner_msgs/srv/detail/move_to_pose__functions.c
[2.910s] -- Up-to-date: /home/autopilot/ws/restackcell/ws_moveit2/install/robo_planner_msgs/include/robo_planner_msgs/robo_planner_msgs/srv/detail/pick__type_support.h
[2.911s] -- Up-to-date: /home/autopilot/ws/restackcell/ws_moveit2/install/robo_planner_msgs/include/robo_planner_msgs/robo_planner_msgs/srv/detail/gripper_close__type_support.h
[2.911s] -- Up-to-date: /home/autopilot/ws/restackcell/ws_moveit2/install/robo_planner_msgs/include/robo_planner_msgs/robo_planner_msgs/srv/detail/follow_trajectory__functions.c
[2.911s] -- Up-to-date: /home/autopilot/ws/restackcell/ws_moveit2/install/robo_planner_msgs/include/robo_planner_msgs/robo_planner_msgs/srv/detail/follow_trajectory__struct.h
[2.911s] -- Up-to-date: /home/autopilot/ws/restackcell/ws_moveit2/install/robo_planner_msgs/include/robo_planner_msgs/robo_planner_msgs/srv/detail/gripper_open__struct.h
[2.911s] -- Up-to-date: /home/autopilot/ws/restackcell/ws_moveit2/install/robo_planner_msgs/include/robo_planner_msgs/robo_planner_msgs/srv/detail/pick__functions.c
[2.912s] -- Up-to-date: /home/autopilot/ws/restackcell/ws_moveit2/install/robo_planner_msgs/include/robo_planner_msgs/robo_planner_msgs/srv/detail/place__functions.h
[2.912s] -- Up-to-date: /home/autopilot/ws/restackcell/ws_moveit2/install/robo_planner_msgs/include/robo_planner_msgs/robo_planner_msgs/srv/detail/move_to_pose__functions.h
[2.912s] -- Up-to-date: /home/autopilot/ws/restackcell/ws_moveit2/install/robo_planner_msgs/include/robo_planner_msgs/robo_planner_msgs/srv/detail/pick_and_place__struct.h
[2.912s] -- Up-to-date: /home/autopilot/ws/restackcell/ws_moveit2/install/robo_planner_msgs/include/robo_planner_msgs/robo_planner_msgs/srv/detail/gripper_change_pick__functions.h
[2.913s] -- Up-to-date: /home/autopilot/ws/restackcell/ws_moveit2/install/robo_planner_msgs/include/robo_planner_msgs/robo_planner_msgs/srv/detail/gripper_change__struct.h
[2.913s] -- Up-to-date: /home/autopilot/ws/restackcell/ws_moveit2/install/robo_planner_msgs/include/robo_planner_msgs/robo_planner_msgs/srv/detail/pick_and_place__type_support.h
[2.913s] -- Up-to-date: /home/autopilot/ws/restackcell/ws_moveit2/install/robo_planner_msgs/include/robo_planner_msgs/robo_planner_msgs/srv/detail/follow_trajectory__functions.h
[2.913s] -- Up-to-date: /home/autopilot/ws/restackcell/ws_moveit2/install/robo_planner_msgs/include/robo_planner_msgs/robo_planner_msgs/srv/detail/set_robot_value_velocity__type_support.h
[2.913s] -- Up-to-date: /home/autopilot/ws/restackcell/ws_moveit2/install/robo_planner_msgs/include/robo_planner_msgs/robo_planner_msgs/srv/pick_and_place.h
[2.913s] -- Up-to-date: /home/autopilot/ws/restackcell/ws_moveit2/install/robo_planner_msgs/include/robo_planner_msgs/robo_planner_msgs/srv/gripper_open.h
[2.914s] -- Up-to-date: /home/autopilot/ws/restackcell/ws_moveit2/install/robo_planner_msgs/include/robo_planner_msgs/robo_planner_msgs/srv/gripper_close.h
[2.914s] -- Up-to-date: /home/autopilot/ws/restackcell/ws_moveit2/install/robo_planner_msgs/include/robo_planner_msgs/robo_planner_msgs/srv/gripper_change.h
[2.914s] -- Up-to-date: /home/autopilot/ws/restackcell/ws_moveit2/install/robo_planner_msgs/include/robo_planner_msgs/robo_planner_msgs/srv/move_to_pose.h
[2.914s] -- Up-to-date: /home/autopilot/ws/restackcell/ws_moveit2/install/robo_planner_msgs/include/robo_planner_msgs/robo_planner_msgs/srv/gripper_change_place.h
[2.915s] -- Up-to-date: /home/autopilot/ws/restackcell/ws_moveit2/install/robo_planner_msgs/share/robo_planner_msgs/environment/library_path.sh
[2.915s] -- Up-to-date: /home/autopilot/ws/restackcell/ws_moveit2/install/robo_planner_msgs/share/robo_planner_msgs/environment/library_path.dsv
[2.915s] -- Up-to-date: /home/autopilot/ws/restackcell/ws_moveit2/install/robo_planner_msgs/lib/librobo_planner_msgs__rosidl_generator_c.so
[2.916s] -- Up-to-date: /home/autopilot/ws/restackcell/ws_moveit2/install/robo_planner_msgs/include/robo_planner_msgs/robo_planner_msgs
[2.916s] -- Up-to-date: /home/autopilot/ws/restackcell/ws_moveit2/install/robo_planner_msgs/include/robo_planner_msgs/robo_planner_msgs/msg
[2.916s] -- Up-to-date: /home/autopilot/ws/restackcell/ws_moveit2/install/robo_planner_msgs/include/robo_planner_msgs/robo_planner_msgs/msg/rosidl_typesupport_fastrtps_c__visibility_control.h
[2.917s] -- Up-to-date: /home/autopilot/ws/restackcell/ws_moveit2/install/robo_planner_msgs/include/robo_planner_msgs/robo_planner_msgs/msg/detail
[2.917s] -- Up-to-date: /home/autopilot/ws/restackcell/ws_moveit2/install/robo_planner_msgs/include/robo_planner_msgs/robo_planner_msgs/msg/detail/scene_object_remove__rosidl_typesupport_fastrtps_c.h
[2.917s] -- Up-to-date: /home/autopilot/ws/restackcell/ws_moveit2/install/robo_planner_msgs/include/robo_planner_msgs/robo_planner_msgs/msg/detail/scene_object_add__rosidl_typesupport_fastrtps_c.h
[2.917s] -- Up-to-date: /home/autopilot/ws/restackcell/ws_moveit2/install/robo_planner_msgs/include/robo_planner_msgs/robo_planner_msgs/msg/detail/labeled_point_clouds__rosidl_typesupport_fastrtps_c.h
[2.917s] -- Up-to-date: /home/autopilot/ws/restackcell/ws_moveit2/install/robo_planner_msgs/include/robo_planner_msgs/robo_planner_msgs/msg/detail/labeled_point_cloud__rosidl_typesupport_fastrtps_c.h
[2.917s] -- Up-to-date: /home/autopilot/ws/restackcell/ws_moveit2/install/robo_planner_msgs/include/robo_planner_msgs/robo_planner_msgs/msg/detail/scene_object_set_pose__rosidl_typesupport_fastrtps_c.h
[2.918s] -- Up-to-date: /home/autopilot/ws/restackcell/ws_moveit2/install/robo_planner_msgs/include/robo_planner_msgs/robo_planner_msgs/srv
[2.918s] -- Up-to-date: /home/autopilot/ws/restackcell/ws_moveit2/install/robo_planner_msgs/include/robo_planner_msgs/robo_planner_msgs/srv/detail
[2.918s] -- Up-to-date: /home/autopilot/ws/restackcell/ws_moveit2/install/robo_planner_msgs/include/robo_planner_msgs/robo_planner_msgs/srv/detail/gripper_change_place__rosidl_typesupport_fastrtps_c.h
[2.918s] -- Up-to-date: /home/autopilot/ws/restackcell/ws_moveit2/install/robo_planner_msgs/include/robo_planner_msgs/robo_planner_msgs/srv/detail/place__rosidl_typesupport_fastrtps_c.h
[2.918s] -- Up-to-date: /home/autopilot/ws/restackcell/ws_moveit2/install/robo_planner_msgs/include/robo_planner_msgs/robo_planner_msgs/srv/detail/set_robot_value_velocity__rosidl_typesupport_fastrtps_c.h
[2.918s] -- Up-to-date: /home/autopilot/ws/restackcell/ws_moveit2/install/robo_planner_msgs/include/robo_planner_msgs/robo_planner_msgs/srv/detail/move_to_pose__rosidl_typesupport_fastrtps_c.h
[2.918s] -- Up-to-date: /home/autopilot/ws/restackcell/ws_moveit2/install/robo_planner_msgs/include/robo_planner_msgs/robo_planner_msgs/srv/detail/pick_and_place__rosidl_typesupport_fastrtps_c.h
[2.919s] -- Up-to-date: /home/autopilot/ws/restackcell/ws_moveit2/install/robo_planner_msgs/include/robo_planner_msgs/robo_planner_msgs/srv/detail/follow_trajectory__rosidl_typesupport_fastrtps_c.h
[2.919s] -- Up-to-date: /home/autopilot/ws/restackcell/ws_moveit2/install/robo_planner_msgs/include/robo_planner_msgs/robo_planner_msgs/srv/detail/gripper_open__rosidl_typesupport_fastrtps_c.h
[2.919s] -- Up-to-date: /home/autopilot/ws/restackcell/ws_moveit2/install/robo_planner_msgs/include/robo_planner_msgs/robo_planner_msgs/srv/detail/gripper_change__rosidl_typesupport_fastrtps_c.h
[2.919s] -- Up-to-date: /home/autopilot/ws/restackcell/ws_moveit2/install/robo_planner_msgs/include/robo_planner_msgs/robo_planner_msgs/srv/detail/open_door__rosidl_typesupport_fastrtps_c.h
[2.919s] -- Up-to-date: /home/autopilot/ws/restackcell/ws_moveit2/install/robo_planner_msgs/include/robo_planner_msgs/robo_planner_msgs/srv/detail/gripper_change_pick__rosidl_typesupport_fastrtps_c.h
[2.919s] -- Up-to-date: /home/autopilot/ws/restackcell/ws_moveit2/install/robo_planner_msgs/include/robo_planner_msgs/robo_planner_msgs/srv/detail/gripper_close__rosidl_typesupport_fastrtps_c.h
[2.920s] -- Up-to-date: /home/autopilot/ws/restackcell/ws_moveit2/install/robo_planner_msgs/include/robo_planner_msgs/robo_planner_msgs/srv/detail/pick__rosidl_typesupport_fastrtps_c.h
[2.921s] -- Up-to-date: /home/autopilot/ws/restackcell/ws_moveit2/install/robo_planner_msgs/lib/librobo_planner_msgs__rosidl_typesupport_fastrtps_c.so
[2.921s] -- Up-to-date: /home/autopilot/ws/restackcell/ws_moveit2/install/robo_planner_msgs/include/robo_planner_msgs/robo_planner_msgs
[2.921s] -- Up-to-date: /home/autopilot/ws/restackcell/ws_moveit2/install/robo_planner_msgs/include/robo_planner_msgs/robo_planner_msgs/msg
[2.922s] -- Up-to-date: /home/autopilot/ws/restackcell/ws_moveit2/install/robo_planner_msgs/include/robo_planner_msgs/robo_planner_msgs/msg/rosidl_typesupport_introspection_c__visibility_control.h
[2.922s] -- Up-to-date: /home/autopilot/ws/restackcell/ws_moveit2/install/robo_planner_msgs/include/robo_planner_msgs/robo_planner_msgs/msg/detail
[2.922s] -- Up-to-date: /home/autopilot/ws/restackcell/ws_moveit2/install/robo_planner_msgs/include/robo_planner_msgs/robo_planner_msgs/msg/detail/labeled_point_clouds__type_support.c
[2.922s] -- Up-to-date: /home/autopilot/ws/restackcell/ws_moveit2/install/robo_planner_msgs/include/robo_planner_msgs/robo_planner_msgs/msg/detail/labeled_point_cloud__rosidl_typesupport_introspection_c.h
[2.922s] -- Up-to-date: /home/autopilot/ws/restackcell/ws_moveit2/install/robo_planner_msgs/include/robo_planner_msgs/robo_planner_msgs/msg/detail/labeled_point_clouds__rosidl_typesupport_introspection_c.h
[2.922s] -- Up-to-date: /home/autopilot/ws/restackcell/ws_moveit2/install/robo_planner_msgs/include/robo_planner_msgs/robo_planner_msgs/msg/detail/scene_object_add__rosidl_typesupport_introspection_c.h
[2.922s] -- Up-to-date: /home/autopilot/ws/restackcell/ws_moveit2/install/robo_planner_msgs/include/robo_planner_msgs/robo_planner_msgs/msg/detail/scene_object_set_pose__type_support.c
[2.923s] -- Up-to-date: /home/autopilot/ws/restackcell/ws_moveit2/install/robo_planner_msgs/include/robo_planner_msgs/robo_planner_msgs/msg/detail/scene_object_remove__rosidl_typesupport_introspection_c.h
[2.923s] -- Up-to-date: /home/autopilot/ws/restackcell/ws_moveit2/install/robo_planner_msgs/include/robo_planner_msgs/robo_planner_msgs/msg/detail/scene_object_remove__type_support.c
[2.923s] -- Up-to-date: /home/autopilot/ws/restackcell/ws_moveit2/install/robo_planner_msgs/include/robo_planner_msgs/robo_planner_msgs/msg/detail/labeled_point_cloud__type_support.c
[2.923s] -- Up-to-date: /home/autopilot/ws/restackcell/ws_moveit2/install/robo_planner_msgs/include/robo_planner_msgs/robo_planner_msgs/msg/detail/scene_object_add__type_support.c
[2.923s] -- Up-to-date: /home/autopilot/ws/restackcell/ws_moveit2/install/robo_planner_msgs/include/robo_planner_msgs/robo_planner_msgs/msg/detail/scene_object_set_pose__rosidl_typesupport_introspection_c.h
[2.923s] -- Up-to-date: /home/autopilot/ws/restackcell/ws_moveit2/install/robo_planner_msgs/include/robo_planner_msgs/robo_planner_msgs/srv
[2.924s] -- Up-to-date: /home/autopilot/ws/restackcell/ws_moveit2/install/robo_planner_msgs/include/robo_planner_msgs/robo_planner_msgs/srv/detail
[2.924s] -- Up-to-date: /home/autopilot/ws/restackcell/ws_moveit2/install/robo_planner_msgs/include/robo_planner_msgs/robo_planner_msgs/srv/detail/follow_trajectory__rosidl_typesupport_introspection_c.h
[2.924s] -- Up-to-date: /home/autopilot/ws/restackcell/ws_moveit2/install/robo_planner_msgs/include/robo_planner_msgs/robo_planner_msgs/srv/detail/gripper_close__type_support.c
[2.924s] -- Up-to-date: /home/autopilot/ws/restackcell/ws_moveit2/install/robo_planner_msgs/include/robo_planner_msgs/robo_planner_msgs/srv/detail/gripper_change__type_support.c
[2.924s] -- Up-to-date: /home/autopilot/ws/restackcell/ws_moveit2/install/robo_planner_msgs/include/robo_planner_msgs/robo_planner_msgs/srv/detail/pick_and_place__rosidl_typesupport_introspection_c.h
[2.924s] -- Up-to-date: /home/autopilot/ws/restackcell/ws_moveit2/install/robo_planner_msgs/include/robo_planner_msgs/robo_planner_msgs/srv/detail/pick_and_place__type_support.c
[2.924s] -- Up-to-date: /home/autopilot/ws/restackcell/ws_moveit2/install/robo_planner_msgs/include/robo_planner_msgs/robo_planner_msgs/srv/detail/set_robot_value_velocity__rosidl_typesupport_introspection_c.h
[2.925s] -- Up-to-date: /home/autopilot/ws/restackcell/ws_moveit2/install/robo_planner_msgs/include/robo_planner_msgs/robo_planner_msgs/srv/detail/set_robot_value_velocity__type_support.c
[2.925s] -- Up-to-date: /home/autopilot/ws/restackcell/ws_moveit2/install/robo_planner_msgs/include/robo_planner_msgs/robo_planner_msgs/srv/detail/move_to_pose__rosidl_typesupport_introspection_c.h
[2.925s] -- Up-to-date: /home/autopilot/ws/restackcell/ws_moveit2/install/robo_planner_msgs/include/robo_planner_msgs/robo_planner_msgs/srv/detail/open_door__type_support.c
[2.925s] -- Up-to-date: /home/autopilot/ws/restackcell/ws_moveit2/install/robo_planner_msgs/include/robo_planner_msgs/robo_planner_msgs/srv/detail/gripper_open__rosidl_typesupport_introspection_c.h
[2.925s] -- Up-to-date: /home/autopilot/ws/restackcell/ws_moveit2/install/robo_planner_msgs/include/robo_planner_msgs/robo_planner_msgs/srv/detail/gripper_change_pick__rosidl_typesupport_introspection_c.h
[2.925s] -- Up-to-date: /home/autopilot/ws/restackcell/ws_moveit2/install/robo_planner_msgs/include/robo_planner_msgs/robo_planner_msgs/srv/detail/place__type_support.c
[2.925s] -- Up-to-date: /home/autopilot/ws/restackcell/ws_moveit2/install/robo_planner_msgs/include/robo_planner_msgs/robo_planner_msgs/srv/detail/gripper_change_pick__type_support.c
[2.925s] -- Up-to-date: /home/autopilot/ws/restackcell/ws_moveit2/install/robo_planner_msgs/include/robo_planner_msgs/robo_planner_msgs/srv/detail/pick__type_support.c
[2.926s] -- Up-to-date: /home/autopilot/ws/restackcell/ws_moveit2/install/robo_planner_msgs/include/robo_planner_msgs/robo_planner_msgs/srv/detail/gripper_open__type_support.c
[2.926s] -- Up-to-date: /home/autopilot/ws/restackcell/ws_moveit2/install/robo_planner_msgs/include/robo_planner_msgs/robo_planner_msgs/srv/detail/gripper_close__rosidl_typesupport_introspection_c.h
[2.926s] -- Up-to-date: /home/autopilot/ws/restackcell/ws_moveit2/install/robo_planner_msgs/include/robo_planner_msgs/robo_planner_msgs/srv/detail/open_door__rosidl_typesupport_introspection_c.h
[2.926s] -- Up-to-date: /home/autopilot/ws/restackcell/ws_moveit2/install/robo_planner_msgs/include/robo_planner_msgs/robo_planner_msgs/srv/detail/gripper_change_place__type_support.c
[2.926s] -- Up-to-date: /home/autopilot/ws/restackcell/ws_moveit2/install/robo_planner_msgs/include/robo_planner_msgs/robo_planner_msgs/srv/detail/gripper_change__rosidl_typesupport_introspection_c.h
[2.926s] -- Up-to-date: /home/autopilot/ws/restackcell/ws_moveit2/install/robo_planner_msgs/include/robo_planner_msgs/robo_planner_msgs/srv/detail/place__rosidl_typesupport_introspection_c.h
[2.926s] -- Up-to-date: /home/autopilot/ws/restackcell/ws_moveit2/install/robo_planner_msgs/include/robo_planner_msgs/robo_planner_msgs/srv/detail/gripper_change_place__rosidl_typesupport_introspection_c.h
[2.927s] -- Up-to-date: /home/autopilot/ws/restackcell/ws_moveit2/install/robo_planner_msgs/include/robo_planner_msgs/robo_planner_msgs/srv/detail/pick__rosidl_typesupport_introspection_c.h
[2.927s] -- Up-to-date: /home/autopilot/ws/restackcell/ws_moveit2/install/robo_planner_msgs/include/robo_planner_msgs/robo_planner_msgs/srv/detail/follow_trajectory__type_support.c
[2.927s] -- Up-to-date: /home/autopilot/ws/restackcell/ws_moveit2/install/robo_planner_msgs/include/robo_planner_msgs/robo_planner_msgs/srv/detail/move_to_pose__type_support.c
[2.927s] -- Up-to-date: /home/autopilot/ws/restackcell/ws_moveit2/install/robo_planner_msgs/lib/librobo_planner_msgs__rosidl_typesupport_introspection_c.so
[2.927s] -- Up-to-date: /home/autopilot/ws/restackcell/ws_moveit2/install/robo_planner_msgs/lib/librobo_planner_msgs__rosidl_typesupport_c.so
[2.927s] -- Up-to-date: /home/autopilot/ws/restackcell/ws_moveit2/install/robo_planner_msgs/include/robo_planner_msgs/robo_planner_msgs
[2.927s] -- Up-to-date: /home/autopilot/ws/restackcell/ws_moveit2/install/robo_planner_msgs/include/robo_planner_msgs/robo_planner_msgs/msg
[2.927s] -- Up-to-date: /home/autopilot/ws/restackcell/ws_moveit2/install/robo_planner_msgs/include/robo_planner_msgs/robo_planner_msgs/msg/labeled_point_cloud.hpp
[2.927s] -- Up-to-date: /home/autopilot/ws/restackcell/ws_moveit2/install/robo_planner_msgs/include/robo_planner_msgs/robo_planner_msgs/msg/scene_object_set_pose.hpp
[2.928s] -- Up-to-date: /home/autopilot/ws/restackcell/ws_moveit2/install/robo_planner_msgs/include/robo_planner_msgs/robo_planner_msgs/msg/detail
[2.928s] -- Up-to-date: /home/autopilot/ws/restackcell/ws_moveit2/install/robo_planner_msgs/include/robo_planner_msgs/robo_planner_msgs/msg/detail/scene_object_set_pose__builder.hpp
[2.928s] -- Up-to-date: /home/autopilot/ws/restackcell/ws_moveit2/install/robo_planner_msgs/include/robo_planner_msgs/robo_planner_msgs/msg/detail/labeled_point_cloud__struct.hpp
[2.928s] -- Up-to-date: /home/autopilot/ws/restackcell/ws_moveit2/install/robo_planner_msgs/include/robo_planner_msgs/robo_planner_msgs/msg/detail/scene_object_remove__builder.hpp
[2.928s] -- Up-to-date: /home/autopilot/ws/restackcell/ws_moveit2/install/robo_planner_msgs/include/robo_planner_msgs/robo_planner_msgs/msg/detail/scene_object_remove__struct.hpp
[2.928s] -- Up-to-date: /home/autopilot/ws/restackcell/ws_moveit2/install/robo_planner_msgs/include/robo_planner_msgs/robo_planner_msgs/msg/detail/labeled_point_clouds__builder.hpp
[2.928s] -- Up-to-date: /home/autopilot/ws/restackcell/ws_moveit2/install/robo_planner_msgs/include/robo_planner_msgs/robo_planner_msgs/msg/detail/labeled_point_clouds__struct.hpp
[2.928s] -- Up-to-date: /home/autopilot/ws/restackcell/ws_moveit2/install/robo_planner_msgs/include/robo_planner_msgs/robo_planner_msgs/msg/detail/scene_object_set_pose__struct.hpp
[2.929s] -- Up-to-date: /home/autopilot/ws/restackcell/ws_moveit2/install/robo_planner_msgs/include/robo_planner_msgs/robo_planner_msgs/msg/detail/labeled_point_cloud__traits.hpp
[2.929s] -- Up-to-date: /home/autopilot/ws/restackcell/ws_moveit2/install/robo_planner_msgs/include/robo_planner_msgs/robo_planner_msgs/msg/detail/labeled_point_cloud__builder.hpp
[2.929s] -- Up-to-date: /home/autopilot/ws/restackcell/ws_moveit2/install/robo_planner_msgs/include/robo_planner_msgs/robo_planner_msgs/msg/detail/scene_object_add__builder.hpp
[2.929s] -- Up-to-date: /home/autopilot/ws/restackcell/ws_moveit2/install/robo_planner_msgs/include/robo_planner_msgs/robo_planner_msgs/msg/detail/labeled_point_clouds__traits.hpp
[2.929s] -- Up-to-date: /home/autopilot/ws/restackcell/ws_moveit2/install/robo_planner_msgs/include/robo_planner_msgs/robo_planner_msgs/msg/detail/scene_object_add__struct.hpp
[2.929s] -- Up-to-date: /home/autopilot/ws/restackcell/ws_moveit2/install/robo_planner_msgs/include/robo_planner_msgs/robo_planner_msgs/msg/detail/scene_object_set_pose__traits.hpp
[2.929s] -- Up-to-date: /home/autopilot/ws/restackcell/ws_moveit2/install/robo_planner_msgs/include/robo_planner_msgs/robo_planner_msgs/msg/detail/scene_object_remove__traits.hpp
[2.929s] -- Up-to-date: /home/autopilot/ws/restackcell/ws_moveit2/install/robo_planner_msgs/include/robo_planner_msgs/robo_planner_msgs/msg/detail/scene_object_add__traits.hpp
[2.930s] -- Up-to-date: /home/autopilot/ws/restackcell/ws_moveit2/install/robo_planner_msgs/include/robo_planner_msgs/robo_planner_msgs/msg/scene_object_remove.hpp
[2.930s] -- Up-to-date: /home/autopilot/ws/restackcell/ws_moveit2/install/robo_planner_msgs/include/robo_planner_msgs/robo_planner_msgs/msg/scene_object_add.hpp
[2.930s] -- Up-to-date: /home/autopilot/ws/restackcell/ws_moveit2/install/robo_planner_msgs/include/robo_planner_msgs/robo_planner_msgs/msg/labeled_point_clouds.hpp
[2.930s] -- Up-to-date: /home/autopilot/ws/restackcell/ws_moveit2/install/robo_planner_msgs/include/robo_planner_msgs/robo_planner_msgs/srv
[2.930s] -- Up-to-date: /home/autopilot/ws/restackcell/ws_moveit2/install/robo_planner_msgs/include/robo_planner_msgs/robo_planner_msgs/srv/gripper_change_pick.hpp
[2.930s] -- Up-to-date: /home/autopilot/ws/restackcell/ws_moveit2/install/robo_planner_msgs/include/robo_planner_msgs/robo_planner_msgs/srv/follow_trajectory.hpp
[2.930s] -- Up-to-date: /home/autopilot/ws/restackcell/ws_moveit2/install/robo_planner_msgs/include/robo_planner_msgs/robo_planner_msgs/srv/set_robot_value_velocity.hpp
[2.930s] -- Up-to-date: /home/autopilot/ws/restackcell/ws_moveit2/install/robo_planner_msgs/include/robo_planner_msgs/robo_planner_msgs/srv/gripper_open.hpp
[2.930s] -- Up-to-date: /home/autopilot/ws/restackcell/ws_moveit2/install/robo_planner_msgs/include/robo_planner_msgs/robo_planner_msgs/srv/pick.hpp
[2.931s] -- Up-to-date: /home/autopilot/ws/restackcell/ws_moveit2/install/robo_planner_msgs/include/robo_planner_msgs/robo_planner_msgs/srv/gripper_change_place.hpp
[2.931s] -- Up-to-date: /home/autopilot/ws/restackcell/ws_moveit2/install/robo_planner_msgs/include/robo_planner_msgs/robo_planner_msgs/srv/open_door.hpp
[2.931s] -- Up-to-date: /home/autopilot/ws/restackcell/ws_moveit2/install/robo_planner_msgs/include/robo_planner_msgs/robo_planner_msgs/srv/detail
[2.931s] -- Up-to-date: /home/autopilot/ws/restackcell/ws_moveit2/install/robo_planner_msgs/include/robo_planner_msgs/robo_planner_msgs/srv/detail/gripper_change_pick__traits.hpp
[2.931s] -- Up-to-date: /home/autopilot/ws/restackcell/ws_moveit2/install/robo_planner_msgs/include/robo_planner_msgs/robo_planner_msgs/srv/detail/gripper_close__builder.hpp
[2.931s] -- Up-to-date: /home/autopilot/ws/restackcell/ws_moveit2/install/robo_planner_msgs/include/robo_planner_msgs/robo_planner_msgs/srv/detail/pick__traits.hpp
[2.931s] -- Up-to-date: /home/autopilot/ws/restackcell/ws_moveit2/install/robo_planner_msgs/include/robo_planner_msgs/robo_planner_msgs/srv/detail/gripper_open__struct.hpp
[2.931s] -- Up-to-date: /home/autopilot/ws/restackcell/ws_moveit2/install/robo_planner_msgs/include/robo_planner_msgs/robo_planner_msgs/srv/detail/gripper_open__traits.hpp
[2.932s] -- Up-to-date: /home/autopilot/ws/restackcell/ws_moveit2/install/robo_planner_msgs/include/robo_planner_msgs/robo_planner_msgs/srv/detail/move_to_pose__struct.hpp
[2.932s] -- Up-to-date: /home/autopilot/ws/restackcell/ws_moveit2/install/robo_planner_msgs/include/robo_planner_msgs/robo_planner_msgs/srv/detail/gripper_change_pick__struct.hpp
[2.932s] -- Up-to-date: /home/autopilot/ws/restackcell/ws_moveit2/install/robo_planner_msgs/include/robo_planner_msgs/robo_planner_msgs/srv/detail/follow_trajectory__traits.hpp
[2.932s] -- Up-to-date: /home/autopilot/ws/restackcell/ws_moveit2/install/robo_planner_msgs/include/robo_planner_msgs/robo_planner_msgs/srv/detail/pick_and_place__builder.hpp
[2.932s] -- Up-to-date: /home/autopilot/ws/restackcell/ws_moveit2/install/robo_planner_msgs/include/robo_planner_msgs/robo_planner_msgs/srv/detail/gripper_change__struct.hpp
[2.932s] -- Up-to-date: /home/autopilot/ws/restackcell/ws_moveit2/install/robo_planner_msgs/include/robo_planner_msgs/robo_planner_msgs/srv/detail/set_robot_value_velocity__traits.hpp
[2.932s] -- Up-to-date: /home/autopilot/ws/restackcell/ws_moveit2/install/robo_planner_msgs/include/robo_planner_msgs/robo_planner_msgs/srv/detail/open_door__builder.hpp
[2.932s] -- Up-to-date: /home/autopilot/ws/restackcell/ws_moveit2/install/robo_planner_msgs/include/robo_planner_msgs/robo_planner_msgs/srv/detail/gripper_change__builder.hpp
[2.932s] -- Up-to-date: /home/autopilot/ws/restackcell/ws_moveit2/install/robo_planner_msgs/include/robo_planner_msgs/robo_planner_msgs/srv/detail/open_door__struct.hpp
[2.933s] -- Up-to-date: /home/autopilot/ws/restackcell/ws_moveit2/install/robo_planner_msgs/include/robo_planner_msgs/robo_planner_msgs/srv/detail/follow_trajectory__struct.hpp
[2.933s] -- Up-to-date: /home/autopilot/ws/restackcell/ws_moveit2/install/robo_planner_msgs/include/robo_planner_msgs/robo_planner_msgs/srv/detail/place__struct.hpp
[2.933s] -- Up-to-date: /home/autopilot/ws/restackcell/ws_moveit2/install/robo_planner_msgs/include/robo_planner_msgs/robo_planner_msgs/srv/detail/pick_and_place__struct.hpp
[2.933s] -- Up-to-date: /home/autopilot/ws/restackcell/ws_moveit2/install/robo_planner_msgs/include/robo_planner_msgs/robo_planner_msgs/srv/detail/gripper_change_pick__builder.hpp
[2.933s] -- Up-to-date: /home/autopilot/ws/restackcell/ws_moveit2/install/robo_planner_msgs/include/robo_planner_msgs/robo_planner_msgs/srv/detail/gripper_change_place__traits.hpp
[2.933s] -- Up-to-date: /home/autopilot/ws/restackcell/ws_moveit2/install/robo_planner_msgs/include/robo_planner_msgs/robo_planner_msgs/srv/detail/place__builder.hpp
[2.933s] -- Up-to-date: /home/autopilot/ws/restackcell/ws_moveit2/install/robo_planner_msgs/include/robo_planner_msgs/robo_planner_msgs/srv/detail/gripper_change__traits.hpp
[2.933s] -- Up-to-date: /home/autopilot/ws/restackcell/ws_moveit2/install/robo_planner_msgs/include/robo_planner_msgs/robo_planner_msgs/srv/detail/set_robot_value_velocity__builder.hpp
[2.934s] -- Up-to-date: /home/autopilot/ws/restackcell/ws_moveit2/install/robo_planner_msgs/include/robo_planner_msgs/robo_planner_msgs/srv/detail/move_to_pose__traits.hpp
[2.934s] -- Up-to-date: /home/autopilot/ws/restackcell/ws_moveit2/install/robo_planner_msgs/include/robo_planner_msgs/robo_planner_msgs/srv/detail/gripper_change_place__struct.hpp
[2.934s] -- Up-to-date: /home/autopilot/ws/restackcell/ws_moveit2/install/robo_planner_msgs/include/robo_planner_msgs/robo_planner_msgs/srv/detail/pick_and_place__traits.hpp
[2.934s] -- Up-to-date: /home/autopilot/ws/restackcell/ws_moveit2/install/robo_planner_msgs/include/robo_planner_msgs/robo_planner_msgs/srv/detail/set_robot_value_velocity__struct.hpp
[2.934s] -- Up-to-date: /home/autopilot/ws/restackcell/ws_moveit2/install/robo_planner_msgs/include/robo_planner_msgs/robo_planner_msgs/srv/detail/pick__builder.hpp
[2.934s] -- Up-to-date: /home/autopilot/ws/restackcell/ws_moveit2/install/robo_planner_msgs/include/robo_planner_msgs/robo_planner_msgs/srv/detail/place__traits.hpp
[2.934s] -- Up-to-date: /home/autopilot/ws/restackcell/ws_moveit2/install/robo_planner_msgs/include/robo_planner_msgs/robo_planner_msgs/srv/detail/gripper_close__struct.hpp
[2.934s] -- Up-to-date: /home/autopilot/ws/restackcell/ws_moveit2/install/robo_planner_msgs/include/robo_planner_msgs/robo_planner_msgs/srv/detail/gripper_open__builder.hpp
[2.934s] -- Up-to-date: /home/autopilot/ws/restackcell/ws_moveit2/install/robo_planner_msgs/include/robo_planner_msgs/robo_planner_msgs/srv/detail/open_door__traits.hpp
[2.935s] -- Up-to-date: /home/autopilot/ws/restackcell/ws_moveit2/install/robo_planner_msgs/include/robo_planner_msgs/robo_planner_msgs/srv/detail/move_to_pose__builder.hpp
[2.935s] -- Up-to-date: /home/autopilot/ws/restackcell/ws_moveit2/install/robo_planner_msgs/include/robo_planner_msgs/robo_planner_msgs/srv/detail/gripper_change_place__builder.hpp
[2.935s] -- Up-to-date: /home/autopilot/ws/restackcell/ws_moveit2/install/robo_planner_msgs/include/robo_planner_msgs/robo_planner_msgs/srv/detail/pick__struct.hpp
[2.935s] -- Up-to-date: /home/autopilot/ws/restackcell/ws_moveit2/install/robo_planner_msgs/include/robo_planner_msgs/robo_planner_msgs/srv/detail/gripper_close__traits.hpp
[2.935s] -- Up-to-date: /home/autopilot/ws/restackcell/ws_moveit2/install/robo_planner_msgs/include/robo_planner_msgs/robo_planner_msgs/srv/detail/follow_trajectory__builder.hpp
[2.935s] -- Up-to-date: /home/autopilot/ws/restackcell/ws_moveit2/install/robo_planner_msgs/include/robo_planner_msgs/robo_planner_msgs/srv/gripper_change.hpp
[2.935s] -- Up-to-date: /home/autopilot/ws/restackcell/ws_moveit2/install/robo_planner_msgs/include/robo_planner_msgs/robo_planner_msgs/srv/pick_and_place.hpp
[2.935s] -- Up-to-date: /home/autopilot/ws/restackcell/ws_moveit2/install/robo_planner_msgs/include/robo_planner_msgs/robo_planner_msgs/srv/place.hpp
[2.936s] -- Up-to-date: /home/autopilot/ws/restackcell/ws_moveit2/install/robo_planner_msgs/include/robo_planner_msgs/robo_planner_msgs/srv/move_to_pose.hpp
[2.936s] -- Up-to-date: /home/autopilot/ws/restackcell/ws_moveit2/install/robo_planner_msgs/include/robo_planner_msgs/robo_planner_msgs/srv/gripper_close.hpp
[2.936s] -- Up-to-date: /home/autopilot/ws/restackcell/ws_moveit2/install/robo_planner_msgs/include/robo_planner_msgs/robo_planner_msgs
[2.936s] -- Up-to-date: /home/autopilot/ws/restackcell/ws_moveit2/install/robo_planner_msgs/include/robo_planner_msgs/robo_planner_msgs/msg
[2.936s] -- Up-to-date: /home/autopilot/ws/restackcell/ws_moveit2/install/robo_planner_msgs/include/robo_planner_msgs/robo_planner_msgs/msg/rosidl_typesupport_fastrtps_cpp__visibility_control.h
[2.936s] -- Up-to-date: /home/autopilot/ws/restackcell/ws_moveit2/install/robo_planner_msgs/include/robo_planner_msgs/robo_planner_msgs/msg/detail
[2.937s] -- Up-to-date: /home/autopilot/ws/restackcell/ws_moveit2/install/robo_planner_msgs/include/robo_planner_msgs/robo_planner_msgs/msg/detail/labeled_point_clouds__rosidl_typesupport_fastrtps_cpp.hpp
[2.937s] -- Up-to-date: /home/autopilot/ws/restackcell/ws_moveit2/install/robo_planner_msgs/include/robo_planner_msgs/robo_planner_msgs/msg/detail/scene_object_remove__rosidl_typesupport_fastrtps_cpp.hpp
[2.937s] -- Up-to-date: /home/autopilot/ws/restackcell/ws_moveit2/install/robo_planner_msgs/include/robo_planner_msgs/robo_planner_msgs/msg/detail/labeled_point_cloud__rosidl_typesupport_fastrtps_cpp.hpp
[2.937s] -- Up-to-date: /home/autopilot/ws/restackcell/ws_moveit2/install/robo_planner_msgs/include/robo_planner_msgs/robo_planner_msgs/msg/detail/scene_object_set_pose__rosidl_typesupport_fastrtps_cpp.hpp
[2.937s] -- Up-to-date: /home/autopilot/ws/restackcell/ws_moveit2/install/robo_planner_msgs/include/robo_planner_msgs/robo_planner_msgs/msg/detail/dds_fastrtps
[2.937s] -- Up-to-date: /home/autopilot/ws/restackcell/ws_moveit2/install/robo_planner_msgs/include/robo_planner_msgs/robo_planner_msgs/msg/detail/scene_object_add__rosidl_typesupport_fastrtps_cpp.hpp
[2.937s] -- Up-to-date: /home/autopilot/ws/restackcell/ws_moveit2/install/robo_planner_msgs/include/robo_planner_msgs/robo_planner_msgs/srv
[2.937s] -- Up-to-date: /home/autopilot/ws/restackcell/ws_moveit2/install/robo_planner_msgs/include/robo_planner_msgs/robo_planner_msgs/srv/detail
[2.938s] -- Up-to-date: /home/autopilot/ws/restackcell/ws_moveit2/install/robo_planner_msgs/include/robo_planner_msgs/robo_planner_msgs/srv/detail/gripper_change__rosidl_typesupport_fastrtps_cpp.hpp
[2.938s] -- Up-to-date: /home/autopilot/ws/restackcell/ws_moveit2/install/robo_planner_msgs/include/robo_planner_msgs/robo_planner_msgs/srv/detail/pick_and_place__rosidl_typesupport_fastrtps_cpp.hpp
[2.938s] -- Up-to-date: /home/autopilot/ws/restackcell/ws_moveit2/install/robo_planner_msgs/include/robo_planner_msgs/robo_planner_msgs/srv/detail/place__rosidl_typesupport_fastrtps_cpp.hpp
[2.938s] -- Up-to-date: /home/autopilot/ws/restackcell/ws_moveit2/install/robo_planner_msgs/include/robo_planner_msgs/robo_planner_msgs/srv/detail/move_to_pose__rosidl_typesupport_fastrtps_cpp.hpp
[2.938s] -- Up-to-date: /home/autopilot/ws/restackcell/ws_moveit2/install/robo_planner_msgs/include/robo_planner_msgs/robo_planner_msgs/srv/detail/set_robot_value_velocity__rosidl_typesupport_fastrtps_cpp.hpp
[2.938s] -- Up-to-date: /home/autopilot/ws/restackcell/ws_moveit2/install/robo_planner_msgs/include/robo_planner_msgs/robo_planner_msgs/srv/detail/follow_trajectory__rosidl_typesupport_fastrtps_cpp.hpp
[2.938s] -- Up-to-date: /home/autopilot/ws/restackcell/ws_moveit2/install/robo_planner_msgs/include/robo_planner_msgs/robo_planner_msgs/srv/detail/gripper_close__rosidl_typesupport_fastrtps_cpp.hpp
[2.938s] -- Up-to-date: /home/autopilot/ws/restackcell/ws_moveit2/install/robo_planner_msgs/include/robo_planner_msgs/robo_planner_msgs/srv/detail/gripper_change_pick__rosidl_typesupport_fastrtps_cpp.hpp
[2.938s] -- Up-to-date: /home/autopilot/ws/restackcell/ws_moveit2/install/robo_planner_msgs/include/robo_planner_msgs/robo_planner_msgs/srv/detail/dds_fastrtps
[2.939s] -- Up-to-date: /home/autopilot/ws/restackcell/ws_moveit2/install/robo_planner_msgs/include/robo_planner_msgs/robo_planner_msgs/srv/detail/open_door__rosidl_typesupport_fastrtps_cpp.hpp
[2.939s] -- Up-to-date: /home/autopilot/ws/restackcell/ws_moveit2/install/robo_planner_msgs/include/robo_planner_msgs/robo_planner_msgs/srv/detail/pick__rosidl_typesupport_fastrtps_cpp.hpp
[2.939s] -- Up-to-date: /home/autopilot/ws/restackcell/ws_moveit2/install/robo_planner_msgs/include/robo_planner_msgs/robo_planner_msgs/srv/detail/gripper_change_place__rosidl_typesupport_fastrtps_cpp.hpp
[2.939s] -- Up-to-date: /home/autopilot/ws/restackcell/ws_moveit2/install/robo_planner_msgs/include/robo_planner_msgs/robo_planner_msgs/srv/detail/gripper_open__rosidl_typesupport_fastrtps_cpp.hpp
[2.939s] -- Up-to-date: /home/autopilot/ws/restackcell/ws_moveit2/install/robo_planner_msgs/lib/librobo_planner_msgs__rosidl_typesupport_fastrtps_cpp.so
[2.939s] -- Up-to-date: /home/autopilot/ws/restackcell/ws_moveit2/install/robo_planner_msgs/include/robo_planner_msgs/robo_planner_msgs
[2.939s] -- Up-to-date: /home/autopilot/ws/restackcell/ws_moveit2/install/robo_planner_msgs/include/robo_planner_msgs/robo_planner_msgs/msg
[2.939s] -- Up-to-date: /home/autopilot/ws/restackcell/ws_moveit2/install/robo_planner_msgs/include/robo_planner_msgs/robo_planner_msgs/msg/detail
[2.940s] -- Up-to-date: /home/autopilot/ws/restackcell/ws_moveit2/install/robo_planner_msgs/include/robo_planner_msgs/robo_planner_msgs/msg/detail/labeled_point_cloud__type_support.cpp
[2.940s] -- Up-to-date: /home/autopilot/ws/restackcell/ws_moveit2/install/robo_planner_msgs/include/robo_planner_msgs/robo_planner_msgs/msg/detail/labeled_point_clouds__rosidl_typesupport_introspection_cpp.hpp
[2.940s] -- Up-to-date: /home/autopilot/ws/restackcell/ws_moveit2/install/robo_planner_msgs/include/robo_planner_msgs/robo_planner_msgs/msg/detail/scene_object_add__type_support.cpp
[2.940s] -- Up-to-date: /home/autopilot/ws/restackcell/ws_moveit2/install/robo_planner_msgs/include/robo_planner_msgs/robo_planner_msgs/msg/detail/labeled_point_cloud__rosidl_typesupport_introspection_cpp.hpp
[2.940s] -- Up-to-date: /home/autopilot/ws/restackcell/ws_moveit2/install/robo_planner_msgs/include/robo_planner_msgs/robo_planner_msgs/msg/detail/scene_object_add__rosidl_typesupport_introspection_cpp.hpp
[2.940s] -- Up-to-date: /home/autopilot/ws/restackcell/ws_moveit2/install/robo_planner_msgs/include/robo_planner_msgs/robo_planner_msgs/msg/detail/scene_object_set_pose__rosidl_typesupport_introspection_cpp.hpp
[2.940s] -- Up-to-date: /home/autopilot/ws/restackcell/ws_moveit2/install/robo_planner_msgs/include/robo_planner_msgs/robo_planner_msgs/msg/detail/scene_object_remove__type_support.cpp
[2.940s] -- Up-to-date: /home/autopilot/ws/restackcell/ws_moveit2/install/robo_planner_msgs/include/robo_planner_msgs/robo_planner_msgs/msg/detail/scene_object_remove__rosidl_typesupport_introspection_cpp.hpp
[2.941s] -- Up-to-date: /home/autopilot/ws/restackcell/ws_moveit2/install/robo_planner_msgs/include/robo_planner_msgs/robo_planner_msgs/msg/detail/scene_object_set_pose__type_support.cpp
[2.941s] -- Up-to-date: /home/autopilot/ws/restackcell/ws_moveit2/install/robo_planner_msgs/include/robo_planner_msgs/robo_planner_msgs/msg/detail/labeled_point_clouds__type_support.cpp
[2.941s] -- Up-to-date: /home/autopilot/ws/restackcell/ws_moveit2/install/robo_planner_msgs/include/robo_planner_msgs/robo_planner_msgs/srv
[2.941s] -- Up-to-date: /home/autopilot/ws/restackcell/ws_moveit2/install/robo_planner_msgs/include/robo_planner_msgs/robo_planner_msgs/srv/detail
[2.941s] -- Up-to-date: /home/autopilot/ws/restackcell/ws_moveit2/install/robo_planner_msgs/include/robo_planner_msgs/robo_planner_msgs/srv/detail/open_door__rosidl_typesupport_introspection_cpp.hpp
[2.941s] -- Up-to-date: /home/autopilot/ws/restackcell/ws_moveit2/install/robo_planner_msgs/include/robo_planner_msgs/robo_planner_msgs/srv/detail/gripper_change_place__type_support.cpp
[2.941s] -- Up-to-date: /home/autopilot/ws/restackcell/ws_moveit2/install/robo_planner_msgs/include/robo_planner_msgs/robo_planner_msgs/srv/detail/move_to_pose__type_support.cpp
[2.941s] -- Up-to-date: /home/autopilot/ws/restackcell/ws_moveit2/install/robo_planner_msgs/include/robo_planner_msgs/robo_planner_msgs/srv/detail/gripper_change__type_support.cpp
[2.941s] -- Up-to-date: /home/autopilot/ws/restackcell/ws_moveit2/install/robo_planner_msgs/include/robo_planner_msgs/robo_planner_msgs/srv/detail/pick_and_place__rosidl_typesupport_introspection_cpp.hpp
[2.942s] -- Up-to-date: /home/autopilot/ws/restackcell/ws_moveit2/install/robo_planner_msgs/include/robo_planner_msgs/robo_planner_msgs/srv/detail/gripper_open__type_support.cpp
[2.942s] -- Up-to-date: /home/autopilot/ws/restackcell/ws_moveit2/install/robo_planner_msgs/include/robo_planner_msgs/robo_planner_msgs/srv/detail/place__type_support.cpp
[2.942s] -- Up-to-date: /home/autopilot/ws/restackcell/ws_moveit2/install/robo_planner_msgs/include/robo_planner_msgs/robo_planner_msgs/srv/detail/pick_and_place__type_support.cpp
[2.942s] -- Up-to-date: /home/autopilot/ws/restackcell/ws_moveit2/install/robo_planner_msgs/include/robo_planner_msgs/robo_planner_msgs/srv/detail/gripper_close__rosidl_typesupport_introspection_cpp.hpp
[2.942s] -- Up-to-date: /home/autopilot/ws/restackcell/ws_moveit2/install/robo_planner_msgs/include/robo_planner_msgs/robo_planner_msgs/srv/detail/open_door__type_support.cpp
[2.942s] -- Up-to-date: /home/autopilot/ws/restackcell/ws_moveit2/install/robo_planner_msgs/include/robo_planner_msgs/robo_planner_msgs/srv/detail/move_to_pose__rosidl_typesupport_introspection_cpp.hpp
[2.942s] -- Up-to-date: /home/autopilot/ws/restackcell/ws_moveit2/install/robo_planner_msgs/include/robo_planner_msgs/robo_planner_msgs/srv/detail/pick__type_support.cpp
[2.942s] -- Up-to-date: /home/autopilot/ws/restackcell/ws_moveit2/install/robo_planner_msgs/include/robo_planner_msgs/robo_planner_msgs/srv/detail/follow_trajectory__type_support.cpp
[2.943s] -- Up-to-date: /home/autopilot/ws/restackcell/ws_moveit2/install/robo_planner_msgs/include/robo_planner_msgs/robo_planner_msgs/srv/detail/set_robot_value_velocity__rosidl_typesupport_introspection_cpp.hpp
[2.943s] -- Up-to-date: /home/autopilot/ws/restackcell/ws_moveit2/install/robo_planner_msgs/include/robo_planner_msgs/robo_planner_msgs/srv/detail/gripper_close__type_support.cpp
[2.943s] -- Up-to-date: /home/autopilot/ws/restackcell/ws_moveit2/install/robo_planner_msgs/include/robo_planner_msgs/robo_planner_msgs/srv/detail/gripper_open__rosidl_typesupport_introspection_cpp.hpp
[2.943s] -- Up-to-date: /home/autopilot/ws/restackcell/ws_moveit2/install/robo_planner_msgs/include/robo_planner_msgs/robo_planner_msgs/srv/detail/pick__rosidl_typesupport_introspection_cpp.hpp
[2.943s] -- Up-to-date: /home/autopilot/ws/restackcell/ws_moveit2/install/robo_planner_msgs/include/robo_planner_msgs/robo_planner_msgs/srv/detail/gripper_change_place__rosidl_typesupport_introspection_cpp.hpp
[2.943s] -- Up-to-date: /home/autopilot/ws/restackcell/ws_moveit2/install/robo_planner_msgs/include/robo_planner_msgs/robo_planner_msgs/srv/detail/set_robot_value_velocity__type_support.cpp
[2.943s] -- Up-to-date: /home/autopilot/ws/restackcell/ws_moveit2/install/robo_planner_msgs/include/robo_planner_msgs/robo_planner_msgs/srv/detail/place__rosidl_typesupport_introspection_cpp.hpp
[2.943s] -- Up-to-date: /home/autopilot/ws/restackcell/ws_moveit2/install/robo_planner_msgs/include/robo_planner_msgs/robo_planner_msgs/srv/detail/gripper_change_pick__type_support.cpp
[2.944s] -- Up-to-date: /home/autopilot/ws/restackcell/ws_moveit2/install/robo_planner_msgs/include/robo_planner_msgs/robo_planner_msgs/srv/detail/follow_trajectory__rosidl_typesupport_introspection_cpp.hpp
[2.944s] -- Up-to-date: /home/autopilot/ws/restackcell/ws_moveit2/install/robo_planner_msgs/include/robo_planner_msgs/robo_planner_msgs/srv/detail/gripper_change__rosidl_typesupport_introspection_cpp.hpp
[2.944s] -- Up-to-date: /home/autopilot/ws/restackcell/ws_moveit2/install/robo_planner_msgs/include/robo_planner_msgs/robo_planner_msgs/srv/detail/gripper_change_pick__rosidl_typesupport_introspection_cpp.hpp
[2.944s] -- Up-to-date: /home/autopilot/ws/restackcell/ws_moveit2/install/robo_planner_msgs/lib/librobo_planner_msgs__rosidl_typesupport_introspection_cpp.so
[2.944s] -- Up-to-date: /home/autopilot/ws/restackcell/ws_moveit2/install/robo_planner_msgs/lib/librobo_planner_msgs__rosidl_typesupport_cpp.so
[2.944s] -- Up-to-date: /home/autopilot/ws/restackcell/ws_moveit2/install/robo_planner_msgs/share/robo_planner_msgs/environment/pythonpath.sh
[2.944s] -- Up-to-date: /home/autopilot/ws/restackcell/ws_moveit2/install/robo_planner_msgs/share/robo_planner_msgs/environment/pythonpath.dsv
[2.945s] -- Up-to-date: /home/autopilot/ws/restackcell/ws_moveit2/install/robo_planner_msgs/local/lib/python3.10/dist-packages/robo_planner_msgs-0.0.0-py3.10.egg-info
[2.945s] -- Installing: /home/autopilot/ws/restackcell/ws_moveit2/install/robo_planner_msgs/local/lib/python3.10/dist-packages/robo_planner_msgs-0.0.0-py3.10.egg-info/SOURCES.txt
[2.945s] -- Installing: /home/autopilot/ws/restackcell/ws_moveit2/install/robo_planner_msgs/local/lib/python3.10/dist-packages/robo_planner_msgs-0.0.0-py3.10.egg-info/PKG-INFO
[2.945s] -- Installing: /home/autopilot/ws/restackcell/ws_moveit2/install/robo_planner_msgs/local/lib/python3.10/dist-packages/robo_planner_msgs-0.0.0-py3.10.egg-info/top_level.txt
[2.945s] -- Installing: /home/autopilot/ws/restackcell/ws_moveit2/install/robo_planner_msgs/local/lib/python3.10/dist-packages/robo_planner_msgs-0.0.0-py3.10.egg-info/dependency_links.txt
[2.945s] -- Up-to-date: /home/autopilot/ws/restackcell/ws_moveit2/install/robo_planner_msgs/local/lib/python3.10/dist-packages/robo_planner_msgs
[2.945s] -- Up-to-date: /home/autopilot/ws/restackcell/ws_moveit2/install/robo_planner_msgs/local/lib/python3.10/dist-packages/robo_planner_msgs/_robo_planner_msgs_s.ep.rosidl_typesupport_introspection_c.c
[2.945s] -- Up-to-date: /home/autopilot/ws/restackcell/ws_moveit2/install/robo_planner_msgs/local/lib/python3.10/dist-packages/robo_planner_msgs/__init__.py
[2.946s] -- Up-to-date: /home/autopilot/ws/restackcell/ws_moveit2/install/robo_planner_msgs/local/lib/python3.10/dist-packages/robo_planner_msgs/robo_planner_msgs_s__rosidl_typesupport_c.cpython-310-aarch64-linux-gnu.so
[2.946s] -- Up-to-date: /home/autopilot/ws/restackcell/ws_moveit2/install/robo_planner_msgs/local/lib/python3.10/dist-packages/robo_planner_msgs/msg
[2.946s] -- Up-to-date: /home/autopilot/ws/restackcell/ws_moveit2/install/robo_planner_msgs/local/lib/python3.10/dist-packages/robo_planner_msgs/msg/_labeled_point_clouds_s.c
[2.946s] -- Up-to-date: /home/autopilot/ws/restackcell/ws_moveit2/install/robo_planner_msgs/local/lib/python3.10/dist-packages/robo_planner_msgs/msg/_labeled_point_cloud_s.c
[2.946s] -- Up-to-date: /home/autopilot/ws/restackcell/ws_moveit2/install/robo_planner_msgs/local/lib/python3.10/dist-packages/robo_planner_msgs/msg/_scene_object_add_s.c
[2.946s] -- Up-to-date: /home/autopilot/ws/restackcell/ws_moveit2/install/robo_planner_msgs/local/lib/python3.10/dist-packages/robo_planner_msgs/msg/__init__.py
[2.946s] -- Up-to-date: /home/autopilot/ws/restackcell/ws_moveit2/install/robo_planner_msgs/local/lib/python3.10/dist-packages/robo_planner_msgs/msg/_scene_object_add.py
[2.946s] -- Up-to-date: /home/autopilot/ws/restackcell/ws_moveit2/install/robo_planner_msgs/local/lib/python3.10/dist-packages/robo_planner_msgs/msg/_labeled_point_clouds.py
[2.946s] -- Up-to-date: /home/autopilot/ws/restackcell/ws_moveit2/install/robo_planner_msgs/local/lib/python3.10/dist-packages/robo_planner_msgs/msg/_scene_object_set_pose.py
[2.947s] -- Up-to-date: /home/autopilot/ws/restackcell/ws_moveit2/install/robo_planner_msgs/local/lib/python3.10/dist-packages/robo_planner_msgs/msg/_scene_object_remove.py
[2.947s] -- Up-to-date: /home/autopilot/ws/restackcell/ws_moveit2/install/robo_planner_msgs/local/lib/python3.10/dist-packages/robo_planner_msgs/msg/_scene_object_set_pose_s.c
[2.947s] -- Up-to-date: /home/autopilot/ws/restackcell/ws_moveit2/install/robo_planner_msgs/local/lib/python3.10/dist-packages/robo_planner_msgs/msg/_labeled_point_cloud.py
[2.947s] -- Up-to-date: /home/autopilot/ws/restackcell/ws_moveit2/install/robo_planner_msgs/local/lib/python3.10/dist-packages/robo_planner_msgs/msg/_scene_object_remove_s.c
[2.947s] -- Up-to-date: /home/autopilot/ws/restackcell/ws_moveit2/install/robo_planner_msgs/local/lib/python3.10/dist-packages/robo_planner_msgs/robo_planner_msgs_s__rosidl_typesupport_introspection_c.cpython-310-aarch64-linux-gnu.so
[2.947s] -- Up-to-date: /home/autopilot/ws/restackcell/ws_moveit2/install/robo_planner_msgs/local/lib/python3.10/dist-packages/robo_planner_msgs/_robo_planner_msgs_s.ep.rosidl_typesupport_c.c
[2.947s] -- Up-to-date: /home/autopilot/ws/restackcell/ws_moveit2/install/robo_planner_msgs/local/lib/python3.10/dist-packages/robo_planner_msgs/librobo_planner_msgs__rosidl_generator_py.so
[2.947s] -- Up-to-date: /home/autopilot/ws/restackcell/ws_moveit2/install/robo_planner_msgs/local/lib/python3.10/dist-packages/robo_planner_msgs/_robo_planner_msgs_s.ep.rosidl_typesupport_fastrtps_c.c
[2.947s] -- Up-to-date: /home/autopilot/ws/restackcell/ws_moveit2/install/robo_planner_msgs/local/lib/python3.10/dist-packages/robo_planner_msgs/robo_planner_msgs_s__rosidl_typesupport_fastrtps_c.cpython-310-aarch64-linux-gnu.so
[2.947s] -- Up-to-date: /home/autopilot/ws/restackcell/ws_moveit2/install/robo_planner_msgs/local/lib/python3.10/dist-packages/robo_planner_msgs/srv
[2.948s] -- Up-to-date: /home/autopilot/ws/restackcell/ws_moveit2/install/robo_planner_msgs/local/lib/python3.10/dist-packages/robo_planner_msgs/srv/_set_robot_value_velocity_s.c
[2.948s] -- Up-to-date: /home/autopilot/ws/restackcell/ws_moveit2/install/robo_planner_msgs/local/lib/python3.10/dist-packages/robo_planner_msgs/srv/_move_to_pose_s.c
[2.948s] -- Up-to-date: /home/autopilot/ws/restackcell/ws_moveit2/install/robo_planner_msgs/local/lib/python3.10/dist-packages/robo_planner_msgs/srv/_pick_s.c
[2.948s] -- Up-to-date: /home/autopilot/ws/restackcell/ws_moveit2/install/robo_planner_msgs/local/lib/python3.10/dist-packages/robo_planner_msgs/srv/_place.py
[2.948s] -- Up-to-date: /home/autopilot/ws/restackcell/ws_moveit2/install/robo_planner_msgs/local/lib/python3.10/dist-packages/robo_planner_msgs/srv/_gripper_change.py
[2.948s] -- Up-to-date: /home/autopilot/ws/restackcell/ws_moveit2/install/robo_planner_msgs/local/lib/python3.10/dist-packages/robo_planner_msgs/srv/_gripper_close.py
[2.948s] -- Up-to-date: /home/autopilot/ws/restackcell/ws_moveit2/install/robo_planner_msgs/local/lib/python3.10/dist-packages/robo_planner_msgs/srv/__init__.py
[2.948s] -- Up-to-date: /home/autopilot/ws/restackcell/ws_moveit2/install/robo_planner_msgs/local/lib/python3.10/dist-packages/robo_planner_msgs/srv/_gripper_change_pick.py
[2.949s] -- Up-to-date: /home/autopilot/ws/restackcell/ws_moveit2/install/robo_planner_msgs/local/lib/python3.10/dist-packages/robo_planner_msgs/srv/_pick_and_place.py
[2.952s] -- Up-to-date: /home/autopilot/ws/restackcell/ws_moveit2/install/robo_planner_msgs/local/lib/python3.10/dist-packages/robo_planner_msgs/srv/_gripper_change_s.c
[2.952s] -- Up-to-date: /home/autopilot/ws/restackcell/ws_moveit2/install/robo_planner_msgs/local/lib/python3.10/dist-packages/robo_planner_msgs/srv/_open_door.py
[2.952s] -- Up-to-date: /home/autopilot/ws/restackcell/ws_moveit2/install/robo_planner_msgs/local/lib/python3.10/dist-packages/robo_planner_msgs/srv/_follow_trajectory_s.c
[2.952s] -- Up-to-date: /home/autopilot/ws/restackcell/ws_moveit2/install/robo_planner_msgs/local/lib/python3.10/dist-packages/robo_planner_msgs/srv/_pick.py
[2.952s] -- Up-to-date: /home/autopilot/ws/restackcell/ws_moveit2/install/robo_planner_msgs/local/lib/python3.10/dist-packages/robo_planner_msgs/srv/_open_door_s.c
[2.953s] -- Up-to-date: /home/autopilot/ws/restackcell/ws_moveit2/install/robo_planner_msgs/local/lib/python3.10/dist-packages/robo_planner_msgs/srv/_gripper_change_place.py
[2.953s] -- Up-to-date: /home/autopilot/ws/restackcell/ws_moveit2/install/robo_planner_msgs/local/lib/python3.10/dist-packages/robo_planner_msgs/srv/_follow_trajectory.py
[2.953s] -- Up-to-date: /home/autopilot/ws/restackcell/ws_moveit2/install/robo_planner_msgs/local/lib/python3.10/dist-packages/robo_planner_msgs/srv/_gripper_change_place_s.c
[2.953s] -- Up-to-date: /home/autopilot/ws/restackcell/ws_moveit2/install/robo_planner_msgs/local/lib/python3.10/dist-packages/robo_planner_msgs/srv/_pick_and_place_s.c
[2.953s] -- Up-to-date: /home/autopilot/ws/restackcell/ws_moveit2/install/robo_planner_msgs/local/lib/python3.10/dist-packages/robo_planner_msgs/srv/_gripper_change_pick_s.c
[2.953s] -- Up-to-date: /home/autopilot/ws/restackcell/ws_moveit2/install/robo_planner_msgs/local/lib/python3.10/dist-packages/robo_planner_msgs/srv/_gripper_open.py
[2.953s] -- Up-to-date: /home/autopilot/ws/restackcell/ws_moveit2/install/robo_planner_msgs/local/lib/python3.10/dist-packages/robo_planner_msgs/srv/_gripper_close_s.c
[2.953s] -- Up-to-date: /home/autopilot/ws/restackcell/ws_moveit2/install/robo_planner_msgs/local/lib/python3.10/dist-packages/robo_planner_msgs/srv/_move_to_pose.py
[2.953s] -- Up-to-date: /home/autopilot/ws/restackcell/ws_moveit2/install/robo_planner_msgs/local/lib/python3.10/dist-packages/robo_planner_msgs/srv/_gripper_open_s.c
[2.953s] -- Up-to-date: /home/autopilot/ws/restackcell/ws_moveit2/install/robo_planner_msgs/local/lib/python3.10/dist-packages/robo_planner_msgs/srv/_place_s.c
[2.954s] -- Up-to-date: /home/autopilot/ws/restackcell/ws_moveit2/install/robo_planner_msgs/local/lib/python3.10/dist-packages/robo_planner_msgs/srv/_set_robot_value_velocity.py
[3.024s] Listing '/home/autopilot/ws/restackcell/ws_moveit2/install/robo_planner_msgs/local/lib/python3.10/dist-packages/robo_planner_msgs'...
[3.024s] Listing '/home/autopilot/ws/restackcell/ws_moveit2/install/robo_planner_msgs/local/lib/python3.10/dist-packages/robo_planner_msgs/msg'...
[3.024s] Listing '/home/autopilot/ws/restackcell/ws_moveit2/install/robo_planner_msgs/local/lib/python3.10/dist-packages/robo_planner_msgs/srv'...
[3.035s] -- Up-to-date: /home/autopilot/ws/restackcell/ws_moveit2/install/robo_planner_msgs/local/lib/python3.10/dist-packages/robo_planner_msgs/robo_planner_msgs_s__rosidl_typesupport_fastrtps_c.cpython-310-aarch64-linux-gnu.so
[3.035s] -- Up-to-date: /home/autopilot/ws/restackcell/ws_moveit2/install/robo_planner_msgs/local/lib/python3.10/dist-packages/robo_planner_msgs/robo_planner_msgs_s__rosidl_typesupport_introspection_c.cpython-310-aarch64-linux-gnu.so
[3.035s] -- Up-to-date: /home/autopilot/ws/restackcell/ws_moveit2/install/robo_planner_msgs/local/lib/python3.10/dist-packages/robo_planner_msgs/robo_planner_msgs_s__rosidl_typesupport_c.cpython-310-aarch64-linux-gnu.so
[3.035s] -- Up-to-date: /home/autopilot/ws/restackcell/ws_moveit2/install/robo_planner_msgs/lib/librobo_planner_msgs__rosidl_generator_py.so
[3.035s] -- Up-to-date: /home/autopilot/ws/restackcell/ws_moveit2/install/robo_planner_msgs/share/robo_planner_msgs/srv/FollowTrajectory.idl
[3.035s] -- Up-to-date: /home/autopilot/ws/restackcell/ws_moveit2/install/robo_planner_msgs/share/robo_planner_msgs/srv/GripperClose.idl
[3.035s] -- Up-to-date: /home/autopilot/ws/restackcell/ws_moveit2/install/robo_planner_msgs/share/robo_planner_msgs/srv/GripperOpen.idl
[3.035s] -- Up-to-date: /home/autopilot/ws/restackcell/ws_moveit2/install/robo_planner_msgs/share/robo_planner_msgs/srv/MoveToPose.idl
[3.035s] -- Up-to-date: /home/autopilot/ws/restackcell/ws_moveit2/install/robo_planner_msgs/share/robo_planner_msgs/srv/OpenDoor.idl
[3.036s] -- Up-to-date: /home/autopilot/ws/restackcell/ws_moveit2/install/robo_planner_msgs/share/robo_planner_msgs/srv/SetRobotValueVelocity.idl
[3.036s] -- Up-to-date: /home/autopilot/ws/restackcell/ws_moveit2/install/robo_planner_msgs/share/robo_planner_msgs/srv/GripperChange.idl
[3.036s] -- Up-to-date: /home/autopilot/ws/restackcell/ws_moveit2/install/robo_planner_msgs/share/robo_planner_msgs/srv/GripperChangePick.idl
[3.036s] -- Up-to-date: /home/autopilot/ws/restackcell/ws_moveit2/install/robo_planner_msgs/share/robo_planner_msgs/srv/GripperChangePlace.idl
[3.037s] -- Up-to-date: /home/autopilot/ws/restackcell/ws_moveit2/install/robo_planner_msgs/share/robo_planner_msgs/srv/Pick.idl
[3.037s] -- Up-to-date: /home/autopilot/ws/restackcell/ws_moveit2/install/robo_planner_msgs/share/robo_planner_msgs/srv/PickAndPlace.idl
[3.037s] -- Up-to-date: /home/autopilot/ws/restackcell/ws_moveit2/install/robo_planner_msgs/share/robo_planner_msgs/srv/Place.idl
[3.037s] -- Up-to-date: /home/autopilot/ws/restackcell/ws_moveit2/install/robo_planner_msgs/share/robo_planner_msgs/msg/LabeledPointCloud.idl
[3.037s] -- Up-to-date: /home/autopilot/ws/restackcell/ws_moveit2/install/robo_planner_msgs/share/robo_planner_msgs/msg/LabeledPointClouds.idl
[3.038s] -- Up-to-date: /home/autopilot/ws/restackcell/ws_moveit2/install/robo_planner_msgs/share/robo_planner_msgs/msg/SceneObjectRemove.idl
[3.038s] -- Up-to-date: /home/autopilot/ws/restackcell/ws_moveit2/install/robo_planner_msgs/share/robo_planner_msgs/msg/SceneObjectAdd.idl
[3.038s] -- Up-to-date: /home/autopilot/ws/restackcell/ws_moveit2/install/robo_planner_msgs/share/robo_planner_msgs/msg/SceneObjectSetPose.idl
[3.038s] -- Up-to-date: /home/autopilot/ws/restackcell/ws_moveit2/install/robo_planner_msgs/share/robo_planner_msgs/Atomic/FollowTrajectory.srv
[3.038s] -- Up-to-date: /home/autopilot/ws/restackcell/ws_moveit2/install/robo_planner_msgs/share/robo_planner_msgs/Atomic/FollowTrajectory_Request.msg
[3.038s] -- Up-to-date: /home/autopilot/ws/restackcell/ws_moveit2/install/robo_planner_msgs/share/robo_planner_msgs/Atomic/FollowTrajectory_Response.msg
[3.038s] -- Up-to-date: /home/autopilot/ws/restackcell/ws_moveit2/install/robo_planner_msgs/share/robo_planner_msgs/Atomic/GripperClose.srv
[3.039s] -- Up-to-date: /home/autopilot/ws/restackcell/ws_moveit2/install/robo_planner_msgs/share/robo_planner_msgs/Atomic/GripperClose_Request.msg
[3.039s] -- Up-to-date: /home/autopilot/ws/restackcell/ws_moveit2/install/robo_planner_msgs/share/robo_planner_msgs/Atomic/GripperClose_Response.msg
[3.039s] -- Up-to-date: /home/autopilot/ws/restackcell/ws_moveit2/install/robo_planner_msgs/share/robo_planner_msgs/Atomic/GripperOpen.srv
[3.039s] -- Up-to-date: /home/autopilot/ws/restackcell/ws_moveit2/install/robo_planner_msgs/share/robo_planner_msgs/Atomic/GripperOpen_Request.msg
[3.039s] -- Up-to-date: /home/autopilot/ws/restackcell/ws_moveit2/install/robo_planner_msgs/share/robo_planner_msgs/Atomic/GripperOpen_Response.msg
[3.039s] -- Up-to-date: /home/autopilot/ws/restackcell/ws_moveit2/install/robo_planner_msgs/share/robo_planner_msgs/Atomic/MoveToPose.srv
[3.039s] -- Up-to-date: /home/autopilot/ws/restackcell/ws_moveit2/install/robo_planner_msgs/share/robo_planner_msgs/Atomic/MoveToPose_Request.msg
[3.039s] -- Up-to-date: /home/autopilot/ws/restackcell/ws_moveit2/install/robo_planner_msgs/share/robo_planner_msgs/Atomic/MoveToPose_Response.msg
[3.039s] -- Up-to-date: /home/autopilot/ws/restackcell/ws_moveit2/install/robo_planner_msgs/share/robo_planner_msgs/Atomic/OpenDoor.srv
[3.039s] -- Up-to-date: /home/autopilot/ws/restackcell/ws_moveit2/install/robo_planner_msgs/share/robo_planner_msgs/Atomic/OpenDoor_Request.msg
[3.040s] -- Up-to-date: /home/autopilot/ws/restackcell/ws_moveit2/install/robo_planner_msgs/share/robo_planner_msgs/Atomic/OpenDoor_Response.msg
[3.040s] -- Up-to-date: /home/autopilot/ws/restackcell/ws_moveit2/install/robo_planner_msgs/share/robo_planner_msgs/Atomic/SetRobotValueVelocity.srv
[3.040s] -- Up-to-date: /home/autopilot/ws/restackcell/ws_moveit2/install/robo_planner_msgs/share/robo_planner_msgs/Atomic/SetRobotValueVelocity_Request.msg
[3.040s] -- Up-to-date: /home/autopilot/ws/restackcell/ws_moveit2/install/robo_planner_msgs/share/robo_planner_msgs/Atomic/SetRobotValueVelocity_Response.msg
[3.040s] -- Up-to-date: /home/autopilot/ws/restackcell/ws_moveit2/install/robo_planner_msgs/share/robo_planner_msgs/Composed/GripperChange.srv
[3.040s] -- Up-to-date: /home/autopilot/ws/restackcell/ws_moveit2/install/robo_planner_msgs/share/robo_planner_msgs/Composed/GripperChange_Request.msg
[3.040s] -- Up-to-date: /home/autopilot/ws/restackcell/ws_moveit2/install/robo_planner_msgs/share/robo_planner_msgs/Composed/GripperChange_Response.msg
[3.040s] -- Up-to-date: /home/autopilot/ws/restackcell/ws_moveit2/install/robo_planner_msgs/share/robo_planner_msgs/Composed/GripperChangePick.srv
[3.040s] -- Up-to-date: /home/autopilot/ws/restackcell/ws_moveit2/install/robo_planner_msgs/share/robo_planner_msgs/Composed/GripperChangePick_Request.msg
[3.040s] -- Up-to-date: /home/autopilot/ws/restackcell/ws_moveit2/install/robo_planner_msgs/share/robo_planner_msgs/Composed/GripperChangePick_Response.msg
[3.041s] -- Up-to-date: /home/autopilot/ws/restackcell/ws_moveit2/install/robo_planner_msgs/share/robo_planner_msgs/Composed/GripperChangePlace.srv
[3.041s] -- Up-to-date: /home/autopilot/ws/restackcell/ws_moveit2/install/robo_planner_msgs/share/robo_planner_msgs/Composed/GripperChangePlace_Request.msg
[3.041s] -- Up-to-date: /home/autopilot/ws/restackcell/ws_moveit2/install/robo_planner_msgs/share/robo_planner_msgs/Composed/GripperChangePlace_Response.msg
[3.041s] -- Up-to-date: /home/autopilot/ws/restackcell/ws_moveit2/install/robo_planner_msgs/share/robo_planner_msgs/Composed/Pick.srv
[3.041s] -- Up-to-date: /home/autopilot/ws/restackcell/ws_moveit2/install/robo_planner_msgs/share/robo_planner_msgs/Composed/Pick_Request.msg
[3.041s] -- Up-to-date: /home/autopilot/ws/restackcell/ws_moveit2/install/robo_planner_msgs/share/robo_planner_msgs/Composed/Pick_Response.msg
[3.041s] -- Up-to-date: /home/autopilot/ws/restackcell/ws_moveit2/install/robo_planner_msgs/share/robo_planner_msgs/Composed/PickAndPlace.srv
[3.041s] -- Up-to-date: /home/autopilot/ws/restackcell/ws_moveit2/install/robo_planner_msgs/share/robo_planner_msgs/Composed/PickAndPlace_Request.msg
[3.041s] -- Up-to-date: /home/autopilot/ws/restackcell/ws_moveit2/install/robo_planner_msgs/share/robo_planner_msgs/Composed/PickAndPlace_Response.msg
[3.041s] -- Up-to-date: /home/autopilot/ws/restackcell/ws_moveit2/install/robo_planner_msgs/share/robo_planner_msgs/Composed/Place.srv
[3.041s] -- Up-to-date: /home/autopilot/ws/restackcell/ws_moveit2/install/robo_planner_msgs/share/robo_planner_msgs/Composed/Place_Request.msg
[3.042s] -- Up-to-date: /home/autopilot/ws/restackcell/ws_moveit2/install/robo_planner_msgs/share/robo_planner_msgs/Composed/Place_Response.msg
[3.042s] -- Up-to-date: /home/autopilot/ws/restackcell/ws_moveit2/install/robo_planner_msgs/share/robo_planner_msgs/msg/LabeledPointCloud.msg
[3.042s] -- Up-to-date: /home/autopilot/ws/restackcell/ws_moveit2/install/robo_planner_msgs/share/robo_planner_msgs/msg/LabeledPointClouds.msg
[3.042s] -- Up-to-date: /home/autopilot/ws/restackcell/ws_moveit2/install/robo_planner_msgs/share/robo_planner_msgs/msg/SceneObjectRemove.msg
[3.042s] -- Up-to-date: /home/autopilot/ws/restackcell/ws_moveit2/install/robo_planner_msgs/share/robo_planner_msgs/msg/SceneObjectAdd.msg
[3.042s] -- Up-to-date: /home/autopilot/ws/restackcell/ws_moveit2/install/robo_planner_msgs/share/robo_planner_msgs/msg/SceneObjectSetPose.msg
[3.042s] -- Up-to-date: /home/autopilot/ws/restackcell/ws_moveit2/install/robo_planner_msgs/share/ament_index/resource_index/package_run_dependencies/robo_planner_msgs
[3.042s] -- Up-to-date: /home/autopilot/ws/restackcell/ws_moveit2/install/robo_planner_msgs/share/ament_index/resource_index/parent_prefix_path/robo_planner_msgs
[3.042s] -- Up-to-date: /home/autopilot/ws/restackcell/ws_moveit2/install/robo_planner_msgs/share/robo_planner_msgs/environment/ament_prefix_path.sh
[3.042s] -- Up-to-date: /home/autopilot/ws/restackcell/ws_moveit2/install/robo_planner_msgs/share/robo_planner_msgs/environment/ament_prefix_path.dsv
[3.043s] -- Up-to-date: /home/autopilot/ws/restackcell/ws_moveit2/install/robo_planner_msgs/share/robo_planner_msgs/environment/path.sh
[3.043s] -- Up-to-date: /home/autopilot/ws/restackcell/ws_moveit2/install/robo_planner_msgs/share/robo_planner_msgs/environment/path.dsv
[3.043s] -- Up-to-date: /home/autopilot/ws/restackcell/ws_moveit2/install/robo_planner_msgs/share/robo_planner_msgs/local_setup.bash
[3.043s] -- Up-to-date: /home/autopilot/ws/restackcell/ws_moveit2/install/robo_planner_msgs/share/robo_planner_msgs/local_setup.sh
[3.043s] -- Up-to-date: /home/autopilot/ws/restackcell/ws_moveit2/install/robo_planner_msgs/share/robo_planner_msgs/local_setup.zsh
[3.043s] -- Up-to-date: /home/autopilot/ws/restackcell/ws_moveit2/install/robo_planner_msgs/share/robo_planner_msgs/local_setup.dsv
[3.043s] -- Installing: /home/autopilot/ws/restackcell/ws_moveit2/install/robo_planner_msgs/share/robo_planner_msgs/package.dsv
[3.043s] -- Up-to-date: /home/autopilot/ws/restackcell/ws_moveit2/install/robo_planner_msgs/share/ament_index/resource_index/packages/robo_planner_msgs
[3.043s] -- Up-to-date: /home/autopilot/ws/restackcell/ws_moveit2/install/robo_planner_msgs/share/robo_planner_msgs/cmake/export_robo_planner_msgs__rosidl_generator_cExport.cmake
[3.043s] -- Up-to-date: /home/autopilot/ws/restackcell/ws_moveit2/install/robo_planner_msgs/share/robo_planner_msgs/cmake/export_robo_planner_msgs__rosidl_generator_cExport-noconfig.cmake
[3.044s] -- Up-to-date: /home/autopilot/ws/restackcell/ws_moveit2/install/robo_planner_msgs/share/robo_planner_msgs/cmake/export_robo_planner_msgs__rosidl_typesupport_fastrtps_cExport.cmake
[3.044s] -- Up-to-date: /home/autopilot/ws/restackcell/ws_moveit2/install/robo_planner_msgs/share/robo_planner_msgs/cmake/export_robo_planner_msgs__rosidl_typesupport_fastrtps_cExport-noconfig.cmake
[3.044s] -- Up-to-date: /home/autopilot/ws/restackcell/ws_moveit2/install/robo_planner_msgs/share/robo_planner_msgs/cmake/robo_planner_msgs__rosidl_typesupport_introspection_cExport.cmake
[3.044s] -- Up-to-date: /home/autopilot/ws/restackcell/ws_moveit2/install/robo_planner_msgs/share/robo_planner_msgs/cmake/robo_planner_msgs__rosidl_typesupport_introspection_cExport-noconfig.cmake
[3.045s] -- Up-to-date: /home/autopilot/ws/restackcell/ws_moveit2/install/robo_planner_msgs/share/robo_planner_msgs/cmake/robo_planner_msgs__rosidl_typesupport_cExport.cmake
[3.048s] -- Up-to-date: /home/autopilot/ws/restackcell/ws_moveit2/install/robo_planner_msgs/share/robo_planner_msgs/cmake/robo_planner_msgs__rosidl_typesupport_cExport-noconfig.cmake
[3.049s] -- Up-to-date: /home/autopilot/ws/restackcell/ws_moveit2/install/robo_planner_msgs/share/robo_planner_msgs/cmake/export_robo_planner_msgs__rosidl_generator_cppExport.cmake
[3.049s] -- Up-to-date: /home/autopilot/ws/restackcell/ws_moveit2/install/robo_planner_msgs/share/robo_planner_msgs/cmake/export_robo_planner_msgs__rosidl_typesupport_fastrtps_cppExport.cmake
[3.049s] -- Up-to-date: /home/autopilot/ws/restackcell/ws_moveit2/install/robo_planner_msgs/share/robo_planner_msgs/cmake/export_robo_planner_msgs__rosidl_typesupport_fastrtps_cppExport-noconfig.cmake
[3.049s] -- Up-to-date: /home/autopilot/ws/restackcell/ws_moveit2/install/robo_planner_msgs/share/robo_planner_msgs/cmake/robo_planner_msgs__rosidl_typesupport_introspection_cppExport.cmake
[3.049s] -- Up-to-date: /home/autopilot/ws/restackcell/ws_moveit2/install/robo_planner_msgs/share/robo_planner_msgs/cmake/robo_planner_msgs__rosidl_typesupport_introspection_cppExport-noconfig.cmake
[3.049s] -- Up-to-date: /home/autopilot/ws/restackcell/ws_moveit2/install/robo_planner_msgs/share/robo_planner_msgs/cmake/robo_planner_msgs__rosidl_typesupport_cppExport.cmake
[3.049s] -- Up-to-date: /home/autopilot/ws/restackcell/ws_moveit2/install/robo_planner_msgs/share/robo_planner_msgs/cmake/robo_planner_msgs__rosidl_typesupport_cppExport-noconfig.cmake
[3.050s] -- Up-to-date: /home/autopilot/ws/restackcell/ws_moveit2/install/robo_planner_msgs/share/robo_planner_msgs/cmake/export_robo_planner_msgs__rosidl_generator_pyExport.cmake
[3.050s] -- Up-to-date: /home/autopilot/ws/restackcell/ws_moveit2/install/robo_planner_msgs/share/robo_planner_msgs/cmake/export_robo_planner_msgs__rosidl_generator_pyExport-noconfig.cmake
[3.050s] -- Up-to-date: /home/autopilot/ws/restackcell/ws_moveit2/install/robo_planner_msgs/share/robo_planner_msgs/cmake/rosidl_cmake-extras.cmake
[3.050s] -- Up-to-date: /home/autopilot/ws/restackcell/ws_moveit2/install/robo_planner_msgs/share/robo_planner_msgs/cmake/ament_cmake_export_dependencies-extras.cmake
[3.050s] -- Up-to-date: /home/autopilot/ws/restackcell/ws_moveit2/install/robo_planner_msgs/share/robo_planner_msgs/cmake/ament_cmake_export_include_directories-extras.cmake
[3.050s] -- Up-to-date: /home/autopilot/ws/restackcell/ws_moveit2/install/robo_planner_msgs/share/robo_planner_msgs/cmake/ament_cmake_export_libraries-extras.cmake
[3.050s] -- Up-to-date: /home/autopilot/ws/restackcell/ws_moveit2/install/robo_planner_msgs/share/robo_planner_msgs/cmake/ament_cmake_export_targets-extras.cmake
[3.050s] -- Up-to-date: /home/autopilot/ws/restackcell/ws_moveit2/install/robo_planner_msgs/share/robo_planner_msgs/cmake/rosidl_cmake_export_typesupport_targets-extras.cmake
[3.051s] -- Up-to-date: /home/autopilot/ws/restackcell/ws_moveit2/install/robo_planner_msgs/share/robo_planner_msgs/cmake/rosidl_cmake_export_typesupport_libraries-extras.cmake
[3.051s] -- Up-to-date: /home/autopilot/ws/restackcell/ws_moveit2/install/robo_planner_msgs/share/robo_planner_msgs/cmake/robo_planner_msgsConfig.cmake
[3.051s] -- Up-to-date: /home/autopilot/ws/restackcell/ws_moveit2/install/robo_planner_msgs/share/robo_planner_msgs/cmake/robo_planner_msgsConfig-version.cmake
[3.051s] -- Up-to-date: /home/autopilot/ws/restackcell/ws_moveit2/install/robo_planner_msgs/share/robo_planner_msgs/package.xml
[3.051s] Invoked command in '/home/autopilot/ws/restackcell/ws_moveit2/build/robo_planner_msgs' returned '0': /usr/bin/cmake --install /home/autopilot/ws/restackcell/ws_moveit2/build/robo_planner_msgs
