[0.299s] Invoking command in '/home/alex/restackcell/ws_moveit2/build/tutorial_interfaces': CMAKE_PREFIX_PATH=${CMAKE_PREFIX_PATH}:/home/alex/ws_moveit2/install/moveit_configs_utils:/home/alex/ws_moveit2/install/launch_param_builder:/opt/ros/humble /usr/bin/cmake --build /home/alex/restackcell/ws_moveit2/build/tutorial_interfaces -- -j16 -l16
[0.619s] [  7%] Built target tutorial_interfaces__cpp
[0.619s] [ 12%] Built target tutorial_interfaces__rosidl_generator_c
[0.619s] [ 12%] Built target ament_cmake_python_copy_tutorial_interfaces
[0.619s] [ 43%] Built target tutorial_interfaces__rosidl_typesupport_c
[0.619s] [ 43%] Built target tutorial_interfaces__rosidl_typesupport_introspection_c
[0.619s] [ 43%] Built target tutorial_interfaces__rosidl_typesupport_cpp
[0.619s] [ 53%] Built target tutorial_interfaces__rosidl_typesupport_introspection_cpp
[0.619s] [ 74%] Built target tutorial_interfaces__rosidl_typesupport_fastrtps_cpp
[0.619s] [ 74%] Built target tutorial_interfaces__rosidl_typesupport_fastrtps_c
[0.619s] [ 74%] Built target tutorial_interfaces
[0.620s] [ 76%] Built target tutorial_interfaces__py
[0.620s] [ 84%] Built target tutorial_interfaces__rosidl_generator_py
[0.620s] [100%] Built target tutorial_interfaces__rosidl_typesupport_c__pyext
[0.620s] [100%] Built target tutorial_interfaces__rosidl_typesupport_fastrtps_c__pyext
[0.620s] [100%] Built target tutorial_interfaces__rosidl_typesupport_introspection_c__pyext
[0.626s] running egg_info
[0.628s] writing tutorial_interfaces.egg-info/PKG-INFO
[0.628s] writing dependency_links to tutorial_interfaces.egg-info/dependency_links.txt
[0.628s] writing top-level names to tutorial_interfaces.egg-info/top_level.txt
[0.631s] reading manifest file 'tutorial_interfaces.egg-info/SOURCES.txt'
[0.631s] writing manifest file 'tutorial_interfaces.egg-info/SOURCES.txt'
[0.674s] [100%] Built target ament_cmake_python_build_tutorial_interfaces_egg
[0.690s] Invoked command in '/home/alex/restackcell/ws_moveit2/build/tutorial_interfaces' returned '0': CMAKE_PREFIX_PATH=${CMAKE_PREFIX_PATH}:/home/alex/ws_moveit2/install/moveit_configs_utils:/home/alex/ws_moveit2/install/launch_param_builder:/opt/ros/humble /usr/bin/cmake --build /home/alex/restackcell/ws_moveit2/build/tutorial_interfaces -- -j16 -l16
[0.924s] Invoking command in '/home/alex/restackcell/ws_moveit2/build/tutorial_interfaces': CMAKE_PREFIX_PATH=${CMAKE_PREFIX_PATH}:/home/alex/ws_moveit2/install/moveit_configs_utils:/home/alex/ws_moveit2/install/launch_param_builder:/opt/ros/humble /usr/bin/cmake --install /home/alex/restackcell/ws_moveit2/build/tutorial_interfaces
[0.936s] -- Install configuration: ""
[0.936s] -- Up-to-date: /home/alex/restackcell/ws_moveit2/install/tutorial_interfaces/share/ament_index/resource_index/rosidl_interfaces/tutorial_interfaces
[0.936s] -- Up-to-date: /home/alex/restackcell/ws_moveit2/install/tutorial_interfaces/include/tutorial_interfaces/tutorial_interfaces
[0.937s] -- Up-to-date: /home/alex/restackcell/ws_moveit2/install/tutorial_interfaces/include/tutorial_interfaces/tutorial_interfaces/srv
[0.937s] -- Up-to-date: /home/alex/restackcell/ws_moveit2/install/tutorial_interfaces/include/tutorial_interfaces/tutorial_interfaces/srv/add_three_ints.h
[0.937s] -- Up-to-date: /home/alex/restackcell/ws_moveit2/install/tutorial_interfaces/include/tutorial_interfaces/tutorial_interfaces/srv/detail
[0.937s] -- Up-to-date: /home/alex/restackcell/ws_moveit2/install/tutorial_interfaces/include/tutorial_interfaces/tutorial_interfaces/srv/detail/add_three_ints__functions.h
[0.937s] -- Up-to-date: /home/alex/restackcell/ws_moveit2/install/tutorial_interfaces/include/tutorial_interfaces/tutorial_interfaces/srv/detail/add_three_ints__struct.h
[0.937s] -- Up-to-date: /home/alex/restackcell/ws_moveit2/install/tutorial_interfaces/include/tutorial_interfaces/tutorial_interfaces/srv/detail/add_three_ints__functions.c
[0.937s] -- Up-to-date: /home/alex/restackcell/ws_moveit2/install/tutorial_interfaces/include/tutorial_interfaces/tutorial_interfaces/srv/detail/add_three_ints__type_support.h
[0.937s] -- Up-to-date: /home/alex/restackcell/ws_moveit2/install/tutorial_interfaces/include/tutorial_interfaces/tutorial_interfaces/msg
[0.937s] -- Up-to-date: /home/alex/restackcell/ws_moveit2/install/tutorial_interfaces/include/tutorial_interfaces/tutorial_interfaces/msg/num.h
[0.937s] -- Up-to-date: /home/alex/restackcell/ws_moveit2/install/tutorial_interfaces/include/tutorial_interfaces/tutorial_interfaces/msg/rosidl_generator_c__visibility_control.h
[0.937s] -- Up-to-date: /home/alex/restackcell/ws_moveit2/install/tutorial_interfaces/include/tutorial_interfaces/tutorial_interfaces/msg/detail
[0.937s] -- Up-to-date: /home/alex/restackcell/ws_moveit2/install/tutorial_interfaces/include/tutorial_interfaces/tutorial_interfaces/msg/detail/num__functions.h
[0.937s] -- Up-to-date: /home/alex/restackcell/ws_moveit2/install/tutorial_interfaces/include/tutorial_interfaces/tutorial_interfaces/msg/detail/num__type_support.h
[0.937s] -- Up-to-date: /home/alex/restackcell/ws_moveit2/install/tutorial_interfaces/include/tutorial_interfaces/tutorial_interfaces/msg/detail/num__struct.h
[0.937s] -- Up-to-date: /home/alex/restackcell/ws_moveit2/install/tutorial_interfaces/include/tutorial_interfaces/tutorial_interfaces/msg/detail/num__functions.c
[0.937s] -- Up-to-date: /home/alex/restackcell/ws_moveit2/install/tutorial_interfaces/share/tutorial_interfaces/environment/library_path.sh
[0.938s] -- Up-to-date: /home/alex/restackcell/ws_moveit2/install/tutorial_interfaces/share/tutorial_interfaces/environment/library_path.dsv
[0.938s] -- Up-to-date: /home/alex/restackcell/ws_moveit2/install/tutorial_interfaces/lib/libtutorial_interfaces__rosidl_generator_c.so
[0.938s] -- Up-to-date: /home/alex/restackcell/ws_moveit2/install/tutorial_interfaces/include/tutorial_interfaces/tutorial_interfaces
[0.938s] -- Up-to-date: /home/alex/restackcell/ws_moveit2/install/tutorial_interfaces/include/tutorial_interfaces/tutorial_interfaces/srv
[0.938s] -- Up-to-date: /home/alex/restackcell/ws_moveit2/install/tutorial_interfaces/include/tutorial_interfaces/tutorial_interfaces/srv/detail
[0.938s] -- Up-to-date: /home/alex/restackcell/ws_moveit2/install/tutorial_interfaces/include/tutorial_interfaces/tutorial_interfaces/srv/detail/add_three_ints__rosidl_typesupport_fastrtps_c.h
[0.938s] -- Up-to-date: /home/alex/restackcell/ws_moveit2/install/tutorial_interfaces/include/tutorial_interfaces/tutorial_interfaces/msg
[0.939s] -- Up-to-date: /home/alex/restackcell/ws_moveit2/install/tutorial_interfaces/include/tutorial_interfaces/tutorial_interfaces/msg/rosidl_typesupport_fastrtps_c__visibility_control.h
[0.939s] -- Up-to-date: /home/alex/restackcell/ws_moveit2/install/tutorial_interfaces/include/tutorial_interfaces/tutorial_interfaces/msg/detail
[0.939s] -- Up-to-date: /home/alex/restackcell/ws_moveit2/install/tutorial_interfaces/include/tutorial_interfaces/tutorial_interfaces/msg/detail/num__rosidl_typesupport_fastrtps_c.h
[0.939s] -- Up-to-date: /home/alex/restackcell/ws_moveit2/install/tutorial_interfaces/lib/libtutorial_interfaces__rosidl_typesupport_fastrtps_c.so
[0.939s] -- Up-to-date: /home/alex/restackcell/ws_moveit2/install/tutorial_interfaces/include/tutorial_interfaces/tutorial_interfaces
[0.939s] -- Up-to-date: /home/alex/restackcell/ws_moveit2/install/tutorial_interfaces/include/tutorial_interfaces/tutorial_interfaces/srv
[0.939s] -- Up-to-date: /home/alex/restackcell/ws_moveit2/install/tutorial_interfaces/include/tutorial_interfaces/tutorial_interfaces/srv/detail
[0.940s] -- Up-to-date: /home/alex/restackcell/ws_moveit2/install/tutorial_interfaces/include/tutorial_interfaces/tutorial_interfaces/srv/detail/add_three_ints__type_support.c
[0.940s] -- Up-to-date: /home/alex/restackcell/ws_moveit2/install/tutorial_interfaces/include/tutorial_interfaces/tutorial_interfaces/srv/detail/add_three_ints__rosidl_typesupport_introspection_c.h
[0.940s] -- Up-to-date: /home/alex/restackcell/ws_moveit2/install/tutorial_interfaces/include/tutorial_interfaces/tutorial_interfaces/msg
[0.940s] -- Up-to-date: /home/alex/restackcell/ws_moveit2/install/tutorial_interfaces/include/tutorial_interfaces/tutorial_interfaces/msg/rosidl_typesupport_introspection_c__visibility_control.h
[0.940s] -- Up-to-date: /home/alex/restackcell/ws_moveit2/install/tutorial_interfaces/include/tutorial_interfaces/tutorial_interfaces/msg/detail
[0.940s] -- Up-to-date: /home/alex/restackcell/ws_moveit2/install/tutorial_interfaces/include/tutorial_interfaces/tutorial_interfaces/msg/detail/num__rosidl_typesupport_introspection_c.h
[0.940s] -- Up-to-date: /home/alex/restackcell/ws_moveit2/install/tutorial_interfaces/include/tutorial_interfaces/tutorial_interfaces/msg/detail/num__type_support.c
[0.940s] -- Up-to-date: /home/alex/restackcell/ws_moveit2/install/tutorial_interfaces/lib/libtutorial_interfaces__rosidl_typesupport_introspection_c.so
[0.940s] -- Up-to-date: /home/alex/restackcell/ws_moveit2/install/tutorial_interfaces/lib/libtutorial_interfaces__rosidl_typesupport_c.so
[0.940s] -- Up-to-date: /home/alex/restackcell/ws_moveit2/install/tutorial_interfaces/include/tutorial_interfaces/tutorial_interfaces
[0.941s] -- Up-to-date: /home/alex/restackcell/ws_moveit2/install/tutorial_interfaces/include/tutorial_interfaces/tutorial_interfaces/srv
[0.941s] -- Up-to-date: /home/alex/restackcell/ws_moveit2/install/tutorial_interfaces/include/tutorial_interfaces/tutorial_interfaces/srv/add_three_ints.hpp
[0.941s] -- Up-to-date: /home/alex/restackcell/ws_moveit2/install/tutorial_interfaces/include/tutorial_interfaces/tutorial_interfaces/srv/detail
[0.941s] -- Up-to-date: /home/alex/restackcell/ws_moveit2/install/tutorial_interfaces/include/tutorial_interfaces/tutorial_interfaces/srv/detail/add_three_ints__traits.hpp
[0.941s] -- Up-to-date: /home/alex/restackcell/ws_moveit2/install/tutorial_interfaces/include/tutorial_interfaces/tutorial_interfaces/srv/detail/add_three_ints__builder.hpp
[0.941s] -- Up-to-date: /home/alex/restackcell/ws_moveit2/install/tutorial_interfaces/include/tutorial_interfaces/tutorial_interfaces/srv/detail/add_three_ints__struct.hpp
[0.941s] -- Up-to-date: /home/alex/restackcell/ws_moveit2/install/tutorial_interfaces/include/tutorial_interfaces/tutorial_interfaces/msg
[0.941s] -- Up-to-date: /home/alex/restackcell/ws_moveit2/install/tutorial_interfaces/include/tutorial_interfaces/tutorial_interfaces/msg/num.hpp
[0.941s] -- Up-to-date: /home/alex/restackcell/ws_moveit2/install/tutorial_interfaces/include/tutorial_interfaces/tutorial_interfaces/msg/detail
[0.941s] -- Up-to-date: /home/alex/restackcell/ws_moveit2/install/tutorial_interfaces/include/tutorial_interfaces/tutorial_interfaces/msg/detail/num__struct.hpp
[0.941s] -- Up-to-date: /home/alex/restackcell/ws_moveit2/install/tutorial_interfaces/include/tutorial_interfaces/tutorial_interfaces/msg/detail/num__traits.hpp
[0.941s] -- Up-to-date: /home/alex/restackcell/ws_moveit2/install/tutorial_interfaces/include/tutorial_interfaces/tutorial_interfaces/msg/detail/num__builder.hpp
[0.941s] -- Up-to-date: /home/alex/restackcell/ws_moveit2/install/tutorial_interfaces/include/tutorial_interfaces/tutorial_interfaces
[0.941s] -- Up-to-date: /home/alex/restackcell/ws_moveit2/install/tutorial_interfaces/include/tutorial_interfaces/tutorial_interfaces/srv
[0.942s] -- Up-to-date: /home/alex/restackcell/ws_moveit2/install/tutorial_interfaces/include/tutorial_interfaces/tutorial_interfaces/srv/detail
[0.942s] -- Up-to-date: /home/alex/restackcell/ws_moveit2/install/tutorial_interfaces/include/tutorial_interfaces/tutorial_interfaces/srv/detail/dds_fastrtps
[0.942s] -- Up-to-date: /home/alex/restackcell/ws_moveit2/install/tutorial_interfaces/include/tutorial_interfaces/tutorial_interfaces/srv/detail/add_three_ints__rosidl_typesupport_fastrtps_cpp.hpp
[0.942s] -- Up-to-date: /home/alex/restackcell/ws_moveit2/install/tutorial_interfaces/include/tutorial_interfaces/tutorial_interfaces/msg
[0.942s] -- Up-to-date: /home/alex/restackcell/ws_moveit2/install/tutorial_interfaces/include/tutorial_interfaces/tutorial_interfaces/msg/rosidl_typesupport_fastrtps_cpp__visibility_control.h
[0.942s] -- Up-to-date: /home/alex/restackcell/ws_moveit2/install/tutorial_interfaces/include/tutorial_interfaces/tutorial_interfaces/msg/detail
[0.942s] -- Up-to-date: /home/alex/restackcell/ws_moveit2/install/tutorial_interfaces/include/tutorial_interfaces/tutorial_interfaces/msg/detail/dds_fastrtps
[0.942s] -- Up-to-date: /home/alex/restackcell/ws_moveit2/install/tutorial_interfaces/include/tutorial_interfaces/tutorial_interfaces/msg/detail/num__rosidl_typesupport_fastrtps_cpp.hpp
[0.943s] -- Up-to-date: /home/alex/restackcell/ws_moveit2/install/tutorial_interfaces/lib/libtutorial_interfaces__rosidl_typesupport_fastrtps_cpp.so
[0.943s] -- Up-to-date: /home/alex/restackcell/ws_moveit2/install/tutorial_interfaces/include/tutorial_interfaces/tutorial_interfaces
[0.943s] -- Up-to-date: /home/alex/restackcell/ws_moveit2/install/tutorial_interfaces/include/tutorial_interfaces/tutorial_interfaces/srv
[0.943s] -- Up-to-date: /home/alex/restackcell/ws_moveit2/install/tutorial_interfaces/include/tutorial_interfaces/tutorial_interfaces/srv/detail
[0.943s] -- Up-to-date: /home/alex/restackcell/ws_moveit2/install/tutorial_interfaces/include/tutorial_interfaces/tutorial_interfaces/srv/detail/add_three_ints__rosidl_typesupport_introspection_cpp.hpp
[0.943s] -- Up-to-date: /home/alex/restackcell/ws_moveit2/install/tutorial_interfaces/include/tutorial_interfaces/tutorial_interfaces/srv/detail/add_three_ints__type_support.cpp
[0.943s] -- Up-to-date: /home/alex/restackcell/ws_moveit2/install/tutorial_interfaces/include/tutorial_interfaces/tutorial_interfaces/msg
[0.943s] -- Up-to-date: /home/alex/restackcell/ws_moveit2/install/tutorial_interfaces/include/tutorial_interfaces/tutorial_interfaces/msg/detail
[0.944s] -- Up-to-date: /home/alex/restackcell/ws_moveit2/install/tutorial_interfaces/include/tutorial_interfaces/tutorial_interfaces/msg/detail/num__type_support.cpp
[0.944s] -- Up-to-date: /home/alex/restackcell/ws_moveit2/install/tutorial_interfaces/include/tutorial_interfaces/tutorial_interfaces/msg/detail/num__rosidl_typesupport_introspection_cpp.hpp
[0.944s] -- Up-to-date: /home/alex/restackcell/ws_moveit2/install/tutorial_interfaces/lib/libtutorial_interfaces__rosidl_typesupport_introspection_cpp.so
[0.945s] -- Up-to-date: /home/alex/restackcell/ws_moveit2/install/tutorial_interfaces/lib/libtutorial_interfaces__rosidl_typesupport_cpp.so
[0.945s] -- Up-to-date: /home/alex/restackcell/ws_moveit2/install/tutorial_interfaces/share/tutorial_interfaces/environment/pythonpath.sh
[0.945s] -- Up-to-date: /home/alex/restackcell/ws_moveit2/install/tutorial_interfaces/share/tutorial_interfaces/environment/pythonpath.dsv
[0.945s] -- Up-to-date: /home/alex/restackcell/ws_moveit2/install/tutorial_interfaces/local/lib/python3.10/dist-packages/tutorial_interfaces-0.0.0-py3.10.egg-info
[0.945s] -- Installing: /home/alex/restackcell/ws_moveit2/install/tutorial_interfaces/local/lib/python3.10/dist-packages/tutorial_interfaces-0.0.0-py3.10.egg-info/top_level.txt
[0.945s] -- Installing: /home/alex/restackcell/ws_moveit2/install/tutorial_interfaces/local/lib/python3.10/dist-packages/tutorial_interfaces-0.0.0-py3.10.egg-info/PKG-INFO
[0.945s] -- Installing: /home/alex/restackcell/ws_moveit2/install/tutorial_interfaces/local/lib/python3.10/dist-packages/tutorial_interfaces-0.0.0-py3.10.egg-info/SOURCES.txt
[0.945s] -- Installing: /home/alex/restackcell/ws_moveit2/install/tutorial_interfaces/local/lib/python3.10/dist-packages/tutorial_interfaces-0.0.0-py3.10.egg-info/dependency_links.txt
[0.946s] -- Up-to-date: /home/alex/restackcell/ws_moveit2/install/tutorial_interfaces/local/lib/python3.10/dist-packages/tutorial_interfaces
[0.946s] -- Up-to-date: /home/alex/restackcell/ws_moveit2/install/tutorial_interfaces/local/lib/python3.10/dist-packages/tutorial_interfaces/tutorial_interfaces_s__rosidl_typesupport_introspection_c.cpython-310-x86_64-linux-gnu.so
[0.946s] -- Up-to-date: /home/alex/restackcell/ws_moveit2/install/tutorial_interfaces/local/lib/python3.10/dist-packages/tutorial_interfaces/libtutorial_interfaces__rosidl_generator_py.so
[0.946s] -- Up-to-date: /home/alex/restackcell/ws_moveit2/install/tutorial_interfaces/local/lib/python3.10/dist-packages/tutorial_interfaces/__init__.py
[0.946s] -- Up-to-date: /home/alex/restackcell/ws_moveit2/install/tutorial_interfaces/local/lib/python3.10/dist-packages/tutorial_interfaces/_tutorial_interfaces_s.ep.rosidl_typesupport_c.c
[0.946s] -- Up-to-date: /home/alex/restackcell/ws_moveit2/install/tutorial_interfaces/local/lib/python3.10/dist-packages/tutorial_interfaces/_tutorial_interfaces_s.ep.rosidl_typesupport_fastrtps_c.c
[0.946s] -- Up-to-date: /home/alex/restackcell/ws_moveit2/install/tutorial_interfaces/local/lib/python3.10/dist-packages/tutorial_interfaces/srv
[0.946s] -- Up-to-date: /home/alex/restackcell/ws_moveit2/install/tutorial_interfaces/local/lib/python3.10/dist-packages/tutorial_interfaces/srv/_add_three_ints_s.c
[0.946s] -- Up-to-date: /home/alex/restackcell/ws_moveit2/install/tutorial_interfaces/local/lib/python3.10/dist-packages/tutorial_interfaces/srv/_add_three_ints.py
[0.946s] -- Up-to-date: /home/alex/restackcell/ws_moveit2/install/tutorial_interfaces/local/lib/python3.10/dist-packages/tutorial_interfaces/srv/__init__.py
[0.946s] -- Up-to-date: /home/alex/restackcell/ws_moveit2/install/tutorial_interfaces/local/lib/python3.10/dist-packages/tutorial_interfaces/_tutorial_interfaces_s.ep.rosidl_typesupport_introspection_c.c
[0.946s] -- Up-to-date: /home/alex/restackcell/ws_moveit2/install/tutorial_interfaces/local/lib/python3.10/dist-packages/tutorial_interfaces/tutorial_interfaces_s__rosidl_typesupport_c.cpython-310-x86_64-linux-gnu.so
[0.946s] -- Up-to-date: /home/alex/restackcell/ws_moveit2/install/tutorial_interfaces/local/lib/python3.10/dist-packages/tutorial_interfaces/msg
[0.946s] -- Up-to-date: /home/alex/restackcell/ws_moveit2/install/tutorial_interfaces/local/lib/python3.10/dist-packages/tutorial_interfaces/msg/__init__.py
[0.946s] -- Up-to-date: /home/alex/restackcell/ws_moveit2/install/tutorial_interfaces/local/lib/python3.10/dist-packages/tutorial_interfaces/msg/_num.py
[0.946s] -- Up-to-date: /home/alex/restackcell/ws_moveit2/install/tutorial_interfaces/local/lib/python3.10/dist-packages/tutorial_interfaces/msg/_num_s.c
[0.946s] -- Up-to-date: /home/alex/restackcell/ws_moveit2/install/tutorial_interfaces/local/lib/python3.10/dist-packages/tutorial_interfaces/tutorial_interfaces_s__rosidl_typesupport_fastrtps_c.cpython-310-x86_64-linux-gnu.so
[0.977s] Listing '/home/alex/restackcell/ws_moveit2/install/tutorial_interfaces/local/lib/python3.10/dist-packages/tutorial_interfaces'...
[0.977s] Listing '/home/alex/restackcell/ws_moveit2/install/tutorial_interfaces/local/lib/python3.10/dist-packages/tutorial_interfaces/msg'...
[0.977s] Listing '/home/alex/restackcell/ws_moveit2/install/tutorial_interfaces/local/lib/python3.10/dist-packages/tutorial_interfaces/srv'...
[0.983s] -- Up-to-date: /home/alex/restackcell/ws_moveit2/install/tutorial_interfaces/local/lib/python3.10/dist-packages/tutorial_interfaces/tutorial_interfaces_s__rosidl_typesupport_fastrtps_c.cpython-310-x86_64-linux-gnu.so
[0.984s] -- Up-to-date: /home/alex/restackcell/ws_moveit2/install/tutorial_interfaces/local/lib/python3.10/dist-packages/tutorial_interfaces/tutorial_interfaces_s__rosidl_typesupport_introspection_c.cpython-310-x86_64-linux-gnu.so
[0.984s] -- Up-to-date: /home/alex/restackcell/ws_moveit2/install/tutorial_interfaces/local/lib/python3.10/dist-packages/tutorial_interfaces/tutorial_interfaces_s__rosidl_typesupport_c.cpython-310-x86_64-linux-gnu.so
[0.984s] -- Up-to-date: /home/alex/restackcell/ws_moveit2/install/tutorial_interfaces/lib/libtutorial_interfaces__rosidl_generator_py.so
[0.985s] -- Up-to-date: /home/alex/restackcell/ws_moveit2/install/tutorial_interfaces/share/tutorial_interfaces/msg/Num.idl
[0.985s] -- Up-to-date: /home/alex/restackcell/ws_moveit2/install/tutorial_interfaces/share/tutorial_interfaces/srv/AddThreeInts.idl
[0.985s] -- Up-to-date: /home/alex/restackcell/ws_moveit2/install/tutorial_interfaces/share/tutorial_interfaces/msg/Num.msg
[0.986s] -- Up-to-date: /home/alex/restackcell/ws_moveit2/install/tutorial_interfaces/share/tutorial_interfaces/srv/AddThreeInts.srv
[0.986s] -- Up-to-date: /home/alex/restackcell/ws_moveit2/install/tutorial_interfaces/share/tutorial_interfaces/srv/AddThreeInts_Request.msg
[0.986s] -- Up-to-date: /home/alex/restackcell/ws_moveit2/install/tutorial_interfaces/share/tutorial_interfaces/srv/AddThreeInts_Response.msg
[0.986s] -- Up-to-date: /home/alex/restackcell/ws_moveit2/install/tutorial_interfaces/share/ament_index/resource_index/package_run_dependencies/tutorial_interfaces
[0.987s] -- Up-to-date: /home/alex/restackcell/ws_moveit2/install/tutorial_interfaces/share/ament_index/resource_index/parent_prefix_path/tutorial_interfaces
[0.987s] -- Up-to-date: /home/alex/restackcell/ws_moveit2/install/tutorial_interfaces/share/tutorial_interfaces/environment/ament_prefix_path.sh
[0.987s] -- Up-to-date: /home/alex/restackcell/ws_moveit2/install/tutorial_interfaces/share/tutorial_interfaces/environment/ament_prefix_path.dsv
[0.987s] -- Up-to-date: /home/alex/restackcell/ws_moveit2/install/tutorial_interfaces/share/tutorial_interfaces/environment/path.sh
[0.987s] -- Up-to-date: /home/alex/restackcell/ws_moveit2/install/tutorial_interfaces/share/tutorial_interfaces/environment/path.dsv
[0.987s] -- Up-to-date: /home/alex/restackcell/ws_moveit2/install/tutorial_interfaces/share/tutorial_interfaces/local_setup.bash
[0.987s] -- Up-to-date: /home/alex/restackcell/ws_moveit2/install/tutorial_interfaces/share/tutorial_interfaces/local_setup.sh
[0.988s] -- Up-to-date: /home/alex/restackcell/ws_moveit2/install/tutorial_interfaces/share/tutorial_interfaces/local_setup.zsh
[0.988s] -- Up-to-date: /home/alex/restackcell/ws_moveit2/install/tutorial_interfaces/share/tutorial_interfaces/local_setup.dsv
[0.988s] -- Installing: /home/alex/restackcell/ws_moveit2/install/tutorial_interfaces/share/tutorial_interfaces/package.dsv
[0.989s] -- Up-to-date: /home/alex/restackcell/ws_moveit2/install/tutorial_interfaces/share/ament_index/resource_index/packages/tutorial_interfaces
[0.989s] -- Up-to-date: /home/alex/restackcell/ws_moveit2/install/tutorial_interfaces/share/tutorial_interfaces/cmake/export_tutorial_interfaces__rosidl_generator_cExport.cmake
[0.989s] -- Up-to-date: /home/alex/restackcell/ws_moveit2/install/tutorial_interfaces/share/tutorial_interfaces/cmake/export_tutorial_interfaces__rosidl_generator_cExport-noconfig.cmake
[0.989s] -- Up-to-date: /home/alex/restackcell/ws_moveit2/install/tutorial_interfaces/share/tutorial_interfaces/cmake/export_tutorial_interfaces__rosidl_typesupport_fastrtps_cExport.cmake
[0.990s] -- Up-to-date: /home/alex/restackcell/ws_moveit2/install/tutorial_interfaces/share/tutorial_interfaces/cmake/export_tutorial_interfaces__rosidl_typesupport_fastrtps_cExport-noconfig.cmake
[0.990s] -- Up-to-date: /home/alex/restackcell/ws_moveit2/install/tutorial_interfaces/share/tutorial_interfaces/cmake/tutorial_interfaces__rosidl_typesupport_introspection_cExport.cmake
[0.990s] -- Up-to-date: /home/alex/restackcell/ws_moveit2/install/tutorial_interfaces/share/tutorial_interfaces/cmake/tutorial_interfaces__rosidl_typesupport_introspection_cExport-noconfig.cmake
[0.990s] -- Up-to-date: /home/alex/restackcell/ws_moveit2/install/tutorial_interfaces/share/tutorial_interfaces/cmake/tutorial_interfaces__rosidl_typesupport_cExport.cmake
[0.990s] -- Up-to-date: /home/alex/restackcell/ws_moveit2/install/tutorial_interfaces/share/tutorial_interfaces/cmake/tutorial_interfaces__rosidl_typesupport_cExport-noconfig.cmake
[0.990s] -- Up-to-date: /home/alex/restackcell/ws_moveit2/install/tutorial_interfaces/share/tutorial_interfaces/cmake/export_tutorial_interfaces__rosidl_generator_cppExport.cmake
[0.990s] -- Up-to-date: /home/alex/restackcell/ws_moveit2/install/tutorial_interfaces/share/tutorial_interfaces/cmake/export_tutorial_interfaces__rosidl_typesupport_fastrtps_cppExport.cmake
[0.990s] -- Up-to-date: /home/alex/restackcell/ws_moveit2/install/tutorial_interfaces/share/tutorial_interfaces/cmake/export_tutorial_interfaces__rosidl_typesupport_fastrtps_cppExport-noconfig.cmake
[0.990s] -- Up-to-date: /home/alex/restackcell/ws_moveit2/install/tutorial_interfaces/share/tutorial_interfaces/cmake/tutorial_interfaces__rosidl_typesupport_introspection_cppExport.cmake
[0.990s] -- Up-to-date: /home/alex/restackcell/ws_moveit2/install/tutorial_interfaces/share/tutorial_interfaces/cmake/tutorial_interfaces__rosidl_typesupport_introspection_cppExport-noconfig.cmake
[0.990s] -- Up-to-date: /home/alex/restackcell/ws_moveit2/install/tutorial_interfaces/share/tutorial_interfaces/cmake/tutorial_interfaces__rosidl_typesupport_cppExport.cmake
[0.990s] -- Up-to-date: /home/alex/restackcell/ws_moveit2/install/tutorial_interfaces/share/tutorial_interfaces/cmake/tutorial_interfaces__rosidl_typesupport_cppExport-noconfig.cmake
[0.990s] -- Up-to-date: /home/alex/restackcell/ws_moveit2/install/tutorial_interfaces/share/tutorial_interfaces/cmake/export_tutorial_interfaces__rosidl_generator_pyExport.cmake
[0.990s] -- Up-to-date: /home/alex/restackcell/ws_moveit2/install/tutorial_interfaces/share/tutorial_interfaces/cmake/export_tutorial_interfaces__rosidl_generator_pyExport-noconfig.cmake
[0.990s] -- Up-to-date: /home/alex/restackcell/ws_moveit2/install/tutorial_interfaces/share/tutorial_interfaces/cmake/rosidl_cmake-extras.cmake
[0.990s] -- Up-to-date: /home/alex/restackcell/ws_moveit2/install/tutorial_interfaces/share/tutorial_interfaces/cmake/ament_cmake_export_include_directories-extras.cmake
[0.990s] -- Up-to-date: /home/alex/restackcell/ws_moveit2/install/tutorial_interfaces/share/tutorial_interfaces/cmake/ament_cmake_export_libraries-extras.cmake
[0.991s] -- Up-to-date: /home/alex/restackcell/ws_moveit2/install/tutorial_interfaces/share/tutorial_interfaces/cmake/ament_cmake_export_targets-extras.cmake
[0.991s] -- Up-to-date: /home/alex/restackcell/ws_moveit2/install/tutorial_interfaces/share/tutorial_interfaces/cmake/rosidl_cmake_export_typesupport_targets-extras.cmake
[0.991s] -- Up-to-date: /home/alex/restackcell/ws_moveit2/install/tutorial_interfaces/share/tutorial_interfaces/cmake/ament_cmake_export_dependencies-extras.cmake
[0.991s] -- Up-to-date: /home/alex/restackcell/ws_moveit2/install/tutorial_interfaces/share/tutorial_interfaces/cmake/rosidl_cmake_export_typesupport_libraries-extras.cmake
[0.991s] -- Up-to-date: /home/alex/restackcell/ws_moveit2/install/tutorial_interfaces/share/tutorial_interfaces/cmake/tutorial_interfacesConfig.cmake
[0.991s] -- Up-to-date: /home/alex/restackcell/ws_moveit2/install/tutorial_interfaces/share/tutorial_interfaces/cmake/tutorial_interfacesConfig-version.cmake
[0.991s] -- Up-to-date: /home/alex/restackcell/ws_moveit2/install/tutorial_interfaces/share/tutorial_interfaces/package.xml
[1.048s] Invoked command in '/home/alex/restackcell/ws_moveit2/build/tutorial_interfaces' returned '0': CMAKE_PREFIX_PATH=${CMAKE_PREFIX_PATH}:/home/alex/ws_moveit2/install/moveit_configs_utils:/home/alex/ws_moveit2/install/launch_param_builder:/opt/ros/humble /usr/bin/cmake --install /home/alex/restackcell/ws_moveit2/build/tutorial_interfaces
