[0.070s] Invoking command in '/home/alex/ws_moveit2/build/moveit_ros_planning': CMAKE_PREFIX_PATH=/home/alex/ws_moveit2/install/moveit_ros_occupancy_map_monitor:/home/alex/ws_moveit2/install/moveit_core:/home/alex/ws_moveit2/install/moveit_resources_panda_moveit_config:/home/alex/ws_moveit2/install/srdfdom:/home/alex/ws_moveit2/install/moveit_resources_panda_description:/home/alex/ws_moveit2/install/moveit_common:/home/alex/ws_moveit2/install/hello_moveit:/home/alex/ws_moveit2/install/pilz_industrial_motion_planner_testutils:/home/alex/ws_moveit2/install/moveit_runtime:/home/alex/ws_moveit2/install/moveit2_tutorials:/home/alex/ws_moveit2/install/moveit:/home/alex/ws_moveit2/install/moveit_planners:/home/alex/ws_moveit2/install/pilz_industrial_motion_planner:/home/alex/ws_moveit2/install/moveit_visual_tools:/home/alex/ws_moveit2/install/moveit_task_constructor_visualization:/home/alex/ws_moveit2/install/moveit_task_constructor_demo:/home/alex/ws_moveit2/install/moveit_task_constructor_capabilities:/home/alex/ws_moveit2/install/moveit_task_constructor_core:/home/alex/ws_moveit2/install/moveit_ros_control_interface:/home/alex/ws_moveit2/install/moveit_plugins:/home/alex/ws_moveit2/install/moveit_simple_controller_manager:/home/alex/ws_moveit2/install/moveit_setup_assistant:/home/alex/ws_moveit2/install/moveit_setup_srdf_plugins:/home/alex/ws_moveit2/install/moveit_setup_core_plugins:/home/alex/ws_moveit2/install/moveit_setup_controllers:/home/alex/ws_moveit2/install/moveit_setup_app_plugins:/home/alex/ws_moveit2/install/moveit_setup_framework:/home/alex/ws_moveit2/install/moveit_servo:/home/alex/ws_moveit2/install/moveit_ros:/home/alex/ws_moveit2/install/moveit_ros_visualization:/home/alex/ws_moveit2/install/moveit_hybrid_planning:/home/alex/ws_moveit2/install/moveit_ros_planning_interface:/home/alex/ws_moveit2/install/moveit_ros_benchmarks:/home/alex/ws_moveit2/install/moveit_ros_warehouse:/home/alex/ws_moveit2/install/moveit_ros_robot_interaction:/home/alex/ws_moveit2/install/moveit_ros_perception:/home/alex/ws_moveit2/install/moveit_resources_prbt_pg70_support:/home/alex/ws_moveit2/install/moveit_resources_prbt_moveit_config:/home/alex/ws_moveit2/install/moveit_ros_move_group:/home/alex/ws_moveit2/install/moveit_planners_ompl:/home/alex/ws_moveit2/install/moveit_ros_planning:/home/alex/ws_moveit2/install/moveit_resources_prbt_ikfast_manipulator_plugin:/home/alex/ws_moveit2/install/moveit_planners_chomp:/home/alex/ws_moveit2/install/moveit_kinematics:/home/alex/ws_moveit2/install/moveit_chomp_optimizer_adapter:/home/alex/ws_moveit2/install/chomp_motion_planner:/home/alex/ws_moveit2/install/rviz_marker_tools:/home/alex/ws_moveit2/install/rosparam_shortcuts:/home/alex/ws_moveit2/install/moveit_task_constructor_msgs:/home/alex/ws_moveit2/install/moveit_resources_prbt_support:/home/alex/ws_moveit2/install/moveit_resources:/home/alex/ws_moveit2/install/moveit_resources_pr2_description:/home/alex/ws_moveit2/install/moveit_resources_fanuc_moveit_config:/home/alex/ws_moveit2/install/moveit_resources_fanuc_description:/home/alex/ws_moveit2/install/moveit_configs_utils:/home/alex/ws_moveit2/install/launch_param_builder:/opt/ros/humble LD_LIBRARY_PATH=/home/alex/ws_moveit2/install/moveit_ros_occupancy_map_monitor/lib:/home/alex/ws_moveit2/install/moveit_core/lib:/home/alex/ws_moveit2/install/srdfdom/lib:/home/alex/ws_moveit2/install/pilz_industrial_motion_planner_testutils/lib:/home/alex/ws_moveit2/install/pilz_industrial_motion_planner/lib:/home/alex/ws_moveit2/install/moveit_visual_tools/lib:/home/alex/ws_moveit2/install/moveit_task_constructor_visualization/lib:/home/alex/ws_moveit2/install/moveit_task_constructor_demo/lib:/home/alex/ws_moveit2/install/moveit_task_constructor_capabilities/lib:/home/alex/ws_moveit2/install/moveit_task_constructor_core/lib:/home/alex/ws_moveit2/install/moveit_ros_control_interface/lib:/home/alex/ws_moveit2/install/moveit_simple_controller_manager/lib:/home/alex/ws_moveit2/install/moveit_setup_assistant/lib:/home/alex/ws_moveit2/install/moveit_setup_srdf_plugins/lib:/home/alex/ws_moveit2/install/moveit_setup_core_plugins/lib:/home/alex/ws_moveit2/install/moveit_setup_controllers/lib:/home/alex/ws_moveit2/install/moveit_setup_app_plugins/lib:/home/alex/ws_moveit2/install/moveit_setup_framework/lib:/home/alex/ws_moveit2/install/moveit_servo/lib:/home/alex/ws_moveit2/install/moveit_ros_visualization/lib:/home/alex/ws_moveit2/install/moveit_hybrid_planning/lib:/home/alex/ws_moveit2/install/moveit_ros_planning_interface/lib:/home/alex/ws_moveit2/install/moveit_ros_benchmarks/lib:/home/alex/ws_moveit2/install/moveit_ros_warehouse/lib:/home/alex/ws_moveit2/install/moveit_ros_robot_interaction/lib:/home/alex/ws_moveit2/install/moveit_ros_perception/lib:/home/alex/ws_moveit2/install/moveit_ros_move_group/lib:/home/alex/ws_moveit2/install/moveit_planners_ompl/lib:/home/alex/ws_moveit2/install/moveit_ros_planning/lib:/home/alex/ws_moveit2/install/moveit_resources_prbt_ikfast_manipulator_plugin/lib:/home/alex/ws_moveit2/install/moveit_planners_chomp/lib:/home/alex/ws_moveit2/install/moveit_kinematics/lib:/home/alex/ws_moveit2/install/moveit_chomp_optimizer_adapter/lib:/home/alex/ws_moveit2/install/chomp_motion_planner/lib:/home/alex/ws_moveit2/install/rviz_marker_tools/lib:/home/alex/ws_moveit2/install/rosparam_shortcuts/lib:/home/alex/ws_moveit2/install/moveit_task_constructor_msgs/lib:/opt/ros/humble/opt/rviz_ogre_vendor/lib:/opt/ros/humble/lib/x86_64-linux-gnu:/opt/ros/humble/lib /usr/bin/cmake --build /home/alex/ws_moveit2/build/moveit_ros_planning -- -j16 -l16
[0.153s] [  4%] Built target gmock
[0.153s] [  8%] Built target gmock_main
[0.156s] [ 12%] Built target moveit_rdf_loader
[0.161s] [ 16%] Built target moveit_list_request_adapter_plugins
[0.162s] [ 19%] Built target moveit_collision_plugin_loader
[0.163s] [ 22%] Built target moveit_planning_pipeline
[0.187s] [ 40%] Built target moveit_default_planning_request_adapter_plugins
[0.196s] [ 43%] Built target moveit_kinematics_plugin_loader
[0.201s] [ 46%] Built target moveit_constraint_sampler_manager_loader
[0.240s] [ 50%] Built target moveit_robot_model_loader
[0.282s] [ 53%] Built target moveit_print_planning_model_info
[0.294s] [ 62%] Built target moveit_planning_scene_monitor
[0.344s] [ 69%] Built target current_state_monitor_tests
[0.344s] [ 69%] Built target moveit_trajectory_execution_manager
[0.344s] [ 74%] Built target moveit_print_planning_scene_info
[0.344s] [ 75%] Built target demo_scene
[0.345s] [ 79%] Built target moveit_visualize_robot_collision_volume
[0.345s] [ 82%] Built target moveit_publish_scene_from_text
[0.345s] [ 85%] Built target moveit_display_random_state
[0.347s] [ 88%] Built target moveit_evaluate_collision_checking_speed
[0.349s] [ 91%] Built target trajectory_monitor_tests
[0.393s] [ 95%] Built target moveit_plan_execution
[0.394s] [100%] Built target moveit_cpp
[0.523s] Invoked command in '/home/alex/ws_moveit2/build/moveit_ros_planning' returned '0': CMAKE_PREFIX_PATH=/home/alex/ws_moveit2/install/moveit_ros_occupancy_map_monitor:/home/alex/ws_moveit2/install/moveit_core:/home/alex/ws_moveit2/install/moveit_resources_panda_moveit_config:/home/alex/ws_moveit2/install/srdfdom:/home/alex/ws_moveit2/install/moveit_resources_panda_description:/home/alex/ws_moveit2/install/moveit_common:/home/alex/ws_moveit2/install/hello_moveit:/home/alex/ws_moveit2/install/pilz_industrial_motion_planner_testutils:/home/alex/ws_moveit2/install/moveit_runtime:/home/alex/ws_moveit2/install/moveit2_tutorials:/home/alex/ws_moveit2/install/moveit:/home/alex/ws_moveit2/install/moveit_planners:/home/alex/ws_moveit2/install/pilz_industrial_motion_planner:/home/alex/ws_moveit2/install/moveit_visual_tools:/home/alex/ws_moveit2/install/moveit_task_constructor_visualization:/home/alex/ws_moveit2/install/moveit_task_constructor_demo:/home/alex/ws_moveit2/install/moveit_task_constructor_capabilities:/home/alex/ws_moveit2/install/moveit_task_constructor_core:/home/alex/ws_moveit2/install/moveit_ros_control_interface:/home/alex/ws_moveit2/install/moveit_plugins:/home/alex/ws_moveit2/install/moveit_simple_controller_manager:/home/alex/ws_moveit2/install/moveit_setup_assistant:/home/alex/ws_moveit2/install/moveit_setup_srdf_plugins:/home/alex/ws_moveit2/install/moveit_setup_core_plugins:/home/alex/ws_moveit2/install/moveit_setup_controllers:/home/alex/ws_moveit2/install/moveit_setup_app_plugins:/home/alex/ws_moveit2/install/moveit_setup_framework:/home/alex/ws_moveit2/install/moveit_servo:/home/alex/ws_moveit2/install/moveit_ros:/home/alex/ws_moveit2/install/moveit_ros_visualization:/home/alex/ws_moveit2/install/moveit_hybrid_planning:/home/alex/ws_moveit2/install/moveit_ros_planning_interface:/home/alex/ws_moveit2/install/moveit_ros_benchmarks:/home/alex/ws_moveit2/install/moveit_ros_warehouse:/home/alex/ws_moveit2/install/moveit_ros_robot_interaction:/home/alex/ws_moveit2/install/moveit_ros_perception:/home/alex/ws_moveit2/install/moveit_resources_prbt_pg70_support:/home/alex/ws_moveit2/install/moveit_resources_prbt_moveit_config:/home/alex/ws_moveit2/install/moveit_ros_move_group:/home/alex/ws_moveit2/install/moveit_planners_ompl:/home/alex/ws_moveit2/install/moveit_ros_planning:/home/alex/ws_moveit2/install/moveit_resources_prbt_ikfast_manipulator_plugin:/home/alex/ws_moveit2/install/moveit_planners_chomp:/home/alex/ws_moveit2/install/moveit_kinematics:/home/alex/ws_moveit2/install/moveit_chomp_optimizer_adapter:/home/alex/ws_moveit2/install/chomp_motion_planner:/home/alex/ws_moveit2/install/rviz_marker_tools:/home/alex/ws_moveit2/install/rosparam_shortcuts:/home/alex/ws_moveit2/install/moveit_task_constructor_msgs:/home/alex/ws_moveit2/install/moveit_resources_prbt_support:/home/alex/ws_moveit2/install/moveit_resources:/home/alex/ws_moveit2/install/moveit_resources_pr2_description:/home/alex/ws_moveit2/install/moveit_resources_fanuc_moveit_config:/home/alex/ws_moveit2/install/moveit_resources_fanuc_description:/home/alex/ws_moveit2/install/moveit_configs_utils:/home/alex/ws_moveit2/install/launch_param_builder:/opt/ros/humble LD_LIBRARY_PATH=/home/alex/ws_moveit2/install/moveit_ros_occupancy_map_monitor/lib:/home/alex/ws_moveit2/install/moveit_core/lib:/home/alex/ws_moveit2/install/srdfdom/lib:/home/alex/ws_moveit2/install/pilz_industrial_motion_planner_testutils/lib:/home/alex/ws_moveit2/install/pilz_industrial_motion_planner/lib:/home/alex/ws_moveit2/install/moveit_visual_tools/lib:/home/alex/ws_moveit2/install/moveit_task_constructor_visualization/lib:/home/alex/ws_moveit2/install/moveit_task_constructor_demo/lib:/home/alex/ws_moveit2/install/moveit_task_constructor_capabilities/lib:/home/alex/ws_moveit2/install/moveit_task_constructor_core/lib:/home/alex/ws_moveit2/install/moveit_ros_control_interface/lib:/home/alex/ws_moveit2/install/moveit_simple_controller_manager/lib:/home/alex/ws_moveit2/install/moveit_setup_assistant/lib:/home/alex/ws_moveit2/install/moveit_setup_srdf_plugins/lib:/home/alex/ws_moveit2/install/moveit_setup_core_plugins/lib:/home/alex/ws_moveit2/install/moveit_setup_controllers/lib:/home/alex/ws_moveit2/install/moveit_setup_app_plugins/lib:/home/alex/ws_moveit2/install/moveit_setup_framework/lib:/home/alex/ws_moveit2/install/moveit_servo/lib:/home/alex/ws_moveit2/install/moveit_ros_visualization/lib:/home/alex/ws_moveit2/install/moveit_hybrid_planning/lib:/home/alex/ws_moveit2/install/moveit_ros_planning_interface/lib:/home/alex/ws_moveit2/install/moveit_ros_benchmarks/lib:/home/alex/ws_moveit2/install/moveit_ros_warehouse/lib:/home/alex/ws_moveit2/install/moveit_ros_robot_interaction/lib:/home/alex/ws_moveit2/install/moveit_ros_perception/lib:/home/alex/ws_moveit2/install/moveit_ros_move_group/lib:/home/alex/ws_moveit2/install/moveit_planners_ompl/lib:/home/alex/ws_moveit2/install/moveit_ros_planning/lib:/home/alex/ws_moveit2/install/moveit_resources_prbt_ikfast_manipulator_plugin/lib:/home/alex/ws_moveit2/install/moveit_planners_chomp/lib:/home/alex/ws_moveit2/install/moveit_kinematics/lib:/home/alex/ws_moveit2/install/moveit_chomp_optimizer_adapter/lib:/home/alex/ws_moveit2/install/chomp_motion_planner/lib:/home/alex/ws_moveit2/install/rviz_marker_tools/lib:/home/alex/ws_moveit2/install/rosparam_shortcuts/lib:/home/alex/ws_moveit2/install/moveit_task_constructor_msgs/lib:/opt/ros/humble/opt/rviz_ogre_vendor/lib:/opt/ros/humble/lib/x86_64-linux-gnu:/opt/ros/humble/lib /usr/bin/cmake --build /home/alex/ws_moveit2/build/moveit_ros_planning -- -j16 -l16
[0.654s] Invoking command in '/home/alex/ws_moveit2/build/moveit_ros_planning': CMAKE_PREFIX_PATH=/home/alex/ws_moveit2/install/moveit_ros_occupancy_map_monitor:/home/alex/ws_moveit2/install/moveit_core:/home/alex/ws_moveit2/install/moveit_resources_panda_moveit_config:/home/alex/ws_moveit2/install/srdfdom:/home/alex/ws_moveit2/install/moveit_resources_panda_description:/home/alex/ws_moveit2/install/moveit_common:/home/alex/ws_moveit2/install/hello_moveit:/home/alex/ws_moveit2/install/pilz_industrial_motion_planner_testutils:/home/alex/ws_moveit2/install/moveit_runtime:/home/alex/ws_moveit2/install/moveit2_tutorials:/home/alex/ws_moveit2/install/moveit:/home/alex/ws_moveit2/install/moveit_planners:/home/alex/ws_moveit2/install/pilz_industrial_motion_planner:/home/alex/ws_moveit2/install/moveit_visual_tools:/home/alex/ws_moveit2/install/moveit_task_constructor_visualization:/home/alex/ws_moveit2/install/moveit_task_constructor_demo:/home/alex/ws_moveit2/install/moveit_task_constructor_capabilities:/home/alex/ws_moveit2/install/moveit_task_constructor_core:/home/alex/ws_moveit2/install/moveit_ros_control_interface:/home/alex/ws_moveit2/install/moveit_plugins:/home/alex/ws_moveit2/install/moveit_simple_controller_manager:/home/alex/ws_moveit2/install/moveit_setup_assistant:/home/alex/ws_moveit2/install/moveit_setup_srdf_plugins:/home/alex/ws_moveit2/install/moveit_setup_core_plugins:/home/alex/ws_moveit2/install/moveit_setup_controllers:/home/alex/ws_moveit2/install/moveit_setup_app_plugins:/home/alex/ws_moveit2/install/moveit_setup_framework:/home/alex/ws_moveit2/install/moveit_servo:/home/alex/ws_moveit2/install/moveit_ros:/home/alex/ws_moveit2/install/moveit_ros_visualization:/home/alex/ws_moveit2/install/moveit_hybrid_planning:/home/alex/ws_moveit2/install/moveit_ros_planning_interface:/home/alex/ws_moveit2/install/moveit_ros_benchmarks:/home/alex/ws_moveit2/install/moveit_ros_warehouse:/home/alex/ws_moveit2/install/moveit_ros_robot_interaction:/home/alex/ws_moveit2/install/moveit_ros_perception:/home/alex/ws_moveit2/install/moveit_resources_prbt_pg70_support:/home/alex/ws_moveit2/install/moveit_resources_prbt_moveit_config:/home/alex/ws_moveit2/install/moveit_ros_move_group:/home/alex/ws_moveit2/install/moveit_planners_ompl:/home/alex/ws_moveit2/install/moveit_ros_planning:/home/alex/ws_moveit2/install/moveit_resources_prbt_ikfast_manipulator_plugin:/home/alex/ws_moveit2/install/moveit_planners_chomp:/home/alex/ws_moveit2/install/moveit_kinematics:/home/alex/ws_moveit2/install/moveit_chomp_optimizer_adapter:/home/alex/ws_moveit2/install/chomp_motion_planner:/home/alex/ws_moveit2/install/rviz_marker_tools:/home/alex/ws_moveit2/install/rosparam_shortcuts:/home/alex/ws_moveit2/install/moveit_task_constructor_msgs:/home/alex/ws_moveit2/install/moveit_resources_prbt_support:/home/alex/ws_moveit2/install/moveit_resources:/home/alex/ws_moveit2/install/moveit_resources_pr2_description:/home/alex/ws_moveit2/install/moveit_resources_fanuc_moveit_config:/home/alex/ws_moveit2/install/moveit_resources_fanuc_description:/home/alex/ws_moveit2/install/moveit_configs_utils:/home/alex/ws_moveit2/install/launch_param_builder:/opt/ros/humble LD_LIBRARY_PATH=/home/alex/ws_moveit2/install/moveit_ros_occupancy_map_monitor/lib:/home/alex/ws_moveit2/install/moveit_core/lib:/home/alex/ws_moveit2/install/srdfdom/lib:/home/alex/ws_moveit2/install/pilz_industrial_motion_planner_testutils/lib:/home/alex/ws_moveit2/install/pilz_industrial_motion_planner/lib:/home/alex/ws_moveit2/install/moveit_visual_tools/lib:/home/alex/ws_moveit2/install/moveit_task_constructor_visualization/lib:/home/alex/ws_moveit2/install/moveit_task_constructor_demo/lib:/home/alex/ws_moveit2/install/moveit_task_constructor_capabilities/lib:/home/alex/ws_moveit2/install/moveit_task_constructor_core/lib:/home/alex/ws_moveit2/install/moveit_ros_control_interface/lib:/home/alex/ws_moveit2/install/moveit_simple_controller_manager/lib:/home/alex/ws_moveit2/install/moveit_setup_assistant/lib:/home/alex/ws_moveit2/install/moveit_setup_srdf_plugins/lib:/home/alex/ws_moveit2/install/moveit_setup_core_plugins/lib:/home/alex/ws_moveit2/install/moveit_setup_controllers/lib:/home/alex/ws_moveit2/install/moveit_setup_app_plugins/lib:/home/alex/ws_moveit2/install/moveit_setup_framework/lib:/home/alex/ws_moveit2/install/moveit_servo/lib:/home/alex/ws_moveit2/install/moveit_ros_visualization/lib:/home/alex/ws_moveit2/install/moveit_hybrid_planning/lib:/home/alex/ws_moveit2/install/moveit_ros_planning_interface/lib:/home/alex/ws_moveit2/install/moveit_ros_benchmarks/lib:/home/alex/ws_moveit2/install/moveit_ros_warehouse/lib:/home/alex/ws_moveit2/install/moveit_ros_robot_interaction/lib:/home/alex/ws_moveit2/install/moveit_ros_perception/lib:/home/alex/ws_moveit2/install/moveit_ros_move_group/lib:/home/alex/ws_moveit2/install/moveit_planners_ompl/lib:/home/alex/ws_moveit2/install/moveit_ros_planning/lib:/home/alex/ws_moveit2/install/moveit_resources_prbt_ikfast_manipulator_plugin/lib:/home/alex/ws_moveit2/install/moveit_planners_chomp/lib:/home/alex/ws_moveit2/install/moveit_kinematics/lib:/home/alex/ws_moveit2/install/moveit_chomp_optimizer_adapter/lib:/home/alex/ws_moveit2/install/chomp_motion_planner/lib:/home/alex/ws_moveit2/install/rviz_marker_tools/lib:/home/alex/ws_moveit2/install/rosparam_shortcuts/lib:/home/alex/ws_moveit2/install/moveit_task_constructor_msgs/lib:/opt/ros/humble/opt/rviz_ogre_vendor/lib:/opt/ros/humble/lib/x86_64-linux-gnu:/opt/ros/humble/lib /usr/bin/cmake --install /home/alex/ws_moveit2/build/moveit_ros_planning
[0.665s] -- Install configuration: "Release"
[0.666s] -- Up-to-date: /home/alex/ws_moveit2/install/moveit_ros_planning/include
[0.666s] -- Up-to-date: /home/alex/ws_moveit2/install/moveit_ros_planning/include/moveit
[0.666s] -- Up-to-date: /home/alex/ws_moveit2/install/moveit_ros_planning/include/moveit/rdf_loader
[0.666s] -- Up-to-date: /home/alex/ws_moveit2/install/moveit_ros_planning/include/moveit/rdf_loader/synchronized_string_parameter.h
[0.666s] -- Up-to-date: /home/alex/ws_moveit2/install/moveit_ros_planning/include/moveit/rdf_loader/rdf_loader.h
[0.666s] -- Up-to-date: /home/alex/ws_moveit2/install/moveit_ros_planning/share/moveit_ros_planning/rdf_loader/test/data
[0.666s] -- Up-to-date: /home/alex/ws_moveit2/install/moveit_ros_planning/share/moveit_ros_planning/rdf_loader/test/data/gonzo.urdf
[0.666s] -- Up-to-date: /home/alex/ws_moveit2/install/moveit_ros_planning/share/moveit_ros_planning/rdf_loader/test/data/gonzo.srdf
[0.666s] -- Up-to-date: /home/alex/ws_moveit2/install/moveit_ros_planning/share/moveit_ros_planning/rdf_loader/test/data/robin.srdf.xacro
[0.666s] -- Up-to-date: /home/alex/ws_moveit2/install/moveit_ros_planning/share/moveit_ros_planning/rdf_loader/test/data/kermit.urdf
[0.666s] -- Up-to-date: /home/alex/ws_moveit2/install/moveit_ros_planning/share/moveit_ros_planning/rdf_loader/test/data/kermit.srdf
[0.666s] -- Up-to-date: /home/alex/ws_moveit2/install/moveit_ros_planning/share/moveit_ros_planning/rdf_loader/test/launch
[0.666s] -- Up-to-date: /home/alex/ws_moveit2/install/moveit_ros_planning/share/moveit_ros_planning/rdf_loader/test/launch/test_rdf_integration.test.py
[0.667s] -- Up-to-date: /home/alex/ws_moveit2/install/moveit_ros_planning/include
[0.667s] -- Up-to-date: /home/alex/ws_moveit2/install/moveit_ros_planning/include/moveit
[0.667s] -- Up-to-date: /home/alex/ws_moveit2/install/moveit_ros_planning/include/moveit/collision_plugin_loader
[0.667s] -- Up-to-date: /home/alex/ws_moveit2/install/moveit_ros_planning/include/moveit/collision_plugin_loader/collision_plugin_loader.h
[0.667s] -- Up-to-date: /home/alex/ws_moveit2/install/moveit_ros_planning/include
[0.667s] -- Up-to-date: /home/alex/ws_moveit2/install/moveit_ros_planning/include/moveit
[0.667s] -- Up-to-date: /home/alex/ws_moveit2/install/moveit_ros_planning/include/moveit/kinematics_plugin_loader
[0.667s] -- Up-to-date: /home/alex/ws_moveit2/install/moveit_ros_planning/include/moveit/kinematics_plugin_loader/kinematics_plugin_loader.h
[0.667s] -- Up-to-date: /home/alex/ws_moveit2/install/moveit_ros_planning/include
[0.667s] -- Up-to-date: /home/alex/ws_moveit2/install/moveit_ros_planning/include/moveit
[0.667s] -- Up-to-date: /home/alex/ws_moveit2/install/moveit_ros_planning/include/moveit/robot_model_loader
[0.667s] -- Up-to-date: /home/alex/ws_moveit2/install/moveit_ros_planning/include/moveit/robot_model_loader/robot_model_loader.h
[0.667s] -- Up-to-date: /home/alex/ws_moveit2/install/moveit_ros_planning/include
[0.667s] -- Up-to-date: /home/alex/ws_moveit2/install/moveit_ros_planning/include/moveit
[0.667s] -- Up-to-date: /home/alex/ws_moveit2/install/moveit_ros_planning/include/moveit/constraint_sampler_manager_loader
[0.667s] -- Up-to-date: /home/alex/ws_moveit2/install/moveit_ros_planning/include/moveit/constraint_sampler_manager_loader/constraint_sampler_manager_loader.h
[0.667s] -- Up-to-date: /home/alex/ws_moveit2/install/moveit_ros_planning/include
[0.667s] -- Up-to-date: /home/alex/ws_moveit2/install/moveit_ros_planning/include/moveit
[0.667s] -- Up-to-date: /home/alex/ws_moveit2/install/moveit_ros_planning/include/moveit/planning_pipeline
[0.667s] -- Up-to-date: /home/alex/ws_moveit2/install/moveit_ros_planning/include/moveit/planning_pipeline/planning_pipeline.h
[0.667s] -- Up-to-date: /home/alex/ws_moveit2/install/moveit_ros_planning/include/moveit_planning_pipeline_export.h
[0.667s] -- Up-to-date: /home/alex/ws_moveit2/install/moveit_ros_planning/lib/moveit_ros_planning/moveit_list_request_adapter_plugins
[0.667s] -- Up-to-date: /home/alex/ws_moveit2/install/moveit_ros_planning/lib/moveit_ros_planning/demo_scene
[0.668s] -- Up-to-date: /home/alex/ws_moveit2/install/moveit_ros_planning/include
[0.668s] -- Up-to-date: /home/alex/ws_moveit2/install/moveit_ros_planning/include/moveit
[0.668s] -- Up-to-date: /home/alex/ws_moveit2/install/moveit_ros_planning/include/moveit/planning_scene_monitor
[0.668s] -- Up-to-date: /home/alex/ws_moveit2/install/moveit_ros_planning/include/moveit/planning_scene_monitor/planning_scene_monitor.h
[0.668s] -- Up-to-date: /home/alex/ws_moveit2/install/moveit_ros_planning/include/moveit/planning_scene_monitor/current_state_monitor_middleware_handle.hpp
[0.668s] -- Up-to-date: /home/alex/ws_moveit2/install/moveit_ros_planning/include/moveit/planning_scene_monitor/trajectory_monitor.h
[0.668s] -- Up-to-date: /home/alex/ws_moveit2/install/moveit_ros_planning/include/moveit/planning_scene_monitor/trajectory_monitor_middleware_handle.hpp
[0.668s] -- Up-to-date: /home/alex/ws_moveit2/install/moveit_ros_planning/include/moveit/planning_scene_monitor/current_state_monitor.h
[0.668s] -- Up-to-date: /home/alex/ws_moveit2/install/moveit_ros_planning/include/moveit_planning_scene_monitor_export.h
[0.668s] -- Up-to-date: /home/alex/ws_moveit2/install/moveit_ros_planning/lib/moveit_ros_planning/moveit_print_planning_model_info
[0.668s] -- Up-to-date: /home/alex/ws_moveit2/install/moveit_ros_planning/lib/moveit_ros_planning/moveit_print_planning_scene_info
[0.669s] -- Up-to-date: /home/alex/ws_moveit2/install/moveit_ros_planning/lib/moveit_ros_planning/moveit_display_random_state
[0.669s] -- Up-to-date: /home/alex/ws_moveit2/install/moveit_ros_planning/lib/moveit_ros_planning/moveit_visualize_robot_collision_volume
[0.669s] -- Up-to-date: /home/alex/ws_moveit2/install/moveit_ros_planning/lib/moveit_ros_planning/moveit_evaluate_collision_checking_speed
[0.669s] -- Up-to-date: /home/alex/ws_moveit2/install/moveit_ros_planning/lib/moveit_ros_planning/moveit_publish_scene_from_text
[0.669s] -- Up-to-date: /home/alex/ws_moveit2/install/moveit_ros_planning/include
[0.669s] -- Up-to-date: /home/alex/ws_moveit2/install/moveit_ros_planning/include/moveit
[0.670s] -- Up-to-date: /home/alex/ws_moveit2/install/moveit_ros_planning/include/moveit/trajectory_execution_manager
[0.670s] -- Up-to-date: /home/alex/ws_moveit2/install/moveit_ros_planning/include/moveit/trajectory_execution_manager/trajectory_execution_manager.h
[0.670s] -- Up-to-date: /home/alex/ws_moveit2/install/moveit_ros_planning/include/moveit_trajectory_execution_manager_export.h
[0.670s] -- Up-to-date: /home/alex/ws_moveit2/install/moveit_ros_planning/include
[0.670s] -- Up-to-date: /home/alex/ws_moveit2/install/moveit_ros_planning/include/moveit
[0.670s] -- Up-to-date: /home/alex/ws_moveit2/install/moveit_ros_planning/include/moveit/plan_execution
[0.670s] -- Up-to-date: /home/alex/ws_moveit2/install/moveit_ros_planning/include/moveit/plan_execution/plan_execution.h
[0.670s] -- Up-to-date: /home/alex/ws_moveit2/install/moveit_ros_planning/include/moveit/plan_execution/plan_representation.h
[0.670s] -- Up-to-date: /home/alex/ws_moveit2/install/moveit_ros_planning/include
[0.670s] -- Up-to-date: /home/alex/ws_moveit2/install/moveit_ros_planning/include/moveit
[0.670s] -- Up-to-date: /home/alex/ws_moveit2/install/moveit_ros_planning/include/moveit/moveit_cpp
[0.670s] -- Up-to-date: /home/alex/ws_moveit2/install/moveit_ros_planning/include/moveit/moveit_cpp/planning_component.h
[0.670s] -- Up-to-date: /home/alex/ws_moveit2/install/moveit_ros_planning/include/moveit/moveit_cpp/moveit_cpp.h
[0.670s] -- Up-to-date: /home/alex/ws_moveit2/install/moveit_ros_planning/lib/libmoveit_rdf_loader.so.2.5.5
[0.670s] -- Up-to-date: /home/alex/ws_moveit2/install/moveit_ros_planning/lib/libmoveit_rdf_loader.so
[0.670s] -- Up-to-date: /home/alex/ws_moveit2/install/moveit_ros_planning/lib/libmoveit_kinematics_plugin_loader.so.2.5.5
[0.670s] -- Up-to-date: /home/alex/ws_moveit2/install/moveit_ros_planning/lib/libmoveit_kinematics_plugin_loader.so
[0.671s] -- Up-to-date: /home/alex/ws_moveit2/install/moveit_ros_planning/lib/libmoveit_robot_model_loader.so.2.5.5
[0.671s] -- Up-to-date: /home/alex/ws_moveit2/install/moveit_ros_planning/lib/libmoveit_robot_model_loader.so
[0.671s] -- Up-to-date: /home/alex/ws_moveit2/install/moveit_ros_planning/lib/libmoveit_constraint_sampler_manager_loader.so.2.5.5
[0.671s] -- Up-to-date: /home/alex/ws_moveit2/install/moveit_ros_planning/lib/libmoveit_constraint_sampler_manager_loader.so
[0.671s] -- Up-to-date: /home/alex/ws_moveit2/install/moveit_ros_planning/lib/libmoveit_planning_pipeline.so.2.5.5
[0.671s] -- Up-to-date: /home/alex/ws_moveit2/install/moveit_ros_planning/lib/libmoveit_planning_pipeline.so
[0.671s] -- Up-to-date: /home/alex/ws_moveit2/install/moveit_ros_planning/lib/libmoveit_trajectory_execution_manager.so.2.5.5
[0.672s] -- Up-to-date: /home/alex/ws_moveit2/install/moveit_ros_planning/lib/libmoveit_trajectory_execution_manager.so
[0.672s] -- Up-to-date: /home/alex/ws_moveit2/install/moveit_ros_planning/lib/libmoveit_plan_execution.so.2.5.5
[0.672s] -- Up-to-date: /home/alex/ws_moveit2/install/moveit_ros_planning/lib/libmoveit_plan_execution.so
[0.672s] -- Up-to-date: /home/alex/ws_moveit2/install/moveit_ros_planning/lib/libmoveit_planning_scene_monitor.so.2.5.5
[0.672s] -- Up-to-date: /home/alex/ws_moveit2/install/moveit_ros_planning/lib/libmoveit_planning_scene_monitor.so
[0.672s] -- Up-to-date: /home/alex/ws_moveit2/install/moveit_ros_planning/lib/libmoveit_collision_plugin_loader.so.2.5.5
[0.672s] -- Up-to-date: /home/alex/ws_moveit2/install/moveit_ros_planning/lib/libmoveit_collision_plugin_loader.so
[0.673s] -- Up-to-date: /home/alex/ws_moveit2/install/moveit_ros_planning/lib/libmoveit_default_planning_request_adapter_plugins.so.2.5.5
[0.673s] -- Up-to-date: /home/alex/ws_moveit2/install/moveit_ros_planning/lib/libmoveit_default_planning_request_adapter_plugins.so
[0.673s] -- Up-to-date: /home/alex/ws_moveit2/install/moveit_ros_planning/lib/libmoveit_cpp.so.2.5.5
[0.673s] -- Up-to-date: /home/alex/ws_moveit2/install/moveit_ros_planning/lib/libmoveit_cpp.so
[0.673s] -- Up-to-date: /home/alex/ws_moveit2/install/moveit_ros_planning/share/moveit_ros_planning/environment/library_path.sh
[0.673s] -- Up-to-date: /home/alex/ws_moveit2/install/moveit_ros_planning/share/moveit_ros_planning/environment/library_path.dsv
[0.673s] -- Up-to-date: /home/alex/ws_moveit2/install/moveit_ros_planning/share/moveit_ros_planning/planning_request_adapters_plugin_description.xml
[0.673s] -- Up-to-date: /home/alex/ws_moveit2/install/moveit_ros_planning/share/ament_index/resource_index/package_run_dependencies/moveit_ros_planning
[0.673s] -- Up-to-date: /home/alex/ws_moveit2/install/moveit_ros_planning/share/ament_index/resource_index/parent_prefix_path/moveit_ros_planning
[0.673s] -- Up-to-date: /home/alex/ws_moveit2/install/moveit_ros_planning/share/moveit_ros_planning/environment/ament_prefix_path.sh
[0.673s] -- Up-to-date: /home/alex/ws_moveit2/install/moveit_ros_planning/share/moveit_ros_planning/environment/ament_prefix_path.dsv
[0.673s] -- Up-to-date: /home/alex/ws_moveit2/install/moveit_ros_planning/share/moveit_ros_planning/environment/path.sh
[0.674s] -- Up-to-date: /home/alex/ws_moveit2/install/moveit_ros_planning/share/moveit_ros_planning/environment/path.dsv
[0.674s] -- Up-to-date: /home/alex/ws_moveit2/install/moveit_ros_planning/share/moveit_ros_planning/local_setup.bash
[0.674s] -- Up-to-date: /home/alex/ws_moveit2/install/moveit_ros_planning/share/moveit_ros_planning/local_setup.sh
[0.674s] -- Up-to-date: /home/alex/ws_moveit2/install/moveit_ros_planning/share/moveit_ros_planning/local_setup.zsh
[0.674s] -- Up-to-date: /home/alex/ws_moveit2/install/moveit_ros_planning/share/moveit_ros_planning/local_setup.dsv
[0.674s] -- Installing: /home/alex/ws_moveit2/install/moveit_ros_planning/share/moveit_ros_planning/package.dsv
[0.674s] -- Up-to-date: /home/alex/ws_moveit2/install/moveit_ros_planning/share/ament_index/resource_index/packages/moveit_ros_planning
[0.674s] -- Up-to-date: /home/alex/ws_moveit2/install/moveit_ros_planning/share/ament_index/resource_index/moveit_core__pluginlib__plugin/moveit_ros_planning
[0.674s] -- Up-to-date: /home/alex/ws_moveit2/install/moveit_ros_planning/share/moveit_ros_planning/cmake/export_moveit_ros_planningExport.cmake
[0.674s] -- Up-to-date: /home/alex/ws_moveit2/install/moveit_ros_planning/share/moveit_ros_planning/cmake/export_moveit_ros_planningExport-release.cmake
[0.674s] -- Up-to-date: /home/alex/ws_moveit2/install/moveit_ros_planning/share/moveit_ros_planning/cmake/ConfigExtras.cmake
[0.674s] -- Up-to-date: /home/alex/ws_moveit2/install/moveit_ros_planning/share/moveit_ros_planning/cmake/ament_cmake_export_targets-extras.cmake
[0.674s] -- Up-to-date: /home/alex/ws_moveit2/install/moveit_ros_planning/share/moveit_ros_planning/cmake/ament_cmake_export_dependencies-extras.cmake
[0.674s] -- Up-to-date: /home/alex/ws_moveit2/install/moveit_ros_planning/share/moveit_ros_planning/cmake/moveit_ros_planningConfig.cmake
[0.674s] -- Up-to-date: /home/alex/ws_moveit2/install/moveit_ros_planning/share/moveit_ros_planning/cmake/moveit_ros_planningConfig-version.cmake
[0.674s] -- Up-to-date: /home/alex/ws_moveit2/install/moveit_ros_planning/share/moveit_ros_planning/package.xml
[0.676s] Invoked command in '/home/alex/ws_moveit2/build/moveit_ros_planning' returned '0': CMAKE_PREFIX_PATH=/home/alex/ws_moveit2/install/moveit_ros_occupancy_map_monitor:/home/alex/ws_moveit2/install/moveit_core:/home/alex/ws_moveit2/install/moveit_resources_panda_moveit_config:/home/alex/ws_moveit2/install/srdfdom:/home/alex/ws_moveit2/install/moveit_resources_panda_description:/home/alex/ws_moveit2/install/moveit_common:/home/alex/ws_moveit2/install/hello_moveit:/home/alex/ws_moveit2/install/pilz_industrial_motion_planner_testutils:/home/alex/ws_moveit2/install/moveit_runtime:/home/alex/ws_moveit2/install/moveit2_tutorials:/home/alex/ws_moveit2/install/moveit:/home/alex/ws_moveit2/install/moveit_planners:/home/alex/ws_moveit2/install/pilz_industrial_motion_planner:/home/alex/ws_moveit2/install/moveit_visual_tools:/home/alex/ws_moveit2/install/moveit_task_constructor_visualization:/home/alex/ws_moveit2/install/moveit_task_constructor_demo:/home/alex/ws_moveit2/install/moveit_task_constructor_capabilities:/home/alex/ws_moveit2/install/moveit_task_constructor_core:/home/alex/ws_moveit2/install/moveit_ros_control_interface:/home/alex/ws_moveit2/install/moveit_plugins:/home/alex/ws_moveit2/install/moveit_simple_controller_manager:/home/alex/ws_moveit2/install/moveit_setup_assistant:/home/alex/ws_moveit2/install/moveit_setup_srdf_plugins:/home/alex/ws_moveit2/install/moveit_setup_core_plugins:/home/alex/ws_moveit2/install/moveit_setup_controllers:/home/alex/ws_moveit2/install/moveit_setup_app_plugins:/home/alex/ws_moveit2/install/moveit_setup_framework:/home/alex/ws_moveit2/install/moveit_servo:/home/alex/ws_moveit2/install/moveit_ros:/home/alex/ws_moveit2/install/moveit_ros_visualization:/home/alex/ws_moveit2/install/moveit_hybrid_planning:/home/alex/ws_moveit2/install/moveit_ros_planning_interface:/home/alex/ws_moveit2/install/moveit_ros_benchmarks:/home/alex/ws_moveit2/install/moveit_ros_warehouse:/home/alex/ws_moveit2/install/moveit_ros_robot_interaction:/home/alex/ws_moveit2/install/moveit_ros_perception:/home/alex/ws_moveit2/install/moveit_resources_prbt_pg70_support:/home/alex/ws_moveit2/install/moveit_resources_prbt_moveit_config:/home/alex/ws_moveit2/install/moveit_ros_move_group:/home/alex/ws_moveit2/install/moveit_planners_ompl:/home/alex/ws_moveit2/install/moveit_ros_planning:/home/alex/ws_moveit2/install/moveit_resources_prbt_ikfast_manipulator_plugin:/home/alex/ws_moveit2/install/moveit_planners_chomp:/home/alex/ws_moveit2/install/moveit_kinematics:/home/alex/ws_moveit2/install/moveit_chomp_optimizer_adapter:/home/alex/ws_moveit2/install/chomp_motion_planner:/home/alex/ws_moveit2/install/rviz_marker_tools:/home/alex/ws_moveit2/install/rosparam_shortcuts:/home/alex/ws_moveit2/install/moveit_task_constructor_msgs:/home/alex/ws_moveit2/install/moveit_resources_prbt_support:/home/alex/ws_moveit2/install/moveit_resources:/home/alex/ws_moveit2/install/moveit_resources_pr2_description:/home/alex/ws_moveit2/install/moveit_resources_fanuc_moveit_config:/home/alex/ws_moveit2/install/moveit_resources_fanuc_description:/home/alex/ws_moveit2/install/moveit_configs_utils:/home/alex/ws_moveit2/install/launch_param_builder:/opt/ros/humble LD_LIBRARY_PATH=/home/alex/ws_moveit2/install/moveit_ros_occupancy_map_monitor/lib:/home/alex/ws_moveit2/install/moveit_core/lib:/home/alex/ws_moveit2/install/srdfdom/lib:/home/alex/ws_moveit2/install/pilz_industrial_motion_planner_testutils/lib:/home/alex/ws_moveit2/install/pilz_industrial_motion_planner/lib:/home/alex/ws_moveit2/install/moveit_visual_tools/lib:/home/alex/ws_moveit2/install/moveit_task_constructor_visualization/lib:/home/alex/ws_moveit2/install/moveit_task_constructor_demo/lib:/home/alex/ws_moveit2/install/moveit_task_constructor_capabilities/lib:/home/alex/ws_moveit2/install/moveit_task_constructor_core/lib:/home/alex/ws_moveit2/install/moveit_ros_control_interface/lib:/home/alex/ws_moveit2/install/moveit_simple_controller_manager/lib:/home/alex/ws_moveit2/install/moveit_setup_assistant/lib:/home/alex/ws_moveit2/install/moveit_setup_srdf_plugins/lib:/home/alex/ws_moveit2/install/moveit_setup_core_plugins/lib:/home/alex/ws_moveit2/install/moveit_setup_controllers/lib:/home/alex/ws_moveit2/install/moveit_setup_app_plugins/lib:/home/alex/ws_moveit2/install/moveit_setup_framework/lib:/home/alex/ws_moveit2/install/moveit_servo/lib:/home/alex/ws_moveit2/install/moveit_ros_visualization/lib:/home/alex/ws_moveit2/install/moveit_hybrid_planning/lib:/home/alex/ws_moveit2/install/moveit_ros_planning_interface/lib:/home/alex/ws_moveit2/install/moveit_ros_benchmarks/lib:/home/alex/ws_moveit2/install/moveit_ros_warehouse/lib:/home/alex/ws_moveit2/install/moveit_ros_robot_interaction/lib:/home/alex/ws_moveit2/install/moveit_ros_perception/lib:/home/alex/ws_moveit2/install/moveit_ros_move_group/lib:/home/alex/ws_moveit2/install/moveit_planners_ompl/lib:/home/alex/ws_moveit2/install/moveit_ros_planning/lib:/home/alex/ws_moveit2/install/moveit_resources_prbt_ikfast_manipulator_plugin/lib:/home/alex/ws_moveit2/install/moveit_planners_chomp/lib:/home/alex/ws_moveit2/install/moveit_kinematics/lib:/home/alex/ws_moveit2/install/moveit_chomp_optimizer_adapter/lib:/home/alex/ws_moveit2/install/chomp_motion_planner/lib:/home/alex/ws_moveit2/install/rviz_marker_tools/lib:/home/alex/ws_moveit2/install/rosparam_shortcuts/lib:/home/alex/ws_moveit2/install/moveit_task_constructor_msgs/lib:/opt/ros/humble/opt/rviz_ogre_vendor/lib:/opt/ros/humble/lib/x86_64-linux-gnu:/opt/ros/humble/lib /usr/bin/cmake --install /home/alex/ws_moveit2/build/moveit_ros_planning
