[0.239s] DEBUG:colcon:Command line arguments: ['/usr/bin/colcon', 'build']
[0.239s] DEBUG:colcon:Parsed command line arguments: Namespace(log_base=None, log_level=None, verb_name='build', build_base='build', install_base='install', merge_install=False, symlink_install=False, test_result_base=None, continue_on_error=False, executor='parallel', parallel_workers=4, event_handlers=None, ignore_user_meta=False, metas=['./colcon.meta'], base_paths=['.'], packages_ignore=None, packages_ignore_regex=None, paths=None, packages_up_to=None, packages_up_to_regex=None, packages_above=None, packages_above_and_dependencies=None, packages_above_depth=None, packages_select_by_dep=None, packages_skip_by_dep=None, packages_skip_up_to=None, packages_select_build_failed=False, packages_skip_build_finished=False, packages_select_test_failures=False, packages_skip_test_passed=False, packages_select=None, packages_skip=None, packages_select_regex=None, packages_skip_regex=None, packages_start=None, packages_end=None, allow_overriding=[], cmake_args=None, cmake_target=None, cmake_target_skip_unavailable=False, cmake_clean_cache=False, cmake_clean_first=False, cmake_force_configure=False, ament_cmake_args=None, catkin_cmake_args=None, catkin_skip_building_tests=False, mixin_files=None, mixin=None, verb_parser=<colcon_mixin.mixin.mixin_argument.MixinArgumentDecorator object at 0xffff85f22da0>, verb_extension=<colcon_core.verb.build.BuildVerb object at 0xffff85f22770>, main=<bound method BuildVerb.main of <colcon_core.verb.build.BuildVerb object at 0xffff85f22770>>, mixin_verb=('build',))
[0.609s] Level 1:colcon.colcon_core.package_discovery:discover_packages(colcon_meta) check parameters
[0.609s] Level 1:colcon.colcon_core.package_discovery:discover_packages(recursive) check parameters
[0.610s] Level 1:colcon.colcon_core.package_discovery:discover_packages(ignore) check parameters
[0.610s] Level 1:colcon.colcon_core.package_discovery:discover_packages(path) check parameters
[0.610s] Level 1:colcon.colcon_core.package_discovery:discover_packages(colcon_meta) discover
[0.610s] Level 1:colcon.colcon_core.package_discovery:discover_packages(recursive) discover
[0.610s] INFO:colcon.colcon_core.package_discovery:Crawling recursively for packages in '/home/autopilot/ws/restackcell/ws_moveit2'
[0.610s] Level 1:colcon.colcon_core.package_identification:_identify(.) by extensions ['ignore', 'ignore_ament_install']
[0.610s] Level 1:colcon.colcon_core.package_identification:_identify(.) by extension 'ignore'
[0.611s] Level 1:colcon.colcon_core.package_identification:_identify(.) by extension 'ignore_ament_install'
[0.611s] Level 1:colcon.colcon_core.package_identification:_identify(.) by extensions ['colcon_pkg']
[0.611s] Level 1:colcon.colcon_core.package_identification:_identify(.) by extension 'colcon_pkg'
[0.611s] Level 1:colcon.colcon_core.package_identification:_identify(.) by extensions ['colcon_meta']
[0.611s] Level 1:colcon.colcon_core.package_identification:_identify(.) by extension 'colcon_meta'
[0.611s] Level 1:colcon.colcon_core.package_identification:_identify(.) by extensions ['ros']
[0.611s] Level 1:colcon.colcon_core.package_identification:_identify(.) by extension 'ros'
[0.636s] Level 1:colcon.colcon_core.package_identification:_identify(.) by extensions ['cmake', 'python']
[0.636s] Level 1:colcon.colcon_core.package_identification:_identify(.) by extension 'cmake'
[0.636s] Level 1:colcon.colcon_core.package_identification:_identify(.) by extension 'python'
[0.637s] Level 1:colcon.colcon_core.package_identification:_identify(.) by extensions ['python_setup_py']
[0.637s] Level 1:colcon.colcon_core.package_identification:_identify(.) by extension 'python_setup_py'
[0.637s] Level 1:colcon.colcon_core.package_identification:_identify(build) by extensions ['ignore', 'ignore_ament_install']
[0.637s] Level 1:colcon.colcon_core.package_identification:_identify(build) by extension 'ignore'
[0.637s] Level 1:colcon.colcon_core.package_identification:_identify(build) ignored
[0.638s] Level 1:colcon.colcon_core.package_identification:_identify(install) by extensions ['ignore', 'ignore_ament_install']
[0.638s] Level 1:colcon.colcon_core.package_identification:_identify(install) by extension 'ignore'
[0.638s] Level 1:colcon.colcon_core.package_identification:_identify(install) ignored
[0.638s] Level 1:colcon.colcon_core.package_identification:_identify(log) by extensions ['ignore', 'ignore_ament_install']
[0.638s] Level 1:colcon.colcon_core.package_identification:_identify(log) by extension 'ignore'
[0.639s] Level 1:colcon.colcon_core.package_identification:_identify(log) ignored
[0.639s] Level 1:colcon.colcon_core.package_identification:_identify(src) by extensions ['ignore', 'ignore_ament_install']
[0.639s] Level 1:colcon.colcon_core.package_identification:_identify(src) by extension 'ignore'
[0.639s] Level 1:colcon.colcon_core.package_identification:_identify(src) by extension 'ignore_ament_install'
[0.639s] Level 1:colcon.colcon_core.package_identification:_identify(src) by extensions ['colcon_pkg']
[0.639s] Level 1:colcon.colcon_core.package_identification:_identify(src) by extension 'colcon_pkg'
[0.639s] Level 1:colcon.colcon_core.package_identification:_identify(src) by extensions ['colcon_meta']
[0.640s] Level 1:colcon.colcon_core.package_identification:_identify(src) by extension 'colcon_meta'
[0.640s] Level 1:colcon.colcon_core.package_identification:_identify(src) by extensions ['ros']
[0.640s] Level 1:colcon.colcon_core.package_identification:_identify(src) by extension 'ros'
[0.640s] Level 1:colcon.colcon_core.package_identification:_identify(src) by extensions ['cmake', 'python']
[0.640s] Level 1:colcon.colcon_core.package_identification:_identify(src) by extension 'cmake'
[0.640s] Level 1:colcon.colcon_core.package_identification:_identify(src) by extension 'python'
[0.640s] Level 1:colcon.colcon_core.package_identification:_identify(src) by extensions ['python_setup_py']
[0.640s] Level 1:colcon.colcon_core.package_identification:_identify(src) by extension 'python_setup_py'
[0.640s] Level 1:colcon.colcon_core.package_identification:_identify(src/grid_snapper) by extensions ['ignore', 'ignore_ament_install']
[0.641s] Level 1:colcon.colcon_core.package_identification:_identify(src/grid_snapper) by extension 'ignore'
[0.641s] Level 1:colcon.colcon_core.package_identification:_identify(src/grid_snapper) by extension 'ignore_ament_install'
[0.641s] Level 1:colcon.colcon_core.package_identification:_identify(src/grid_snapper) by extensions ['colcon_pkg']
[0.641s] Level 1:colcon.colcon_core.package_identification:_identify(src/grid_snapper) by extension 'colcon_pkg'
[0.641s] Level 1:colcon.colcon_core.package_identification:_identify(src/grid_snapper) by extensions ['colcon_meta']
[0.641s] Level 1:colcon.colcon_core.package_identification:_identify(src/grid_snapper) by extension 'colcon_meta'
[0.641s] Level 1:colcon.colcon_core.package_identification:_identify(src/grid_snapper) by extensions ['ros']
[0.641s] Level 1:colcon.colcon_core.package_identification:_identify(src/grid_snapper) by extension 'ros'
[0.646s] DEBUG:colcon.colcon_core.package_identification:Package 'src/grid_snapper' with type 'ros.ament_python' and name 'grid_snapper'
[0.647s] Level 1:colcon.colcon_core.package_identification:_identify(src/interface_opcua) by extensions ['ignore', 'ignore_ament_install']
[0.647s] Level 1:colcon.colcon_core.package_identification:_identify(src/interface_opcua) by extension 'ignore'
[0.647s] Level 1:colcon.colcon_core.package_identification:_identify(src/interface_opcua) by extension 'ignore_ament_install'
[0.647s] Level 1:colcon.colcon_core.package_identification:_identify(src/interface_opcua) by extensions ['colcon_pkg']
[0.647s] Level 1:colcon.colcon_core.package_identification:_identify(src/interface_opcua) by extension 'colcon_pkg'
[0.647s] Level 1:colcon.colcon_core.package_identification:_identify(src/interface_opcua) by extensions ['colcon_meta']
[0.648s] Level 1:colcon.colcon_core.package_identification:_identify(src/interface_opcua) by extension 'colcon_meta'
[0.648s] Level 1:colcon.colcon_core.package_identification:_identify(src/interface_opcua) by extensions ['ros']
[0.648s] Level 1:colcon.colcon_core.package_identification:_identify(src/interface_opcua) by extension 'ros'
[0.649s] DEBUG:colcon.colcon_core.package_identification:Package 'src/interface_opcua' with type 'ros.ament_python' and name 'interface_opcua'
[0.649s] Level 1:colcon.colcon_core.package_identification:_identify(src/mockup_robot) by extensions ['ignore', 'ignore_ament_install']
[0.650s] Level 1:colcon.colcon_core.package_identification:_identify(src/mockup_robot) by extension 'ignore'
[0.650s] Level 1:colcon.colcon_core.package_identification:_identify(src/mockup_robot) by extension 'ignore_ament_install'
[0.650s] Level 1:colcon.colcon_core.package_identification:_identify(src/mockup_robot) by extensions ['colcon_pkg']
[0.650s] Level 1:colcon.colcon_core.package_identification:_identify(src/mockup_robot) by extension 'colcon_pkg'
[0.650s] Level 1:colcon.colcon_core.package_identification:_identify(src/mockup_robot) by extensions ['colcon_meta']
[0.650s] Level 1:colcon.colcon_core.package_identification:_identify(src/mockup_robot) by extension 'colcon_meta'
[0.650s] Level 1:colcon.colcon_core.package_identification:_identify(src/mockup_robot) by extensions ['ros']
[0.650s] Level 1:colcon.colcon_core.package_identification:_identify(src/mockup_robot) by extension 'ros'
[0.652s] DEBUG:colcon.colcon_core.package_identification:Package 'src/mockup_robot' with type 'ros.ament_cmake' and name 'mockup_robot'
[0.652s] Level 1:colcon.colcon_core.package_identification:_identify(src/moveit_backend) by extensions ['ignore', 'ignore_ament_install']
[0.652s] Level 1:colcon.colcon_core.package_identification:_identify(src/moveit_backend) by extension 'ignore'
[0.652s] Level 1:colcon.colcon_core.package_identification:_identify(src/moveit_backend) by extension 'ignore_ament_install'
[0.652s] Level 1:colcon.colcon_core.package_identification:_identify(src/moveit_backend) by extensions ['colcon_pkg']
[0.652s] Level 1:colcon.colcon_core.package_identification:_identify(src/moveit_backend) by extension 'colcon_pkg'
[0.652s] Level 1:colcon.colcon_core.package_identification:_identify(src/moveit_backend) by extensions ['colcon_meta']
[0.652s] Level 1:colcon.colcon_core.package_identification:_identify(src/moveit_backend) by extension 'colcon_meta'
[0.653s] Level 1:colcon.colcon_core.package_identification:_identify(src/moveit_backend) by extensions ['ros']
[0.653s] Level 1:colcon.colcon_core.package_identification:_identify(src/moveit_backend) by extension 'ros'
[0.654s] DEBUG:colcon.colcon_core.package_identification:Package 'src/moveit_backend' with type 'ros.ament_cmake' and name 'moveit_backend'
[0.654s] Level 1:colcon.colcon_core.package_identification:_identify(src/opcua-asyncio) by extensions ['ignore', 'ignore_ament_install']
[0.654s] Level 1:colcon.colcon_core.package_identification:_identify(src/opcua-asyncio) by extension 'ignore'
[0.655s] Level 1:colcon.colcon_core.package_identification:_identify(src/opcua-asyncio) by extension 'ignore_ament_install'
[0.655s] Level 1:colcon.colcon_core.package_identification:_identify(src/opcua-asyncio) by extensions ['colcon_pkg']
[0.655s] Level 1:colcon.colcon_core.package_identification:_identify(src/opcua-asyncio) by extension 'colcon_pkg'
[0.655s] Level 1:colcon.colcon_core.package_identification:_identify(src/opcua-asyncio) by extensions ['colcon_meta']
[0.655s] Level 1:colcon.colcon_core.package_identification:_identify(src/opcua-asyncio) by extension 'colcon_meta'
[0.655s] Level 1:colcon.colcon_core.package_identification:_identify(src/opcua-asyncio) by extensions ['ros']
[0.655s] Level 1:colcon.colcon_core.package_identification:_identify(src/opcua-asyncio) by extension 'ros'
[0.655s] Level 1:colcon.colcon_core.package_identification:_identify(src/opcua-asyncio) by extensions ['cmake', 'python']
[0.655s] Level 1:colcon.colcon_core.package_identification:_identify(src/opcua-asyncio) by extension 'cmake'
[0.656s] Level 1:colcon.colcon_core.package_identification:_identify(src/opcua-asyncio) by extension 'python'
[0.656s] Level 1:colcon.colcon_core.package_identification:_identify(src/opcua-asyncio) by extensions ['python_setup_py']
[0.656s] Level 1:colcon.colcon_core.package_identification:_identify(src/opcua-asyncio) by extension 'python_setup_py'
[0.656s] Level 1:colcon.colcon_core.package_identification:_identify(src/opcua_client) by extensions ['ignore', 'ignore_ament_install']
[0.656s] Level 1:colcon.colcon_core.package_identification:_identify(src/opcua_client) by extension 'ignore'
[0.656s] Level 1:colcon.colcon_core.package_identification:_identify(src/opcua_client) by extension 'ignore_ament_install'
[0.656s] Level 1:colcon.colcon_core.package_identification:_identify(src/opcua_client) by extensions ['colcon_pkg']
[0.656s] Level 1:colcon.colcon_core.package_identification:_identify(src/opcua_client) by extension 'colcon_pkg'
[0.657s] Level 1:colcon.colcon_core.package_identification:_identify(src/opcua_client) by extensions ['colcon_meta']
[0.657s] Level 1:colcon.colcon_core.package_identification:_identify(src/opcua_client) by extension 'colcon_meta'
[0.657s] Level 1:colcon.colcon_core.package_identification:_identify(src/opcua_client) by extensions ['ros']
[0.657s] Level 1:colcon.colcon_core.package_identification:_identify(src/opcua_client) by extension 'ros'
[0.658s] DEBUG:colcon.colcon_core.package_identification:Package 'src/opcua_client' with type 'ros.ament_python' and name 'opcua_client'
[0.659s] Level 1:colcon.colcon_core.package_identification:_identify(src/opcua_interfaces) by extensions ['ignore', 'ignore_ament_install']
[0.659s] Level 1:colcon.colcon_core.package_identification:_identify(src/opcua_interfaces) by extension 'ignore'
[0.659s] Level 1:colcon.colcon_core.package_identification:_identify(src/opcua_interfaces) by extension 'ignore_ament_install'
[0.659s] Level 1:colcon.colcon_core.package_identification:_identify(src/opcua_interfaces) by extensions ['colcon_pkg']
[0.659s] Level 1:colcon.colcon_core.package_identification:_identify(src/opcua_interfaces) by extension 'colcon_pkg'
[0.659s] Level 1:colcon.colcon_core.package_identification:_identify(src/opcua_interfaces) by extensions ['colcon_meta']
[0.659s] Level 1:colcon.colcon_core.package_identification:_identify(src/opcua_interfaces) by extension 'colcon_meta'
[0.659s] Level 1:colcon.colcon_core.package_identification:_identify(src/opcua_interfaces) by extensions ['ros']
[0.659s] Level 1:colcon.colcon_core.package_identification:_identify(src/opcua_interfaces) by extension 'ros'
[0.660s] DEBUG:colcon.colcon_core.package_identification:Package 'src/opcua_interfaces' with type 'ros.ament_cmake' and name 'opcua_interfaces'
[0.661s] Level 1:colcon.colcon_core.package_identification:_identify(src/robo_planner) by extensions ['ignore', 'ignore_ament_install']
[0.661s] Level 1:colcon.colcon_core.package_identification:_identify(src/robo_planner) by extension 'ignore'
[0.661s] Level 1:colcon.colcon_core.package_identification:_identify(src/robo_planner) by extension 'ignore_ament_install'
[0.661s] Level 1:colcon.colcon_core.package_identification:_identify(src/robo_planner) by extensions ['colcon_pkg']
[0.661s] Level 1:colcon.colcon_core.package_identification:_identify(src/robo_planner) by extension 'colcon_pkg'
[0.661s] Level 1:colcon.colcon_core.package_identification:_identify(src/robo_planner) by extensions ['colcon_meta']
[0.661s] Level 1:colcon.colcon_core.package_identification:_identify(src/robo_planner) by extension 'colcon_meta'
[0.661s] Level 1:colcon.colcon_core.package_identification:_identify(src/robo_planner) by extensions ['ros']
[0.662s] Level 1:colcon.colcon_core.package_identification:_identify(src/robo_planner) by extension 'ros'
[0.664s] DEBUG:colcon.colcon_core.package_identification:Package 'src/robo_planner' with type 'ros.ament_cmake' and name 'robo_planner'
[0.664s] Level 1:colcon.colcon_core.package_identification:_identify(src/robo_planner_msgs) by extensions ['ignore', 'ignore_ament_install']
[0.665s] Level 1:colcon.colcon_core.package_identification:_identify(src/robo_planner_msgs) by extension 'ignore'
[0.665s] Level 1:colcon.colcon_core.package_identification:_identify(src/robo_planner_msgs) by extension 'ignore_ament_install'
[0.665s] Level 1:colcon.colcon_core.package_identification:_identify(src/robo_planner_msgs) by extensions ['colcon_pkg']
[0.665s] Level 1:colcon.colcon_core.package_identification:_identify(src/robo_planner_msgs) by extension 'colcon_pkg'
[0.665s] Level 1:colcon.colcon_core.package_identification:_identify(src/robo_planner_msgs) by extensions ['colcon_meta']
[0.665s] Level 1:colcon.colcon_core.package_identification:_identify(src/robo_planner_msgs) by extension 'colcon_meta'
[0.665s] Level 1:colcon.colcon_core.package_identification:_identify(src/robo_planner_msgs) by extensions ['ros']
[0.665s] Level 1:colcon.colcon_core.package_identification:_identify(src/robo_planner_msgs) by extension 'ros'
[0.666s] DEBUG:colcon.colcon_core.package_identification:Package 'src/robo_planner_msgs' with type 'ros.catkin' and name 'robo_planner_msgs'
[0.667s] Level 1:colcon.colcon_core.package_identification:_identify(src/robo_planner_py) by extensions ['ignore', 'ignore_ament_install']
[0.667s] Level 1:colcon.colcon_core.package_identification:_identify(src/robo_planner_py) by extension 'ignore'
[0.667s] Level 1:colcon.colcon_core.package_identification:_identify(src/robo_planner_py) by extension 'ignore_ament_install'
[0.667s] Level 1:colcon.colcon_core.package_identification:_identify(src/robo_planner_py) by extensions ['colcon_pkg']
[0.667s] Level 1:colcon.colcon_core.package_identification:_identify(src/robo_planner_py) by extension 'colcon_pkg'
[0.667s] Level 1:colcon.colcon_core.package_identification:_identify(src/robo_planner_py) by extensions ['colcon_meta']
[0.667s] Level 1:colcon.colcon_core.package_identification:_identify(src/robo_planner_py) by extension 'colcon_meta'
[0.667s] Level 1:colcon.colcon_core.package_identification:_identify(src/robo_planner_py) by extensions ['ros']
[0.667s] Level 1:colcon.colcon_core.package_identification:_identify(src/robo_planner_py) by extension 'ros'
[0.669s] DEBUG:colcon.colcon_core.package_identification:Package 'src/robo_planner_py' with type 'ros.ament_python' and name 'robo_planner_py'
[0.669s] Level 1:colcon.colcon_core.package_identification:_identify(src/wzlscheduler_interfaces) by extensions ['ignore', 'ignore_ament_install']
[0.669s] Level 1:colcon.colcon_core.package_identification:_identify(src/wzlscheduler_interfaces) by extension 'ignore'
[0.669s] Level 1:colcon.colcon_core.package_identification:_identify(src/wzlscheduler_interfaces) by extension 'ignore_ament_install'
[0.669s] Level 1:colcon.colcon_core.package_identification:_identify(src/wzlscheduler_interfaces) by extensions ['colcon_pkg']
[0.669s] Level 1:colcon.colcon_core.package_identification:_identify(src/wzlscheduler_interfaces) by extension 'colcon_pkg'
[0.669s] Level 1:colcon.colcon_core.package_identification:_identify(src/wzlscheduler_interfaces) by extensions ['colcon_meta']
[0.669s] Level 1:colcon.colcon_core.package_identification:_identify(src/wzlscheduler_interfaces) by extension 'colcon_meta'
[0.670s] Level 1:colcon.colcon_core.package_identification:_identify(src/wzlscheduler_interfaces) by extensions ['ros']
[0.670s] Level 1:colcon.colcon_core.package_identification:_identify(src/wzlscheduler_interfaces) by extension 'ros'
[0.671s] DEBUG:colcon.colcon_core.package_identification:Package 'src/wzlscheduler_interfaces' with type 'ros.catkin' and name 'wzlscheduler_interfaces'
[0.671s] Level 1:colcon.colcon_core.package_discovery:discover_packages(recursive) using defaults
[0.671s] Level 1:colcon.colcon_core.package_discovery:discover_packages(ignore) discover
[0.671s] Level 1:colcon.colcon_core.package_discovery:discover_packages(ignore) using defaults
[0.671s] Level 1:colcon.colcon_core.package_discovery:discover_packages(path) discover
[0.671s] Level 1:colcon.colcon_core.package_discovery:discover_packages(path) using defaults
[0.717s] Level 1:colcon.colcon_core.package_discovery:discover_packages(prefix_path) check parameters
[0.717s] Level 1:colcon.colcon_core.package_discovery:discover_packages(prefix_path) discover
[0.722s] DEBUG:colcon.colcon_installed_package_information.package_discovery:Found 314 installed packages in /opt/ros/humble
[0.749s] Level 1:colcon.colcon_core.package_discovery:discover_packages(prefix_path) using defaults
[0.838s] Level 5:colcon.colcon_core.verb:set package 'interface_opcua' build argument 'cmake_args' from command line to 'None'
[0.838s] Level 5:colcon.colcon_core.verb:set package 'interface_opcua' build argument 'cmake_target' from command line to 'None'
[0.838s] Level 5:colcon.colcon_core.verb:set package 'interface_opcua' build argument 'cmake_target_skip_unavailable' from command line to 'False'
[0.838s] Level 5:colcon.colcon_core.verb:set package 'interface_opcua' build argument 'cmake_clean_cache' from command line to 'False'
[0.838s] Level 5:colcon.colcon_core.verb:set package 'interface_opcua' build argument 'cmake_clean_first' from command line to 'False'
[0.838s] Level 5:colcon.colcon_core.verb:set package 'interface_opcua' build argument 'cmake_force_configure' from command line to 'False'
[0.838s] Level 5:colcon.colcon_core.verb:set package 'interface_opcua' build argument 'ament_cmake_args' from command line to 'None'
[0.838s] Level 5:colcon.colcon_core.verb:set package 'interface_opcua' build argument 'catkin_cmake_args' from command line to 'None'
[0.839s] Level 5:colcon.colcon_core.verb:set package 'interface_opcua' build argument 'catkin_skip_building_tests' from command line to 'False'
[0.839s] DEBUG:colcon.colcon_core.verb:Building package 'interface_opcua' with the following arguments: {'ament_cmake_args': None, 'build_base': '/home/autopilot/ws/restackcell/ws_moveit2/build/interface_opcua', 'catkin_cmake_args': None, 'catkin_skip_building_tests': False, 'cmake_args': None, 'cmake_clean_cache': False, 'cmake_clean_first': False, 'cmake_force_configure': False, 'cmake_target': None, 'cmake_target_skip_unavailable': False, 'install_base': '/home/autopilot/ws/restackcell/ws_moveit2/install/interface_opcua', 'merge_install': False, 'path': '/home/autopilot/ws/restackcell/ws_moveit2/src/interface_opcua', 'symlink_install': False, 'test_result_base': None}
[0.839s] Level 5:colcon.colcon_core.verb:set package 'opcua_interfaces' build argument 'cmake_args' from command line to 'None'
[0.839s] Level 5:colcon.colcon_core.verb:set package 'opcua_interfaces' build argument 'cmake_target' from command line to 'None'
[0.840s] Level 5:colcon.colcon_core.verb:set package 'opcua_interfaces' build argument 'cmake_target_skip_unavailable' from command line to 'False'
[0.840s] Level 5:colcon.colcon_core.verb:set package 'opcua_interfaces' build argument 'cmake_clean_cache' from command line to 'False'
[0.840s] Level 5:colcon.colcon_core.verb:set package 'opcua_interfaces' build argument 'cmake_clean_first' from command line to 'False'
[0.840s] Level 5:colcon.colcon_core.verb:set package 'opcua_interfaces' build argument 'cmake_force_configure' from command line to 'False'
[0.840s] Level 5:colcon.colcon_core.verb:set package 'opcua_interfaces' build argument 'ament_cmake_args' from command line to 'None'
[0.840s] Level 5:colcon.colcon_core.verb:set package 'opcua_interfaces' build argument 'catkin_cmake_args' from command line to 'None'
[0.840s] Level 5:colcon.colcon_core.verb:set package 'opcua_interfaces' build argument 'catkin_skip_building_tests' from command line to 'False'
[0.840s] DEBUG:colcon.colcon_core.verb:Building package 'opcua_interfaces' with the following arguments: {'ament_cmake_args': None, 'build_base': '/home/autopilot/ws/restackcell/ws_moveit2/build/opcua_interfaces', 'catkin_cmake_args': None, 'catkin_skip_building_tests': False, 'cmake_args': None, 'cmake_clean_cache': False, 'cmake_clean_first': False, 'cmake_force_configure': False, 'cmake_target': None, 'cmake_target_skip_unavailable': False, 'install_base': '/home/autopilot/ws/restackcell/ws_moveit2/install/opcua_interfaces', 'merge_install': False, 'path': '/home/autopilot/ws/restackcell/ws_moveit2/src/opcua_interfaces', 'symlink_install': False, 'test_result_base': None}
[0.841s] Level 5:colcon.colcon_core.verb:set package 'robo_planner_msgs' build argument 'cmake_args' from command line to 'None'
[0.841s] Level 5:colcon.colcon_core.verb:set package 'robo_planner_msgs' build argument 'cmake_target' from command line to 'None'
[0.841s] Level 5:colcon.colcon_core.verb:set package 'robo_planner_msgs' build argument 'cmake_target_skip_unavailable' from command line to 'False'
[0.841s] Level 5:colcon.colcon_core.verb:set package 'robo_planner_msgs' build argument 'cmake_clean_cache' from command line to 'False'
[0.841s] Level 5:colcon.colcon_core.verb:set package 'robo_planner_msgs' build argument 'cmake_clean_first' from command line to 'False'
[0.841s] Level 5:colcon.colcon_core.verb:set package 'robo_planner_msgs' build argument 'cmake_force_configure' from command line to 'False'
[0.841s] Level 5:colcon.colcon_core.verb:set package 'robo_planner_msgs' build argument 'ament_cmake_args' from command line to 'None'
[0.841s] Level 5:colcon.colcon_core.verb:set package 'robo_planner_msgs' build argument 'catkin_cmake_args' from command line to 'None'
[0.841s] Level 5:colcon.colcon_core.verb:set package 'robo_planner_msgs' build argument 'catkin_skip_building_tests' from command line to 'False'
[0.841s] DEBUG:colcon.colcon_core.verb:Building package 'robo_planner_msgs' with the following arguments: {'ament_cmake_args': None, 'build_base': '/home/autopilot/ws/restackcell/ws_moveit2/build/robo_planner_msgs', 'catkin_cmake_args': None, 'catkin_skip_building_tests': False, 'cmake_args': None, 'cmake_clean_cache': False, 'cmake_clean_first': False, 'cmake_force_configure': False, 'cmake_target': None, 'cmake_target_skip_unavailable': False, 'install_base': '/home/autopilot/ws/restackcell/ws_moveit2/install/robo_planner_msgs', 'merge_install': False, 'path': '/home/autopilot/ws/restackcell/ws_moveit2/src/robo_planner_msgs', 'symlink_install': False, 'test_result_base': None}
[0.842s] Level 5:colcon.colcon_core.verb:set package 'wzlscheduler_interfaces' build argument 'cmake_args' from command line to 'None'
[0.842s] Level 5:colcon.colcon_core.verb:set package 'wzlscheduler_interfaces' build argument 'cmake_target' from command line to 'None'
[0.842s] Level 5:colcon.colcon_core.verb:set package 'wzlscheduler_interfaces' build argument 'cmake_target_skip_unavailable' from command line to 'False'
[0.842s] Level 5:colcon.colcon_core.verb:set package 'wzlscheduler_interfaces' build argument 'cmake_clean_cache' from command line to 'False'
[0.842s] Level 5:colcon.colcon_core.verb:set package 'wzlscheduler_interfaces' build argument 'cmake_clean_first' from command line to 'False'
[0.842s] Level 5:colcon.colcon_core.verb:set package 'wzlscheduler_interfaces' build argument 'cmake_force_configure' from command line to 'False'
[0.842s] Level 5:colcon.colcon_core.verb:set package 'wzlscheduler_interfaces' build argument 'ament_cmake_args' from command line to 'None'
[0.842s] Level 5:colcon.colcon_core.verb:set package 'wzlscheduler_interfaces' build argument 'catkin_cmake_args' from command line to 'None'
[0.842s] Level 5:colcon.colcon_core.verb:set package 'wzlscheduler_interfaces' build argument 'catkin_skip_building_tests' from command line to 'False'
[0.842s] DEBUG:colcon.colcon_core.verb:Building package 'wzlscheduler_interfaces' with the following arguments: {'ament_cmake_args': None, 'build_base': '/home/autopilot/ws/restackcell/ws_moveit2/build/wzlscheduler_interfaces', 'catkin_cmake_args': None, 'catkin_skip_building_tests': False, 'cmake_args': None, 'cmake_clean_cache': False, 'cmake_clean_first': False, 'cmake_force_configure': False, 'cmake_target': None, 'cmake_target_skip_unavailable': False, 'install_base': '/home/autopilot/ws/restackcell/ws_moveit2/install/wzlscheduler_interfaces', 'merge_install': False, 'path': '/home/autopilot/ws/restackcell/ws_moveit2/src/wzlscheduler_interfaces', 'symlink_install': False, 'test_result_base': None}
[0.843s] Level 5:colcon.colcon_core.verb:set package 'grid_snapper' build argument 'cmake_args' from command line to 'None'
[0.843s] Level 5:colcon.colcon_core.verb:set package 'grid_snapper' build argument 'cmake_target' from command line to 'None'
[0.843s] Level 5:colcon.colcon_core.verb:set package 'grid_snapper' build argument 'cmake_target_skip_unavailable' from command line to 'False'
[0.843s] Level 5:colcon.colcon_core.verb:set package 'grid_snapper' build argument 'cmake_clean_cache' from command line to 'False'
[0.843s] Level 5:colcon.colcon_core.verb:set package 'grid_snapper' build argument 'cmake_clean_first' from command line to 'False'
[0.843s] Level 5:colcon.colcon_core.verb:set package 'grid_snapper' build argument 'cmake_force_configure' from command line to 'False'
[0.843s] Level 5:colcon.colcon_core.verb:set package 'grid_snapper' build argument 'ament_cmake_args' from command line to 'None'
[0.843s] Level 5:colcon.colcon_core.verb:set package 'grid_snapper' build argument 'catkin_cmake_args' from command line to 'None'
[0.843s] Level 5:colcon.colcon_core.verb:set package 'grid_snapper' build argument 'catkin_skip_building_tests' from command line to 'False'
[0.843s] DEBUG:colcon.colcon_core.verb:Building package 'grid_snapper' with the following arguments: {'ament_cmake_args': None, 'build_base': '/home/autopilot/ws/restackcell/ws_moveit2/build/grid_snapper', 'catkin_cmake_args': None, 'catkin_skip_building_tests': False, 'cmake_args': None, 'cmake_clean_cache': False, 'cmake_clean_first': False, 'cmake_force_configure': False, 'cmake_target': None, 'cmake_target_skip_unavailable': False, 'install_base': '/home/autopilot/ws/restackcell/ws_moveit2/install/grid_snapper', 'merge_install': False, 'path': '/home/autopilot/ws/restackcell/ws_moveit2/src/grid_snapper', 'symlink_install': False, 'test_result_base': None}
[0.844s] Level 5:colcon.colcon_core.verb:set package 'mockup_robot' build argument 'cmake_args' from command line to 'None'
[0.844s] Level 5:colcon.colcon_core.verb:set package 'mockup_robot' build argument 'cmake_target' from command line to 'None'
[0.844s] Level 5:colcon.colcon_core.verb:set package 'mockup_robot' build argument 'cmake_target_skip_unavailable' from command line to 'False'
[0.844s] Level 5:colcon.colcon_core.verb:set package 'mockup_robot' build argument 'cmake_clean_cache' from command line to 'False'
[0.844s] Level 5:colcon.colcon_core.verb:set package 'mockup_robot' build argument 'cmake_clean_first' from command line to 'False'
[0.844s] Level 5:colcon.colcon_core.verb:set package 'mockup_robot' build argument 'cmake_force_configure' from command line to 'False'
[0.844s] Level 5:colcon.colcon_core.verb:set package 'mockup_robot' build argument 'ament_cmake_args' from command line to 'None'
[0.845s] Level 5:colcon.colcon_core.verb:set package 'mockup_robot' build argument 'catkin_cmake_args' from command line to 'None'
[0.845s] Level 5:colcon.colcon_core.verb:set package 'mockup_robot' build argument 'catkin_skip_building_tests' from command line to 'False'
[0.845s] DEBUG:colcon.colcon_core.verb:Building package 'mockup_robot' with the following arguments: {'ament_cmake_args': None, 'build_base': '/home/autopilot/ws/restackcell/ws_moveit2/build/mockup_robot', 'catkin_cmake_args': None, 'catkin_skip_building_tests': False, 'cmake_args': None, 'cmake_clean_cache': False, 'cmake_clean_first': False, 'cmake_force_configure': False, 'cmake_target': None, 'cmake_target_skip_unavailable': False, 'install_base': '/home/autopilot/ws/restackcell/ws_moveit2/install/mockup_robot', 'merge_install': False, 'path': '/home/autopilot/ws/restackcell/ws_moveit2/src/mockup_robot', 'symlink_install': False, 'test_result_base': None}
[0.845s] Level 5:colcon.colcon_core.verb:set package 'moveit_backend' build argument 'cmake_args' from command line to 'None'
[0.845s] Level 5:colcon.colcon_core.verb:set package 'moveit_backend' build argument 'cmake_target' from command line to 'None'
[0.845s] Level 5:colcon.colcon_core.verb:set package 'moveit_backend' build argument 'cmake_target_skip_unavailable' from command line to 'False'
[0.845s] Level 5:colcon.colcon_core.verb:set package 'moveit_backend' build argument 'cmake_clean_cache' from command line to 'False'
[0.846s] Level 5:colcon.colcon_core.verb:set package 'moveit_backend' build argument 'cmake_clean_first' from command line to 'False'
[0.846s] Level 5:colcon.colcon_core.verb:set package 'moveit_backend' build argument 'cmake_force_configure' from command line to 'False'
[0.846s] Level 5:colcon.colcon_core.verb:set package 'moveit_backend' build argument 'ament_cmake_args' from command line to 'None'
[0.846s] Level 5:colcon.colcon_core.verb:set package 'moveit_backend' build argument 'catkin_cmake_args' from command line to 'None'
[0.846s] Level 5:colcon.colcon_core.verb:set package 'moveit_backend' build argument 'catkin_skip_building_tests' from command line to 'False'
[0.846s] DEBUG:colcon.colcon_core.verb:Building package 'moveit_backend' with the following arguments: {'ament_cmake_args': None, 'build_base': '/home/autopilot/ws/restackcell/ws_moveit2/build/moveit_backend', 'catkin_cmake_args': None, 'catkin_skip_building_tests': False, 'cmake_args': None, 'cmake_clean_cache': False, 'cmake_clean_first': False, 'cmake_force_configure': False, 'cmake_target': None, 'cmake_target_skip_unavailable': False, 'install_base': '/home/autopilot/ws/restackcell/ws_moveit2/install/moveit_backend', 'merge_install': False, 'path': '/home/autopilot/ws/restackcell/ws_moveit2/src/moveit_backend', 'symlink_install': False, 'test_result_base': None}
[0.847s] Level 5:colcon.colcon_core.verb:set package 'opcua_client' build argument 'cmake_args' from command line to 'None'
[0.847s] Level 5:colcon.colcon_core.verb:set package 'opcua_client' build argument 'cmake_target' from command line to 'None'
[0.847s] Level 5:colcon.colcon_core.verb:set package 'opcua_client' build argument 'cmake_target_skip_unavailable' from command line to 'False'
[0.847s] Level 5:colcon.colcon_core.verb:set package 'opcua_client' build argument 'cmake_clean_cache' from command line to 'False'
[0.847s] Level 5:colcon.colcon_core.verb:set package 'opcua_client' build argument 'cmake_clean_first' from command line to 'False'
[0.847s] Level 5:colcon.colcon_core.verb:set package 'opcua_client' build argument 'cmake_force_configure' from command line to 'False'
[0.847s] Level 5:colcon.colcon_core.verb:set package 'opcua_client' build argument 'ament_cmake_args' from command line to 'None'
[0.847s] Level 5:colcon.colcon_core.verb:set package 'opcua_client' build argument 'catkin_cmake_args' from command line to 'None'
[0.847s] Level 5:colcon.colcon_core.verb:set package 'opcua_client' build argument 'catkin_skip_building_tests' from command line to 'False'
[0.847s] DEBUG:colcon.colcon_core.verb:Building package 'opcua_client' with the following arguments: {'ament_cmake_args': None, 'build_base': '/home/autopilot/ws/restackcell/ws_moveit2/build/opcua_client', 'catkin_cmake_args': None, 'catkin_skip_building_tests': False, 'cmake_args': None, 'cmake_clean_cache': False, 'cmake_clean_first': False, 'cmake_force_configure': False, 'cmake_target': None, 'cmake_target_skip_unavailable': False, 'install_base': '/home/autopilot/ws/restackcell/ws_moveit2/install/opcua_client', 'merge_install': False, 'path': '/home/autopilot/ws/restackcell/ws_moveit2/src/opcua_client', 'symlink_install': False, 'test_result_base': None}
[0.848s] Level 5:colcon.colcon_core.verb:set package 'robo_planner' build argument 'cmake_args' from command line to 'None'
[0.848s] Level 5:colcon.colcon_core.verb:set package 'robo_planner' build argument 'cmake_target' from command line to 'None'
[0.848s] Level 5:colcon.colcon_core.verb:set package 'robo_planner' build argument 'cmake_target_skip_unavailable' from command line to 'False'
[0.848s] Level 5:colcon.colcon_core.verb:set package 'robo_planner' build argument 'cmake_clean_cache' from command line to 'False'
[0.848s] Level 5:colcon.colcon_core.verb:set package 'robo_planner' build argument 'cmake_clean_first' from command line to 'False'
[0.848s] Level 5:colcon.colcon_core.verb:set package 'robo_planner' build argument 'cmake_force_configure' from command line to 'False'
[0.848s] Level 5:colcon.colcon_core.verb:set package 'robo_planner' build argument 'ament_cmake_args' from command line to 'None'
[0.848s] Level 5:colcon.colcon_core.verb:set package 'robo_planner' build argument 'catkin_cmake_args' from command line to 'None'
[0.848s] Level 5:colcon.colcon_core.verb:set package 'robo_planner' build argument 'catkin_skip_building_tests' from command line to 'False'
[0.848s] DEBUG:colcon.colcon_core.verb:Building package 'robo_planner' with the following arguments: {'ament_cmake_args': None, 'build_base': '/home/autopilot/ws/restackcell/ws_moveit2/build/robo_planner', 'catkin_cmake_args': None, 'catkin_skip_building_tests': False, 'cmake_args': None, 'cmake_clean_cache': False, 'cmake_clean_first': False, 'cmake_force_configure': False, 'cmake_target': None, 'cmake_target_skip_unavailable': False, 'install_base': '/home/autopilot/ws/restackcell/ws_moveit2/install/robo_planner', 'merge_install': False, 'path': '/home/autopilot/ws/restackcell/ws_moveit2/src/robo_planner', 'symlink_install': False, 'test_result_base': None}
[0.849s] Level 5:colcon.colcon_core.verb:set package 'robo_planner_py' build argument 'cmake_args' from command line to 'None'
[0.849s] Level 5:colcon.colcon_core.verb:set package 'robo_planner_py' build argument 'cmake_target' from command line to 'None'
[0.849s] Level 5:colcon.colcon_core.verb:set package 'robo_planner_py' build argument 'cmake_target_skip_unavailable' from command line to 'False'
[0.849s] Level 5:colcon.colcon_core.verb:set package 'robo_planner_py' build argument 'cmake_clean_cache' from command line to 'False'
[0.849s] Level 5:colcon.colcon_core.verb:set package 'robo_planner_py' build argument 'cmake_clean_first' from command line to 'False'
[0.849s] Level 5:colcon.colcon_core.verb:set package 'robo_planner_py' build argument 'cmake_force_configure' from command line to 'False'
[0.849s] Level 5:colcon.colcon_core.verb:set package 'robo_planner_py' build argument 'ament_cmake_args' from command line to 'None'
[0.849s] Level 5:colcon.colcon_core.verb:set package 'robo_planner_py' build argument 'catkin_cmake_args' from command line to 'None'
[0.849s] Level 5:colcon.colcon_core.verb:set package 'robo_planner_py' build argument 'catkin_skip_building_tests' from command line to 'False'
[0.849s] DEBUG:colcon.colcon_core.verb:Building package 'robo_planner_py' with the following arguments: {'ament_cmake_args': None, 'build_base': '/home/autopilot/ws/restackcell/ws_moveit2/build/robo_planner_py', 'catkin_cmake_args': None, 'catkin_skip_building_tests': False, 'cmake_args': None, 'cmake_clean_cache': False, 'cmake_clean_first': False, 'cmake_force_configure': False, 'cmake_target': None, 'cmake_target_skip_unavailable': False, 'install_base': '/home/autopilot/ws/restackcell/ws_moveit2/install/robo_planner_py', 'merge_install': False, 'path': '/home/autopilot/ws/restackcell/ws_moveit2/src/robo_planner_py', 'symlink_install': False, 'test_result_base': None}
[0.850s] INFO:colcon.colcon_core.executor:Executing jobs using 'parallel' executor
[0.852s] DEBUG:colcon.colcon_parallel_executor.executor.parallel:run_until_complete
[0.852s] INFO:colcon.colcon_ros.task.catkin.build:Building ROS package in '/home/autopilot/ws/restackcell/ws_moveit2/src/wzlscheduler_interfaces' with build type 'catkin'
[0.853s] INFO:colcon.colcon_cmake.task.cmake.build:Building CMake package in '/home/autopilot/ws/restackcell/ws_moveit2/src/wzlscheduler_interfaces'
[0.857s] INFO:colcon.colcon_core.plugin_system:Skipping extension 'colcon_core.shell.bat': Not used on non-Windows systems
[0.858s] INFO:colcon.colcon_core.shell:Skip shell extension 'powershell' for command environment: Not usable outside of PowerShell
[0.858s] DEBUG:colcon.colcon_core.shell:Skip shell extension 'dsv' for command environment
[0.863s] INFO:colcon.colcon_ros.task.ament_cmake.build:Building ROS package in '/home/autopilot/ws/restackcell/ws_moveit2/src/opcua_interfaces' with build type 'ament_cmake'
[0.864s] INFO:colcon.colcon_cmake.task.cmake.build:Building CMake package in '/home/autopilot/ws/restackcell/ws_moveit2/src/opcua_interfaces'
[0.864s] INFO:colcon.colcon_core.shell:Skip shell extension 'powershell' for command environment: Not usable outside of PowerShell
[0.865s] DEBUG:colcon.colcon_core.shell:Skip shell extension 'dsv' for command environment
[0.869s] INFO:colcon.colcon_ros.task.ament_python.build:Building ROS package in '/home/autopilot/ws/restackcell/ws_moveit2/src/interface_opcua' with build type 'ament_python'
[0.870s] Level 1:colcon.colcon_core.shell:create_environment_hook('interface_opcua', 'ament_prefix_path')
[0.870s] INFO:colcon.colcon_core.shell:Creating environment hook '/home/autopilot/ws/restackcell/ws_moveit2/install/interface_opcua/share/interface_opcua/hook/ament_prefix_path.ps1'
[0.872s] INFO:colcon.colcon_core.shell:Creating environment descriptor '/home/autopilot/ws/restackcell/ws_moveit2/install/interface_opcua/share/interface_opcua/hook/ament_prefix_path.dsv'
[0.872s] INFO:colcon.colcon_core.shell:Creating environment hook '/home/autopilot/ws/restackcell/ws_moveit2/install/interface_opcua/share/interface_opcua/hook/ament_prefix_path.sh'
[0.874s] INFO:colcon.colcon_core.shell:Skip shell extension 'powershell' for command environment: Not usable outside of PowerShell
[0.874s] DEBUG:colcon.colcon_core.shell:Skip shell extension 'dsv' for command environment
[0.878s] INFO:colcon.colcon_ros.task.catkin.build:Building ROS package in '/home/autopilot/ws/restackcell/ws_moveit2/src/robo_planner_msgs' with build type 'catkin'
[0.879s] INFO:colcon.colcon_cmake.task.cmake.build:Building CMake package in '/home/autopilot/ws/restackcell/ws_moveit2/src/robo_planner_msgs'
[0.879s] INFO:colcon.colcon_core.shell:Skip shell extension 'powershell' for command environment: Not usable outside of PowerShell
[0.879s] DEBUG:colcon.colcon_core.shell:Skip shell extension 'dsv' for command environment
[0.894s] DEBUG:colcon.colcon_core.event_handler.log_command:Invoking command in '/home/autopilot/ws/restackcell/ws_moveit2/build/wzlscheduler_interfaces': /usr/bin/cmake --build /home/autopilot/ws/restackcell/ws_moveit2/build/wzlscheduler_interfaces -- -j4 -l4
[0.901s] DEBUG:colcon.colcon_core.event_handler.log_command:Invoking command in '/home/autopilot/ws/restackcell/ws_moveit2/build/opcua_interfaces': CMAKE_PREFIX_PATH=/opt/ros/humble /usr/bin/cmake --build /home/autopilot/ws/restackcell/ws_moveit2/build/opcua_interfaces -- -j4 -l4
[1.700s] INFO:colcon.colcon_core.task.python.build:Building Python package in '/home/autopilot/ws/restackcell/ws_moveit2/src/interface_opcua'
[1.701s] INFO:colcon.colcon_core.shell:Skip shell extension 'powershell' for command environment: Not usable outside of PowerShell
[1.701s] DEBUG:colcon.colcon_core.shell:Skip shell extension 'dsv' for command environment
[1.719s] DEBUG:colcon.colcon_core.event_handler.log_command:Invoking command in '/home/autopilot/ws/restackcell/ws_moveit2/build/robo_planner_msgs': /usr/bin/cmake --build /home/autopilot/ws/restackcell/ws_moveit2/build/robo_planner_msgs -- -j4 -l4
[1.953s] DEBUG:colcon.colcon_core.event_handler.log_command:Invoked command in '/home/autopilot/ws/restackcell/ws_moveit2/build/opcua_interfaces' returned '0': CMAKE_PREFIX_PATH=/opt/ros/humble /usr/bin/cmake --build /home/autopilot/ws/restackcell/ws_moveit2/build/opcua_interfaces -- -j4 -l4
[2.152s] DEBUG:colcon.colcon_core.event_handler.log_command:Invoked command in '/home/autopilot/ws/restackcell/ws_moveit2/build/wzlscheduler_interfaces' returned '0': /usr/bin/cmake --build /home/autopilot/ws/restackcell/ws_moveit2/build/wzlscheduler_interfaces -- -j4 -l4
[2.361s] DEBUG:colcon.colcon_core.event_handler.log_command:Invoking command in '/home/autopilot/ws/restackcell/ws_moveit2/build/opcua_interfaces': CMAKE_PREFIX_PATH=/opt/ros/humble /usr/bin/cmake --install /home/autopilot/ws/restackcell/ws_moveit2/build/opcua_interfaces
[2.478s] Level 1:colcon.colcon_core.environment:create_environment_scripts_only(opcua_interfaces)
[2.483s] Level 1:colcon.colcon_core.environment:checking '/home/autopilot/ws/restackcell/ws_moveit2/install/opcua_interfaces' for CMake module files
[2.485s] Level 1:colcon.colcon_core.environment:checking '/home/autopilot/ws/restackcell/ws_moveit2/install/opcua_interfaces' for CMake config files
[2.485s] Level 1:colcon.colcon_core.shell:create_environment_hook('opcua_interfaces', 'cmake_prefix_path')
[2.486s] INFO:colcon.colcon_core.shell:Creating environment hook '/home/autopilot/ws/restackcell/ws_moveit2/install/opcua_interfaces/share/opcua_interfaces/hook/cmake_prefix_path.ps1'
[2.487s] INFO:colcon.colcon_core.shell:Creating environment descriptor '/home/autopilot/ws/restackcell/ws_moveit2/install/opcua_interfaces/share/opcua_interfaces/hook/cmake_prefix_path.dsv'
[2.488s] INFO:colcon.colcon_core.shell:Creating environment hook '/home/autopilot/ws/restackcell/ws_moveit2/install/opcua_interfaces/share/opcua_interfaces/hook/cmake_prefix_path.sh'
[2.489s] Level 1:colcon.colcon_core.environment:checking '/home/autopilot/ws/restackcell/ws_moveit2/install/opcua_interfaces/lib'
[2.490s] Level 1:colcon.colcon_core.shell:create_environment_hook('opcua_interfaces', 'ld_library_path_lib')
[2.490s] INFO:colcon.colcon_core.shell:Creating environment hook '/home/autopilot/ws/restackcell/ws_moveit2/install/opcua_interfaces/share/opcua_interfaces/hook/ld_library_path_lib.ps1'
[2.491s] INFO:colcon.colcon_core.shell:Creating environment descriptor '/home/autopilot/ws/restackcell/ws_moveit2/install/opcua_interfaces/share/opcua_interfaces/hook/ld_library_path_lib.dsv'
[2.492s] INFO:colcon.colcon_core.shell:Creating environment hook '/home/autopilot/ws/restackcell/ws_moveit2/install/opcua_interfaces/share/opcua_interfaces/hook/ld_library_path_lib.sh'
[2.493s] Level 1:colcon.colcon_core.environment:checking '/home/autopilot/ws/restackcell/ws_moveit2/install/opcua_interfaces/bin'
[2.493s] Level 1:colcon.colcon_core.environment:checking '/home/autopilot/ws/restackcell/ws_moveit2/install/opcua_interfaces/lib/pkgconfig/opcua_interfaces.pc'
[2.494s] Level 1:colcon.colcon_core.environment:checking '/home/autopilot/ws/restackcell/ws_moveit2/install/opcua_interfaces/lib/python3.10/site-packages'
[2.496s] DEBUG:colcon.colcon_core.event_handler.log_command:Invoked command in '/home/autopilot/ws/restackcell/ws_moveit2/build/opcua_interfaces' returned '0': CMAKE_PREFIX_PATH=/opt/ros/humble /usr/bin/cmake --install /home/autopilot/ws/restackcell/ws_moveit2/build/opcua_interfaces
[2.496s] Level 1:colcon.colcon_core.environment:checking '/home/autopilot/ws/restackcell/ws_moveit2/install/opcua_interfaces/bin'
[2.497s] INFO:colcon.colcon_core.shell:Creating package script '/home/autopilot/ws/restackcell/ws_moveit2/install/opcua_interfaces/share/opcua_interfaces/package.ps1'
[2.499s] INFO:colcon.colcon_core.shell:Creating package descriptor '/home/autopilot/ws/restackcell/ws_moveit2/install/opcua_interfaces/share/opcua_interfaces/package.dsv'
[2.500s] INFO:colcon.colcon_core.shell:Creating package script '/home/autopilot/ws/restackcell/ws_moveit2/install/opcua_interfaces/share/opcua_interfaces/package.sh'
[2.502s] INFO:colcon.colcon_core.shell:Creating package script '/home/autopilot/ws/restackcell/ws_moveit2/install/opcua_interfaces/share/opcua_interfaces/package.bash'
[2.504s] INFO:colcon.colcon_core.shell:Creating package script '/home/autopilot/ws/restackcell/ws_moveit2/install/opcua_interfaces/share/opcua_interfaces/package.zsh'
[2.505s] Level 1:colcon.colcon_core.environment:create_file_with_runtime_dependencies(/home/autopilot/ws/restackcell/ws_moveit2/install/opcua_interfaces/share/colcon-core/packages/opcua_interfaces)
[2.645s] Level 1:colcon.colcon_core.environment:create_environment_scripts_only(opcua_interfaces)
[2.646s] Level 1:colcon.colcon_core.environment:checking '/home/autopilot/ws/restackcell/ws_moveit2/install/opcua_interfaces' for CMake module files
[2.647s] Level 1:colcon.colcon_core.environment:checking '/home/autopilot/ws/restackcell/ws_moveit2/install/opcua_interfaces' for CMake config files
[2.648s] Level 1:colcon.colcon_core.shell:create_environment_hook('opcua_interfaces', 'cmake_prefix_path')
[2.649s] INFO:colcon.colcon_core.shell:Creating environment hook '/home/autopilot/ws/restackcell/ws_moveit2/install/opcua_interfaces/share/opcua_interfaces/hook/cmake_prefix_path.ps1'
[2.650s] INFO:colcon.colcon_core.shell:Creating environment descriptor '/home/autopilot/ws/restackcell/ws_moveit2/install/opcua_interfaces/share/opcua_interfaces/hook/cmake_prefix_path.dsv'
[2.651s] INFO:colcon.colcon_core.shell:Creating environment hook '/home/autopilot/ws/restackcell/ws_moveit2/install/opcua_interfaces/share/opcua_interfaces/hook/cmake_prefix_path.sh'
[2.652s] Level 1:colcon.colcon_core.environment:checking '/home/autopilot/ws/restackcell/ws_moveit2/install/opcua_interfaces/lib'
[2.652s] Level 1:colcon.colcon_core.shell:create_environment_hook('opcua_interfaces', 'ld_library_path_lib')
[2.653s] INFO:colcon.colcon_core.shell:Creating environment hook '/home/autopilot/ws/restackcell/ws_moveit2/install/opcua_interfaces/share/opcua_interfaces/hook/ld_library_path_lib.ps1'
[2.653s] INFO:colcon.colcon_core.shell:Creating environment descriptor '/home/autopilot/ws/restackcell/ws_moveit2/install/opcua_interfaces/share/opcua_interfaces/hook/ld_library_path_lib.dsv'
[2.655s] INFO:colcon.colcon_core.shell:Creating environment hook '/home/autopilot/ws/restackcell/ws_moveit2/install/opcua_interfaces/share/opcua_interfaces/hook/ld_library_path_lib.sh'
[2.656s] Level 1:colcon.colcon_core.environment:checking '/home/autopilot/ws/restackcell/ws_moveit2/install/opcua_interfaces/bin'
[2.656s] Level 1:colcon.colcon_core.environment:checking '/home/autopilot/ws/restackcell/ws_moveit2/install/opcua_interfaces/lib/pkgconfig/opcua_interfaces.pc'
[2.657s] Level 1:colcon.colcon_core.environment:checking '/home/autopilot/ws/restackcell/ws_moveit2/install/opcua_interfaces/lib/python3.10/site-packages'
[2.658s] Level 1:colcon.colcon_core.environment:checking '/home/autopilot/ws/restackcell/ws_moveit2/install/opcua_interfaces/bin'
[2.659s] INFO:colcon.colcon_core.shell:Creating package script '/home/autopilot/ws/restackcell/ws_moveit2/install/opcua_interfaces/share/opcua_interfaces/package.ps1'
[2.661s] INFO:colcon.colcon_core.shell:Creating package descriptor '/home/autopilot/ws/restackcell/ws_moveit2/install/opcua_interfaces/share/opcua_interfaces/package.dsv'
[2.662s] INFO:colcon.colcon_core.shell:Creating package script '/home/autopilot/ws/restackcell/ws_moveit2/install/opcua_interfaces/share/opcua_interfaces/package.sh'
[2.664s] INFO:colcon.colcon_core.shell:Creating package script '/home/autopilot/ws/restackcell/ws_moveit2/install/opcua_interfaces/share/opcua_interfaces/package.bash'
[2.665s] INFO:colcon.colcon_core.shell:Creating package script '/home/autopilot/ws/restackcell/ws_moveit2/install/opcua_interfaces/share/opcua_interfaces/package.zsh'
[2.666s] Level 1:colcon.colcon_core.environment:create_file_with_runtime_dependencies(/home/autopilot/ws/restackcell/ws_moveit2/install/opcua_interfaces/share/colcon-core/packages/opcua_interfaces)
[2.668s] INFO:colcon.colcon_ros.task.ament_python.build:Building ROS package in '/home/autopilot/ws/restackcell/ws_moveit2/src/opcua_client' with build type 'ament_python'
[2.668s] Level 1:colcon.colcon_core.shell:create_environment_hook('opcua_client', 'ament_prefix_path')
[2.669s] INFO:colcon.colcon_core.shell:Creating environment hook '/home/autopilot/ws/restackcell/ws_moveit2/install/opcua_client/share/opcua_client/hook/ament_prefix_path.ps1'
[2.670s] INFO:colcon.colcon_core.shell:Creating environment descriptor '/home/autopilot/ws/restackcell/ws_moveit2/install/opcua_client/share/opcua_client/hook/ament_prefix_path.dsv'
[2.671s] INFO:colcon.colcon_core.shell:Creating environment hook '/home/autopilot/ws/restackcell/ws_moveit2/install/opcua_client/share/opcua_client/hook/ament_prefix_path.sh'
[2.672s] INFO:colcon.colcon_core.shell:Skip shell extension 'powershell' for command environment: Not usable outside of PowerShell
[2.672s] DEBUG:colcon.colcon_core.shell:Skip shell extension 'dsv' for command environment
[3.345s] INFO:colcon.colcon_core.task.python.build:Building Python package in '/home/autopilot/ws/restackcell/ws_moveit2/src/opcua_client'
[3.345s] INFO:colcon.colcon_core.shell:Skip shell extension 'powershell' for command environment: Not usable outside of PowerShell
[3.346s] DEBUG:colcon.colcon_core.shell:Skip shell extension 'dsv' for command environment
[3.357s] DEBUG:colcon.colcon_core.event_handler.log_command:Invoked command in '/home/autopilot/ws/restackcell/ws_moveit2/build/robo_planner_msgs' returned '0': /usr/bin/cmake --build /home/autopilot/ws/restackcell/ws_moveit2/build/robo_planner_msgs -- -j4 -l4
[3.365s] DEBUG:colcon.colcon_core.event_handler.log_command:Invoking command in '/home/autopilot/ws/restackcell/ws_moveit2/src/interface_opcua': PYTHONPATH=/home/autopilot/ws/restackcell/ws_moveit2/build/interface_opcua/prefix_override:/usr/lib/python3/dist-packages/colcon_core/task/python/colcon_distutils_commands:/home/autopilot/ws/restackcell/ws_moveit2/install/interface_opcua/lib/python3.10/site-packages:${PYTHONPATH} /usr/bin/python3 -W ignore:setup.py install is deprecated setup.py egg_info --egg-base ../../build/interface_opcua build --build-base /home/autopilot/ws/restackcell/ws_moveit2/build/interface_opcua/build install --record /home/autopilot/ws/restackcell/ws_moveit2/build/interface_opcua/install.log --single-version-externally-managed install_data
[4.079s] DEBUG:colcon.colcon_core.event_handler.log_command:Invoking command in '/home/autopilot/ws/restackcell/ws_moveit2/build/wzlscheduler_interfaces': /usr/bin/cmake --install /home/autopilot/ws/restackcell/ws_moveit2/build/wzlscheduler_interfaces
[4.201s] Level 1:colcon.colcon_core.environment:checking '/home/autopilot/ws/restackcell/ws_moveit2/install/interface_opcua' for CMake module files
[4.202s] Level 1:colcon.colcon_core.environment:checking '/home/autopilot/ws/restackcell/ws_moveit2/install/interface_opcua' for CMake config files
[4.203s] Level 1:colcon.colcon_core.environment:checking '/home/autopilot/ws/restackcell/ws_moveit2/install/interface_opcua/lib'
[4.203s] Level 1:colcon.colcon_core.environment:checking '/home/autopilot/ws/restackcell/ws_moveit2/install/interface_opcua/bin'
[4.203s] Level 1:colcon.colcon_core.environment:checking '/home/autopilot/ws/restackcell/ws_moveit2/install/interface_opcua/lib/pkgconfig/interface_opcua.pc'
[4.204s] Level 1:colcon.colcon_core.environment:checking '/home/autopilot/ws/restackcell/ws_moveit2/install/interface_opcua/lib/python3.10/site-packages'
[4.204s] Level 1:colcon.colcon_core.shell:create_environment_hook('interface_opcua', 'pythonpath')
[4.204s] INFO:colcon.colcon_core.shell:Creating environment hook '/home/autopilot/ws/restackcell/ws_moveit2/install/interface_opcua/share/interface_opcua/hook/pythonpath.ps1'
[4.205s] INFO:colcon.colcon_core.shell:Creating environment descriptor '/home/autopilot/ws/restackcell/ws_moveit2/install/interface_opcua/share/interface_opcua/hook/pythonpath.dsv'
[4.206s] INFO:colcon.colcon_core.shell:Creating environment hook '/home/autopilot/ws/restackcell/ws_moveit2/install/interface_opcua/share/interface_opcua/hook/pythonpath.sh'
[4.208s] Level 1:colcon.colcon_core.environment:checking '/home/autopilot/ws/restackcell/ws_moveit2/install/interface_opcua/bin'
[4.208s] Level 1:colcon.colcon_core.environment:create_environment_scripts_only(interface_opcua)
[4.209s] INFO:colcon.colcon_core.shell:Creating package script '/home/autopilot/ws/restackcell/ws_moveit2/install/interface_opcua/share/interface_opcua/package.ps1'
[4.210s] INFO:colcon.colcon_core.shell:Creating package descriptor '/home/autopilot/ws/restackcell/ws_moveit2/install/interface_opcua/share/interface_opcua/package.dsv'
[4.211s] INFO:colcon.colcon_core.shell:Creating package script '/home/autopilot/ws/restackcell/ws_moveit2/install/interface_opcua/share/interface_opcua/package.sh'
[4.212s] INFO:colcon.colcon_core.shell:Creating package script '/home/autopilot/ws/restackcell/ws_moveit2/install/interface_opcua/share/interface_opcua/package.bash'
[4.212s] INFO:colcon.colcon_core.shell:Creating package script '/home/autopilot/ws/restackcell/ws_moveit2/install/interface_opcua/share/interface_opcua/package.zsh'
[4.213s] Level 1:colcon.colcon_core.environment:create_file_with_runtime_dependencies(/home/autopilot/ws/restackcell/ws_moveit2/install/interface_opcua/share/colcon-core/packages/interface_opcua)
[4.241s] DEBUG:colcon.colcon_core.event_handler.log_command:Invoked command in '/home/autopilot/ws/restackcell/ws_moveit2/src/interface_opcua' returned '0': PYTHONPATH=/home/autopilot/ws/restackcell/ws_moveit2/build/interface_opcua/prefix_override:/usr/lib/python3/dist-packages/colcon_core/task/python/colcon_distutils_commands:/home/autopilot/ws/restackcell/ws_moveit2/install/interface_opcua/lib/python3.10/site-packages:${PYTHONPATH} /usr/bin/python3 -W ignore:setup.py install is deprecated setup.py egg_info --egg-base ../../build/interface_opcua build --build-base /home/autopilot/ws/restackcell/ws_moveit2/build/interface_opcua/build install --record /home/autopilot/ws/restackcell/ws_moveit2/build/interface_opcua/install.log --single-version-externally-managed install_data
[4.381s] DEBUG:colcon.colcon_core.event_handler.log_command:Invoking command in '/home/autopilot/ws/restackcell/ws_moveit2/src/opcua_client': AMENT_PREFIX_PATH=/home/autopilot/ws/restackcell/ws_moveit2/install/opcua_interfaces:${AMENT_PREFIX_PATH} CMAKE_PREFIX_PATH=/home/autopilot/ws/restackcell/ws_moveit2/install/opcua_interfaces LD_LIBRARY_PATH=/home/autopilot/ws/restackcell/ws_moveit2/install/opcua_interfaces/lib:${LD_LIBRARY_PATH} PYTHONPATH=/home/autopilot/ws/restackcell/ws_moveit2/build/opcua_client/prefix_override:/usr/lib/python3/dist-packages/colcon_core/task/python/colcon_distutils_commands:/home/autopilot/ws/restackcell/ws_moveit2/install/opcua_client/lib/python3.10/site-packages:/home/autopilot/ws/restackcell/ws_moveit2/install/opcua_interfaces/local/lib/python3.10/dist-packages:${PYTHONPATH} /usr/bin/python3 -W ignore:setup.py install is deprecated setup.py egg_info --egg-base ../../build/opcua_client build --build-base /home/autopilot/ws/restackcell/ws_moveit2/build/opcua_client/build install --record /home/autopilot/ws/restackcell/ws_moveit2/build/opcua_client/install.log --single-version-externally-managed install_data
[4.429s] DEBUG:colcon.colcon_core.event_handler.log_command:Invoked command in '/home/autopilot/ws/restackcell/ws_moveit2/build/wzlscheduler_interfaces' returned '0': /usr/bin/cmake --install /home/autopilot/ws/restackcell/ws_moveit2/build/wzlscheduler_interfaces
[4.616s] DEBUG:colcon.colcon_core.event_handler.log_command:Invoking command in '/home/autopilot/ws/restackcell/ws_moveit2/build/robo_planner_msgs': /usr/bin/cmake --install /home/autopilot/ws/restackcell/ws_moveit2/build/robo_planner_msgs
[4.905s] DEBUG:colcon.colcon_core.event_handler.log_command:Invoked command in '/home/autopilot/ws/restackcell/ws_moveit2/build/robo_planner_msgs' returned '0': /usr/bin/cmake --install /home/autopilot/ws/restackcell/ws_moveit2/build/robo_planner_msgs
[5.130s] Level 1:colcon.colcon_core.shell:create_environment_hook('wzlscheduler_interfaces', 'ros_package_path')
[5.131s] INFO:colcon.colcon_core.shell:Creating environment hook '/home/autopilot/ws/restackcell/ws_moveit2/install/wzlscheduler_interfaces/share/wzlscheduler_interfaces/hook/ros_package_path.ps1'
[5.132s] INFO:colcon.colcon_core.shell:Creating environment descriptor '/home/autopilot/ws/restackcell/ws_moveit2/install/wzlscheduler_interfaces/share/wzlscheduler_interfaces/hook/ros_package_path.dsv'
[5.137s] INFO:colcon.colcon_core.shell:Creating environment hook '/home/autopilot/ws/restackcell/ws_moveit2/install/wzlscheduler_interfaces/share/wzlscheduler_interfaces/hook/ros_package_path.sh'
[5.138s] Level 1:colcon.colcon_ros.task.catkin:checking '/home/autopilot/ws/restackcell/ws_moveit2/install/wzlscheduler_interfaces/local/lib/python3.10/dist-packages'
[5.139s] Level 1:colcon.colcon_core.shell:create_environment_hook('wzlscheduler_interfaces', 'catkin_pythonpath')
[5.139s] INFO:colcon.colcon_core.shell:Creating environment hook '/home/autopilot/ws/restackcell/ws_moveit2/install/wzlscheduler_interfaces/share/wzlscheduler_interfaces/hook/catkin_pythonpath.ps1'
[5.140s] INFO:colcon.colcon_core.shell:Creating environment descriptor '/home/autopilot/ws/restackcell/ws_moveit2/install/wzlscheduler_interfaces/share/wzlscheduler_interfaces/hook/catkin_pythonpath.dsv'
[5.141s] INFO:colcon.colcon_core.shell:Creating environment hook '/home/autopilot/ws/restackcell/ws_moveit2/install/wzlscheduler_interfaces/share/wzlscheduler_interfaces/hook/catkin_pythonpath.sh'
[5.142s] Level 1:colcon.colcon_core.shell:create_environment_hook('wzlscheduler_interfaces', 'pkg_config_path')
[5.143s] INFO:colcon.colcon_core.shell:Creating environment hook '/home/autopilot/ws/restackcell/ws_moveit2/install/wzlscheduler_interfaces/share/wzlscheduler_interfaces/hook/pkg_config_path.ps1'
[5.144s] INFO:colcon.colcon_core.shell:Creating environment descriptor '/home/autopilot/ws/restackcell/ws_moveit2/install/wzlscheduler_interfaces/share/wzlscheduler_interfaces/hook/pkg_config_path.dsv'
[5.144s] INFO:colcon.colcon_core.shell:Creating environment hook '/home/autopilot/ws/restackcell/ws_moveit2/install/wzlscheduler_interfaces/share/wzlscheduler_interfaces/hook/pkg_config_path.sh'
[5.148s] Level 1:colcon.colcon_core.shell:create_environment_hook('wzlscheduler_interfaces', 'pkg_config_path_multiarch')
[5.149s] INFO:colcon.colcon_core.shell:Creating environment hook '/home/autopilot/ws/restackcell/ws_moveit2/install/wzlscheduler_interfaces/share/wzlscheduler_interfaces/hook/pkg_config_path_multiarch.ps1'
[5.150s] INFO:colcon.colcon_core.shell:Creating environment descriptor '/home/autopilot/ws/restackcell/ws_moveit2/install/wzlscheduler_interfaces/share/wzlscheduler_interfaces/hook/pkg_config_path_multiarch.dsv'
[5.151s] INFO:colcon.colcon_core.shell:Creating environment hook '/home/autopilot/ws/restackcell/ws_moveit2/install/wzlscheduler_interfaces/share/wzlscheduler_interfaces/hook/pkg_config_path_multiarch.sh'
[5.153s] Level 1:colcon.colcon_core.environment:create_environment_scripts_only(wzlscheduler_interfaces)
[5.154s] Level 1:colcon.colcon_core.environment:checking '/home/autopilot/ws/restackcell/ws_moveit2/install/wzlscheduler_interfaces' for CMake module files
[5.155s] Level 1:colcon.colcon_core.environment:checking '/home/autopilot/ws/restackcell/ws_moveit2/install/wzlscheduler_interfaces' for CMake config files
[5.156s] Level 1:colcon.colcon_core.shell:create_environment_hook('wzlscheduler_interfaces', 'cmake_prefix_path')
[5.156s] INFO:colcon.colcon_core.shell:Creating environment hook '/home/autopilot/ws/restackcell/ws_moveit2/install/wzlscheduler_interfaces/share/wzlscheduler_interfaces/hook/cmake_prefix_path.ps1'
[5.157s] INFO:colcon.colcon_core.shell:Creating environment descriptor '/home/autopilot/ws/restackcell/ws_moveit2/install/wzlscheduler_interfaces/share/wzlscheduler_interfaces/hook/cmake_prefix_path.dsv'
[5.158s] INFO:colcon.colcon_core.shell:Creating environment hook '/home/autopilot/ws/restackcell/ws_moveit2/install/wzlscheduler_interfaces/share/wzlscheduler_interfaces/hook/cmake_prefix_path.sh'
[5.159s] Level 1:colcon.colcon_core.environment:checking '/home/autopilot/ws/restackcell/ws_moveit2/install/wzlscheduler_interfaces/lib'
[5.160s] Level 1:colcon.colcon_core.shell:create_environment_hook('wzlscheduler_interfaces', 'ld_library_path_lib')
[5.160s] INFO:colcon.colcon_core.shell:Creating environment hook '/home/autopilot/ws/restackcell/ws_moveit2/install/wzlscheduler_interfaces/share/wzlscheduler_interfaces/hook/ld_library_path_lib.ps1'
[5.161s] INFO:colcon.colcon_core.shell:Creating environment descriptor '/home/autopilot/ws/restackcell/ws_moveit2/install/wzlscheduler_interfaces/share/wzlscheduler_interfaces/hook/ld_library_path_lib.dsv'
[5.162s] INFO:colcon.colcon_core.shell:Creating environment hook '/home/autopilot/ws/restackcell/ws_moveit2/install/wzlscheduler_interfaces/share/wzlscheduler_interfaces/hook/ld_library_path_lib.sh'
[5.163s] Level 1:colcon.colcon_core.environment:checking '/home/autopilot/ws/restackcell/ws_moveit2/install/wzlscheduler_interfaces/bin'
[5.163s] Level 1:colcon.colcon_core.environment:checking '/home/autopilot/ws/restackcell/ws_moveit2/install/wzlscheduler_interfaces/lib/pkgconfig/wzlscheduler_interfaces.pc'
[5.163s] Level 1:colcon.colcon_core.environment:checking '/home/autopilot/ws/restackcell/ws_moveit2/install/wzlscheduler_interfaces/lib/python3.10/site-packages'
[5.164s] Level 1:colcon.colcon_core.environment:checking '/home/autopilot/ws/restackcell/ws_moveit2/install/wzlscheduler_interfaces/bin'
[5.165s] INFO:colcon.colcon_core.shell:Creating package script '/home/autopilot/ws/restackcell/ws_moveit2/install/wzlscheduler_interfaces/share/wzlscheduler_interfaces/package.ps1'
[5.167s] INFO:colcon.colcon_core.shell:Creating package descriptor '/home/autopilot/ws/restackcell/ws_moveit2/install/wzlscheduler_interfaces/share/wzlscheduler_interfaces/package.dsv'
[5.169s] INFO:colcon.colcon_core.shell:Creating package script '/home/autopilot/ws/restackcell/ws_moveit2/install/wzlscheduler_interfaces/share/wzlscheduler_interfaces/package.sh'
[5.170s] INFO:colcon.colcon_core.shell:Creating package script '/home/autopilot/ws/restackcell/ws_moveit2/install/wzlscheduler_interfaces/share/wzlscheduler_interfaces/package.bash'
[5.171s] INFO:colcon.colcon_core.shell:Creating package script '/home/autopilot/ws/restackcell/ws_moveit2/install/wzlscheduler_interfaces/share/wzlscheduler_interfaces/package.zsh'
[5.172s] Level 1:colcon.colcon_core.environment:create_file_with_runtime_dependencies(/home/autopilot/ws/restackcell/ws_moveit2/install/wzlscheduler_interfaces/share/colcon-core/packages/wzlscheduler_interfaces)
[5.173s] INFO:colcon.colcon_ros.task.ament_python.build:Building ROS package in '/home/autopilot/ws/restackcell/ws_moveit2/src/grid_snapper' with build type 'ament_python'
[5.173s] Level 1:colcon.colcon_core.shell:create_environment_hook('grid_snapper', 'ament_prefix_path')
[5.174s] INFO:colcon.colcon_core.shell:Creating environment hook '/home/autopilot/ws/restackcell/ws_moveit2/install/grid_snapper/share/grid_snapper/hook/ament_prefix_path.ps1'
[5.176s] INFO:colcon.colcon_core.shell:Creating environment descriptor '/home/autopilot/ws/restackcell/ws_moveit2/install/grid_snapper/share/grid_snapper/hook/ament_prefix_path.dsv'
[5.177s] INFO:colcon.colcon_core.shell:Creating environment hook '/home/autopilot/ws/restackcell/ws_moveit2/install/grid_snapper/share/grid_snapper/hook/ament_prefix_path.sh'
[5.178s] INFO:colcon.colcon_core.shell:Skip shell extension 'powershell' for command environment: Not usable outside of PowerShell
[5.178s] DEBUG:colcon.colcon_core.shell:Skip shell extension 'dsv' for command environment
[5.183s] INFO:colcon.colcon_ros.task.ament_cmake.build:Building ROS package in '/home/autopilot/ws/restackcell/ws_moveit2/src/mockup_robot' with build type 'ament_cmake'
[5.184s] INFO:colcon.colcon_cmake.task.cmake.build:Building CMake package in '/home/autopilot/ws/restackcell/ws_moveit2/src/mockup_robot'
[5.185s] INFO:colcon.colcon_core.shell:Skip shell extension 'powershell' for command environment: Not usable outside of PowerShell
[5.185s] DEBUG:colcon.colcon_core.shell:Skip shell extension 'dsv' for command environment
[5.194s] Level 1:colcon.colcon_core.environment:checking '/home/autopilot/ws/restackcell/ws_moveit2/install/opcua_client' for CMake module files
[5.195s] Level 1:colcon.colcon_core.environment:checking '/home/autopilot/ws/restackcell/ws_moveit2/install/opcua_client' for CMake config files
[5.196s] Level 1:colcon.colcon_core.environment:checking '/home/autopilot/ws/restackcell/ws_moveit2/install/opcua_client/lib'
[5.197s] Level 1:colcon.colcon_core.environment:checking '/home/autopilot/ws/restackcell/ws_moveit2/install/opcua_client/bin'
[5.197s] Level 1:colcon.colcon_core.environment:checking '/home/autopilot/ws/restackcell/ws_moveit2/install/opcua_client/lib/pkgconfig/opcua_client.pc'
[5.197s] Level 1:colcon.colcon_core.environment:checking '/home/autopilot/ws/restackcell/ws_moveit2/install/opcua_client/lib/python3.10/site-packages'
[5.197s] Level 1:colcon.colcon_core.shell:create_environment_hook('opcua_client', 'pythonpath')
[5.198s] INFO:colcon.colcon_core.shell:Creating environment hook '/home/autopilot/ws/restackcell/ws_moveit2/install/opcua_client/share/opcua_client/hook/pythonpath.ps1'
[5.199s] DEBUG:colcon.colcon_core.event_handler.log_command:Invoked command in '/home/autopilot/ws/restackcell/ws_moveit2/src/opcua_client' returned '0': AMENT_PREFIX_PATH=/home/autopilot/ws/restackcell/ws_moveit2/install/opcua_interfaces:${AMENT_PREFIX_PATH} CMAKE_PREFIX_PATH=/home/autopilot/ws/restackcell/ws_moveit2/install/opcua_interfaces LD_LIBRARY_PATH=/home/autopilot/ws/restackcell/ws_moveit2/install/opcua_interfaces/lib:${LD_LIBRARY_PATH} PYTHONPATH=/home/autopilot/ws/restackcell/ws_moveit2/build/opcua_client/prefix_override:/usr/lib/python3/dist-packages/colcon_core/task/python/colcon_distutils_commands:/home/autopilot/ws/restackcell/ws_moveit2/install/opcua_client/lib/python3.10/site-packages:/home/autopilot/ws/restackcell/ws_moveit2/install/opcua_interfaces/local/lib/python3.10/dist-packages:${PYTHONPATH} /usr/bin/python3 -W ignore:setup.py install is deprecated setup.py egg_info --egg-base ../../build/opcua_client build --build-base /home/autopilot/ws/restackcell/ws_moveit2/build/opcua_client/build install --record /home/autopilot/ws/restackcell/ws_moveit2/build/opcua_client/install.log --single-version-externally-managed install_data
[5.199s] INFO:colcon.colcon_core.shell:Creating environment descriptor '/home/autopilot/ws/restackcell/ws_moveit2/install/opcua_client/share/opcua_client/hook/pythonpath.dsv'
[5.200s] INFO:colcon.colcon_core.shell:Creating environment hook '/home/autopilot/ws/restackcell/ws_moveit2/install/opcua_client/share/opcua_client/hook/pythonpath.sh'
[5.201s] Level 1:colcon.colcon_core.environment:checking '/home/autopilot/ws/restackcell/ws_moveit2/install/opcua_client/bin'
[5.202s] Level 1:colcon.colcon_core.environment:create_environment_scripts_only(opcua_client)
[5.202s] INFO:colcon.colcon_core.shell:Creating package script '/home/autopilot/ws/restackcell/ws_moveit2/install/opcua_client/share/opcua_client/package.ps1'
[5.203s] INFO:colcon.colcon_core.shell:Creating package descriptor '/home/autopilot/ws/restackcell/ws_moveit2/install/opcua_client/share/opcua_client/package.dsv'
[5.204s] INFO:colcon.colcon_core.shell:Creating package script '/home/autopilot/ws/restackcell/ws_moveit2/install/opcua_client/share/opcua_client/package.sh'
[5.205s] INFO:colcon.colcon_core.shell:Creating package script '/home/autopilot/ws/restackcell/ws_moveit2/install/opcua_client/share/opcua_client/package.bash'
[5.206s] INFO:colcon.colcon_core.shell:Creating package script '/home/autopilot/ws/restackcell/ws_moveit2/install/opcua_client/share/opcua_client/package.zsh'
[5.206s] Level 1:colcon.colcon_core.environment:create_file_with_runtime_dependencies(/home/autopilot/ws/restackcell/ws_moveit2/install/opcua_client/share/colcon-core/packages/opcua_client)
[5.208s] INFO:colcon.colcon_ros.task.ament_cmake.build:Building ROS package in '/home/autopilot/ws/restackcell/ws_moveit2/src/moveit_backend' with build type 'ament_cmake'
[5.209s] INFO:colcon.colcon_cmake.task.cmake.build:Building CMake package in '/home/autopilot/ws/restackcell/ws_moveit2/src/moveit_backend'
[5.209s] INFO:colcon.colcon_core.shell:Skip shell extension 'powershell' for command environment: Not usable outside of PowerShell
[5.209s] DEBUG:colcon.colcon_core.shell:Skip shell extension 'dsv' for command environment
[5.789s] INFO:colcon.colcon_core.task.python.build:Building Python package in '/home/autopilot/ws/restackcell/ws_moveit2/src/grid_snapper'
[5.790s] INFO:colcon.colcon_core.shell:Skip shell extension 'powershell' for command environment: Not usable outside of PowerShell
[5.790s] DEBUG:colcon.colcon_core.shell:Skip shell extension 'dsv' for command environment
[5.806s] Level 1:colcon.colcon_core.shell:create_environment_hook('robo_planner_msgs', 'ros_package_path')
[5.807s] INFO:colcon.colcon_core.shell:Creating environment hook '/home/autopilot/ws/restackcell/ws_moveit2/install/robo_planner_msgs/share/robo_planner_msgs/hook/ros_package_path.ps1'
[5.808s] DEBUG:colcon.colcon_core.event_handler.log_command:Invoking command in '/home/autopilot/ws/restackcell/ws_moveit2/build/mockup_robot': CMAKE_PREFIX_PATH=/opt/ros/humble:/home/autopilot/ws/restackcell/ws_moveit2/install/wzlscheduler_interfaces LD_LIBRARY_PATH=/home/autopilot/ws/restackcell/ws_moveit2/install/wzlscheduler_interfaces/lib:${LD_LIBRARY_PATH} PKG_CONFIG_PATH=/home/autopilot/ws/restackcell/ws_moveit2/install/wzlscheduler_interfaces/lib/aarch64-linux-gnu/pkgconfig:/home/autopilot/ws/restackcell/ws_moveit2/install/wzlscheduler_interfaces/lib/pkgconfig PYTHONPATH=/home/autopilot/ws/restackcell/ws_moveit2/install/wzlscheduler_interfaces/local/lib/python3.10/dist-packages:${PYTHONPATH} ROS_PACKAGE_PATH=/home/autopilot/ws/restackcell/ws_moveit2/install/wzlscheduler_interfaces/share /usr/bin/cmake --build /home/autopilot/ws/restackcell/ws_moveit2/build/mockup_robot -- -j4 -l4
[5.809s] INFO:colcon.colcon_core.shell:Creating environment descriptor '/home/autopilot/ws/restackcell/ws_moveit2/install/robo_planner_msgs/share/robo_planner_msgs/hook/ros_package_path.dsv'
[5.810s] INFO:colcon.colcon_core.shell:Creating environment hook '/home/autopilot/ws/restackcell/ws_moveit2/install/robo_planner_msgs/share/robo_planner_msgs/hook/ros_package_path.sh'
[5.811s] Level 1:colcon.colcon_ros.task.catkin:checking '/home/autopilot/ws/restackcell/ws_moveit2/install/robo_planner_msgs/local/lib/python3.10/dist-packages'
[5.811s] Level 1:colcon.colcon_core.shell:create_environment_hook('robo_planner_msgs', 'catkin_pythonpath')
[5.812s] INFO:colcon.colcon_core.shell:Creating environment hook '/home/autopilot/ws/restackcell/ws_moveit2/install/robo_planner_msgs/share/robo_planner_msgs/hook/catkin_pythonpath.ps1'
[5.813s] INFO:colcon.colcon_core.shell:Creating environment descriptor '/home/autopilot/ws/restackcell/ws_moveit2/install/robo_planner_msgs/share/robo_planner_msgs/hook/catkin_pythonpath.dsv'
[5.813s] INFO:colcon.colcon_core.shell:Creating environment hook '/home/autopilot/ws/restackcell/ws_moveit2/install/robo_planner_msgs/share/robo_planner_msgs/hook/catkin_pythonpath.sh'
[5.815s] Level 1:colcon.colcon_core.shell:create_environment_hook('robo_planner_msgs', 'pkg_config_path')
[5.815s] INFO:colcon.colcon_core.shell:Creating environment hook '/home/autopilot/ws/restackcell/ws_moveit2/install/robo_planner_msgs/share/robo_planner_msgs/hook/pkg_config_path.ps1'
[5.816s] INFO:colcon.colcon_core.shell:Creating environment descriptor '/home/autopilot/ws/restackcell/ws_moveit2/install/robo_planner_msgs/share/robo_planner_msgs/hook/pkg_config_path.dsv'
[5.817s] INFO:colcon.colcon_core.shell:Creating environment hook '/home/autopilot/ws/restackcell/ws_moveit2/install/robo_planner_msgs/share/robo_planner_msgs/hook/pkg_config_path.sh'
[5.817s] Level 1:colcon.colcon_core.shell:create_environment_hook('robo_planner_msgs', 'pkg_config_path_multiarch')
[5.818s] INFO:colcon.colcon_core.shell:Creating environment hook '/home/autopilot/ws/restackcell/ws_moveit2/install/robo_planner_msgs/share/robo_planner_msgs/hook/pkg_config_path_multiarch.ps1'
[5.819s] INFO:colcon.colcon_core.shell:Creating environment descriptor '/home/autopilot/ws/restackcell/ws_moveit2/install/robo_planner_msgs/share/robo_planner_msgs/hook/pkg_config_path_multiarch.dsv'
[5.819s] INFO:colcon.colcon_core.shell:Creating environment hook '/home/autopilot/ws/restackcell/ws_moveit2/install/robo_planner_msgs/share/robo_planner_msgs/hook/pkg_config_path_multiarch.sh'
[5.821s] Level 1:colcon.colcon_core.environment:create_environment_scripts_only(robo_planner_msgs)
[5.822s] Level 1:colcon.colcon_core.environment:checking '/home/autopilot/ws/restackcell/ws_moveit2/install/robo_planner_msgs' for CMake module files
[5.823s] Level 1:colcon.colcon_core.environment:checking '/home/autopilot/ws/restackcell/ws_moveit2/install/robo_planner_msgs' for CMake config files
[5.824s] Level 1:colcon.colcon_core.shell:create_environment_hook('robo_planner_msgs', 'cmake_prefix_path')
[5.824s] INFO:colcon.colcon_core.shell:Creating environment hook '/home/autopilot/ws/restackcell/ws_moveit2/install/robo_planner_msgs/share/robo_planner_msgs/hook/cmake_prefix_path.ps1'
[5.825s] INFO:colcon.colcon_core.shell:Creating environment descriptor '/home/autopilot/ws/restackcell/ws_moveit2/install/robo_planner_msgs/share/robo_planner_msgs/hook/cmake_prefix_path.dsv'
[5.826s] INFO:colcon.colcon_core.shell:Creating environment hook '/home/autopilot/ws/restackcell/ws_moveit2/install/robo_planner_msgs/share/robo_planner_msgs/hook/cmake_prefix_path.sh'
[5.827s] Level 1:colcon.colcon_core.environment:checking '/home/autopilot/ws/restackcell/ws_moveit2/install/robo_planner_msgs/lib'
[5.828s] Level 1:colcon.colcon_core.shell:create_environment_hook('robo_planner_msgs', 'ld_library_path_lib')
[5.828s] INFO:colcon.colcon_core.shell:Creating environment hook '/home/autopilot/ws/restackcell/ws_moveit2/install/robo_planner_msgs/share/robo_planner_msgs/hook/ld_library_path_lib.ps1'
[5.829s] INFO:colcon.colcon_core.shell:Creating environment descriptor '/home/autopilot/ws/restackcell/ws_moveit2/install/robo_planner_msgs/share/robo_planner_msgs/hook/ld_library_path_lib.dsv'
[5.829s] INFO:colcon.colcon_core.shell:Creating environment hook '/home/autopilot/ws/restackcell/ws_moveit2/install/robo_planner_msgs/share/robo_planner_msgs/hook/ld_library_path_lib.sh'
[5.830s] Level 1:colcon.colcon_core.environment:checking '/home/autopilot/ws/restackcell/ws_moveit2/install/robo_planner_msgs/bin'
[5.830s] Level 1:colcon.colcon_core.environment:checking '/home/autopilot/ws/restackcell/ws_moveit2/install/robo_planner_msgs/lib/pkgconfig/robo_planner_msgs.pc'
[5.831s] Level 1:colcon.colcon_core.environment:checking '/home/autopilot/ws/restackcell/ws_moveit2/install/robo_planner_msgs/lib/python3.10/site-packages'
[5.832s] Level 1:colcon.colcon_core.environment:checking '/home/autopilot/ws/restackcell/ws_moveit2/install/robo_planner_msgs/bin'
[5.833s] INFO:colcon.colcon_core.shell:Creating package script '/home/autopilot/ws/restackcell/ws_moveit2/install/robo_planner_msgs/share/robo_planner_msgs/package.ps1'
[5.834s] INFO:colcon.colcon_core.shell:Creating package descriptor '/home/autopilot/ws/restackcell/ws_moveit2/install/robo_planner_msgs/share/robo_planner_msgs/package.dsv'
[5.835s] INFO:colcon.colcon_core.shell:Creating package script '/home/autopilot/ws/restackcell/ws_moveit2/install/robo_planner_msgs/share/robo_planner_msgs/package.sh'
[5.837s] INFO:colcon.colcon_core.shell:Creating package script '/home/autopilot/ws/restackcell/ws_moveit2/install/robo_planner_msgs/share/robo_planner_msgs/package.bash'
[5.837s] INFO:colcon.colcon_core.shell:Creating package script '/home/autopilot/ws/restackcell/ws_moveit2/install/robo_planner_msgs/share/robo_planner_msgs/package.zsh'
[5.838s] Level 1:colcon.colcon_core.environment:create_file_with_runtime_dependencies(/home/autopilot/ws/restackcell/ws_moveit2/install/robo_planner_msgs/share/colcon-core/packages/robo_planner_msgs)
[5.844s] DEBUG:colcon.colcon_core.event_handler.log_command:Invoking command in '/home/autopilot/ws/restackcell/ws_moveit2/build/moveit_backend': CMAKE_PREFIX_PATH=/opt/ros/humble:/home/autopilot/ws/restackcell/ws_moveit2/install/wzlscheduler_interfaces LD_LIBRARY_PATH=/home/autopilot/ws/restackcell/ws_moveit2/install/wzlscheduler_interfaces/lib:${LD_LIBRARY_PATH} PKG_CONFIG_PATH=/home/autopilot/ws/restackcell/ws_moveit2/install/wzlscheduler_interfaces/lib/aarch64-linux-gnu/pkgconfig:/home/autopilot/ws/restackcell/ws_moveit2/install/wzlscheduler_interfaces/lib/pkgconfig PYTHONPATH=/home/autopilot/ws/restackcell/ws_moveit2/install/wzlscheduler_interfaces/local/lib/python3.10/dist-packages:${PYTHONPATH} ROS_PACKAGE_PATH=/home/autopilot/ws/restackcell/ws_moveit2/install/wzlscheduler_interfaces/share /usr/bin/cmake /home/autopilot/ws/restackcell/ws_moveit2/src/moveit_backend -DCMAKE_INSTALL_PREFIX=/home/autopilot/ws/restackcell/ws_moveit2/install/moveit_backend
[5.844s] INFO:colcon.colcon_ros.task.ament_cmake.build:Building ROS package in '/home/autopilot/ws/restackcell/ws_moveit2/src/robo_planner' with build type 'ament_cmake'
[5.845s] INFO:colcon.colcon_cmake.task.cmake.build:Building CMake package in '/home/autopilot/ws/restackcell/ws_moveit2/src/robo_planner'
[5.845s] INFO:colcon.colcon_core.shell:Skip shell extension 'powershell' for command environment: Not usable outside of PowerShell
[5.845s] DEBUG:colcon.colcon_core.shell:Skip shell extension 'dsv' for command environment
[5.904s] DEBUG:colcon.colcon_core.event_handler.log_command:Invoking command in '/home/autopilot/ws/restackcell/ws_moveit2/build/robo_planner': AMENT_PREFIX_PATH=/home/autopilot/ws/restackcell/ws_moveit2/install/opcua_interfaces:${AMENT_PREFIX_PATH} CMAKE_PREFIX_PATH=/opt/ros/humble:/home/autopilot/ws/restackcell/ws_moveit2/install/wzlscheduler_interfaces:/home/autopilot/ws/restackcell/ws_moveit2/install/opcua_interfaces LD_LIBRARY_PATH=/home/autopilot/ws/restackcell/ws_moveit2/install/wzlscheduler_interfaces/lib:/home/autopilot/ws/restackcell/ws_moveit2/install/opcua_interfaces/lib:${LD_LIBRARY_PATH} PKG_CONFIG_PATH=/home/autopilot/ws/restackcell/ws_moveit2/install/wzlscheduler_interfaces/lib/aarch64-linux-gnu/pkgconfig:/home/autopilot/ws/restackcell/ws_moveit2/install/wzlscheduler_interfaces/lib/pkgconfig PYTHONPATH=/home/autopilot/ws/restackcell/ws_moveit2/install/wzlscheduler_interfaces/local/lib/python3.10/dist-packages:/home/autopilot/ws/restackcell/ws_moveit2/install/opcua_interfaces/local/lib/python3.10/dist-packages:${PYTHONPATH} ROS_PACKAGE_PATH=/home/autopilot/ws/restackcell/ws_moveit2/install/wzlscheduler_interfaces/share /usr/bin/cmake /home/autopilot/ws/restackcell/ws_moveit2/src/robo_planner -DCMAKE_INSTALL_PREFIX=/home/autopilot/ws/restackcell/ws_moveit2/install/robo_planner
[6.759s] DEBUG:colcon.colcon_core.event_handler.log_command:Invoking command in '/home/autopilot/ws/restackcell/ws_moveit2/src/grid_snapper': CMAKE_PREFIX_PATH=/home/autopilot/ws/restackcell/ws_moveit2/install/wzlscheduler_interfaces LD_LIBRARY_PATH=/home/autopilot/ws/restackcell/ws_moveit2/install/wzlscheduler_interfaces/lib:${LD_LIBRARY_PATH} PKG_CONFIG_PATH=/home/autopilot/ws/restackcell/ws_moveit2/install/wzlscheduler_interfaces/lib/aarch64-linux-gnu/pkgconfig:/home/autopilot/ws/restackcell/ws_moveit2/install/wzlscheduler_interfaces/lib/pkgconfig PYTHONPATH=/home/autopilot/ws/restackcell/ws_moveit2/build/grid_snapper/prefix_override:/usr/lib/python3/dist-packages/colcon_core/task/python/colcon_distutils_commands:/home/autopilot/ws/restackcell/ws_moveit2/install/grid_snapper/lib/python3.10/site-packages:/home/autopilot/ws/restackcell/ws_moveit2/install/wzlscheduler_interfaces/local/lib/python3.10/dist-packages:${PYTHONPATH} ROS_PACKAGE_PATH=/home/autopilot/ws/restackcell/ws_moveit2/install/wzlscheduler_interfaces/share /usr/bin/python3 -W ignore:setup.py install is deprecated setup.py egg_info --egg-base ../../build/grid_snapper build --build-base /home/autopilot/ws/restackcell/ws_moveit2/build/grid_snapper/build install --record /home/autopilot/ws/restackcell/ws_moveit2/build/grid_snapper/install.log --single-version-externally-managed install_data
[7.596s] Level 1:colcon.colcon_core.environment:checking '/home/autopilot/ws/restackcell/ws_moveit2/install/grid_snapper' for CMake module files
[7.597s] Level 1:colcon.colcon_core.environment:checking '/home/autopilot/ws/restackcell/ws_moveit2/install/grid_snapper' for CMake config files
[7.599s] DEBUG:colcon.colcon_core.event_handler.log_command:Invoked command in '/home/autopilot/ws/restackcell/ws_moveit2/src/grid_snapper' returned '0': CMAKE_PREFIX_PATH=/home/autopilot/ws/restackcell/ws_moveit2/install/wzlscheduler_interfaces LD_LIBRARY_PATH=/home/autopilot/ws/restackcell/ws_moveit2/install/wzlscheduler_interfaces/lib:${LD_LIBRARY_PATH} PKG_CONFIG_PATH=/home/autopilot/ws/restackcell/ws_moveit2/install/wzlscheduler_interfaces/lib/aarch64-linux-gnu/pkgconfig:/home/autopilot/ws/restackcell/ws_moveit2/install/wzlscheduler_interfaces/lib/pkgconfig PYTHONPATH=/home/autopilot/ws/restackcell/ws_moveit2/build/grid_snapper/prefix_override:/usr/lib/python3/dist-packages/colcon_core/task/python/colcon_distutils_commands:/home/autopilot/ws/restackcell/ws_moveit2/install/grid_snapper/lib/python3.10/site-packages:/home/autopilot/ws/restackcell/ws_moveit2/install/wzlscheduler_interfaces/local/lib/python3.10/dist-packages:${PYTHONPATH} ROS_PACKAGE_PATH=/home/autopilot/ws/restackcell/ws_moveit2/install/wzlscheduler_interfaces/share /usr/bin/python3 -W ignore:setup.py install is deprecated setup.py egg_info --egg-base ../../build/grid_snapper build --build-base /home/autopilot/ws/restackcell/ws_moveit2/build/grid_snapper/build install --record /home/autopilot/ws/restackcell/ws_moveit2/build/grid_snapper/install.log --single-version-externally-managed install_data
[7.599s] Level 1:colcon.colcon_core.environment:checking '/home/autopilot/ws/restackcell/ws_moveit2/install/grid_snapper/lib'
[7.599s] Level 1:colcon.colcon_core.environment:checking '/home/autopilot/ws/restackcell/ws_moveit2/install/grid_snapper/bin'
[7.599s] Level 1:colcon.colcon_core.environment:checking '/home/autopilot/ws/restackcell/ws_moveit2/install/grid_snapper/lib/pkgconfig/grid_snapper.pc'
[7.600s] Level 1:colcon.colcon_core.environment:checking '/home/autopilot/ws/restackcell/ws_moveit2/install/grid_snapper/lib/python3.10/site-packages'
[7.600s] Level 1:colcon.colcon_core.shell:create_environment_hook('grid_snapper', 'pythonpath')
[7.600s] INFO:colcon.colcon_core.shell:Creating environment hook '/home/autopilot/ws/restackcell/ws_moveit2/install/grid_snapper/share/grid_snapper/hook/pythonpath.ps1'
[7.601s] INFO:colcon.colcon_core.shell:Creating environment descriptor '/home/autopilot/ws/restackcell/ws_moveit2/install/grid_snapper/share/grid_snapper/hook/pythonpath.dsv'
[7.602s] INFO:colcon.colcon_core.shell:Creating environment hook '/home/autopilot/ws/restackcell/ws_moveit2/install/grid_snapper/share/grid_snapper/hook/pythonpath.sh'
[7.603s] Level 1:colcon.colcon_core.environment:checking '/home/autopilot/ws/restackcell/ws_moveit2/install/grid_snapper/bin'
[7.603s] Level 1:colcon.colcon_core.environment:create_environment_scripts_only(grid_snapper)
[7.604s] INFO:colcon.colcon_core.shell:Creating package script '/home/autopilot/ws/restackcell/ws_moveit2/install/grid_snapper/share/grid_snapper/package.ps1'
[7.605s] INFO:colcon.colcon_core.shell:Creating package descriptor '/home/autopilot/ws/restackcell/ws_moveit2/install/grid_snapper/share/grid_snapper/package.dsv'
[7.606s] INFO:colcon.colcon_core.shell:Creating package script '/home/autopilot/ws/restackcell/ws_moveit2/install/grid_snapper/share/grid_snapper/package.sh'
[7.607s] INFO:colcon.colcon_core.shell:Creating package script '/home/autopilot/ws/restackcell/ws_moveit2/install/grid_snapper/share/grid_snapper/package.bash'
[7.607s] INFO:colcon.colcon_core.shell:Creating package script '/home/autopilot/ws/restackcell/ws_moveit2/install/grid_snapper/share/grid_snapper/package.zsh'
[7.608s] Level 1:colcon.colcon_core.environment:create_file_with_runtime_dependencies(/home/autopilot/ws/restackcell/ws_moveit2/install/grid_snapper/share/colcon-core/packages/grid_snapper)
[7.610s] INFO:colcon.colcon_ros.task.ament_python.build:Building ROS package in '/home/autopilot/ws/restackcell/ws_moveit2/src/robo_planner_py' with build type 'ament_python'
[7.610s] Level 1:colcon.colcon_core.shell:create_environment_hook('robo_planner_py', 'ament_prefix_path')
[7.611s] INFO:colcon.colcon_core.shell:Creating environment hook '/home/autopilot/ws/restackcell/ws_moveit2/install/robo_planner_py/share/robo_planner_py/hook/ament_prefix_path.ps1'
[7.612s] INFO:colcon.colcon_core.shell:Creating environment descriptor '/home/autopilot/ws/restackcell/ws_moveit2/install/robo_planner_py/share/robo_planner_py/hook/ament_prefix_path.dsv'
[7.612s] INFO:colcon.colcon_core.shell:Creating environment hook '/home/autopilot/ws/restackcell/ws_moveit2/install/robo_planner_py/share/robo_planner_py/hook/ament_prefix_path.sh'
[7.614s] INFO:colcon.colcon_core.shell:Skip shell extension 'powershell' for command environment: Not usable outside of PowerShell
[7.614s] DEBUG:colcon.colcon_core.shell:Skip shell extension 'dsv' for command environment
[8.290s] INFO:colcon.colcon_core.task.python.build:Building Python package in '/home/autopilot/ws/restackcell/ws_moveit2/src/robo_planner_py'
[8.290s] INFO:colcon.colcon_core.shell:Skip shell extension 'powershell' for command environment: Not usable outside of PowerShell
[8.291s] DEBUG:colcon.colcon_core.shell:Skip shell extension 'dsv' for command environment
[8.428s] DEBUG:colcon.colcon_core.event_handler.log_command:Invoked command in '/home/autopilot/ws/restackcell/ws_moveit2/build/robo_planner' returned '1': AMENT_PREFIX_PATH=/home/autopilot/ws/restackcell/ws_moveit2/install/opcua_interfaces:${AMENT_PREFIX_PATH} CMAKE_PREFIX_PATH=/opt/ros/humble:/home/autopilot/ws/restackcell/ws_moveit2/install/wzlscheduler_interfaces:/home/autopilot/ws/restackcell/ws_moveit2/install/opcua_interfaces LD_LIBRARY_PATH=/home/autopilot/ws/restackcell/ws_moveit2/install/wzlscheduler_interfaces/lib:/home/autopilot/ws/restackcell/ws_moveit2/install/opcua_interfaces/lib:${LD_LIBRARY_PATH} PKG_CONFIG_PATH=/home/autopilot/ws/restackcell/ws_moveit2/install/wzlscheduler_interfaces/lib/aarch64-linux-gnu/pkgconfig:/home/autopilot/ws/restackcell/ws_moveit2/install/wzlscheduler_interfaces/lib/pkgconfig PYTHONPATH=/home/autopilot/ws/restackcell/ws_moveit2/install/wzlscheduler_interfaces/local/lib/python3.10/dist-packages:/home/autopilot/ws/restackcell/ws_moveit2/install/opcua_interfaces/local/lib/python3.10/dist-packages:${PYTHONPATH} ROS_PACKAGE_PATH=/home/autopilot/ws/restackcell/ws_moveit2/install/wzlscheduler_interfaces/share /usr/bin/cmake /home/autopilot/ws/restackcell/ws_moveit2/src/robo_planner -DCMAKE_INSTALL_PREFIX=/home/autopilot/ws/restackcell/ws_moveit2/install/robo_planner
[8.453s] Level 1:colcon.colcon_core.environment:create_environment_scripts_only(robo_planner)
[8.454s] Level 1:colcon.colcon_core.environment:checking '/home/autopilot/ws/restackcell/ws_moveit2/install/robo_planner' for CMake module files
[8.455s] Level 1:colcon.colcon_core.environment:checking '/home/autopilot/ws/restackcell/ws_moveit2/install/robo_planner' for CMake config files
[8.455s] Level 1:colcon.colcon_core.environment:checking '/home/autopilot/ws/restackcell/ws_moveit2/install/robo_planner/bin'
[8.456s] Level 1:colcon.colcon_core.environment:checking '/home/autopilot/ws/restackcell/ws_moveit2/install/robo_planner/lib/pkgconfig/robo_planner.pc'
[8.456s] Level 1:colcon.colcon_core.environment:checking '/home/autopilot/ws/restackcell/ws_moveit2/install/robo_planner/lib/python3.10/site-packages'
[8.457s] Level 1:colcon.colcon_core.environment:checking '/home/autopilot/ws/restackcell/ws_moveit2/install/robo_planner/bin'
[8.457s] INFO:colcon.colcon_core.shell:Creating package script '/home/autopilot/ws/restackcell/ws_moveit2/install/robo_planner/share/robo_planner/package.ps1'
[8.462s] INFO:colcon.colcon_core.shell:Creating package descriptor '/home/autopilot/ws/restackcell/ws_moveit2/install/robo_planner/share/robo_planner/package.dsv'
[8.463s] INFO:colcon.colcon_core.shell:Creating package script '/home/autopilot/ws/restackcell/ws_moveit2/install/robo_planner/share/robo_planner/package.sh'
[8.464s] INFO:colcon.colcon_core.shell:Creating package script '/home/autopilot/ws/restackcell/ws_moveit2/install/robo_planner/share/robo_planner/package.bash'
[8.465s] INFO:colcon.colcon_core.shell:Creating package script '/home/autopilot/ws/restackcell/ws_moveit2/install/robo_planner/share/robo_planner/package.zsh'
[8.466s] Level 1:colcon.colcon_core.environment:create_file_with_runtime_dependencies(/home/autopilot/ws/restackcell/ws_moveit2/install/robo_planner/share/colcon-core/packages/robo_planner)
[42.101s] DEBUG:colcon.colcon_parallel_executor.executor.parallel:closing loop
[42.101s] DEBUG:colcon.colcon_parallel_executor.executor.parallel:loop closed
[42.102s] DEBUG:colcon.colcon_parallel_executor.executor.parallel:run_until_complete finished with '1'
[42.102s] DEBUG:colcon.colcon_core.event_reactor:joining thread
[42.117s] INFO:colcon.colcon_core.plugin_system:Skipping extension 'colcon_notification.desktop_notification.terminal_notifier': Not used on non-Darwin systems
[42.117s] INFO:colcon.colcon_core.plugin_system:Skipping extension 'colcon_notification.desktop_notification.win32': Not used on non-Windows systems
[42.117s] INFO:colcon.colcon_notification.desktop_notification:Sending desktop notification using 'notify2'
[42.163s] DEBUG:colcon.colcon_core.event_reactor:joined thread
[42.164s] INFO:colcon.colcon_core.shell:Creating prefix script '/home/autopilot/ws/restackcell/ws_moveit2/install/local_setup.ps1'
[42.167s] INFO:colcon.colcon_core.shell:Creating prefix util module '/home/autopilot/ws/restackcell/ws_moveit2/install/_local_setup_util_ps1.py'
[42.172s] INFO:colcon.colcon_core.shell:Creating prefix chain script '/home/autopilot/ws/restackcell/ws_moveit2/install/setup.ps1'
[42.174s] INFO:colcon.colcon_core.shell:Creating prefix script '/home/autopilot/ws/restackcell/ws_moveit2/install/local_setup.sh'
[42.176s] INFO:colcon.colcon_core.shell:Creating prefix util module '/home/autopilot/ws/restackcell/ws_moveit2/install/_local_setup_util_sh.py'
[42.177s] INFO:colcon.colcon_core.shell:Creating prefix chain script '/home/autopilot/ws/restackcell/ws_moveit2/install/setup.sh'
[42.179s] INFO:colcon.colcon_core.shell:Creating prefix script '/home/autopilot/ws/restackcell/ws_moveit2/install/local_setup.bash'
[42.181s] INFO:colcon.colcon_core.shell:Creating prefix chain script '/home/autopilot/ws/restackcell/ws_moveit2/install/setup.bash'
[42.183s] INFO:colcon.colcon_core.shell:Creating prefix script '/home/autopilot/ws/restackcell/ws_moveit2/install/local_setup.zsh'
[42.184s] INFO:colcon.colcon_core.shell:Creating prefix chain script '/home/autopilot/ws/restackcell/ws_moveit2/install/setup.zsh'
