[4.046s] Invoking command in '/home/autopilot/ws/restackcell/ws_moveit2/src/opcua_client': CMAKE_PREFIX_PATH=/home/autopilot/ws/restackcell/ws_moveit2/install/opcua_interfaces:/home/autopilot/ws/restackcell/ws_moveit2/install/robo_planner:/home/autopilot/ws/restackcell/ws_moveit2/install/pcl_segmentation:/home/autopilot/ws/restackcell/ws_moveit2/install/moveit_backend:/home/autopilot/ws/restackcell/ws_moveit2/install/mockup_robot:/home/autopilot/ws/restackcell/ws_moveit2/install/wzlscheduler_interfaces:/home/autopilot/ws/restackcell/ws_moveit2/install/ur_pilz:/home/autopilot/ws/restackcell/ws_moveit2/install/robo_planner_msgs LD_LIBRARY_PATH=/home/autopilot/ws/restackcell/ws_moveit2/install/opcua_interfaces/lib:/home/autopilot/ws/restackcell/ws_moveit2/install/wzlscheduler_interfaces/lib:/home/autopilot/ws/restackcell/ws_moveit2/install/robo_planner_msgs/lib:/opt/ros/humble/opt/rviz_ogre_vendor/lib:/opt/ros/humble/lib/aarch64-linux-gnu:/opt/ros/humble/lib PYTHONPATH=/home/autopilot/ws/restackcell/ws_moveit2/build/opcua_client/prefix_override:/usr/lib/python3/dist-packages/colcon_core/task/python/colcon_distutils_commands:/home/autopilot/ws/restackcell/ws_moveit2/install/opcua_client/lib/python3.10/site-packages:${PYTHONPATH} /usr/bin/python3 -W ignore:setup.py install is deprecated setup.py egg_info --egg-base ../../build/opcua_client build --build-base /home/autopilot/ws/restackcell/ws_moveit2/build/opcua_client/build install --record /home/autopilot/ws/restackcell/ws_moveit2/build/opcua_client/install.log --single-version-externally-managed install_data
[5.396s] running egg_info
[5.398s] writing ../../build/opcua_client/opcua_client.egg-info/PKG-INFO
[5.400s] writing dependency_links to ../../build/opcua_client/opcua_client.egg-info/dependency_links.txt
[5.400s] writing entry points to ../../build/opcua_client/opcua_client.egg-info/entry_points.txt
[5.409s] writing requirements to ../../build/opcua_client/opcua_client.egg-info/requires.txt
[5.411s] writing top-level names to ../../build/opcua_client/opcua_client.egg-info/top_level.txt
[5.429s] reading manifest file '../../build/opcua_client/opcua_client.egg-info/SOURCES.txt'
[5.450s] writing manifest file '../../build/opcua_client/opcua_client.egg-info/SOURCES.txt'
[5.451s] running build
[5.453s] running build_py
[5.467s] running install
[5.476s] running install_lib
[5.481s] running install_data
[5.491s] running install_egg_info
[5.510s] removing '/home/autopilot/ws/restackcell/ws_moveit2/install/opcua_client/lib/python3.10/site-packages/opcua_client-0.0.0-py3.10.egg-info' (and everything under it)
[5.512s] Copying ../../build/opcua_client/opcua_client.egg-info to /home/autopilot/ws/restackcell/ws_moveit2/install/opcua_client/lib/python3.10/site-packages/opcua_client-0.0.0-py3.10.egg-info
[5.529s] running install_scripts
[5.856s] Installing client_node script to /home/autopilot/ws/restackcell/ws_moveit2/install/opcua_client/lib/opcua_client
[5.867s] Installing publisher_to_client script to /home/autopilot/ws/restackcell/ws_moveit2/install/opcua_client/lib/opcua_client
[5.875s] writing list of installed files to '/home/autopilot/ws/restackcell/ws_moveit2/build/opcua_client/install.log'
[7.332s] Invoked command in '/home/autopilot/ws/restackcell/ws_moveit2/src/opcua_client' returned '0': CMAKE_PREFIX_PATH=/home/autopilot/ws/restackcell/ws_moveit2/install/opcua_interfaces:/home/autopilot/ws/restackcell/ws_moveit2/install/robo_planner:/home/autopilot/ws/restackcell/ws_moveit2/install/pcl_segmentation:/home/autopilot/ws/restackcell/ws_moveit2/install/moveit_backend:/home/autopilot/ws/restackcell/ws_moveit2/install/mockup_robot:/home/autopilot/ws/restackcell/ws_moveit2/install/wzlscheduler_interfaces:/home/autopilot/ws/restackcell/ws_moveit2/install/ur_pilz:/home/autopilot/ws/restackcell/ws_moveit2/install/robo_planner_msgs LD_LIBRARY_PATH=/home/autopilot/ws/restackcell/ws_moveit2/install/opcua_interfaces/lib:/home/autopilot/ws/restackcell/ws_moveit2/install/wzlscheduler_interfaces/lib:/home/autopilot/ws/restackcell/ws_moveit2/install/robo_planner_msgs/lib:/opt/ros/humble/opt/rviz_ogre_vendor/lib:/opt/ros/humble/lib/aarch64-linux-gnu:/opt/ros/humble/lib PYTHONPATH=/home/autopilot/ws/restackcell/ws_moveit2/build/opcua_client/prefix_override:/usr/lib/python3/dist-packages/colcon_core/task/python/colcon_distutils_commands:/home/autopilot/ws/restackcell/ws_moveit2/install/opcua_client/lib/python3.10/site-packages:${PYTHONPATH} /usr/bin/python3 -W ignore:setup.py install is deprecated setup.py egg_info --egg-base ../../build/opcua_client build --build-base /home/autopilot/ws/restackcell/ws_moveit2/build/opcua_client/build install --record /home/autopilot/ws/restackcell/ws_moveit2/build/opcua_client/install.log --single-version-externally-managed install_data
