[2.606s] Invoking command in '/home/autopilot/ws/restackcell/ws_moveit2/src/grid_snapper': CMAKE_PREFIX_PATH=/home/autopilot/ws/restackcell/ws_moveit2/install/wzlscheduler_interfaces:/home/autopilot/ws/restackcell/ws_moveit2/install/robo_planner:/home/autopilot/ws/restackcell/ws_moveit2/install/pcl_segmentation:/home/autopilot/ws/restackcell/ws_moveit2/install/moveit_backend:/home/autopilot/ws/restackcell/ws_moveit2/install/mockup_robot:/home/autopilot/ws/restackcell/ws_moveit2/install/ur_pilz:/home/autopilot/ws/restackcell/ws_moveit2/install/robo_planner_msgs:/home/autopilot/ws/restackcell/ws_moveit2/install/opcua_interfaces:/home/autopilot/ws/restackcell/ws_moveit2/install/custom_ur_moveit_config:/home/autopilot/ws/restackcell/ws_moveit2/install/custom_ur_description PYTHONPATH=/home/autopilot/ws/restackcell/ws_moveit2/build/grid_snapper/prefix_override:/usr/lib/python3/dist-packages/colcon_core/task/python/colcon_distutils_commands:/home/autopilot/ws/restackcell/ws_moveit2/install/grid_snapper/lib/python3.10/site-packages:/home/autopilot/ws/restackcell/ws_moveit2/install/wzlscheduler_interfaces/local/lib/python3.10/dist-packages:/home/autopilot/ws/restackcell/ws_moveit2/install/robo_planner_py/lib/python3.10/site-packages:/home/autopilot/ws/restackcell/ws_moveit2/install/grid_snapper/lib/python3.10/site-packages:/home/autopilot/ws/restackcell/ws_moveit2/install/robo_planner_msgs/local/lib/python3.10/dist-packages:/home/autopilot/ws/restackcell/ws_moveit2/install/opcua_client/lib/python3.10/site-packages:/home/autopilot/ws/restackcell/ws_moveit2/install/opcua_interfaces/local/lib/python3.10/dist-packages:/home/autopilot/ws/restackcell/ws_moveit2/install/interface_opcua/lib/python3.10/site-packages:/opt/ros/humble/lib/python3.10/site-packages:/opt/ros/humble/local/lib/python3.10/dist-packages /usr/bin/python3 -W ignore:setup.py install is deprecated setup.py egg_info --egg-base ../../build/grid_snapper build --build-base /home/autopilot/ws/restackcell/ws_moveit2/build/grid_snapper/build install --record /home/autopilot/ws/restackcell/ws_moveit2/build/grid_snapper/install.log --single-version-externally-managed install_data
[3.315s] running egg_info
[3.319s] writing ../../build/grid_snapper/grid_snapper.egg-info/PKG-INFO
[3.319s] writing dependency_links to ../../build/grid_snapper/grid_snapper.egg-info/dependency_links.txt
[3.319s] writing entry points to ../../build/grid_snapper/grid_snapper.egg-info/entry_points.txt
[3.319s] writing requirements to ../../build/grid_snapper/grid_snapper.egg-info/requires.txt
[3.319s] writing top-level names to ../../build/grid_snapper/grid_snapper.egg-info/top_level.txt
[3.333s] reading manifest file '../../build/grid_snapper/grid_snapper.egg-info/SOURCES.txt'
[3.341s] adding license file 'LICENSE'
[3.347s] writing manifest file '../../build/grid_snapper/grid_snapper.egg-info/SOURCES.txt'
[3.348s] running build
[3.348s] running build_py
[3.349s] running install
[3.349s] running install_lib
[3.352s] running install_data
[3.352s] running install_egg_info
[3.359s] removing '/home/autopilot/ws/restackcell/ws_moveit2/install/grid_snapper/lib/python3.10/site-packages/grid_snapper-0.0.0-py3.10.egg-info' (and everything under it)
[3.399s] Copying ../../build/grid_snapper/grid_snapper.egg-info to /home/autopilot/ws/restackcell/ws_moveit2/install/grid_snapper/lib/python3.10/site-packages/grid_snapper-0.0.0-py3.10.egg-info
[3.399s] running install_scripts
[3.426s] Installing image_to_world script to /home/autopilot/ws/restackcell/ws_moveit2/install/grid_snapper/lib/grid_snapper
[3.426s] Installing pose_snapper script to /home/autopilot/ws/restackcell/ws_moveit2/install/grid_snapper/lib/grid_snapper
[3.427s] writing list of installed files to '/home/autopilot/ws/restackcell/ws_moveit2/build/grid_snapper/install.log'
[3.496s] Invoked command in '/home/autopilot/ws/restackcell/ws_moveit2/src/grid_snapper' returned '0': CMAKE_PREFIX_PATH=/home/autopilot/ws/restackcell/ws_moveit2/install/wzlscheduler_interfaces:/home/autopilot/ws/restackcell/ws_moveit2/install/robo_planner:/home/autopilot/ws/restackcell/ws_moveit2/install/pcl_segmentation:/home/autopilot/ws/restackcell/ws_moveit2/install/moveit_backend:/home/autopilot/ws/restackcell/ws_moveit2/install/mockup_robot:/home/autopilot/ws/restackcell/ws_moveit2/install/ur_pilz:/home/autopilot/ws/restackcell/ws_moveit2/install/robo_planner_msgs:/home/autopilot/ws/restackcell/ws_moveit2/install/opcua_interfaces:/home/autopilot/ws/restackcell/ws_moveit2/install/custom_ur_moveit_config:/home/autopilot/ws/restackcell/ws_moveit2/install/custom_ur_description PYTHONPATH=/home/autopilot/ws/restackcell/ws_moveit2/build/grid_snapper/prefix_override:/usr/lib/python3/dist-packages/colcon_core/task/python/colcon_distutils_commands:/home/autopilot/ws/restackcell/ws_moveit2/install/grid_snapper/lib/python3.10/site-packages:/home/autopilot/ws/restackcell/ws_moveit2/install/wzlscheduler_interfaces/local/lib/python3.10/dist-packages:/home/autopilot/ws/restackcell/ws_moveit2/install/robo_planner_py/lib/python3.10/site-packages:/home/autopilot/ws/restackcell/ws_moveit2/install/grid_snapper/lib/python3.10/site-packages:/home/autopilot/ws/restackcell/ws_moveit2/install/robo_planner_msgs/local/lib/python3.10/dist-packages:/home/autopilot/ws/restackcell/ws_moveit2/install/opcua_client/lib/python3.10/site-packages:/home/autopilot/ws/restackcell/ws_moveit2/install/opcua_interfaces/local/lib/python3.10/dist-packages:/home/autopilot/ws/restackcell/ws_moveit2/install/interface_opcua/lib/python3.10/site-packages:/opt/ros/humble/lib/python3.10/site-packages:/opt/ros/humble/local/lib/python3.10/dist-packages /usr/bin/python3 -W ignore:setup.py install is deprecated setup.py egg_info --egg-base ../../build/grid_snapper build --build-base /home/autopilot/ws/restackcell/ws_moveit2/build/grid_snapper/build install --record /home/autopilot/ws/restackcell/ws_moveit2/build/grid_snapper/install.log --single-version-externally-managed install_data
