[1.304s] Invoking command in '/home/autopilot/ws/restackcell/ws_moveit2/src/interface_opcua': PYTHONPATH=/home/autopilot/ws/restackcell/ws_moveit2/build/interface_opcua/prefix_override:/usr/lib/python3/dist-packages/colcon_core/task/python/colcon_distutils_commands:/home/autopilot/ws/restackcell/ws_moveit2/install/interface_opcua/lib/python3.10/site-packages:${PYTHONPATH} /usr/bin/python3 -W ignore:setup.py install is deprecated setup.py egg_info --egg-base ../../build/interface_opcua build --build-base /home/autopilot/ws/restackcell/ws_moveit2/build/interface_opcua/build install --record /home/autopilot/ws/restackcell/ws_moveit2/build/interface_opcua/install.log --single-version-externally-managed install_data
[1.744s] running egg_info
[1.745s] writing ../../build/interface_opcua/interface_opcua.egg-info/PKG-INFO
[1.746s] writing dependency_links to ../../build/interface_opcua/interface_opcua.egg-info/dependency_links.txt
[1.746s] writing entry points to ../../build/interface_opcua/interface_opcua.egg-info/entry_points.txt
[1.746s] writing requirements to ../../build/interface_opcua/interface_opcua.egg-info/requires.txt
[1.747s] writing top-level names to ../../build/interface_opcua/interface_opcua.egg-info/top_level.txt
[1.750s] reading manifest file '../../build/interface_opcua/interface_opcua.egg-info/SOURCES.txt'
[1.750s] adding license file 'LICENSE'
[1.751s] writing manifest file '../../build/interface_opcua/interface_opcua.egg-info/SOURCES.txt'
[1.751s] running build
[1.751s] running build_py
[1.752s] running install
[1.752s] running install_lib
[1.755s] running install_data
[1.755s] running install_egg_info
[1.760s] removing '/home/autopilot/ws/restackcell/ws_moveit2/install/interface_opcua/lib/python3.10/site-packages/interface_opcua-0.0.0-py3.10.egg-info' (and everything under it)
[1.761s] Copying ../../build/interface_opcua/interface_opcua.egg-info to /home/autopilot/ws/restackcell/ws_moveit2/install/interface_opcua/lib/python3.10/site-packages/interface_opcua-0.0.0-py3.10.egg-info
[1.762s] running install_scripts
[1.797s] Installing service script to /home/autopilot/ws/restackcell/ws_moveit2/install/interface_opcua/lib/interface_opcua
[1.798s] writing list of installed files to '/home/autopilot/ws/restackcell/ws_moveit2/build/interface_opcua/install.log'
[1.888s] Invoked command in '/home/autopilot/ws/restackcell/ws_moveit2/src/interface_opcua' returned '0': PYTHONPATH=/home/autopilot/ws/restackcell/ws_moveit2/build/interface_opcua/prefix_override:/usr/lib/python3/dist-packages/colcon_core/task/python/colcon_distutils_commands:/home/autopilot/ws/restackcell/ws_moveit2/install/interface_opcua/lib/python3.10/site-packages:${PYTHONPATH} /usr/bin/python3 -W ignore:setup.py install is deprecated setup.py egg_info --egg-base ../../build/interface_opcua build --build-base /home/autopilot/ws/restackcell/ws_moveit2/build/interface_opcua/build install --record /home/autopilot/ws/restackcell/ws_moveit2/build/interface_opcua/install.log --single-version-externally-managed install_data
