[0.603s] Invoking command in '/home/alex/ws_moveit2/src/build/moveit_resources_pr2_description': CMAKE_PREFIX_PATH=${CMAKE_PREFIX_PATH}:/home/alex/ws_moveit2/install/moveit_configs_utils:/home/alex/ws_moveit2/install/launch_param_builder:/opt/ros/humble /usr/bin/cmake /home/alex/ws_moveit2/src/moveit_resources/pr2_description -DCMAKE_INSTALL_PREFIX=/home/alex/ws_moveit2/src/install/moveit_resources_pr2_description
[0.691s] -- The C compiler identification is GNU 11.4.0
[0.775s] -- The CXX compiler identification is GNU 11.4.0
[0.785s] -- Detecting C compiler ABI info
[0.901s] -- Detecting C compiler ABI info - done
[0.907s] -- Check for working C compiler: /usr/bin/cc - skipped
[0.908s] -- Detecting C compile features
[0.908s] -- Detecting C compile features - done
[0.911s] -- Detecting CXX compiler ABI info
[1.048s] -- Detecting CXX compiler ABI info - done
[1.058s] -- Check for working CXX compiler: /usr/bin/c++ - skipped
[1.058s] -- Detecting CXX compile features
[1.058s] -- Detecting CXX compile features - done
[1.069s] -- Found ament_cmake: 1.3.6 (/opt/ros/humble/share/ament_cmake/cmake)
[1.311s] -- Found Python3: /usr/bin/python3.10 (found version "3.10.12") found components: Interpreter 
[1.628s] -- Configuring done
[1.632s] -- Generating done
[1.634s] -- Build files have been written to: /home/alex/ws_moveit2/src/build/moveit_resources_pr2_description
[1.696s] Invoked command in '/home/alex/ws_moveit2/src/build/moveit_resources_pr2_description' returned '0': CMAKE_PREFIX_PATH=${CMAKE_PREFIX_PATH}:/home/alex/ws_moveit2/install/moveit_configs_utils:/home/alex/ws_moveit2/install/launch_param_builder:/opt/ros/humble /usr/bin/cmake /home/alex/ws_moveit2/src/moveit_resources/pr2_description -DCMAKE_INSTALL_PREFIX=/home/alex/ws_moveit2/src/install/moveit_resources_pr2_description
[1.697s] Invoking command in '/home/alex/ws_moveit2/src/build/moveit_resources_pr2_description': CMAKE_PREFIX_PATH=${CMAKE_PREFIX_PATH}:/home/alex/ws_moveit2/install/moveit_configs_utils:/home/alex/ws_moveit2/install/launch_param_builder:/opt/ros/humble /usr/bin/cmake --build /home/alex/ws_moveit2/src/build/moveit_resources_pr2_description -- -j16 -l16
[1.763s] Invoked command in '/home/alex/ws_moveit2/src/build/moveit_resources_pr2_description' returned '0': CMAKE_PREFIX_PATH=${CMAKE_PREFIX_PATH}:/home/alex/ws_moveit2/install/moveit_configs_utils:/home/alex/ws_moveit2/install/launch_param_builder:/opt/ros/humble /usr/bin/cmake --build /home/alex/ws_moveit2/src/build/moveit_resources_pr2_description -- -j16 -l16
[1.851s] Invoking command in '/home/alex/ws_moveit2/src/build/moveit_resources_pr2_description': CMAKE_PREFIX_PATH=${CMAKE_PREFIX_PATH}:/home/alex/ws_moveit2/install/moveit_configs_utils:/home/alex/ws_moveit2/install/launch_param_builder:/opt/ros/humble /usr/bin/cmake --install /home/alex/ws_moveit2/src/build/moveit_resources_pr2_description
[1.865s] -- Install configuration: ""
[1.865s] -- Installing: /home/alex/ws_moveit2/src/install/moveit_resources_pr2_description/share/ament_index/resource_index/package_run_dependencies/moveit_resources_pr2_description
[1.865s] -- Installing: /home/alex/ws_moveit2/src/install/moveit_resources_pr2_description/share/ament_index/resource_index/parent_prefix_path/moveit_resources_pr2_description
[1.866s] -- Installing: /home/alex/ws_moveit2/src/install/moveit_resources_pr2_description/share/moveit_resources_pr2_description/environment/ament_prefix_path.sh
[1.866s] -- Installing: /home/alex/ws_moveit2/src/install/moveit_resources_pr2_description/share/moveit_resources_pr2_description/environment/ament_prefix_path.dsv
[1.866s] -- Installing: /home/alex/ws_moveit2/src/install/moveit_resources_pr2_description/share/moveit_resources_pr2_description/environment/path.sh
[1.866s] -- Installing: /home/alex/ws_moveit2/src/install/moveit_resources_pr2_description/share/moveit_resources_pr2_description/environment/path.dsv
[1.867s] -- Installing: /home/alex/ws_moveit2/src/install/moveit_resources_pr2_description/share/moveit_resources_pr2_description/local_setup.bash
[1.867s] -- Installing: /home/alex/ws_moveit2/src/install/moveit_resources_pr2_description/share/moveit_resources_pr2_description/local_setup.sh
[1.867s] -- Installing: /home/alex/ws_moveit2/src/install/moveit_resources_pr2_description/share/moveit_resources_pr2_description/local_setup.zsh
[1.867s] -- Installing: /home/alex/ws_moveit2/src/install/moveit_resources_pr2_description/share/moveit_resources_pr2_description/local_setup.dsv
[1.868s] -- Installing: /home/alex/ws_moveit2/src/install/moveit_resources_pr2_description/share/moveit_resources_pr2_description/package.dsv
[1.868s] -- Installing: /home/alex/ws_moveit2/src/install/moveit_resources_pr2_description/share/ament_index/resource_index/packages/moveit_resources_pr2_description
[1.868s] -- Installing: /home/alex/ws_moveit2/src/install/moveit_resources_pr2_description/share/moveit_resources_pr2_description/cmake/moveit_resources_pr2_descriptionConfig.cmake
[1.868s] -- Installing: /home/alex/ws_moveit2/src/install/moveit_resources_pr2_description/share/moveit_resources_pr2_description/cmake/moveit_resources_pr2_descriptionConfig-version.cmake
[1.869s] -- Installing: /home/alex/ws_moveit2/src/install/moveit_resources_pr2_description/share/moveit_resources_pr2_description/package.xml
[1.869s] -- Installing: /home/alex/ws_moveit2/src/install/moveit_resources_pr2_description/share/moveit_resources_pr2_description/srdf
[1.869s] -- Installing: /home/alex/ws_moveit2/src/install/moveit_resources_pr2_description/share/moveit_resources_pr2_description/srdf/robot.xml
[1.869s] -- Installing: /home/alex/ws_moveit2/src/install/moveit_resources_pr2_description/share/moveit_resources_pr2_description/urdf
[1.869s] -- Installing: /home/alex/ws_moveit2/src/install/moveit_resources_pr2_description/share/moveit_resources_pr2_description/urdf/robot.xml
[1.871s] -- Installing: /home/alex/ws_moveit2/src/install/moveit_resources_pr2_description/share/moveit_resources_pr2_description/urdf/meshes
[1.872s] -- Installing: /home/alex/ws_moveit2/src/install/moveit_resources_pr2_description/share/moveit_resources_pr2_description/urdf/meshes/tilting_laser_v0
[1.872s] -- Installing: /home/alex/ws_moveit2/src/install/moveit_resources_pr2_description/share/moveit_resources_pr2_description/urdf/meshes/tilting_laser_v0/tilting_hokuyo_normals.tif
[1.874s] -- Installing: /home/alex/ws_moveit2/src/install/moveit_resources_pr2_description/share/moveit_resources_pr2_description/urdf/meshes/tilting_laser_v0/convex
[1.874s] -- Installing: /home/alex/ws_moveit2/src/install/moveit_resources_pr2_description/share/moveit_resources_pr2_description/urdf/meshes/tilting_laser_v0/convex/hok_tilt_convex.stlb
[1.874s] -- Installing: /home/alex/ws_moveit2/src/install/moveit_resources_pr2_description/share/moveit_resources_pr2_description/urdf/meshes/tilting_laser_v0/convex/tilting_hokuyo_L_convex.stla
[1.875s] -- Installing: /home/alex/ws_moveit2/src/install/moveit_resources_pr2_description/share/moveit_resources_pr2_description/urdf/meshes/tilting_laser_v0/convex/hok_tilt.dae
[1.875s] -- Installing: /home/alex/ws_moveit2/src/install/moveit_resources_pr2_description/share/moveit_resources_pr2_description/urdf/meshes/tilting_laser_v0/convex/tilting_hokuyo_L.xml
[1.876s] -- Installing: /home/alex/ws_moveit2/src/install/moveit_resources_pr2_description/share/moveit_resources_pr2_description/urdf/meshes/tilting_laser_v0/convex/tilting_hokuyo.xml
[1.876s] -- Installing: /home/alex/ws_moveit2/src/install/moveit_resources_pr2_description/share/moveit_resources_pr2_description/urdf/meshes/tilting_laser_v0/convex/tilting_hokuyo_convex.stlb
[1.876s] -- Installing: /home/alex/ws_moveit2/src/install/moveit_resources_pr2_description/share/moveit_resources_pr2_description/urdf/meshes/tilting_laser_v0/convex/tilting_hokuyo_convex.stla
[1.876s] -- Installing: /home/alex/ws_moveit2/src/install/moveit_resources_pr2_description/share/moveit_resources_pr2_description/urdf/meshes/tilting_laser_v0/convex/tilting_hokuyo_L.dae
[1.877s] -- Installing: /home/alex/ws_moveit2/src/install/moveit_resources_pr2_description/share/moveit_resources_pr2_description/urdf/meshes/tilting_laser_v0/convex/hok_tilt.xml
[1.877s] -- Installing: /home/alex/ws_moveit2/src/install/moveit_resources_pr2_description/share/moveit_resources_pr2_description/urdf/meshes/tilting_laser_v0/convex/tilting_hokuyo.dae
[1.878s] -- Installing: /home/alex/ws_moveit2/src/install/moveit_resources_pr2_description/share/moveit_resources_pr2_description/urdf/meshes/tilting_laser_v0/convex/tilting_hokuyo_L_convex.stlb
[1.878s] -- Installing: /home/alex/ws_moveit2/src/install/moveit_resources_pr2_description/share/moveit_resources_pr2_description/urdf/meshes/tilting_laser_v0/convex/hok_tilt_convex.stla
[1.878s] -- Installing: /home/alex/ws_moveit2/src/install/moveit_resources_pr2_description/share/moveit_resources_pr2_description/urdf/meshes/tilting_laser_v0/tilting_hokuyo_L.stl
[1.879s] -- Installing: /home/alex/ws_moveit2/src/install/moveit_resources_pr2_description/share/moveit_resources_pr2_description/urdf/meshes/tilting_laser_v0/tilting_hokuyo_color.tif
[1.880s] -- Installing: /home/alex/ws_moveit2/src/install/moveit_resources_pr2_description/share/moveit_resources_pr2_description/urdf/meshes/tilting_laser_v0/hok_tilt.stl
[1.880s] -- Installing: /home/alex/ws_moveit2/src/install/moveit_resources_pr2_description/share/moveit_resources_pr2_description/urdf/meshes/tilting_laser_v0/tilting_hokuyo.dae
[1.881s] -- Installing: /home/alex/ws_moveit2/src/install/moveit_resources_pr2_description/share/moveit_resources_pr2_description/urdf/meshes/tilting_laser_v0/tilting_hokuyo.stl
[1.881s] -- Installing: /home/alex/ws_moveit2/src/install/moveit_resources_pr2_description/share/moveit_resources_pr2_description/urdf/meshes/upper_arm_v0
[1.882s] -- Installing: /home/alex/ws_moveit2/src/install/moveit_resources_pr2_description/share/moveit_resources_pr2_description/urdf/meshes/upper_arm_v0/elbow_flex_color.tif
[1.882s] -- Installing: /home/alex/ws_moveit2/src/install/moveit_resources_pr2_description/share/moveit_resources_pr2_description/urdf/meshes/upper_arm_v0/upper_arm.stl
[1.883s] -- Installing: /home/alex/ws_moveit2/src/install/moveit_resources_pr2_description/share/moveit_resources_pr2_description/urdf/meshes/upper_arm_v0/upper_arm_color.tif
[1.884s] -- Installing: /home/alex/ws_moveit2/src/install/moveit_resources_pr2_description/share/moveit_resources_pr2_description/urdf/meshes/upper_arm_v0/elbow_flex_normals.tif
[1.888s] -- Installing: /home/alex/ws_moveit2/src/install/moveit_resources_pr2_description/share/moveit_resources_pr2_description/urdf/meshes/upper_arm_v0/upper_arm.dae
[1.888s] -- Installing: /home/alex/ws_moveit2/src/install/moveit_resources_pr2_description/share/moveit_resources_pr2_description/urdf/meshes/upper_arm_v0/forearm_roll.stl
[1.889s] -- Installing: /home/alex/ws_moveit2/src/install/moveit_resources_pr2_description/share/moveit_resources_pr2_description/urdf/meshes/upper_arm_v0/convex
[1.889s] -- Installing: /home/alex/ws_moveit2/src/install/moveit_resources_pr2_description/share/moveit_resources_pr2_description/urdf/meshes/upper_arm_v0/convex/elbow_flex_convex.stlb
[1.889s] -- Installing: /home/alex/ws_moveit2/src/install/moveit_resources_pr2_description/share/moveit_resources_pr2_description/urdf/meshes/upper_arm_v0/convex/forearm_roll.dae
[1.891s] -- Installing: /home/alex/ws_moveit2/src/install/moveit_resources_pr2_description/share/moveit_resources_pr2_description/urdf/meshes/upper_arm_v0/convex/forearm_roll_L.dae
[1.892s] -- Installing: /home/alex/ws_moveit2/src/install/moveit_resources_pr2_description/share/moveit_resources_pr2_description/urdf/meshes/upper_arm_v0/convex/upper_arm.dae
[1.895s] -- Installing: /home/alex/ws_moveit2/src/install/moveit_resources_pr2_description/share/moveit_resources_pr2_description/urdf/meshes/upper_arm_v0/convex/elbow_flex.xml
[1.895s] -- Installing: /home/alex/ws_moveit2/src/install/moveit_resources_pr2_description/share/moveit_resources_pr2_description/urdf/meshes/upper_arm_v0/convex/upper_arm_convex.stla
[1.895s] -- Installing: /home/alex/ws_moveit2/src/install/moveit_resources_pr2_description/share/moveit_resources_pr2_description/urdf/meshes/upper_arm_v0/convex/upper_arm_convex.stlb
[1.895s] -- Installing: /home/alex/ws_moveit2/src/install/moveit_resources_pr2_description/share/moveit_resources_pr2_description/urdf/meshes/upper_arm_v0/convex/forearm_roll_L_convex.stlb
[1.895s] -- Installing: /home/alex/ws_moveit2/src/install/moveit_resources_pr2_description/share/moveit_resources_pr2_description/urdf/meshes/upper_arm_v0/convex/forearm_roll_convex.stlb
[1.895s] -- Installing: /home/alex/ws_moveit2/src/install/moveit_resources_pr2_description/share/moveit_resources_pr2_description/urdf/meshes/upper_arm_v0/convex/forearm_roll_L.xml
[1.896s] -- Installing: /home/alex/ws_moveit2/src/install/moveit_resources_pr2_description/share/moveit_resources_pr2_description/urdf/meshes/upper_arm_v0/convex/forearm_roll_L_convex.stla
[1.896s] -- Installing: /home/alex/ws_moveit2/src/install/moveit_resources_pr2_description/share/moveit_resources_pr2_description/urdf/meshes/upper_arm_v0/convex/upper_arm.xml
[1.897s] -- Installing: /home/alex/ws_moveit2/src/install/moveit_resources_pr2_description/share/moveit_resources_pr2_description/urdf/meshes/upper_arm_v0/convex/elbow_flex_convex.stla
[1.899s] -- Installing: /home/alex/ws_moveit2/src/install/moveit_resources_pr2_description/share/moveit_resources_pr2_description/urdf/meshes/upper_arm_v0/convex/forearm_roll.xml
[1.899s] -- Installing: /home/alex/ws_moveit2/src/install/moveit_resources_pr2_description/share/moveit_resources_pr2_description/urdf/meshes/upper_arm_v0/convex/forearm_roll_convex.stla
[1.899s] -- Installing: /home/alex/ws_moveit2/src/install/moveit_resources_pr2_description/share/moveit_resources_pr2_description/urdf/meshes/upper_arm_v0/convex/elbow_flex.dae
[1.901s] -- Installing: /home/alex/ws_moveit2/src/install/moveit_resources_pr2_description/share/moveit_resources_pr2_description/urdf/meshes/upper_arm_v0/upper_arm_normals.tif
[1.902s] -- Installing: /home/alex/ws_moveit2/src/install/moveit_resources_pr2_description/share/moveit_resources_pr2_description/urdf/meshes/upper_arm_v0/forearm_roll_L.stl
[1.902s] -- Installing: /home/alex/ws_moveit2/src/install/moveit_resources_pr2_description/share/moveit_resources_pr2_description/urdf/meshes/upper_arm_v0/upper_arm.jpg
[1.903s] -- Installing: /home/alex/ws_moveit2/src/install/moveit_resources_pr2_description/share/moveit_resources_pr2_description/urdf/meshes/upper_arm_v0/elbow_flex.stl
[1.904s] -- Installing: /home/alex/ws_moveit2/src/install/moveit_resources_pr2_description/share/moveit_resources_pr2_description/urdf/meshes/upper_arm_v0/elbow_flex.dae
[1.904s] -- Installing: /home/alex/ws_moveit2/src/install/moveit_resources_pr2_description/share/moveit_resources_pr2_description/urdf/meshes/base_v0
[1.904s] -- Installing: /home/alex/ws_moveit2/src/install/moveit_resources_pr2_description/share/moveit_resources_pr2_description/urdf/meshes/base_v0/caster.stl
[1.905s] -- Installing: /home/alex/ws_moveit2/src/install/moveit_resources_pr2_description/share/moveit_resources_pr2_description/urdf/meshes/base_v0/pr2_wheel.stl
[1.905s] -- Installing: /home/alex/ws_moveit2/src/install/moveit_resources_pr2_description/share/moveit_resources_pr2_description/urdf/meshes/base_v0/wheel_normals.tif
[1.911s] -- Installing: /home/alex/ws_moveit2/src/install/moveit_resources_pr2_description/share/moveit_resources_pr2_description/urdf/meshes/base_v0/wheel_color.tif
[1.912s] -- Installing: /home/alex/ws_moveit2/src/install/moveit_resources_pr2_description/share/moveit_resources_pr2_description/urdf/meshes/base_v0/base.dae
[1.913s] -- Installing: /home/alex/ws_moveit2/src/install/moveit_resources_pr2_description/share/moveit_resources_pr2_description/urdf/meshes/base_v0/base_L.stl
[1.913s] -- Installing: /home/alex/ws_moveit2/src/install/moveit_resources_pr2_description/share/moveit_resources_pr2_description/urdf/meshes/base_v0/convex
[1.913s] -- Installing: /home/alex/ws_moveit2/src/install/moveit_resources_pr2_description/share/moveit_resources_pr2_description/urdf/meshes/base_v0/convex/caster_convex.stla
[1.914s] -- Installing: /home/alex/ws_moveit2/src/install/moveit_resources_pr2_description/share/moveit_resources_pr2_description/urdf/meshes/base_v0/convex/wheel_convex.stla
[1.915s] -- Installing: /home/alex/ws_moveit2/src/install/moveit_resources_pr2_description/share/moveit_resources_pr2_description/urdf/meshes/base_v0/convex/wheel_convex.stlb
[1.915s] -- Installing: /home/alex/ws_moveit2/src/install/moveit_resources_pr2_description/share/moveit_resources_pr2_description/urdf/meshes/base_v0/convex/base_L_convex.stlb
[1.915s] -- Installing: /home/alex/ws_moveit2/src/install/moveit_resources_pr2_description/share/moveit_resources_pr2_description/urdf/meshes/base_v0/convex/caster_L.dae
[1.917s] -- Installing: /home/alex/ws_moveit2/src/install/moveit_resources_pr2_description/share/moveit_resources_pr2_description/urdf/meshes/base_v0/convex/base_convex.stlb
[1.917s] -- Installing: /home/alex/ws_moveit2/src/install/moveit_resources_pr2_description/share/moveit_resources_pr2_description/urdf/meshes/base_v0/convex/pr2_wheel_convex.stlb
[1.917s] -- Installing: /home/alex/ws_moveit2/src/install/moveit_resources_pr2_description/share/moveit_resources_pr2_description/urdf/meshes/base_v0/convex/base_convex.stla
[1.918s] -- Installing: /home/alex/ws_moveit2/src/install/moveit_resources_pr2_description/share/moveit_resources_pr2_description/urdf/meshes/base_v0/convex/base.xml
[1.919s] -- Installing: /home/alex/ws_moveit2/src/install/moveit_resources_pr2_description/share/moveit_resources_pr2_description/urdf/meshes/base_v0/convex/base.dae
[1.921s] -- Installing: /home/alex/ws_moveit2/src/install/moveit_resources_pr2_description/share/moveit_resources_pr2_description/urdf/meshes/base_v0/convex/pr2_wheel.xml
[1.922s] -- Installing: /home/alex/ws_moveit2/src/install/moveit_resources_pr2_description/share/moveit_resources_pr2_description/urdf/meshes/base_v0/convex/base_L_convex.stla
[1.922s] -- Installing: /home/alex/ws_moveit2/src/install/moveit_resources_pr2_description/share/moveit_resources_pr2_description/urdf/meshes/base_v0/convex/caster_L_convex.stlb
[1.922s] -- Installing: /home/alex/ws_moveit2/src/install/moveit_resources_pr2_description/share/moveit_resources_pr2_description/urdf/meshes/base_v0/convex/pr2_wheel_convex.stla
[1.922s] -- Installing: /home/alex/ws_moveit2/src/install/moveit_resources_pr2_description/share/moveit_resources_pr2_description/urdf/meshes/base_v0/convex/base_L.xml
[1.922s] -- Installing: /home/alex/ws_moveit2/src/install/moveit_resources_pr2_description/share/moveit_resources_pr2_description/urdf/meshes/base_v0/convex/caster_L.xml
[1.923s] -- Installing: /home/alex/ws_moveit2/src/install/moveit_resources_pr2_description/share/moveit_resources_pr2_description/urdf/meshes/base_v0/convex/wheel.xml
[1.923s] -- Installing: /home/alex/ws_moveit2/src/install/moveit_resources_pr2_description/share/moveit_resources_pr2_description/urdf/meshes/base_v0/convex/pr2_wheel.dae
[1.924s] -- Installing: /home/alex/ws_moveit2/src/install/moveit_resources_pr2_description/share/moveit_resources_pr2_description/urdf/meshes/base_v0/convex/base_L.dae
[1.924s] -- Installing: /home/alex/ws_moveit2/src/install/moveit_resources_pr2_description/share/moveit_resources_pr2_description/urdf/meshes/base_v0/convex/caster_L_convex.stla
[1.924s] -- Installing: /home/alex/ws_moveit2/src/install/moveit_resources_pr2_description/share/moveit_resources_pr2_description/urdf/meshes/base_v0/convex/wheel.dae
[1.925s] -- Installing: /home/alex/ws_moveit2/src/install/moveit_resources_pr2_description/share/moveit_resources_pr2_description/urdf/meshes/base_v0/convex/caster.dae
[1.926s] -- Installing: /home/alex/ws_moveit2/src/install/moveit_resources_pr2_description/share/moveit_resources_pr2_description/urdf/meshes/base_v0/convex/caster.xml
[1.926s] -- Installing: /home/alex/ws_moveit2/src/install/moveit_resources_pr2_description/share/moveit_resources_pr2_description/urdf/meshes/base_v0/convex/caster_convex.stlb
[1.926s] -- Installing: /home/alex/ws_moveit2/src/install/moveit_resources_pr2_description/share/moveit_resources_pr2_description/urdf/meshes/base_v0/wheel_h_color.tif
[1.927s] -- Installing: /home/alex/ws_moveit2/src/install/moveit_resources_pr2_description/share/moveit_resources_pr2_description/urdf/meshes/base_v0/caster_L.stl
[1.927s] -- Installing: /home/alex/ws_moveit2/src/install/moveit_resources_pr2_description/share/moveit_resources_pr2_description/urdf/meshes/base_v0/base.stl
[1.928s] -- Installing: /home/alex/ws_moveit2/src/install/moveit_resources_pr2_description/share/moveit_resources_pr2_description/urdf/meshes/base_v0/base_normals.tif
[1.930s] -- Installing: /home/alex/ws_moveit2/src/install/moveit_resources_pr2_description/share/moveit_resources_pr2_description/urdf/meshes/base_v0/base_color.tif
[1.931s] -- Installing: /home/alex/ws_moveit2/src/install/moveit_resources_pr2_description/share/moveit_resources_pr2_description/urdf/meshes/base_v0/wheel_h.dae
[1.936s] -- Installing: /home/alex/ws_moveit2/src/install/moveit_resources_pr2_description/share/moveit_resources_pr2_description/urdf/meshes/base_v0/wheel.dae
[1.936s] -- Installing: /home/alex/ws_moveit2/src/install/moveit_resources_pr2_description/share/moveit_resources_pr2_description/urdf/meshes/base_v0/wheel.stl
[1.937s] -- Installing: /home/alex/ws_moveit2/src/install/moveit_resources_pr2_description/share/moveit_resources_pr2_description/urdf/meshes/shoulder_v0
[1.937s] -- Installing: /home/alex/ws_moveit2/src/install/moveit_resources_pr2_description/share/moveit_resources_pr2_description/urdf/meshes/shoulder_v0/upper_arm_roll.dae
[1.938s] -- Installing: /home/alex/ws_moveit2/src/install/moveit_resources_pr2_description/share/moveit_resources_pr2_description/urdf/meshes/shoulder_v0/shoulder_yaw.stl
[1.938s] -- Installing: /home/alex/ws_moveit2/src/install/moveit_resources_pr2_description/share/moveit_resources_pr2_description/urdf/meshes/shoulder_v0/shoulder_pan.stl
[1.939s] -- Installing: /home/alex/ws_moveit2/src/install/moveit_resources_pr2_description/share/moveit_resources_pr2_description/urdf/meshes/shoulder_v0/upper_arm_roll.stl
[1.939s] -- Installing: /home/alex/ws_moveit2/src/install/moveit_resources_pr2_description/share/moveit_resources_pr2_description/urdf/meshes/shoulder_v0/shoulder_lift_color.tif
[1.940s] -- Installing: /home/alex/ws_moveit2/src/install/moveit_resources_pr2_description/share/moveit_resources_pr2_description/urdf/meshes/shoulder_v0/shoulder_pan.dae
[1.941s] -- Installing: /home/alex/ws_moveit2/src/install/moveit_resources_pr2_description/share/moveit_resources_pr2_description/urdf/meshes/shoulder_v0/shoulder_lift_normals.tif
[1.943s] -- Installing: /home/alex/ws_moveit2/src/install/moveit_resources_pr2_description/share/moveit_resources_pr2_description/urdf/meshes/shoulder_v0/shoulder_lift.dae
[1.944s] -- Installing: /home/alex/ws_moveit2/src/install/moveit_resources_pr2_description/share/moveit_resources_pr2_description/urdf/meshes/shoulder_v0/shoulder_pan_color.tif
[1.951s] -- Installing: /home/alex/ws_moveit2/src/install/moveit_resources_pr2_description/share/moveit_resources_pr2_description/urdf/meshes/shoulder_v0/shoulder_lift.stl
[1.952s] -- Installing: /home/alex/ws_moveit2/src/install/moveit_resources_pr2_description/share/moveit_resources_pr2_description/urdf/meshes/shoulder_v0/convex
[1.952s] -- Installing: /home/alex/ws_moveit2/src/install/moveit_resources_pr2_description/share/moveit_resources_pr2_description/urdf/meshes/shoulder_v0/convex/upper_arm_roll.dae
[1.952s] -- Installing: /home/alex/ws_moveit2/src/install/moveit_resources_pr2_description/share/moveit_resources_pr2_description/urdf/meshes/shoulder_v0/convex/upper_arm_roll_L_convex.stlb
[1.953s] -- Installing: /home/alex/ws_moveit2/src/install/moveit_resources_pr2_description/share/moveit_resources_pr2_description/urdf/meshes/shoulder_v0/convex/upper_arm_roll_L_convex.stla
[1.953s] -- Installing: /home/alex/ws_moveit2/src/install/moveit_resources_pr2_description/share/moveit_resources_pr2_description/urdf/meshes/shoulder_v0/convex/shoulder_yaw_convex.stla
[1.953s] -- Installing: /home/alex/ws_moveit2/src/install/moveit_resources_pr2_description/share/moveit_resources_pr2_description/urdf/meshes/shoulder_v0/convex/shoulder_pan.dae
[1.954s] -- Installing: /home/alex/ws_moveit2/src/install/moveit_resources_pr2_description/share/moveit_resources_pr2_description/urdf/meshes/shoulder_v0/convex/upper_arm_roll_L.xml
[1.954s] -- Installing: /home/alex/ws_moveit2/src/install/moveit_resources_pr2_description/share/moveit_resources_pr2_description/urdf/meshes/shoulder_v0/convex/shoulder_pan_convex.stlb
[1.954s] -- Installing: /home/alex/ws_moveit2/src/install/moveit_resources_pr2_description/share/moveit_resources_pr2_description/urdf/meshes/shoulder_v0/convex/upper_arm_roll.xml
[1.955s] -- Installing: /home/alex/ws_moveit2/src/install/moveit_resources_pr2_description/share/moveit_resources_pr2_description/urdf/meshes/shoulder_v0/convex/upper_arm_roll_L.dae
[1.955s] -- Installing: /home/alex/ws_moveit2/src/install/moveit_resources_pr2_description/share/moveit_resources_pr2_description/urdf/meshes/shoulder_v0/convex/shoulder_lift.dae
[1.956s] -- Installing: /home/alex/ws_moveit2/src/install/moveit_resources_pr2_description/share/moveit_resources_pr2_description/urdf/meshes/shoulder_v0/convex/shoulder_lift_convex.stla
[1.956s] -- Installing: /home/alex/ws_moveit2/src/install/moveit_resources_pr2_description/share/moveit_resources_pr2_description/urdf/meshes/shoulder_v0/convex/shoulder_pan.xml
[1.957s] -- Installing: /home/alex/ws_moveit2/src/install/moveit_resources_pr2_description/share/moveit_resources_pr2_description/urdf/meshes/shoulder_v0/convex/shoulder_yaw.dae
[1.957s] -- Installing: /home/alex/ws_moveit2/src/install/moveit_resources_pr2_description/share/moveit_resources_pr2_description/urdf/meshes/shoulder_v0/convex/upper_arm_roll_convex.stla
[1.958s] -- Installing: /home/alex/ws_moveit2/src/install/moveit_resources_pr2_description/share/moveit_resources_pr2_description/urdf/meshes/shoulder_v0/convex/shoulder_lift_convex.stlb
[1.958s] -- Installing: /home/alex/ws_moveit2/src/install/moveit_resources_pr2_description/share/moveit_resources_pr2_description/urdf/meshes/shoulder_v0/convex/upper_arm_roll_convex.stlb
[1.958s] -- Installing: /home/alex/ws_moveit2/src/install/moveit_resources_pr2_description/share/moveit_resources_pr2_description/urdf/meshes/shoulder_v0/convex/shoulder_yaw_convex.stlb
[1.958s] -- Installing: /home/alex/ws_moveit2/src/install/moveit_resources_pr2_description/share/moveit_resources_pr2_description/urdf/meshes/shoulder_v0/convex/shoulder_yaw.xml
[1.959s] -- Installing: /home/alex/ws_moveit2/src/install/moveit_resources_pr2_description/share/moveit_resources_pr2_description/urdf/meshes/shoulder_v0/convex/shoulder_pan_convex.stla
[1.959s] -- Installing: /home/alex/ws_moveit2/src/install/moveit_resources_pr2_description/share/moveit_resources_pr2_description/urdf/meshes/shoulder_v0/convex/shoulder_lift.xml
[1.960s] -- Installing: /home/alex/ws_moveit2/src/install/moveit_resources_pr2_description/share/moveit_resources_pr2_description/urdf/meshes/shoulder_v0/shoulder_pan_normals.tif
[1.963s] -- Installing: /home/alex/ws_moveit2/src/install/moveit_resources_pr2_description/share/moveit_resources_pr2_description/urdf/meshes/shoulder_v0/upper_arm_roll_color.tif
[1.963s] -- Installing: /home/alex/ws_moveit2/src/install/moveit_resources_pr2_description/share/moveit_resources_pr2_description/urdf/meshes/shoulder_v0/upper_arm_roll_normals.tif
[1.966s] -- Installing: /home/alex/ws_moveit2/src/install/moveit_resources_pr2_description/share/moveit_resources_pr2_description/urdf/meshes/shoulder_v0/upper_arm_roll_L.stl
[1.967s] -- Installing: /home/alex/ws_moveit2/src/install/moveit_resources_pr2_description/share/moveit_resources_pr2_description/urdf/meshes/gripper_v0
[1.967s] -- Installing: /home/alex/ws_moveit2/src/install/moveit_resources_pr2_description/share/moveit_resources_pr2_description/urdf/meshes/gripper_v0/palm_H_Color_100430.tif
[1.968s] -- Installing: /home/alex/ws_moveit2/src/install/moveit_resources_pr2_description/share/moveit_resources_pr2_description/urdf/meshes/gripper_v0/palm_H_UV_100430.dae
[1.970s] -- Installing: /home/alex/ws_moveit2/src/install/moveit_resources_pr2_description/share/moveit_resources_pr2_description/urdf/meshes/gripper_v0/finger_H_Color_100430.tif
[1.971s] -- Installing: /home/alex/ws_moveit2/src/install/moveit_resources_pr2_description/share/moveit_resources_pr2_description/urdf/meshes/gripper_v0/l_finger_tip.dae
[1.972s] -- Installing: /home/alex/ws_moveit2/src/install/moveit_resources_pr2_description/share/moveit_resources_pr2_description/urdf/meshes/gripper_v0/gripper_palm_normals.tif
[1.975s] -- Installing: /home/alex/ws_moveit2/src/install/moveit_resources_pr2_description/share/moveit_resources_pr2_description/urdf/meshes/gripper_v0/l_finger_tip_color.tif
[1.976s] -- Installing: /home/alex/ws_moveit2/src/install/moveit_resources_pr2_description/share/moveit_resources_pr2_description/urdf/meshes/gripper_v0/finger_H_UV_100430.dae
[1.982s] -- Installing: /home/alex/ws_moveit2/src/install/moveit_resources_pr2_description/share/moveit_resources_pr2_description/urdf/meshes/gripper_v0/l_float.dae
[1.983s] -- Installing: /home/alex/ws_moveit2/src/install/moveit_resources_pr2_description/share/moveit_resources_pr2_description/urdf/meshes/gripper_v0/l_float_color.tif
[1.983s] -- Installing: /home/alex/ws_moveit2/src/install/moveit_resources_pr2_description/share/moveit_resources_pr2_description/urdf/meshes/gripper_v0/fingertip_H_Color_100430.tif
[1.984s] -- Installing: /home/alex/ws_moveit2/src/install/moveit_resources_pr2_description/share/moveit_resources_pr2_description/urdf/meshes/gripper_v0/l_finger.dae
[1.985s] -- Installing: /home/alex/ws_moveit2/src/install/moveit_resources_pr2_description/share/moveit_resources_pr2_description/urdf/meshes/gripper_v0/convex
[1.985s] -- Installing: /home/alex/ws_moveit2/src/install/moveit_resources_pr2_description/share/moveit_resources_pr2_description/urdf/meshes/gripper_v0/convex/finger_tip_pad2_r.dae
[1.985s] -- Installing: /home/alex/ws_moveit2/src/install/moveit_resources_pr2_description/share/moveit_resources_pr2_description/urdf/meshes/gripper_v0/convex/l_floating_convex.stla
[1.985s] -- Installing: /home/alex/ws_moveit2/src/install/moveit_resources_pr2_description/share/moveit_resources_pr2_description/urdf/meshes/gripper_v0/convex/upper_finger_l_convex.stlb
[1.986s] -- Installing: /home/alex/ws_moveit2/src/install/moveit_resources_pr2_description/share/moveit_resources_pr2_description/urdf/meshes/gripper_v0/convex/finger_tip_l_convex.stla
[1.986s] -- Installing: /home/alex/ws_moveit2/src/install/moveit_resources_pr2_description/share/moveit_resources_pr2_description/urdf/meshes/gripper_v0/convex/l_floating.xml
[1.986s] -- Installing: /home/alex/ws_moveit2/src/install/moveit_resources_pr2_description/share/moveit_resources_pr2_description/urdf/meshes/gripper_v0/convex/l_finger_tip.dae
[1.987s] -- Installing: /home/alex/ws_moveit2/src/install/moveit_resources_pr2_description/share/moveit_resources_pr2_description/urdf/meshes/gripper_v0/convex/finger_tip_pad2_l_convex.stla
[1.987s] -- Installing: /home/alex/ws_moveit2/src/install/moveit_resources_pr2_description/share/moveit_resources_pr2_description/urdf/meshes/gripper_v0/convex/l_floating.dae
[1.987s] -- Installing: /home/alex/ws_moveit2/src/install/moveit_resources_pr2_description/share/moveit_resources_pr2_description/urdf/meshes/gripper_v0/convex/finger_tip_pad2_r_convex.stla
[1.988s] -- Installing: /home/alex/ws_moveit2/src/install/moveit_resources_pr2_description/share/moveit_resources_pr2_description/urdf/meshes/gripper_v0/convex/l_finger_convex.stlb
[1.988s] -- Installing: /home/alex/ws_moveit2/src/install/moveit_resources_pr2_description/share/moveit_resources_pr2_description/urdf/meshes/gripper_v0/convex/gripper_palm.xml
[1.988s] -- Installing: /home/alex/ws_moveit2/src/install/moveit_resources_pr2_description/share/moveit_resources_pr2_description/urdf/meshes/gripper_v0/convex/finger_tip_pad2_l.dae
[1.989s] -- Installing: /home/alex/ws_moveit2/src/install/moveit_resources_pr2_description/share/moveit_resources_pr2_description/urdf/meshes/gripper_v0/convex/finger_tip_r_convex.stlb
[1.989s] -- Installing: /home/alex/ws_moveit2/src/install/moveit_resources_pr2_description/share/moveit_resources_pr2_description/urdf/meshes/gripper_v0/convex/upper_finger_r.dae
[1.989s] -- Installing: /home/alex/ws_moveit2/src/install/moveit_resources_pr2_description/share/moveit_resources_pr2_description/urdf/meshes/gripper_v0/convex/finger_tip_r.dae
[1.990s] -- Installing: /home/alex/ws_moveit2/src/install/moveit_resources_pr2_description/share/moveit_resources_pr2_description/urdf/meshes/gripper_v0/convex/upper_finger_r.xml
[1.990s] -- Installing: /home/alex/ws_moveit2/src/install/moveit_resources_pr2_description/share/moveit_resources_pr2_description/urdf/meshes/gripper_v0/convex/upper_finger_r_convex.stla
[1.990s] -- Installing: /home/alex/ws_moveit2/src/install/moveit_resources_pr2_description/share/moveit_resources_pr2_description/urdf/meshes/gripper_v0/convex/gripper_palm_convex.stla
[1.991s] -- Installing: /home/alex/ws_moveit2/src/install/moveit_resources_pr2_description/share/moveit_resources_pr2_description/urdf/meshes/gripper_v0/convex/upper_finger_l.dae
[1.991s] -- Installing: /home/alex/ws_moveit2/src/install/moveit_resources_pr2_description/share/moveit_resources_pr2_description/urdf/meshes/gripper_v0/convex/l_finger.dae
[1.991s] -- Installing: /home/alex/ws_moveit2/src/install/moveit_resources_pr2_description/share/moveit_resources_pr2_description/urdf/meshes/gripper_v0/convex/l_finger_tip.xml
[1.992s] -- Installing: /home/alex/ws_moveit2/src/install/moveit_resources_pr2_description/share/moveit_resources_pr2_description/urdf/meshes/gripper_v0/convex/l_finger.xml
[1.992s] -- Installing: /home/alex/ws_moveit2/src/install/moveit_resources_pr2_description/share/moveit_resources_pr2_description/urdf/meshes/gripper_v0/convex/finger_tip_pad2_l.xml
[1.993s] -- Installing: /home/alex/ws_moveit2/src/install/moveit_resources_pr2_description/share/moveit_resources_pr2_description/urdf/meshes/gripper_v0/convex/gripper_palm_convex.stlb
[1.993s] -- Installing: /home/alex/ws_moveit2/src/install/moveit_resources_pr2_description/share/moveit_resources_pr2_description/urdf/meshes/gripper_v0/convex/l_finger_convex.stla
[1.993s] -- Installing: /home/alex/ws_moveit2/src/install/moveit_resources_pr2_description/share/moveit_resources_pr2_description/urdf/meshes/gripper_v0/convex/finger_tip_pad2_r.xml
[1.994s] -- Installing: /home/alex/ws_moveit2/src/install/moveit_resources_pr2_description/share/moveit_resources_pr2_description/urdf/meshes/gripper_v0/convex/finger_tip_l_convex.stlb
[1.994s] -- Installing: /home/alex/ws_moveit2/src/install/moveit_resources_pr2_description/share/moveit_resources_pr2_description/urdf/meshes/gripper_v0/convex/finger_tip_l.dae
[1.994s] -- Installing: /home/alex/ws_moveit2/src/install/moveit_resources_pr2_description/share/moveit_resources_pr2_description/urdf/meshes/gripper_v0/convex/l_finger_tip_convex.stla
[1.995s] -- Installing: /home/alex/ws_moveit2/src/install/moveit_resources_pr2_description/share/moveit_resources_pr2_description/urdf/meshes/gripper_v0/convex/upper_finger_r_convex.stlb
[1.995s] -- Installing: /home/alex/ws_moveit2/src/install/moveit_resources_pr2_description/share/moveit_resources_pr2_description/urdf/meshes/gripper_v0/convex/l_floating_convex.stlb
[1.995s] -- Installing: /home/alex/ws_moveit2/src/install/moveit_resources_pr2_description/share/moveit_resources_pr2_description/urdf/meshes/gripper_v0/convex/finger_tip_r.xml
[1.996s] -- Installing: /home/alex/ws_moveit2/src/install/moveit_resources_pr2_description/share/moveit_resources_pr2_description/urdf/meshes/gripper_v0/convex/l_finger_tip_convex.stlb
[1.996s] -- Installing: /home/alex/ws_moveit2/src/install/moveit_resources_pr2_description/share/moveit_resources_pr2_description/urdf/meshes/gripper_v0/convex/finger_tip_l.xml
[1.996s] -- Installing: /home/alex/ws_moveit2/src/install/moveit_resources_pr2_description/share/moveit_resources_pr2_description/urdf/meshes/gripper_v0/convex/finger_tip_pad2_r_convex.stlb
[1.997s] -- Installing: /home/alex/ws_moveit2/src/install/moveit_resources_pr2_description/share/moveit_resources_pr2_description/urdf/meshes/gripper_v0/convex/finger_tip_r_convex.stla
[1.997s] -- Installing: /home/alex/ws_moveit2/src/install/moveit_resources_pr2_description/share/moveit_resources_pr2_description/urdf/meshes/gripper_v0/convex/finger_tip_pad2_l_convex.stlb
[1.997s] -- Installing: /home/alex/ws_moveit2/src/install/moveit_resources_pr2_description/share/moveit_resources_pr2_description/urdf/meshes/gripper_v0/convex/upper_finger_l.xml
[1.997s] -- Installing: /home/alex/ws_moveit2/src/install/moveit_resources_pr2_description/share/moveit_resources_pr2_description/urdf/meshes/gripper_v0/convex/gripper_palm.dae
[1.998s] -- Installing: /home/alex/ws_moveit2/src/install/moveit_resources_pr2_description/share/moveit_resources_pr2_description/urdf/meshes/gripper_v0/convex/upper_finger_l_convex.stla
[1.998s] -- Installing: /home/alex/ws_moveit2/src/install/moveit_resources_pr2_description/share/moveit_resources_pr2_description/urdf/meshes/gripper_v0/l_float_normals.tif
[2.003s] -- Installing: /home/alex/ws_moveit2/src/install/moveit_resources_pr2_description/share/moveit_resources_pr2_description/urdf/meshes/gripper_v0/finger_tip_H_UV_100430.dae
[2.008s] -- Installing: /home/alex/ws_moveit2/src/install/moveit_resources_pr2_description/share/moveit_resources_pr2_description/urdf/meshes/gripper_v0/l_floating.stl
[2.008s] -- Installing: /home/alex/ws_moveit2/src/install/moveit_resources_pr2_description/share/moveit_resources_pr2_description/urdf/meshes/gripper_v0/finger_tip_pad2_l.stl
[2.008s] -- Installing: /home/alex/ws_moveit2/src/install/moveit_resources_pr2_description/share/moveit_resources_pr2_description/urdf/meshes/gripper_v0/finger_tip_r.stl
[2.010s] -- Installing: /home/alex/ws_moveit2/src/install/moveit_resources_pr2_description/share/moveit_resources_pr2_description/urdf/meshes/gripper_v0/upper_finger_l.stl
[2.010s] -- Installing: /home/alex/ws_moveit2/src/install/moveit_resources_pr2_description/share/moveit_resources_pr2_description/urdf/meshes/gripper_v0/finger_tip_pad2_r.stl
[2.010s] -- Installing: /home/alex/ws_moveit2/src/install/moveit_resources_pr2_description/share/moveit_resources_pr2_description/urdf/meshes/gripper_v0/upper_finger_r.stl
[2.011s] -- Installing: /home/alex/ws_moveit2/src/install/moveit_resources_pr2_description/share/moveit_resources_pr2_description/urdf/meshes/gripper_v0/float_H_UV_100430.dae
[2.015s] -- Installing: /home/alex/ws_moveit2/src/install/moveit_resources_pr2_description/share/moveit_resources_pr2_description/urdf/meshes/gripper_v0/l_finger_normals.tif
[2.017s] -- Installing: /home/alex/ws_moveit2/src/install/moveit_resources_pr2_description/share/moveit_resources_pr2_description/urdf/meshes/gripper_v0/finger_tip_l.stl
[2.018s] -- Installing: /home/alex/ws_moveit2/src/install/moveit_resources_pr2_description/share/moveit_resources_pr2_description/urdf/meshes/gripper_v0/gripper_palm.stl
[2.018s] -- Installing: /home/alex/ws_moveit2/src/install/moveit_resources_pr2_description/share/moveit_resources_pr2_description/urdf/meshes/gripper_v0/l_finger_tip.stl
[2.019s] -- Installing: /home/alex/ws_moveit2/src/install/moveit_resources_pr2_description/share/moveit_resources_pr2_description/urdf/meshes/gripper_v0/gripper_palm_color.tif
[2.020s] -- Installing: /home/alex/ws_moveit2/src/install/moveit_resources_pr2_description/share/moveit_resources_pr2_description/urdf/meshes/gripper_v0/float_H_Color_100430.tif
[2.020s] -- Installing: /home/alex/ws_moveit2/src/install/moveit_resources_pr2_description/share/moveit_resources_pr2_description/urdf/meshes/gripper_v0/l_finger_color.tif
[2.021s] -- Installing: /home/alex/ws_moveit2/src/install/moveit_resources_pr2_description/share/moveit_resources_pr2_description/urdf/meshes/gripper_v0/l_finger.stl
[2.022s] -- Installing: /home/alex/ws_moveit2/src/install/moveit_resources_pr2_description/share/moveit_resources_pr2_description/urdf/meshes/gripper_v0/l_finger_tip_normals.tif
[2.025s] -- Installing: /home/alex/ws_moveit2/src/install/moveit_resources_pr2_description/share/moveit_resources_pr2_description/urdf/meshes/gripper_v0/gripper_palm.dae
[2.026s] -- Installing: /home/alex/ws_moveit2/src/install/moveit_resources_pr2_description/share/moveit_resources_pr2_description/urdf/meshes/torso_v0
[2.026s] -- Installing: /home/alex/ws_moveit2/src/install/moveit_resources_pr2_description/share/moveit_resources_pr2_description/urdf/meshes/torso_v0/torso_lift_L.stl
[2.026s] -- Installing: /home/alex/ws_moveit2/src/install/moveit_resources_pr2_description/share/moveit_resources_pr2_description/urdf/meshes/torso_v0/torso_lift_normals.tif
[2.028s] -- Installing: /home/alex/ws_moveit2/src/install/moveit_resources_pr2_description/share/moveit_resources_pr2_description/urdf/meshes/torso_v0/torso_lift_color.tif
[2.029s] -- Installing: /home/alex/ws_moveit2/src/install/moveit_resources_pr2_description/share/moveit_resources_pr2_description/urdf/meshes/torso_v0/convex
[2.029s] -- Installing: /home/alex/ws_moveit2/src/install/moveit_resources_pr2_description/share/moveit_resources_pr2_description/urdf/meshes/torso_v0/convex/torso_lift_L.dae
[2.030s] -- Installing: /home/alex/ws_moveit2/src/install/moveit_resources_pr2_description/share/moveit_resources_pr2_description/urdf/meshes/torso_v0/convex/torso.xml
[2.030s] -- Installing: /home/alex/ws_moveit2/src/install/moveit_resources_pr2_description/share/moveit_resources_pr2_description/urdf/meshes/torso_v0/convex/torso.dae
[2.030s] -- Installing: /home/alex/ws_moveit2/src/install/moveit_resources_pr2_description/share/moveit_resources_pr2_description/urdf/meshes/torso_v0/convex/torso_lift_convex.stla
[2.031s] -- Installing: /home/alex/ws_moveit2/src/install/moveit_resources_pr2_description/share/moveit_resources_pr2_description/urdf/meshes/torso_v0/convex/torso_convex.stla
[2.031s] -- Installing: /home/alex/ws_moveit2/src/install/moveit_resources_pr2_description/share/moveit_resources_pr2_description/urdf/meshes/torso_v0/convex/torso_lift.xml
[2.033s] -- Installing: /home/alex/ws_moveit2/src/install/moveit_resources_pr2_description/share/moveit_resources_pr2_description/urdf/meshes/torso_v0/convex/torso_lift_L.xml
[2.033s] -- Installing: /home/alex/ws_moveit2/src/install/moveit_resources_pr2_description/share/moveit_resources_pr2_description/urdf/meshes/torso_v0/convex/torso_convex.stlb
[2.034s] -- Installing: /home/alex/ws_moveit2/src/install/moveit_resources_pr2_description/share/moveit_resources_pr2_description/urdf/meshes/torso_v0/convex/torso_lift_convex.stlb
[2.034s] -- Installing: /home/alex/ws_moveit2/src/install/moveit_resources_pr2_description/share/moveit_resources_pr2_description/urdf/meshes/torso_v0/convex/torso_lift_L_convex.stlb
[2.034s] -- Installing: /home/alex/ws_moveit2/src/install/moveit_resources_pr2_description/share/moveit_resources_pr2_description/urdf/meshes/torso_v0/convex/torso_lift_L_convex.stla
[2.034s] -- Installing: /home/alex/ws_moveit2/src/install/moveit_resources_pr2_description/share/moveit_resources_pr2_description/urdf/meshes/torso_v0/convex/torso_lift.dae
[2.034s] -- Installing: /home/alex/ws_moveit2/src/install/moveit_resources_pr2_description/share/moveit_resources_pr2_description/urdf/meshes/torso_v0/torso_lift.stl
[2.034s] -- Installing: /home/alex/ws_moveit2/src/install/moveit_resources_pr2_description/share/moveit_resources_pr2_description/urdf/meshes/torso_v0/torso_lift.dae
[2.035s] -- Installing: /home/alex/ws_moveit2/src/install/moveit_resources_pr2_description/share/moveit_resources_pr2_description/urdf/meshes/torso_v0/torso.stl
[2.036s] -- Installing: /home/alex/ws_moveit2/src/install/moveit_resources_pr2_description/share/moveit_resources_pr2_description/urdf/meshes/forearm_v0
[2.036s] -- Installing: /home/alex/ws_moveit2/src/install/moveit_resources_pr2_description/share/moveit_resources_pr2_description/urdf/meshes/forearm_v0/forearm.jpg
[2.036s] -- Installing: /home/alex/ws_moveit2/src/install/moveit_resources_pr2_description/share/moveit_resources_pr2_description/urdf/meshes/forearm_v0/wrist_color.tif
[2.037s] -- Installing: /home/alex/ws_moveit2/src/install/moveit_resources_pr2_description/share/moveit_resources_pr2_description/urdf/meshes/forearm_v0/convex
[2.037s] -- Installing: /home/alex/ws_moveit2/src/install/moveit_resources_pr2_description/share/moveit_resources_pr2_description/urdf/meshes/forearm_v0/convex/wrist_roll_convex.stlb
[2.038s] -- Installing: /home/alex/ws_moveit2/src/install/moveit_resources_pr2_description/share/moveit_resources_pr2_description/urdf/meshes/forearm_v0/convex/forearm_convex.stlb
[2.038s] -- Installing: /home/alex/ws_moveit2/src/install/moveit_resources_pr2_description/share/moveit_resources_pr2_description/urdf/meshes/forearm_v0/convex/wrist_roll_L_convex.stla
[2.040s] -- Installing: /home/alex/ws_moveit2/src/install/moveit_resources_pr2_description/share/moveit_resources_pr2_description/urdf/meshes/forearm_v0/convex/wrist_roll.xml
[2.040s] -- Installing: /home/alex/ws_moveit2/src/install/moveit_resources_pr2_description/share/moveit_resources_pr2_description/urdf/meshes/forearm_v0/convex/wrist_roll.dae
[2.041s] -- Installing: /home/alex/ws_moveit2/src/install/moveit_resources_pr2_description/share/moveit_resources_pr2_description/urdf/meshes/forearm_v0/convex/wrist_roll_convex.stla
[2.041s] -- Installing: /home/alex/ws_moveit2/src/install/moveit_resources_pr2_description/share/moveit_resources_pr2_description/urdf/meshes/forearm_v0/convex/wrist_flex_convex.stlb
[2.041s] -- Installing: /home/alex/ws_moveit2/src/install/moveit_resources_pr2_description/share/moveit_resources_pr2_description/urdf/meshes/forearm_v0/convex/forearm.xml
[2.041s] -- Installing: /home/alex/ws_moveit2/src/install/moveit_resources_pr2_description/share/moveit_resources_pr2_description/urdf/meshes/forearm_v0/convex/wrist_flex_convex.stla
[2.041s] -- Installing: /home/alex/ws_moveit2/src/install/moveit_resources_pr2_description/share/moveit_resources_pr2_description/urdf/meshes/forearm_v0/convex/wrist_flex.dae
[2.041s] -- Installing: /home/alex/ws_moveit2/src/install/moveit_resources_pr2_description/share/moveit_resources_pr2_description/urdf/meshes/forearm_v0/convex/forearm.dae
[2.041s] -- Installing: /home/alex/ws_moveit2/src/install/moveit_resources_pr2_description/share/moveit_resources_pr2_description/urdf/meshes/forearm_v0/convex/wrist_roll_L.xml
[2.041s] -- Installing: /home/alex/ws_moveit2/src/install/moveit_resources_pr2_description/share/moveit_resources_pr2_description/urdf/meshes/forearm_v0/convex/wrist_roll_L.dae
[2.042s] -- Installing: /home/alex/ws_moveit2/src/install/moveit_resources_pr2_description/share/moveit_resources_pr2_description/urdf/meshes/forearm_v0/convex/wrist_roll_L_convex.stlb
[2.042s] -- Installing: /home/alex/ws_moveit2/src/install/moveit_resources_pr2_description/share/moveit_resources_pr2_description/urdf/meshes/forearm_v0/convex/forearm_convex.stla
[2.043s] -- Installing: /home/alex/ws_moveit2/src/install/moveit_resources_pr2_description/share/moveit_resources_pr2_description/urdf/meshes/forearm_v0/convex/wrist_flex.xml
[2.043s] -- Installing: /home/alex/ws_moveit2/src/install/moveit_resources_pr2_description/share/moveit_resources_pr2_description/urdf/meshes/forearm_v0/forearm_normals.tif
[2.046s] -- Installing: /home/alex/ws_moveit2/src/install/moveit_resources_pr2_description/share/moveit_resources_pr2_description/urdf/meshes/forearm_v0/wrist_flex.dae
[2.046s] -- Installing: /home/alex/ws_moveit2/src/install/moveit_resources_pr2_description/share/moveit_resources_pr2_description/urdf/meshes/forearm_v0/wrist_flex.stl
[2.047s] -- Installing: /home/alex/ws_moveit2/src/install/moveit_resources_pr2_description/share/moveit_resources_pr2_description/urdf/meshes/forearm_v0/forearm.dae
[2.048s] -- Installing: /home/alex/ws_moveit2/src/install/moveit_resources_pr2_description/share/moveit_resources_pr2_description/urdf/meshes/forearm_v0/forearm.stl
[2.048s] -- Installing: /home/alex/ws_moveit2/src/install/moveit_resources_pr2_description/share/moveit_resources_pr2_description/urdf/meshes/forearm_v0/wrist_normals.tif
[2.050s] -- Installing: /home/alex/ws_moveit2/src/install/moveit_resources_pr2_description/share/moveit_resources_pr2_description/urdf/meshes/forearm_v0/wrist_roll.stl
[2.051s] -- Installing: /home/alex/ws_moveit2/src/install/moveit_resources_pr2_description/share/moveit_resources_pr2_description/urdf/meshes/forearm_v0/wrist_roll_L.stl
[2.051s] -- Installing: /home/alex/ws_moveit2/src/install/moveit_resources_pr2_description/share/moveit_resources_pr2_description/urdf/meshes/forearm_v0/forearm_color.tif
[2.057s] -- Installing: /home/alex/ws_moveit2/src/install/moveit_resources_pr2_description/share/moveit_resources_pr2_description/urdf/meshes/head_v0
[2.057s] -- Installing: /home/alex/ws_moveit2/src/install/moveit_resources_pr2_description/share/moveit_resources_pr2_description/urdf/meshes/head_v0/head_tilt_color_yellow.tif
[2.058s] -- Installing: /home/alex/ws_moveit2/src/install/moveit_resources_pr2_description/share/moveit_resources_pr2_description/urdf/meshes/head_v0/head_tilt_normals.tif
[2.060s] -- Installing: /home/alex/ws_moveit2/src/install/moveit_resources_pr2_description/share/moveit_resources_pr2_description/urdf/meshes/head_v0/head_pan_L.stl
[2.060s] -- Installing: /home/alex/ws_moveit2/src/install/moveit_resources_pr2_description/share/moveit_resources_pr2_description/urdf/meshes/head_v0/head_tilt.stl
[2.061s] -- Installing: /home/alex/ws_moveit2/src/install/moveit_resources_pr2_description/share/moveit_resources_pr2_description/urdf/meshes/head_v0/head_tilt_color.tif
[2.067s] -- Installing: /home/alex/ws_moveit2/src/install/moveit_resources_pr2_description/share/moveit_resources_pr2_description/urdf/meshes/head_v0/head_tilt_color_red.tif
[2.068s] -- Installing: /home/alex/ws_moveit2/src/install/moveit_resources_pr2_description/share/moveit_resources_pr2_description/urdf/meshes/head_v0/head_pan_normals.tif
[2.072s] -- Installing: /home/alex/ws_moveit2/src/install/moveit_resources_pr2_description/share/moveit_resources_pr2_description/urdf/meshes/head_v0/convex
[2.072s] -- Installing: /home/alex/ws_moveit2/src/install/moveit_resources_pr2_description/share/moveit_resources_pr2_description/urdf/meshes/head_v0/convex/head_tilt_convex.stla
[2.072s] -- Installing: /home/alex/ws_moveit2/src/install/moveit_resources_pr2_description/share/moveit_resources_pr2_description/urdf/meshes/head_v0/convex/head_tilt_convex.stlb
[2.072s] -- Installing: /home/alex/ws_moveit2/src/install/moveit_resources_pr2_description/share/moveit_resources_pr2_description/urdf/meshes/head_v0/convex/head_pan.xml
[2.073s] -- Installing: /home/alex/ws_moveit2/src/install/moveit_resources_pr2_description/share/moveit_resources_pr2_description/urdf/meshes/head_v0/convex/head_pan_L.dae
[2.073s] -- Installing: /home/alex/ws_moveit2/src/install/moveit_resources_pr2_description/share/moveit_resources_pr2_description/urdf/meshes/head_v0/convex/head_pan_convex.stlb
[2.074s] -- Installing: /home/alex/ws_moveit2/src/install/moveit_resources_pr2_description/share/moveit_resources_pr2_description/urdf/meshes/head_v0/convex/head_pan.dae
[2.074s] -- Installing: /home/alex/ws_moveit2/src/install/moveit_resources_pr2_description/share/moveit_resources_pr2_description/urdf/meshes/head_v0/convex/head_pan_convex.stla
[2.075s] -- Installing: /home/alex/ws_moveit2/src/install/moveit_resources_pr2_description/share/moveit_resources_pr2_description/urdf/meshes/head_v0/convex/head_tilt_L.xml
[2.075s] -- Installing: /home/alex/ws_moveit2/src/install/moveit_resources_pr2_description/share/moveit_resources_pr2_description/urdf/meshes/head_v0/convex/head_tilt.xml
[2.075s] -- Installing: /home/alex/ws_moveit2/src/install/moveit_resources_pr2_description/share/moveit_resources_pr2_description/urdf/meshes/head_v0/convex/head_tilt_L_convex.stlb
[2.076s] -- Installing: /home/alex/ws_moveit2/src/install/moveit_resources_pr2_description/share/moveit_resources_pr2_description/urdf/meshes/head_v0/convex/head_tilt_L_convex.stla
[2.076s] -- Installing: /home/alex/ws_moveit2/src/install/moveit_resources_pr2_description/share/moveit_resources_pr2_description/urdf/meshes/head_v0/convex/head_pan_L.xml
[2.076s] -- Installing: /home/alex/ws_moveit2/src/install/moveit_resources_pr2_description/share/moveit_resources_pr2_description/urdf/meshes/head_v0/convex/head_pan_L_convex.stla
[2.077s] -- Installing: /home/alex/ws_moveit2/src/install/moveit_resources_pr2_description/share/moveit_resources_pr2_description/urdf/meshes/head_v0/convex/head_tilt.dae
[2.078s] -- Installing: /home/alex/ws_moveit2/src/install/moveit_resources_pr2_description/share/moveit_resources_pr2_description/urdf/meshes/head_v0/convex/head_tilt_L.dae
[2.078s] -- Installing: /home/alex/ws_moveit2/src/install/moveit_resources_pr2_description/share/moveit_resources_pr2_description/urdf/meshes/head_v0/convex/head_pan_L_convex.stlb
[2.078s] -- Installing: /home/alex/ws_moveit2/src/install/moveit_resources_pr2_description/share/moveit_resources_pr2_description/urdf/meshes/head_v0/head_tilt_green.tif
[2.079s] -- Installing: /home/alex/ws_moveit2/src/install/moveit_resources_pr2_description/share/moveit_resources_pr2_description/urdf/meshes/head_v0/head_pan.dae
[2.080s] -- Installing: /home/alex/ws_moveit2/src/install/moveit_resources_pr2_description/share/moveit_resources_pr2_description/urdf/meshes/head_v0/head_pan.stl
[2.081s] -- Installing: /home/alex/ws_moveit2/src/install/moveit_resources_pr2_description/share/moveit_resources_pr2_description/urdf/meshes/head_v0/head_tilt.dae
[2.082s] -- Installing: /home/alex/ws_moveit2/src/install/moveit_resources_pr2_description/share/moveit_resources_pr2_description/urdf/meshes/head_v0/head_tilt_L.stl
[2.082s] -- Installing: /home/alex/ws_moveit2/src/install/moveit_resources_pr2_description/share/moveit_resources_pr2_description/urdf/meshes/head_v0/head_pan_color.tif
[2.083s] -- Installing: /home/alex/ws_moveit2/src/install/moveit_resources_pr2_description/share/moveit_resources_pr2_description/urdf/meshes/sensors
[2.083s] -- Installing: /home/alex/ws_moveit2/src/install/moveit_resources_pr2_description/share/moveit_resources_pr2_description/urdf/meshes/sensors/kinect_v0
[2.084s] -- Installing: /home/alex/ws_moveit2/src/install/moveit_resources_pr2_description/share/moveit_resources_pr2_description/urdf/meshes/sensors/kinect_v0/kinect.tga
[2.084s] -- Installing: /home/alex/ws_moveit2/src/install/moveit_resources_pr2_description/share/moveit_resources_pr2_description/urdf/meshes/sensors/kinect_v0/kinect_color.tga
[2.084s] -- Installing: /home/alex/ws_moveit2/src/install/moveit_resources_pr2_description/share/moveit_resources_pr2_description/urdf/meshes/sensors/kinect_v0/kinect.dae
[2.085s] -- Installing: /home/alex/ws_moveit2/src/install/moveit_resources_pr2_description/share/moveit_resources_pr2_description/urdf/meshes/sensors/kinect_v0/kinect_mount.stl
[2.086s] -- Installing: /home/alex/ws_moveit2/src/install/moveit_resources_pr2_description/share/moveit_resources_pr2_description/urdf/meshes/sensors/kinect_prosilica_v0
[2.086s] -- Installing: /home/alex/ws_moveit2/src/install/moveit_resources_pr2_description/share/moveit_resources_pr2_description/urdf/meshes/sensors/kinect_prosilica_v0/115x100_swept_back_no_sensors--coarse.STL
[2.088s] -- Installing: /home/alex/ws_moveit2/src/install/moveit_resources_pr2_description/share/moveit_resources_pr2_description/urdf/meshes/sensors/kinect_prosilica_v0/68-04546_Kinect_Sensor--coarse.STL
[2.089s] -- Installing: /home/alex/ws_moveit2/src/install/moveit_resources_pr2_description/share/moveit_resources_pr2_description/urdf/meshes/sensors/kinect_prosilica_v0/115x100_swept_back--coarse.STL
[2.092s] -- Installing: /home/alex/ws_moveit2/src/install/moveit_resources_pr2_description/share/moveit_resources_pr2_description/urdf/meshes/sensors/kinect_prosilica_v0/115x100_swept_fwd--coarse.STL
[2.094s] -- Installing: /home/alex/ws_moveit2/src/install/moveit_resources_pr2_description/share/moveit_resources_pr2_description/urdf/meshes/sensors/kinect_prosilica_v0/Prosilica_w_Lens--coarse.STL
[2.098s] -- Installing: /home/alex/ws_moveit2/src/install/moveit_resources_pr2_description/share/moveit_resources_pr2_description/urdf/meshes/sensors/kinect_prosilica_v0/115x100_swept_fwd_no_sensors--coarse.STL
[2.099s] -- Installing: /home/alex/ws_moveit2/src/install/moveit_resources_pr2_description/share/moveit_resources_pr2_description/urdf/materials
[2.100s] -- Installing: /home/alex/ws_moveit2/src/install/moveit_resources_pr2_description/share/moveit_resources_pr2_description/urdf/materials/textures
[2.100s] -- Installing: /home/alex/ws_moveit2/src/install/moveit_resources_pr2_description/share/moveit_resources_pr2_description/urdf/materials/textures/pr2_caster_texture.png
[2.100s] -- Installing: /home/alex/ws_moveit2/src/install/moveit_resources_pr2_description/share/moveit_resources_pr2_description/urdf/materials/textures/pr2_wheel_right.png
[2.100s] -- Installing: /home/alex/ws_moveit2/src/install/moveit_resources_pr2_description/share/moveit_resources_pr2_description/urdf/materials/textures/pr2_wheel_left.png
[2.101s] -- Installing: /home/alex/ws_moveit2/src/install/moveit_resources_pr2_description/share/moveit_resources_pr2_description/kinect.dae
[2.339s] Invoked command in '/home/alex/ws_moveit2/src/build/moveit_resources_pr2_description' returned '0': CMAKE_PREFIX_PATH=${CMAKE_PREFIX_PATH}:/home/alex/ws_moveit2/install/moveit_configs_utils:/home/alex/ws_moveit2/install/launch_param_builder:/opt/ros/humble /usr/bin/cmake --install /home/alex/ws_moveit2/src/build/moveit_resources_pr2_description
