[0.096s] Invoking command in '/home/autopilot/ws/restackcell/build/opcua_interfaces': CMAKE_PREFIX_PATH=/opt/ros/humble /usr/bin/cmake --build /home/autopilot/ws/restackcell/build/opcua_interfaces -- -j4 -l4
[1.977s] [  2%] Built target opcua_interfaces__cpp
[1.977s] [ 12%] Built target opcua_interfaces__rosidl_generator_c
[1.977s] [ 23%] Built target opcua_interfaces__rosidl_typesupport_introspection_cpp
[1.977s] [ 23%] Built target ament_cmake_python_copy_opcua_interfaces
[1.977s] [ 34%] Built target opcua_interfaces__rosidl_typesupport_cpp
[1.978s] [ 44%] Built target opcua_interfaces__rosidl_typesupport_fastrtps_c
[1.978s] [ 55%] Built target opcua_interfaces__rosidl_typesupport_introspection_c
[1.978s] [ 65%] Built target opcua_interfaces__rosidl_typesupport_fastrtps_cpp
[1.978s] [ 76%] Built target opcua_interfaces__rosidl_typesupport_c
[1.978s] [ 76%] Built target opcua_interfaces
[1.978s] [ 78%] Built target opcua_interfaces__py
[1.978s] [ 87%] Built target opcua_interfaces__rosidl_generator_py
[1.979s] [ 91%] Built target opcua_interfaces__rosidl_typesupport_fastrtps_c__pyext
[1.979s] [ 95%] Built target opcua_interfaces__rosidl_typesupport_c__pyext
[1.979s] [100%] Built target opcua_interfaces__rosidl_typesupport_introspection_c__pyext
[2.694s] running egg_info
[2.700s] writing opcua_interfaces.egg-info/PKG-INFO
[2.706s] writing dependency_links to opcua_interfaces.egg-info/dependency_links.txt
[2.708s] writing top-level names to opcua_interfaces.egg-info/top_level.txt
[2.730s] reading manifest file 'opcua_interfaces.egg-info/SOURCES.txt'
[2.738s] writing manifest file 'opcua_interfaces.egg-info/SOURCES.txt'
[3.003s] [100%] Built target ament_cmake_python_build_opcua_interfaces_egg
[3.081s] Invoked command in '/home/autopilot/ws/restackcell/build/opcua_interfaces' returned '0': CMAKE_PREFIX_PATH=/opt/ros/humble /usr/bin/cmake --build /home/autopilot/ws/restackcell/build/opcua_interfaces -- -j4 -l4
[4.363s] Invoking command in '/home/autopilot/ws/restackcell/build/opcua_interfaces': CMAKE_PREFIX_PATH=/opt/ros/humble /usr/bin/cmake --install /home/autopilot/ws/restackcell/build/opcua_interfaces
[4.421s] -- Install configuration: ""
[4.425s] -- Up-to-date: /home/autopilot/ws/restackcell/install/opcua_interfaces/share/ament_index/resource_index/rosidl_interfaces/opcua_interfaces
[4.426s] -- Up-to-date: /home/autopilot/ws/restackcell/install/opcua_interfaces/include/opcua_interfaces/opcua_interfaces
[4.433s] -- Up-to-date: /home/autopilot/ws/restackcell/install/opcua_interfaces/include/opcua_interfaces/opcua_interfaces/msg
[4.433s] -- Up-to-date: /home/autopilot/ws/restackcell/install/opcua_interfaces/include/opcua_interfaces/opcua_interfaces/msg/actuator_read.h
[4.434s] -- Up-to-date: /home/autopilot/ws/restackcell/install/opcua_interfaces/include/opcua_interfaces/opcua_interfaces/msg/rosidl_generator_c__visibility_control.h
[4.434s] -- Up-to-date: /home/autopilot/ws/restackcell/install/opcua_interfaces/include/opcua_interfaces/opcua_interfaces/msg/detail
[4.434s] -- Up-to-date: /home/autopilot/ws/restackcell/install/opcua_interfaces/include/opcua_interfaces/opcua_interfaces/msg/detail/actuator_read__functions.h
[4.434s] -- Up-to-date: /home/autopilot/ws/restackcell/install/opcua_interfaces/include/opcua_interfaces/opcua_interfaces/msg/detail/actuator_read__type_support.h
[4.434s] -- Up-to-date: /home/autopilot/ws/restackcell/install/opcua_interfaces/include/opcua_interfaces/opcua_interfaces/msg/detail/actuator_read__functions.c
[4.434s] -- Up-to-date: /home/autopilot/ws/restackcell/install/opcua_interfaces/include/opcua_interfaces/opcua_interfaces/msg/detail/actuator_read_request__struct.h
[4.435s] -- Up-to-date: /home/autopilot/ws/restackcell/install/opcua_interfaces/include/opcua_interfaces/opcua_interfaces/msg/detail/actuator_read_request__functions.h
[4.435s] -- Up-to-date: /home/autopilot/ws/restackcell/install/opcua_interfaces/include/opcua_interfaces/opcua_interfaces/msg/detail/actuator_write__functions.h
[4.435s] -- Up-to-date: /home/autopilot/ws/restackcell/install/opcua_interfaces/include/opcua_interfaces/opcua_interfaces/msg/detail/actuator_write__functions.c
[4.435s] -- Up-to-date: /home/autopilot/ws/restackcell/install/opcua_interfaces/include/opcua_interfaces/opcua_interfaces/msg/detail/actuator_write__type_support.h
[4.435s] -- Up-to-date: /home/autopilot/ws/restackcell/install/opcua_interfaces/include/opcua_interfaces/opcua_interfaces/msg/detail/actuator_read_request__functions.c
[4.437s] -- Up-to-date: /home/autopilot/ws/restackcell/install/opcua_interfaces/include/opcua_interfaces/opcua_interfaces/msg/detail/actuator_read_request__type_support.h
[4.437s] -- Up-to-date: /home/autopilot/ws/restackcell/install/opcua_interfaces/include/opcua_interfaces/opcua_interfaces/msg/detail/actuator_read__struct.h
[4.437s] -- Up-to-date: /home/autopilot/ws/restackcell/install/opcua_interfaces/include/opcua_interfaces/opcua_interfaces/msg/detail/actuator_write__struct.h
[4.438s] -- Up-to-date: /home/autopilot/ws/restackcell/install/opcua_interfaces/include/opcua_interfaces/opcua_interfaces/msg/actuator_write.h
[4.438s] -- Up-to-date: /home/autopilot/ws/restackcell/install/opcua_interfaces/include/opcua_interfaces/opcua_interfaces/msg/actuator_read_request.h
[4.440s] -- Up-to-date: /home/autopilot/ws/restackcell/install/opcua_interfaces/share/opcua_interfaces/environment/library_path.sh
[4.441s] -- Up-to-date: /home/autopilot/ws/restackcell/install/opcua_interfaces/share/opcua_interfaces/environment/library_path.dsv
[4.441s] -- Up-to-date: /home/autopilot/ws/restackcell/install/opcua_interfaces/lib/libopcua_interfaces__rosidl_generator_c.so
[4.443s] -- Up-to-date: /home/autopilot/ws/restackcell/install/opcua_interfaces/include/opcua_interfaces/opcua_interfaces
[4.445s] -- Up-to-date: /home/autopilot/ws/restackcell/install/opcua_interfaces/include/opcua_interfaces/opcua_interfaces/msg
[4.448s] -- Up-to-date: /home/autopilot/ws/restackcell/install/opcua_interfaces/include/opcua_interfaces/opcua_interfaces/msg/rosidl_typesupport_fastrtps_c__visibility_control.h
[4.449s] -- Up-to-date: /home/autopilot/ws/restackcell/install/opcua_interfaces/include/opcua_interfaces/opcua_interfaces/msg/detail
[4.450s] -- Up-to-date: /home/autopilot/ws/restackcell/install/opcua_interfaces/include/opcua_interfaces/opcua_interfaces/msg/detail/actuator_read_request__rosidl_typesupport_fastrtps_c.h
[4.451s] -- Up-to-date: /home/autopilot/ws/restackcell/install/opcua_interfaces/include/opcua_interfaces/opcua_interfaces/msg/detail/actuator_read__rosidl_typesupport_fastrtps_c.h
[4.451s] -- Up-to-date: /home/autopilot/ws/restackcell/install/opcua_interfaces/include/opcua_interfaces/opcua_interfaces/msg/detail/actuator_write__rosidl_typesupport_fastrtps_c.h
[4.451s] -- Up-to-date: /home/autopilot/ws/restackcell/install/opcua_interfaces/lib/libopcua_interfaces__rosidl_typesupport_fastrtps_c.so
[4.453s] -- Up-to-date: /home/autopilot/ws/restackcell/install/opcua_interfaces/include/opcua_interfaces/opcua_interfaces
[4.454s] -- Up-to-date: /home/autopilot/ws/restackcell/install/opcua_interfaces/include/opcua_interfaces/opcua_interfaces/msg
[4.454s] -- Up-to-date: /home/autopilot/ws/restackcell/install/opcua_interfaces/include/opcua_interfaces/opcua_interfaces/msg/rosidl_typesupport_introspection_c__visibility_control.h
[4.458s] -- Up-to-date: /home/autopilot/ws/restackcell/install/opcua_interfaces/include/opcua_interfaces/opcua_interfaces/msg/detail
[4.458s] -- Up-to-date: /home/autopilot/ws/restackcell/install/opcua_interfaces/include/opcua_interfaces/opcua_interfaces/msg/detail/actuator_write__type_support.c
[4.460s] -- Up-to-date: /home/autopilot/ws/restackcell/install/opcua_interfaces/include/opcua_interfaces/opcua_interfaces/msg/detail/actuator_read_request__type_support.c
[4.461s] -- Up-to-date: /home/autopilot/ws/restackcell/install/opcua_interfaces/include/opcua_interfaces/opcua_interfaces/msg/detail/actuator_write__rosidl_typesupport_introspection_c.h
[4.461s] -- Up-to-date: /home/autopilot/ws/restackcell/install/opcua_interfaces/include/opcua_interfaces/opcua_interfaces/msg/detail/actuator_read_request__rosidl_typesupport_introspection_c.h
[4.462s] -- Up-to-date: /home/autopilot/ws/restackcell/install/opcua_interfaces/include/opcua_interfaces/opcua_interfaces/msg/detail/actuator_read__rosidl_typesupport_introspection_c.h
[4.462s] -- Up-to-date: /home/autopilot/ws/restackcell/install/opcua_interfaces/include/opcua_interfaces/opcua_interfaces/msg/detail/actuator_read__type_support.c
[4.463s] -- Up-to-date: /home/autopilot/ws/restackcell/install/opcua_interfaces/lib/libopcua_interfaces__rosidl_typesupport_introspection_c.so
[4.465s] -- Up-to-date: /home/autopilot/ws/restackcell/install/opcua_interfaces/lib/libopcua_interfaces__rosidl_typesupport_c.so
[4.466s] -- Up-to-date: /home/autopilot/ws/restackcell/install/opcua_interfaces/include/opcua_interfaces/opcua_interfaces
[4.467s] -- Up-to-date: /home/autopilot/ws/restackcell/install/opcua_interfaces/include/opcua_interfaces/opcua_interfaces/msg
[4.468s] -- Up-to-date: /home/autopilot/ws/restackcell/install/opcua_interfaces/include/opcua_interfaces/opcua_interfaces/msg/actuator_read_request.hpp
[4.468s] -- Up-to-date: /home/autopilot/ws/restackcell/install/opcua_interfaces/include/opcua_interfaces/opcua_interfaces/msg/actuator_read.hpp
[4.471s] -- Up-to-date: /home/autopilot/ws/restackcell/install/opcua_interfaces/include/opcua_interfaces/opcua_interfaces/msg/detail
[4.471s] -- Up-to-date: /home/autopilot/ws/restackcell/install/opcua_interfaces/include/opcua_interfaces/opcua_interfaces/msg/detail/actuator_write__struct.hpp
[4.474s] -- Up-to-date: /home/autopilot/ws/restackcell/install/opcua_interfaces/include/opcua_interfaces/opcua_interfaces/msg/detail/actuator_read_request__traits.hpp
[4.474s] -- Up-to-date: /home/autopilot/ws/restackcell/install/opcua_interfaces/include/opcua_interfaces/opcua_interfaces/msg/detail/actuator_read__traits.hpp
[4.477s] -- Up-to-date: /home/autopilot/ws/restackcell/install/opcua_interfaces/include/opcua_interfaces/opcua_interfaces/msg/detail/actuator_write__builder.hpp
[4.477s] -- Up-to-date: /home/autopilot/ws/restackcell/install/opcua_interfaces/include/opcua_interfaces/opcua_interfaces/msg/detail/actuator_read_request__builder.hpp
[4.478s] -- Up-to-date: /home/autopilot/ws/restackcell/install/opcua_interfaces/include/opcua_interfaces/opcua_interfaces/msg/detail/actuator_read__struct.hpp
[4.478s] -- Up-to-date: /home/autopilot/ws/restackcell/install/opcua_interfaces/include/opcua_interfaces/opcua_interfaces/msg/detail/actuator_read_request__struct.hpp
[4.480s] -- Up-to-date: /home/autopilot/ws/restackcell/install/opcua_interfaces/include/opcua_interfaces/opcua_interfaces/msg/detail/actuator_write__traits.hpp
[4.481s] -- Up-to-date: /home/autopilot/ws/restackcell/install/opcua_interfaces/include/opcua_interfaces/opcua_interfaces/msg/detail/actuator_read__builder.hpp
[4.482s] -- Up-to-date: /home/autopilot/ws/restackcell/install/opcua_interfaces/include/opcua_interfaces/opcua_interfaces/msg/actuator_write.hpp
[4.482s] -- Up-to-date: /home/autopilot/ws/restackcell/install/opcua_interfaces/include/opcua_interfaces/opcua_interfaces
[4.483s] -- Up-to-date: /home/autopilot/ws/restackcell/install/opcua_interfaces/include/opcua_interfaces/opcua_interfaces/msg
[4.484s] -- Up-to-date: /home/autopilot/ws/restackcell/install/opcua_interfaces/include/opcua_interfaces/opcua_interfaces/msg/rosidl_typesupport_fastrtps_cpp__visibility_control.h
[4.484s] -- Up-to-date: /home/autopilot/ws/restackcell/install/opcua_interfaces/include/opcua_interfaces/opcua_interfaces/msg/detail
[4.484s] -- Up-to-date: /home/autopilot/ws/restackcell/install/opcua_interfaces/include/opcua_interfaces/opcua_interfaces/msg/detail/actuator_read_request__rosidl_typesupport_fastrtps_cpp.hpp
[4.485s] -- Up-to-date: /home/autopilot/ws/restackcell/install/opcua_interfaces/include/opcua_interfaces/opcua_interfaces/msg/detail/actuator_read__rosidl_typesupport_fastrtps_cpp.hpp
[4.485s] -- Up-to-date: /home/autopilot/ws/restackcell/install/opcua_interfaces/include/opcua_interfaces/opcua_interfaces/msg/detail/dds_fastrtps
[4.485s] -- Up-to-date: /home/autopilot/ws/restackcell/install/opcua_interfaces/include/opcua_interfaces/opcua_interfaces/msg/detail/actuator_write__rosidl_typesupport_fastrtps_cpp.hpp
[4.488s] -- Up-to-date: /home/autopilot/ws/restackcell/install/opcua_interfaces/lib/libopcua_interfaces__rosidl_typesupport_fastrtps_cpp.so
[4.489s] -- Up-to-date: /home/autopilot/ws/restackcell/install/opcua_interfaces/include/opcua_interfaces/opcua_interfaces
[4.491s] -- Up-to-date: /home/autopilot/ws/restackcell/install/opcua_interfaces/include/opcua_interfaces/opcua_interfaces/msg
[4.492s] -- Up-to-date: /home/autopilot/ws/restackcell/install/opcua_interfaces/include/opcua_interfaces/opcua_interfaces/msg/detail
[4.492s] -- Up-to-date: /home/autopilot/ws/restackcell/install/opcua_interfaces/include/opcua_interfaces/opcua_interfaces/msg/detail/actuator_read__type_support.cpp
[4.494s] -- Up-to-date: /home/autopilot/ws/restackcell/install/opcua_interfaces/include/opcua_interfaces/opcua_interfaces/msg/detail/actuator_read_request__rosidl_typesupport_introspection_cpp.hpp
[4.494s] -- Up-to-date: /home/autopilot/ws/restackcell/install/opcua_interfaces/include/opcua_interfaces/opcua_interfaces/msg/detail/actuator_write__rosidl_typesupport_introspection_cpp.hpp
[4.495s] -- Up-to-date: /home/autopilot/ws/restackcell/install/opcua_interfaces/include/opcua_interfaces/opcua_interfaces/msg/detail/actuator_read_request__type_support.cpp
[4.496s] -- Up-to-date: /home/autopilot/ws/restackcell/install/opcua_interfaces/include/opcua_interfaces/opcua_interfaces/msg/detail/actuator_write__type_support.cpp
[4.497s] -- Up-to-date: /home/autopilot/ws/restackcell/install/opcua_interfaces/include/opcua_interfaces/opcua_interfaces/msg/detail/actuator_read__rosidl_typesupport_introspection_cpp.hpp
[4.497s] -- Up-to-date: /home/autopilot/ws/restackcell/install/opcua_interfaces/lib/libopcua_interfaces__rosidl_typesupport_introspection_cpp.so
[4.499s] -- Up-to-date: /home/autopilot/ws/restackcell/install/opcua_interfaces/lib/libopcua_interfaces__rosidl_typesupport_cpp.so
[4.499s] -- Up-to-date: /home/autopilot/ws/restackcell/install/opcua_interfaces/share/opcua_interfaces/environment/pythonpath.sh
[4.501s] -- Up-to-date: /home/autopilot/ws/restackcell/install/opcua_interfaces/share/opcua_interfaces/environment/pythonpath.dsv
[4.503s] -- Up-to-date: /home/autopilot/ws/restackcell/install/opcua_interfaces/local/lib/python3.10/dist-packages/opcua_interfaces-0.0.0-py3.10.egg-info
[4.505s] -- Installing: /home/autopilot/ws/restackcell/install/opcua_interfaces/local/lib/python3.10/dist-packages/opcua_interfaces-0.0.0-py3.10.egg-info/SOURCES.txt
[4.507s] -- Installing: /home/autopilot/ws/restackcell/install/opcua_interfaces/local/lib/python3.10/dist-packages/opcua_interfaces-0.0.0-py3.10.egg-info/PKG-INFO
[4.507s] -- Installing: /home/autopilot/ws/restackcell/install/opcua_interfaces/local/lib/python3.10/dist-packages/opcua_interfaces-0.0.0-py3.10.egg-info/top_level.txt
[4.509s] -- Installing: /home/autopilot/ws/restackcell/install/opcua_interfaces/local/lib/python3.10/dist-packages/opcua_interfaces-0.0.0-py3.10.egg-info/dependency_links.txt
[4.509s] -- Up-to-date: /home/autopilot/ws/restackcell/install/opcua_interfaces/local/lib/python3.10/dist-packages/opcua_interfaces
[4.510s] -- Up-to-date: /home/autopilot/ws/restackcell/install/opcua_interfaces/local/lib/python3.10/dist-packages/opcua_interfaces/_opcua_interfaces_s.ep.rosidl_typesupport_fastrtps_c.c
[4.511s] -- Up-to-date: /home/autopilot/ws/restackcell/install/opcua_interfaces/local/lib/python3.10/dist-packages/opcua_interfaces/__init__.py
[4.512s] -- Up-to-date: /home/autopilot/ws/restackcell/install/opcua_interfaces/local/lib/python3.10/dist-packages/opcua_interfaces/msg
[4.512s] -- Up-to-date: /home/autopilot/ws/restackcell/install/opcua_interfaces/local/lib/python3.10/dist-packages/opcua_interfaces/msg/_actuator_read_request_s.c
[4.512s] -- Up-to-date: /home/autopilot/ws/restackcell/install/opcua_interfaces/local/lib/python3.10/dist-packages/opcua_interfaces/msg/_actuator_write_s.c
[4.513s] -- Up-to-date: /home/autopilot/ws/restackcell/install/opcua_interfaces/local/lib/python3.10/dist-packages/opcua_interfaces/msg/__init__.py
[4.514s] -- Up-to-date: /home/autopilot/ws/restackcell/install/opcua_interfaces/local/lib/python3.10/dist-packages/opcua_interfaces/msg/_actuator_write.py
[4.515s] -- Up-to-date: /home/autopilot/ws/restackcell/install/opcua_interfaces/local/lib/python3.10/dist-packages/opcua_interfaces/msg/_actuator_read_request.py
[4.515s] -- Up-to-date: /home/autopilot/ws/restackcell/install/opcua_interfaces/local/lib/python3.10/dist-packages/opcua_interfaces/msg/_actuator_read.py
[4.517s] -- Up-to-date: /home/autopilot/ws/restackcell/install/opcua_interfaces/local/lib/python3.10/dist-packages/opcua_interfaces/msg/_actuator_read_s.c
[4.517s] -- Up-to-date: /home/autopilot/ws/restackcell/install/opcua_interfaces/local/lib/python3.10/dist-packages/opcua_interfaces/_opcua_interfaces_s.ep.rosidl_typesupport_introspection_c.c
[4.519s] -- Up-to-date: /home/autopilot/ws/restackcell/install/opcua_interfaces/local/lib/python3.10/dist-packages/opcua_interfaces/_opcua_interfaces_s.ep.rosidl_typesupport_c.c
[4.519s] -- Up-to-date: /home/autopilot/ws/restackcell/install/opcua_interfaces/local/lib/python3.10/dist-packages/opcua_interfaces/opcua_interfaces_s__rosidl_typesupport_introspection_c.cpython-310-aarch64-linux-gnu.so
[4.520s] -- Up-to-date: /home/autopilot/ws/restackcell/install/opcua_interfaces/local/lib/python3.10/dist-packages/opcua_interfaces/opcua_interfaces_s__rosidl_typesupport_c.cpython-310-aarch64-linux-gnu.so
[4.521s] -- Up-to-date: /home/autopilot/ws/restackcell/install/opcua_interfaces/local/lib/python3.10/dist-packages/opcua_interfaces/opcua_interfaces_s__rosidl_typesupport_fastrtps_c.cpython-310-aarch64-linux-gnu.so
[4.523s] -- Up-to-date: /home/autopilot/ws/restackcell/install/opcua_interfaces/local/lib/python3.10/dist-packages/opcua_interfaces/libopcua_interfaces__rosidl_generator_py.so
[4.712s] Listing '/home/autopilot/ws/restackcell/install/opcua_interfaces/local/lib/python3.10/dist-packages/opcua_interfaces'...
[4.713s] Listing '/home/autopilot/ws/restackcell/install/opcua_interfaces/local/lib/python3.10/dist-packages/opcua_interfaces/msg'...
[4.756s] -- Up-to-date: /home/autopilot/ws/restackcell/install/opcua_interfaces/local/lib/python3.10/dist-packages/opcua_interfaces/opcua_interfaces_s__rosidl_typesupport_fastrtps_c.cpython-310-aarch64-linux-gnu.so
[4.757s] -- Up-to-date: /home/autopilot/ws/restackcell/install/opcua_interfaces/local/lib/python3.10/dist-packages/opcua_interfaces/opcua_interfaces_s__rosidl_typesupport_introspection_c.cpython-310-aarch64-linux-gnu.so
[4.757s] -- Up-to-date: /home/autopilot/ws/restackcell/install/opcua_interfaces/local/lib/python3.10/dist-packages/opcua_interfaces/opcua_interfaces_s__rosidl_typesupport_c.cpython-310-aarch64-linux-gnu.so
[4.757s] -- Up-to-date: /home/autopilot/ws/restackcell/install/opcua_interfaces/lib/libopcua_interfaces__rosidl_generator_py.so
[4.757s] -- Up-to-date: /home/autopilot/ws/restackcell/install/opcua_interfaces/share/opcua_interfaces/msg/ActuatorWrite.idl
[4.757s] -- Up-to-date: /home/autopilot/ws/restackcell/install/opcua_interfaces/share/opcua_interfaces/msg/ActuatorRead.idl
[4.758s] -- Up-to-date: /home/autopilot/ws/restackcell/install/opcua_interfaces/share/opcua_interfaces/msg/ActuatorReadRequest.idl
[4.758s] -- Up-to-date: /home/autopilot/ws/restackcell/install/opcua_interfaces/share/opcua_interfaces/msg/ActuatorWrite.msg
[4.758s] -- Up-to-date: /home/autopilot/ws/restackcell/install/opcua_interfaces/share/opcua_interfaces/msg/ActuatorRead.msg
[4.758s] -- Up-to-date: /home/autopilot/ws/restackcell/install/opcua_interfaces/share/opcua_interfaces/msg/ActuatorReadRequest.msg
[4.758s] -- Up-to-date: /home/autopilot/ws/restackcell/install/opcua_interfaces/share/ament_index/resource_index/package_run_dependencies/opcua_interfaces
[4.758s] -- Up-to-date: /home/autopilot/ws/restackcell/install/opcua_interfaces/share/ament_index/resource_index/parent_prefix_path/opcua_interfaces
[4.759s] -- Up-to-date: /home/autopilot/ws/restackcell/install/opcua_interfaces/share/opcua_interfaces/environment/ament_prefix_path.sh
[4.759s] -- Up-to-date: /home/autopilot/ws/restackcell/install/opcua_interfaces/share/opcua_interfaces/environment/ament_prefix_path.dsv
[4.759s] -- Up-to-date: /home/autopilot/ws/restackcell/install/opcua_interfaces/share/opcua_interfaces/environment/path.sh
[4.759s] -- Up-to-date: /home/autopilot/ws/restackcell/install/opcua_interfaces/share/opcua_interfaces/environment/path.dsv
[4.759s] -- Up-to-date: /home/autopilot/ws/restackcell/install/opcua_interfaces/share/opcua_interfaces/local_setup.bash
[4.759s] -- Up-to-date: /home/autopilot/ws/restackcell/install/opcua_interfaces/share/opcua_interfaces/local_setup.sh
[4.759s] -- Up-to-date: /home/autopilot/ws/restackcell/install/opcua_interfaces/share/opcua_interfaces/local_setup.zsh
[4.760s] -- Up-to-date: /home/autopilot/ws/restackcell/install/opcua_interfaces/share/opcua_interfaces/local_setup.dsv
[4.760s] -- Installing: /home/autopilot/ws/restackcell/install/opcua_interfaces/share/opcua_interfaces/package.dsv
[4.760s] -- Up-to-date: /home/autopilot/ws/restackcell/install/opcua_interfaces/share/ament_index/resource_index/packages/opcua_interfaces
[4.761s] -- Up-to-date: /home/autopilot/ws/restackcell/install/opcua_interfaces/share/opcua_interfaces/cmake/export_opcua_interfaces__rosidl_generator_cExport.cmake
[4.761s] -- Up-to-date: /home/autopilot/ws/restackcell/install/opcua_interfaces/share/opcua_interfaces/cmake/export_opcua_interfaces__rosidl_generator_cExport-noconfig.cmake
[4.761s] -- Up-to-date: /home/autopilot/ws/restackcell/install/opcua_interfaces/share/opcua_interfaces/cmake/export_opcua_interfaces__rosidl_typesupport_fastrtps_cExport.cmake
[4.761s] -- Up-to-date: /home/autopilot/ws/restackcell/install/opcua_interfaces/share/opcua_interfaces/cmake/export_opcua_interfaces__rosidl_typesupport_fastrtps_cExport-noconfig.cmake
[4.761s] -- Up-to-date: /home/autopilot/ws/restackcell/install/opcua_interfaces/share/opcua_interfaces/cmake/opcua_interfaces__rosidl_typesupport_introspection_cExport.cmake
[4.762s] -- Up-to-date: /home/autopilot/ws/restackcell/install/opcua_interfaces/share/opcua_interfaces/cmake/opcua_interfaces__rosidl_typesupport_introspection_cExport-noconfig.cmake
[4.762s] -- Up-to-date: /home/autopilot/ws/restackcell/install/opcua_interfaces/share/opcua_interfaces/cmake/opcua_interfaces__rosidl_typesupport_cExport.cmake
[4.762s] -- Up-to-date: /home/autopilot/ws/restackcell/install/opcua_interfaces/share/opcua_interfaces/cmake/opcua_interfaces__rosidl_typesupport_cExport-noconfig.cmake
[4.762s] -- Up-to-date: /home/autopilot/ws/restackcell/install/opcua_interfaces/share/opcua_interfaces/cmake/export_opcua_interfaces__rosidl_generator_cppExport.cmake
[4.762s] -- Up-to-date: /home/autopilot/ws/restackcell/install/opcua_interfaces/share/opcua_interfaces/cmake/export_opcua_interfaces__rosidl_typesupport_fastrtps_cppExport.cmake
[4.763s] -- Up-to-date: /home/autopilot/ws/restackcell/install/opcua_interfaces/share/opcua_interfaces/cmake/export_opcua_interfaces__rosidl_typesupport_fastrtps_cppExport-noconfig.cmake
[4.764s] -- Up-to-date: /home/autopilot/ws/restackcell/install/opcua_interfaces/share/opcua_interfaces/cmake/opcua_interfaces__rosidl_typesupport_introspection_cppExport.cmake
[4.765s] -- Up-to-date: /home/autopilot/ws/restackcell/install/opcua_interfaces/share/opcua_interfaces/cmake/opcua_interfaces__rosidl_typesupport_introspection_cppExport-noconfig.cmake
[4.765s] -- Up-to-date: /home/autopilot/ws/restackcell/install/opcua_interfaces/share/opcua_interfaces/cmake/opcua_interfaces__rosidl_typesupport_cppExport.cmake
[4.767s] -- Up-to-date: /home/autopilot/ws/restackcell/install/opcua_interfaces/share/opcua_interfaces/cmake/opcua_interfaces__rosidl_typesupport_cppExport-noconfig.cmake
[4.767s] -- Up-to-date: /home/autopilot/ws/restackcell/install/opcua_interfaces/share/opcua_interfaces/cmake/export_opcua_interfaces__rosidl_generator_pyExport.cmake
[4.779s] -- Up-to-date: /home/autopilot/ws/restackcell/install/opcua_interfaces/share/opcua_interfaces/cmake/export_opcua_interfaces__rosidl_generator_pyExport-noconfig.cmake
[4.779s] -- Up-to-date: /home/autopilot/ws/restackcell/install/opcua_interfaces/share/opcua_interfaces/cmake/rosidl_cmake-extras.cmake
[4.779s] -- Up-to-date: /home/autopilot/ws/restackcell/install/opcua_interfaces/share/opcua_interfaces/cmake/ament_cmake_export_include_directories-extras.cmake
[4.780s] -- Up-to-date: /home/autopilot/ws/restackcell/install/opcua_interfaces/share/opcua_interfaces/cmake/ament_cmake_export_libraries-extras.cmake
[4.780s] -- Up-to-date: /home/autopilot/ws/restackcell/install/opcua_interfaces/share/opcua_interfaces/cmake/ament_cmake_export_targets-extras.cmake
[4.781s] -- Up-to-date: /home/autopilot/ws/restackcell/install/opcua_interfaces/share/opcua_interfaces/cmake/rosidl_cmake_export_typesupport_targets-extras.cmake
[4.781s] -- Up-to-date: /home/autopilot/ws/restackcell/install/opcua_interfaces/share/opcua_interfaces/cmake/ament_cmake_export_dependencies-extras.cmake
[4.782s] -- Up-to-date: /home/autopilot/ws/restackcell/install/opcua_interfaces/share/opcua_interfaces/cmake/rosidl_cmake_export_typesupport_libraries-extras.cmake
[4.782s] -- Up-to-date: /home/autopilot/ws/restackcell/install/opcua_interfaces/share/opcua_interfaces/cmake/opcua_interfacesConfig.cmake
[4.785s] -- Up-to-date: /home/autopilot/ws/restackcell/install/opcua_interfaces/share/opcua_interfaces/cmake/opcua_interfacesConfig-version.cmake
[4.786s] -- Up-to-date: /home/autopilot/ws/restackcell/install/opcua_interfaces/share/opcua_interfaces/package.xml
[4.787s] Invoked command in '/home/autopilot/ws/restackcell/build/opcua_interfaces' returned '0': CMAKE_PREFIX_PATH=/opt/ros/humble /usr/bin/cmake --install /home/autopilot/ws/restackcell/build/opcua_interfaces
