[0.532s] Invoking command in '/home/autopilot/ws/restackcell/ws_moveit2/build/moveit_backend': CMAKE_PREFIX_PATH=/home/autopilot/ws/restackcell/ws_moveit2/install/robo_planner_py:/home/autopilot/ws/restackcell/ws_moveit2/install/grid_snapper:/home/autopilot/ws/restackcell/ws_moveit2/install/opcua_client:/home/autopilot/ws/restackcell/ws_moveit2/install/interface_opcua:/opt/ros/humble:/home/autopilot/ws/restackcell/ws_moveit2/install/wzlscheduler_interfaces:/home/autopilot/ws/restackcell/ws_moveit2/install/robo_planner:/home/autopilot/ws/restackcell/ws_moveit2/install/pcl_segmentation:/home/autopilot/ws/restackcell/ws_moveit2/install/moveit_backend:/home/autopilot/ws/restackcell/ws_moveit2/install/mockup_robot:/home/autopilot/ws/restackcell/ws_moveit2/install/ur_pilz:/home/autopilot/ws/restackcell/ws_moveit2/install/robo_planner_msgs:/home/autopilot/ws/restackcell/ws_moveit2/install/opcua_interfaces PYTHONPATH=/home/autopilot/ws/restackcell/ws_moveit2/install/wzlscheduler_interfaces/local/lib/python3.10/dist-packages:/home/autopilot/ws/restackcell/ws_moveit2/install/robo_planner_py/lib/python3.10/site-packages:/home/autopilot/ws/restackcell/ws_moveit2/install/grid_snapper/lib/python3.10/site-packages:/home/autopilot/ws/restackcell/ws_moveit2/install/robo_planner_msgs/local/lib/python3.10/dist-packages:/home/autopilot/ws/restackcell/ws_moveit2/install/opcua_client/lib/python3.10/site-packages:/home/autopilot/ws/restackcell/ws_moveit2/install/opcua_interfaces/local/lib/python3.10/dist-packages:/home/autopilot/ws/restackcell/ws_moveit2/install/interface_opcua/lib/python3.10/site-packages:/opt/ros/humble/lib/python3.10/site-packages:/opt/ros/humble/local/lib/python3.10/dist-packages /usr/bin/cmake --build /home/autopilot/ws/restackcell/ws_moveit2/build/moveit_backend -- -j8 -l8
[0.668s] [ 50%] Built target moveit_panda
[0.679s] [100%] Built target moveit_ur
[1.071s] Invoked command in '/home/autopilot/ws/restackcell/ws_moveit2/build/moveit_backend' returned '0': CMAKE_PREFIX_PATH=/home/autopilot/ws/restackcell/ws_moveit2/install/robo_planner_py:/home/autopilot/ws/restackcell/ws_moveit2/install/grid_snapper:/home/autopilot/ws/restackcell/ws_moveit2/install/opcua_client:/home/autopilot/ws/restackcell/ws_moveit2/install/interface_opcua:/opt/ros/humble:/home/autopilot/ws/restackcell/ws_moveit2/install/wzlscheduler_interfaces:/home/autopilot/ws/restackcell/ws_moveit2/install/robo_planner:/home/autopilot/ws/restackcell/ws_moveit2/install/pcl_segmentation:/home/autopilot/ws/restackcell/ws_moveit2/install/moveit_backend:/home/autopilot/ws/restackcell/ws_moveit2/install/mockup_robot:/home/autopilot/ws/restackcell/ws_moveit2/install/ur_pilz:/home/autopilot/ws/restackcell/ws_moveit2/install/robo_planner_msgs:/home/autopilot/ws/restackcell/ws_moveit2/install/opcua_interfaces PYTHONPATH=/home/autopilot/ws/restackcell/ws_moveit2/install/wzlscheduler_interfaces/local/lib/python3.10/dist-packages:/home/autopilot/ws/restackcell/ws_moveit2/install/robo_planner_py/lib/python3.10/site-packages:/home/autopilot/ws/restackcell/ws_moveit2/install/grid_snapper/lib/python3.10/site-packages:/home/autopilot/ws/restackcell/ws_moveit2/install/robo_planner_msgs/local/lib/python3.10/dist-packages:/home/autopilot/ws/restackcell/ws_moveit2/install/opcua_client/lib/python3.10/site-packages:/home/autopilot/ws/restackcell/ws_moveit2/install/opcua_interfaces/local/lib/python3.10/dist-packages:/home/autopilot/ws/restackcell/ws_moveit2/install/interface_opcua/lib/python3.10/site-packages:/opt/ros/humble/lib/python3.10/site-packages:/opt/ros/humble/local/lib/python3.10/dist-packages /usr/bin/cmake --build /home/autopilot/ws/restackcell/ws_moveit2/build/moveit_backend -- -j8 -l8
[1.139s] Invoking command in '/home/autopilot/ws/restackcell/ws_moveit2/build/moveit_backend': CMAKE_PREFIX_PATH=/home/autopilot/ws/restackcell/ws_moveit2/install/robo_planner_py:/home/autopilot/ws/restackcell/ws_moveit2/install/grid_snapper:/home/autopilot/ws/restackcell/ws_moveit2/install/opcua_client:/home/autopilot/ws/restackcell/ws_moveit2/install/interface_opcua:/opt/ros/humble:/home/autopilot/ws/restackcell/ws_moveit2/install/wzlscheduler_interfaces:/home/autopilot/ws/restackcell/ws_moveit2/install/robo_planner:/home/autopilot/ws/restackcell/ws_moveit2/install/pcl_segmentation:/home/autopilot/ws/restackcell/ws_moveit2/install/moveit_backend:/home/autopilot/ws/restackcell/ws_moveit2/install/mockup_robot:/home/autopilot/ws/restackcell/ws_moveit2/install/ur_pilz:/home/autopilot/ws/restackcell/ws_moveit2/install/robo_planner_msgs:/home/autopilot/ws/restackcell/ws_moveit2/install/opcua_interfaces PYTHONPATH=/home/autopilot/ws/restackcell/ws_moveit2/install/wzlscheduler_interfaces/local/lib/python3.10/dist-packages:/home/autopilot/ws/restackcell/ws_moveit2/install/robo_planner_py/lib/python3.10/site-packages:/home/autopilot/ws/restackcell/ws_moveit2/install/grid_snapper/lib/python3.10/site-packages:/home/autopilot/ws/restackcell/ws_moveit2/install/robo_planner_msgs/local/lib/python3.10/dist-packages:/home/autopilot/ws/restackcell/ws_moveit2/install/opcua_client/lib/python3.10/site-packages:/home/autopilot/ws/restackcell/ws_moveit2/install/opcua_interfaces/local/lib/python3.10/dist-packages:/home/autopilot/ws/restackcell/ws_moveit2/install/interface_opcua/lib/python3.10/site-packages:/opt/ros/humble/lib/python3.10/site-packages:/opt/ros/humble/local/lib/python3.10/dist-packages /usr/bin/cmake --install /home/autopilot/ws/restackcell/ws_moveit2/build/moveit_backend
[1.164s] -- Install configuration: ""
[1.165s] -- Up-to-date: /home/autopilot/ws/restackcell/ws_moveit2/install/moveit_backend/lib/moveit_backend/moveit_panda
[1.165s] -- Up-to-date: /home/autopilot/ws/restackcell/ws_moveit2/install/moveit_backend/lib/moveit_backend/moveit_ur
[1.165s] -- Up-to-date: /home/autopilot/ws/restackcell/ws_moveit2/install/moveit_backend/share/moveit_backend/config
[1.165s] -- Up-to-date: /home/autopilot/ws/restackcell/ws_moveit2/install/moveit_backend/share/moveit_backend/config/visual_parameters.yaml
[1.165s] -- Up-to-date: /home/autopilot/ws/restackcell/ws_moveit2/install/moveit_backend/share/moveit_backend/config/default_kinematics.yaml
[1.165s] -- Up-to-date: /home/autopilot/ws/restackcell/ws_moveit2/install/moveit_backend/share/moveit_backend/config/ur16e copy
[1.165s] -- Up-to-date: /home/autopilot/ws/restackcell/ws_moveit2/install/moveit_backend/share/moveit_backend/config/ur16e copy/visual_parameters.yaml
[1.166s] -- Up-to-date: /home/autopilot/ws/restackcell/ws_moveit2/install/moveit_backend/share/moveit_backend/config/ur16e copy/default_kinematics.yaml
[1.166s] -- Up-to-date: /home/autopilot/ws/restackcell/ws_moveit2/install/moveit_backend/share/moveit_backend/config/ur16e copy/joint_limits.yaml
[1.166s] -- Up-to-date: /home/autopilot/ws/restackcell/ws_moveit2/install/moveit_backend/share/moveit_backend/config/ur16e copy/physical_parameters.yaml
[1.171s] -- Up-to-date: /home/autopilot/ws/restackcell/ws_moveit2/install/moveit_backend/share/moveit_backend/config/joint_limits.yaml
[1.172s] -- Up-to-date: /home/autopilot/ws/restackcell/ws_moveit2/install/moveit_backend/share/moveit_backend/config/pilz_cartesian_limits.yaml
[1.172s] -- Up-to-date: /home/autopilot/ws/restackcell/ws_moveit2/install/moveit_backend/share/moveit_backend/config/pilz_industrial_motion_planner_planning.yaml
[1.172s] -- Up-to-date: /home/autopilot/ws/restackcell/ws_moveit2/install/moveit_backend/share/moveit_backend/config/physical_parameters.yaml
[1.173s] -- Up-to-date: /home/autopilot/ws/restackcell/ws_moveit2/install/moveit_backend/share/moveit_backend/meshes
[1.173s] -- Up-to-date: /home/autopilot/ws/restackcell/ws_moveit2/install/moveit_backend/share/moveit_backend/meshes/ur20
[1.173s] -- Up-to-date: /home/autopilot/ws/restackcell/ws_moveit2/install/moveit_backend/share/moveit_backend/meshes/ur20/collision
[1.173s] -- Up-to-date: /home/autopilot/ws/restackcell/ws_moveit2/install/moveit_backend/share/moveit_backend/meshes/ur20/collision/forearm.stl
[1.173s] -- Up-to-date: /home/autopilot/ws/restackcell/ws_moveit2/install/moveit_backend/share/moveit_backend/meshes/ur20/collision/base.stl
[1.174s] -- Up-to-date: /home/autopilot/ws/restackcell/ws_moveit2/install/moveit_backend/share/moveit_backend/meshes/ur20/collision/wrist2.stl
[1.174s] -- Up-to-date: /home/autopilot/ws/restackcell/ws_moveit2/install/moveit_backend/share/moveit_backend/meshes/ur20/collision/wrist3.stl
[1.174s] -- Up-to-date: /home/autopilot/ws/restackcell/ws_moveit2/install/moveit_backend/share/moveit_backend/meshes/ur20/collision/wrist1.stl
[1.174s] -- Up-to-date: /home/autopilot/ws/restackcell/ws_moveit2/install/moveit_backend/share/moveit_backend/meshes/ur20/collision/shoulder.stl
[1.174s] -- Up-to-date: /home/autopilot/ws/restackcell/ws_moveit2/install/moveit_backend/share/moveit_backend/meshes/ur20/collision/upperarm.stl
[1.175s] -- Up-to-date: /home/autopilot/ws/restackcell/ws_moveit2/install/moveit_backend/share/moveit_backend/meshes/ur20/LICENSE.txt
[1.175s] -- Up-to-date: /home/autopilot/ws/restackcell/ws_moveit2/install/moveit_backend/share/moveit_backend/meshes/ur20/visual
[1.175s] -- Up-to-date: /home/autopilot/ws/restackcell/ws_moveit2/install/moveit_backend/share/moveit_backend/meshes/ur20/visual/UR20_DIFF_8bit_2K.png
[1.176s] -- Up-to-date: /home/autopilot/ws/restackcell/ws_moveit2/install/moveit_backend/share/moveit_backend/meshes/ur20/visual/upperarm.dae
[1.176s] -- Up-to-date: /home/autopilot/ws/restackcell/ws_moveit2/install/moveit_backend/share/moveit_backend/meshes/ur20/visual/forearm.dae
[1.176s] -- Up-to-date: /home/autopilot/ws/restackcell/ws_moveit2/install/moveit_backend/share/moveit_backend/meshes/ur20/visual/shoulder.dae
[1.176s] -- Up-to-date: /home/autopilot/ws/restackcell/ws_moveit2/install/moveit_backend/share/moveit_backend/meshes/ur20/visual/wrist3.dae
[1.176s] -- Up-to-date: /home/autopilot/ws/restackcell/ws_moveit2/install/moveit_backend/share/moveit_backend/meshes/ur20/visual/wrist1.dae
[1.176s] -- Up-to-date: /home/autopilot/ws/restackcell/ws_moveit2/install/moveit_backend/share/moveit_backend/meshes/ur20/visual/wrist2.dae
[1.177s] -- Up-to-date: /home/autopilot/ws/restackcell/ws_moveit2/install/moveit_backend/share/moveit_backend/meshes/ur20/visual/base.dae
[1.178s] -- Up-to-date: /home/autopilot/ws/restackcell/ws_moveit2/install/moveit_backend/share/moveit_backend/meshes/ur5e
[1.178s] -- Up-to-date: /home/autopilot/ws/restackcell/ws_moveit2/install/moveit_backend/share/moveit_backend/meshes/ur5e/collision
[1.178s] -- Up-to-date: /home/autopilot/ws/restackcell/ws_moveit2/install/moveit_backend/share/moveit_backend/meshes/ur5e/collision/forearm.stl
[1.179s] -- Up-to-date: /home/autopilot/ws/restackcell/ws_moveit2/install/moveit_backend/share/moveit_backend/meshes/ur5e/collision/base.stl
[1.184s] -- Up-to-date: /home/autopilot/ws/restackcell/ws_moveit2/install/moveit_backend/share/moveit_backend/meshes/ur5e/collision/wrist2.stl
[1.185s] -- Up-to-date: /home/autopilot/ws/restackcell/ws_moveit2/install/moveit_backend/share/moveit_backend/meshes/ur5e/collision/wrist3.stl
[1.185s] -- Up-to-date: /home/autopilot/ws/restackcell/ws_moveit2/install/moveit_backend/share/moveit_backend/meshes/ur5e/collision/wrist1.stl
[1.185s] -- Up-to-date: /home/autopilot/ws/restackcell/ws_moveit2/install/moveit_backend/share/moveit_backend/meshes/ur5e/collision/shoulder.stl
[1.185s] -- Up-to-date: /home/autopilot/ws/restackcell/ws_moveit2/install/moveit_backend/share/moveit_backend/meshes/ur5e/collision/upperarm.stl
[1.185s] -- Up-to-date: /home/autopilot/ws/restackcell/ws_moveit2/install/moveit_backend/share/moveit_backend/meshes/ur5e/visual
[1.186s] -- Up-to-date: /home/autopilot/ws/restackcell/ws_moveit2/install/moveit_backend/share/moveit_backend/meshes/ur5e/visual/upperarm.dae
[1.187s] -- Up-to-date: /home/autopilot/ws/restackcell/ws_moveit2/install/moveit_backend/share/moveit_backend/meshes/ur5e/visual/forearm.dae
[1.187s] -- Up-to-date: /home/autopilot/ws/restackcell/ws_moveit2/install/moveit_backend/share/moveit_backend/meshes/ur5e/visual/shoulder.dae
[1.187s] -- Up-to-date: /home/autopilot/ws/restackcell/ws_moveit2/install/moveit_backend/share/moveit_backend/meshes/ur5e/visual/wrist3.dae
[1.188s] -- Up-to-date: /home/autopilot/ws/restackcell/ws_moveit2/install/moveit_backend/share/moveit_backend/meshes/ur5e/visual/wrist1.dae
[1.188s] -- Up-to-date: /home/autopilot/ws/restackcell/ws_moveit2/install/moveit_backend/share/moveit_backend/meshes/ur5e/visual/wrist2.dae
[1.188s] -- Up-to-date: /home/autopilot/ws/restackcell/ws_moveit2/install/moveit_backend/share/moveit_backend/meshes/ur5e/visual/base.dae
[1.188s] -- Up-to-date: /home/autopilot/ws/restackcell/ws_moveit2/install/moveit_backend/share/moveit_backend/meshes/ur3
[1.188s] -- Up-to-date: /home/autopilot/ws/restackcell/ws_moveit2/install/moveit_backend/share/moveit_backend/meshes/ur3/collision
[1.189s] -- Up-to-date: /home/autopilot/ws/restackcell/ws_moveit2/install/moveit_backend/share/moveit_backend/meshes/ur3/collision/forearm.stl
[1.189s] -- Up-to-date: /home/autopilot/ws/restackcell/ws_moveit2/install/moveit_backend/share/moveit_backend/meshes/ur3/collision/base.stl
[1.189s] -- Up-to-date: /home/autopilot/ws/restackcell/ws_moveit2/install/moveit_backend/share/moveit_backend/meshes/ur3/collision/wrist2.stl
[1.191s] -- Up-to-date: /home/autopilot/ws/restackcell/ws_moveit2/install/moveit_backend/share/moveit_backend/meshes/ur3/collision/wrist3.stl
[1.192s] -- Up-to-date: /home/autopilot/ws/restackcell/ws_moveit2/install/moveit_backend/share/moveit_backend/meshes/ur3/collision/wrist1.stl
[1.192s] -- Up-to-date: /home/autopilot/ws/restackcell/ws_moveit2/install/moveit_backend/share/moveit_backend/meshes/ur3/collision/shoulder.stl
[1.192s] -- Up-to-date: /home/autopilot/ws/restackcell/ws_moveit2/install/moveit_backend/share/moveit_backend/meshes/ur3/collision/upperarm.stl
[1.192s] -- Up-to-date: /home/autopilot/ws/restackcell/ws_moveit2/install/moveit_backend/share/moveit_backend/meshes/ur3/visual
[1.209s] -- Up-to-date: /home/autopilot/ws/restackcell/ws_moveit2/install/moveit_backend/share/moveit_backend/meshes/ur3/visual/upperarm.dae
[1.209s] -- Up-to-date: /home/autopilot/ws/restackcell/ws_moveit2/install/moveit_backend/share/moveit_backend/meshes/ur3/visual/forearm.dae
[1.209s] -- Up-to-date: /home/autopilot/ws/restackcell/ws_moveit2/install/moveit_backend/share/moveit_backend/meshes/ur3/visual/shoulder.dae
[1.210s] -- Up-to-date: /home/autopilot/ws/restackcell/ws_moveit2/install/moveit_backend/share/moveit_backend/meshes/ur3/visual/wrist3.dae
[1.210s] -- Up-to-date: /home/autopilot/ws/restackcell/ws_moveit2/install/moveit_backend/share/moveit_backend/meshes/ur3/visual/wrist1.dae
[1.210s] -- Up-to-date: /home/autopilot/ws/restackcell/ws_moveit2/install/moveit_backend/share/moveit_backend/meshes/ur3/visual/wrist2.dae
[1.210s] -- Up-to-date: /home/autopilot/ws/restackcell/ws_moveit2/install/moveit_backend/share/moveit_backend/meshes/ur3/visual/base.dae
[1.210s] -- Up-to-date: /home/autopilot/ws/restackcell/ws_moveit2/install/moveit_backend/share/moveit_backend/meshes/ur16e
[1.210s] -- Up-to-date: /home/autopilot/ws/restackcell/ws_moveit2/install/moveit_backend/share/moveit_backend/meshes/ur16e/collision
[1.210s] -- Up-to-date: /home/autopilot/ws/restackcell/ws_moveit2/install/moveit_backend/share/moveit_backend/meshes/ur16e/collision/forearm.stl
[1.210s] -- Up-to-date: /home/autopilot/ws/restackcell/ws_moveit2/install/moveit_backend/share/moveit_backend/meshes/ur16e/collision/upperarm.stl
[1.211s] -- Up-to-date: /home/autopilot/ws/restackcell/ws_moveit2/install/moveit_backend/share/moveit_backend/meshes/ur16e/visual
[1.211s] -- Up-to-date: /home/autopilot/ws/restackcell/ws_moveit2/install/moveit_backend/share/moveit_backend/meshes/ur16e/visual/upperarm.dae
[1.211s] -- Up-to-date: /home/autopilot/ws/restackcell/ws_moveit2/install/moveit_backend/share/moveit_backend/meshes/ur16e/visual/forearm.dae
[1.211s] -- Up-to-date: /home/autopilot/ws/restackcell/ws_moveit2/install/moveit_backend/share/moveit_backend/meshes/ur3e
[1.211s] -- Up-to-date: /home/autopilot/ws/restackcell/ws_moveit2/install/moveit_backend/share/moveit_backend/meshes/ur3e/collision
[1.211s] -- Up-to-date: /home/autopilot/ws/restackcell/ws_moveit2/install/moveit_backend/share/moveit_backend/meshes/ur3e/collision/forearm.stl
[1.211s] -- Up-to-date: /home/autopilot/ws/restackcell/ws_moveit2/install/moveit_backend/share/moveit_backend/meshes/ur3e/collision/base.stl
[1.211s] -- Up-to-date: /home/autopilot/ws/restackcell/ws_moveit2/install/moveit_backend/share/moveit_backend/meshes/ur3e/collision/wrist2.stl
[1.211s] -- Up-to-date: /home/autopilot/ws/restackcell/ws_moveit2/install/moveit_backend/share/moveit_backend/meshes/ur3e/collision/wrist3.stl
[1.212s] -- Up-to-date: /home/autopilot/ws/restackcell/ws_moveit2/install/moveit_backend/share/moveit_backend/meshes/ur3e/collision/wrist1.stl
[1.212s] -- Up-to-date: /home/autopilot/ws/restackcell/ws_moveit2/install/moveit_backend/share/moveit_backend/meshes/ur3e/collision/shoulder.stl
[1.212s] -- Up-to-date: /home/autopilot/ws/restackcell/ws_moveit2/install/moveit_backend/share/moveit_backend/meshes/ur3e/collision/upperarm.stl
[1.212s] -- Up-to-date: /home/autopilot/ws/restackcell/ws_moveit2/install/moveit_backend/share/moveit_backend/meshes/ur3e/visual
[1.212s] -- Up-to-date: /home/autopilot/ws/restackcell/ws_moveit2/install/moveit_backend/share/moveit_backend/meshes/ur3e/visual/upperarm.dae
[1.212s] -- Up-to-date: /home/autopilot/ws/restackcell/ws_moveit2/install/moveit_backend/share/moveit_backend/meshes/ur3e/visual/forearm.dae
[1.212s] -- Up-to-date: /home/autopilot/ws/restackcell/ws_moveit2/install/moveit_backend/share/moveit_backend/meshes/ur3e/visual/shoulder.dae
[1.212s] -- Up-to-date: /home/autopilot/ws/restackcell/ws_moveit2/install/moveit_backend/share/moveit_backend/meshes/ur3e/visual/wrist3.dae
[1.212s] -- Up-to-date: /home/autopilot/ws/restackcell/ws_moveit2/install/moveit_backend/share/moveit_backend/meshes/ur3e/visual/wrist1.dae
[1.213s] -- Up-to-date: /home/autopilot/ws/restackcell/ws_moveit2/install/moveit_backend/share/moveit_backend/meshes/ur3e/visual/wrist2.dae
[1.213s] -- Up-to-date: /home/autopilot/ws/restackcell/ws_moveit2/install/moveit_backend/share/moveit_backend/meshes/ur3e/visual/base.dae
[1.213s] -- Up-to-date: /home/autopilot/ws/restackcell/ws_moveit2/install/moveit_backend/share/moveit_backend/meshes/ur30
[1.213s] -- Up-to-date: /home/autopilot/ws/restackcell/ws_moveit2/install/moveit_backend/share/moveit_backend/meshes/ur30/collision
[1.213s] -- Up-to-date: /home/autopilot/ws/restackcell/ws_moveit2/install/moveit_backend/share/moveit_backend/meshes/ur30/collision/forearm.stl
[1.213s] -- Up-to-date: /home/autopilot/ws/restackcell/ws_moveit2/install/moveit_backend/share/moveit_backend/meshes/ur30/collision/upperarm.stl
[1.213s] -- Up-to-date: /home/autopilot/ws/restackcell/ws_moveit2/install/moveit_backend/share/moveit_backend/meshes/ur30/LICENSE.txt
[1.213s] -- Up-to-date: /home/autopilot/ws/restackcell/ws_moveit2/install/moveit_backend/share/moveit_backend/meshes/ur30/visual
[1.213s] -- Up-to-date: /home/autopilot/ws/restackcell/ws_moveit2/install/moveit_backend/share/moveit_backend/meshes/ur30/visual/upperarm.dae
[1.214s] -- Up-to-date: /home/autopilot/ws/restackcell/ws_moveit2/install/moveit_backend/share/moveit_backend/meshes/ur30/visual/forearm.dae
[1.216s] -- Up-to-date: /home/autopilot/ws/restackcell/ws_moveit2/install/moveit_backend/share/moveit_backend/meshes/ur30/visual/UR30_DIFF_8bit_2K.png
[1.219s] -- Up-to-date: /home/autopilot/ws/restackcell/ws_moveit2/install/moveit_backend/share/moveit_backend/meshes/ur10e
[1.220s] -- Up-to-date: /home/autopilot/ws/restackcell/ws_moveit2/install/moveit_backend/share/moveit_backend/meshes/ur10e/collision
[1.220s] -- Up-to-date: /home/autopilot/ws/restackcell/ws_moveit2/install/moveit_backend/share/moveit_backend/meshes/ur10e/collision/forearm.stl
[1.220s] -- Up-to-date: /home/autopilot/ws/restackcell/ws_moveit2/install/moveit_backend/share/moveit_backend/meshes/ur10e/collision/base.stl
[1.221s] -- Up-to-date: /home/autopilot/ws/restackcell/ws_moveit2/install/moveit_backend/share/moveit_backend/meshes/ur10e/collision/wrist2.stl
[1.222s] -- Up-to-date: /home/autopilot/ws/restackcell/ws_moveit2/install/moveit_backend/share/moveit_backend/meshes/ur10e/collision/wrist3.stl
[1.226s] -- Up-to-date: /home/autopilot/ws/restackcell/ws_moveit2/install/moveit_backend/share/moveit_backend/meshes/ur10e/collision/wrist1.stl
[1.228s] -- Up-to-date: /home/autopilot/ws/restackcell/ws_moveit2/install/moveit_backend/share/moveit_backend/meshes/ur10e/collision/shoulder.stl
[1.228s] -- Up-to-date: /home/autopilot/ws/restackcell/ws_moveit2/install/moveit_backend/share/moveit_backend/meshes/ur10e/collision/upperarm.stl
[1.228s] -- Up-to-date: /home/autopilot/ws/restackcell/ws_moveit2/install/moveit_backend/share/moveit_backend/meshes/ur10e/visual
[1.229s] -- Up-to-date: /home/autopilot/ws/restackcell/ws_moveit2/install/moveit_backend/share/moveit_backend/meshes/ur10e/visual/upperarm.dae
[1.229s] -- Up-to-date: /home/autopilot/ws/restackcell/ws_moveit2/install/moveit_backend/share/moveit_backend/meshes/ur10e/visual/forearm.dae
[1.229s] -- Up-to-date: /home/autopilot/ws/restackcell/ws_moveit2/install/moveit_backend/share/moveit_backend/meshes/ur10e/visual/shoulder.dae
[1.229s] -- Up-to-date: /home/autopilot/ws/restackcell/ws_moveit2/install/moveit_backend/share/moveit_backend/meshes/ur10e/visual/wrist3.dae
[1.229s] -- Up-to-date: /home/autopilot/ws/restackcell/ws_moveit2/install/moveit_backend/share/moveit_backend/meshes/ur10e/visual/wrist1.dae
[1.231s] -- Up-to-date: /home/autopilot/ws/restackcell/ws_moveit2/install/moveit_backend/share/moveit_backend/meshes/ur10e/visual/wrist2.dae
[1.232s] -- Up-to-date: /home/autopilot/ws/restackcell/ws_moveit2/install/moveit_backend/share/moveit_backend/meshes/ur10e/visual/base.dae
[1.232s] -- Up-to-date: /home/autopilot/ws/restackcell/ws_moveit2/install/moveit_backend/share/moveit_backend/meshes/ur10
[1.233s] -- Up-to-date: /home/autopilot/ws/restackcell/ws_moveit2/install/moveit_backend/share/moveit_backend/meshes/ur10/collision
[1.234s] -- Up-to-date: /home/autopilot/ws/restackcell/ws_moveit2/install/moveit_backend/share/moveit_backend/meshes/ur10/collision/forearm.stl
[1.234s] -- Up-to-date: /home/autopilot/ws/restackcell/ws_moveit2/install/moveit_backend/share/moveit_backend/meshes/ur10/collision/base.stl
[1.235s] -- Up-to-date: /home/autopilot/ws/restackcell/ws_moveit2/install/moveit_backend/share/moveit_backend/meshes/ur10/collision/wrist2.stl
[1.236s] -- Up-to-date: /home/autopilot/ws/restackcell/ws_moveit2/install/moveit_backend/share/moveit_backend/meshes/ur10/collision/wrist3.stl
[1.236s] -- Up-to-date: /home/autopilot/ws/restackcell/ws_moveit2/install/moveit_backend/share/moveit_backend/meshes/ur10/collision/wrist1.stl
[1.236s] -- Up-to-date: /home/autopilot/ws/restackcell/ws_moveit2/install/moveit_backend/share/moveit_backend/meshes/ur10/collision/shoulder.stl
[1.236s] -- Up-to-date: /home/autopilot/ws/restackcell/ws_moveit2/install/moveit_backend/share/moveit_backend/meshes/ur10/collision/upperarm.stl
[1.236s] -- Up-to-date: /home/autopilot/ws/restackcell/ws_moveit2/install/moveit_backend/share/moveit_backend/meshes/ur10/visual
[1.236s] -- Up-to-date: /home/autopilot/ws/restackcell/ws_moveit2/install/moveit_backend/share/moveit_backend/meshes/ur10/visual/upperarm.dae
[1.236s] -- Up-to-date: /home/autopilot/ws/restackcell/ws_moveit2/install/moveit_backend/share/moveit_backend/meshes/ur10/visual/forearm.dae
[1.236s] -- Up-to-date: /home/autopilot/ws/restackcell/ws_moveit2/install/moveit_backend/share/moveit_backend/meshes/ur10/visual/shoulder.dae
[1.237s] -- Up-to-date: /home/autopilot/ws/restackcell/ws_moveit2/install/moveit_backend/share/moveit_backend/meshes/ur10/visual/wrist3.dae
[1.237s] -- Up-to-date: /home/autopilot/ws/restackcell/ws_moveit2/install/moveit_backend/share/moveit_backend/meshes/ur10/visual/wrist1.dae
[1.237s] -- Up-to-date: /home/autopilot/ws/restackcell/ws_moveit2/install/moveit_backend/share/moveit_backend/meshes/ur10/visual/wrist2.dae
[1.237s] -- Up-to-date: /home/autopilot/ws/restackcell/ws_moveit2/install/moveit_backend/share/moveit_backend/meshes/ur10/visual/base.dae
[1.237s] -- Up-to-date: /home/autopilot/ws/restackcell/ws_moveit2/install/moveit_backend/share/moveit_backend/meshes/ur5
[1.237s] -- Up-to-date: /home/autopilot/ws/restackcell/ws_moveit2/install/moveit_backend/share/moveit_backend/meshes/ur5/collision
[1.237s] -- Up-to-date: /home/autopilot/ws/restackcell/ws_moveit2/install/moveit_backend/share/moveit_backend/meshes/ur5/collision/forearm.stl
[1.237s] -- Up-to-date: /home/autopilot/ws/restackcell/ws_moveit2/install/moveit_backend/share/moveit_backend/meshes/ur5/collision/base.stl
[1.237s] -- Up-to-date: /home/autopilot/ws/restackcell/ws_moveit2/install/moveit_backend/share/moveit_backend/meshes/ur5/collision/wrist2.stl
[1.237s] -- Up-to-date: /home/autopilot/ws/restackcell/ws_moveit2/install/moveit_backend/share/moveit_backend/meshes/ur5/collision/wrist3.stl
[1.237s] -- Up-to-date: /home/autopilot/ws/restackcell/ws_moveit2/install/moveit_backend/share/moveit_backend/meshes/ur5/collision/wrist1.stl
[1.238s] -- Up-to-date: /home/autopilot/ws/restackcell/ws_moveit2/install/moveit_backend/share/moveit_backend/meshes/ur5/collision/shoulder.stl
[1.238s] -- Up-to-date: /home/autopilot/ws/restackcell/ws_moveit2/install/moveit_backend/share/moveit_backend/meshes/ur5/collision/upperarm.stl
[1.238s] -- Up-to-date: /home/autopilot/ws/restackcell/ws_moveit2/install/moveit_backend/share/moveit_backend/meshes/ur5/visual
[1.238s] -- Up-to-date: /home/autopilot/ws/restackcell/ws_moveit2/install/moveit_backend/share/moveit_backend/meshes/ur5/visual/upperarm.dae
[1.238s] -- Up-to-date: /home/autopilot/ws/restackcell/ws_moveit2/install/moveit_backend/share/moveit_backend/meshes/ur5/visual/forearm.dae
[1.238s] -- Up-to-date: /home/autopilot/ws/restackcell/ws_moveit2/install/moveit_backend/share/moveit_backend/meshes/ur5/visual/shoulder.dae
[1.238s] -- Up-to-date: /home/autopilot/ws/restackcell/ws_moveit2/install/moveit_backend/share/moveit_backend/meshes/ur5/visual/wrist3.dae
[1.238s] -- Up-to-date: /home/autopilot/ws/restackcell/ws_moveit2/install/moveit_backend/share/moveit_backend/meshes/ur5/visual/wrist1.dae
[1.238s] -- Up-to-date: /home/autopilot/ws/restackcell/ws_moveit2/install/moveit_backend/share/moveit_backend/meshes/ur5/visual/wrist2.dae
[1.238s] -- Up-to-date: /home/autopilot/ws/restackcell/ws_moveit2/install/moveit_backend/share/moveit_backend/meshes/ur5/visual/base.dae
[1.239s] -- Up-to-date: /home/autopilot/ws/restackcell/ws_moveit2/install/moveit_backend/share/moveit_backend/urdf
[1.239s] -- Up-to-date: /home/autopilot/ws/restackcell/ws_moveit2/install/moveit_backend/share/moveit_backend/urdf/ur.ros2_control.xacro
[1.239s] -- Up-to-date: /home/autopilot/ws/restackcell/ws_moveit2/install/moveit_backend/share/moveit_backend/urdf/ur.urdf.xacro
[1.239s] -- Up-to-date: /home/autopilot/ws/restackcell/ws_moveit2/install/moveit_backend/share/moveit_backend/urdf/inc
[1.239s] -- Up-to-date: /home/autopilot/ws/restackcell/ws_moveit2/install/moveit_backend/share/moveit_backend/urdf/inc/ur_transmissions.xacro
[1.239s] -- Up-to-date: /home/autopilot/ws/restackcell/ws_moveit2/install/moveit_backend/share/moveit_backend/urdf/inc/ur_common.xacro
[1.239s] -- Up-to-date: /home/autopilot/ws/restackcell/ws_moveit2/install/moveit_backend/share/moveit_backend/urdf/ur_macro.xacro
[1.239s] -- Up-to-date: /home/autopilot/ws/restackcell/ws_moveit2/install/moveit_backend/install/moveit_backend/config
[1.239s] -- Up-to-date: /home/autopilot/ws/restackcell/ws_moveit2/install/moveit_backend/install/moveit_backend/config/visual_parameters.yaml
[1.239s] -- Up-to-date: /home/autopilot/ws/restackcell/ws_moveit2/install/moveit_backend/install/moveit_backend/config/default_kinematics.yaml
[1.240s] -- Up-to-date: /home/autopilot/ws/restackcell/ws_moveit2/install/moveit_backend/install/moveit_backend/config/ur16e copy
[1.240s] -- Up-to-date: /home/autopilot/ws/restackcell/ws_moveit2/install/moveit_backend/install/moveit_backend/config/ur16e copy/visual_parameters.yaml
[1.240s] -- Up-to-date: /home/autopilot/ws/restackcell/ws_moveit2/install/moveit_backend/install/moveit_backend/config/ur16e copy/default_kinematics.yaml
[1.240s] -- Up-to-date: /home/autopilot/ws/restackcell/ws_moveit2/install/moveit_backend/install/moveit_backend/config/ur16e copy/joint_limits.yaml
[1.240s] -- Up-to-date: /home/autopilot/ws/restackcell/ws_moveit2/install/moveit_backend/install/moveit_backend/config/ur16e copy/physical_parameters.yaml
[1.240s] -- Up-to-date: /home/autopilot/ws/restackcell/ws_moveit2/install/moveit_backend/install/moveit_backend/config/joint_limits.yaml
[1.240s] -- Up-to-date: /home/autopilot/ws/restackcell/ws_moveit2/install/moveit_backend/install/moveit_backend/config/pilz_cartesian_limits.yaml
[1.240s] -- Up-to-date: /home/autopilot/ws/restackcell/ws_moveit2/install/moveit_backend/install/moveit_backend/config/pilz_industrial_motion_planner_planning.yaml
[1.240s] -- Up-to-date: /home/autopilot/ws/restackcell/ws_moveit2/install/moveit_backend/install/moveit_backend/config/physical_parameters.yaml
[1.240s] -- Up-to-date: /home/autopilot/ws/restackcell/ws_moveit2/install/moveit_backend/install/moveit_backend/meshes
[1.241s] -- Up-to-date: /home/autopilot/ws/restackcell/ws_moveit2/install/moveit_backend/install/moveit_backend/meshes/ur20
[1.241s] -- Up-to-date: /home/autopilot/ws/restackcell/ws_moveit2/install/moveit_backend/install/moveit_backend/meshes/ur20/collision
[1.241s] -- Up-to-date: /home/autopilot/ws/restackcell/ws_moveit2/install/moveit_backend/install/moveit_backend/meshes/ur20/collision/forearm.stl
[1.241s] -- Up-to-date: /home/autopilot/ws/restackcell/ws_moveit2/install/moveit_backend/install/moveit_backend/meshes/ur20/collision/base.stl
[1.241s] -- Up-to-date: /home/autopilot/ws/restackcell/ws_moveit2/install/moveit_backend/install/moveit_backend/meshes/ur20/collision/wrist2.stl
[1.241s] -- Up-to-date: /home/autopilot/ws/restackcell/ws_moveit2/install/moveit_backend/install/moveit_backend/meshes/ur20/collision/wrist3.stl
[1.241s] -- Up-to-date: /home/autopilot/ws/restackcell/ws_moveit2/install/moveit_backend/install/moveit_backend/meshes/ur20/collision/wrist1.stl
[1.241s] -- Up-to-date: /home/autopilot/ws/restackcell/ws_moveit2/install/moveit_backend/install/moveit_backend/meshes/ur20/collision/shoulder.stl
[1.241s] -- Up-to-date: /home/autopilot/ws/restackcell/ws_moveit2/install/moveit_backend/install/moveit_backend/meshes/ur20/collision/upperarm.stl
[1.241s] -- Up-to-date: /home/autopilot/ws/restackcell/ws_moveit2/install/moveit_backend/install/moveit_backend/meshes/ur20/LICENSE.txt
[1.241s] -- Up-to-date: /home/autopilot/ws/restackcell/ws_moveit2/install/moveit_backend/install/moveit_backend/meshes/ur20/visual
[1.242s] -- Up-to-date: /home/autopilot/ws/restackcell/ws_moveit2/install/moveit_backend/install/moveit_backend/meshes/ur20/visual/UR20_DIFF_8bit_2K.png
[1.242s] -- Up-to-date: /home/autopilot/ws/restackcell/ws_moveit2/install/moveit_backend/install/moveit_backend/meshes/ur20/visual/upperarm.dae
[1.242s] -- Up-to-date: /home/autopilot/ws/restackcell/ws_moveit2/install/moveit_backend/install/moveit_backend/meshes/ur20/visual/forearm.dae
[1.242s] -- Up-to-date: /home/autopilot/ws/restackcell/ws_moveit2/install/moveit_backend/install/moveit_backend/meshes/ur20/visual/shoulder.dae
[1.242s] -- Up-to-date: /home/autopilot/ws/restackcell/ws_moveit2/install/moveit_backend/install/moveit_backend/meshes/ur20/visual/wrist3.dae
[1.242s] -- Up-to-date: /home/autopilot/ws/restackcell/ws_moveit2/install/moveit_backend/install/moveit_backend/meshes/ur20/visual/wrist1.dae
[1.242s] -- Up-to-date: /home/autopilot/ws/restackcell/ws_moveit2/install/moveit_backend/install/moveit_backend/meshes/ur20/visual/wrist2.dae
[1.242s] -- Up-to-date: /home/autopilot/ws/restackcell/ws_moveit2/install/moveit_backend/install/moveit_backend/meshes/ur20/visual/base.dae
[1.243s] -- Up-to-date: /home/autopilot/ws/restackcell/ws_moveit2/install/moveit_backend/install/moveit_backend/meshes/ur5e
[1.243s] -- Up-to-date: /home/autopilot/ws/restackcell/ws_moveit2/install/moveit_backend/install/moveit_backend/meshes/ur5e/collision
[1.243s] -- Up-to-date: /home/autopilot/ws/restackcell/ws_moveit2/install/moveit_backend/install/moveit_backend/meshes/ur5e/collision/forearm.stl
[1.243s] -- Up-to-date: /home/autopilot/ws/restackcell/ws_moveit2/install/moveit_backend/install/moveit_backend/meshes/ur5e/collision/base.stl
[1.243s] -- Up-to-date: /home/autopilot/ws/restackcell/ws_moveit2/install/moveit_backend/install/moveit_backend/meshes/ur5e/collision/wrist2.stl
[1.243s] -- Up-to-date: /home/autopilot/ws/restackcell/ws_moveit2/install/moveit_backend/install/moveit_backend/meshes/ur5e/collision/wrist3.stl
[1.243s] -- Up-to-date: /home/autopilot/ws/restackcell/ws_moveit2/install/moveit_backend/install/moveit_backend/meshes/ur5e/collision/wrist1.stl
[1.243s] -- Up-to-date: /home/autopilot/ws/restackcell/ws_moveit2/install/moveit_backend/install/moveit_backend/meshes/ur5e/collision/shoulder.stl
[1.243s] -- Up-to-date: /home/autopilot/ws/restackcell/ws_moveit2/install/moveit_backend/install/moveit_backend/meshes/ur5e/collision/upperarm.stl
[1.244s] -- Up-to-date: /home/autopilot/ws/restackcell/ws_moveit2/install/moveit_backend/install/moveit_backend/meshes/ur5e/visual
[1.244s] -- Up-to-date: /home/autopilot/ws/restackcell/ws_moveit2/install/moveit_backend/install/moveit_backend/meshes/ur5e/visual/upperarm.dae
[1.244s] -- Up-to-date: /home/autopilot/ws/restackcell/ws_moveit2/install/moveit_backend/install/moveit_backend/meshes/ur5e/visual/forearm.dae
[1.244s] -- Up-to-date: /home/autopilot/ws/restackcell/ws_moveit2/install/moveit_backend/install/moveit_backend/meshes/ur5e/visual/shoulder.dae
[1.244s] -- Up-to-date: /home/autopilot/ws/restackcell/ws_moveit2/install/moveit_backend/install/moveit_backend/meshes/ur5e/visual/wrist3.dae
[1.244s] -- Up-to-date: /home/autopilot/ws/restackcell/ws_moveit2/install/moveit_backend/install/moveit_backend/meshes/ur5e/visual/wrist1.dae
[1.244s] -- Up-to-date: /home/autopilot/ws/restackcell/ws_moveit2/install/moveit_backend/install/moveit_backend/meshes/ur5e/visual/wrist2.dae
[1.244s] -- Up-to-date: /home/autopilot/ws/restackcell/ws_moveit2/install/moveit_backend/install/moveit_backend/meshes/ur5e/visual/base.dae
[1.244s] -- Up-to-date: /home/autopilot/ws/restackcell/ws_moveit2/install/moveit_backend/install/moveit_backend/meshes/ur3
[1.245s] -- Up-to-date: /home/autopilot/ws/restackcell/ws_moveit2/install/moveit_backend/install/moveit_backend/meshes/ur3/collision
[1.245s] -- Up-to-date: /home/autopilot/ws/restackcell/ws_moveit2/install/moveit_backend/install/moveit_backend/meshes/ur3/collision/forearm.stl
[1.245s] -- Up-to-date: /home/autopilot/ws/restackcell/ws_moveit2/install/moveit_backend/install/moveit_backend/meshes/ur3/collision/base.stl
[1.245s] -- Up-to-date: /home/autopilot/ws/restackcell/ws_moveit2/install/moveit_backend/install/moveit_backend/meshes/ur3/collision/wrist2.stl
[1.245s] -- Up-to-date: /home/autopilot/ws/restackcell/ws_moveit2/install/moveit_backend/install/moveit_backend/meshes/ur3/collision/wrist3.stl
[1.245s] -- Up-to-date: /home/autopilot/ws/restackcell/ws_moveit2/install/moveit_backend/install/moveit_backend/meshes/ur3/collision/wrist1.stl
[1.245s] -- Up-to-date: /home/autopilot/ws/restackcell/ws_moveit2/install/moveit_backend/install/moveit_backend/meshes/ur3/collision/shoulder.stl
[1.245s] -- Up-to-date: /home/autopilot/ws/restackcell/ws_moveit2/install/moveit_backend/install/moveit_backend/meshes/ur3/collision/upperarm.stl
[1.245s] -- Up-to-date: /home/autopilot/ws/restackcell/ws_moveit2/install/moveit_backend/install/moveit_backend/meshes/ur3/visual
[1.245s] -- Up-to-date: /home/autopilot/ws/restackcell/ws_moveit2/install/moveit_backend/install/moveit_backend/meshes/ur3/visual/upperarm.dae
[1.245s] -- Up-to-date: /home/autopilot/ws/restackcell/ws_moveit2/install/moveit_backend/install/moveit_backend/meshes/ur3/visual/forearm.dae
[1.246s] -- Up-to-date: /home/autopilot/ws/restackcell/ws_moveit2/install/moveit_backend/install/moveit_backend/meshes/ur3/visual/shoulder.dae
[1.246s] -- Up-to-date: /home/autopilot/ws/restackcell/ws_moveit2/install/moveit_backend/install/moveit_backend/meshes/ur3/visual/wrist3.dae
[1.246s] -- Up-to-date: /home/autopilot/ws/restackcell/ws_moveit2/install/moveit_backend/install/moveit_backend/meshes/ur3/visual/wrist1.dae
[1.246s] -- Up-to-date: /home/autopilot/ws/restackcell/ws_moveit2/install/moveit_backend/install/moveit_backend/meshes/ur3/visual/wrist2.dae
[1.246s] -- Up-to-date: /home/autopilot/ws/restackcell/ws_moveit2/install/moveit_backend/install/moveit_backend/meshes/ur3/visual/base.dae
[1.246s] -- Up-to-date: /home/autopilot/ws/restackcell/ws_moveit2/install/moveit_backend/install/moveit_backend/meshes/ur16e
[1.246s] -- Up-to-date: /home/autopilot/ws/restackcell/ws_moveit2/install/moveit_backend/install/moveit_backend/meshes/ur16e/collision
[1.246s] -- Up-to-date: /home/autopilot/ws/restackcell/ws_moveit2/install/moveit_backend/install/moveit_backend/meshes/ur16e/collision/forearm.stl
[1.246s] -- Up-to-date: /home/autopilot/ws/restackcell/ws_moveit2/install/moveit_backend/install/moveit_backend/meshes/ur16e/collision/upperarm.stl
[1.247s] -- Up-to-date: /home/autopilot/ws/restackcell/ws_moveit2/install/moveit_backend/install/moveit_backend/meshes/ur16e/visual
[1.247s] -- Up-to-date: /home/autopilot/ws/restackcell/ws_moveit2/install/moveit_backend/install/moveit_backend/meshes/ur16e/visual/upperarm.dae
[1.247s] -- Up-to-date: /home/autopilot/ws/restackcell/ws_moveit2/install/moveit_backend/install/moveit_backend/meshes/ur16e/visual/forearm.dae
[1.247s] -- Up-to-date: /home/autopilot/ws/restackcell/ws_moveit2/install/moveit_backend/install/moveit_backend/meshes/ur3e
[1.247s] -- Up-to-date: /home/autopilot/ws/restackcell/ws_moveit2/install/moveit_backend/install/moveit_backend/meshes/ur3e/collision
[1.247s] -- Up-to-date: /home/autopilot/ws/restackcell/ws_moveit2/install/moveit_backend/install/moveit_backend/meshes/ur3e/collision/forearm.stl
[1.247s] -- Up-to-date: /home/autopilot/ws/restackcell/ws_moveit2/install/moveit_backend/install/moveit_backend/meshes/ur3e/collision/base.stl
[1.248s] -- Up-to-date: /home/autopilot/ws/restackcell/ws_moveit2/install/moveit_backend/install/moveit_backend/meshes/ur3e/collision/wrist2.stl
[1.248s] -- Up-to-date: /home/autopilot/ws/restackcell/ws_moveit2/install/moveit_backend/install/moveit_backend/meshes/ur3e/collision/wrist3.stl
[1.248s] -- Up-to-date: /home/autopilot/ws/restackcell/ws_moveit2/install/moveit_backend/install/moveit_backend/meshes/ur3e/collision/wrist1.stl
[1.248s] -- Up-to-date: /home/autopilot/ws/restackcell/ws_moveit2/install/moveit_backend/install/moveit_backend/meshes/ur3e/collision/shoulder.stl
[1.248s] -- Up-to-date: /home/autopilot/ws/restackcell/ws_moveit2/install/moveit_backend/install/moveit_backend/meshes/ur3e/collision/upperarm.stl
[1.248s] -- Up-to-date: /home/autopilot/ws/restackcell/ws_moveit2/install/moveit_backend/install/moveit_backend/meshes/ur3e/visual
[1.248s] -- Up-to-date: /home/autopilot/ws/restackcell/ws_moveit2/install/moveit_backend/install/moveit_backend/meshes/ur3e/visual/upperarm.dae
[1.248s] -- Up-to-date: /home/autopilot/ws/restackcell/ws_moveit2/install/moveit_backend/install/moveit_backend/meshes/ur3e/visual/forearm.dae
[1.248s] -- Up-to-date: /home/autopilot/ws/restackcell/ws_moveit2/install/moveit_backend/install/moveit_backend/meshes/ur3e/visual/shoulder.dae
[1.248s] -- Up-to-date: /home/autopilot/ws/restackcell/ws_moveit2/install/moveit_backend/install/moveit_backend/meshes/ur3e/visual/wrist3.dae
[1.249s] -- Up-to-date: /home/autopilot/ws/restackcell/ws_moveit2/install/moveit_backend/install/moveit_backend/meshes/ur3e/visual/wrist1.dae
[1.249s] -- Up-to-date: /home/autopilot/ws/restackcell/ws_moveit2/install/moveit_backend/install/moveit_backend/meshes/ur3e/visual/wrist2.dae
[1.249s] -- Up-to-date: /home/autopilot/ws/restackcell/ws_moveit2/install/moveit_backend/install/moveit_backend/meshes/ur3e/visual/base.dae
[1.249s] -- Up-to-date: /home/autopilot/ws/restackcell/ws_moveit2/install/moveit_backend/install/moveit_backend/meshes/ur30
[1.249s] -- Up-to-date: /home/autopilot/ws/restackcell/ws_moveit2/install/moveit_backend/install/moveit_backend/meshes/ur30/collision
[1.249s] -- Up-to-date: /home/autopilot/ws/restackcell/ws_moveit2/install/moveit_backend/install/moveit_backend/meshes/ur30/collision/forearm.stl
[1.249s] -- Up-to-date: /home/autopilot/ws/restackcell/ws_moveit2/install/moveit_backend/install/moveit_backend/meshes/ur30/collision/upperarm.stl
[1.249s] -- Up-to-date: /home/autopilot/ws/restackcell/ws_moveit2/install/moveit_backend/install/moveit_backend/meshes/ur30/LICENSE.txt
[1.249s] -- Up-to-date: /home/autopilot/ws/restackcell/ws_moveit2/install/moveit_backend/install/moveit_backend/meshes/ur30/visual
[1.249s] -- Up-to-date: /home/autopilot/ws/restackcell/ws_moveit2/install/moveit_backend/install/moveit_backend/meshes/ur30/visual/upperarm.dae
[1.250s] -- Up-to-date: /home/autopilot/ws/restackcell/ws_moveit2/install/moveit_backend/install/moveit_backend/meshes/ur30/visual/forearm.dae
[1.250s] -- Up-to-date: /home/autopilot/ws/restackcell/ws_moveit2/install/moveit_backend/install/moveit_backend/meshes/ur30/visual/UR30_DIFF_8bit_2K.png
[1.250s] -- Up-to-date: /home/autopilot/ws/restackcell/ws_moveit2/install/moveit_backend/install/moveit_backend/meshes/ur10e
[1.250s] -- Up-to-date: /home/autopilot/ws/restackcell/ws_moveit2/install/moveit_backend/install/moveit_backend/meshes/ur10e/collision
[1.250s] -- Up-to-date: /home/autopilot/ws/restackcell/ws_moveit2/install/moveit_backend/install/moveit_backend/meshes/ur10e/collision/forearm.stl
[1.250s] -- Up-to-date: /home/autopilot/ws/restackcell/ws_moveit2/install/moveit_backend/install/moveit_backend/meshes/ur10e/collision/base.stl
[1.250s] -- Up-to-date: /home/autopilot/ws/restackcell/ws_moveit2/install/moveit_backend/install/moveit_backend/meshes/ur10e/collision/wrist2.stl
[1.250s] -- Up-to-date: /home/autopilot/ws/restackcell/ws_moveit2/install/moveit_backend/install/moveit_backend/meshes/ur10e/collision/wrist3.stl
[1.251s] -- Up-to-date: /home/autopilot/ws/restackcell/ws_moveit2/install/moveit_backend/install/moveit_backend/meshes/ur10e/collision/wrist1.stl
[1.251s] -- Up-to-date: /home/autopilot/ws/restackcell/ws_moveit2/install/moveit_backend/install/moveit_backend/meshes/ur10e/collision/shoulder.stl
[1.251s] -- Up-to-date: /home/autopilot/ws/restackcell/ws_moveit2/install/moveit_backend/install/moveit_backend/meshes/ur10e/collision/upperarm.stl
[1.251s] -- Up-to-date: /home/autopilot/ws/restackcell/ws_moveit2/install/moveit_backend/install/moveit_backend/meshes/ur10e/visual
[1.255s] -- Up-to-date: /home/autopilot/ws/restackcell/ws_moveit2/install/moveit_backend/install/moveit_backend/meshes/ur10e/visual/upperarm.dae
[1.255s] -- Up-to-date: /home/autopilot/ws/restackcell/ws_moveit2/install/moveit_backend/install/moveit_backend/meshes/ur10e/visual/forearm.dae
[1.255s] -- Up-to-date: /home/autopilot/ws/restackcell/ws_moveit2/install/moveit_backend/install/moveit_backend/meshes/ur10e/visual/shoulder.dae
[1.255s] -- Up-to-date: /home/autopilot/ws/restackcell/ws_moveit2/install/moveit_backend/install/moveit_backend/meshes/ur10e/visual/wrist3.dae
[1.255s] -- Up-to-date: /home/autopilot/ws/restackcell/ws_moveit2/install/moveit_backend/install/moveit_backend/meshes/ur10e/visual/wrist1.dae
[1.256s] -- Up-to-date: /home/autopilot/ws/restackcell/ws_moveit2/install/moveit_backend/install/moveit_backend/meshes/ur10e/visual/wrist2.dae
[1.256s] -- Up-to-date: /home/autopilot/ws/restackcell/ws_moveit2/install/moveit_backend/install/moveit_backend/meshes/ur10e/visual/base.dae
[1.256s] -- Up-to-date: /home/autopilot/ws/restackcell/ws_moveit2/install/moveit_backend/install/moveit_backend/meshes/ur10
[1.256s] -- Up-to-date: /home/autopilot/ws/restackcell/ws_moveit2/install/moveit_backend/install/moveit_backend/meshes/ur10/collision
[1.256s] -- Up-to-date: /home/autopilot/ws/restackcell/ws_moveit2/install/moveit_backend/install/moveit_backend/meshes/ur10/collision/forearm.stl
[1.256s] -- Up-to-date: /home/autopilot/ws/restackcell/ws_moveit2/install/moveit_backend/install/moveit_backend/meshes/ur10/collision/base.stl
[1.256s] -- Up-to-date: /home/autopilot/ws/restackcell/ws_moveit2/install/moveit_backend/install/moveit_backend/meshes/ur10/collision/wrist2.stl
[1.256s] -- Up-to-date: /home/autopilot/ws/restackcell/ws_moveit2/install/moveit_backend/install/moveit_backend/meshes/ur10/collision/wrist3.stl
[1.256s] -- Up-to-date: /home/autopilot/ws/restackcell/ws_moveit2/install/moveit_backend/install/moveit_backend/meshes/ur10/collision/wrist1.stl
[1.256s] -- Up-to-date: /home/autopilot/ws/restackcell/ws_moveit2/install/moveit_backend/install/moveit_backend/meshes/ur10/collision/shoulder.stl
[1.257s] -- Up-to-date: /home/autopilot/ws/restackcell/ws_moveit2/install/moveit_backend/install/moveit_backend/meshes/ur10/collision/upperarm.stl
[1.257s] -- Up-to-date: /home/autopilot/ws/restackcell/ws_moveit2/install/moveit_backend/install/moveit_backend/meshes/ur10/visual
[1.257s] -- Up-to-date: /home/autopilot/ws/restackcell/ws_moveit2/install/moveit_backend/install/moveit_backend/meshes/ur10/visual/upperarm.dae
[1.257s] -- Up-to-date: /home/autopilot/ws/restackcell/ws_moveit2/install/moveit_backend/install/moveit_backend/meshes/ur10/visual/forearm.dae
[1.257s] -- Up-to-date: /home/autopilot/ws/restackcell/ws_moveit2/install/moveit_backend/install/moveit_backend/meshes/ur10/visual/shoulder.dae
[1.257s] -- Up-to-date: /home/autopilot/ws/restackcell/ws_moveit2/install/moveit_backend/install/moveit_backend/meshes/ur10/visual/wrist3.dae
[1.257s] -- Up-to-date: /home/autopilot/ws/restackcell/ws_moveit2/install/moveit_backend/install/moveit_backend/meshes/ur10/visual/wrist1.dae
[1.257s] -- Up-to-date: /home/autopilot/ws/restackcell/ws_moveit2/install/moveit_backend/install/moveit_backend/meshes/ur10/visual/wrist2.dae
[1.257s] -- Up-to-date: /home/autopilot/ws/restackcell/ws_moveit2/install/moveit_backend/install/moveit_backend/meshes/ur10/visual/base.dae
[1.257s] -- Up-to-date: /home/autopilot/ws/restackcell/ws_moveit2/install/moveit_backend/install/moveit_backend/meshes/ur5
[1.258s] -- Up-to-date: /home/autopilot/ws/restackcell/ws_moveit2/install/moveit_backend/install/moveit_backend/meshes/ur5/collision
[1.258s] -- Up-to-date: /home/autopilot/ws/restackcell/ws_moveit2/install/moveit_backend/install/moveit_backend/meshes/ur5/collision/forearm.stl
[1.258s] -- Up-to-date: /home/autopilot/ws/restackcell/ws_moveit2/install/moveit_backend/install/moveit_backend/meshes/ur5/collision/base.stl
[1.258s] -- Up-to-date: /home/autopilot/ws/restackcell/ws_moveit2/install/moveit_backend/install/moveit_backend/meshes/ur5/collision/wrist2.stl
[1.258s] -- Up-to-date: /home/autopilot/ws/restackcell/ws_moveit2/install/moveit_backend/install/moveit_backend/meshes/ur5/collision/wrist3.stl
[1.258s] -- Up-to-date: /home/autopilot/ws/restackcell/ws_moveit2/install/moveit_backend/install/moveit_backend/meshes/ur5/collision/wrist1.stl
[1.258s] -- Up-to-date: /home/autopilot/ws/restackcell/ws_moveit2/install/moveit_backend/install/moveit_backend/meshes/ur5/collision/shoulder.stl
[1.258s] -- Up-to-date: /home/autopilot/ws/restackcell/ws_moveit2/install/moveit_backend/install/moveit_backend/meshes/ur5/collision/upperarm.stl
[1.258s] -- Up-to-date: /home/autopilot/ws/restackcell/ws_moveit2/install/moveit_backend/install/moveit_backend/meshes/ur5/visual
[1.258s] -- Up-to-date: /home/autopilot/ws/restackcell/ws_moveit2/install/moveit_backend/install/moveit_backend/meshes/ur5/visual/upperarm.dae
[1.259s] -- Up-to-date: /home/autopilot/ws/restackcell/ws_moveit2/install/moveit_backend/install/moveit_backend/meshes/ur5/visual/forearm.dae
[1.259s] -- Up-to-date: /home/autopilot/ws/restackcell/ws_moveit2/install/moveit_backend/install/moveit_backend/meshes/ur5/visual/shoulder.dae
[1.259s] -- Up-to-date: /home/autopilot/ws/restackcell/ws_moveit2/install/moveit_backend/install/moveit_backend/meshes/ur5/visual/wrist3.dae
[1.259s] -- Up-to-date: /home/autopilot/ws/restackcell/ws_moveit2/install/moveit_backend/install/moveit_backend/meshes/ur5/visual/wrist1.dae
[1.259s] -- Up-to-date: /home/autopilot/ws/restackcell/ws_moveit2/install/moveit_backend/install/moveit_backend/meshes/ur5/visual/wrist2.dae
[1.259s] -- Up-to-date: /home/autopilot/ws/restackcell/ws_moveit2/install/moveit_backend/install/moveit_backend/meshes/ur5/visual/base.dae
[1.259s] -- Up-to-date: /home/autopilot/ws/restackcell/ws_moveit2/install/moveit_backend/install/moveit_backend/urdf
[1.259s] -- Up-to-date: /home/autopilot/ws/restackcell/ws_moveit2/install/moveit_backend/install/moveit_backend/urdf/ur.ros2_control.xacro
[1.259s] -- Up-to-date: /home/autopilot/ws/restackcell/ws_moveit2/install/moveit_backend/install/moveit_backend/urdf/ur.urdf.xacro
[1.259s] -- Up-to-date: /home/autopilot/ws/restackcell/ws_moveit2/install/moveit_backend/install/moveit_backend/urdf/inc
[1.259s] -- Up-to-date: /home/autopilot/ws/restackcell/ws_moveit2/install/moveit_backend/install/moveit_backend/urdf/inc/ur_transmissions.xacro
[1.260s] -- Up-to-date: /home/autopilot/ws/restackcell/ws_moveit2/install/moveit_backend/install/moveit_backend/urdf/inc/ur_common.xacro
[1.260s] -- Up-to-date: /home/autopilot/ws/restackcell/ws_moveit2/install/moveit_backend/install/moveit_backend/urdf/ur_macro.xacro
[1.260s] -- Up-to-date: /home/autopilot/ws/restackcell/ws_moveit2/install/moveit_backend/share/ament_index/resource_index/package_run_dependencies/moveit_backend
[1.260s] -- Up-to-date: /home/autopilot/ws/restackcell/ws_moveit2/install/moveit_backend/share/ament_index/resource_index/parent_prefix_path/moveit_backend
[1.260s] -- Up-to-date: /home/autopilot/ws/restackcell/ws_moveit2/install/moveit_backend/share/moveit_backend/environment/ament_prefix_path.sh
[1.260s] -- Up-to-date: /home/autopilot/ws/restackcell/ws_moveit2/install/moveit_backend/share/moveit_backend/environment/ament_prefix_path.dsv
[1.260s] -- Up-to-date: /home/autopilot/ws/restackcell/ws_moveit2/install/moveit_backend/share/moveit_backend/environment/path.sh
[1.260s] -- Up-to-date: /home/autopilot/ws/restackcell/ws_moveit2/install/moveit_backend/share/moveit_backend/environment/path.dsv
[1.260s] -- Up-to-date: /home/autopilot/ws/restackcell/ws_moveit2/install/moveit_backend/share/moveit_backend/local_setup.bash
[1.260s] -- Up-to-date: /home/autopilot/ws/restackcell/ws_moveit2/install/moveit_backend/share/moveit_backend/local_setup.sh
[1.261s] -- Up-to-date: /home/autopilot/ws/restackcell/ws_moveit2/install/moveit_backend/share/moveit_backend/local_setup.zsh
[1.261s] -- Up-to-date: /home/autopilot/ws/restackcell/ws_moveit2/install/moveit_backend/share/moveit_backend/local_setup.dsv
[1.261s] -- Installing: /home/autopilot/ws/restackcell/ws_moveit2/install/moveit_backend/share/moveit_backend/package.dsv
[1.261s] -- Up-to-date: /home/autopilot/ws/restackcell/ws_moveit2/install/moveit_backend/share/ament_index/resource_index/packages/moveit_backend
[1.261s] -- Up-to-date: /home/autopilot/ws/restackcell/ws_moveit2/install/moveit_backend/share/moveit_backend/cmake/moveit_backendConfig.cmake
[1.261s] -- Up-to-date: /home/autopilot/ws/restackcell/ws_moveit2/install/moveit_backend/share/moveit_backend/cmake/moveit_backendConfig-version.cmake
[1.261s] -- Up-to-date: /home/autopilot/ws/restackcell/ws_moveit2/install/moveit_backend/share/moveit_backend/package.xml
[1.261s] Invoked command in '/home/autopilot/ws/restackcell/ws_moveit2/build/moveit_backend' returned '0': CMAKE_PREFIX_PATH=/home/autopilot/ws/restackcell/ws_moveit2/install/robo_planner_py:/home/autopilot/ws/restackcell/ws_moveit2/install/grid_snapper:/home/autopilot/ws/restackcell/ws_moveit2/install/opcua_client:/home/autopilot/ws/restackcell/ws_moveit2/install/interface_opcua:/opt/ros/humble:/home/autopilot/ws/restackcell/ws_moveit2/install/wzlscheduler_interfaces:/home/autopilot/ws/restackcell/ws_moveit2/install/robo_planner:/home/autopilot/ws/restackcell/ws_moveit2/install/pcl_segmentation:/home/autopilot/ws/restackcell/ws_moveit2/install/moveit_backend:/home/autopilot/ws/restackcell/ws_moveit2/install/mockup_robot:/home/autopilot/ws/restackcell/ws_moveit2/install/ur_pilz:/home/autopilot/ws/restackcell/ws_moveit2/install/robo_planner_msgs:/home/autopilot/ws/restackcell/ws_moveit2/install/opcua_interfaces PYTHONPATH=/home/autopilot/ws/restackcell/ws_moveit2/install/wzlscheduler_interfaces/local/lib/python3.10/dist-packages:/home/autopilot/ws/restackcell/ws_moveit2/install/robo_planner_py/lib/python3.10/site-packages:/home/autopilot/ws/restackcell/ws_moveit2/install/grid_snapper/lib/python3.10/site-packages:/home/autopilot/ws/restackcell/ws_moveit2/install/robo_planner_msgs/local/lib/python3.10/dist-packages:/home/autopilot/ws/restackcell/ws_moveit2/install/opcua_client/lib/python3.10/site-packages:/home/autopilot/ws/restackcell/ws_moveit2/install/opcua_interfaces/local/lib/python3.10/dist-packages:/home/autopilot/ws/restackcell/ws_moveit2/install/interface_opcua/lib/python3.10/site-packages:/opt/ros/humble/lib/python3.10/site-packages:/opt/ros/humble/local/lib/python3.10/dist-packages /usr/bin/cmake --install /home/autopilot/ws/restackcell/ws_moveit2/build/moveit_backend
