[0.156s] Invoking command in '/home/alex/ws_moveit2/build/moveit_ros_warehouse': AMENT_PREFIX_PATH=/home/alex/ws_moveit2/install/moveit_ros_planning:/home/alex/ws_moveit2/install/moveit_ros_occupancy_map_monitor:/home/alex/ws_moveit2/install/moveit_core:/home/alex/ws_moveit2/install/srdfdom:/home/alex/ws_moveit2/install/moveit_common:${AMENT_PREFIX_PATH} CMAKE_PREFIX_PATH=/home/alex/ws_moveit2/install/moveit_ros_planning:/home/alex/ws_moveit2/install/moveit_ros_occupancy_map_monitor:/home/alex/ws_moveit2/install/moveit_core:/home/alex/ws_moveit2/install/srdfdom:/home/alex/ws_moveit2/install/moveit_common:/opt/ros/humble LD_LIBRARY_PATH=/home/alex/ws_moveit2/install/moveit_ros_planning/lib:/home/alex/ws_moveit2/install/moveit_ros_occupancy_map_monitor/lib:/home/alex/ws_moveit2/install/moveit_core/lib:/home/alex/ws_moveit2/install/srdfdom/lib:${LD_LIBRARY_PATH} PATH=/home/alex/ws_moveit2/install/moveit_core/bin:${PATH} PYTHONPATH=/home/alex/ws_moveit2/install/srdfdom/local/lib/python3.10/dist-packages:${PYTHONPATH} /usr/bin/cmake /home/alex/ws_moveit2/src/moveit2/moveit_ros/warehouse -DCMAKE_BUILD_TYPE=Release -DCMAKE_INSTALL_PREFIX=/home/alex/ws_moveit2/install/moveit_ros_warehouse
[0.205s] -- The C compiler identification is GNU 11.4.0
[0.254s] -- The CXX compiler identification is GNU 11.4.0
[0.262s] -- Detecting C compiler ABI info
[0.323s] -- Detecting C compiler ABI info - done
[0.328s] -- Check for working C compiler: /usr/bin/cc - skipped
[0.328s] -- Detecting C compile features
[0.329s] -- Detecting C compile features - done
[0.331s] -- Detecting CXX compiler ABI info
[0.401s] -- Detecting CXX compiler ABI info - done
[0.410s] -- Check for working CXX compiler: /usr/bin/c++ - skipped
[0.410s] -- Detecting CXX compile features
[0.411s] -- Detecting CXX compile features - done
[0.412s] -- Found moveit_common: 2.5.5 (/home/alex/ws_moveit2/install/moveit_common/share/moveit_common/cmake)
[0.415s] -- Found ament_cmake: 1.3.5 (/opt/ros/humble/share/ament_cmake/cmake)
[0.562s] -- Found Python3: /usr/bin/python3.10 (found version "3.10.12") found components: Interpreter 
[0.707s] -- Found libdw: /usr/lib/x86_64-linux-gnu/libdw.so  
[0.712s] -- Could NOT find libbfd (missing: LIBBFD_LIBRARY LIBBFD_INCLUDE_DIR) 
[0.712s] -- BACKWARD_HAS_UNWIND=1
[0.712s] -- BACKWARD_HAS_BACKTRACE=0
[0.712s] -- BACKWARD_HAS_BACKTRACE_SYMBOL=0
[0.713s] -- BACKWARD_HAS_DW=1
[0.713s] -- BACKWARD_HAS_BFD=0
[0.713s] -- Found Backward: /opt/ros/humble/share/backward_ros/cmake  
[0.717s] -- Found rclcpp: 16.0.6 (/opt/ros/humble/share/rclcpp/cmake)
[0.750s] -- Found rosidl_generator_c: 3.1.5 (/opt/ros/humble/share/rosidl_generator_c/cmake)
[0.755s] -- Found rosidl_adapter: 3.1.5 (/opt/ros/humble/share/rosidl_adapter/cmake)
[0.762s] -- Found rosidl_generator_cpp: 3.1.5 (/opt/ros/humble/share/rosidl_generator_cpp/cmake)
[0.775s] -- Using all available rosidl_typesupport_c: rosidl_typesupport_fastrtps_c;rosidl_typesupport_introspection_c
[0.791s] -- Using all available rosidl_typesupport_cpp: rosidl_typesupport_fastrtps_cpp;rosidl_typesupport_introspection_cpp
[0.849s] -- Found rmw_implementation_cmake: 6.1.1 (/opt/ros/humble/share/rmw_implementation_cmake/cmake)
[0.851s] -- Found rmw_fastrtps_cpp: 6.2.4 (/opt/ros/humble/share/rmw_fastrtps_cpp/cmake)
[0.959s] -- Found OpenSSL: /usr/lib/x86_64-linux-gnu/libcrypto.so (found version "3.0.2")  
[0.981s] -- Found FastRTPS: /opt/ros/humble/include  
[1.022s] -- Using RMW implementation 'rmw_fastrtps_cpp' as default
[1.032s] -- Looking for pthread.h
[1.121s] -- Looking for pthread.h - found
[1.121s] -- Performing Test CMAKE_HAVE_LIBC_PTHREAD
[1.214s] -- Performing Test CMAKE_HAVE_LIBC_PTHREAD - Success
[1.215s] -- Found Threads: TRUE  
[1.329s] -- Found moveit_core: 2.5.5 (/home/alex/ws_moveit2/install/moveit_core/share/moveit_core/cmake)
[1.360s] -- Found Boost: /usr/lib/x86_64-linux-gnu/cmake/Boost-1.74.0/BoostConfig.cmake (found version "1.74.0") found components: chrono date_time filesystem iostreams program_options regex serialization system thread 
[1.398s] -- Found parameter_traits: 0.3.6 (/opt/ros/humble/share/parameter_traits/cmake)
[1.414s] -- Found rclcpp_lifecycle: 16.0.6 (/opt/ros/humble/share/rclcpp_lifecycle/cmake)
[1.451s] -- Found Boost: /usr/lib/x86_64-linux-gnu/cmake/Boost-1.74.0/BoostConfig.cmake (found version "1.74.0") found components: filesystem 
[1.577s] -- library: /usr/lib/x86_64-linux-gnu/libcurl.so
[1.804s] -- Found Eigen3: TRUE (found version "3.4.0") 
[1.804s] -- Ensuring Eigen3 include directory is part of orocos-kdl CMake target
[2.621s] -- Found warehouse_ros: 2.0.4 (/opt/ros/humble/share/warehouse_ros/cmake)
[2.654s] -- Found moveit_ros_planning: 2.5.5 (/home/alex/ws_moveit2/install/moveit_ros_planning/share/moveit_ros_planning/cmake)
[2.658s] -- Found Boost: /usr/lib/x86_64-linux-gnu/cmake/Boost-1.74.0/BoostConfig.cmake (found version "1.74.0") found components: system filesystem date_time program_options thread chrono 
[2.963s] -- Found Boost: /usr/lib/x86_64-linux-gnu/cmake/Boost-1.74.0/BoostConfig.cmake (found version "1.74.0") found components: thread system filesystem regex date_time program_options 
[2.965s] -- Performing Test COMPILER_HAS_HIDDEN_VISIBILITY
[3.063s] -- Performing Test COMPILER_HAS_HIDDEN_VISIBILITY - Success
[3.064s] -- Performing Test COMPILER_HAS_HIDDEN_INLINE_VISIBILITY
[3.163s] -- Performing Test COMPILER_HAS_HIDDEN_INLINE_VISIBILITY - Success
[3.164s] -- Performing Test COMPILER_HAS_DEPRECATED_ATTR
[3.270s] -- Performing Test COMPILER_HAS_DEPRECATED_ATTR - Success
[3.297s] -- Found ament_lint_auto: 0.12.8 (/opt/ros/humble/share/ament_lint_auto/cmake)
[3.312s] -- Added test 'cppcheck' to perform static code analysis on C / C++ code
[3.312s] -- Configured cppcheck include dirs: /home/alex/ws_moveit2/src/moveit2/moveit_ros/warehouse/include
[3.312s] -- Configured cppcheck exclude dirs and/or files: 
[3.313s] -- Added test 'lint_cmake' to check CMake code style
[3.314s] -- Added test 'pep257' to check Python code against some of the docstring style conventions in PEP 257
[3.314s] -- Added test 'xmllint' to check XML markup files
[3.316s] -- Configuring done
[3.452s] -- Generating done
[3.456s] -- Build files have been written to: /home/alex/ws_moveit2/build/moveit_ros_warehouse
[3.486s] Invoked command in '/home/alex/ws_moveit2/build/moveit_ros_warehouse' returned '0': AMENT_PREFIX_PATH=/home/alex/ws_moveit2/install/moveit_ros_planning:/home/alex/ws_moveit2/install/moveit_ros_occupancy_map_monitor:/home/alex/ws_moveit2/install/moveit_core:/home/alex/ws_moveit2/install/srdfdom:/home/alex/ws_moveit2/install/moveit_common:${AMENT_PREFIX_PATH} CMAKE_PREFIX_PATH=/home/alex/ws_moveit2/install/moveit_ros_planning:/home/alex/ws_moveit2/install/moveit_ros_occupancy_map_monitor:/home/alex/ws_moveit2/install/moveit_core:/home/alex/ws_moveit2/install/srdfdom:/home/alex/ws_moveit2/install/moveit_common:/opt/ros/humble LD_LIBRARY_PATH=/home/alex/ws_moveit2/install/moveit_ros_planning/lib:/home/alex/ws_moveit2/install/moveit_ros_occupancy_map_monitor/lib:/home/alex/ws_moveit2/install/moveit_core/lib:/home/alex/ws_moveit2/install/srdfdom/lib:${LD_LIBRARY_PATH} PATH=/home/alex/ws_moveit2/install/moveit_core/bin:${PATH} PYTHONPATH=/home/alex/ws_moveit2/install/srdfdom/local/lib/python3.10/dist-packages:${PYTHONPATH} /usr/bin/cmake /home/alex/ws_moveit2/src/moveit2/moveit_ros/warehouse -DCMAKE_BUILD_TYPE=Release -DCMAKE_INSTALL_PREFIX=/home/alex/ws_moveit2/install/moveit_ros_warehouse
[3.488s] Invoking command in '/home/alex/ws_moveit2/build/moveit_ros_warehouse': AMENT_PREFIX_PATH=/home/alex/ws_moveit2/install/moveit_ros_planning:/home/alex/ws_moveit2/install/moveit_ros_occupancy_map_monitor:/home/alex/ws_moveit2/install/moveit_core:/home/alex/ws_moveit2/install/srdfdom:/home/alex/ws_moveit2/install/moveit_common:${AMENT_PREFIX_PATH} CMAKE_PREFIX_PATH=/home/alex/ws_moveit2/install/moveit_ros_planning:/home/alex/ws_moveit2/install/moveit_ros_occupancy_map_monitor:/home/alex/ws_moveit2/install/moveit_core:/home/alex/ws_moveit2/install/srdfdom:/home/alex/ws_moveit2/install/moveit_common:/opt/ros/humble LD_LIBRARY_PATH=/home/alex/ws_moveit2/install/moveit_ros_planning/lib:/home/alex/ws_moveit2/install/moveit_ros_occupancy_map_monitor/lib:/home/alex/ws_moveit2/install/moveit_core/lib:/home/alex/ws_moveit2/install/srdfdom/lib:${LD_LIBRARY_PATH} PATH=/home/alex/ws_moveit2/install/moveit_core/bin:${PATH} PYTHONPATH=/home/alex/ws_moveit2/install/srdfdom/local/lib/python3.10/dist-packages:${PYTHONPATH} /usr/bin/cmake --build /home/alex/ws_moveit2/build/moveit_ros_warehouse -- -j16 -l16
[3.572s] [  5%] [32mBuilding CXX object CMakeFiles/moveit_warehouse.dir/src/moveit_message_storage.cpp.o[0m
[3.593s] [ 10%] [32mBuilding CXX object CMakeFiles/moveit_warehouse.dir/src/planning_scene_storage.cpp.o[0m
[3.636s] [ 15%] [32mBuilding CXX object CMakeFiles/moveit_warehouse.dir/src/planning_scene_world_storage.cpp.o[0m
[3.641s] [ 20%] [32mBuilding CXX object CMakeFiles/moveit_warehouse.dir/src/warehouse_connector.cpp.o[0m
[3.667s] [ 25%] [32mBuilding CXX object CMakeFiles/moveit_warehouse.dir/src/state_storage.cpp.o[0m
[3.679s] [ 30%] [32mBuilding CXX object CMakeFiles/moveit_warehouse.dir/src/trajectory_constraints_storage.cpp.o[0m
[3.695s] [ 35%] [32mBuilding CXX object CMakeFiles/moveit_warehouse.dir/src/constraints_storage.cpp.o[0m
