[2.267s] Invoking command in '/home/autopilot/ws/restackcell/ws_moveit2/src/grid_snapper': CMAKE_PREFIX_PATH=/home/autopilot/ws/restackcell/install/wzlscheduler_interfaces LD_LIBRARY_PATH=/home/autopilot/ws/restackcell/install/wzlscheduler_interfaces/lib:${LD_LIBRARY_PATH} PKG_CONFIG_PATH=/home/autopilot/ws/restackcell/install/wzlscheduler_interfaces/lib/aarch64-linux-gnu/pkgconfig:/home/autopilot/ws/restackcell/install/wzlscheduler_interfaces/lib/pkgconfig PYTHONPATH=/home/autopilot/ws/restackcell/build/grid_snapper/prefix_override:/usr/lib/python3/dist-packages/colcon_core/task/python/colcon_distutils_commands:/home/autopilot/ws/restackcell/install/grid_snapper/lib/python3.10/site-packages:/home/autopilot/ws/restackcell/install/wzlscheduler_interfaces/local/lib/python3.10/dist-packages:${PYTHONPATH} ROS_PACKAGE_PATH=/home/autopilot/ws/restackcell/install/wzlscheduler_interfaces/share /usr/bin/python3 -W ignore:setup.py install is deprecated setup.py egg_info --egg-base ../../../build/grid_snapper build --build-base /home/autopilot/ws/restackcell/build/grid_snapper/build install --record /home/autopilot/ws/restackcell/build/grid_snapper/install.log --single-version-externally-managed install_data
[3.411s] running egg_info
[3.422s] writing ../../../build/grid_snapper/grid_snapper.egg-info/PKG-INFO
[3.422s] writing dependency_links to ../../../build/grid_snapper/grid_snapper.egg-info/dependency_links.txt
[3.423s] writing entry points to ../../../build/grid_snapper/grid_snapper.egg-info/entry_points.txt
[3.423s] writing requirements to ../../../build/grid_snapper/grid_snapper.egg-info/requires.txt
[3.423s] writing top-level names to ../../../build/grid_snapper/grid_snapper.egg-info/top_level.txt
[3.435s] reading manifest file '../../../build/grid_snapper/grid_snapper.egg-info/SOURCES.txt'
[3.435s] adding license file 'LICENSE'
[3.440s] writing manifest file '../../../build/grid_snapper/grid_snapper.egg-info/SOURCES.txt'
[3.440s] running build
[3.440s] running build_py
[3.442s] running install
[3.448s] running install_lib
[3.458s] running install_data
[3.458s] running install_egg_info
[3.482s] removing '/home/autopilot/ws/restackcell/install/grid_snapper/lib/python3.10/site-packages/grid_snapper-0.0.0-py3.10.egg-info' (and everything under it)
[3.486s] Copying ../../../build/grid_snapper/grid_snapper.egg-info to /home/autopilot/ws/restackcell/install/grid_snapper/lib/python3.10/site-packages/grid_snapper-0.0.0-py3.10.egg-info
[3.492s] running install_scripts
[3.556s] Installing image_to_world script to /home/autopilot/ws/restackcell/install/grid_snapper/lib/grid_snapper
[3.558s] Installing pose_snapper script to /home/autopilot/ws/restackcell/install/grid_snapper/lib/grid_snapper
[3.560s] writing list of installed files to '/home/autopilot/ws/restackcell/build/grid_snapper/install.log'
[3.734s] Invoked command in '/home/autopilot/ws/restackcell/ws_moveit2/src/grid_snapper' returned '0': CMAKE_PREFIX_PATH=/home/autopilot/ws/restackcell/install/wzlscheduler_interfaces LD_LIBRARY_PATH=/home/autopilot/ws/restackcell/install/wzlscheduler_interfaces/lib:${LD_LIBRARY_PATH} PKG_CONFIG_PATH=/home/autopilot/ws/restackcell/install/wzlscheduler_interfaces/lib/aarch64-linux-gnu/pkgconfig:/home/autopilot/ws/restackcell/install/wzlscheduler_interfaces/lib/pkgconfig PYTHONPATH=/home/autopilot/ws/restackcell/build/grid_snapper/prefix_override:/usr/lib/python3/dist-packages/colcon_core/task/python/colcon_distutils_commands:/home/autopilot/ws/restackcell/install/grid_snapper/lib/python3.10/site-packages:/home/autopilot/ws/restackcell/install/wzlscheduler_interfaces/local/lib/python3.10/dist-packages:${PYTHONPATH} ROS_PACKAGE_PATH=/home/autopilot/ws/restackcell/install/wzlscheduler_interfaces/share /usr/bin/python3 -W ignore:setup.py install is deprecated setup.py egg_info --egg-base ../../../build/grid_snapper build --build-base /home/autopilot/ws/restackcell/build/grid_snapper/build install --record /home/autopilot/ws/restackcell/build/grid_snapper/install.log --single-version-externally-managed install_data
