[0.518s] Invoking command in '/home/aw/restackcell/ws_moveit2/src/opcua-asyncio': PYTHONPATH=/home/aw/restackcell/ws_moveit2/build/asyncua/prefix_override:/home/aw/restackcell/ws_moveit2/install/asyncua/lib/python3.10/site-packages:${PYTHONPATH} /usr/bin/python3 -W ignore:setup.py install is deprecated setup.py egg_info --egg-base ../../build/asyncua build --build-base /home/aw/restackcell/ws_moveit2/build/asyncua/build install --record /home/aw/restackcell/ws_moveit2/build/asyncua/install.log --single-version-externally-managed
[0.692s] running egg_info
[0.692s] writing ../../build/asyncua/asyncua.egg-info/PKG-INFO
[0.692s] writing dependency_links to ../../build/asyncua/asyncua.egg-info/dependency_links.txt
[0.692s] writing entry points to ../../build/asyncua/asyncua.egg-info/entry_points.txt
[0.692s] writing requirements to ../../build/asyncua/asyncua.egg-info/requires.txt
[0.692s] writing top-level names to ../../build/asyncua/asyncua.egg-info/top_level.txt
[0.695s] reading manifest file '../../build/asyncua/asyncua.egg-info/SOURCES.txt'
[0.695s] adding license file 'COPYING'
[0.696s] writing manifest file '../../build/asyncua/asyncua.egg-info/SOURCES.txt'
[0.696s] running build
[0.696s] running build_py
[0.699s] running install
[0.700s] running install_lib
[0.702s] running install_egg_info
[0.703s] removing '/home/aw/restackcell/ws_moveit2/install/asyncua/lib/python3.10/site-packages/asyncua-1.1.0-py3.10.egg-info' (and everything under it)
[0.704s] Copying ../../build/asyncua/asyncua.egg-info to /home/aw/restackcell/ws_moveit2/install/asyncua/lib/python3.10/site-packages/asyncua-1.1.0-py3.10.egg-info
[0.704s] running install_scripts
[0.722s] Installing uabrowse script to /home/aw/restackcell/ws_moveit2/install/asyncua/bin
[0.723s] Installing uacall script to /home/aw/restackcell/ws_moveit2/install/asyncua/bin
[0.723s] Installing uaclient script to /home/aw/restackcell/ws_moveit2/install/asyncua/bin
[0.723s] Installing uadiscover script to /home/aw/restackcell/ws_moveit2/install/asyncua/bin
[0.723s] Installing uageneratestructs script to /home/aw/restackcell/ws_moveit2/install/asyncua/bin
[0.723s] Installing uahistoryread script to /home/aw/restackcell/ws_moveit2/install/asyncua/bin
[0.724s] Installing uals script to /home/aw/restackcell/ws_moveit2/install/asyncua/bin
[0.724s] Installing uaread script to /home/aw/restackcell/ws_moveit2/install/asyncua/bin
[0.724s] Installing uaserver script to /home/aw/restackcell/ws_moveit2/install/asyncua/bin
[0.724s] Installing uasubscribe script to /home/aw/restackcell/ws_moveit2/install/asyncua/bin
[0.724s] Installing uawrite script to /home/aw/restackcell/ws_moveit2/install/asyncua/bin
[0.725s] writing list of installed files to '/home/aw/restackcell/ws_moveit2/build/asyncua/install.log'
[0.753s] Invoked command in '/home/aw/restackcell/ws_moveit2/src/opcua-asyncio' returned '0': PYTHONPATH=/home/aw/restackcell/ws_moveit2/build/asyncua/prefix_override:/home/aw/restackcell/ws_moveit2/install/asyncua/lib/python3.10/site-packages:${PYTHONPATH} /usr/bin/python3 -W ignore:setup.py install is deprecated setup.py egg_info --egg-base ../../build/asyncua build --build-base /home/aw/restackcell/ws_moveit2/build/asyncua/build install --record /home/aw/restackcell/ws_moveit2/build/asyncua/install.log --single-version-externally-managed
