[0.094s] Invoking command in '/home/alex/ws_moveit2/src/hello_moveit/build/hello_moveit': CMAKE_PREFIX_PATH=${CMAKE_PREFIX_PATH}:/home/alex/ws_moveit2/install/moveit_configs_utils:/home/alex/ws_moveit2/install/launch_param_builder:/opt/ros/humble /usr/bin/cmake --build /home/alex/ws_moveit2/src/hello_moveit/build/hello_moveit -- -j16 -l16
[0.186s] [35m[1mConsolidate compiler generated dependencies of target hello_moveit[0m
[0.239s] [ 50%] [32mBuilding CXX object CMakeFiles/hello_moveit.dir/src/hello_moveit.cpp.o[0m
[7.377s] [01m[K/home/alex/ws_moveit2/src/hello_moveit/src/hello_moveit.cpp:[m[K In lambda function:
[7.377s] [01m[K/home/alex/ws_moveit2/src/hello_moveit/src/hello_moveit.cpp:89:15:[m[K [01;35m[Kwarning: [m[Kunused variable ‘[01m[Km[m[K’ [[01;35m[K]8;;https://gcc.gnu.org/onlinedocs/gcc/Warning-Options.html#index-Wunused-variable-Wunused-variable]8;;[m[K]
[7.377s]    89 | shapes::Mesh* [01;35m[Km[m[K = shapes::createMeshFromResource("package://cube.stl");
[7.377s]       |               [01;35m[K^[m[K
[7.381s] [01m[K/home/alex/ws_moveit2/src/hello_moveit/src/hello_moveit.cpp:[m[K In function ‘[01m[Kint main(int, char**)[m[K’:
[7.381s] [01m[K/home/alex/ws_moveit2/src/hello_moveit/src/hello_moveit.cpp:48:14:[m[K [01;35m[Kwarning: [m[Kvariable ‘[01m[Kdraw_trajectory_tool_path[m[K’ set but not used [[01;35m[K]8;;https://gcc.gnu.org/onlinedocs/gcc/Warning-Options.html#index-Wunused-but-set-variable-Wunused-but-set-variable]8;;[m[K]
[7.381s]    48 |   auto const [01;35m[Kdraw_trajectory_tool_path[m[K =
[7.382s]       |              [01;35m[K^~~~~~~~~~~~~~~~~~~~~~~~~[m[K
[10.191s] [100%] [32m[1mLinking CXX executable hello_moveit[0m
[10.667s] [100%] Built target hello_moveit
[10.685s] Invoked command in '/home/alex/ws_moveit2/src/hello_moveit/build/hello_moveit' returned '0': CMAKE_PREFIX_PATH=${CMAKE_PREFIX_PATH}:/home/alex/ws_moveit2/install/moveit_configs_utils:/home/alex/ws_moveit2/install/launch_param_builder:/opt/ros/humble /usr/bin/cmake --build /home/alex/ws_moveit2/src/hello_moveit/build/hello_moveit -- -j16 -l16
[10.763s] Invoking command in '/home/alex/ws_moveit2/src/hello_moveit/build/hello_moveit': CMAKE_PREFIX_PATH=${CMAKE_PREFIX_PATH}:/home/alex/ws_moveit2/install/moveit_configs_utils:/home/alex/ws_moveit2/install/launch_param_builder:/opt/ros/humble /usr/bin/cmake --install /home/alex/ws_moveit2/src/hello_moveit/build/hello_moveit
[10.779s] -- Install configuration: ""
[10.779s] -- Execute custom install script
[10.780s] -- Up-to-date symlink: /home/alex/ws_moveit2/src/hello_moveit/install/hello_moveit/lib/hello_moveit/hello_moveit
[10.780s] -- Up-to-date symlink: /home/alex/ws_moveit2/src/hello_moveit/install/hello_moveit/share/ament_index/resource_index/package_run_dependencies/hello_moveit
[10.780s] -- Up-to-date symlink: /home/alex/ws_moveit2/src/hello_moveit/install/hello_moveit/share/ament_index/resource_index/parent_prefix_path/hello_moveit
[10.780s] -- Up-to-date symlink: /home/alex/ws_moveit2/src/hello_moveit/install/hello_moveit/share/hello_moveit/environment/ament_prefix_path.sh
[10.780s] -- Up-to-date symlink: /home/alex/ws_moveit2/src/hello_moveit/install/hello_moveit/share/hello_moveit/environment/ament_prefix_path.dsv
[10.781s] -- Up-to-date symlink: /home/alex/ws_moveit2/src/hello_moveit/install/hello_moveit/share/hello_moveit/environment/path.sh
[10.781s] -- Up-to-date symlink: /home/alex/ws_moveit2/src/hello_moveit/install/hello_moveit/share/hello_moveit/environment/path.dsv
[10.781s] -- Up-to-date symlink: /home/alex/ws_moveit2/src/hello_moveit/install/hello_moveit/share/hello_moveit/local_setup.bash
[10.781s] -- Up-to-date symlink: /home/alex/ws_moveit2/src/hello_moveit/install/hello_moveit/share/hello_moveit/local_setup.sh
[10.781s] -- Up-to-date symlink: /home/alex/ws_moveit2/src/hello_moveit/install/hello_moveit/share/hello_moveit/local_setup.zsh
[10.781s] -- Up-to-date symlink: /home/alex/ws_moveit2/src/hello_moveit/install/hello_moveit/share/hello_moveit/local_setup.dsv
[10.781s] -- Symlinking: /home/alex/ws_moveit2/src/hello_moveit/install/hello_moveit/share/hello_moveit/package.dsv
[10.807s] -- Up-to-date symlink: /home/alex/ws_moveit2/src/hello_moveit/install/hello_moveit/share/ament_index/resource_index/packages/hello_moveit
[10.808s] -- Up-to-date symlink: /home/alex/ws_moveit2/src/hello_moveit/install/hello_moveit/share/hello_moveit/cmake/hello_moveitConfig.cmake
[10.808s] -- Up-to-date symlink: /home/alex/ws_moveit2/src/hello_moveit/install/hello_moveit/share/hello_moveit/cmake/hello_moveitConfig-version.cmake
[10.808s] -- Up-to-date symlink: /home/alex/ws_moveit2/src/hello_moveit/install/hello_moveit/share/hello_moveit/package.xml
[10.811s] Invoked command in '/home/alex/ws_moveit2/src/hello_moveit/build/hello_moveit' returned '0': CMAKE_PREFIX_PATH=${CMAKE_PREFIX_PATH}:/home/alex/ws_moveit2/install/moveit_configs_utils:/home/alex/ws_moveit2/install/launch_param_builder:/opt/ros/humble /usr/bin/cmake --install /home/alex/ws_moveit2/src/hello_moveit/build/hello_moveit
