[0.980s] Invoking command in '/home/alex/restackcell/ws_moveit2/src/interface_opcua': PYTHONPATH=/home/alex/restackcell/ws_moveit2/build/interface_opcua/prefix_override:/home/alex/restackcell/ws_moveit2/install/interface_opcua/lib/python3.10/site-packages:${PYTHONPATH} /usr/bin/python3 setup.py egg_info --egg-base ../../build/interface_opcua build --build-base /home/alex/restackcell/ws_moveit2/build/interface_opcua/build install --record /home/alex/restackcell/ws_moveit2/build/interface_opcua/install.log --single-version-externally-managed
[1.205s] running egg_info
[1.205s] writing ../../build/interface_opcua/interface_opcua.egg-info/PKG-INFO
[1.205s] writing dependency_links to ../../build/interface_opcua/interface_opcua.egg-info/dependency_links.txt
[1.206s] writing entry points to ../../build/interface_opcua/interface_opcua.egg-info/entry_points.txt
[1.206s] writing requirements to ../../build/interface_opcua/interface_opcua.egg-info/requires.txt
[1.206s] writing top-level names to ../../build/interface_opcua/interface_opcua.egg-info/top_level.txt
[1.207s] reading manifest file '../../build/interface_opcua/interface_opcua.egg-info/SOURCES.txt'
[1.207s] adding license file 'LICENSE'
[1.207s] writing manifest file '../../build/interface_opcua/interface_opcua.egg-info/SOURCES.txt'
[1.207s] running build
[1.208s] running build_py
[1.208s] running install
[1.208s] /usr/lib/python3/dist-packages/setuptools/command/install.py:34: SetuptoolsDeprecationWarning: setup.py install is deprecated. Use build and pip and other standards-based tools.
[1.208s]   warnings.warn(
[1.208s] running install_lib
[1.209s] running install_data
[1.209s] running install_egg_info
[1.211s] removing '/home/alex/restackcell/ws_moveit2/install/interface_opcua/lib/python3.10/site-packages/interface_opcua-0.0.0-py3.10.egg-info' (and everything under it)
[1.211s] Copying ../../build/interface_opcua/interface_opcua.egg-info to /home/alex/restackcell/ws_moveit2/install/interface_opcua/lib/python3.10/site-packages/interface_opcua-0.0.0-py3.10.egg-info
[1.212s] running install_scripts
[1.228s] Installing service script to /home/alex/restackcell/ws_moveit2/install/interface_opcua/lib/interface_opcua
[1.228s] writing list of installed files to '/home/alex/restackcell/ws_moveit2/build/interface_opcua/install.log'
[1.270s] Invoked command in '/home/alex/restackcell/ws_moveit2/src/interface_opcua' returned '0': PYTHONPATH=/home/alex/restackcell/ws_moveit2/build/interface_opcua/prefix_override:/home/alex/restackcell/ws_moveit2/install/interface_opcua/lib/python3.10/site-packages:${PYTHONPATH} /usr/bin/python3 setup.py egg_info --egg-base ../../build/interface_opcua build --build-base /home/alex/restackcell/ws_moveit2/build/interface_opcua/build install --record /home/alex/restackcell/ws_moveit2/build/interface_opcua/install.log --single-version-externally-managed
