[0.022s] Invoking command in '/home/autopilot/ws/restackcell/ws_moveit2/build/robo_planner': AMENT_PREFIX_PATH=/home/autopilot/ws/restackcell/ws_moveit2/install/opcua_interfaces:${AMENT_PREFIX_PATH} CMAKE_PREFIX_PATH=/opt/ros/humble:/home/autopilot/ws/restackcell/ws_moveit2/install/wzlscheduler_interfaces:/home/autopilot/ws/restackcell/ws_moveit2/install/opcua_interfaces LD_LIBRARY_PATH=/home/autopilot/ws/restackcell/ws_moveit2/install/wzlscheduler_interfaces/lib:/home/autopilot/ws/restackcell/ws_moveit2/install/opcua_interfaces/lib:${LD_LIBRARY_PATH} PKG_CONFIG_PATH=/home/autopilot/ws/restackcell/ws_moveit2/install/wzlscheduler_interfaces/lib/aarch64-linux-gnu/pkgconfig:/home/autopilot/ws/restackcell/ws_moveit2/install/wzlscheduler_interfaces/lib/pkgconfig PYTHONPATH=/home/autopilot/ws/restackcell/ws_moveit2/install/wzlscheduler_interfaces/local/lib/python3.10/dist-packages:/home/autopilot/ws/restackcell/ws_moveit2/install/opcua_interfaces/local/lib/python3.10/dist-packages:${PYTHONPATH} ROS_PACKAGE_PATH=/home/autopilot/ws/restackcell/ws_moveit2/install/wzlscheduler_interfaces/share /usr/bin/cmake --build /home/autopilot/ws/restackcell/ws_moveit2/build/robo_planner -- -j8 -l8
[0.129s] [35m[1mConsolidate compiler generated dependencies of target robo_planner[0m
[0.285s] [  4%] [32mBuilding CXX object CMakeFiles/robo_planner.dir/src/Main.cpp.o[0m
[20.021s] [  8%] [32m[1mLinking CXX executable robo_planner[0m
[21.412s] [100%] Built target robo_planner
[21.434s] Invoked command in '/home/autopilot/ws/restackcell/ws_moveit2/build/robo_planner' returned '0': AMENT_PREFIX_PATH=/home/autopilot/ws/restackcell/ws_moveit2/install/opcua_interfaces:${AMENT_PREFIX_PATH} CMAKE_PREFIX_PATH=/opt/ros/humble:/home/autopilot/ws/restackcell/ws_moveit2/install/wzlscheduler_interfaces:/home/autopilot/ws/restackcell/ws_moveit2/install/opcua_interfaces LD_LIBRARY_PATH=/home/autopilot/ws/restackcell/ws_moveit2/install/wzlscheduler_interfaces/lib:/home/autopilot/ws/restackcell/ws_moveit2/install/opcua_interfaces/lib:${LD_LIBRARY_PATH} PKG_CONFIG_PATH=/home/autopilot/ws/restackcell/ws_moveit2/install/wzlscheduler_interfaces/lib/aarch64-linux-gnu/pkgconfig:/home/autopilot/ws/restackcell/ws_moveit2/install/wzlscheduler_interfaces/lib/pkgconfig PYTHONPATH=/home/autopilot/ws/restackcell/ws_moveit2/install/wzlscheduler_interfaces/local/lib/python3.10/dist-packages:/home/autopilot/ws/restackcell/ws_moveit2/install/opcua_interfaces/local/lib/python3.10/dist-packages:${PYTHONPATH} ROS_PACKAGE_PATH=/home/autopilot/ws/restackcell/ws_moveit2/install/wzlscheduler_interfaces/share /usr/bin/cmake --build /home/autopilot/ws/restackcell/ws_moveit2/build/robo_planner -- -j8 -l8
[21.583s] Invoking command in '/home/autopilot/ws/restackcell/ws_moveit2/build/robo_planner': AMENT_PREFIX_PATH=/home/autopilot/ws/restackcell/ws_moveit2/install/opcua_interfaces:${AMENT_PREFIX_PATH} CMAKE_PREFIX_PATH=/opt/ros/humble:/home/autopilot/ws/restackcell/ws_moveit2/install/wzlscheduler_interfaces:/home/autopilot/ws/restackcell/ws_moveit2/install/opcua_interfaces LD_LIBRARY_PATH=/home/autopilot/ws/restackcell/ws_moveit2/install/wzlscheduler_interfaces/lib:/home/autopilot/ws/restackcell/ws_moveit2/install/opcua_interfaces/lib:${LD_LIBRARY_PATH} PKG_CONFIG_PATH=/home/autopilot/ws/restackcell/ws_moveit2/install/wzlscheduler_interfaces/lib/aarch64-linux-gnu/pkgconfig:/home/autopilot/ws/restackcell/ws_moveit2/install/wzlscheduler_interfaces/lib/pkgconfig PYTHONPATH=/home/autopilot/ws/restackcell/ws_moveit2/install/wzlscheduler_interfaces/local/lib/python3.10/dist-packages:/home/autopilot/ws/restackcell/ws_moveit2/install/opcua_interfaces/local/lib/python3.10/dist-packages:${PYTHONPATH} ROS_PACKAGE_PATH=/home/autopilot/ws/restackcell/ws_moveit2/install/wzlscheduler_interfaces/share /usr/bin/cmake --install /home/autopilot/ws/restackcell/ws_moveit2/build/robo_planner
[21.596s] -- Install configuration: ""
[21.597s] -- Installing: /home/autopilot/ws/restackcell/ws_moveit2/install/robo_planner/lib/robo_planner/robo_planner
[21.612s] -- Set runtime path of "/home/autopilot/ws/restackcell/ws_moveit2/install/robo_planner/lib/robo_planner/robo_planner" to ""
[21.612s] -- Up-to-date: /home/autopilot/ws/restackcell/ws_moveit2/install/robo_planner/share/robo_planner/launch
[21.613s] -- Up-to-date: /home/autopilot/ws/restackcell/ws_moveit2/install/robo_planner/share/robo_planner/launch/__pycache__
[21.613s] -- Up-to-date: /home/autopilot/ws/restackcell/ws_moveit2/install/robo_planner/share/robo_planner/launch/__pycache__/ur_planner.cpython-310.pyc
[21.613s] -- Up-to-date: /home/autopilot/ws/restackcell/ws_moveit2/install/robo_planner/share/robo_planner/launch/__pycache__/hello_moveit_ur_launch.cpython-310.pyc
[21.614s] -- Up-to-date: /home/autopilot/ws/restackcell/ws_moveit2/install/robo_planner/share/robo_planner/launch/__pycache__/mockup_robot.cpython-310.pyc
[21.614s] -- Up-to-date: /home/autopilot/ws/restackcell/ws_moveit2/install/robo_planner/share/robo_planner/launch/__pycache__/ur_planner_pilz.cpython-310.pyc
[21.614s] -- Up-to-date: /home/autopilot/ws/restackcell/ws_moveit2/install/robo_planner/share/robo_planner/launch/ur_planner_launch.py
[21.614s] -- Up-to-date: /home/autopilot/ws/restackcell/ws_moveit2/install/robo_planner/share/robo_planner/launch/ur_simulation.py
[21.614s] -- Up-to-date: /home/autopilot/ws/restackcell/ws_moveit2/install/robo_planner/share/robo_planner/launch/ur_planner_pilz.launch.py
[21.614s] -- Up-to-date: /home/autopilot/ws/restackcell/ws_moveit2/install/robo_planner/share/robo_planner/config
[21.615s] -- Up-to-date: /home/autopilot/ws/restackcell/ws_moveit2/install/robo_planner/share/robo_planner/config/share
[21.615s] -- Up-to-date: /home/autopilot/ws/restackcell/ws_moveit2/install/robo_planner/share/robo_planner/config/share/ur_description
[21.615s] -- Up-to-date: /home/autopilot/ws/restackcell/ws_moveit2/install/robo_planner/share/robo_planner/config/share/ur_description/package.dsv
[21.615s] -- Up-to-date: /home/autopilot/ws/restackcell/ws_moveit2/install/robo_planner/share/robo_planner/config/share/ur_description/urdf
[21.615s] -- Up-to-date: /home/autopilot/ws/restackcell/ws_moveit2/install/robo_planner/share/robo_planner/config/share/ur_description/urdf/ur_macro.xacro_restack
[21.615s] -- Up-to-date: /home/autopilot/ws/restackcell/ws_moveit2/install/robo_planner/share/robo_planner/config/share/ur_description/urdf/ur_macro.xacro2
[21.616s] -- Up-to-date: /home/autopilot/ws/restackcell/ws_moveit2/install/robo_planner/share/robo_planner/config/share/ur_description/urdf/ur.ros2_control.xacro
[21.616s] -- Up-to-date: /home/autopilot/ws/restackcell/ws_moveit2/install/robo_planner/share/robo_planner/config/share/ur_description/urdf/ur.urdf.xacro
[21.616s] -- Up-to-date: /home/autopilot/ws/restackcell/ws_moveit2/install/robo_planner/share/robo_planner/config/share/ur_description/urdf/ur_macro.xacro_original
[21.616s] -- Up-to-date: /home/autopilot/ws/restackcell/ws_moveit2/install/robo_planner/share/robo_planner/config/share/ur_description/urdf/inc
[21.616s] -- Up-to-date: /home/autopilot/ws/restackcell/ws_moveit2/install/robo_planner/share/robo_planner/config/share/ur_description/urdf/inc/ur_transmissions.xacro
[21.616s] -- Up-to-date: /home/autopilot/ws/restackcell/ws_moveit2/install/robo_planner/share/robo_planner/config/share/ur_description/urdf/inc/ur_common.xacro
[21.617s] -- Up-to-date: /home/autopilot/ws/restackcell/ws_moveit2/install/robo_planner/share/robo_planner/config/share/ur_description/urdf/ur_macro.xacro
[21.617s] -- Up-to-date: /home/autopilot/ws/restackcell/ws_moveit2/install/robo_planner/share/robo_planner/config/share/ur_description/local_setup.zsh
[21.617s] -- Up-to-date: /home/autopilot/ws/restackcell/ws_moveit2/install/robo_planner/share/robo_planner/config/share/ur_description/rviz
[21.617s] -- Up-to-date: /home/autopilot/ws/restackcell/ws_moveit2/install/robo_planner/share/robo_planner/config/share/ur_description/rviz/view_robot.rviz
[21.617s] -- Up-to-date: /home/autopilot/ws/restackcell/ws_moveit2/install/robo_planner/share/robo_planner/config/share/ur_description/local_setup.sh
[21.617s] -- Up-to-date: /home/autopilot/ws/restackcell/ws_moveit2/install/robo_planner/share/robo_planner/config/share/ur_description/cmake
[21.619s] -- Up-to-date: /home/autopilot/ws/restackcell/ws_moveit2/install/robo_planner/share/robo_planner/config/share/ur_description/cmake/ur_descriptionConfig-version.cmake
[21.619s] -- Up-to-date: /home/autopilot/ws/restackcell/ws_moveit2/install/robo_planner/share/robo_planner/config/share/ur_description/cmake/ur_descriptionConfig.cmake
[21.620s] -- Up-to-date: /home/autopilot/ws/restackcell/ws_moveit2/install/robo_planner/share/robo_planner/config/share/ur_description/local_setup.dsv
[21.620s] -- Up-to-date: /home/autopilot/ws/restackcell/ws_moveit2/install/robo_planner/share/robo_planner/config/share/ur_description/config
[21.620s] -- Up-to-date: /home/autopilot/ws/restackcell/ws_moveit2/install/robo_planner/share/robo_planner/config/share/ur_description/config/ur20
[21.622s] -- Up-to-date: /home/autopilot/ws/restackcell/ws_moveit2/install/robo_planner/share/robo_planner/config/share/ur_description/config/ur20/visual_parameters.yaml
[21.623s] -- Up-to-date: /home/autopilot/ws/restackcell/ws_moveit2/install/robo_planner/share/robo_planner/config/share/ur_description/config/ur20/default_kinematics.yaml
[21.624s] -- Up-to-date: /home/autopilot/ws/restackcell/ws_moveit2/install/robo_planner/share/robo_planner/config/share/ur_description/config/ur20/joint_limits.yaml
[21.624s] -- Up-to-date: /home/autopilot/ws/restackcell/ws_moveit2/install/robo_planner/share/robo_planner/config/share/ur_description/config/ur20/physical_parameters.yaml
[21.624s] -- Up-to-date: /home/autopilot/ws/restackcell/ws_moveit2/install/robo_planner/share/robo_planner/config/share/ur_description/config/ur5e
[21.625s] -- Up-to-date: /home/autopilot/ws/restackcell/ws_moveit2/install/robo_planner/share/robo_planner/config/share/ur_description/config/ur5e/visual_parameters.yaml
[21.625s] -- Up-to-date: /home/autopilot/ws/restackcell/ws_moveit2/install/robo_planner/share/robo_planner/config/share/ur_description/config/ur5e/default_kinematics.yaml
[21.625s] -- Up-to-date: /home/autopilot/ws/restackcell/ws_moveit2/install/robo_planner/share/robo_planner/config/share/ur_description/config/ur5e/joint_limits.yaml
[21.625s] -- Up-to-date: /home/autopilot/ws/restackcell/ws_moveit2/install/robo_planner/share/robo_planner/config/share/ur_description/config/ur5e/physical_parameters.yaml
[21.625s] -- Up-to-date: /home/autopilot/ws/restackcell/ws_moveit2/install/robo_planner/share/robo_planner/config/share/ur_description/config/ur3
[21.626s] -- Up-to-date: /home/autopilot/ws/restackcell/ws_moveit2/install/robo_planner/share/robo_planner/config/share/ur_description/config/ur3/visual_parameters.yaml
[21.626s] -- Up-to-date: /home/autopilot/ws/restackcell/ws_moveit2/install/robo_planner/share/robo_planner/config/share/ur_description/config/ur3/default_kinematics.yaml
[21.626s] -- Up-to-date: /home/autopilot/ws/restackcell/ws_moveit2/install/robo_planner/share/robo_planner/config/share/ur_description/config/ur3/joint_limits.yaml
[21.626s] -- Up-to-date: /home/autopilot/ws/restackcell/ws_moveit2/install/robo_planner/share/robo_planner/config/share/ur_description/config/ur3/physical_parameters.yaml
[21.626s] -- Up-to-date: /home/autopilot/ws/restackcell/ws_moveit2/install/robo_planner/share/robo_planner/config/share/ur_description/config/ur16e
[21.626s] -- Up-to-date: /home/autopilot/ws/restackcell/ws_moveit2/install/robo_planner/share/robo_planner/config/share/ur_description/config/ur16e/visual_parameters.yaml
[21.627s] -- Up-to-date: /home/autopilot/ws/restackcell/ws_moveit2/install/robo_planner/share/robo_planner/config/share/ur_description/config/ur16e/default_kinematics.yaml
[21.627s] -- Up-to-date: /home/autopilot/ws/restackcell/ws_moveit2/install/robo_planner/share/robo_planner/config/share/ur_description/config/ur16e/joint_limits_old.yaml
[21.627s] -- Up-to-date: /home/autopilot/ws/restackcell/ws_moveit2/install/robo_planner/share/robo_planner/config/share/ur_description/config/ur16e/default_kinematics_calibrated.yaml
[21.627s] -- Up-to-date: /home/autopilot/ws/restackcell/ws_moveit2/install/robo_planner/share/robo_planner/config/share/ur_description/config/ur16e/joint_limits.yaml
[21.627s] -- Up-to-date: /home/autopilot/ws/restackcell/ws_moveit2/install/robo_planner/share/robo_planner/config/share/ur_description/config/ur16e/pilz_cartesian_limits.yaml
[21.627s] -- Up-to-date: /home/autopilot/ws/restackcell/ws_moveit2/install/robo_planner/share/robo_planner/config/share/ur_description/config/ur16e/default_kinematics_original.yaml
[21.627s] -- Up-to-date: /home/autopilot/ws/restackcell/ws_moveit2/install/robo_planner/share/robo_planner/config/share/ur_description/config/ur16e/physical_parameters.yaml
[21.628s] -- Up-to-date: /home/autopilot/ws/restackcell/ws_moveit2/install/robo_planner/share/robo_planner/config/share/ur_description/config/ur3e
[21.628s] -- Up-to-date: /home/autopilot/ws/restackcell/ws_moveit2/install/robo_planner/share/robo_planner/config/share/ur_description/config/ur3e/visual_parameters.yaml
[21.629s] -- Up-to-date: /home/autopilot/ws/restackcell/ws_moveit2/install/robo_planner/share/robo_planner/config/share/ur_description/config/ur3e/default_kinematics.yaml
[21.630s] -- Up-to-date: /home/autopilot/ws/restackcell/ws_moveit2/install/robo_planner/share/robo_planner/config/share/ur_description/config/ur3e/joint_limits.yaml
[21.630s] -- Up-to-date: /home/autopilot/ws/restackcell/ws_moveit2/install/robo_planner/share/robo_planner/config/share/ur_description/config/ur3e/physical_parameters.yaml
[21.631s] -- Up-to-date: /home/autopilot/ws/restackcell/ws_moveit2/install/robo_planner/share/robo_planner/config/share/ur_description/config/initial_positions.yaml
[21.631s] -- Up-to-date: /home/autopilot/ws/restackcell/ws_moveit2/install/robo_planner/share/robo_planner/config/share/ur_description/config/ur30
[21.632s] -- Up-to-date: /home/autopilot/ws/restackcell/ws_moveit2/install/robo_planner/share/robo_planner/config/share/ur_description/config/ur30/visual_parameters.yaml
[21.632s] -- Up-to-date: /home/autopilot/ws/restackcell/ws_moveit2/install/robo_planner/share/robo_planner/config/share/ur_description/config/ur30/default_kinematics.yaml
[21.633s] -- Up-to-date: /home/autopilot/ws/restackcell/ws_moveit2/install/robo_planner/share/robo_planner/config/share/ur_description/config/ur30/joint_limits.yaml
[21.633s] -- Up-to-date: /home/autopilot/ws/restackcell/ws_moveit2/install/robo_planner/share/robo_planner/config/share/ur_description/config/ur30/physical_parameters.yaml
[21.634s] -- Up-to-date: /home/autopilot/ws/restackcell/ws_moveit2/install/robo_planner/share/robo_planner/config/share/ur_description/config/ur16e_old
[21.634s] -- Up-to-date: /home/autopilot/ws/restackcell/ws_moveit2/install/robo_planner/share/robo_planner/config/share/ur_description/config/ur16e_old/visual_parameters.yaml
[21.635s] -- Up-to-date: /home/autopilot/ws/restackcell/ws_moveit2/install/robo_planner/share/robo_planner/config/share/ur_description/config/ur16e_old/default_kinematics.yaml
[21.635s] -- Up-to-date: /home/autopilot/ws/restackcell/ws_moveit2/install/robo_planner/share/robo_planner/config/share/ur_description/config/ur16e_old/joint_limits.yaml
[21.636s] -- Up-to-date: /home/autopilot/ws/restackcell/ws_moveit2/install/robo_planner/share/robo_planner/config/share/ur_description/config/ur16e_old/physical_parameters.yaml
[21.636s] -- Up-to-date: /home/autopilot/ws/restackcell/ws_moveit2/install/robo_planner/share/robo_planner/config/share/ur_description/config/ur10e
[21.637s] -- Up-to-date: /home/autopilot/ws/restackcell/ws_moveit2/install/robo_planner/share/robo_planner/config/share/ur_description/config/ur10e/visual_parameters.yaml
[21.637s] -- Up-to-date: /home/autopilot/ws/restackcell/ws_moveit2/install/robo_planner/share/robo_planner/config/share/ur_description/config/ur10e/default_kinematics.yaml
[21.637s] -- Up-to-date: /home/autopilot/ws/restackcell/ws_moveit2/install/robo_planner/share/robo_planner/config/share/ur_description/config/ur10e/joint_limits.yaml
[21.637s] -- Up-to-date: /home/autopilot/ws/restackcell/ws_moveit2/install/robo_planner/share/robo_planner/config/share/ur_description/config/ur10e/physical_parameters.yaml
[21.638s] -- Up-to-date: /home/autopilot/ws/restackcell/ws_moveit2/install/robo_planner/share/robo_planner/config/share/ur_description/config/pilz_cartesian_limits.yaml
[21.639s] -- Up-to-date: /home/autopilot/ws/restackcell/ws_moveit2/install/robo_planner/share/robo_planner/config/share/ur_description/config/pilz_industrial_motion_planner_planning.yaml
[21.639s] -- Up-to-date: /home/autopilot/ws/restackcell/ws_moveit2/install/robo_planner/share/robo_planner/config/share/ur_description/config/ur10
[21.639s] -- Up-to-date: /home/autopilot/ws/restackcell/ws_moveit2/install/robo_planner/share/robo_planner/config/share/ur_description/config/ur10/visual_parameters.yaml
[21.640s] -- Up-to-date: /home/autopilot/ws/restackcell/ws_moveit2/install/robo_planner/share/robo_planner/config/share/ur_description/config/ur10/default_kinematics.yaml
[21.641s] -- Up-to-date: /home/autopilot/ws/restackcell/ws_moveit2/install/robo_planner/share/robo_planner/config/share/ur_description/config/ur10/joint_limits.yaml
[21.641s] -- Up-to-date: /home/autopilot/ws/restackcell/ws_moveit2/install/robo_planner/share/robo_planner/config/share/ur_description/config/ur10/physical_parameters.yaml
[21.641s] -- Up-to-date: /home/autopilot/ws/restackcell/ws_moveit2/install/robo_planner/share/robo_planner/config/share/ur_description/config/ur5
[21.642s] -- Up-to-date: /home/autopilot/ws/restackcell/ws_moveit2/install/robo_planner/share/robo_planner/config/share/ur_description/config/ur5/visual_parameters.yaml
[21.642s] -- Up-to-date: /home/autopilot/ws/restackcell/ws_moveit2/install/robo_planner/share/robo_planner/config/share/ur_description/config/ur5/default_kinematics.yaml
[21.643s] -- Up-to-date: /home/autopilot/ws/restackcell/ws_moveit2/install/robo_planner/share/robo_planner/config/share/ur_description/config/ur5/joint_limits.yaml
[21.643s] -- Up-to-date: /home/autopilot/ws/restackcell/ws_moveit2/install/robo_planner/share/robo_planner/config/share/ur_description/config/ur5/physical_parameters.yaml
[21.645s] -- Up-to-date: /home/autopilot/ws/restackcell/ws_moveit2/install/robo_planner/share/robo_planner/config/share/ur_description/launch
[21.645s] -- Up-to-date: /home/autopilot/ws/restackcell/ws_moveit2/install/robo_planner/share/robo_planner/config/share/ur_description/launch/view_ur.launch.py
[21.645s] -- Up-to-date: /home/autopilot/ws/restackcell/ws_moveit2/install/robo_planner/share/robo_planner/config/share/ur_description/meshes
[21.646s] -- Up-to-date: /home/autopilot/ws/restackcell/ws_moveit2/install/robo_planner/share/robo_planner/config/share/ur_description/meshes/ur20
[21.646s] -- Up-to-date: /home/autopilot/ws/restackcell/ws_moveit2/install/robo_planner/share/robo_planner/config/share/ur_description/meshes/ur20/collision
[21.646s] -- Up-to-date: /home/autopilot/ws/restackcell/ws_moveit2/install/robo_planner/share/robo_planner/config/share/ur_description/meshes/ur20/collision/forearm.stl
[21.647s] -- Up-to-date: /home/autopilot/ws/restackcell/ws_moveit2/install/robo_planner/share/robo_planner/config/share/ur_description/meshes/ur20/collision/base.stl
[21.647s] -- Up-to-date: /home/autopilot/ws/restackcell/ws_moveit2/install/robo_planner/share/robo_planner/config/share/ur_description/meshes/ur20/collision/wrist2.stl
[21.647s] -- Up-to-date: /home/autopilot/ws/restackcell/ws_moveit2/install/robo_planner/share/robo_planner/config/share/ur_description/meshes/ur20/collision/wrist3.stl
[21.648s] -- Up-to-date: /home/autopilot/ws/restackcell/ws_moveit2/install/robo_planner/share/robo_planner/config/share/ur_description/meshes/ur20/collision/wrist1.stl
[21.648s] -- Up-to-date: /home/autopilot/ws/restackcell/ws_moveit2/install/robo_planner/share/robo_planner/config/share/ur_description/meshes/ur20/collision/shoulder.stl
[21.649s] -- Up-to-date: /home/autopilot/ws/restackcell/ws_moveit2/install/robo_planner/share/robo_planner/config/share/ur_description/meshes/ur20/collision/upperarm.stl
[21.650s] -- Up-to-date: /home/autopilot/ws/restackcell/ws_moveit2/install/robo_planner/share/robo_planner/config/share/ur_description/meshes/ur20/LICENSE.txt
[21.651s] -- Up-to-date: /home/autopilot/ws/restackcell/ws_moveit2/install/robo_planner/share/robo_planner/config/share/ur_description/meshes/ur20/visual
[21.652s] -- Up-to-date: /home/autopilot/ws/restackcell/ws_moveit2/install/robo_planner/share/robo_planner/config/share/ur_description/meshes/ur20/visual/UR20_DIFF_8bit_2K.png
[21.653s] -- Up-to-date: /home/autopilot/ws/restackcell/ws_moveit2/install/robo_planner/share/robo_planner/config/share/ur_description/meshes/ur20/visual/upperarm.dae
[21.653s] -- Up-to-date: /home/autopilot/ws/restackcell/ws_moveit2/install/robo_planner/share/robo_planner/config/share/ur_description/meshes/ur20/visual/forearm.dae
[21.654s] -- Up-to-date: /home/autopilot/ws/restackcell/ws_moveit2/install/robo_planner/share/robo_planner/config/share/ur_description/meshes/ur20/visual/shoulder.dae
[21.655s] -- Up-to-date: /home/autopilot/ws/restackcell/ws_moveit2/install/robo_planner/share/robo_planner/config/share/ur_description/meshes/ur20/visual/wrist3.dae
[21.655s] -- Up-to-date: /home/autopilot/ws/restackcell/ws_moveit2/install/robo_planner/share/robo_planner/config/share/ur_description/meshes/ur20/visual/wrist1.dae
[21.656s] -- Up-to-date: /home/autopilot/ws/restackcell/ws_moveit2/install/robo_planner/share/robo_planner/config/share/ur_description/meshes/ur20/visual/wrist2.dae
[21.657s] -- Up-to-date: /home/autopilot/ws/restackcell/ws_moveit2/install/robo_planner/share/robo_planner/config/share/ur_description/meshes/ur20/visual/base.dae
[21.657s] -- Up-to-date: /home/autopilot/ws/restackcell/ws_moveit2/install/robo_planner/share/robo_planner/config/share/ur_description/meshes/ur5e
[21.657s] -- Up-to-date: /home/autopilot/ws/restackcell/ws_moveit2/install/robo_planner/share/robo_planner/config/share/ur_description/meshes/ur5e/collision
[21.658s] -- Up-to-date: /home/autopilot/ws/restackcell/ws_moveit2/install/robo_planner/share/robo_planner/config/share/ur_description/meshes/ur5e/collision/forearm.stl
[21.660s] -- Up-to-date: /home/autopilot/ws/restackcell/ws_moveit2/install/robo_planner/share/robo_planner/config/share/ur_description/meshes/ur5e/collision/base.stl
[21.662s] -- Up-to-date: /home/autopilot/ws/restackcell/ws_moveit2/install/robo_planner/share/robo_planner/config/share/ur_description/meshes/ur5e/collision/wrist2.stl
[21.663s] -- Up-to-date: /home/autopilot/ws/restackcell/ws_moveit2/install/robo_planner/share/robo_planner/config/share/ur_description/meshes/ur5e/collision/wrist3.stl
[21.665s] -- Up-to-date: /home/autopilot/ws/restackcell/ws_moveit2/install/robo_planner/share/robo_planner/config/share/ur_description/meshes/ur5e/collision/wrist1.stl
[21.665s] -- Up-to-date: /home/autopilot/ws/restackcell/ws_moveit2/install/robo_planner/share/robo_planner/config/share/ur_description/meshes/ur5e/collision/shoulder.stl
[21.665s] -- Up-to-date: /home/autopilot/ws/restackcell/ws_moveit2/install/robo_planner/share/robo_planner/config/share/ur_description/meshes/ur5e/collision/upperarm.stl
[21.666s] -- Up-to-date: /home/autopilot/ws/restackcell/ws_moveit2/install/robo_planner/share/robo_planner/config/share/ur_description/meshes/ur5e/visual
[21.667s] -- Up-to-date: /home/autopilot/ws/restackcell/ws_moveit2/install/robo_planner/share/robo_planner/config/share/ur_description/meshes/ur5e/visual/upperarm.dae
[21.668s] -- Up-to-date: /home/autopilot/ws/restackcell/ws_moveit2/install/robo_planner/share/robo_planner/config/share/ur_description/meshes/ur5e/visual/forearm.dae
[21.668s] -- Up-to-date: /home/autopilot/ws/restackcell/ws_moveit2/install/robo_planner/share/robo_planner/config/share/ur_description/meshes/ur5e/visual/shoulder.dae
[21.668s] -- Up-to-date: /home/autopilot/ws/restackcell/ws_moveit2/install/robo_planner/share/robo_planner/config/share/ur_description/meshes/ur5e/visual/wrist3.dae
[21.669s] -- Up-to-date: /home/autopilot/ws/restackcell/ws_moveit2/install/robo_planner/share/robo_planner/config/share/ur_description/meshes/ur5e/visual/wrist1.dae
[21.671s] -- Up-to-date: /home/autopilot/ws/restackcell/ws_moveit2/install/robo_planner/share/robo_planner/config/share/ur_description/meshes/ur5e/visual/wrist2.dae
[21.671s] -- Up-to-date: /home/autopilot/ws/restackcell/ws_moveit2/install/robo_planner/share/robo_planner/config/share/ur_description/meshes/ur5e/visual/base.dae
[21.671s] -- Up-to-date: /home/autopilot/ws/restackcell/ws_moveit2/install/robo_planner/share/robo_planner/config/share/ur_description/meshes/ur3
[21.671s] -- Up-to-date: /home/autopilot/ws/restackcell/ws_moveit2/install/robo_planner/share/robo_planner/config/share/ur_description/meshes/ur3/collision
[21.672s] -- Up-to-date: /home/autopilot/ws/restackcell/ws_moveit2/install/robo_planner/share/robo_planner/config/share/ur_description/meshes/ur3/collision/forearm.stl
[21.672s] -- Up-to-date: /home/autopilot/ws/restackcell/ws_moveit2/install/robo_planner/share/robo_planner/config/share/ur_description/meshes/ur3/collision/base.stl
[21.674s] -- Up-to-date: /home/autopilot/ws/restackcell/ws_moveit2/install/robo_planner/share/robo_planner/config/share/ur_description/meshes/ur3/collision/wrist2.stl
[21.674s] -- Up-to-date: /home/autopilot/ws/restackcell/ws_moveit2/install/robo_planner/share/robo_planner/config/share/ur_description/meshes/ur3/collision/wrist3.stl
[21.675s] -- Up-to-date: /home/autopilot/ws/restackcell/ws_moveit2/install/robo_planner/share/robo_planner/config/share/ur_description/meshes/ur3/collision/wrist1.stl
[21.677s] -- Up-to-date: /home/autopilot/ws/restackcell/ws_moveit2/install/robo_planner/share/robo_planner/config/share/ur_description/meshes/ur3/collision/shoulder.stl
[21.677s] -- Up-to-date: /home/autopilot/ws/restackcell/ws_moveit2/install/robo_planner/share/robo_planner/config/share/ur_description/meshes/ur3/collision/upperarm.stl
[21.677s] -- Up-to-date: /home/autopilot/ws/restackcell/ws_moveit2/install/robo_planner/share/robo_planner/config/share/ur_description/meshes/ur3/visual
[21.678s] -- Up-to-date: /home/autopilot/ws/restackcell/ws_moveit2/install/robo_planner/share/robo_planner/config/share/ur_description/meshes/ur3/visual/upperarm.dae
[21.678s] -- Up-to-date: /home/autopilot/ws/restackcell/ws_moveit2/install/robo_planner/share/robo_planner/config/share/ur_description/meshes/ur3/visual/forearm.dae
[21.679s] -- Up-to-date: /home/autopilot/ws/restackcell/ws_moveit2/install/robo_planner/share/robo_planner/config/share/ur_description/meshes/ur3/visual/shoulder.dae
[21.679s] -- Up-to-date: /home/autopilot/ws/restackcell/ws_moveit2/install/robo_planner/share/robo_planner/config/share/ur_description/meshes/ur3/visual/wrist3.dae
[21.679s] -- Up-to-date: /home/autopilot/ws/restackcell/ws_moveit2/install/robo_planner/share/robo_planner/config/share/ur_description/meshes/ur3/visual/wrist1.dae
[21.680s] -- Up-to-date: /home/autopilot/ws/restackcell/ws_moveit2/install/robo_planner/share/robo_planner/config/share/ur_description/meshes/ur3/visual/wrist2.dae
[21.681s] -- Up-to-date: /home/autopilot/ws/restackcell/ws_moveit2/install/robo_planner/share/robo_planner/config/share/ur_description/meshes/ur3/visual/base.dae
[21.682s] -- Up-to-date: /home/autopilot/ws/restackcell/ws_moveit2/install/robo_planner/share/robo_planner/config/share/ur_description/meshes/ur16e
[21.682s] -- Up-to-date: /home/autopilot/ws/restackcell/ws_moveit2/install/robo_planner/share/robo_planner/config/share/ur_description/meshes/ur16e/collision
[21.682s] -- Up-to-date: /home/autopilot/ws/restackcell/ws_moveit2/install/robo_planner/share/robo_planner/config/share/ur_description/meshes/ur16e/collision/forearm.stl
[21.683s] -- Up-to-date: /home/autopilot/ws/restackcell/ws_moveit2/install/robo_planner/share/robo_planner/config/share/ur_description/meshes/ur16e/collision/restackcell_gripper.STL
[21.683s] -- Up-to-date: /home/autopilot/ws/restackcell/ws_moveit2/install/robo_planner/share/robo_planner/config/share/ur_description/meshes/ur16e/collision/upperarm.stl
[21.683s] -- Up-to-date: /home/autopilot/ws/restackcell/ws_moveit2/install/robo_planner/share/robo_planner/config/share/ur_description/meshes/ur16e/visual
[21.683s] -- Up-to-date: /home/autopilot/ws/restackcell/ws_moveit2/install/robo_planner/share/robo_planner/config/share/ur_description/meshes/ur16e/visual/upperarm.dae
[21.683s] -- Up-to-date: /home/autopilot/ws/restackcell/ws_moveit2/install/robo_planner/share/robo_planner/config/share/ur_description/meshes/ur16e/visual/forearm.dae
[21.683s] -- Up-to-date: /home/autopilot/ws/restackcell/ws_moveit2/install/robo_planner/share/robo_planner/config/share/ur_description/meshes/ur16e/visual/restackcell_gripper.STL
[21.684s] -- Up-to-date: /home/autopilot/ws/restackcell/ws_moveit2/install/robo_planner/share/robo_planner/config/share/ur_description/meshes/ur3e
[21.684s] -- Up-to-date: /home/autopilot/ws/restackcell/ws_moveit2/install/robo_planner/share/robo_planner/config/share/ur_description/meshes/ur3e/collision
[21.684s] -- Up-to-date: /home/autopilot/ws/restackcell/ws_moveit2/install/robo_planner/share/robo_planner/config/share/ur_description/meshes/ur3e/collision/forearm.stl
[21.684s] -- Up-to-date: /home/autopilot/ws/restackcell/ws_moveit2/install/robo_planner/share/robo_planner/config/share/ur_description/meshes/ur3e/collision/base.stl
[21.684s] -- Up-to-date: /home/autopilot/ws/restackcell/ws_moveit2/install/robo_planner/share/robo_planner/config/share/ur_description/meshes/ur3e/collision/wrist2.stl
[21.684s] -- Up-to-date: /home/autopilot/ws/restackcell/ws_moveit2/install/robo_planner/share/robo_planner/config/share/ur_description/meshes/ur3e/collision/wrist3.stl
[21.685s] -- Up-to-date: /home/autopilot/ws/restackcell/ws_moveit2/install/robo_planner/share/robo_planner/config/share/ur_description/meshes/ur3e/collision/wrist1.stl
[21.685s] -- Up-to-date: /home/autopilot/ws/restackcell/ws_moveit2/install/robo_planner/share/robo_planner/config/share/ur_description/meshes/ur3e/collision/shoulder.stl
[21.685s] -- Up-to-date: /home/autopilot/ws/restackcell/ws_moveit2/install/robo_planner/share/robo_planner/config/share/ur_description/meshes/ur3e/collision/upperarm.stl
[21.685s] -- Up-to-date: /home/autopilot/ws/restackcell/ws_moveit2/install/robo_planner/share/robo_planner/config/share/ur_description/meshes/ur3e/visual
[21.685s] -- Up-to-date: /home/autopilot/ws/restackcell/ws_moveit2/install/robo_planner/share/robo_planner/config/share/ur_description/meshes/ur3e/visual/upperarm.dae
[21.685s] -- Up-to-date: /home/autopilot/ws/restackcell/ws_moveit2/install/robo_planner/share/robo_planner/config/share/ur_description/meshes/ur3e/visual/forearm.dae
[21.685s] -- Up-to-date: /home/autopilot/ws/restackcell/ws_moveit2/install/robo_planner/share/robo_planner/config/share/ur_description/meshes/ur3e/visual/shoulder.dae
[21.686s] -- Up-to-date: /home/autopilot/ws/restackcell/ws_moveit2/install/robo_planner/share/robo_planner/config/share/ur_description/meshes/ur3e/visual/wrist3.dae
[21.686s] -- Up-to-date: /home/autopilot/ws/restackcell/ws_moveit2/install/robo_planner/share/robo_planner/config/share/ur_description/meshes/ur3e/visual/wrist1.dae
[21.686s] -- Up-to-date: /home/autopilot/ws/restackcell/ws_moveit2/install/robo_planner/share/robo_planner/config/share/ur_description/meshes/ur3e/visual/wrist2.dae
[21.686s] -- Up-to-date: /home/autopilot/ws/restackcell/ws_moveit2/install/robo_planner/share/robo_planner/config/share/ur_description/meshes/ur3e/visual/base.dae
[21.686s] -- Up-to-date: /home/autopilot/ws/restackcell/ws_moveit2/install/robo_planner/share/robo_planner/config/share/ur_description/meshes/ur30
[21.686s] -- Up-to-date: /home/autopilot/ws/restackcell/ws_moveit2/install/robo_planner/share/robo_planner/config/share/ur_description/meshes/ur30/collision
[21.686s] -- Up-to-date: /home/autopilot/ws/restackcell/ws_moveit2/install/robo_planner/share/robo_planner/config/share/ur_description/meshes/ur30/collision/forearm.stl
[21.687s] -- Up-to-date: /home/autopilot/ws/restackcell/ws_moveit2/install/robo_planner/share/robo_planner/config/share/ur_description/meshes/ur30/collision/upperarm.stl
[21.687s] -- Up-to-date: /home/autopilot/ws/restackcell/ws_moveit2/install/robo_planner/share/robo_planner/config/share/ur_description/meshes/ur30/LICENSE.txt
[21.687s] -- Up-to-date: /home/autopilot/ws/restackcell/ws_moveit2/install/robo_planner/share/robo_planner/config/share/ur_description/meshes/ur30/visual
[21.687s] -- Up-to-date: /home/autopilot/ws/restackcell/ws_moveit2/install/robo_planner/share/robo_planner/config/share/ur_description/meshes/ur30/visual/upperarm.dae
[21.687s] -- Up-to-date: /home/autopilot/ws/restackcell/ws_moveit2/install/robo_planner/share/robo_planner/config/share/ur_description/meshes/ur30/visual/forearm.dae
[21.687s] -- Up-to-date: /home/autopilot/ws/restackcell/ws_moveit2/install/robo_planner/share/robo_planner/config/share/ur_description/meshes/ur30/visual/UR30_DIFF_8bit_2K.png
[21.688s] -- Up-to-date: /home/autopilot/ws/restackcell/ws_moveit2/install/robo_planner/share/robo_planner/config/share/ur_description/meshes/ur10e
[21.688s] -- Up-to-date: /home/autopilot/ws/restackcell/ws_moveit2/install/robo_planner/share/robo_planner/config/share/ur_description/meshes/ur10e/collision
[21.688s] -- Up-to-date: /home/autopilot/ws/restackcell/ws_moveit2/install/robo_planner/share/robo_planner/config/share/ur_description/meshes/ur10e/collision/forearm.stl
[21.688s] -- Up-to-date: /home/autopilot/ws/restackcell/ws_moveit2/install/robo_planner/share/robo_planner/config/share/ur_description/meshes/ur10e/collision/base.stl
[21.688s] -- Up-to-date: /home/autopilot/ws/restackcell/ws_moveit2/install/robo_planner/share/robo_planner/config/share/ur_description/meshes/ur10e/collision/wrist2.stl
[21.688s] -- Up-to-date: /home/autopilot/ws/restackcell/ws_moveit2/install/robo_planner/share/robo_planner/config/share/ur_description/meshes/ur10e/collision/wrist3.stl
[21.688s] -- Up-to-date: /home/autopilot/ws/restackcell/ws_moveit2/install/robo_planner/share/robo_planner/config/share/ur_description/meshes/ur10e/collision/wrist1.stl
[21.689s] -- Up-to-date: /home/autopilot/ws/restackcell/ws_moveit2/install/robo_planner/share/robo_planner/config/share/ur_description/meshes/ur10e/collision/shoulder.stl
[21.689s] -- Up-to-date: /home/autopilot/ws/restackcell/ws_moveit2/install/robo_planner/share/robo_planner/config/share/ur_description/meshes/ur10e/collision/upperarm.stl
[21.689s] -- Up-to-date: /home/autopilot/ws/restackcell/ws_moveit2/install/robo_planner/share/robo_planner/config/share/ur_description/meshes/ur10e/visual
[21.689s] -- Up-to-date: /home/autopilot/ws/restackcell/ws_moveit2/install/robo_planner/share/robo_planner/config/share/ur_description/meshes/ur10e/visual/upperarm.dae
[21.689s] -- Up-to-date: /home/autopilot/ws/restackcell/ws_moveit2/install/robo_planner/share/robo_planner/config/share/ur_description/meshes/ur10e/visual/forearm.dae
[21.689s] -- Up-to-date: /home/autopilot/ws/restackcell/ws_moveit2/install/robo_planner/share/robo_planner/config/share/ur_description/meshes/ur10e/visual/shoulder.dae
[21.689s] -- Up-to-date: /home/autopilot/ws/restackcell/ws_moveit2/install/robo_planner/share/robo_planner/config/share/ur_description/meshes/ur10e/visual/wrist3.dae
[21.690s] -- Up-to-date: /home/autopilot/ws/restackcell/ws_moveit2/install/robo_planner/share/robo_planner/config/share/ur_description/meshes/ur10e/visual/wrist1.dae
[21.690s] -- Up-to-date: /home/autopilot/ws/restackcell/ws_moveit2/install/robo_planner/share/robo_planner/config/share/ur_description/meshes/ur10e/visual/wrist2.dae
[21.690s] -- Up-to-date: /home/autopilot/ws/restackcell/ws_moveit2/install/robo_planner/share/robo_planner/config/share/ur_description/meshes/ur10e/visual/base.dae
[21.690s] -- Up-to-date: /home/autopilot/ws/restackcell/ws_moveit2/install/robo_planner/share/robo_planner/config/share/ur_description/meshes/ur10
[21.690s] -- Up-to-date: /home/autopilot/ws/restackcell/ws_moveit2/install/robo_planner/share/robo_planner/config/share/ur_description/meshes/ur10/collision
[21.690s] -- Up-to-date: /home/autopilot/ws/restackcell/ws_moveit2/install/robo_planner/share/robo_planner/config/share/ur_description/meshes/ur10/collision/forearm.stl
[21.690s] -- Up-to-date: /home/autopilot/ws/restackcell/ws_moveit2/install/robo_planner/share/robo_planner/config/share/ur_description/meshes/ur10/collision/base.stl
[21.691s] -- Up-to-date: /home/autopilot/ws/restackcell/ws_moveit2/install/robo_planner/share/robo_planner/config/share/ur_description/meshes/ur10/collision/wrist2.stl
[21.691s] -- Up-to-date: /home/autopilot/ws/restackcell/ws_moveit2/install/robo_planner/share/robo_planner/config/share/ur_description/meshes/ur10/collision/wrist3.stl
[21.691s] -- Up-to-date: /home/autopilot/ws/restackcell/ws_moveit2/install/robo_planner/share/robo_planner/config/share/ur_description/meshes/ur10/collision/wrist1.stl
[21.691s] -- Up-to-date: /home/autopilot/ws/restackcell/ws_moveit2/install/robo_planner/share/robo_planner/config/share/ur_description/meshes/ur10/collision/shoulder.stl
[21.691s] -- Up-to-date: /home/autopilot/ws/restackcell/ws_moveit2/install/robo_planner/share/robo_planner/config/share/ur_description/meshes/ur10/collision/upperarm.stl
[21.691s] -- Up-to-date: /home/autopilot/ws/restackcell/ws_moveit2/install/robo_planner/share/robo_planner/config/share/ur_description/meshes/ur10/visual
[21.691s] -- Up-to-date: /home/autopilot/ws/restackcell/ws_moveit2/install/robo_planner/share/robo_planner/config/share/ur_description/meshes/ur10/visual/upperarm.dae
[21.691s] -- Up-to-date: /home/autopilot/ws/restackcell/ws_moveit2/install/robo_planner/share/robo_planner/config/share/ur_description/meshes/ur10/visual/forearm.dae
[21.692s] -- Up-to-date: /home/autopilot/ws/restackcell/ws_moveit2/install/robo_planner/share/robo_planner/config/share/ur_description/meshes/ur10/visual/shoulder.dae
[21.692s] -- Up-to-date: /home/autopilot/ws/restackcell/ws_moveit2/install/robo_planner/share/robo_planner/config/share/ur_description/meshes/ur10/visual/wrist3.dae
[21.692s] -- Up-to-date: /home/autopilot/ws/restackcell/ws_moveit2/install/robo_planner/share/robo_planner/config/share/ur_description/meshes/ur10/visual/wrist1.dae
[21.692s] -- Up-to-date: /home/autopilot/ws/restackcell/ws_moveit2/install/robo_planner/share/robo_planner/config/share/ur_description/meshes/ur10/visual/wrist2.dae
[21.692s] -- Up-to-date: /home/autopilot/ws/restackcell/ws_moveit2/install/robo_planner/share/robo_planner/config/share/ur_description/meshes/ur10/visual/base.dae
[21.692s] -- Up-to-date: /home/autopilot/ws/restackcell/ws_moveit2/install/robo_planner/share/robo_planner/config/share/ur_description/meshes/ur5
[21.692s] -- Up-to-date: /home/autopilot/ws/restackcell/ws_moveit2/install/robo_planner/share/robo_planner/config/share/ur_description/meshes/ur5/collision
[21.693s] -- Up-to-date: /home/autopilot/ws/restackcell/ws_moveit2/install/robo_planner/share/robo_planner/config/share/ur_description/meshes/ur5/collision/forearm.stl
[21.693s] -- Up-to-date: /home/autopilot/ws/restackcell/ws_moveit2/install/robo_planner/share/robo_planner/config/share/ur_description/meshes/ur5/collision/base.stl
[21.693s] -- Up-to-date: /home/autopilot/ws/restackcell/ws_moveit2/install/robo_planner/share/robo_planner/config/share/ur_description/meshes/ur5/collision/wrist2.stl
[21.693s] -- Up-to-date: /home/autopilot/ws/restackcell/ws_moveit2/install/robo_planner/share/robo_planner/config/share/ur_description/meshes/ur5/collision/wrist3.stl
[21.693s] -- Up-to-date: /home/autopilot/ws/restackcell/ws_moveit2/install/robo_planner/share/robo_planner/config/share/ur_description/meshes/ur5/collision/wrist1.stl
[21.693s] -- Up-to-date: /home/autopilot/ws/restackcell/ws_moveit2/install/robo_planner/share/robo_planner/config/share/ur_description/meshes/ur5/collision/shoulder.stl
[21.693s] -- Up-to-date: /home/autopilot/ws/restackcell/ws_moveit2/install/robo_planner/share/robo_planner/config/share/ur_description/meshes/ur5/collision/upperarm.stl
[21.693s] -- Up-to-date: /home/autopilot/ws/restackcell/ws_moveit2/install/robo_planner/share/robo_planner/config/share/ur_description/meshes/ur5/visual
[21.693s] -- Up-to-date: /home/autopilot/ws/restackcell/ws_moveit2/install/robo_planner/share/robo_planner/config/share/ur_description/meshes/ur5/visual/upperarm.dae
[21.693s] -- Up-to-date: /home/autopilot/ws/restackcell/ws_moveit2/install/robo_planner/share/robo_planner/config/share/ur_description/meshes/ur5/visual/forearm.dae
[21.694s] -- Up-to-date: /home/autopilot/ws/restackcell/ws_moveit2/install/robo_planner/share/robo_planner/config/share/ur_description/meshes/ur5/visual/shoulder.dae
[21.694s] -- Up-to-date: /home/autopilot/ws/restackcell/ws_moveit2/install/robo_planner/share/robo_planner/config/share/ur_description/meshes/ur5/visual/wrist3.dae
[21.694s] -- Up-to-date: /home/autopilot/ws/restackcell/ws_moveit2/install/robo_planner/share/robo_planner/config/share/ur_description/meshes/ur5/visual/wrist1.dae
[21.694s] -- Up-to-date: /home/autopilot/ws/restackcell/ws_moveit2/install/robo_planner/share/robo_planner/config/share/ur_description/meshes/ur5/visual/wrist2.dae
[21.694s] -- Up-to-date: /home/autopilot/ws/restackcell/ws_moveit2/install/robo_planner/share/robo_planner/config/share/ur_description/meshes/ur5/visual/base.dae
[21.694s] -- Up-to-date: /home/autopilot/ws/restackcell/ws_moveit2/install/robo_planner/share/robo_planner/config/share/ur_description/local_setup.bash
[21.694s] -- Up-to-date: /home/autopilot/ws/restackcell/ws_moveit2/install/robo_planner/share/robo_planner/config/share/ur_description/test
[21.694s] -- Up-to-date: /home/autopilot/ws/restackcell/ws_moveit2/install/robo_planner/share/robo_planner/config/share/ur_description/test/__pycache__
[21.694s] -- Up-to-date: /home/autopilot/ws/restackcell/ws_moveit2/install/robo_planner/share/robo_planner/config/share/ur_description/test/__pycache__/test_ur_urdf_xacro.cpython-310-pytest-6.2.5.pyc
[21.694s] -- Up-to-date: /home/autopilot/ws/restackcell/ws_moveit2/install/robo_planner/share/robo_planner/config/share/ur_description/test/__pycache__/test_view_ur_launch.cpython-310-pytest-6.2.5.pyc
[21.695s] -- Up-to-date: /home/autopilot/ws/restackcell/ws_moveit2/install/robo_planner/share/robo_planner/config/share/ur_description/test/test_ur_urdf_xacro.py
[21.695s] -- Up-to-date: /home/autopilot/ws/restackcell/ws_moveit2/install/robo_planner/share/robo_planner/config/share/ur_description/test/test_view_ur_launch.py
[21.695s] -- Up-to-date: /home/autopilot/ws/restackcell/ws_moveit2/install/robo_planner/share/robo_planner/config/share/ur_description/environment
[21.695s] -- Up-to-date: /home/autopilot/ws/restackcell/ws_moveit2/install/robo_planner/share/robo_planner/config/share/ur_description/environment/ament_prefix_path.sh
[21.695s] -- Up-to-date: /home/autopilot/ws/restackcell/ws_moveit2/install/robo_planner/share/robo_planner/config/share/ur_description/environment/path.dsv
[21.695s] -- Up-to-date: /home/autopilot/ws/restackcell/ws_moveit2/install/robo_planner/share/robo_planner/config/share/ur_description/environment/ament_prefix_path.dsv
[21.695s] -- Up-to-date: /home/autopilot/ws/restackcell/ws_moveit2/install/robo_planner/share/robo_planner/config/share/ur_description/environment/path.sh
[21.695s] -- Up-to-date: /home/autopilot/ws/restackcell/ws_moveit2/install/robo_planner/share/robo_planner/config/share/ur_description/package.xml
[21.695s] -- Up-to-date: /home/autopilot/ws/restackcell/ws_moveit2/install/robo_planner/share/robo_planner/config/share/ur_moveit_config
[21.695s] -- Up-to-date: /home/autopilot/ws/restackcell/ws_moveit2/install/robo_planner/share/robo_planner/config/share/ur_moveit_config/package.dsv
[21.696s] -- Up-to-date: /home/autopilot/ws/restackcell/ws_moveit2/install/robo_planner/share/robo_planner/config/share/ur_moveit_config/local_setup.zsh
[21.696s] -- Up-to-date: /home/autopilot/ws/restackcell/ws_moveit2/install/robo_planner/share/robo_planner/config/share/ur_moveit_config/rviz
[21.696s] -- Up-to-date: /home/autopilot/ws/restackcell/ws_moveit2/install/robo_planner/share/robo_planner/config/share/ur_moveit_config/rviz/view_robot.rviz
[21.696s] -- Up-to-date: /home/autopilot/ws/restackcell/ws_moveit2/install/robo_planner/share/robo_planner/config/share/ur_moveit_config/local_setup.sh
[21.696s] -- Up-to-date: /home/autopilot/ws/restackcell/ws_moveit2/install/robo_planner/share/robo_planner/config/share/ur_moveit_config/cmake
[21.696s] -- Up-to-date: /home/autopilot/ws/restackcell/ws_moveit2/install/robo_planner/share/robo_planner/config/share/ur_moveit_config/cmake/ur_moveit_configConfig-version.cmake
[21.696s] -- Up-to-date: /home/autopilot/ws/restackcell/ws_moveit2/install/robo_planner/share/robo_planner/config/share/ur_moveit_config/cmake/ur_moveit_configConfig.cmake
[21.696s] -- Up-to-date: /home/autopilot/ws/restackcell/ws_moveit2/install/robo_planner/share/robo_planner/config/share/ur_moveit_config/local_setup.dsv
[21.696s] -- Up-to-date: /home/autopilot/ws/restackcell/ws_moveit2/install/robo_planner/share/robo_planner/config/share/ur_moveit_config/config
[21.696s] -- Up-to-date: /home/autopilot/ws/restackcell/ws_moveit2/install/robo_planner/share/robo_planner/config/share/ur_moveit_config/config/ur_servo.yaml
[21.697s] -- Up-to-date: /home/autopilot/ws/restackcell/ws_moveit2/install/robo_planner/share/robo_planner/config/share/ur_moveit_config/config/ompl_planning.yaml
[21.697s] -- Up-to-date: /home/autopilot/ws/restackcell/ws_moveit2/install/robo_planner/share/robo_planner/config/share/ur_moveit_config/config/controllers.yaml
[21.697s] -- Up-to-date: /home/autopilot/ws/restackcell/ws_moveit2/install/robo_planner/share/robo_planner/config/share/ur_moveit_config/config/pilz_cartesian_limits.yaml
[21.697s] -- Up-to-date: /home/autopilot/ws/restackcell/ws_moveit2/install/robo_planner/share/robo_planner/config/share/ur_moveit_config/config/pilz_industrial_motion_planner_planning.yaml
[21.697s] -- Up-to-date: /home/autopilot/ws/restackcell/ws_moveit2/install/robo_planner/share/robo_planner/config/share/ur_moveit_config/config/kinematics.yaml
[21.697s] -- Up-to-date: /home/autopilot/ws/restackcell/ws_moveit2/install/robo_planner/share/robo_planner/config/share/ur_moveit_config/launch
[21.697s] -- Up-to-date: /home/autopilot/ws/restackcell/ws_moveit2/install/robo_planner/share/robo_planner/config/share/ur_moveit_config/launch/ur_moveit.launch.py
[21.697s] -- Up-to-date: /home/autopilot/ws/restackcell/ws_moveit2/install/robo_planner/share/robo_planner/config/share/ur_moveit_config/local_setup.bash
[21.697s] -- Up-to-date: /home/autopilot/ws/restackcell/ws_moveit2/install/robo_planner/share/robo_planner/config/share/ur_moveit_config/environment
[21.697s] -- Up-to-date: /home/autopilot/ws/restackcell/ws_moveit2/install/robo_planner/share/robo_planner/config/share/ur_moveit_config/environment/pythonpath.sh
[21.698s] -- Up-to-date: /home/autopilot/ws/restackcell/ws_moveit2/install/robo_planner/share/robo_planner/config/share/ur_moveit_config/environment/ament_prefix_path.sh
[21.698s] -- Up-to-date: /home/autopilot/ws/restackcell/ws_moveit2/install/robo_planner/share/robo_planner/config/share/ur_moveit_config/environment/path.dsv
[21.698s] -- Up-to-date: /home/autopilot/ws/restackcell/ws_moveit2/install/robo_planner/share/robo_planner/config/share/ur_moveit_config/environment/ament_prefix_path.dsv
[21.698s] -- Up-to-date: /home/autopilot/ws/restackcell/ws_moveit2/install/robo_planner/share/robo_planner/config/share/ur_moveit_config/environment/pythonpath.dsv
[21.698s] -- Up-to-date: /home/autopilot/ws/restackcell/ws_moveit2/install/robo_planner/share/robo_planner/config/share/ur_moveit_config/environment/path.sh
[21.698s] -- Up-to-date: /home/autopilot/ws/restackcell/ws_moveit2/install/robo_planner/share/robo_planner/config/share/ur_moveit_config/package.xml
[21.698s] -- Up-to-date: /home/autopilot/ws/restackcell/ws_moveit2/install/robo_planner/share/robo_planner/config/share/ur_moveit_config/srdf
[21.698s] -- Up-to-date: /home/autopilot/ws/restackcell/ws_moveit2/install/robo_planner/share/robo_planner/config/share/ur_moveit_config/srdf/ur_macro.srdf.xacro
[21.698s] -- Up-to-date: /home/autopilot/ws/restackcell/ws_moveit2/install/robo_planner/share/robo_planner/config/share/ur_moveit_config/srdf/ur.srdf.xacro
[21.698s] -- Up-to-date: /home/autopilot/ws/restackcell/ws_moveit2/install/robo_planner/share/robo_planner/config/cell_config.yaml
[21.698s] -- Up-to-date: /home/autopilot/ws/restackcell/ws_moveit2/install/robo_planner/share/robo_planner/config/visual_parameters.yaml
[21.699s] -- Up-to-date: /home/autopilot/ws/restackcell/ws_moveit2/install/robo_planner/share/robo_planner/config/default_kinematics.yaml
[21.699s] -- Up-to-date: /home/autopilot/ws/restackcell/ws_moveit2/install/robo_planner/share/robo_planner/config/joint_limits.yaml
[21.699s] -- Up-to-date: /home/autopilot/ws/restackcell/ws_moveit2/install/robo_planner/share/robo_planner/config/pilz_cartesian_limits.yaml
[21.699s] -- Up-to-date: /home/autopilot/ws/restackcell/ws_moveit2/install/robo_planner/share/robo_planner/config/pilz_industrial_motion_planner_planning.yaml
[21.699s] -- Up-to-date: /home/autopilot/ws/restackcell/ws_moveit2/install/robo_planner/share/robo_planner/config/physical_parameters.yaml
[21.699s] -- Up-to-date: /home/autopilot/ws/restackcell/ws_moveit2/install/robo_planner/share/ament_index/resource_index/package_run_dependencies/robo_planner
[21.699s] -- Up-to-date: /home/autopilot/ws/restackcell/ws_moveit2/install/robo_planner/share/ament_index/resource_index/parent_prefix_path/robo_planner
[21.699s] -- Up-to-date: /home/autopilot/ws/restackcell/ws_moveit2/install/robo_planner/share/robo_planner/environment/ament_prefix_path.sh
[21.699s] -- Up-to-date: /home/autopilot/ws/restackcell/ws_moveit2/install/robo_planner/share/robo_planner/environment/ament_prefix_path.dsv
[21.699s] -- Up-to-date: /home/autopilot/ws/restackcell/ws_moveit2/install/robo_planner/share/robo_planner/environment/path.sh
[21.700s] -- Up-to-date: /home/autopilot/ws/restackcell/ws_moveit2/install/robo_planner/share/robo_planner/environment/path.dsv
[21.700s] -- Up-to-date: /home/autopilot/ws/restackcell/ws_moveit2/install/robo_planner/share/robo_planner/local_setup.bash
[21.700s] -- Up-to-date: /home/autopilot/ws/restackcell/ws_moveit2/install/robo_planner/share/robo_planner/local_setup.sh
[21.700s] -- Up-to-date: /home/autopilot/ws/restackcell/ws_moveit2/install/robo_planner/share/robo_planner/local_setup.zsh
[21.700s] -- Up-to-date: /home/autopilot/ws/restackcell/ws_moveit2/install/robo_planner/share/robo_planner/local_setup.dsv
[21.700s] -- Installing: /home/autopilot/ws/restackcell/ws_moveit2/install/robo_planner/share/robo_planner/package.dsv
[21.700s] -- Up-to-date: /home/autopilot/ws/restackcell/ws_moveit2/install/robo_planner/share/ament_index/resource_index/packages/robo_planner
[21.700s] -- Up-to-date: /home/autopilot/ws/restackcell/ws_moveit2/install/robo_planner/share/robo_planner/cmake/robo_plannerConfig.cmake
[21.701s] -- Up-to-date: /home/autopilot/ws/restackcell/ws_moveit2/install/robo_planner/share/robo_planner/cmake/robo_plannerConfig-version.cmake
[21.701s] -- Up-to-date: /home/autopilot/ws/restackcell/ws_moveit2/install/robo_planner/share/robo_planner/package.xml
[21.701s] Invoked command in '/home/autopilot/ws/restackcell/ws_moveit2/build/robo_planner' returned '0': AMENT_PREFIX_PATH=/home/autopilot/ws/restackcell/ws_moveit2/install/opcua_interfaces:${AMENT_PREFIX_PATH} CMAKE_PREFIX_PATH=/opt/ros/humble:/home/autopilot/ws/restackcell/ws_moveit2/install/wzlscheduler_interfaces:/home/autopilot/ws/restackcell/ws_moveit2/install/opcua_interfaces LD_LIBRARY_PATH=/home/autopilot/ws/restackcell/ws_moveit2/install/wzlscheduler_interfaces/lib:/home/autopilot/ws/restackcell/ws_moveit2/install/opcua_interfaces/lib:${LD_LIBRARY_PATH} PKG_CONFIG_PATH=/home/autopilot/ws/restackcell/ws_moveit2/install/wzlscheduler_interfaces/lib/aarch64-linux-gnu/pkgconfig:/home/autopilot/ws/restackcell/ws_moveit2/install/wzlscheduler_interfaces/lib/pkgconfig PYTHONPATH=/home/autopilot/ws/restackcell/ws_moveit2/install/wzlscheduler_interfaces/local/lib/python3.10/dist-packages:/home/autopilot/ws/restackcell/ws_moveit2/install/opcua_interfaces/local/lib/python3.10/dist-packages:${PYTHONPATH} ROS_PACKAGE_PATH=/home/autopilot/ws/restackcell/ws_moveit2/install/wzlscheduler_interfaces/share /usr/bin/cmake --install /home/autopilot/ws/restackcell/ws_moveit2/build/robo_planner
