[2.746s] Invoking command in '/home/autopilot/ws/restackcell/ws_moveit2/src/opcua_client': CMAKE_PREFIX_PATH=/home/autopilot/ws/restackcell/ws_moveit2/install/opcua_interfaces:/home/autopilot/ws/restackcell/ws_moveit2/install/robo_planner:/home/autopilot/ws/restackcell/ws_moveit2/install/pcl_segmentation:/home/autopilot/ws/restackcell/ws_moveit2/install/moveit_backend:/home/autopilot/ws/restackcell/ws_moveit2/install/mockup_robot:/home/autopilot/ws/restackcell/ws_moveit2/install/wzlscheduler_interfaces:/home/autopilot/ws/restackcell/ws_moveit2/install/ur_pilz:/home/autopilot/ws/restackcell/ws_moveit2/install/robo_planner_msgs LD_LIBRARY_PATH=/home/autopilot/ws/restackcell/ws_moveit2/install/opcua_interfaces/lib:/home/autopilot/ws/restackcell/ws_moveit2/install/wzlscheduler_interfaces/lib:/home/autopilot/ws/restackcell/ws_moveit2/install/robo_planner_msgs/lib:/opt/ros/humble/opt/rviz_ogre_vendor/lib:/opt/ros/humble/lib/aarch64-linux-gnu:/opt/ros/humble/lib PYTHONPATH=/home/autopilot/ws/restackcell/ws_moveit2/build/opcua_client/prefix_override:/usr/lib/python3/dist-packages/colcon_core/task/python/colcon_distutils_commands:/home/autopilot/ws/restackcell/ws_moveit2/install/opcua_client/lib/python3.10/site-packages:${PYTHONPATH} /usr/bin/python3 -W ignore:setup.py install is deprecated setup.py egg_info --egg-base ../../build/opcua_client build --build-base /home/autopilot/ws/restackcell/ws_moveit2/build/opcua_client/build install --record /home/autopilot/ws/restackcell/ws_moveit2/build/opcua_client/install.log --single-version-externally-managed install_data
[3.787s] running egg_info
[3.789s] writing ../../build/opcua_client/opcua_client.egg-info/PKG-INFO
[3.790s] writing dependency_links to ../../build/opcua_client/opcua_client.egg-info/dependency_links.txt
[3.791s] writing entry points to ../../build/opcua_client/opcua_client.egg-info/entry_points.txt
[3.791s] writing requirements to ../../build/opcua_client/opcua_client.egg-info/requires.txt
[3.791s] writing top-level names to ../../build/opcua_client/opcua_client.egg-info/top_level.txt
[3.803s] reading manifest file '../../build/opcua_client/opcua_client.egg-info/SOURCES.txt'
[3.805s] writing manifest file '../../build/opcua_client/opcua_client.egg-info/SOURCES.txt'
[3.807s] running build
[3.807s] running build_py
[3.807s] running install
[3.808s] running install_lib
[3.811s] running install_data
[3.811s] running install_egg_info
[3.845s] removing '/home/autopilot/ws/restackcell/ws_moveit2/install/opcua_client/lib/python3.10/site-packages/opcua_client-0.0.0-py3.10.egg-info' (and everything under it)
[3.859s] Copying ../../build/opcua_client/opcua_client.egg-info to /home/autopilot/ws/restackcell/ws_moveit2/install/opcua_client/lib/python3.10/site-packages/opcua_client-0.0.0-py3.10.egg-info
[3.859s] running install_scripts
[3.950s] Installing client_node script to /home/autopilot/ws/restackcell/ws_moveit2/install/opcua_client/lib/opcua_client
[3.953s] Installing publisher_to_client script to /home/autopilot/ws/restackcell/ws_moveit2/install/opcua_client/lib/opcua_client
[3.953s] writing list of installed files to '/home/autopilot/ws/restackcell/ws_moveit2/build/opcua_client/install.log'
[4.109s] Invoked command in '/home/autopilot/ws/restackcell/ws_moveit2/src/opcua_client' returned '0': CMAKE_PREFIX_PATH=/home/autopilot/ws/restackcell/ws_moveit2/install/opcua_interfaces:/home/autopilot/ws/restackcell/ws_moveit2/install/robo_planner:/home/autopilot/ws/restackcell/ws_moveit2/install/pcl_segmentation:/home/autopilot/ws/restackcell/ws_moveit2/install/moveit_backend:/home/autopilot/ws/restackcell/ws_moveit2/install/mockup_robot:/home/autopilot/ws/restackcell/ws_moveit2/install/wzlscheduler_interfaces:/home/autopilot/ws/restackcell/ws_moveit2/install/ur_pilz:/home/autopilot/ws/restackcell/ws_moveit2/install/robo_planner_msgs LD_LIBRARY_PATH=/home/autopilot/ws/restackcell/ws_moveit2/install/opcua_interfaces/lib:/home/autopilot/ws/restackcell/ws_moveit2/install/wzlscheduler_interfaces/lib:/home/autopilot/ws/restackcell/ws_moveit2/install/robo_planner_msgs/lib:/opt/ros/humble/opt/rviz_ogre_vendor/lib:/opt/ros/humble/lib/aarch64-linux-gnu:/opt/ros/humble/lib PYTHONPATH=/home/autopilot/ws/restackcell/ws_moveit2/build/opcua_client/prefix_override:/usr/lib/python3/dist-packages/colcon_core/task/python/colcon_distutils_commands:/home/autopilot/ws/restackcell/ws_moveit2/install/opcua_client/lib/python3.10/site-packages:${PYTHONPATH} /usr/bin/python3 -W ignore:setup.py install is deprecated setup.py egg_info --egg-base ../../build/opcua_client build --build-base /home/autopilot/ws/restackcell/ws_moveit2/build/opcua_client/build install --record /home/autopilot/ws/restackcell/ws_moveit2/build/opcua_client/install.log --single-version-externally-managed install_data
