[0.578s] Invoking command in '/home/alex/restackcell/ws_moveit2/src/robo_planner_py': PYTHONPATH=/home/alex/restackcell/ws_moveit2/build/robo_planner_py/prefix_override:/home/alex/restackcell/ws_moveit2/install/robo_planner_py/lib/python3.10/site-packages:${PYTHONPATH} /usr/bin/python3 -W ignore:setup.py install is deprecated setup.py egg_info --egg-base ../../build/robo_planner_py build --build-base /home/alex/restackcell/ws_moveit2/build/robo_planner_py/build install --record /home/alex/restackcell/ws_moveit2/build/robo_planner_py/install.log --single-version-externally-managed install_data
[0.780s] running egg_info
[0.781s] writing ../../build/robo_planner_py/robo_planner_py.egg-info/PKG-INFO
[0.781s] writing dependency_links to ../../build/robo_planner_py/robo_planner_py.egg-info/dependency_links.txt
[0.781s] writing entry points to ../../build/robo_planner_py/robo_planner_py.egg-info/entry_points.txt
[0.781s] writing requirements to ../../build/robo_planner_py/robo_planner_py.egg-info/requires.txt
[0.781s] writing top-level names to ../../build/robo_planner_py/robo_planner_py.egg-info/top_level.txt
[0.782s] reading manifest file '../../build/robo_planner_py/robo_planner_py.egg-info/SOURCES.txt'
[0.783s] adding license file 'LICENSE'
[0.783s] writing manifest file '../../build/robo_planner_py/robo_planner_py.egg-info/SOURCES.txt'
[0.783s] running build
[0.783s] running build_py
[0.783s] copying robo_planner_py/Task.py -> /home/alex/restackcell/ws_moveit2/build/robo_planner_py/build/lib/robo_planner_py
[0.784s] running install
[0.784s] running install_lib
[0.785s] copying /home/alex/restackcell/ws_moveit2/build/robo_planner_py/build/lib/robo_planner_py/Task.py -> /home/alex/restackcell/ws_moveit2/install/robo_planner_py/lib/python3.10/site-packages/robo_planner_py
[0.786s] byte-compiling /home/alex/restackcell/ws_moveit2/install/robo_planner_py/lib/python3.10/site-packages/robo_planner_py/Task.py to Task.cpython-310.pyc
[0.787s] running install_data
[0.787s] running install_egg_info
[0.788s] removing '/home/alex/restackcell/ws_moveit2/install/robo_planner_py/lib/python3.10/site-packages/robo_planner_py-0.0.0-py3.10.egg-info' (and everything under it)
[0.788s] Copying ../../build/robo_planner_py/robo_planner_py.egg-info to /home/alex/restackcell/ws_moveit2/install/robo_planner_py/lib/python3.10/site-packages/robo_planner_py-0.0.0-py3.10.egg-info
[0.789s] running install_scripts
[0.806s] Installing talker script to /home/alex/restackcell/ws_moveit2/install/robo_planner_py/lib/robo_planner_py
[0.806s] writing list of installed files to '/home/alex/restackcell/ws_moveit2/build/robo_planner_py/install.log'
[0.831s] Invoked command in '/home/alex/restackcell/ws_moveit2/src/robo_planner_py' returned '0': PYTHONPATH=/home/alex/restackcell/ws_moveit2/build/robo_planner_py/prefix_override:/home/alex/restackcell/ws_moveit2/install/robo_planner_py/lib/python3.10/site-packages:${PYTHONPATH} /usr/bin/python3 -W ignore:setup.py install is deprecated setup.py egg_info --egg-base ../../build/robo_planner_py build --build-base /home/alex/restackcell/ws_moveit2/build/robo_planner_py/build install --record /home/alex/restackcell/ws_moveit2/build/robo_planner_py/install.log --single-version-externally-managed install_data
