[0.128s] Invoking command in '/home/aw/restackcell/ws_moveit2/build/hello_ur': /usr/bin/cmake /home/aw/restackcell/ws_moveit2/src/hello_ur -DCMAKE_INSTALL_PREFIX=/home/aw/restackcell/ws_moveit2/install/hello_ur
[0.556s] -- The C compiler identification is GNU 11.4.0
[1.060s] -- The CXX compiler identification is GNU 11.4.0
[1.292s] -- Detecting C compiler ABI info
[1.390s] -- Detecting C compiler ABI info - done
[1.394s] -- Check for working C compiler: /usr/bin/cc - skipped
[1.398s] -- Detecting C compile features
[1.399s] -- Detecting C compile features - done
[1.404s] -- Detecting CXX compiler ABI info
[1.504s] -- Detecting CXX compiler ABI info - done
[1.509s] -- Check for working CXX compiler: /usr/bin/c++ - skipped
[1.509s] -- Detecting CXX compile features
[1.510s] -- Detecting CXX compile features - done
[1.800s] -- Configuring incomplete, errors occurred!
[1.800s] See also "/home/aw/restackcell/ws_moveit2/build/hello_ur/CMakeFiles/CMakeOutput.log".
[1.800s] [31mCMake Error at CMakeLists.txt:9 (find_package):
[1.800s]   By not providing "Findament_cmake.cmake" in CMAKE_MODULE_PATH this project
[1.800s]   has asked CMake to find a package configuration file provided by
[1.801s]   "ament_cmake", but CMake did not find one.
[1.801s] 
[1.801s]   Could not find a package configuration file provided by "ament_cmake" with
[1.801s]   any of the following names:
[1.801s] 
[1.801s]     ament_cmakeConfig.cmake
[1.801s]     ament_cmake-config.cmake
[1.801s] 
[1.802s]   Add the installation prefix of "ament_cmake" to CMAKE_PREFIX_PATH or set
[1.802s]   "ament_cmake_DIR" to a directory containing one of the above files.  If
[1.802s]   "ament_cmake" provides a separate development package or SDK, be sure it
[1.802s]   has been installed.
[1.802s] 
[1.802s] [0m
[1.805s] Invoked command in '/home/aw/restackcell/ws_moveit2/build/hello_ur' returned '1': /usr/bin/cmake /home/aw/restackcell/ws_moveit2/src/hello_ur -DCMAKE_INSTALL_PREFIX=/home/aw/restackcell/ws_moveit2/install/hello_ur
