[0.022s] Invoking command in '/home/aw/restackcell/ws_moveit2/build/hello_ur': CMAKE_PREFIX_PATH=${CMAKE_PREFIX_PATH}:/home/aw/restackcell/ws_moveit2/install/interface_opcua:/home/aw/restackcell/ws_moveit2/install/moveit_configs_utils:/home/aw/restackcell/ws_moveit2/install/launch_param_builder:/opt/ros/humble /usr/bin/cmake --build /home/aw/restackcell/ws_moveit2/build/hello_ur -- -j16 -l16
[0.198s] [100%] Built target hello_ur
[0.199s] Invoked command in '/home/aw/restackcell/ws_moveit2/build/hello_ur' returned '0': CMAKE_PREFIX_PATH=${CMAKE_PREFIX_PATH}:/home/aw/restackcell/ws_moveit2/install/interface_opcua:/home/aw/restackcell/ws_moveit2/install/moveit_configs_utils:/home/aw/restackcell/ws_moveit2/install/launch_param_builder:/opt/ros/humble /usr/bin/cmake --build /home/aw/restackcell/ws_moveit2/build/hello_ur -- -j16 -l16
[0.232s] Invoking command in '/home/aw/restackcell/ws_moveit2/build/hello_ur': CMAKE_PREFIX_PATH=${CMAKE_PREFIX_PATH}:/home/aw/restackcell/ws_moveit2/install/interface_opcua:/home/aw/restackcell/ws_moveit2/install/moveit_configs_utils:/home/aw/restackcell/ws_moveit2/install/launch_param_builder:/opt/ros/humble /usr/bin/cmake --install /home/aw/restackcell/ws_moveit2/build/hello_ur
[0.237s] -- Install configuration: "RelWithDebInfo"
[0.237s] -- Execute custom install script
[0.237s] -- Up-to-date symlink: /home/aw/restackcell/ws_moveit2/install/hello_ur/lib/hello_ur/hello_ur
[0.237s] -- Up-to-date symlink: /home/aw/restackcell/ws_moveit2/install/hello_ur/share/ament_index/resource_index/package_run_dependencies/hello_ur
[0.238s] -- Up-to-date symlink: /home/aw/restackcell/ws_moveit2/install/hello_ur/share/ament_index/resource_index/parent_prefix_path/hello_ur
[0.238s] -- Up-to-date symlink: /home/aw/restackcell/ws_moveit2/install/hello_ur/share/hello_ur/environment/ament_prefix_path.sh
[0.238s] -- Up-to-date symlink: /home/aw/restackcell/ws_moveit2/install/hello_ur/share/hello_ur/environment/ament_prefix_path.dsv
[0.238s] -- Up-to-date symlink: /home/aw/restackcell/ws_moveit2/install/hello_ur/share/hello_ur/environment/path.sh
[0.238s] -- Up-to-date symlink: /home/aw/restackcell/ws_moveit2/install/hello_ur/share/hello_ur/environment/path.dsv
[0.238s] -- Up-to-date symlink: /home/aw/restackcell/ws_moveit2/install/hello_ur/share/hello_ur/local_setup.bash
[0.238s] -- Up-to-date symlink: /home/aw/restackcell/ws_moveit2/install/hello_ur/share/hello_ur/local_setup.sh
[0.238s] -- Up-to-date symlink: /home/aw/restackcell/ws_moveit2/install/hello_ur/share/hello_ur/local_setup.zsh
[0.239s] -- Up-to-date symlink: /home/aw/restackcell/ws_moveit2/install/hello_ur/share/hello_ur/local_setup.dsv
[0.239s] -- Symlinking: /home/aw/restackcell/ws_moveit2/install/hello_ur/share/hello_ur/package.dsv
[0.245s] -- Up-to-date symlink: /home/aw/restackcell/ws_moveit2/install/hello_ur/share/ament_index/resource_index/packages/hello_ur
[0.245s] -- Up-to-date symlink: /home/aw/restackcell/ws_moveit2/install/hello_ur/share/hello_ur/cmake/hello_urConfig.cmake
[0.246s] -- Up-to-date symlink: /home/aw/restackcell/ws_moveit2/install/hello_ur/share/hello_ur/cmake/hello_urConfig-version.cmake
[0.246s] -- Up-to-date symlink: /home/aw/restackcell/ws_moveit2/install/hello_ur/share/hello_ur/package.xml
[0.249s] Invoked command in '/home/aw/restackcell/ws_moveit2/build/hello_ur' returned '0': CMAKE_PREFIX_PATH=${CMAKE_PREFIX_PATH}:/home/aw/restackcell/ws_moveit2/install/interface_opcua:/home/aw/restackcell/ws_moveit2/install/moveit_configs_utils:/home/aw/restackcell/ws_moveit2/install/launch_param_builder:/opt/ros/humble /usr/bin/cmake --install /home/aw/restackcell/ws_moveit2/build/hello_ur
