[0.671s] Invoking command in '/home/autopilot/ws/restackcell/ws_moveit2/build/robo_planner': CMAKE_PREFIX_PATH=/home/autopilot/ws/restackcell/ws_moveit2/install/robo_planner_py:/home/autopilot/ws/restackcell/ws_moveit2/install/grid_snapper:/home/autopilot/ws/restackcell/ws_moveit2/install/opcua_client:/home/autopilot/ws/restackcell/ws_moveit2/install/interface_opcua:/opt/ros/humble:/home/autopilot/ws/restackcell/ws_moveit2/install/wzlscheduler_interfaces:/home/autopilot/ws/restackcell/ws_moveit2/install/opcua_interfaces:/home/autopilot/ws/restackcell/ws_moveit2/install/robo_planner:/home/autopilot/ws/restackcell/ws_moveit2/install/pcl_segmentation:/home/autopilot/ws/restackcell/ws_moveit2/install/moveit_backend:/home/autopilot/ws/restackcell/ws_moveit2/install/mockup_robot:/home/autopilot/ws/restackcell/ws_moveit2/install/ur_pilz:/home/autopilot/ws/restackcell/ws_moveit2/install/robo_planner_msgs:/home/autopilot/ws/restackcell/ws_moveit2/install/custom_ur_moveit_config:/home/autopilot/ws/restackcell/ws_moveit2/install/custom_ur_description LD_LIBRARY_PATH=/home/autopilot/ws/restackcell/ws_moveit2/install/wzlscheduler_interfaces/lib:/home/autopilot/ws/restackcell/ws_moveit2/install/opcua_interfaces/lib:/home/autopilot/ws/restackcell/ws_moveit2/install/robo_planner_msgs/lib:/opt/ros/humble/opt/rviz_ogre_vendor/lib:/opt/ros/humble/lib/aarch64-linux-gnu:/opt/ros/humble/lib PYTHONPATH=/home/autopilot/ws/restackcell/ws_moveit2/install/wzlscheduler_interfaces/local/lib/python3.10/dist-packages:/home/autopilot/ws/restackcell/ws_moveit2/install/robo_planner_py/lib/python3.10/site-packages:/home/autopilot/ws/restackcell/ws_moveit2/install/grid_snapper/lib/python3.10/site-packages:/home/autopilot/ws/restackcell/ws_moveit2/install/robo_planner_msgs/local/lib/python3.10/dist-packages:/home/autopilot/ws/restackcell/ws_moveit2/install/opcua_client/lib/python3.10/site-packages:/home/autopilot/ws/restackcell/ws_moveit2/install/opcua_interfaces/local/lib/python3.10/dist-packages:/home/autopilot/ws/restackcell/ws_moveit2/install/interface_opcua/lib/python3.10/site-packages:/opt/ros/humble/lib/python3.10/site-packages:/opt/ros/humble/local/lib/python3.10/dist-packages /usr/bin/cmake --build /home/autopilot/ws/restackcell/ws_moveit2/build/robo_planner -- -j8 -l8
[1.386s] [35m[1mConsolidate compiler generated dependencies of target robo_planner[0m
[1.387s] [  4%] [32mBuilding CXX object CMakeFiles/robo_planner.dir/src/Main.cpp.o[0m
[24.803s] [  8%] [32m[1mLinking CXX executable robo_planner[0m
[26.242s] [100%] Built target robo_planner
[26.264s] Invoked command in '/home/autopilot/ws/restackcell/ws_moveit2/build/robo_planner' returned '0': CMAKE_PREFIX_PATH=/home/autopilot/ws/restackcell/ws_moveit2/install/robo_planner_py:/home/autopilot/ws/restackcell/ws_moveit2/install/grid_snapper:/home/autopilot/ws/restackcell/ws_moveit2/install/opcua_client:/home/autopilot/ws/restackcell/ws_moveit2/install/interface_opcua:/opt/ros/humble:/home/autopilot/ws/restackcell/ws_moveit2/install/wzlscheduler_interfaces:/home/autopilot/ws/restackcell/ws_moveit2/install/opcua_interfaces:/home/autopilot/ws/restackcell/ws_moveit2/install/robo_planner:/home/autopilot/ws/restackcell/ws_moveit2/install/pcl_segmentation:/home/autopilot/ws/restackcell/ws_moveit2/install/moveit_backend:/home/autopilot/ws/restackcell/ws_moveit2/install/mockup_robot:/home/autopilot/ws/restackcell/ws_moveit2/install/ur_pilz:/home/autopilot/ws/restackcell/ws_moveit2/install/robo_planner_msgs:/home/autopilot/ws/restackcell/ws_moveit2/install/custom_ur_moveit_config:/home/autopilot/ws/restackcell/ws_moveit2/install/custom_ur_description LD_LIBRARY_PATH=/home/autopilot/ws/restackcell/ws_moveit2/install/wzlscheduler_interfaces/lib:/home/autopilot/ws/restackcell/ws_moveit2/install/opcua_interfaces/lib:/home/autopilot/ws/restackcell/ws_moveit2/install/robo_planner_msgs/lib:/opt/ros/humble/opt/rviz_ogre_vendor/lib:/opt/ros/humble/lib/aarch64-linux-gnu:/opt/ros/humble/lib PYTHONPATH=/home/autopilot/ws/restackcell/ws_moveit2/install/wzlscheduler_interfaces/local/lib/python3.10/dist-packages:/home/autopilot/ws/restackcell/ws_moveit2/install/robo_planner_py/lib/python3.10/site-packages:/home/autopilot/ws/restackcell/ws_moveit2/install/grid_snapper/lib/python3.10/site-packages:/home/autopilot/ws/restackcell/ws_moveit2/install/robo_planner_msgs/local/lib/python3.10/dist-packages:/home/autopilot/ws/restackcell/ws_moveit2/install/opcua_client/lib/python3.10/site-packages:/home/autopilot/ws/restackcell/ws_moveit2/install/opcua_interfaces/local/lib/python3.10/dist-packages:/home/autopilot/ws/restackcell/ws_moveit2/install/interface_opcua/lib/python3.10/site-packages:/opt/ros/humble/lib/python3.10/site-packages:/opt/ros/humble/local/lib/python3.10/dist-packages /usr/bin/cmake --build /home/autopilot/ws/restackcell/ws_moveit2/build/robo_planner -- -j8 -l8
[26.390s] Invoking command in '/home/autopilot/ws/restackcell/ws_moveit2/build/robo_planner': CMAKE_PREFIX_PATH=/home/autopilot/ws/restackcell/ws_moveit2/install/robo_planner_py:/home/autopilot/ws/restackcell/ws_moveit2/install/grid_snapper:/home/autopilot/ws/restackcell/ws_moveit2/install/opcua_client:/home/autopilot/ws/restackcell/ws_moveit2/install/interface_opcua:/opt/ros/humble:/home/autopilot/ws/restackcell/ws_moveit2/install/wzlscheduler_interfaces:/home/autopilot/ws/restackcell/ws_moveit2/install/opcua_interfaces:/home/autopilot/ws/restackcell/ws_moveit2/install/robo_planner:/home/autopilot/ws/restackcell/ws_moveit2/install/pcl_segmentation:/home/autopilot/ws/restackcell/ws_moveit2/install/moveit_backend:/home/autopilot/ws/restackcell/ws_moveit2/install/mockup_robot:/home/autopilot/ws/restackcell/ws_moveit2/install/ur_pilz:/home/autopilot/ws/restackcell/ws_moveit2/install/robo_planner_msgs:/home/autopilot/ws/restackcell/ws_moveit2/install/custom_ur_moveit_config:/home/autopilot/ws/restackcell/ws_moveit2/install/custom_ur_description LD_LIBRARY_PATH=/home/autopilot/ws/restackcell/ws_moveit2/install/wzlscheduler_interfaces/lib:/home/autopilot/ws/restackcell/ws_moveit2/install/opcua_interfaces/lib:/home/autopilot/ws/restackcell/ws_moveit2/install/robo_planner_msgs/lib:/opt/ros/humble/opt/rviz_ogre_vendor/lib:/opt/ros/humble/lib/aarch64-linux-gnu:/opt/ros/humble/lib PYTHONPATH=/home/autopilot/ws/restackcell/ws_moveit2/install/wzlscheduler_interfaces/local/lib/python3.10/dist-packages:/home/autopilot/ws/restackcell/ws_moveit2/install/robo_planner_py/lib/python3.10/site-packages:/home/autopilot/ws/restackcell/ws_moveit2/install/grid_snapper/lib/python3.10/site-packages:/home/autopilot/ws/restackcell/ws_moveit2/install/robo_planner_msgs/local/lib/python3.10/dist-packages:/home/autopilot/ws/restackcell/ws_moveit2/install/opcua_client/lib/python3.10/site-packages:/home/autopilot/ws/restackcell/ws_moveit2/install/opcua_interfaces/local/lib/python3.10/dist-packages:/home/autopilot/ws/restackcell/ws_moveit2/install/interface_opcua/lib/python3.10/site-packages:/opt/ros/humble/lib/python3.10/site-packages:/opt/ros/humble/local/lib/python3.10/dist-packages /usr/bin/cmake --install /home/autopilot/ws/restackcell/ws_moveit2/build/robo_planner
[26.400s] -- Install configuration: ""
[26.401s] -- Installing: /home/autopilot/ws/restackcell/ws_moveit2/install/robo_planner/lib/robo_planner/robo_planner
[26.415s] -- Set runtime path of "/home/autopilot/ws/restackcell/ws_moveit2/install/robo_planner/lib/robo_planner/robo_planner" to ""
[26.415s] -- Up-to-date: /home/autopilot/ws/restackcell/ws_moveit2/install/robo_planner/share/robo_planner/launch
[26.415s] -- Up-to-date: /home/autopilot/ws/restackcell/ws_moveit2/install/robo_planner/share/robo_planner/launch/__pycache__
[26.415s] -- Up-to-date: /home/autopilot/ws/restackcell/ws_moveit2/install/robo_planner/share/robo_planner/launch/__pycache__/ur_planner.cpython-310.pyc
[26.416s] -- Up-to-date: /home/autopilot/ws/restackcell/ws_moveit2/install/robo_planner/share/robo_planner/launch/__pycache__/hello_moveit_ur_launch.cpython-310.pyc
[26.416s] -- Up-to-date: /home/autopilot/ws/restackcell/ws_moveit2/install/robo_planner/share/robo_planner/launch/__pycache__/mockup_robot.cpython-310.pyc
[26.416s] -- Up-to-date: /home/autopilot/ws/restackcell/ws_moveit2/install/robo_planner/share/robo_planner/launch/__pycache__/ur_planner_pilz.cpython-310.pyc
[26.416s] -- Up-to-date: /home/autopilot/ws/restackcell/ws_moveit2/install/robo_planner/share/robo_planner/launch/ur_planner_launch.py
[26.416s] -- Up-to-date: /home/autopilot/ws/restackcell/ws_moveit2/install/robo_planner/share/robo_planner/launch/ur_simulation.py
[26.417s] -- Up-to-date: /home/autopilot/ws/restackcell/ws_moveit2/install/robo_planner/share/robo_planner/launch/ur_planner_pilz.launch.py
[26.417s] -- Up-to-date: /home/autopilot/ws/restackcell/ws_moveit2/install/robo_planner/share/robo_planner/config
[26.417s] -- Up-to-date: /home/autopilot/ws/restackcell/ws_moveit2/install/robo_planner/share/robo_planner/config/cell_config.yaml
[26.417s] -- Up-to-date: /home/autopilot/ws/restackcell/ws_moveit2/install/robo_planner/share/robo_planner/config/ur_description
[26.417s] -- Up-to-date: /home/autopilot/ws/restackcell/ws_moveit2/install/robo_planner/share/robo_planner/config/ur_description/package.dsv
[26.417s] -- Up-to-date: /home/autopilot/ws/restackcell/ws_moveit2/install/robo_planner/share/robo_planner/config/ur_description/urdf
[26.417s] -- Up-to-date: /home/autopilot/ws/restackcell/ws_moveit2/install/robo_planner/share/robo_planner/config/ur_description/urdf/ur_macro.xacro_restack
[26.417s] -- Up-to-date: /home/autopilot/ws/restackcell/ws_moveit2/install/robo_planner/share/robo_planner/config/ur_description/urdf/ur_macro.xacro2
[26.417s] -- Up-to-date: /home/autopilot/ws/restackcell/ws_moveit2/install/robo_planner/share/robo_planner/config/ur_description/urdf/ur.ros2_control.xacro
[26.417s] -- Up-to-date: /home/autopilot/ws/restackcell/ws_moveit2/install/robo_planner/share/robo_planner/config/ur_description/urdf/ur.urdf.xacro
[26.418s] -- Up-to-date: /home/autopilot/ws/restackcell/ws_moveit2/install/robo_planner/share/robo_planner/config/ur_description/urdf/ur_macro.xacro_original
[26.418s] -- Up-to-date: /home/autopilot/ws/restackcell/ws_moveit2/install/robo_planner/share/robo_planner/config/ur_description/urdf/inc
[26.418s] -- Up-to-date: /home/autopilot/ws/restackcell/ws_moveit2/install/robo_planner/share/robo_planner/config/ur_description/urdf/inc/ur_transmissions.xacro
[26.419s] -- Up-to-date: /home/autopilot/ws/restackcell/ws_moveit2/install/robo_planner/share/robo_planner/config/ur_description/urdf/inc/ur_common.xacro
[26.419s] -- Up-to-date: /home/autopilot/ws/restackcell/ws_moveit2/install/robo_planner/share/robo_planner/config/ur_description/urdf/ur_macro.xacro
[26.419s] -- Up-to-date: /home/autopilot/ws/restackcell/ws_moveit2/install/robo_planner/share/robo_planner/config/ur_description/local_setup.zsh
[26.419s] -- Up-to-date: /home/autopilot/ws/restackcell/ws_moveit2/install/robo_planner/share/robo_planner/config/ur_description/rviz
[26.419s] -- Up-to-date: /home/autopilot/ws/restackcell/ws_moveit2/install/robo_planner/share/robo_planner/config/ur_description/rviz/view_robot.rviz
[26.420s] -- Up-to-date: /home/autopilot/ws/restackcell/ws_moveit2/install/robo_planner/share/robo_planner/config/ur_description/local_setup.sh
[26.420s] -- Up-to-date: /home/autopilot/ws/restackcell/ws_moveit2/install/robo_planner/share/robo_planner/config/ur_description/cmake
[26.421s] -- Up-to-date: /home/autopilot/ws/restackcell/ws_moveit2/install/robo_planner/share/robo_planner/config/ur_description/cmake/ur_descriptionConfig-version.cmake
[26.421s] -- Up-to-date: /home/autopilot/ws/restackcell/ws_moveit2/install/robo_planner/share/robo_planner/config/ur_description/cmake/ur_descriptionConfig.cmake
[26.421s] -- Up-to-date: /home/autopilot/ws/restackcell/ws_moveit2/install/robo_planner/share/robo_planner/config/ur_description/local_setup.dsv
[26.421s] -- Up-to-date: /home/autopilot/ws/restackcell/ws_moveit2/install/robo_planner/share/robo_planner/config/ur_description/config
[26.421s] -- Up-to-date: /home/autopilot/ws/restackcell/ws_moveit2/install/robo_planner/share/robo_planner/config/ur_description/config/ur20
[26.422s] -- Up-to-date: /home/autopilot/ws/restackcell/ws_moveit2/install/robo_planner/share/robo_planner/config/ur_description/config/ur20/visual_parameters.yaml
[26.422s] -- Up-to-date: /home/autopilot/ws/restackcell/ws_moveit2/install/robo_planner/share/robo_planner/config/ur_description/config/ur20/default_kinematics.yaml
[26.422s] -- Up-to-date: /home/autopilot/ws/restackcell/ws_moveit2/install/robo_planner/share/robo_planner/config/ur_description/config/ur20/joint_limits.yaml
[26.422s] -- Up-to-date: /home/autopilot/ws/restackcell/ws_moveit2/install/robo_planner/share/robo_planner/config/ur_description/config/ur20/physical_parameters.yaml
[26.422s] -- Up-to-date: /home/autopilot/ws/restackcell/ws_moveit2/install/robo_planner/share/robo_planner/config/ur_description/config/ur5e
[26.422s] -- Up-to-date: /home/autopilot/ws/restackcell/ws_moveit2/install/robo_planner/share/robo_planner/config/ur_description/config/ur5e/visual_parameters.yaml
[26.423s] -- Up-to-date: /home/autopilot/ws/restackcell/ws_moveit2/install/robo_planner/share/robo_planner/config/ur_description/config/ur5e/default_kinematics.yaml
[26.423s] -- Up-to-date: /home/autopilot/ws/restackcell/ws_moveit2/install/robo_planner/share/robo_planner/config/ur_description/config/ur5e/joint_limits.yaml
[26.423s] -- Up-to-date: /home/autopilot/ws/restackcell/ws_moveit2/install/robo_planner/share/robo_planner/config/ur_description/config/ur5e/physical_parameters.yaml
[26.423s] -- Up-to-date: /home/autopilot/ws/restackcell/ws_moveit2/install/robo_planner/share/robo_planner/config/ur_description/config/ur3
[26.423s] -- Up-to-date: /home/autopilot/ws/restackcell/ws_moveit2/install/robo_planner/share/robo_planner/config/ur_description/config/ur3/visual_parameters.yaml
[26.424s] -- Up-to-date: /home/autopilot/ws/restackcell/ws_moveit2/install/robo_planner/share/robo_planner/config/ur_description/config/ur3/default_kinematics.yaml
[26.424s] -- Up-to-date: /home/autopilot/ws/restackcell/ws_moveit2/install/robo_planner/share/robo_planner/config/ur_description/config/ur3/joint_limits.yaml
[26.424s] -- Up-to-date: /home/autopilot/ws/restackcell/ws_moveit2/install/robo_planner/share/robo_planner/config/ur_description/config/ur3/physical_parameters.yaml
[26.424s] -- Up-to-date: /home/autopilot/ws/restackcell/ws_moveit2/install/robo_planner/share/robo_planner/config/ur_description/config/ur16e
[26.424s] -- Up-to-date: /home/autopilot/ws/restackcell/ws_moveit2/install/robo_planner/share/robo_planner/config/ur_description/config/ur16e/visual_parameters.yaml
[26.424s] -- Up-to-date: /home/autopilot/ws/restackcell/ws_moveit2/install/robo_planner/share/robo_planner/config/ur_description/config/ur16e/default_kinematics.yaml
[26.425s] -- Up-to-date: /home/autopilot/ws/restackcell/ws_moveit2/install/robo_planner/share/robo_planner/config/ur_description/config/ur16e/joint_limits_old.yaml
[26.425s] -- Up-to-date: /home/autopilot/ws/restackcell/ws_moveit2/install/robo_planner/share/robo_planner/config/ur_description/config/ur16e/default_kinematics_calibrated.yaml
[26.425s] -- Up-to-date: /home/autopilot/ws/restackcell/ws_moveit2/install/robo_planner/share/robo_planner/config/ur_description/config/ur16e/joint_limits.yaml
[26.425s] -- Up-to-date: /home/autopilot/ws/restackcell/ws_moveit2/install/robo_planner/share/robo_planner/config/ur_description/config/ur16e/pilz_cartesian_limits.yaml
[26.425s] -- Up-to-date: /home/autopilot/ws/restackcell/ws_moveit2/install/robo_planner/share/robo_planner/config/ur_description/config/ur16e/default_kinematics_original.yaml
[26.426s] -- Up-to-date: /home/autopilot/ws/restackcell/ws_moveit2/install/robo_planner/share/robo_planner/config/ur_description/config/ur16e/physical_parameters.yaml
[26.426s] -- Up-to-date: /home/autopilot/ws/restackcell/ws_moveit2/install/robo_planner/share/robo_planner/config/ur_description/config/ur3e
[26.426s] -- Up-to-date: /home/autopilot/ws/restackcell/ws_moveit2/install/robo_planner/share/robo_planner/config/ur_description/config/ur3e/visual_parameters.yaml
[26.426s] -- Up-to-date: /home/autopilot/ws/restackcell/ws_moveit2/install/robo_planner/share/robo_planner/config/ur_description/config/ur3e/default_kinematics.yaml
[26.426s] -- Up-to-date: /home/autopilot/ws/restackcell/ws_moveit2/install/robo_planner/share/robo_planner/config/ur_description/config/ur3e/joint_limits.yaml
[26.427s] -- Up-to-date: /home/autopilot/ws/restackcell/ws_moveit2/install/robo_planner/share/robo_planner/config/ur_description/config/ur3e/physical_parameters.yaml
[26.427s] -- Up-to-date: /home/autopilot/ws/restackcell/ws_moveit2/install/robo_planner/share/robo_planner/config/ur_description/config/initial_positions.yaml
[26.427s] -- Up-to-date: /home/autopilot/ws/restackcell/ws_moveit2/install/robo_planner/share/robo_planner/config/ur_description/config/ur30
[26.427s] -- Up-to-date: /home/autopilot/ws/restackcell/ws_moveit2/install/robo_planner/share/robo_planner/config/ur_description/config/ur30/visual_parameters.yaml
[26.427s] -- Up-to-date: /home/autopilot/ws/restackcell/ws_moveit2/install/robo_planner/share/robo_planner/config/ur_description/config/ur30/default_kinematics.yaml
[26.427s] -- Up-to-date: /home/autopilot/ws/restackcell/ws_moveit2/install/robo_planner/share/robo_planner/config/ur_description/config/ur30/joint_limits.yaml
[26.427s] -- Up-to-date: /home/autopilot/ws/restackcell/ws_moveit2/install/robo_planner/share/robo_planner/config/ur_description/config/ur30/physical_parameters.yaml
[26.427s] -- Up-to-date: /home/autopilot/ws/restackcell/ws_moveit2/install/robo_planner/share/robo_planner/config/ur_description/config/ur16e_old
[26.428s] -- Up-to-date: /home/autopilot/ws/restackcell/ws_moveit2/install/robo_planner/share/robo_planner/config/ur_description/config/ur16e_old/visual_parameters.yaml
[26.428s] -- Up-to-date: /home/autopilot/ws/restackcell/ws_moveit2/install/robo_planner/share/robo_planner/config/ur_description/config/ur16e_old/default_kinematics.yaml
[26.428s] -- Up-to-date: /home/autopilot/ws/restackcell/ws_moveit2/install/robo_planner/share/robo_planner/config/ur_description/config/ur16e_old/joint_limits.yaml
[26.428s] -- Up-to-date: /home/autopilot/ws/restackcell/ws_moveit2/install/robo_planner/share/robo_planner/config/ur_description/config/ur16e_old/physical_parameters.yaml
[26.428s] -- Up-to-date: /home/autopilot/ws/restackcell/ws_moveit2/install/robo_planner/share/robo_planner/config/ur_description/config/ur10e
[26.428s] -- Up-to-date: /home/autopilot/ws/restackcell/ws_moveit2/install/robo_planner/share/robo_planner/config/ur_description/config/ur10e/visual_parameters.yaml
[26.428s] -- Up-to-date: /home/autopilot/ws/restackcell/ws_moveit2/install/robo_planner/share/robo_planner/config/ur_description/config/ur10e/default_kinematics.yaml
[26.428s] -- Up-to-date: /home/autopilot/ws/restackcell/ws_moveit2/install/robo_planner/share/robo_planner/config/ur_description/config/ur10e/joint_limits.yaml
[26.429s] -- Up-to-date: /home/autopilot/ws/restackcell/ws_moveit2/install/robo_planner/share/robo_planner/config/ur_description/config/ur10e/physical_parameters.yaml
[26.429s] -- Up-to-date: /home/autopilot/ws/restackcell/ws_moveit2/install/robo_planner/share/robo_planner/config/ur_description/config/pilz_cartesian_limits.yaml
[26.429s] -- Up-to-date: /home/autopilot/ws/restackcell/ws_moveit2/install/robo_planner/share/robo_planner/config/ur_description/config/pilz_industrial_motion_planner_planning.yaml
[26.429s] -- Up-to-date: /home/autopilot/ws/restackcell/ws_moveit2/install/robo_planner/share/robo_planner/config/ur_description/config/ur10
[26.429s] -- Up-to-date: /home/autopilot/ws/restackcell/ws_moveit2/install/robo_planner/share/robo_planner/config/ur_description/config/ur10/visual_parameters.yaml
[26.429s] -- Up-to-date: /home/autopilot/ws/restackcell/ws_moveit2/install/robo_planner/share/robo_planner/config/ur_description/config/ur10/default_kinematics.yaml
[26.429s] -- Up-to-date: /home/autopilot/ws/restackcell/ws_moveit2/install/robo_planner/share/robo_planner/config/ur_description/config/ur10/joint_limits.yaml
[26.429s] -- Up-to-date: /home/autopilot/ws/restackcell/ws_moveit2/install/robo_planner/share/robo_planner/config/ur_description/config/ur10/physical_parameters.yaml
[26.429s] -- Up-to-date: /home/autopilot/ws/restackcell/ws_moveit2/install/robo_planner/share/robo_planner/config/ur_description/config/ur5
[26.429s] -- Up-to-date: /home/autopilot/ws/restackcell/ws_moveit2/install/robo_planner/share/robo_planner/config/ur_description/config/ur5/visual_parameters.yaml
[26.430s] -- Up-to-date: /home/autopilot/ws/restackcell/ws_moveit2/install/robo_planner/share/robo_planner/config/ur_description/config/ur5/default_kinematics.yaml
[26.430s] -- Up-to-date: /home/autopilot/ws/restackcell/ws_moveit2/install/robo_planner/share/robo_planner/config/ur_description/config/ur5/joint_limits.yaml
[26.430s] -- Up-to-date: /home/autopilot/ws/restackcell/ws_moveit2/install/robo_planner/share/robo_planner/config/ur_description/config/ur5/physical_parameters.yaml
[26.430s] -- Up-to-date: /home/autopilot/ws/restackcell/ws_moveit2/install/robo_planner/share/robo_planner/config/ur_description/launch
[26.430s] -- Up-to-date: /home/autopilot/ws/restackcell/ws_moveit2/install/robo_planner/share/robo_planner/config/ur_description/launch/view_ur.launch.py
[26.430s] -- Up-to-date: /home/autopilot/ws/restackcell/ws_moveit2/install/robo_planner/share/robo_planner/config/ur_description/meshes
[26.430s] -- Up-to-date: /home/autopilot/ws/restackcell/ws_moveit2/install/robo_planner/share/robo_planner/config/ur_description/meshes/ur20
[26.431s] -- Up-to-date: /home/autopilot/ws/restackcell/ws_moveit2/install/robo_planner/share/robo_planner/config/ur_description/meshes/ur20/collision
[26.431s] -- Up-to-date: /home/autopilot/ws/restackcell/ws_moveit2/install/robo_planner/share/robo_planner/config/ur_description/meshes/ur20/collision/forearm.stl
[26.431s] -- Up-to-date: /home/autopilot/ws/restackcell/ws_moveit2/install/robo_planner/share/robo_planner/config/ur_description/meshes/ur20/collision/base.stl
[26.431s] -- Up-to-date: /home/autopilot/ws/restackcell/ws_moveit2/install/robo_planner/share/robo_planner/config/ur_description/meshes/ur20/collision/wrist2.stl
[26.431s] -- Up-to-date: /home/autopilot/ws/restackcell/ws_moveit2/install/robo_planner/share/robo_planner/config/ur_description/meshes/ur20/collision/wrist3.stl
[26.431s] -- Up-to-date: /home/autopilot/ws/restackcell/ws_moveit2/install/robo_planner/share/robo_planner/config/ur_description/meshes/ur20/collision/wrist1.stl
[26.431s] -- Up-to-date: /home/autopilot/ws/restackcell/ws_moveit2/install/robo_planner/share/robo_planner/config/ur_description/meshes/ur20/collision/shoulder.stl
[26.431s] -- Up-to-date: /home/autopilot/ws/restackcell/ws_moveit2/install/robo_planner/share/robo_planner/config/ur_description/meshes/ur20/collision/upperarm.stl
[26.431s] -- Up-to-date: /home/autopilot/ws/restackcell/ws_moveit2/install/robo_planner/share/robo_planner/config/ur_description/meshes/ur20/LICENSE.txt
[26.432s] -- Up-to-date: /home/autopilot/ws/restackcell/ws_moveit2/install/robo_planner/share/robo_planner/config/ur_description/meshes/ur20/visual
[26.432s] -- Up-to-date: /home/autopilot/ws/restackcell/ws_moveit2/install/robo_planner/share/robo_planner/config/ur_description/meshes/ur20/visual/UR20_DIFF_8bit_2K.png
[26.432s] -- Up-to-date: /home/autopilot/ws/restackcell/ws_moveit2/install/robo_planner/share/robo_planner/config/ur_description/meshes/ur20/visual/upperarm.dae
[26.432s] -- Up-to-date: /home/autopilot/ws/restackcell/ws_moveit2/install/robo_planner/share/robo_planner/config/ur_description/meshes/ur20/visual/forearm.dae
[26.432s] -- Up-to-date: /home/autopilot/ws/restackcell/ws_moveit2/install/robo_planner/share/robo_planner/config/ur_description/meshes/ur20/visual/shoulder.dae
[26.432s] -- Up-to-date: /home/autopilot/ws/restackcell/ws_moveit2/install/robo_planner/share/robo_planner/config/ur_description/meshes/ur20/visual/wrist3.dae
[26.432s] -- Up-to-date: /home/autopilot/ws/restackcell/ws_moveit2/install/robo_planner/share/robo_planner/config/ur_description/meshes/ur20/visual/wrist1.dae
[26.432s] -- Up-to-date: /home/autopilot/ws/restackcell/ws_moveit2/install/robo_planner/share/robo_planner/config/ur_description/meshes/ur20/visual/wrist2.dae
[26.433s] -- Up-to-date: /home/autopilot/ws/restackcell/ws_moveit2/install/robo_planner/share/robo_planner/config/ur_description/meshes/ur20/visual/base.dae
[26.433s] -- Up-to-date: /home/autopilot/ws/restackcell/ws_moveit2/install/robo_planner/share/robo_planner/config/ur_description/meshes/ur5e
[26.433s] -- Up-to-date: /home/autopilot/ws/restackcell/ws_moveit2/install/robo_planner/share/robo_planner/config/ur_description/meshes/ur5e/collision
[26.433s] -- Up-to-date: /home/autopilot/ws/restackcell/ws_moveit2/install/robo_planner/share/robo_planner/config/ur_description/meshes/ur5e/collision/forearm.stl
[26.433s] -- Up-to-date: /home/autopilot/ws/restackcell/ws_moveit2/install/robo_planner/share/robo_planner/config/ur_description/meshes/ur5e/collision/base.stl
[26.433s] -- Up-to-date: /home/autopilot/ws/restackcell/ws_moveit2/install/robo_planner/share/robo_planner/config/ur_description/meshes/ur5e/collision/wrist2.stl
[26.433s] -- Up-to-date: /home/autopilot/ws/restackcell/ws_moveit2/install/robo_planner/share/robo_planner/config/ur_description/meshes/ur5e/collision/wrist3.stl
[26.433s] -- Up-to-date: /home/autopilot/ws/restackcell/ws_moveit2/install/robo_planner/share/robo_planner/config/ur_description/meshes/ur5e/collision/wrist1.stl
[26.434s] -- Up-to-date: /home/autopilot/ws/restackcell/ws_moveit2/install/robo_planner/share/robo_planner/config/ur_description/meshes/ur5e/collision/shoulder.stl
[26.434s] -- Up-to-date: /home/autopilot/ws/restackcell/ws_moveit2/install/robo_planner/share/robo_planner/config/ur_description/meshes/ur5e/collision/upperarm.stl
[26.434s] -- Up-to-date: /home/autopilot/ws/restackcell/ws_moveit2/install/robo_planner/share/robo_planner/config/ur_description/meshes/ur5e/visual
[26.435s] -- Up-to-date: /home/autopilot/ws/restackcell/ws_moveit2/install/robo_planner/share/robo_planner/config/ur_description/meshes/ur5e/visual/upperarm.dae
[26.443s] -- Up-to-date: /home/autopilot/ws/restackcell/ws_moveit2/install/robo_planner/share/robo_planner/config/ur_description/meshes/ur5e/visual/forearm.dae
[26.443s] -- Up-to-date: /home/autopilot/ws/restackcell/ws_moveit2/install/robo_planner/share/robo_planner/config/ur_description/meshes/ur5e/visual/shoulder.dae
[26.444s] -- Up-to-date: /home/autopilot/ws/restackcell/ws_moveit2/install/robo_planner/share/robo_planner/config/ur_description/meshes/ur5e/visual/wrist3.dae
[26.444s] -- Up-to-date: /home/autopilot/ws/restackcell/ws_moveit2/install/robo_planner/share/robo_planner/config/ur_description/meshes/ur5e/visual/wrist1.dae
[26.445s] -- Up-to-date: /home/autopilot/ws/restackcell/ws_moveit2/install/robo_planner/share/robo_planner/config/ur_description/meshes/ur5e/visual/wrist2.dae
[26.446s] -- Up-to-date: /home/autopilot/ws/restackcell/ws_moveit2/install/robo_planner/share/robo_planner/config/ur_description/meshes/ur5e/visual/base.dae
[26.446s] -- Up-to-date: /home/autopilot/ws/restackcell/ws_moveit2/install/robo_planner/share/robo_planner/config/ur_description/meshes/ur3
[26.446s] -- Up-to-date: /home/autopilot/ws/restackcell/ws_moveit2/install/robo_planner/share/robo_planner/config/ur_description/meshes/ur3/collision
[26.447s] -- Up-to-date: /home/autopilot/ws/restackcell/ws_moveit2/install/robo_planner/share/robo_planner/config/ur_description/meshes/ur3/collision/forearm.stl
[26.447s] -- Up-to-date: /home/autopilot/ws/restackcell/ws_moveit2/install/robo_planner/share/robo_planner/config/ur_description/meshes/ur3/collision/base.stl
[26.448s] -- Up-to-date: /home/autopilot/ws/restackcell/ws_moveit2/install/robo_planner/share/robo_planner/config/ur_description/meshes/ur3/collision/wrist2.stl
[26.448s] -- Up-to-date: /home/autopilot/ws/restackcell/ws_moveit2/install/robo_planner/share/robo_planner/config/ur_description/meshes/ur3/collision/wrist3.stl
[26.448s] -- Up-to-date: /home/autopilot/ws/restackcell/ws_moveit2/install/robo_planner/share/robo_planner/config/ur_description/meshes/ur3/collision/wrist1.stl
[26.449s] -- Up-to-date: /home/autopilot/ws/restackcell/ws_moveit2/install/robo_planner/share/robo_planner/config/ur_description/meshes/ur3/collision/shoulder.stl
[26.449s] -- Up-to-date: /home/autopilot/ws/restackcell/ws_moveit2/install/robo_planner/share/robo_planner/config/ur_description/meshes/ur3/collision/upperarm.stl
[26.449s] -- Up-to-date: /home/autopilot/ws/restackcell/ws_moveit2/install/robo_planner/share/robo_planner/config/ur_description/meshes/ur3/visual
[26.449s] -- Up-to-date: /home/autopilot/ws/restackcell/ws_moveit2/install/robo_planner/share/robo_planner/config/ur_description/meshes/ur3/visual/upperarm.dae
[26.450s] -- Up-to-date: /home/autopilot/ws/restackcell/ws_moveit2/install/robo_planner/share/robo_planner/config/ur_description/meshes/ur3/visual/forearm.dae
[26.450s] -- Up-to-date: /home/autopilot/ws/restackcell/ws_moveit2/install/robo_planner/share/robo_planner/config/ur_description/meshes/ur3/visual/shoulder.dae
[26.450s] -- Up-to-date: /home/autopilot/ws/restackcell/ws_moveit2/install/robo_planner/share/robo_planner/config/ur_description/meshes/ur3/visual/wrist3.dae
[26.451s] -- Up-to-date: /home/autopilot/ws/restackcell/ws_moveit2/install/robo_planner/share/robo_planner/config/ur_description/meshes/ur3/visual/wrist1.dae
[26.451s] -- Up-to-date: /home/autopilot/ws/restackcell/ws_moveit2/install/robo_planner/share/robo_planner/config/ur_description/meshes/ur3/visual/wrist2.dae
[26.451s] -- Up-to-date: /home/autopilot/ws/restackcell/ws_moveit2/install/robo_planner/share/robo_planner/config/ur_description/meshes/ur3/visual/base.dae
[26.451s] -- Up-to-date: /home/autopilot/ws/restackcell/ws_moveit2/install/robo_planner/share/robo_planner/config/ur_description/meshes/ur16e
[26.452s] -- Up-to-date: /home/autopilot/ws/restackcell/ws_moveit2/install/robo_planner/share/robo_planner/config/ur_description/meshes/ur16e/collision
[26.452s] -- Up-to-date: /home/autopilot/ws/restackcell/ws_moveit2/install/robo_planner/share/robo_planner/config/ur_description/meshes/ur16e/collision/forearm.stl
[26.452s] -- Up-to-date: /home/autopilot/ws/restackcell/ws_moveit2/install/robo_planner/share/robo_planner/config/ur_description/meshes/ur16e/collision/restackcell_gripper.STL
[26.452s] -- Up-to-date: /home/autopilot/ws/restackcell/ws_moveit2/install/robo_planner/share/robo_planner/config/ur_description/meshes/ur16e/collision/upperarm.stl
[26.452s] -- Up-to-date: /home/autopilot/ws/restackcell/ws_moveit2/install/robo_planner/share/robo_planner/config/ur_description/meshes/ur16e/visual
[26.452s] -- Up-to-date: /home/autopilot/ws/restackcell/ws_moveit2/install/robo_planner/share/robo_planner/config/ur_description/meshes/ur16e/visual/upperarm.dae
[26.453s] -- Up-to-date: /home/autopilot/ws/restackcell/ws_moveit2/install/robo_planner/share/robo_planner/config/ur_description/meshes/ur16e/visual/forearm.dae
[26.455s] -- Up-to-date: /home/autopilot/ws/restackcell/ws_moveit2/install/robo_planner/share/robo_planner/config/ur_description/meshes/ur16e/visual/restackcell_gripper.STL
[26.455s] -- Up-to-date: /home/autopilot/ws/restackcell/ws_moveit2/install/robo_planner/share/robo_planner/config/ur_description/meshes/ur3e
[26.456s] -- Up-to-date: /home/autopilot/ws/restackcell/ws_moveit2/install/robo_planner/share/robo_planner/config/ur_description/meshes/ur3e/collision
[26.456s] -- Up-to-date: /home/autopilot/ws/restackcell/ws_moveit2/install/robo_planner/share/robo_planner/config/ur_description/meshes/ur3e/collision/forearm.stl
[26.456s] -- Up-to-date: /home/autopilot/ws/restackcell/ws_moveit2/install/robo_planner/share/robo_planner/config/ur_description/meshes/ur3e/collision/base.stl
[26.456s] -- Up-to-date: /home/autopilot/ws/restackcell/ws_moveit2/install/robo_planner/share/robo_planner/config/ur_description/meshes/ur3e/collision/wrist2.stl
[26.456s] -- Up-to-date: /home/autopilot/ws/restackcell/ws_moveit2/install/robo_planner/share/robo_planner/config/ur_description/meshes/ur3e/collision/wrist3.stl
[26.456s] -- Up-to-date: /home/autopilot/ws/restackcell/ws_moveit2/install/robo_planner/share/robo_planner/config/ur_description/meshes/ur3e/collision/wrist1.stl
[26.456s] -- Up-to-date: /home/autopilot/ws/restackcell/ws_moveit2/install/robo_planner/share/robo_planner/config/ur_description/meshes/ur3e/collision/shoulder.stl
[26.456s] -- Up-to-date: /home/autopilot/ws/restackcell/ws_moveit2/install/robo_planner/share/robo_planner/config/ur_description/meshes/ur3e/collision/upperarm.stl
[26.456s] -- Up-to-date: /home/autopilot/ws/restackcell/ws_moveit2/install/robo_planner/share/robo_planner/config/ur_description/meshes/ur3e/visual
[26.457s] -- Up-to-date: /home/autopilot/ws/restackcell/ws_moveit2/install/robo_planner/share/robo_planner/config/ur_description/meshes/ur3e/visual/upperarm.dae
[26.457s] -- Up-to-date: /home/autopilot/ws/restackcell/ws_moveit2/install/robo_planner/share/robo_planner/config/ur_description/meshes/ur3e/visual/forearm.dae
[26.457s] -- Up-to-date: /home/autopilot/ws/restackcell/ws_moveit2/install/robo_planner/share/robo_planner/config/ur_description/meshes/ur3e/visual/shoulder.dae
[26.457s] -- Up-to-date: /home/autopilot/ws/restackcell/ws_moveit2/install/robo_planner/share/robo_planner/config/ur_description/meshes/ur3e/visual/wrist3.dae
[26.457s] -- Up-to-date: /home/autopilot/ws/restackcell/ws_moveit2/install/robo_planner/share/robo_planner/config/ur_description/meshes/ur3e/visual/wrist1.dae
[26.457s] -- Up-to-date: /home/autopilot/ws/restackcell/ws_moveit2/install/robo_planner/share/robo_planner/config/ur_description/meshes/ur3e/visual/wrist2.dae
[26.457s] -- Up-to-date: /home/autopilot/ws/restackcell/ws_moveit2/install/robo_planner/share/robo_planner/config/ur_description/meshes/ur3e/visual/base.dae
[26.457s] -- Up-to-date: /home/autopilot/ws/restackcell/ws_moveit2/install/robo_planner/share/robo_planner/config/ur_description/meshes/ur30
[26.457s] -- Up-to-date: /home/autopilot/ws/restackcell/ws_moveit2/install/robo_planner/share/robo_planner/config/ur_description/meshes/ur30/collision
[26.458s] -- Up-to-date: /home/autopilot/ws/restackcell/ws_moveit2/install/robo_planner/share/robo_planner/config/ur_description/meshes/ur30/collision/forearm.stl
[26.458s] -- Up-to-date: /home/autopilot/ws/restackcell/ws_moveit2/install/robo_planner/share/robo_planner/config/ur_description/meshes/ur30/collision/upperarm.stl
[26.458s] -- Up-to-date: /home/autopilot/ws/restackcell/ws_moveit2/install/robo_planner/share/robo_planner/config/ur_description/meshes/ur30/LICENSE.txt
[26.458s] -- Up-to-date: /home/autopilot/ws/restackcell/ws_moveit2/install/robo_planner/share/robo_planner/config/ur_description/meshes/ur30/visual
[26.458s] -- Up-to-date: /home/autopilot/ws/restackcell/ws_moveit2/install/robo_planner/share/robo_planner/config/ur_description/meshes/ur30/visual/upperarm.dae
[26.458s] -- Up-to-date: /home/autopilot/ws/restackcell/ws_moveit2/install/robo_planner/share/robo_planner/config/ur_description/meshes/ur30/visual/forearm.dae
[26.458s] -- Up-to-date: /home/autopilot/ws/restackcell/ws_moveit2/install/robo_planner/share/robo_planner/config/ur_description/meshes/ur30/visual/UR30_DIFF_8bit_2K.png
[26.459s] -- Up-to-date: /home/autopilot/ws/restackcell/ws_moveit2/install/robo_planner/share/robo_planner/config/ur_description/meshes/ur10e
[26.459s] -- Up-to-date: /home/autopilot/ws/restackcell/ws_moveit2/install/robo_planner/share/robo_planner/config/ur_description/meshes/ur10e/collision
[26.459s] -- Up-to-date: /home/autopilot/ws/restackcell/ws_moveit2/install/robo_planner/share/robo_planner/config/ur_description/meshes/ur10e/collision/forearm.stl
[26.459s] -- Up-to-date: /home/autopilot/ws/restackcell/ws_moveit2/install/robo_planner/share/robo_planner/config/ur_description/meshes/ur10e/collision/base.stl
[26.459s] -- Up-to-date: /home/autopilot/ws/restackcell/ws_moveit2/install/robo_planner/share/robo_planner/config/ur_description/meshes/ur10e/collision/wrist2.stl
[26.459s] -- Up-to-date: /home/autopilot/ws/restackcell/ws_moveit2/install/robo_planner/share/robo_planner/config/ur_description/meshes/ur10e/collision/wrist3.stl
[26.459s] -- Up-to-date: /home/autopilot/ws/restackcell/ws_moveit2/install/robo_planner/share/robo_planner/config/ur_description/meshes/ur10e/collision/wrist1.stl
[26.459s] -- Up-to-date: /home/autopilot/ws/restackcell/ws_moveit2/install/robo_planner/share/robo_planner/config/ur_description/meshes/ur10e/collision/shoulder.stl
[26.459s] -- Up-to-date: /home/autopilot/ws/restackcell/ws_moveit2/install/robo_planner/share/robo_planner/config/ur_description/meshes/ur10e/collision/upperarm.stl
[26.460s] -- Up-to-date: /home/autopilot/ws/restackcell/ws_moveit2/install/robo_planner/share/robo_planner/config/ur_description/meshes/ur10e/visual
[26.460s] -- Up-to-date: /home/autopilot/ws/restackcell/ws_moveit2/install/robo_planner/share/robo_planner/config/ur_description/meshes/ur10e/visual/upperarm.dae
[26.460s] -- Up-to-date: /home/autopilot/ws/restackcell/ws_moveit2/install/robo_planner/share/robo_planner/config/ur_description/meshes/ur10e/visual/forearm.dae
[26.460s] -- Up-to-date: /home/autopilot/ws/restackcell/ws_moveit2/install/robo_planner/share/robo_planner/config/ur_description/meshes/ur10e/visual/shoulder.dae
[26.460s] -- Up-to-date: /home/autopilot/ws/restackcell/ws_moveit2/install/robo_planner/share/robo_planner/config/ur_description/meshes/ur10e/visual/wrist3.dae
[26.460s] -- Up-to-date: /home/autopilot/ws/restackcell/ws_moveit2/install/robo_planner/share/robo_planner/config/ur_description/meshes/ur10e/visual/wrist1.dae
[26.460s] -- Up-to-date: /home/autopilot/ws/restackcell/ws_moveit2/install/robo_planner/share/robo_planner/config/ur_description/meshes/ur10e/visual/wrist2.dae
[26.460s] -- Up-to-date: /home/autopilot/ws/restackcell/ws_moveit2/install/robo_planner/share/robo_planner/config/ur_description/meshes/ur10e/visual/base.dae
[26.460s] -- Up-to-date: /home/autopilot/ws/restackcell/ws_moveit2/install/robo_planner/share/robo_planner/config/ur_description/meshes/ur10
[26.460s] -- Up-to-date: /home/autopilot/ws/restackcell/ws_moveit2/install/robo_planner/share/robo_planner/config/ur_description/meshes/ur10/collision
[26.461s] -- Up-to-date: /home/autopilot/ws/restackcell/ws_moveit2/install/robo_planner/share/robo_planner/config/ur_description/meshes/ur10/collision/forearm.stl
[26.461s] -- Up-to-date: /home/autopilot/ws/restackcell/ws_moveit2/install/robo_planner/share/robo_planner/config/ur_description/meshes/ur10/collision/base.stl
[26.461s] -- Up-to-date: /home/autopilot/ws/restackcell/ws_moveit2/install/robo_planner/share/robo_planner/config/ur_description/meshes/ur10/collision/wrist2.stl
[26.461s] -- Up-to-date: /home/autopilot/ws/restackcell/ws_moveit2/install/robo_planner/share/robo_planner/config/ur_description/meshes/ur10/collision/wrist3.stl
[26.461s] -- Up-to-date: /home/autopilot/ws/restackcell/ws_moveit2/install/robo_planner/share/robo_planner/config/ur_description/meshes/ur10/collision/wrist1.stl
[26.461s] -- Up-to-date: /home/autopilot/ws/restackcell/ws_moveit2/install/robo_planner/share/robo_planner/config/ur_description/meshes/ur10/collision/shoulder.stl
[26.461s] -- Up-to-date: /home/autopilot/ws/restackcell/ws_moveit2/install/robo_planner/share/robo_planner/config/ur_description/meshes/ur10/collision/upperarm.stl
[26.461s] -- Up-to-date: /home/autopilot/ws/restackcell/ws_moveit2/install/robo_planner/share/robo_planner/config/ur_description/meshes/ur10/visual
[26.461s] -- Up-to-date: /home/autopilot/ws/restackcell/ws_moveit2/install/robo_planner/share/robo_planner/config/ur_description/meshes/ur10/visual/upperarm.dae
[26.461s] -- Up-to-date: /home/autopilot/ws/restackcell/ws_moveit2/install/robo_planner/share/robo_planner/config/ur_description/meshes/ur10/visual/forearm.dae
[26.461s] -- Up-to-date: /home/autopilot/ws/restackcell/ws_moveit2/install/robo_planner/share/robo_planner/config/ur_description/meshes/ur10/visual/shoulder.dae
[26.462s] -- Up-to-date: /home/autopilot/ws/restackcell/ws_moveit2/install/robo_planner/share/robo_planner/config/ur_description/meshes/ur10/visual/wrist3.dae
[26.462s] -- Up-to-date: /home/autopilot/ws/restackcell/ws_moveit2/install/robo_planner/share/robo_planner/config/ur_description/meshes/ur10/visual/wrist1.dae
[26.462s] -- Up-to-date: /home/autopilot/ws/restackcell/ws_moveit2/install/robo_planner/share/robo_planner/config/ur_description/meshes/ur10/visual/wrist2.dae
[26.462s] -- Up-to-date: /home/autopilot/ws/restackcell/ws_moveit2/install/robo_planner/share/robo_planner/config/ur_description/meshes/ur10/visual/base.dae
[26.462s] -- Up-to-date: /home/autopilot/ws/restackcell/ws_moveit2/install/robo_planner/share/robo_planner/config/ur_description/meshes/ur5
[26.462s] -- Up-to-date: /home/autopilot/ws/restackcell/ws_moveit2/install/robo_planner/share/robo_planner/config/ur_description/meshes/ur5/collision
[26.462s] -- Up-to-date: /home/autopilot/ws/restackcell/ws_moveit2/install/robo_planner/share/robo_planner/config/ur_description/meshes/ur5/collision/forearm.stl
[26.462s] -- Up-to-date: /home/autopilot/ws/restackcell/ws_moveit2/install/robo_planner/share/robo_planner/config/ur_description/meshes/ur5/collision/base.stl
[26.462s] -- Up-to-date: /home/autopilot/ws/restackcell/ws_moveit2/install/robo_planner/share/robo_planner/config/ur_description/meshes/ur5/collision/wrist2.stl
[26.463s] -- Up-to-date: /home/autopilot/ws/restackcell/ws_moveit2/install/robo_planner/share/robo_planner/config/ur_description/meshes/ur5/collision/wrist3.stl
[26.463s] -- Up-to-date: /home/autopilot/ws/restackcell/ws_moveit2/install/robo_planner/share/robo_planner/config/ur_description/meshes/ur5/collision/wrist1.stl
[26.463s] -- Up-to-date: /home/autopilot/ws/restackcell/ws_moveit2/install/robo_planner/share/robo_planner/config/ur_description/meshes/ur5/collision/shoulder.stl
[26.463s] -- Up-to-date: /home/autopilot/ws/restackcell/ws_moveit2/install/robo_planner/share/robo_planner/config/ur_description/meshes/ur5/collision/upperarm.stl
[26.463s] -- Up-to-date: /home/autopilot/ws/restackcell/ws_moveit2/install/robo_planner/share/robo_planner/config/ur_description/meshes/ur5/visual
[26.463s] -- Up-to-date: /home/autopilot/ws/restackcell/ws_moveit2/install/robo_planner/share/robo_planner/config/ur_description/meshes/ur5/visual/upperarm.dae
[26.463s] -- Up-to-date: /home/autopilot/ws/restackcell/ws_moveit2/install/robo_planner/share/robo_planner/config/ur_description/meshes/ur5/visual/forearm.dae
[26.463s] -- Up-to-date: /home/autopilot/ws/restackcell/ws_moveit2/install/robo_planner/share/robo_planner/config/ur_description/meshes/ur5/visual/shoulder.dae
[26.463s] -- Up-to-date: /home/autopilot/ws/restackcell/ws_moveit2/install/robo_planner/share/robo_planner/config/ur_description/meshes/ur5/visual/wrist3.dae
[26.463s] -- Up-to-date: /home/autopilot/ws/restackcell/ws_moveit2/install/robo_planner/share/robo_planner/config/ur_description/meshes/ur5/visual/wrist1.dae
[26.464s] -- Up-to-date: /home/autopilot/ws/restackcell/ws_moveit2/install/robo_planner/share/robo_planner/config/ur_description/meshes/ur5/visual/wrist2.dae
[26.464s] -- Up-to-date: /home/autopilot/ws/restackcell/ws_moveit2/install/robo_planner/share/robo_planner/config/ur_description/meshes/ur5/visual/base.dae
[26.464s] -- Up-to-date: /home/autopilot/ws/restackcell/ws_moveit2/install/robo_planner/share/robo_planner/config/ur_description/local_setup.bash
[26.464s] -- Up-to-date: /home/autopilot/ws/restackcell/ws_moveit2/install/robo_planner/share/robo_planner/config/ur_description/test
[26.464s] -- Up-to-date: /home/autopilot/ws/restackcell/ws_moveit2/install/robo_planner/share/robo_planner/config/ur_description/test/__pycache__
[26.464s] -- Up-to-date: /home/autopilot/ws/restackcell/ws_moveit2/install/robo_planner/share/robo_planner/config/ur_description/test/__pycache__/test_ur_urdf_xacro.cpython-310-pytest-6.2.5.pyc
[26.464s] -- Up-to-date: /home/autopilot/ws/restackcell/ws_moveit2/install/robo_planner/share/robo_planner/config/ur_description/test/__pycache__/test_view_ur_launch.cpython-310-pytest-6.2.5.pyc
[26.464s] -- Up-to-date: /home/autopilot/ws/restackcell/ws_moveit2/install/robo_planner/share/robo_planner/config/ur_description/test/test_ur_urdf_xacro.py
[26.464s] -- Up-to-date: /home/autopilot/ws/restackcell/ws_moveit2/install/robo_planner/share/robo_planner/config/ur_description/test/test_view_ur_launch.py
[26.464s] -- Up-to-date: /home/autopilot/ws/restackcell/ws_moveit2/install/robo_planner/share/robo_planner/config/ur_description/environment
[26.465s] -- Up-to-date: /home/autopilot/ws/restackcell/ws_moveit2/install/robo_planner/share/robo_planner/config/ur_description/environment/ament_prefix_path.sh
[26.465s] -- Up-to-date: /home/autopilot/ws/restackcell/ws_moveit2/install/robo_planner/share/robo_planner/config/ur_description/environment/path.dsv
[26.465s] -- Up-to-date: /home/autopilot/ws/restackcell/ws_moveit2/install/robo_planner/share/robo_planner/config/ur_description/environment/ament_prefix_path.dsv
[26.465s] -- Up-to-date: /home/autopilot/ws/restackcell/ws_moveit2/install/robo_planner/share/robo_planner/config/ur_description/environment/path.sh
[26.465s] -- Up-to-date: /home/autopilot/ws/restackcell/ws_moveit2/install/robo_planner/share/robo_planner/config/ur_description/package.xml
[26.465s] -- Up-to-date: /home/autopilot/ws/restackcell/ws_moveit2/install/robo_planner/share/robo_planner/config/visual_parameters.yaml
[26.465s] -- Up-to-date: /home/autopilot/ws/restackcell/ws_moveit2/install/robo_planner/share/robo_planner/config/default_kinematics.yaml
[26.465s] -- Up-to-date: /home/autopilot/ws/restackcell/ws_moveit2/install/robo_planner/share/robo_planner/config/ur_moveit_config
[26.465s] -- Up-to-date: /home/autopilot/ws/restackcell/ws_moveit2/install/robo_planner/share/robo_planner/config/ur_moveit_config/package.dsv
[26.466s] -- Up-to-date: /home/autopilot/ws/restackcell/ws_moveit2/install/robo_planner/share/robo_planner/config/ur_moveit_config/local_setup.zsh
[26.466s] -- Up-to-date: /home/autopilot/ws/restackcell/ws_moveit2/install/robo_planner/share/robo_planner/config/ur_moveit_config/rviz
[26.466s] -- Up-to-date: /home/autopilot/ws/restackcell/ws_moveit2/install/robo_planner/share/robo_planner/config/ur_moveit_config/rviz/view_robot.rviz
[26.466s] -- Up-to-date: /home/autopilot/ws/restackcell/ws_moveit2/install/robo_planner/share/robo_planner/config/ur_moveit_config/local_setup.sh
[26.466s] -- Up-to-date: /home/autopilot/ws/restackcell/ws_moveit2/install/robo_planner/share/robo_planner/config/ur_moveit_config/cmake
[26.466s] -- Up-to-date: /home/autopilot/ws/restackcell/ws_moveit2/install/robo_planner/share/robo_planner/config/ur_moveit_config/cmake/ur_moveit_configConfig-version.cmake
[26.466s] -- Up-to-date: /home/autopilot/ws/restackcell/ws_moveit2/install/robo_planner/share/robo_planner/config/ur_moveit_config/cmake/ur_moveit_configConfig.cmake
[26.466s] -- Up-to-date: /home/autopilot/ws/restackcell/ws_moveit2/install/robo_planner/share/robo_planner/config/ur_moveit_config/local_setup.dsv
[26.466s] -- Up-to-date: /home/autopilot/ws/restackcell/ws_moveit2/install/robo_planner/share/robo_planner/config/ur_moveit_config/config
[26.467s] -- Up-to-date: /home/autopilot/ws/restackcell/ws_moveit2/install/robo_planner/share/robo_planner/config/ur_moveit_config/config/ur_servo.yaml
[26.467s] -- Up-to-date: /home/autopilot/ws/restackcell/ws_moveit2/install/robo_planner/share/robo_planner/config/ur_moveit_config/config/ompl_planning.yaml
[26.467s] -- Up-to-date: /home/autopilot/ws/restackcell/ws_moveit2/install/robo_planner/share/robo_planner/config/ur_moveit_config/config/controllers.yaml
[26.467s] -- Up-to-date: /home/autopilot/ws/restackcell/ws_moveit2/install/robo_planner/share/robo_planner/config/ur_moveit_config/config/pilz_cartesian_limits.yaml
[26.467s] -- Up-to-date: /home/autopilot/ws/restackcell/ws_moveit2/install/robo_planner/share/robo_planner/config/ur_moveit_config/config/pilz_industrial_motion_planner_planning.yaml
[26.467s] -- Up-to-date: /home/autopilot/ws/restackcell/ws_moveit2/install/robo_planner/share/robo_planner/config/ur_moveit_config/config/kinematics.yaml
[26.467s] -- Up-to-date: /home/autopilot/ws/restackcell/ws_moveit2/install/robo_planner/share/robo_planner/config/ur_moveit_config/launch
[26.467s] -- Up-to-date: /home/autopilot/ws/restackcell/ws_moveit2/install/robo_planner/share/robo_planner/config/ur_moveit_config/launch/ur_moveit.launch.py
[26.467s] -- Up-to-date: /home/autopilot/ws/restackcell/ws_moveit2/install/robo_planner/share/robo_planner/config/ur_moveit_config/local_setup.bash
[26.468s] -- Up-to-date: /home/autopilot/ws/restackcell/ws_moveit2/install/robo_planner/share/robo_planner/config/ur_moveit_config/environment
[26.468s] -- Up-to-date: /home/autopilot/ws/restackcell/ws_moveit2/install/robo_planner/share/robo_planner/config/ur_moveit_config/environment/pythonpath.sh
[26.468s] -- Up-to-date: /home/autopilot/ws/restackcell/ws_moveit2/install/robo_planner/share/robo_planner/config/ur_moveit_config/environment/ament_prefix_path.sh
[26.468s] -- Up-to-date: /home/autopilot/ws/restackcell/ws_moveit2/install/robo_planner/share/robo_planner/config/ur_moveit_config/environment/path.dsv
[26.468s] -- Up-to-date: /home/autopilot/ws/restackcell/ws_moveit2/install/robo_planner/share/robo_planner/config/ur_moveit_config/environment/ament_prefix_path.dsv
[26.468s] -- Up-to-date: /home/autopilot/ws/restackcell/ws_moveit2/install/robo_planner/share/robo_planner/config/ur_moveit_config/environment/pythonpath.dsv
[26.468s] -- Up-to-date: /home/autopilot/ws/restackcell/ws_moveit2/install/robo_planner/share/robo_planner/config/ur_moveit_config/environment/path.sh
[26.468s] -- Up-to-date: /home/autopilot/ws/restackcell/ws_moveit2/install/robo_planner/share/robo_planner/config/ur_moveit_config/package.xml
[26.468s] -- Up-to-date: /home/autopilot/ws/restackcell/ws_moveit2/install/robo_planner/share/robo_planner/config/ur_moveit_config/srdf
[26.468s] -- Up-to-date: /home/autopilot/ws/restackcell/ws_moveit2/install/robo_planner/share/robo_planner/config/ur_moveit_config/srdf/ur_macro.srdf.xacro
[26.469s] -- Up-to-date: /home/autopilot/ws/restackcell/ws_moveit2/install/robo_planner/share/robo_planner/config/ur_moveit_config/srdf/ur.srdf.xacro
[26.469s] -- Up-to-date: /home/autopilot/ws/restackcell/ws_moveit2/install/robo_planner/share/robo_planner/config/joint_limits.yaml
[26.469s] -- Up-to-date: /home/autopilot/ws/restackcell/ws_moveit2/install/robo_planner/share/robo_planner/config/pilz_cartesian_limits.yaml
[26.469s] -- Up-to-date: /home/autopilot/ws/restackcell/ws_moveit2/install/robo_planner/share/robo_planner/config/pilz_industrial_motion_planner_planning.yaml
[26.469s] -- Up-to-date: /home/autopilot/ws/restackcell/ws_moveit2/install/robo_planner/share/robo_planner/config/physical_parameters.yaml
[26.469s] -- Up-to-date: /home/autopilot/ws/restackcell/ws_moveit2/install/robo_planner/share/ament_index/resource_index/package_run_dependencies/robo_planner
[26.469s] -- Up-to-date: /home/autopilot/ws/restackcell/ws_moveit2/install/robo_planner/share/ament_index/resource_index/parent_prefix_path/robo_planner
[26.469s] -- Up-to-date: /home/autopilot/ws/restackcell/ws_moveit2/install/robo_planner/share/robo_planner/environment/ament_prefix_path.sh
[26.469s] -- Up-to-date: /home/autopilot/ws/restackcell/ws_moveit2/install/robo_planner/share/robo_planner/environment/ament_prefix_path.dsv
[26.469s] -- Up-to-date: /home/autopilot/ws/restackcell/ws_moveit2/install/robo_planner/share/robo_planner/environment/path.sh
[26.469s] -- Up-to-date: /home/autopilot/ws/restackcell/ws_moveit2/install/robo_planner/share/robo_planner/environment/path.dsv
[26.470s] -- Up-to-date: /home/autopilot/ws/restackcell/ws_moveit2/install/robo_planner/share/robo_planner/local_setup.bash
[26.470s] -- Up-to-date: /home/autopilot/ws/restackcell/ws_moveit2/install/robo_planner/share/robo_planner/local_setup.sh
[26.470s] -- Up-to-date: /home/autopilot/ws/restackcell/ws_moveit2/install/robo_planner/share/robo_planner/local_setup.zsh
[26.470s] -- Up-to-date: /home/autopilot/ws/restackcell/ws_moveit2/install/robo_planner/share/robo_planner/local_setup.dsv
[26.470s] -- Installing: /home/autopilot/ws/restackcell/ws_moveit2/install/robo_planner/share/robo_planner/package.dsv
[26.470s] -- Up-to-date: /home/autopilot/ws/restackcell/ws_moveit2/install/robo_planner/share/ament_index/resource_index/packages/robo_planner
[26.470s] -- Up-to-date: /home/autopilot/ws/restackcell/ws_moveit2/install/robo_planner/share/robo_planner/cmake/robo_plannerConfig.cmake
[26.470s] -- Up-to-date: /home/autopilot/ws/restackcell/ws_moveit2/install/robo_planner/share/robo_planner/cmake/robo_plannerConfig-version.cmake
[26.471s] -- Up-to-date: /home/autopilot/ws/restackcell/ws_moveit2/install/robo_planner/share/robo_planner/package.xml
[26.471s] Invoked command in '/home/autopilot/ws/restackcell/ws_moveit2/build/robo_planner' returned '0': CMAKE_PREFIX_PATH=/home/autopilot/ws/restackcell/ws_moveit2/install/robo_planner_py:/home/autopilot/ws/restackcell/ws_moveit2/install/grid_snapper:/home/autopilot/ws/restackcell/ws_moveit2/install/opcua_client:/home/autopilot/ws/restackcell/ws_moveit2/install/interface_opcua:/opt/ros/humble:/home/autopilot/ws/restackcell/ws_moveit2/install/wzlscheduler_interfaces:/home/autopilot/ws/restackcell/ws_moveit2/install/opcua_interfaces:/home/autopilot/ws/restackcell/ws_moveit2/install/robo_planner:/home/autopilot/ws/restackcell/ws_moveit2/install/pcl_segmentation:/home/autopilot/ws/restackcell/ws_moveit2/install/moveit_backend:/home/autopilot/ws/restackcell/ws_moveit2/install/mockup_robot:/home/autopilot/ws/restackcell/ws_moveit2/install/ur_pilz:/home/autopilot/ws/restackcell/ws_moveit2/install/robo_planner_msgs:/home/autopilot/ws/restackcell/ws_moveit2/install/custom_ur_moveit_config:/home/autopilot/ws/restackcell/ws_moveit2/install/custom_ur_description LD_LIBRARY_PATH=/home/autopilot/ws/restackcell/ws_moveit2/install/wzlscheduler_interfaces/lib:/home/autopilot/ws/restackcell/ws_moveit2/install/opcua_interfaces/lib:/home/autopilot/ws/restackcell/ws_moveit2/install/robo_planner_msgs/lib:/opt/ros/humble/opt/rviz_ogre_vendor/lib:/opt/ros/humble/lib/aarch64-linux-gnu:/opt/ros/humble/lib PYTHONPATH=/home/autopilot/ws/restackcell/ws_moveit2/install/wzlscheduler_interfaces/local/lib/python3.10/dist-packages:/home/autopilot/ws/restackcell/ws_moveit2/install/robo_planner_py/lib/python3.10/site-packages:/home/autopilot/ws/restackcell/ws_moveit2/install/grid_snapper/lib/python3.10/site-packages:/home/autopilot/ws/restackcell/ws_moveit2/install/robo_planner_msgs/local/lib/python3.10/dist-packages:/home/autopilot/ws/restackcell/ws_moveit2/install/opcua_client/lib/python3.10/site-packages:/home/autopilot/ws/restackcell/ws_moveit2/install/opcua_interfaces/local/lib/python3.10/dist-packages:/home/autopilot/ws/restackcell/ws_moveit2/install/interface_opcua/lib/python3.10/site-packages:/opt/ros/humble/lib/python3.10/site-packages:/opt/ros/humble/local/lib/python3.10/dist-packages /usr/bin/cmake --install /home/autopilot/ws/restackcell/ws_moveit2/build/robo_planner
