[0.017s] Invoking command in '/home/alex/restackcell/ws_moveit2/src/pcl_segmentation/build/pcl_segmentation': CMAKE_PREFIX_PATH=${CMAKE_PREFIX_PATH}:/home/alex/ws_moveit2/install/moveit_configs_utils:/home/alex/ws_moveit2/install/launch_param_builder:/opt/ros/humble /usr/bin/cmake /home/alex/restackcell/ws_moveit2/src/pcl_segmentation -DCMAKE_INSTALL_PREFIX=/home/alex/restackcell/ws_moveit2/src/pcl_segmentation/install/pcl_segmentation
[0.039s] -- Found ament_cmake: 1.3.8 (/opt/ros/humble/share/ament_cmake/cmake)
[0.150s] -- Found sensor_msgs: 4.2.3 (/opt/ros/humble/share/sensor_msgs/cmake)
[0.171s] -- Found rosidl_generator_c: 3.1.5 (/opt/ros/humble/share/rosidl_generator_c/cmake)
[0.174s] -- Found rosidl_adapter: 3.1.5 (/opt/ros/humble/share/rosidl_adapter/cmake)
[0.178s] -- Found rosidl_generator_cpp: 3.1.5 (/opt/ros/humble/share/rosidl_generator_cpp/cmake)
[0.186s] -- Using all available rosidl_typesupport_c: rosidl_typesupport_fastrtps_c;rosidl_typesupport_introspection_c
[0.198s] -- Using all available rosidl_typesupport_cpp: rosidl_typesupport_fastrtps_cpp;rosidl_typesupport_introspection_cpp
[0.331s] -- Found rclcpp: 16.0.8 (/opt/ros/humble/share/rclcpp/cmake)
[0.367s] -- Found rmw_implementation_cmake: 6.1.1 (/opt/ros/humble/share/rmw_implementation_cmake/cmake)
[0.369s] -- Found rmw_fastrtps_cpp: 6.2.6 (/opt/ros/humble/share/rmw_fastrtps_cpp/cmake)
[0.513s] -- Using RMW implementation 'rmw_fastrtps_cpp' as default
[0.600s] -- Found visualization_msgs: 4.2.3 (/opt/ros/humble/share/visualization_msgs/cmake)
[0.680s] -- Found pcl_conversions: 2.4.0 (/opt/ros/humble/share/pcl_conversions/cmake)
[0.781s] -- Eigen found (include: /usr/include/eigen3, version: 3.4.0)
[0.802s] -- OpenNI found (version: 1.5.4.0, include: /usr/include/ni, lib: /usr/lib/libOpenNI.so;libusb::libusb)
[0.809s] -- OpenNI2 found (version: 2.2.0.33, include: /usr/include/openni2, lib: /usr/lib/x86_64-linux-gnu/libOpenNI2.so;libusb::libusb)
[0.809s] [0m** WARNING ** io features related to pcap will be disabled[0m
[0.809s] [0m** WARNING ** io features related to png will be disabled[0m
[1.123s] -- Eigen found (include: /usr/include/eigen3, version: 3.4.0)
[1.123s] -- looking for PCL_COMMON
[1.123s] -- looking for PCL_OCTREE
[1.123s] -- looking for PCL_IO
[1.123s] -- Found PCL: pcl_common;pcl_octree;pcl_io;Boost::system;Boost::filesystem;Boost::date_time;Boost::iostreams;Boost::serialization;/usr/lib/libOpenNI.so;libusb::libusb;/usr/lib/x86_64-linux-gnu/libOpenNI2.so;libusb::libusb;VTK::ChartsCore;VTK::CommonColor;VTK::CommonComputationalGeometry;VTK::CommonCore;VTK::CommonDataModel;VTK::CommonExecutionModel;VTK::CommonMath;VTK::CommonMisc;VTK::CommonTransforms;VTK::FiltersCore;VTK::FiltersExtraction;VTK::FiltersGeneral;VTK::FiltersGeometry;VTK::FiltersModeling;VTK::FiltersSources;VTK::ImagingCore;VTK::ImagingSources;VTK::InteractionImage;VTK::InteractionStyle;VTK::InteractionWidgets;VTK::IOCore;VTK::IOGeometry;VTK::IOImage;VTK::IOLegacy;VTK::IOPLY;VTK::RenderingAnnotation;VTK::RenderingCore;VTK::RenderingContext2D;VTK::RenderingLOD;VTK::RenderingFreeType;VTK::ViewsCore;VTK::ViewsContext2D;VTK::RenderingOpenGL2;VTK::GUISupportQt  
[1.124s] [33mCMake Warning (dev) at CMakeLists.txt:28 (find_package):
[1.124s]   Policy CMP0074 is not set: find_package uses <PackageName>_ROOT variables.
[1.124s]   Run "cmake --help-policy CMP0074" for policy details.  Use the cmake_policy
[1.124s]   command to set the policy and suppress this warning.
[1.124s] 
[1.124s]   CMake variable PCL_ROOT is set to:
[1.124s] 
[1.124s]     /usr
[1.124s] 
[1.124s]   For compatibility, CMake is ignoring the variable.
[1.124s] This warning is for project developers.  Use -Wno-dev to suppress it.
[1.124s] [0m
[1.164s] -- FLANN found (include: /usr/include, lib: /usr/lib/x86_64-linux-gnu/libflann_cpp.so)
[1.304s] -- OpenNI found (version: 1.5.4.0, include: /usr/include/ni, lib: /usr/lib/libOpenNI.so;libusb::libusb)
[1.311s] -- OpenNI2 found (version: 2.2.0.33, include: /usr/include/openni2, lib: /usr/lib/x86_64-linux-gnu/libOpenNI2.so;libusb::libusb)
[1.464s] -- Found Qhull version 8.0.2
[1.622s] -- OpenNI found (version: 1.5.4.0, include: /usr/include/ni, lib: /usr/lib/libOpenNI.so;libusb::libusb)
[1.765s] -- looking for PCL_KDTREE
[1.766s] -- looking for PCL_SEARCH
[1.766s] -- looking for PCL_SAMPLE_CONSENSUS
[1.766s] -- looking for PCL_FILTERS
[1.766s] -- looking for PCL_2D
[1.766s] -- looking for PCL_GEOMETRY
[1.766s] -- looking for PCL_FEATURES
[1.766s] -- looking for PCL_ML
[1.767s] -- looking for PCL_SEGMENTATION
[1.767s] -- looking for PCL_VISUALIZATION
[1.767s] -- looking for PCL_SURFACE
[1.768s] -- looking for PCL_REGISTRATION
[1.768s] -- looking for PCL_KEYPOINTS
[1.768s] -- looking for PCL_TRACKING
[1.768s] -- looking for PCL_RECOGNITION
[1.769s] -- looking for PCL_STEREO
[1.769s] -- looking for PCL_APPS
[1.769s] -- looking for PCL_IN_HAND_SCANNER
[1.769s] -- looking for PCL_MODELER
[1.770s] -- looking for PCL_POINT_CLOUD_EDITOR
[1.770s] -- looking for PCL_OUTOFCORE
[1.770s] -- looking for PCL_PEOPLE
[1.771s] -- Found PCL: pcl_common;pcl_octree;pcl_io;pcl_kdtree;pcl_search;pcl_sample_consensus;pcl_filters;pcl_features;pcl_ml;pcl_segmentation;pcl_visualization;pcl_surface;pcl_registration;pcl_keypoints;pcl_tracking;pcl_recognition;pcl_stereo;pcl_apps;pcl_outofcore;pcl_people;Boost::system;Boost::filesystem;Boost::date_time;Boost::iostreams;Boost::serialization;/usr/lib/libOpenNI.so;libusb::libusb;/usr/lib/x86_64-linux-gnu/libOpenNI2.so;libusb::libusb;VTK::ChartsCore;VTK::CommonColor;VTK::CommonComputationalGeometry;VTK::CommonCore;VTK::CommonDataModel;VTK::CommonExecutionModel;VTK::CommonMath;VTK::CommonMisc;VTK::CommonTransforms;VTK::FiltersCore;VTK::FiltersExtraction;VTK::FiltersGeneral;VTK::FiltersGeometry;VTK::FiltersModeling;VTK::FiltersSources;VTK::ImagingCore;VTK::ImagingSources;VTK::InteractionImage;VTK::InteractionStyle;VTK::InteractionWidgets;VTK::IOCore;VTK::IOGeometry;VTK::IOImage;VTK::IOLegacy;VTK::IOPLY;VTK::RenderingAnnotation;VTK::RenderingCore;VTK::RenderingContext2D;VTK::RenderingLOD;VTK::RenderingFreeType;VTK::ViewsCore;VTK::ViewsContext2D;VTK::RenderingOpenGL2;VTK::GUISupportQt;FLANN::FLANN;QHULL::QHULL (Required is at least version "1.1") 
[1.771s] [31mCMake Error at CMakeLists.txt:38 (add_executable):
[1.771s]   add_executable cannot create target "pcl_segmentation" because an imported
[1.771s]   target with the same name already exists.
[1.771s] 
[1.771s] [0m
[1.771s] [31mCMake Error at CMakeLists.txt:67 (install):
[1.771s]   install TARGETS given target "pcl_segmentation" which does not exist.
[1.771s] 
[1.771s] [0m
[1.771s] -- Found ament_lint_auto: 0.12.10 (/opt/ros/humble/share/ament_lint_auto/cmake)
[1.826s] -- Added test 'copyright' to check source files copyright and LICENSE
[1.833s] -- Added test 'cppcheck' to perform static code analysis on C / C++ code
[1.833s] -- Configured cppcheck include dirs: /home/alex/restackcell/ws_moveit2/src/pcl_segmentation/include
[1.834s] -- Configured cppcheck exclude dirs and/or files: 
[1.840s] -- Added test 'cpplint' to check C / C++ code against the Google style
[1.840s] -- Configured cpplint exclude dirs and/or files: 
[1.841s] -- Added test 'flake8' to check Python code syntax and style conventions
[1.844s] -- Added test 'lint_cmake' to check CMake code style
[1.845s] -- Added test 'pep257' to check Python code against some of the docstring style conventions in PEP 257
[1.852s] -- Added test 'uncrustify' to check C / C++ code style
[1.852s] -- Configured uncrustify additional arguments: 
[1.853s] -- Added test 'xmllint' to check XML markup files
[1.854s] -- Configuring incomplete, errors occurred!
[1.854s] See also "/home/alex/restackcell/ws_moveit2/src/pcl_segmentation/build/pcl_segmentation/CMakeFiles/CMakeOutput.log".
[1.881s] Invoked command in '/home/alex/restackcell/ws_moveit2/src/pcl_segmentation/build/pcl_segmentation' returned '1': CMAKE_PREFIX_PATH=${CMAKE_PREFIX_PATH}:/home/alex/ws_moveit2/install/moveit_configs_utils:/home/alex/ws_moveit2/install/launch_param_builder:/opt/ros/humble /usr/bin/cmake /home/alex/restackcell/ws_moveit2/src/pcl_segmentation -DCMAKE_INSTALL_PREFIX=/home/alex/restackcell/ws_moveit2/src/pcl_segmentation/install/pcl_segmentation
