/home/alex/restackcell/ws_moveit2/install/robo_planner_py/lib/python3.10/site-packages/robo_planner_py/Task.py
/home/alex/restackcell/ws_moveit2/install/robo_planner_py/lib/python3.10/site-packages/robo_planner_py/Logger.py
/home/alex/restackcell/ws_moveit2/install/robo_planner_py/lib/python3.10/site-packages/robo_planner_py/Pose.py
/home/alex/restackcell/ws_moveit2/install/robo_planner_py/lib/python3.10/site-packages/robo_planner_py/Gripper.py
/home/alex/restackcell/ws_moveit2/install/robo_planner_py/lib/python3.10/site-packages/robo_planner_py/__init__.py
/home/alex/restackcell/ws_moveit2/install/robo_planner_py/lib/python3.10/site-packages/robo_planner_py/Robot.py
/home/alex/restackcell/ws_moveit2/install/robo_planner_py/lib/python3.10/site-packages/robo_planner_py/Serializer.py
/home/alex/restackcell/ws_moveit2/install/robo_planner_py/lib/python3.10/site-packages/robo_planner_py/SeneObject.py
/home/alex/restackcell/ws_moveit2/install/robo_planner_py/lib/python3.10/site-packages/robo_planner_py/OpcuaInterface.py
/home/alex/restackcell/ws_moveit2/install/robo_planner_py/lib/python3.10/site-packages/robo_planner_py/__pycache__/Task.cpython-310.pyc
/home/alex/restackcell/ws_moveit2/install/robo_planner_py/lib/python3.10/site-packages/robo_planner_py/__pycache__/Logger.cpython-310.pyc
/home/alex/restackcell/ws_moveit2/install/robo_planner_py/lib/python3.10/site-packages/robo_planner_py/__pycache__/Pose.cpython-310.pyc
/home/alex/restackcell/ws_moveit2/install/robo_planner_py/lib/python3.10/site-packages/robo_planner_py/__pycache__/Gripper.cpython-310.pyc
/home/alex/restackcell/ws_moveit2/install/robo_planner_py/lib/python3.10/site-packages/robo_planner_py/__pycache__/__init__.cpython-310.pyc
/home/alex/restackcell/ws_moveit2/install/robo_planner_py/lib/python3.10/site-packages/robo_planner_py/__pycache__/Robot.cpython-310.pyc
/home/alex/restackcell/ws_moveit2/install/robo_planner_py/lib/python3.10/site-packages/robo_planner_py/__pycache__/Serializer.cpython-310.pyc
/home/alex/restackcell/ws_moveit2/install/robo_planner_py/lib/python3.10/site-packages/robo_planner_py/__pycache__/SeneObject.cpython-310.pyc
/home/alex/restackcell/ws_moveit2/install/robo_planner_py/lib/python3.10/site-packages/robo_planner_py/__pycache__/OpcuaInterface.cpython-310.pyc
/home/alex/restackcell/ws_moveit2/install/robo_planner_py/share/ament_index/resource_index/packages/robo_planner_py
/home/alex/restackcell/ws_moveit2/install/robo_planner_py/share/robo_planner_py/package.xml
/home/alex/restackcell/ws_moveit2/install/robo_planner_py/lib/python3.10/site-packages/robo_planner_py-0.0.0-py3.10.egg-info/top_level.txt
/home/alex/restackcell/ws_moveit2/install/robo_planner_py/lib/python3.10/site-packages/robo_planner_py-0.0.0-py3.10.egg-info/zip-safe
/home/alex/restackcell/ws_moveit2/install/robo_planner_py/lib/python3.10/site-packages/robo_planner_py-0.0.0-py3.10.egg-info/PKG-INFO
/home/alex/restackcell/ws_moveit2/install/robo_planner_py/lib/python3.10/site-packages/robo_planner_py-0.0.0-py3.10.egg-info/SOURCES.txt
/home/alex/restackcell/ws_moveit2/install/robo_planner_py/lib/python3.10/site-packages/robo_planner_py-0.0.0-py3.10.egg-info/entry_points.txt
/home/alex/restackcell/ws_moveit2/install/robo_planner_py/lib/python3.10/site-packages/robo_planner_py-0.0.0-py3.10.egg-info/requires.txt
/home/alex/restackcell/ws_moveit2/install/robo_planner_py/lib/python3.10/site-packages/robo_planner_py-0.0.0-py3.10.egg-info/dependency_links.txt
/home/alex/restackcell/ws_moveit2/install/robo_planner_py/lib/robo_planner_py/talker
