[0.096s] Invoking command in '/home/alex/restackcell/ws_moveit2/build/robo_planner': AMENT_PREFIX_PATH=/home/alex/restackcell/ws_moveit2/install/tutorial_interfaces:${AMENT_PREFIX_PATH} CMAKE_PREFIX_PATH=/home/alex/ws_moveit2/install/moveit_configs_utils:/home/alex/ws_moveit2/install/launch_param_builder:/opt/ros/humble:/home/alex/restackcell/ws_moveit2/install/wzlscheduler_interfaces:/home/alex/restackcell/ws_moveit2/install/tutorial_interfaces:${CMAKE_PREFIX_PATH} LD_LIBRARY_PATH=/home/alex/restackcell/ws_moveit2/install/wzlscheduler_interfaces/lib:/home/alex/restackcell/ws_moveit2/install/tutorial_interfaces/lib:${LD_LIBRARY_PATH} PKG_CONFIG_PATH=/home/alex/restackcell/ws_moveit2/install/wzlscheduler_interfaces/lib/x86_64-linux-gnu/pkgconfig:/home/alex/restackcell/ws_moveit2/install/wzlscheduler_interfaces/lib/pkgconfig:${PKG_CONFIG_PATH} PYTHONPATH=/home/alex/restackcell/ws_moveit2/install/wzlscheduler_interfaces/local/lib/python3.10/dist-packages:/home/alex/restackcell/ws_moveit2/install/tutorial_interfaces/local/lib/python3.10/dist-packages:${PYTHONPATH} ROS_PACKAGE_PATH=/home/alex/restackcell/ws_moveit2/install/wzlscheduler_interfaces/share:${ROS_PACKAGE_PATH} /usr/bin/cmake --build /home/alex/restackcell/ws_moveit2/build/robo_planner -- -j16 -l16
[0.214s] [ 22%] [32mBuilding CXX object CMakeFiles/robo_planner.dir/src/Scene.cpp.o[0m
[0.214s] [ 22%] [32mBuilding CXX object CMakeFiles/robo_planner.dir/src/ObjectContainer.cpp.o[0m
[0.214s] [ 22%] [32mBuilding CXX object CMakeFiles/robo_planner.dir/src/Gripper.cpp.o[0m
[0.214s] [ 22%] [32mBuilding CXX object CMakeFiles/robo_planner.dir/src/Main.cpp.o[0m
[0.214s] [ 22%] [32mBuilding CXX object CMakeFiles/robo_planner.dir/src/SceneObjects/SceneObjectClampingDevice.cpp.o[0m
[0.215s] [ 27%] [32mBuilding CXX object CMakeFiles/robo_planner.dir/src/Tasks/Task.cpp.o[0m
[0.215s] [ 31%] [32mBuilding CXX object CMakeFiles/robo_planner.dir/src/Tasks/TaskGripperChange.cpp.o[0m
[0.217s] [ 36%] [32mBuilding CXX object CMakeFiles/robo_planner.dir/src/Tasks/TaskGripperChangePick.cpp.o[0m
[0.218s] [ 40%] [32mBuilding CXX object CMakeFiles/robo_planner.dir/src/Tasks/TaskGripperChangePlace.cpp.o[0m
[0.218s] [ 45%] [32mBuilding CXX object CMakeFiles/robo_planner.dir/src/Tasks/TaskGripperClose.cpp.o[0m
[0.219s] [ 50%] [32mBuilding CXX object CMakeFiles/robo_planner.dir/src/Tasks/TaskGripperOpen.cpp.o[0m
[0.223s] [ 63%] [32mBuilding CXX object CMakeFiles/robo_planner.dir/src/Tasks/TaskPick.cpp.o[0m
[0.223s] [ 63%] [32mBuilding CXX object CMakeFiles/robo_planner.dir/src/Tasks/TaskList.cpp.o[0m
[0.223s] [ 63%] [32mBuilding CXX object CMakeFiles/robo_planner.dir/src/Tasks/TaskMoveToPose.cpp.o[0m
[0.224s] [ 68%] [32mBuilding CXX object CMakeFiles/robo_planner.dir/src/Tasks/TaskPlace.cpp.o[0m
[0.230s] [ 72%] [32mBuilding CXX object CMakeFiles/robo_planner.dir/src/Tasks/TaskPickAndPlace.cpp.o[0m
[0.970s] In file included from [01m[K/home/alex/restackcell/ws_moveit2/src/robo_planner/src/Tasks/TaskGripperChangePlace.cpp:1[m[K:
[0.970s] [01m[K/home/alex/restackcell/ws_moveit2/src/robo_planner/src/Tasks/../../include/Tasks/Composed/TaskGripperChangePlace.h:6:10:[m[K [01;31m[Kfatal error: [m[KTaskMoveToPose.h: No such file or directory
[0.970s]     6 | #include [01;31m[K"TaskMoveToPose.h"[m[K
[0.970s]       |          [01;31m[K^~~~~~~~~~~~~~~~~~[m[K
[0.971s] compilation terminated.
[0.971s] In file included from [01m[K/home/alex/restackcell/ws_moveit2/src/robo_planner/src/../include/Tasks/TaskInclude.h:7[m[K,
[0.971s]                  from [01m[K/home/alex/restackcell/ws_moveit2/src/robo_planner/src/Main.cpp:11[m[K:
[0.971s] [01m[K/home/alex/restackcell/ws_moveit2/src/robo_planner/src/../include/Tasks/Atomic/TaskGetObjectInScene.h:6:10:[m[K [01;31m[Kfatal error: [m[K../../include/SceneObjects/SceneObjectInclude.h: No such file or directory
[0.971s]     6 | #include [01;31m[K"../../include/SceneObjects/SceneObjectInclude.h"[m[K
[0.972s]       |          [01;31m[K^~~~~~~~~~~~~~~~~~~~~~~~~~~~~~~~~~~~~~~~~~~~~~~~~[m[K
[0.972s] compilation terminated.
[0.972s] In file included from [01m[K/home/alex/restackcell/ws_moveit2/src/robo_planner/src/Tasks/../../include/Tasks/Composed/TaskGripperChange.h:6[m[K,
[0.972s]                  from [01m[K/home/alex/restackcell/ws_moveit2/src/robo_planner/src/Tasks/TaskGripperChange.cpp:1[m[K:
[0.972s] [01m[K/home/alex/restackcell/ws_moveit2/src/robo_planner/src/Tasks/../../include/Tasks/Composed/TaskGripperChangePlace.h:6:10:[m[K [01;31m[Kfatal error: [m[KTaskMoveToPose.h: No such file or directory
[0.972s]     6 | #include [01;31m[K"TaskMoveToPose.h"[m[K
[0.972s]       |          [01;31m[K^~~~~~~~~~~~~~~~~~[m[K
[0.972s] compilation terminated.
[0.973s] In file included from [01m[K/home/alex/restackcell/ws_moveit2/src/robo_planner/src/Tasks/TaskPlace.cpp:1[m[K:
[0.973s] [01m[K/home/alex/restackcell/ws_moveit2/src/robo_planner/src/Tasks/../../include/Tasks/Composed/TaskPlace.h:6:10:[m[K [01;31m[Kfatal error: [m[K../Pose.h: No such file or directory
[0.973s]     6 | #include [01;31m[K"../Pose.h"[m[K
[0.973s]       |          [01;31m[K^~~~~~~~~~~[m[K
[0.973s] compilation terminated.
[0.980s] gmake[2]: *** [CMakeFiles/robo_planner.dir/build.make:104: CMakeFiles/robo_planner.dir/src/Main.cpp.o] Error 1
[0.980s] gmake[2]: *** Waiting for unfinished jobs....
[0.980s] gmake[2]: *** [CMakeFiles/robo_planner.dir/build.make:216: CMakeFiles/robo_planner.dir/src/Tasks/TaskGripperChange.cpp.o] Error 1
[0.981s] gmake[2]: *** [CMakeFiles/robo_planner.dir/build.make:342: CMakeFiles/robo_planner.dir/src/Tasks/TaskPlace.cpp.o] Error 1
[0.981s] gmake[2]: *** [CMakeFiles/robo_planner.dir/build.make:244: CMakeFiles/robo_planner.dir/src/Tasks/TaskGripperChangePlace.cpp.o] Error 1
[1.069s] In file included from [01m[K/home/alex/restackcell/ws_moveit2/src/robo_planner/src/Tasks/../../include/Tasks/Composed/TaskPickAndPlace.h:7[m[K,
[1.070s]                  from [01m[K/home/alex/restackcell/ws_moveit2/src/robo_planner/src/Tasks/TaskPickAndPlace.cpp:1[m[K:
[1.070s] [01m[K/home/alex/restackcell/ws_moveit2/src/robo_planner/src/Tasks/../../include/Tasks/Composed/TaskPlace.h:6:10:[m[K [01;31m[Kfatal error: [m[K../Pose.h: No such file or directory
[1.071s]     6 | #include [01;31m[K"../Pose.h"[m[K
[1.071s]       |          [01;31m[K^~~~~~~~~~~[m[K
[1.071s] compilation terminated.
[1.074s] gmake[2]: *** [CMakeFiles/robo_planner.dir/build.make:328: CMakeFiles/robo_planner.dir/src/Tasks/TaskPickAndPlace.cpp.o] Error 1
[4.751s] [01m[K/home/alex/restackcell/ws_moveit2/src/robo_planner/src/Tasks/Task.cpp:[m[K In function ‘[01m[Kvoid LogExecutionFailed(std::string)[m[K’:
[4.751s] [01m[K/home/alex/restackcell/ws_moveit2/src/robo_planner/src/Tasks/Task.cpp:9:43:[m[K [01;35m[Kwarning: [m[Kunused parameter ‘[01m[Kmsg[m[K’ [[01;35m[K]8;;https://gcc.gnu.org/onlinedocs/gcc/Warning-Options.html#index-Wunused-parameter-Wunused-parameter]8;;[m[K]
[4.751s]     9 | void LogExecutionFailed([01;35m[Kconst std::string msg[m[K)
[4.751s]       |                         [01;35m[K~~~~~~~~~~~~~~~~~~^~~[m[K
[4.866s] [01m[K/home/alex/restackcell/ws_moveit2/src/robo_planner/src/Scene.cpp:[m[K In member function ‘[01m[Kstd::shared_ptr<WzlPlanner::SceneObject> WzlPlanner::Scene::GetSceneObject(std::string) const[m[K’:
[4.867s] [01m[K/home/alex/restackcell/ws_moveit2/src/robo_planner/src/Scene.cpp:15:94:[m[K [01;35m[Kwarning: [m[Kunused parameter ‘[01m[Kid[m[K’ [[01;35m[K]8;;https://gcc.gnu.org/onlinedocs/gcc/Warning-Options.html#index-Wunused-parameter-Wunused-parameter]8;;[m[K]
[4.867s]    15 | std::shared_ptr<WzlPlanner::SceneObject> WzlPlanner::Scene::GetSceneObject([01;35m[Kconst std::string id[m[K) const
[4.867s]       |                                                                            [01;35m[K~~~~~~~~~~~~~~~~~~^~[m[K
[8.051s] gmake[1]: *** [CMakeFiles/Makefile2:137: CMakeFiles/robo_planner.dir/all] Error 2
[8.051s] gmake: *** [Makefile:146: all] Error 2
[8.054s] Invoked command in '/home/alex/restackcell/ws_moveit2/build/robo_planner' returned '2': AMENT_PREFIX_PATH=/home/alex/restackcell/ws_moveit2/install/tutorial_interfaces:${AMENT_PREFIX_PATH} CMAKE_PREFIX_PATH=/home/alex/ws_moveit2/install/moveit_configs_utils:/home/alex/ws_moveit2/install/launch_param_builder:/opt/ros/humble:/home/alex/restackcell/ws_moveit2/install/wzlscheduler_interfaces:/home/alex/restackcell/ws_moveit2/install/tutorial_interfaces:${CMAKE_PREFIX_PATH} LD_LIBRARY_PATH=/home/alex/restackcell/ws_moveit2/install/wzlscheduler_interfaces/lib:/home/alex/restackcell/ws_moveit2/install/tutorial_interfaces/lib:${LD_LIBRARY_PATH} PKG_CONFIG_PATH=/home/alex/restackcell/ws_moveit2/install/wzlscheduler_interfaces/lib/x86_64-linux-gnu/pkgconfig:/home/alex/restackcell/ws_moveit2/install/wzlscheduler_interfaces/lib/pkgconfig:${PKG_CONFIG_PATH} PYTHONPATH=/home/alex/restackcell/ws_moveit2/install/wzlscheduler_interfaces/local/lib/python3.10/dist-packages:/home/alex/restackcell/ws_moveit2/install/tutorial_interfaces/local/lib/python3.10/dist-packages:${PYTHONPATH} ROS_PACKAGE_PATH=/home/alex/restackcell/ws_moveit2/install/wzlscheduler_interfaces/share:${ROS_PACKAGE_PATH} /usr/bin/cmake --build /home/alex/restackcell/ws_moveit2/build/robo_planner -- -j16 -l16
