[0.062s] Invoking command in '/home/alex/ws_moveit2/build/moveit_core': CMAKE_PREFIX_PATH=/home/alex/ws_moveit2/install/moveit_resources_panda_moveit_config:/home/alex/ws_moveit2/install/srdfdom:/home/alex/ws_moveit2/install/moveit_resources_pr2_description:/home/alex/ws_moveit2/install/moveit_resources_panda_description:/home/alex/ws_moveit2/install/moveit_common:/home/alex/ws_moveit2/install/pilz_industrial_motion_planner_testutils:/home/alex/ws_moveit2/install/moveit_runtime:/home/alex/ws_moveit2/install/moveit2_tutorials:/home/alex/ws_moveit2/install/moveit:/home/alex/ws_moveit2/install/moveit_planners:/home/alex/ws_moveit2/install/pilz_industrial_motion_planner:/home/alex/ws_moveit2/install/moveit_visual_tools:/home/alex/ws_moveit2/install/moveit_task_constructor_visualization:/home/alex/ws_moveit2/install/moveit_task_constructor_demo:/home/alex/ws_moveit2/install/moveit_task_constructor_capabilities:/home/alex/ws_moveit2/install/moveit_task_constructor_core:/home/alex/ws_moveit2/install/moveit_ros_control_interface:/home/alex/ws_moveit2/install/moveit_plugins:/home/alex/ws_moveit2/install/moveit_simple_controller_manager:/home/alex/ws_moveit2/install/moveit_setup_assistant:/home/alex/ws_moveit2/install/moveit_setup_srdf_plugins:/home/alex/ws_moveit2/install/moveit_setup_core_plugins:/home/alex/ws_moveit2/install/moveit_setup_controllers:/home/alex/ws_moveit2/install/moveit_setup_app_plugins:/home/alex/ws_moveit2/install/moveit_setup_framework:/home/alex/ws_moveit2/install/moveit_servo:/home/alex/ws_moveit2/install/moveit_ros:/home/alex/ws_moveit2/install/moveit_ros_visualization:/home/alex/ws_moveit2/install/moveit_hybrid_planning:/home/alex/ws_moveit2/install/moveit_ros_planning_interface:/home/alex/ws_moveit2/install/moveit_ros_benchmarks:/home/alex/ws_moveit2/install/moveit_ros_warehouse:/home/alex/ws_moveit2/install/moveit_ros_robot_interaction:/home/alex/ws_moveit2/install/moveit_ros_perception:/home/alex/ws_moveit2/install/moveit_resources_prbt_pg70_support:/home/alex/ws_moveit2/install/moveit_resources_prbt_moveit_config:/home/alex/ws_moveit2/install/moveit_ros_move_group:/home/alex/ws_moveit2/install/moveit_planners_ompl:/home/alex/ws_moveit2/install/moveit_ros_planning:/home/alex/ws_moveit2/install/moveit_ros_occupancy_map_monitor:/home/alex/ws_moveit2/install/moveit_resources_prbt_ikfast_manipulator_plugin:/home/alex/ws_moveit2/install/moveit_planners_chomp:/home/alex/ws_moveit2/install/moveit_kinematics:/home/alex/ws_moveit2/install/moveit_chomp_optimizer_adapter:/home/alex/ws_moveit2/install/chomp_motion_planner:/home/alex/ws_moveit2/install/moveit_core:/home/alex/ws_moveit2/install/rviz_marker_tools:/home/alex/ws_moveit2/install/rosparam_shortcuts:/home/alex/ws_moveit2/install/moveit_task_constructor_msgs:/home/alex/ws_moveit2/install/moveit_resources_prbt_support:/home/alex/ws_moveit2/install/moveit_resources:/home/alex/ws_moveit2/install/moveit_resources_fanuc_moveit_config:/home/alex/ws_moveit2/install/moveit_resources_fanuc_description:/home/alex/ws_moveit2/install/moveit_configs_utils:/home/alex/ws_moveit2/install/launch_param_builder:/opt/ros/humble LD_LIBRARY_PATH=/home/alex/ws_moveit2/install/srdfdom/lib:/home/alex/ws_moveit2/install/pilz_industrial_motion_planner_testutils/lib:/home/alex/ws_moveit2/install/pilz_industrial_motion_planner/lib:/home/alex/ws_moveit2/install/moveit_visual_tools/lib:/home/alex/ws_moveit2/install/moveit_task_constructor_visualization/lib:/home/alex/ws_moveit2/install/moveit_task_constructor_demo/lib:/home/alex/ws_moveit2/install/moveit_task_constructor_capabilities/lib:/home/alex/ws_moveit2/install/moveit_task_constructor_core/lib:/home/alex/ws_moveit2/install/moveit_ros_control_interface/lib:/home/alex/ws_moveit2/install/moveit_simple_controller_manager/lib:/home/alex/ws_moveit2/install/moveit_setup_assistant/lib:/home/alex/ws_moveit2/install/moveit_setup_srdf_plugins/lib:/home/alex/ws_moveit2/install/moveit_setup_core_plugins/lib:/home/alex/ws_moveit2/install/moveit_setup_controllers/lib:/home/alex/ws_moveit2/install/moveit_setup_app_plugins/lib:/home/alex/ws_moveit2/install/moveit_setup_framework/lib:/home/alex/ws_moveit2/install/moveit_servo/lib:/home/alex/ws_moveit2/install/moveit_ros_visualization/lib:/home/alex/ws_moveit2/install/moveit_hybrid_planning/lib:/home/alex/ws_moveit2/install/moveit_ros_planning_interface/lib:/home/alex/ws_moveit2/install/moveit_ros_benchmarks/lib:/home/alex/ws_moveit2/install/moveit_ros_warehouse/lib:/home/alex/ws_moveit2/install/moveit_ros_robot_interaction/lib:/home/alex/ws_moveit2/install/moveit_ros_perception/lib:/home/alex/ws_moveit2/install/moveit_ros_move_group/lib:/home/alex/ws_moveit2/install/moveit_planners_ompl/lib:/home/alex/ws_moveit2/install/moveit_ros_planning/lib:/home/alex/ws_moveit2/install/moveit_ros_occupancy_map_monitor/lib:/home/alex/ws_moveit2/install/moveit_resources_prbt_ikfast_manipulator_plugin/lib:/home/alex/ws_moveit2/install/moveit_planners_chomp/lib:/home/alex/ws_moveit2/install/moveit_kinematics/lib:/home/alex/ws_moveit2/install/moveit_chomp_optimizer_adapter/lib:/home/alex/ws_moveit2/install/chomp_motion_planner/lib:/home/alex/ws_moveit2/install/moveit_core/lib:/home/alex/ws_moveit2/install/rviz_marker_tools/lib:/home/alex/ws_moveit2/install/rosparam_shortcuts/lib:/home/alex/ws_moveit2/install/moveit_task_constructor_msgs/lib:/opt/ros/humble/opt/rviz_ogre_vendor/lib:/opt/ros/humble/lib/x86_64-linux-gnu:/opt/ros/humble/lib /usr/bin/cmake --build /home/alex/ws_moveit2/build/moveit_core -- -j16 -l16
[0.139s] [35m[1mConsolidate compiler generated dependencies of target moveit_version[0m
[0.139s] [35m[1mConsolidate compiler generated dependencies of target moveit_exceptions[0m
[0.139s] [35m[1mConsolidate compiler generated dependencies of target moveit_smoothing_base[0m
[0.139s] [35m[1mConsolidate compiler generated dependencies of target moveit_utils[0m
[0.140s] [35m[1mConsolidate compiler generated dependencies of target gtest_main[0m
[0.140s] [35m[1mConsolidate compiler generated dependencies of target gtest[0m
[0.140s] [35m[1mConsolidate compiler generated dependencies of target gmock_main[0m
[0.141s] [35m[1mConsolidate compiler generated dependencies of target gmock[0m
[0.142s] [35m[1mConsolidate compiler generated dependencies of target moveit_kinematics_base[0m
[0.143s] [35m[1mConsolidate compiler generated dependencies of target moveit_transforms[0m
[0.150s] [35m[1mConsolidate compiler generated dependencies of target moveit_distance_field[0m
[0.157s] [  3%] Built target moveit_butterworth_parameters
[0.157s] [  3%] Built target moveit_version
[0.158s] [  4%] Built target moveit_exceptions
[0.160s] [  5%] Built target gtest_main
[0.160s] [  6%] Built target gtest
[0.162s] [  7%] Built target gmock_main
[0.162s] [  9%] Built target moveit_utils
[0.163s] [ 10%] Built target moveit_smoothing_base
[0.164s] [ 12%] Built target gmock
[0.173s] [ 13%] Built target moveit_kinematics_base
[0.178s] [ 14%] Built target moveit_transforms
[0.196s] [ 16%] Built target moveit_distance_field
[0.197s] [35m[1mConsolidate compiler generated dependencies of target test_transforms[0m
[0.204s] [35m[1mConsolidate compiler generated dependencies of target moveit_robot_model[0m
[0.218s] [35m[1mConsolidate compiler generated dependencies of target test_voxel_grid[0m
[0.219s] [35m[1mConsolidate compiler generated dependencies of target test_distance_field[0m
[0.219s] [ 17%] Built target test_transforms
[0.246s] [ 18%] Built target test_voxel_grid
[0.251s] [ 20%] Built target test_distance_field
[0.251s] [ 26%] Built target moveit_robot_model
[0.274s] [35m[1mConsolidate compiler generated dependencies of target moveit_butterworth_filter[0m
[0.274s] [35m[1mConsolidate compiler generated dependencies of target moveit_test_utils[0m
[0.277s] [35m[1mConsolidate compiler generated dependencies of target moveit_robot_state[0m
[0.304s] [ 27%] Built target moveit_butterworth_filter
[0.306s] [ 28%] Built target moveit_test_utils
[0.319s] [ 31%] Built target moveit_robot_state
[0.325s] [35m[1mConsolidate compiler generated dependencies of target test_butterworth_filter[0m
[0.328s] [35m[1mConsolidate compiler generated dependencies of target test_robot_model[0m
[0.341s] [35m[1mConsolidate compiler generated dependencies of target test_robot_state_complex[0m
[0.341s] [35m[1mConsolidate compiler generated dependencies of target moveit_kinematics_metrics[0m
[0.341s] [35m[1mConsolidate compiler generated dependencies of target test_robot_state[0m
[0.341s] [35m[1mConsolidate compiler generated dependencies of target moveit_robot_trajectory[0m
[0.342s] [35m[1mConsolidate compiler generated dependencies of target moveit_dynamics_solver[0m
[0.343s] [35m[1mConsolidate compiler generated dependencies of target test_robot_state_benchmark[0m
[0.343s] [35m[1mConsolidate compiler generated dependencies of target test_cartesian_interpolator[0m
[0.344s] [35m[1mConsolidate compiler generated dependencies of target test_aabb[0m
[0.359s] [35m[1mConsolidate compiler generated dependencies of target moveit_collision_detection[0m
[0.362s] [ 33%] Built target test_butterworth_filter
[0.362s] [ 33%] Built target test_robot_model
[0.370s] [ 35%] Built target moveit_kinematics_metrics
[0.370s] [ 36%] Built target test_robot_state_complex
[0.370s] [ 36%] Built target moveit_robot_trajectory
[0.371s] [ 37%] Built target test_robot_state_benchmark
[0.371s] [ 39%] Built target test_robot_state
[0.372s] [ 41%] Built target moveit_dynamics_solver
[0.376s] [ 42%] Built target test_cartesian_interpolator
[0.376s] [ 43%] Built target test_aabb
[0.392s] [35m[1mConsolidate compiler generated dependencies of target test_robot_trajectory[0m
[0.394s] [35m[1mConsolidate compiler generated dependencies of target moveit_planning_interface[0m
[0.396s] [35m[1mConsolidate compiler generated dependencies of target moveit_trajectory_processing[0m
[0.417s] [ 49%] Built target moveit_collision_detection
[0.422s] [ 50%] Built target test_robot_trajectory
[0.427s] [ 52%] Built target moveit_planning_interface
[0.435s] [ 56%] Built target moveit_trajectory_processing
[0.436s] [35m[1mConsolidate compiler generated dependencies of target test_world_diff[0m
[0.436s] [35m[1mConsolidate compiler generated dependencies of target test_world[0m
[0.436s] [35m[1mConsolidate compiler generated dependencies of target test_all_valid[0m
[0.438s] [35m[1mConsolidate compiler generated dependencies of target moveit_collision_detection_fcl[0m
[0.453s] [35m[1mConsolidate compiler generated dependencies of target moveit_collision_detection_bullet[0m
[0.457s] [35m[1mConsolidate compiler generated dependencies of target test_ruckig_traj_smoothing[0m
[0.457s] [35m[1mConsolidate compiler generated dependencies of target test_time_parameterization[0m
[0.457s] [35m[1mConsolidate compiler generated dependencies of target test_time_optimal_trajectory_generation[0m
[0.458s] [ 57%] Built target test_world
[0.458s] [ 59%] Built target test_world_diff
[0.467s] [ 60%] Built target test_all_valid
[0.475s] [ 62%] Built target moveit_collision_detection_fcl
[0.488s] [ 65%] Built target test_ruckig_traj_smoothing
[0.488s] [ 65%] Built target test_time_parameterization
[0.488s] [ 66%] Built target test_time_optimal_trajectory_generation
[0.497s] [35m[1mConsolidate compiler generated dependencies of target test_fcl_collision_detection[0m
[0.497s] [35m[1mConsolidate compiler generated dependencies of target test_fcl_collision_detection_panda[0m
[0.497s] [35m[1mConsolidate compiler generated dependencies of target test_fcl_collision_env[0m
[0.498s] [35m[1mConsolidate compiler generated dependencies of target moveit_kinematic_constraints[0m
[0.511s] [ 71%] Built target moveit_collision_detection_bullet
[0.531s] [ 74%] Built target test_fcl_collision_env
[0.531s] [ 74%] Built target test_fcl_collision_detection_panda
[0.533s] [ 75%] Built target test_fcl_collision_detection
[0.533s] [35m[1mConsolidate compiler generated dependencies of target test_bullet_collision_detection_panda[0m
[0.533s] [35m[1mConsolidate compiler generated dependencies of target test_bullet_collision_detection[0m
[0.533s] [35m[1mConsolidate compiler generated dependencies of target test_bullet_continuous_collision_checking[0m
[0.539s] [ 77%] Built target moveit_kinematic_constraints
[0.561s] [35m[1mConsolidate compiler generated dependencies of target test_constraints[0m
[0.561s] [35m[1mConsolidate compiler generated dependencies of target test_orientation_constraints[0m
[0.562s] [35m[1mConsolidate compiler generated dependencies of target moveit_planning_scene[0m
[0.565s] [ 79%] Built target test_bullet_collision_detection_panda
[0.565s] [ 80%] Built target test_bullet_continuous_collision_checking
[0.565s] [ 81%] Built target test_bullet_collision_detection
[0.592s] [ 83%] Built target test_constraints
[0.592s] [ 83%] Built target test_orientation_constraints
[0.601s] [ 84%] Built target moveit_planning_scene
[0.624s] [35m[1mConsolidate compiler generated dependencies of target test_multi_threaded[0m
[0.624s] [35m[1mConsolidate compiler generated dependencies of target test_collision_objects[0m
[0.624s] [35m[1mConsolidate compiler generated dependencies of target moveit_planning_request_adapter[0m
[0.624s] [35m[1mConsolidate compiler generated dependencies of target test_planning_scene[0m
[0.624s] [35m[1mConsolidate compiler generated dependencies of target collision_detector_fcl_plugin[0m
[0.624s] [35m[1mConsolidate compiler generated dependencies of target collision_detector_bullet_plugin[0m
[0.628s] [35m[1mConsolidate compiler generated dependencies of target moveit_collision_distance_field[0m
[0.629s] [35m[1mConsolidate compiler generated dependencies of target moveit_constraint_samplers[0m
[0.654s] [ 89%] Built target test_collision_objects
[0.654s] [ 89%] Built target collision_detector_bullet_plugin
[0.654s] [ 89%] Built target moveit_planning_request_adapter
[0.654s] [ 89%] Built target collision_detector_fcl_plugin
[0.654s] [ 89%] Built target test_multi_threaded
[0.654s] [ 90%] Built target test_planning_scene
[0.676s] [ 93%] Built target moveit_constraint_samplers
[0.677s] [ 96%] Built target moveit_collision_distance_field
[0.700s] [35m[1mConsolidate compiler generated dependencies of target test_collision_distance_field[0m
[0.701s] [35m[1mConsolidate compiler generated dependencies of target test_constraint_samplers[0m
[0.735s] [ 97%] Built target test_collision_distance_field
[0.744s] [100%] Built target test_constraint_samplers
[0.761s] Invoked command in '/home/alex/ws_moveit2/build/moveit_core' returned '0': CMAKE_PREFIX_PATH=/home/alex/ws_moveit2/install/moveit_resources_panda_moveit_config:/home/alex/ws_moveit2/install/srdfdom:/home/alex/ws_moveit2/install/moveit_resources_pr2_description:/home/alex/ws_moveit2/install/moveit_resources_panda_description:/home/alex/ws_moveit2/install/moveit_common:/home/alex/ws_moveit2/install/pilz_industrial_motion_planner_testutils:/home/alex/ws_moveit2/install/moveit_runtime:/home/alex/ws_moveit2/install/moveit2_tutorials:/home/alex/ws_moveit2/install/moveit:/home/alex/ws_moveit2/install/moveit_planners:/home/alex/ws_moveit2/install/pilz_industrial_motion_planner:/home/alex/ws_moveit2/install/moveit_visual_tools:/home/alex/ws_moveit2/install/moveit_task_constructor_visualization:/home/alex/ws_moveit2/install/moveit_task_constructor_demo:/home/alex/ws_moveit2/install/moveit_task_constructor_capabilities:/home/alex/ws_moveit2/install/moveit_task_constructor_core:/home/alex/ws_moveit2/install/moveit_ros_control_interface:/home/alex/ws_moveit2/install/moveit_plugins:/home/alex/ws_moveit2/install/moveit_simple_controller_manager:/home/alex/ws_moveit2/install/moveit_setup_assistant:/home/alex/ws_moveit2/install/moveit_setup_srdf_plugins:/home/alex/ws_moveit2/install/moveit_setup_core_plugins:/home/alex/ws_moveit2/install/moveit_setup_controllers:/home/alex/ws_moveit2/install/moveit_setup_app_plugins:/home/alex/ws_moveit2/install/moveit_setup_framework:/home/alex/ws_moveit2/install/moveit_servo:/home/alex/ws_moveit2/install/moveit_ros:/home/alex/ws_moveit2/install/moveit_ros_visualization:/home/alex/ws_moveit2/install/moveit_hybrid_planning:/home/alex/ws_moveit2/install/moveit_ros_planning_interface:/home/alex/ws_moveit2/install/moveit_ros_benchmarks:/home/alex/ws_moveit2/install/moveit_ros_warehouse:/home/alex/ws_moveit2/install/moveit_ros_robot_interaction:/home/alex/ws_moveit2/install/moveit_ros_perception:/home/alex/ws_moveit2/install/moveit_resources_prbt_pg70_support:/home/alex/ws_moveit2/install/moveit_resources_prbt_moveit_config:/home/alex/ws_moveit2/install/moveit_ros_move_group:/home/alex/ws_moveit2/install/moveit_planners_ompl:/home/alex/ws_moveit2/install/moveit_ros_planning:/home/alex/ws_moveit2/install/moveit_ros_occupancy_map_monitor:/home/alex/ws_moveit2/install/moveit_resources_prbt_ikfast_manipulator_plugin:/home/alex/ws_moveit2/install/moveit_planners_chomp:/home/alex/ws_moveit2/install/moveit_kinematics:/home/alex/ws_moveit2/install/moveit_chomp_optimizer_adapter:/home/alex/ws_moveit2/install/chomp_motion_planner:/home/alex/ws_moveit2/install/moveit_core:/home/alex/ws_moveit2/install/rviz_marker_tools:/home/alex/ws_moveit2/install/rosparam_shortcuts:/home/alex/ws_moveit2/install/moveit_task_constructor_msgs:/home/alex/ws_moveit2/install/moveit_resources_prbt_support:/home/alex/ws_moveit2/install/moveit_resources:/home/alex/ws_moveit2/install/moveit_resources_fanuc_moveit_config:/home/alex/ws_moveit2/install/moveit_resources_fanuc_description:/home/alex/ws_moveit2/install/moveit_configs_utils:/home/alex/ws_moveit2/install/launch_param_builder:/opt/ros/humble LD_LIBRARY_PATH=/home/alex/ws_moveit2/install/srdfdom/lib:/home/alex/ws_moveit2/install/pilz_industrial_motion_planner_testutils/lib:/home/alex/ws_moveit2/install/pilz_industrial_motion_planner/lib:/home/alex/ws_moveit2/install/moveit_visual_tools/lib:/home/alex/ws_moveit2/install/moveit_task_constructor_visualization/lib:/home/alex/ws_moveit2/install/moveit_task_constructor_demo/lib:/home/alex/ws_moveit2/install/moveit_task_constructor_capabilities/lib:/home/alex/ws_moveit2/install/moveit_task_constructor_core/lib:/home/alex/ws_moveit2/install/moveit_ros_control_interface/lib:/home/alex/ws_moveit2/install/moveit_simple_controller_manager/lib:/home/alex/ws_moveit2/install/moveit_setup_assistant/lib:/home/alex/ws_moveit2/install/moveit_setup_srdf_plugins/lib:/home/alex/ws_moveit2/install/moveit_setup_core_plugins/lib:/home/alex/ws_moveit2/install/moveit_setup_controllers/lib:/home/alex/ws_moveit2/install/moveit_setup_app_plugins/lib:/home/alex/ws_moveit2/install/moveit_setup_framework/lib:/home/alex/ws_moveit2/install/moveit_servo/lib:/home/alex/ws_moveit2/install/moveit_ros_visualization/lib:/home/alex/ws_moveit2/install/moveit_hybrid_planning/lib:/home/alex/ws_moveit2/install/moveit_ros_planning_interface/lib:/home/alex/ws_moveit2/install/moveit_ros_benchmarks/lib:/home/alex/ws_moveit2/install/moveit_ros_warehouse/lib:/home/alex/ws_moveit2/install/moveit_ros_robot_interaction/lib:/home/alex/ws_moveit2/install/moveit_ros_perception/lib:/home/alex/ws_moveit2/install/moveit_ros_move_group/lib:/home/alex/ws_moveit2/install/moveit_planners_ompl/lib:/home/alex/ws_moveit2/install/moveit_ros_planning/lib:/home/alex/ws_moveit2/install/moveit_ros_occupancy_map_monitor/lib:/home/alex/ws_moveit2/install/moveit_resources_prbt_ikfast_manipulator_plugin/lib:/home/alex/ws_moveit2/install/moveit_planners_chomp/lib:/home/alex/ws_moveit2/install/moveit_kinematics/lib:/home/alex/ws_moveit2/install/moveit_chomp_optimizer_adapter/lib:/home/alex/ws_moveit2/install/chomp_motion_planner/lib:/home/alex/ws_moveit2/install/moveit_core/lib:/home/alex/ws_moveit2/install/rviz_marker_tools/lib:/home/alex/ws_moveit2/install/rosparam_shortcuts/lib:/home/alex/ws_moveit2/install/moveit_task_constructor_msgs/lib:/opt/ros/humble/opt/rviz_ogre_vendor/lib:/opt/ros/humble/lib/x86_64-linux-gnu:/opt/ros/humble/lib /usr/bin/cmake --build /home/alex/ws_moveit2/build/moveit_core -- -j16 -l16
[0.951s] Invoking command in '/home/alex/ws_moveit2/build/moveit_core': CMAKE_PREFIX_PATH=/home/alex/ws_moveit2/install/moveit_resources_panda_moveit_config:/home/alex/ws_moveit2/install/srdfdom:/home/alex/ws_moveit2/install/moveit_resources_pr2_description:/home/alex/ws_moveit2/install/moveit_resources_panda_description:/home/alex/ws_moveit2/install/moveit_common:/home/alex/ws_moveit2/install/pilz_industrial_motion_planner_testutils:/home/alex/ws_moveit2/install/moveit_runtime:/home/alex/ws_moveit2/install/moveit2_tutorials:/home/alex/ws_moveit2/install/moveit:/home/alex/ws_moveit2/install/moveit_planners:/home/alex/ws_moveit2/install/pilz_industrial_motion_planner:/home/alex/ws_moveit2/install/moveit_visual_tools:/home/alex/ws_moveit2/install/moveit_task_constructor_visualization:/home/alex/ws_moveit2/install/moveit_task_constructor_demo:/home/alex/ws_moveit2/install/moveit_task_constructor_capabilities:/home/alex/ws_moveit2/install/moveit_task_constructor_core:/home/alex/ws_moveit2/install/moveit_ros_control_interface:/home/alex/ws_moveit2/install/moveit_plugins:/home/alex/ws_moveit2/install/moveit_simple_controller_manager:/home/alex/ws_moveit2/install/moveit_setup_assistant:/home/alex/ws_moveit2/install/moveit_setup_srdf_plugins:/home/alex/ws_moveit2/install/moveit_setup_core_plugins:/home/alex/ws_moveit2/install/moveit_setup_controllers:/home/alex/ws_moveit2/install/moveit_setup_app_plugins:/home/alex/ws_moveit2/install/moveit_setup_framework:/home/alex/ws_moveit2/install/moveit_servo:/home/alex/ws_moveit2/install/moveit_ros:/home/alex/ws_moveit2/install/moveit_ros_visualization:/home/alex/ws_moveit2/install/moveit_hybrid_planning:/home/alex/ws_moveit2/install/moveit_ros_planning_interface:/home/alex/ws_moveit2/install/moveit_ros_benchmarks:/home/alex/ws_moveit2/install/moveit_ros_warehouse:/home/alex/ws_moveit2/install/moveit_ros_robot_interaction:/home/alex/ws_moveit2/install/moveit_ros_perception:/home/alex/ws_moveit2/install/moveit_resources_prbt_pg70_support:/home/alex/ws_moveit2/install/moveit_resources_prbt_moveit_config:/home/alex/ws_moveit2/install/moveit_ros_move_group:/home/alex/ws_moveit2/install/moveit_planners_ompl:/home/alex/ws_moveit2/install/moveit_ros_planning:/home/alex/ws_moveit2/install/moveit_ros_occupancy_map_monitor:/home/alex/ws_moveit2/install/moveit_resources_prbt_ikfast_manipulator_plugin:/home/alex/ws_moveit2/install/moveit_planners_chomp:/home/alex/ws_moveit2/install/moveit_kinematics:/home/alex/ws_moveit2/install/moveit_chomp_optimizer_adapter:/home/alex/ws_moveit2/install/chomp_motion_planner:/home/alex/ws_moveit2/install/moveit_core:/home/alex/ws_moveit2/install/rviz_marker_tools:/home/alex/ws_moveit2/install/rosparam_shortcuts:/home/alex/ws_moveit2/install/moveit_task_constructor_msgs:/home/alex/ws_moveit2/install/moveit_resources_prbt_support:/home/alex/ws_moveit2/install/moveit_resources:/home/alex/ws_moveit2/install/moveit_resources_fanuc_moveit_config:/home/alex/ws_moveit2/install/moveit_resources_fanuc_description:/home/alex/ws_moveit2/install/moveit_configs_utils:/home/alex/ws_moveit2/install/launch_param_builder:/opt/ros/humble LD_LIBRARY_PATH=/home/alex/ws_moveit2/install/srdfdom/lib:/home/alex/ws_moveit2/install/pilz_industrial_motion_planner_testutils/lib:/home/alex/ws_moveit2/install/pilz_industrial_motion_planner/lib:/home/alex/ws_moveit2/install/moveit_visual_tools/lib:/home/alex/ws_moveit2/install/moveit_task_constructor_visualization/lib:/home/alex/ws_moveit2/install/moveit_task_constructor_demo/lib:/home/alex/ws_moveit2/install/moveit_task_constructor_capabilities/lib:/home/alex/ws_moveit2/install/moveit_task_constructor_core/lib:/home/alex/ws_moveit2/install/moveit_ros_control_interface/lib:/home/alex/ws_moveit2/install/moveit_simple_controller_manager/lib:/home/alex/ws_moveit2/install/moveit_setup_assistant/lib:/home/alex/ws_moveit2/install/moveit_setup_srdf_plugins/lib:/home/alex/ws_moveit2/install/moveit_setup_core_plugins/lib:/home/alex/ws_moveit2/install/moveit_setup_controllers/lib:/home/alex/ws_moveit2/install/moveit_setup_app_plugins/lib:/home/alex/ws_moveit2/install/moveit_setup_framework/lib:/home/alex/ws_moveit2/install/moveit_servo/lib:/home/alex/ws_moveit2/install/moveit_ros_visualization/lib:/home/alex/ws_moveit2/install/moveit_hybrid_planning/lib:/home/alex/ws_moveit2/install/moveit_ros_planning_interface/lib:/home/alex/ws_moveit2/install/moveit_ros_benchmarks/lib:/home/alex/ws_moveit2/install/moveit_ros_warehouse/lib:/home/alex/ws_moveit2/install/moveit_ros_robot_interaction/lib:/home/alex/ws_moveit2/install/moveit_ros_perception/lib:/home/alex/ws_moveit2/install/moveit_ros_move_group/lib:/home/alex/ws_moveit2/install/moveit_planners_ompl/lib:/home/alex/ws_moveit2/install/moveit_ros_planning/lib:/home/alex/ws_moveit2/install/moveit_ros_occupancy_map_monitor/lib:/home/alex/ws_moveit2/install/moveit_resources_prbt_ikfast_manipulator_plugin/lib:/home/alex/ws_moveit2/install/moveit_planners_chomp/lib:/home/alex/ws_moveit2/install/moveit_kinematics/lib:/home/alex/ws_moveit2/install/moveit_chomp_optimizer_adapter/lib:/home/alex/ws_moveit2/install/chomp_motion_planner/lib:/home/alex/ws_moveit2/install/moveit_core/lib:/home/alex/ws_moveit2/install/rviz_marker_tools/lib:/home/alex/ws_moveit2/install/rosparam_shortcuts/lib:/home/alex/ws_moveit2/install/moveit_task_constructor_msgs/lib:/opt/ros/humble/opt/rviz_ogre_vendor/lib:/opt/ros/humble/lib/x86_64-linux-gnu:/opt/ros/humble/lib /usr/bin/cmake --install /home/alex/ws_moveit2/build/moveit_core
[0.973s] -- Install configuration: "Release"
[0.973s] -- Up-to-date: /home/alex/ws_moveit2/install/moveit_core/include/moveit/version.h
[0.973s] -- Up-to-date: /home/alex/ws_moveit2/install/moveit_core/include
[0.973s] -- Up-to-date: /home/alex/ws_moveit2/install/moveit_core/include/moveit
[0.973s] -- Up-to-date: /home/alex/ws_moveit2/install/moveit_core/include/moveit/collision_distance_field
[0.973s] -- Up-to-date: /home/alex/ws_moveit2/install/moveit_core/include/moveit/collision_distance_field/collision_detector_allocator_distance_field.h
[0.973s] -- Up-to-date: /home/alex/ws_moveit2/install/moveit_core/include/moveit/collision_distance_field/collision_distance_field_types.h
[0.973s] -- Up-to-date: /home/alex/ws_moveit2/install/moveit_core/include/moveit/collision_distance_field/collision_env_hybrid.h
[0.974s] -- Up-to-date: /home/alex/ws_moveit2/install/moveit_core/include/moveit/collision_distance_field/collision_detector_allocator_hybrid.h
[0.974s] -- Up-to-date: /home/alex/ws_moveit2/install/moveit_core/include/moveit/collision_distance_field/collision_common_distance_field.h
[0.974s] -- Up-to-date: /home/alex/ws_moveit2/install/moveit_core/include/moveit/collision_distance_field/collision_env_distance_field.h
[0.974s] -- Up-to-date: /home/alex/ws_moveit2/install/moveit_core/include/moveit_collision_distance_field_export.h
[0.974s] -- Up-to-date: /home/alex/ws_moveit2/install/moveit_core/include
[0.974s] -- Up-to-date: /home/alex/ws_moveit2/install/moveit_core/include/moveit
[0.974s] -- Up-to-date: /home/alex/ws_moveit2/install/moveit_core/include/moveit/constraint_samplers
[0.974s] -- Up-to-date: /home/alex/ws_moveit2/install/moveit_core/include/moveit/constraint_samplers/union_constraint_sampler.h
[0.974s] -- Up-to-date: /home/alex/ws_moveit2/install/moveit_core/include/moveit/constraint_samplers/constraint_sampler_manager.h
[0.974s] -- Up-to-date: /home/alex/ws_moveit2/install/moveit_core/include/moveit/constraint_samplers/constraint_sampler_allocator.h
[0.975s] -- Up-to-date: /home/alex/ws_moveit2/install/moveit_core/include/moveit/constraint_samplers/constraint_sampler_tools.h
[0.975s] -- Up-to-date: /home/alex/ws_moveit2/install/moveit_core/include/moveit/constraint_samplers/constraint_sampler.h
[0.975s] -- Up-to-date: /home/alex/ws_moveit2/install/moveit_core/include/moveit/constraint_samplers/default_constraint_samplers.h
[0.975s] -- Up-to-date: /home/alex/ws_moveit2/install/moveit_core/include
[0.975s] -- Up-to-date: /home/alex/ws_moveit2/install/moveit_core/include/moveit
[0.975s] -- Up-to-date: /home/alex/ws_moveit2/install/moveit_core/include/moveit/controller_manager
[0.975s] -- Up-to-date: /home/alex/ws_moveit2/install/moveit_core/include/moveit/controller_manager/controller_manager.h
[0.975s] -- Up-to-date: /home/alex/ws_moveit2/install/moveit_core/include
[0.975s] -- Up-to-date: /home/alex/ws_moveit2/install/moveit_core/include/moveit
[0.975s] -- Up-to-date: /home/alex/ws_moveit2/install/moveit_core/include/moveit/distance_field
[0.975s] -- Up-to-date: /home/alex/ws_moveit2/install/moveit_core/include/moveit/distance_field/find_internal_points.h
[0.975s] -- Up-to-date: /home/alex/ws_moveit2/install/moveit_core/include/moveit/distance_field/voxel_grid.h
[0.976s] -- Up-to-date: /home/alex/ws_moveit2/install/moveit_core/include/moveit/distance_field/propagation_distance_field.h
[0.976s] -- Up-to-date: /home/alex/ws_moveit2/install/moveit_core/include/moveit/distance_field/distance_field.h
[0.976s] -- Up-to-date: /home/alex/ws_moveit2/install/moveit_core/include
[0.976s] -- Up-to-date: /home/alex/ws_moveit2/install/moveit_core/include/moveit
[0.976s] -- Up-to-date: /home/alex/ws_moveit2/install/moveit_core/include/moveit/dynamics_solver
[0.976s] -- Up-to-date: /home/alex/ws_moveit2/install/moveit_core/include/moveit/dynamics_solver/dynamics_solver.h
[0.976s] -- Up-to-date: /home/alex/ws_moveit2/install/moveit_core/include
[0.976s] -- Up-to-date: /home/alex/ws_moveit2/install/moveit_core/include/moveit
[0.976s] -- Up-to-date: /home/alex/ws_moveit2/install/moveit_core/include/moveit/exceptions
[0.976s] -- Up-to-date: /home/alex/ws_moveit2/install/moveit_core/include/moveit/exceptions/exceptions.h
[0.976s] -- Up-to-date: /home/alex/ws_moveit2/install/moveit_core/include
[0.976s] -- Up-to-date: /home/alex/ws_moveit2/install/moveit_core/include/moveit
[0.977s] -- Up-to-date: /home/alex/ws_moveit2/install/moveit_core/include/moveit/kinematics_base
[0.977s] -- Up-to-date: /home/alex/ws_moveit2/install/moveit_core/include/moveit/kinematics_base/kinematics_base.h
[0.977s] -- Up-to-date: /home/alex/ws_moveit2/install/moveit_core/include/moveit_kinematics_base_export.h
[0.977s] -- Up-to-date: /home/alex/ws_moveit2/install/moveit_core/include
[0.977s] -- Up-to-date: /home/alex/ws_moveit2/install/moveit_core/include/moveit
[0.977s] -- Up-to-date: /home/alex/ws_moveit2/install/moveit_core/include/moveit/kinematic_constraints
[0.977s] -- Up-to-date: /home/alex/ws_moveit2/install/moveit_core/include/moveit/kinematic_constraints/kinematic_constraint.h
[0.977s] -- Up-to-date: /home/alex/ws_moveit2/install/moveit_core/include/moveit/kinematic_constraints/utils.h
[0.977s] -- Up-to-date: /home/alex/ws_moveit2/install/moveit_core/include
[0.977s] -- Up-to-date: /home/alex/ws_moveit2/install/moveit_core/include/moveit
[0.977s] -- Up-to-date: /home/alex/ws_moveit2/install/moveit_core/include/moveit/kinematics_metrics
[0.977s] -- Up-to-date: /home/alex/ws_moveit2/install/moveit_core/include/moveit/kinematics_metrics/kinematics_metrics.h
[0.977s] -- Up-to-date: /home/alex/ws_moveit2/install/moveit_core/include
[0.977s] -- Up-to-date: /home/alex/ws_moveit2/install/moveit_core/include/moveit
[0.977s] -- Up-to-date: /home/alex/ws_moveit2/install/moveit_core/include/moveit/macros
[0.978s] -- Up-to-date: /home/alex/ws_moveit2/install/moveit_core/include/moveit/macros/class_forward.h
[0.978s] -- Up-to-date: /home/alex/ws_moveit2/install/moveit_core/include/moveit/macros/deprecation.h
[0.978s] -- Up-to-date: /home/alex/ws_moveit2/install/moveit_core/include/moveit/macros/declare_ptr.h
[0.978s] -- Up-to-date: /home/alex/ws_moveit2/install/moveit_core/include/moveit/macros/console_colors.h
[0.978s] -- Up-to-date: /home/alex/ws_moveit2/install/moveit_core/include/moveit_butterworth_parameters
[0.978s] -- Up-to-date: /home/alex/ws_moveit2/install/moveit_core/include/moveit_butterworth_parameters/moveit_butterworth_parameters.hpp
[0.978s] -- Up-to-date: /home/alex/ws_moveit2/install/moveit_core/include
[0.978s] -- Up-to-date: /home/alex/ws_moveit2/install/moveit_core/include/moveit
[0.978s] -- Up-to-date: /home/alex/ws_moveit2/install/moveit_core/include/moveit/online_signal_smoothing
[0.978s] -- Up-to-date: /home/alex/ws_moveit2/install/moveit_core/include/moveit/online_signal_smoothing/butterworth_filter.h
[0.978s] -- Up-to-date: /home/alex/ws_moveit2/install/moveit_core/include/moveit/online_signal_smoothing/smoothing_base_class.h
[0.978s] -- Up-to-date: /home/alex/ws_moveit2/install/moveit_core/include/moveit_smoothing_base_export.h
[0.978s] -- Up-to-date: /home/alex/ws_moveit2/install/moveit_core/include/moveit_butterworth_filter_export.h
[0.978s] -- Up-to-date: /home/alex/ws_moveit2/install/moveit_core/include
[0.978s] -- Up-to-date: /home/alex/ws_moveit2/install/moveit_core/include/moveit
[0.978s] -- Up-to-date: /home/alex/ws_moveit2/install/moveit_core/include/moveit/planning_interface
[0.978s] -- Up-to-date: /home/alex/ws_moveit2/install/moveit_core/include/moveit/planning_interface/planning_request.h
[0.978s] -- Up-to-date: /home/alex/ws_moveit2/install/moveit_core/include/moveit/planning_interface/planning_response.h
[0.978s] -- Up-to-date: /home/alex/ws_moveit2/install/moveit_core/include/moveit/planning_interface/planning_interface.h
[0.979s] -- Up-to-date: /home/alex/ws_moveit2/install/moveit_core/include
[0.979s] -- Up-to-date: /home/alex/ws_moveit2/install/moveit_core/include/moveit
[0.979s] -- Up-to-date: /home/alex/ws_moveit2/install/moveit_core/include/moveit/planning_request_adapter
[0.979s] -- Up-to-date: /home/alex/ws_moveit2/install/moveit_core/include/moveit/planning_request_adapter/planning_request_adapter.h
[0.979s] -- Up-to-date: /home/alex/ws_moveit2/install/moveit_core/include
[0.979s] -- Up-to-date: /home/alex/ws_moveit2/install/moveit_core/include/moveit
[0.979s] -- Up-to-date: /home/alex/ws_moveit2/install/moveit_core/include/moveit/planning_scene
[0.979s] -- Up-to-date: /home/alex/ws_moveit2/install/moveit_core/include/moveit/planning_scene/planning_scene.h
[0.979s] -- Up-to-date: /home/alex/ws_moveit2/install/moveit_core/include/moveit_planning_scene_export.h
[0.979s] -- Up-to-date: /home/alex/ws_moveit2/install/moveit_core/include
[0.979s] -- Up-to-date: /home/alex/ws_moveit2/install/moveit_core/include/moveit
[0.979s] -- Up-to-date: /home/alex/ws_moveit2/install/moveit_core/include/moveit/robot_model
[0.979s] -- Up-to-date: /home/alex/ws_moveit2/install/moveit_core/include/moveit/robot_model/prismatic_joint_model.h
[0.979s] -- Up-to-date: /home/alex/ws_moveit2/install/moveit_core/include/moveit/robot_model/link_model.h
[0.980s] -- Up-to-date: /home/alex/ws_moveit2/install/moveit_core/include/moveit/robot_model/joint_model.h
[0.980s] -- Up-to-date: /home/alex/ws_moveit2/install/moveit_core/include/moveit/robot_model/robot_model.h
[0.980s] -- Up-to-date: /home/alex/ws_moveit2/install/moveit_core/include/moveit/robot_model/floating_joint_model.h
[0.980s] -- Up-to-date: /home/alex/ws_moveit2/install/moveit_core/include/moveit/robot_model/aabb.h
[0.980s] -- Up-to-date: /home/alex/ws_moveit2/install/moveit_core/include/moveit/robot_model/revolute_joint_model.h
[0.980s] -- Up-to-date: /home/alex/ws_moveit2/install/moveit_core/include/moveit/robot_model/joint_model_group.h
[0.980s] -- Up-to-date: /home/alex/ws_moveit2/install/moveit_core/include/moveit/robot_model/fixed_joint_model.h
[0.980s] -- Up-to-date: /home/alex/ws_moveit2/install/moveit_core/include/moveit/robot_model/planar_joint_model.h
[0.980s] -- Up-to-date: /home/alex/ws_moveit2/install/moveit_core/include
[0.980s] -- Up-to-date: /home/alex/ws_moveit2/install/moveit_core/include/moveit
[0.980s] -- Up-to-date: /home/alex/ws_moveit2/install/moveit_core/include/moveit/robot_state
[0.980s] -- Up-to-date: /home/alex/ws_moveit2/install/moveit_core/include/moveit/robot_state/robot_state.h
[0.980s] -- Up-to-date: /home/alex/ws_moveit2/install/moveit_core/include/moveit/robot_state/conversions.h
[0.980s] -- Up-to-date: /home/alex/ws_moveit2/install/moveit_core/include/moveit/robot_state/cartesian_interpolator.h
[0.980s] -- Up-to-date: /home/alex/ws_moveit2/install/moveit_core/include/moveit/robot_state/attached_body.h
[0.980s] -- Up-to-date: /home/alex/ws_moveit2/install/moveit_core/include
[0.980s] -- Up-to-date: /home/alex/ws_moveit2/install/moveit_core/include/moveit
[0.980s] -- Up-to-date: /home/alex/ws_moveit2/install/moveit_core/include/moveit/robot_trajectory
[0.980s] -- Up-to-date: /home/alex/ws_moveit2/install/moveit_core/include/moveit/robot_trajectory/robot_trajectory.h
[0.980s] -- Up-to-date: /home/alex/ws_moveit2/install/moveit_core/include
[0.981s] -- Up-to-date: /home/alex/ws_moveit2/install/moveit_core/include/moveit
[0.981s] -- Up-to-date: /home/alex/ws_moveit2/install/moveit_core/include/moveit/sensor_manager
[0.981s] -- Up-to-date: /home/alex/ws_moveit2/install/moveit_core/include/moveit/sensor_manager/sensor_manager.h
[0.981s] -- Up-to-date: /home/alex/ws_moveit2/install/moveit_core/include
[0.981s] -- Up-to-date: /home/alex/ws_moveit2/install/moveit_core/include/moveit
[0.981s] -- Up-to-date: /home/alex/ws_moveit2/install/moveit_core/include/moveit/trajectory_processing
[0.981s] -- Up-to-date: /home/alex/ws_moveit2/install/moveit_core/include/moveit/trajectory_processing/time_optimal_trajectory_generation.h
[0.981s] -- Up-to-date: /home/alex/ws_moveit2/install/moveit_core/include/moveit/trajectory_processing/iterative_time_parameterization.h
[0.982s] -- Up-to-date: /home/alex/ws_moveit2/install/moveit_core/include/moveit/trajectory_processing/ruckig_traj_smoothing.h
[0.982s] -- Up-to-date: /home/alex/ws_moveit2/install/moveit_core/include/moveit/trajectory_processing/trajectory_tools.h
[0.982s] -- Up-to-date: /home/alex/ws_moveit2/install/moveit_core/include/moveit/trajectory_processing/iterative_spline_parameterization.h
[0.982s] -- Up-to-date: /home/alex/ws_moveit2/install/moveit_core/include/moveit/trajectory_processing/time_parameterization.h
[0.982s] -- Up-to-date: /home/alex/ws_moveit2/install/moveit_core/include
[0.982s] -- Up-to-date: /home/alex/ws_moveit2/install/moveit_core/include/moveit
[0.982s] -- Up-to-date: /home/alex/ws_moveit2/install/moveit_core/include/moveit/transforms
[0.982s] -- Up-to-date: /home/alex/ws_moveit2/install/moveit_core/include/moveit/transforms/transforms.h
[0.982s] -- Up-to-date: /home/alex/ws_moveit2/install/moveit_core/include
[0.982s] -- Up-to-date: /home/alex/ws_moveit2/install/moveit_core/include/moveit
[0.982s] -- Up-to-date: /home/alex/ws_moveit2/install/moveit_core/include/moveit/utils
[0.982s] -- Up-to-date: /home/alex/ws_moveit2/install/moveit_core/include/moveit/utils/message_checks.h
[0.982s] -- Up-to-date: /home/alex/ws_moveit2/install/moveit_core/include/moveit/utils/moveit_error_code.h
[0.982s] -- Up-to-date: /home/alex/ws_moveit2/install/moveit_core/include/moveit/utils/rclcpp_utils.h
[0.982s] -- Up-to-date: /home/alex/ws_moveit2/install/moveit_core/include/moveit/utils/robot_model_test_utils.h
[0.982s] -- Up-to-date: /home/alex/ws_moveit2/install/moveit_core/include/moveit/utils/lexical_casts.h
[0.983s] -- Up-to-date: /home/alex/ws_moveit2/install/moveit_core/bin/moveit_version
[0.983s] -- Up-to-date: /home/alex/ws_moveit2/install/moveit_core/include
[0.983s] -- Up-to-date: /home/alex/ws_moveit2/install/moveit_core/include/moveit
[0.983s] -- Up-to-date: /home/alex/ws_moveit2/install/moveit_core/include/moveit/collision_detection
[0.983s] -- Up-to-date: /home/alex/ws_moveit2/install/moveit_core/include/moveit/collision_detection/collision_plugin_cache.h
[0.983s] -- Up-to-date: /home/alex/ws_moveit2/install/moveit_core/include/moveit/collision_detection/collision_common.h
[0.983s] -- Up-to-date: /home/alex/ws_moveit2/install/moveit_core/include/moveit/collision_detection/world_diff.h
[0.983s] -- Up-to-date: /home/alex/ws_moveit2/install/moveit_core/include/moveit/collision_detection/occupancy_map.h
[0.983s] -- Up-to-date: /home/alex/ws_moveit2/install/moveit_core/include/moveit/collision_detection/allvalid
[0.983s] -- Up-to-date: /home/alex/ws_moveit2/install/moveit_core/include/moveit/collision_detection/allvalid/collision_env_allvalid.h
[0.983s] -- Up-to-date: /home/alex/ws_moveit2/install/moveit_core/include/moveit/collision_detection/allvalid/collision_detector_allocator_allvalid.h
[0.983s] -- Up-to-date: /home/alex/ws_moveit2/install/moveit_core/include/moveit/collision_detection/collision_octomap_filter.h
[0.983s] -- Up-to-date: /home/alex/ws_moveit2/install/moveit_core/include/moveit/collision_detection/collision_matrix.h
[0.984s] -- Up-to-date: /home/alex/ws_moveit2/install/moveit_core/include/moveit/collision_detection/test_collision_common_panda.h
[0.984s] -- Up-to-date: /home/alex/ws_moveit2/install/moveit_core/include/moveit/collision_detection/world.h
[0.984s] -- Up-to-date: /home/alex/ws_moveit2/install/moveit_core/include/moveit/collision_detection/test_collision_common_pr2.h
[0.984s] -- Up-to-date: /home/alex/ws_moveit2/install/moveit_core/include/moveit/collision_detection/collision_env.h
[0.984s] -- Up-to-date: /home/alex/ws_moveit2/install/moveit_core/include/moveit/collision_detection/collision_plugin.h
[0.984s] -- Up-to-date: /home/alex/ws_moveit2/install/moveit_core/include/moveit/collision_detection/collision_detector_allocator.h
[0.984s] -- Up-to-date: /home/alex/ws_moveit2/install/moveit_core/include/moveit/collision_detection/collision_tools.h
[0.984s] -- Up-to-date: /home/alex/ws_moveit2/install/moveit_core/include/moveit_collision_detection_export.h
[0.984s] -- Up-to-date: /home/alex/ws_moveit2/install/moveit_core/include
[0.984s] -- Up-to-date: /home/alex/ws_moveit2/install/moveit_core/include/moveit
[0.984s] -- Up-to-date: /home/alex/ws_moveit2/install/moveit_core/include/moveit/collision_detection_bullet
[0.984s] -- Up-to-date: /home/alex/ws_moveit2/install/moveit_core/include/moveit/collision_detection_bullet/collision_detector_allocator_bullet.h
[0.984s] -- Up-to-date: /home/alex/ws_moveit2/install/moveit_core/include/moveit/collision_detection_bullet/bullet_integration
[0.984s] -- Up-to-date: /home/alex/ws_moveit2/install/moveit_core/include/moveit/collision_detection_bullet/bullet_integration/bullet_utils.h
[0.984s] -- Up-to-date: /home/alex/ws_moveit2/install/moveit_core/include/moveit/collision_detection_bullet/bullet_integration/bullet_cast_bvh_manager.h
[0.984s] -- Up-to-date: /home/alex/ws_moveit2/install/moveit_core/include/moveit/collision_detection_bullet/bullet_integration/basic_types.h
[0.984s] -- Up-to-date: /home/alex/ws_moveit2/install/moveit_core/include/moveit/collision_detection_bullet/bullet_integration/bullet_bvh_manager.h
[0.984s] -- Up-to-date: /home/alex/ws_moveit2/install/moveit_core/include/moveit/collision_detection_bullet/bullet_integration/bullet_discrete_bvh_manager.h
[0.985s] -- Up-to-date: /home/alex/ws_moveit2/install/moveit_core/include/moveit/collision_detection_bullet/bullet_integration/ros_bullet_utils.h
[0.985s] -- Up-to-date: /home/alex/ws_moveit2/install/moveit_core/include/moveit/collision_detection_bullet/bullet_integration/contact_checker_common.h
[0.985s] -- Up-to-date: /home/alex/ws_moveit2/install/moveit_core/include/moveit/collision_detection_bullet/collision_detector_bullet_plugin_loader.h
[0.985s] -- Up-to-date: /home/alex/ws_moveit2/install/moveit_core/include/moveit/collision_detection_bullet/collision_env_bullet.h
[0.985s] -- Up-to-date: /home/alex/ws_moveit2/install/moveit_core/include/moveit_collision_detection_bullet_export.h
[0.985s] -- Up-to-date: /home/alex/ws_moveit2/install/moveit_core/include
[0.985s] -- Up-to-date: /home/alex/ws_moveit2/install/moveit_core/include/moveit
[0.985s] -- Up-to-date: /home/alex/ws_moveit2/install/moveit_core/include/moveit/collision_detection_fcl
[0.985s] -- Up-to-date: /home/alex/ws_moveit2/install/moveit_core/include/moveit/collision_detection_fcl/collision_detector_fcl_plugin_loader.h
[0.985s] -- Up-to-date: /home/alex/ws_moveit2/install/moveit_core/include/moveit/collision_detection_fcl/collision_common.h
[0.985s] -- Up-to-date: /home/alex/ws_moveit2/install/moveit_core/include/moveit/collision_detection_fcl/collision_env_fcl.h
[0.985s] -- Up-to-date: /home/alex/ws_moveit2/install/moveit_core/include/moveit/collision_detection_fcl/fcl_compat.h
[0.985s] -- Up-to-date: /home/alex/ws_moveit2/install/moveit_core/include/moveit/collision_detection_fcl/collision_detector_allocator_fcl.h
[0.985s] -- Up-to-date: /home/alex/ws_moveit2/install/moveit_core/include/moveit_collision_detection_fcl_export.h
[0.985s] -- Up-to-date: /home/alex/ws_moveit2/install/moveit_core/lib/libcollision_detector_bullet_plugin.so.2.5.5
[0.985s] -- Up-to-date: /home/alex/ws_moveit2/install/moveit_core/lib/libcollision_detector_bullet_plugin.so
[0.986s] -- Up-to-date: /home/alex/ws_moveit2/install/moveit_core/lib/libmoveit_butterworth_filter.so.2.5.5
[0.986s] -- Up-to-date: /home/alex/ws_moveit2/install/moveit_core/lib/libmoveit_butterworth_filter.so
[0.986s] -- Up-to-date: /home/alex/ws_moveit2/install/moveit_core/lib/libmoveit_collision_distance_field.so.2.5.5
[0.986s] -- Up-to-date: /home/alex/ws_moveit2/install/moveit_core/lib/libmoveit_collision_distance_field.so
[0.986s] -- Up-to-date: /home/alex/ws_moveit2/install/moveit_core/lib/libmoveit_collision_detection.so.2.5.5
[0.986s] -- Up-to-date: /home/alex/ws_moveit2/install/moveit_core/lib/libmoveit_collision_detection.so
[0.986s] -- Up-to-date: /home/alex/ws_moveit2/install/moveit_core/lib/libmoveit_collision_detection_fcl.so.2.5.5
[0.987s] -- Up-to-date: /home/alex/ws_moveit2/install/moveit_core/lib/libmoveit_collision_detection_fcl.so
[0.987s] -- Up-to-date: /home/alex/ws_moveit2/install/moveit_core/lib/libmoveit_collision_detection_bullet.so.2.5.5
[0.987s] -- Up-to-date: /home/alex/ws_moveit2/install/moveit_core/lib/libmoveit_collision_detection_bullet.so
[0.987s] -- Up-to-date: /home/alex/ws_moveit2/install/moveit_core/lib/libmoveit_dynamics_solver.so.2.5.5
[0.987s] -- Up-to-date: /home/alex/ws_moveit2/install/moveit_core/lib/libmoveit_dynamics_solver.so
[0.987s] -- Up-to-date: /home/alex/ws_moveit2/install/moveit_core/lib/libmoveit_constraint_samplers.so.2.5.5
[0.988s] -- Up-to-date: /home/alex/ws_moveit2/install/moveit_core/lib/libmoveit_constraint_samplers.so
[0.988s] -- Up-to-date: /home/alex/ws_moveit2/install/moveit_core/lib/libmoveit_distance_field.so.2.5.5
[0.988s] -- Up-to-date: /home/alex/ws_moveit2/install/moveit_core/lib/libmoveit_distance_field.so
[0.988s] -- Up-to-date: /home/alex/ws_moveit2/install/moveit_core/lib/libmoveit_exceptions.so.2.5.5
[0.988s] -- Up-to-date: /home/alex/ws_moveit2/install/moveit_core/lib/libmoveit_exceptions.so
[0.988s] -- Up-to-date: /home/alex/ws_moveit2/install/moveit_core/lib/libmoveit_kinematics_base.so
[0.989s] -- Up-to-date: /home/alex/ws_moveit2/install/moveit_core/lib/libmoveit_kinematic_constraints.so.2.5.5
[0.989s] -- Up-to-date: /home/alex/ws_moveit2/install/moveit_core/lib/libmoveit_kinematic_constraints.so
[0.989s] -- Up-to-date: /home/alex/ws_moveit2/install/moveit_core/lib/libmoveit_kinematics_metrics.so.2.5.5
[0.989s] -- Up-to-date: /home/alex/ws_moveit2/install/moveit_core/lib/libmoveit_kinematics_metrics.so
[0.989s] -- Up-to-date: /home/alex/ws_moveit2/install/moveit_core/lib/libmoveit_planning_interface.so.2.5.5
[0.990s] -- Up-to-date: /home/alex/ws_moveit2/install/moveit_core/lib/libmoveit_planning_interface.so
[0.990s] -- Up-to-date: /home/alex/ws_moveit2/install/moveit_core/lib/libmoveit_planning_scene.so.2.5.5
[0.990s] -- Up-to-date: /home/alex/ws_moveit2/install/moveit_core/lib/libmoveit_planning_scene.so
[0.990s] -- Up-to-date: /home/alex/ws_moveit2/install/moveit_core/lib/libmoveit_planning_request_adapter.so.2.5.5
[0.990s] -- Up-to-date: /home/alex/ws_moveit2/install/moveit_core/lib/libmoveit_planning_request_adapter.so
[0.990s] -- Up-to-date: /home/alex/ws_moveit2/install/moveit_core/lib/libmoveit_robot_model.so.2.5.5
[0.990s] -- Up-to-date: /home/alex/ws_moveit2/install/moveit_core/lib/libmoveit_robot_model.so
[0.990s] -- Up-to-date: /home/alex/ws_moveit2/install/moveit_core/lib/libmoveit_robot_state.so.2.5.5
[0.991s] -- Up-to-date: /home/alex/ws_moveit2/install/moveit_core/lib/libmoveit_robot_state.so
[0.991s] -- Up-to-date: /home/alex/ws_moveit2/install/moveit_core/lib/libmoveit_robot_trajectory.so.2.5.5
[0.991s] -- Up-to-date: /home/alex/ws_moveit2/install/moveit_core/lib/libmoveit_robot_trajectory.so
[0.991s] -- Up-to-date: /home/alex/ws_moveit2/install/moveit_core/lib/libmoveit_smoothing_base.so.2.5.5
[0.991s] -- Up-to-date: /home/alex/ws_moveit2/install/moveit_core/lib/libmoveit_smoothing_base.so
[0.991s] -- Up-to-date: /home/alex/ws_moveit2/install/moveit_core/lib/libmoveit_test_utils.so.2.5.5
[0.991s] -- Up-to-date: /home/alex/ws_moveit2/install/moveit_core/lib/libmoveit_test_utils.so
[0.991s] -- Up-to-date: /home/alex/ws_moveit2/install/moveit_core/lib/libmoveit_trajectory_processing.so.2.5.5
[0.992s] -- Up-to-date: /home/alex/ws_moveit2/install/moveit_core/lib/libmoveit_trajectory_processing.so
[0.992s] -- Up-to-date: /home/alex/ws_moveit2/install/moveit_core/lib/libmoveit_transforms.so.2.5.5
[0.992s] -- Up-to-date: /home/alex/ws_moveit2/install/moveit_core/lib/libmoveit_transforms.so
[0.992s] -- Up-to-date: /home/alex/ws_moveit2/install/moveit_core/lib/libmoveit_utils.so.2.5.5
[0.992s] -- Up-to-date: /home/alex/ws_moveit2/install/moveit_core/lib/libmoveit_utils.so
[0.992s] -- Up-to-date: /home/alex/ws_moveit2/install/moveit_core/share/moveit_core/environment/library_path.sh
[0.992s] -- Up-to-date: /home/alex/ws_moveit2/install/moveit_core/share/moveit_core/environment/library_path.dsv
[0.992s] -- Up-to-date: /home/alex/ws_moveit2/install/moveit_core/share/moveit_core/collision_detector_fcl_description.xml
[0.992s] -- Up-to-date: /home/alex/ws_moveit2/install/moveit_core/share/moveit_core/collision_detector_bullet_description.xml
[0.992s] -- Up-to-date: /home/alex/ws_moveit2/install/moveit_core/share/moveit_core/filter_plugin_butterworth.xml
[0.992s] -- Up-to-date: /home/alex/ws_moveit2/install/moveit_core/share/ament_index/resource_index/package_run_dependencies/moveit_core
[0.992s] -- Up-to-date: /home/alex/ws_moveit2/install/moveit_core/share/ament_index/resource_index/parent_prefix_path/moveit_core
[0.993s] -- Up-to-date: /home/alex/ws_moveit2/install/moveit_core/share/moveit_core/environment/ament_prefix_path.sh
[0.993s] -- Up-to-date: /home/alex/ws_moveit2/install/moveit_core/share/moveit_core/environment/ament_prefix_path.dsv
[0.993s] -- Up-to-date: /home/alex/ws_moveit2/install/moveit_core/share/moveit_core/environment/path.sh
[0.993s] -- Up-to-date: /home/alex/ws_moveit2/install/moveit_core/share/moveit_core/environment/path.dsv
[0.993s] -- Up-to-date: /home/alex/ws_moveit2/install/moveit_core/share/moveit_core/local_setup.bash
[0.993s] -- Up-to-date: /home/alex/ws_moveit2/install/moveit_core/share/moveit_core/local_setup.sh
[0.993s] -- Up-to-date: /home/alex/ws_moveit2/install/moveit_core/share/moveit_core/local_setup.zsh
[0.993s] -- Up-to-date: /home/alex/ws_moveit2/install/moveit_core/share/moveit_core/local_setup.dsv
[0.993s] -- Installing: /home/alex/ws_moveit2/install/moveit_core/share/moveit_core/package.dsv
[0.993s] -- Up-to-date: /home/alex/ws_moveit2/install/moveit_core/share/ament_index/resource_index/packages/moveit_core
[0.994s] -- Up-to-date: /home/alex/ws_moveit2/install/moveit_core/share/ament_index/resource_index/moveit_core__pluginlib__plugin/moveit_core
[0.995s] -- Up-to-date: /home/alex/ws_moveit2/install/moveit_core/share/moveit_core/cmake/export_moveit_coreExport.cmake
[0.995s] -- Up-to-date: /home/alex/ws_moveit2/install/moveit_core/share/moveit_core/cmake/export_moveit_coreExport-release.cmake
[0.995s] -- Up-to-date: /home/alex/ws_moveit2/install/moveit_core/share/moveit_core/cmake/ConfigExtras.cmake
[0.995s] -- Up-to-date: /home/alex/ws_moveit2/install/moveit_core/share/moveit_core/cmake/ament_cmake_export_targets-extras.cmake
[0.995s] -- Up-to-date: /home/alex/ws_moveit2/install/moveit_core/share/moveit_core/cmake/ament_cmake_export_dependencies-extras.cmake
[0.995s] -- Up-to-date: /home/alex/ws_moveit2/install/moveit_core/share/moveit_core/cmake/moveit_coreConfig.cmake
[0.995s] -- Up-to-date: /home/alex/ws_moveit2/install/moveit_core/share/moveit_core/cmake/moveit_coreConfig-version.cmake
[0.995s] -- Up-to-date: /home/alex/ws_moveit2/install/moveit_core/share/moveit_core/package.xml
[0.998s] Invoked command in '/home/alex/ws_moveit2/build/moveit_core' returned '0': CMAKE_PREFIX_PATH=/home/alex/ws_moveit2/install/moveit_resources_panda_moveit_config:/home/alex/ws_moveit2/install/srdfdom:/home/alex/ws_moveit2/install/moveit_resources_pr2_description:/home/alex/ws_moveit2/install/moveit_resources_panda_description:/home/alex/ws_moveit2/install/moveit_common:/home/alex/ws_moveit2/install/pilz_industrial_motion_planner_testutils:/home/alex/ws_moveit2/install/moveit_runtime:/home/alex/ws_moveit2/install/moveit2_tutorials:/home/alex/ws_moveit2/install/moveit:/home/alex/ws_moveit2/install/moveit_planners:/home/alex/ws_moveit2/install/pilz_industrial_motion_planner:/home/alex/ws_moveit2/install/moveit_visual_tools:/home/alex/ws_moveit2/install/moveit_task_constructor_visualization:/home/alex/ws_moveit2/install/moveit_task_constructor_demo:/home/alex/ws_moveit2/install/moveit_task_constructor_capabilities:/home/alex/ws_moveit2/install/moveit_task_constructor_core:/home/alex/ws_moveit2/install/moveit_ros_control_interface:/home/alex/ws_moveit2/install/moveit_plugins:/home/alex/ws_moveit2/install/moveit_simple_controller_manager:/home/alex/ws_moveit2/install/moveit_setup_assistant:/home/alex/ws_moveit2/install/moveit_setup_srdf_plugins:/home/alex/ws_moveit2/install/moveit_setup_core_plugins:/home/alex/ws_moveit2/install/moveit_setup_controllers:/home/alex/ws_moveit2/install/moveit_setup_app_plugins:/home/alex/ws_moveit2/install/moveit_setup_framework:/home/alex/ws_moveit2/install/moveit_servo:/home/alex/ws_moveit2/install/moveit_ros:/home/alex/ws_moveit2/install/moveit_ros_visualization:/home/alex/ws_moveit2/install/moveit_hybrid_planning:/home/alex/ws_moveit2/install/moveit_ros_planning_interface:/home/alex/ws_moveit2/install/moveit_ros_benchmarks:/home/alex/ws_moveit2/install/moveit_ros_warehouse:/home/alex/ws_moveit2/install/moveit_ros_robot_interaction:/home/alex/ws_moveit2/install/moveit_ros_perception:/home/alex/ws_moveit2/install/moveit_resources_prbt_pg70_support:/home/alex/ws_moveit2/install/moveit_resources_prbt_moveit_config:/home/alex/ws_moveit2/install/moveit_ros_move_group:/home/alex/ws_moveit2/install/moveit_planners_ompl:/home/alex/ws_moveit2/install/moveit_ros_planning:/home/alex/ws_moveit2/install/moveit_ros_occupancy_map_monitor:/home/alex/ws_moveit2/install/moveit_resources_prbt_ikfast_manipulator_plugin:/home/alex/ws_moveit2/install/moveit_planners_chomp:/home/alex/ws_moveit2/install/moveit_kinematics:/home/alex/ws_moveit2/install/moveit_chomp_optimizer_adapter:/home/alex/ws_moveit2/install/chomp_motion_planner:/home/alex/ws_moveit2/install/moveit_core:/home/alex/ws_moveit2/install/rviz_marker_tools:/home/alex/ws_moveit2/install/rosparam_shortcuts:/home/alex/ws_moveit2/install/moveit_task_constructor_msgs:/home/alex/ws_moveit2/install/moveit_resources_prbt_support:/home/alex/ws_moveit2/install/moveit_resources:/home/alex/ws_moveit2/install/moveit_resources_fanuc_moveit_config:/home/alex/ws_moveit2/install/moveit_resources_fanuc_description:/home/alex/ws_moveit2/install/moveit_configs_utils:/home/alex/ws_moveit2/install/launch_param_builder:/opt/ros/humble LD_LIBRARY_PATH=/home/alex/ws_moveit2/install/srdfdom/lib:/home/alex/ws_moveit2/install/pilz_industrial_motion_planner_testutils/lib:/home/alex/ws_moveit2/install/pilz_industrial_motion_planner/lib:/home/alex/ws_moveit2/install/moveit_visual_tools/lib:/home/alex/ws_moveit2/install/moveit_task_constructor_visualization/lib:/home/alex/ws_moveit2/install/moveit_task_constructor_demo/lib:/home/alex/ws_moveit2/install/moveit_task_constructor_capabilities/lib:/home/alex/ws_moveit2/install/moveit_task_constructor_core/lib:/home/alex/ws_moveit2/install/moveit_ros_control_interface/lib:/home/alex/ws_moveit2/install/moveit_simple_controller_manager/lib:/home/alex/ws_moveit2/install/moveit_setup_assistant/lib:/home/alex/ws_moveit2/install/moveit_setup_srdf_plugins/lib:/home/alex/ws_moveit2/install/moveit_setup_core_plugins/lib:/home/alex/ws_moveit2/install/moveit_setup_controllers/lib:/home/alex/ws_moveit2/install/moveit_setup_app_plugins/lib:/home/alex/ws_moveit2/install/moveit_setup_framework/lib:/home/alex/ws_moveit2/install/moveit_servo/lib:/home/alex/ws_moveit2/install/moveit_ros_visualization/lib:/home/alex/ws_moveit2/install/moveit_hybrid_planning/lib:/home/alex/ws_moveit2/install/moveit_ros_planning_interface/lib:/home/alex/ws_moveit2/install/moveit_ros_benchmarks/lib:/home/alex/ws_moveit2/install/moveit_ros_warehouse/lib:/home/alex/ws_moveit2/install/moveit_ros_robot_interaction/lib:/home/alex/ws_moveit2/install/moveit_ros_perception/lib:/home/alex/ws_moveit2/install/moveit_ros_move_group/lib:/home/alex/ws_moveit2/install/moveit_planners_ompl/lib:/home/alex/ws_moveit2/install/moveit_ros_planning/lib:/home/alex/ws_moveit2/install/moveit_ros_occupancy_map_monitor/lib:/home/alex/ws_moveit2/install/moveit_resources_prbt_ikfast_manipulator_plugin/lib:/home/alex/ws_moveit2/install/moveit_planners_chomp/lib:/home/alex/ws_moveit2/install/moveit_kinematics/lib:/home/alex/ws_moveit2/install/moveit_chomp_optimizer_adapter/lib:/home/alex/ws_moveit2/install/chomp_motion_planner/lib:/home/alex/ws_moveit2/install/moveit_core/lib:/home/alex/ws_moveit2/install/rviz_marker_tools/lib:/home/alex/ws_moveit2/install/rosparam_shortcuts/lib:/home/alex/ws_moveit2/install/moveit_task_constructor_msgs/lib:/opt/ros/humble/opt/rviz_ogre_vendor/lib:/opt/ros/humble/lib/x86_64-linux-gnu:/opt/ros/humble/lib /usr/bin/cmake --install /home/alex/ws_moveit2/build/moveit_core
