[1.515s] Invoking command in '/home/autopilot/ws/restackcell/ws_moveit2/src/interface_opcua': PYTHONPATH=/home/autopilot/ws/restackcell/ws_moveit2/build/interface_opcua/prefix_override:/usr/lib/python3/dist-packages/colcon_core/task/python/colcon_distutils_commands:/home/autopilot/ws/restackcell/ws_moveit2/install/interface_opcua/lib/python3.10/site-packages:${PYTHONPATH} /usr/bin/python3 -W ignore:setup.py install is deprecated setup.py egg_info --egg-base ../../build/interface_opcua build --build-base /home/autopilot/ws/restackcell/ws_moveit2/build/interface_opcua/build install --record /home/autopilot/ws/restackcell/ws_moveit2/build/interface_opcua/install.log --single-version-externally-managed install_data
[1.974s] running egg_info
[1.975s] writing ../../build/interface_opcua/interface_opcua.egg-info/PKG-INFO
[1.976s] writing dependency_links to ../../build/interface_opcua/interface_opcua.egg-info/dependency_links.txt
[1.976s] writing entry points to ../../build/interface_opcua/interface_opcua.egg-info/entry_points.txt
[1.976s] writing requirements to ../../build/interface_opcua/interface_opcua.egg-info/requires.txt
[1.976s] writing top-level names to ../../build/interface_opcua/interface_opcua.egg-info/top_level.txt
[1.980s] reading manifest file '../../build/interface_opcua/interface_opcua.egg-info/SOURCES.txt'
[1.981s] adding license file 'LICENSE'
[1.982s] writing manifest file '../../build/interface_opcua/interface_opcua.egg-info/SOURCES.txt'
[1.982s] running build
[1.982s] running build_py
[1.983s] running install
[1.985s] running install_lib
[1.985s] running install_data
[1.985s] running install_egg_info
[1.990s] removing '/home/autopilot/ws/restackcell/ws_moveit2/install/interface_opcua/lib/python3.10/site-packages/interface_opcua-0.0.0-py3.10.egg-info' (and everything under it)
[1.991s] Copying ../../build/interface_opcua/interface_opcua.egg-info to /home/autopilot/ws/restackcell/ws_moveit2/install/interface_opcua/lib/python3.10/site-packages/interface_opcua-0.0.0-py3.10.egg-info
[1.992s] running install_scripts
[2.029s] Installing service script to /home/autopilot/ws/restackcell/ws_moveit2/install/interface_opcua/lib/interface_opcua
[2.029s] writing list of installed files to '/home/autopilot/ws/restackcell/ws_moveit2/build/interface_opcua/install.log'
[2.298s] Invoked command in '/home/autopilot/ws/restackcell/ws_moveit2/src/interface_opcua' returned '0': PYTHONPATH=/home/autopilot/ws/restackcell/ws_moveit2/build/interface_opcua/prefix_override:/usr/lib/python3/dist-packages/colcon_core/task/python/colcon_distutils_commands:/home/autopilot/ws/restackcell/ws_moveit2/install/interface_opcua/lib/python3.10/site-packages:${PYTHONPATH} /usr/bin/python3 -W ignore:setup.py install is deprecated setup.py egg_info --egg-base ../../build/interface_opcua build --build-base /home/autopilot/ws/restackcell/ws_moveit2/build/interface_opcua/build install --record /home/autopilot/ws/restackcell/ws_moveit2/build/interface_opcua/install.log --single-version-externally-managed install_data
