[0.476s] Invoking command in '/home/aw/restackcell/ws_moveit2/build/mtc_tutorial': CMAKE_PREFIX_PATH=/home/aw/restackcell/ws_moveit2/install/robo_planner:/home/aw/restackcell/ws_moveit2/install/moveit_backend:/home/aw/restackcell/ws_moveit2/install/interface_opcua:/opt/ros/humble:/home/aw/restackcell/ws_moveit2/install/wzlscheduler_interfaces:/home/aw/restackcell/ws_moveit2/install/tutorial_interfaces:/home/aw/restackcell/ws_moveit2/install/mtc_tutorial:/home/aw/restackcell/ws_moveit2/install/hello_ur /usr/bin/cmake --build /home/aw/restackcell/ws_moveit2/build/mtc_tutorial -- -j16 -l16
[0.505s] [100%] Built target mtc-tutorial
[0.524s] Invoked command in '/home/aw/restackcell/ws_moveit2/build/mtc_tutorial' returned '0': CMAKE_PREFIX_PATH=/home/aw/restackcell/ws_moveit2/install/robo_planner:/home/aw/restackcell/ws_moveit2/install/moveit_backend:/home/aw/restackcell/ws_moveit2/install/interface_opcua:/opt/ros/humble:/home/aw/restackcell/ws_moveit2/install/wzlscheduler_interfaces:/home/aw/restackcell/ws_moveit2/install/tutorial_interfaces:/home/aw/restackcell/ws_moveit2/install/mtc_tutorial:/home/aw/restackcell/ws_moveit2/install/hello_ur /usr/bin/cmake --build /home/aw/restackcell/ws_moveit2/build/mtc_tutorial -- -j16 -l16
[0.574s] Invoking command in '/home/aw/restackcell/ws_moveit2/build/mtc_tutorial': CMAKE_PREFIX_PATH=/home/aw/restackcell/ws_moveit2/install/robo_planner:/home/aw/restackcell/ws_moveit2/install/moveit_backend:/home/aw/restackcell/ws_moveit2/install/interface_opcua:/opt/ros/humble:/home/aw/restackcell/ws_moveit2/install/wzlscheduler_interfaces:/home/aw/restackcell/ws_moveit2/install/tutorial_interfaces:/home/aw/restackcell/ws_moveit2/install/mtc_tutorial:/home/aw/restackcell/ws_moveit2/install/hello_ur /usr/bin/cmake --install /home/aw/restackcell/ws_moveit2/build/mtc_tutorial
[0.582s] -- Install configuration: ""
[0.582s] -- Up-to-date: /home/aw/restackcell/ws_moveit2/install/mtc_tutorial/lib/mtc_tutorial/mtc-tutorial
[0.582s] -- Up-to-date: /home/aw/restackcell/ws_moveit2/install/mtc_tutorial/share/ament_index/resource_index/package_run_dependencies/mtc_tutorial
[0.582s] -- Up-to-date: /home/aw/restackcell/ws_moveit2/install/mtc_tutorial/share/ament_index/resource_index/parent_prefix_path/mtc_tutorial
[0.583s] -- Up-to-date: /home/aw/restackcell/ws_moveit2/install/mtc_tutorial/share/mtc_tutorial/environment/ament_prefix_path.sh
[0.583s] -- Up-to-date: /home/aw/restackcell/ws_moveit2/install/mtc_tutorial/share/mtc_tutorial/environment/ament_prefix_path.dsv
[0.583s] -- Up-to-date: /home/aw/restackcell/ws_moveit2/install/mtc_tutorial/share/mtc_tutorial/environment/path.sh
[0.584s] -- Up-to-date: /home/aw/restackcell/ws_moveit2/install/mtc_tutorial/share/mtc_tutorial/environment/path.dsv
[0.584s] -- Up-to-date: /home/aw/restackcell/ws_moveit2/install/mtc_tutorial/share/mtc_tutorial/local_setup.bash
[0.584s] -- Up-to-date: /home/aw/restackcell/ws_moveit2/install/mtc_tutorial/share/mtc_tutorial/local_setup.sh
[0.584s] -- Up-to-date: /home/aw/restackcell/ws_moveit2/install/mtc_tutorial/share/mtc_tutorial/local_setup.zsh
[0.584s] -- Up-to-date: /home/aw/restackcell/ws_moveit2/install/mtc_tutorial/share/mtc_tutorial/local_setup.dsv
[0.584s] -- Installing: /home/aw/restackcell/ws_moveit2/install/mtc_tutorial/share/mtc_tutorial/package.dsv
[0.585s] -- Up-to-date: /home/aw/restackcell/ws_moveit2/install/mtc_tutorial/share/ament_index/resource_index/packages/mtc_tutorial
[0.585s] -- Up-to-date: /home/aw/restackcell/ws_moveit2/install/mtc_tutorial/share/mtc_tutorial/cmake/mtc_tutorialConfig.cmake
[0.585s] -- Up-to-date: /home/aw/restackcell/ws_moveit2/install/mtc_tutorial/share/mtc_tutorial/cmake/mtc_tutorialConfig-version.cmake
[0.585s] -- Up-to-date: /home/aw/restackcell/ws_moveit2/install/mtc_tutorial/share/mtc_tutorial/package.xml
[0.585s] Invoked command in '/home/aw/restackcell/ws_moveit2/build/mtc_tutorial' returned '0': CMAKE_PREFIX_PATH=/home/aw/restackcell/ws_moveit2/install/robo_planner:/home/aw/restackcell/ws_moveit2/install/moveit_backend:/home/aw/restackcell/ws_moveit2/install/interface_opcua:/opt/ros/humble:/home/aw/restackcell/ws_moveit2/install/wzlscheduler_interfaces:/home/aw/restackcell/ws_moveit2/install/tutorial_interfaces:/home/aw/restackcell/ws_moveit2/install/mtc_tutorial:/home/aw/restackcell/ws_moveit2/install/hello_ur /usr/bin/cmake --install /home/aw/restackcell/ws_moveit2/build/mtc_tutorial
