running egg_info
writing ../../build/asyncua/asyncua.egg-info/PKG-INFO
writing dependency_links to ../../build/asyncua/asyncua.egg-info/dependency_links.txt
writing entry points to ../../build/asyncua/asyncua.egg-info/entry_points.txt
writing requirements to ../../build/asyncua/asyncua.egg-info/requires.txt
writing top-level names to ../../build/asyncua/asyncua.egg-info/top_level.txt
reading manifest file '../../build/asyncua/asyncua.egg-info/SOURCES.txt'
adding license file 'COPYING'
writing manifest file '../../build/asyncua/asyncua.egg-info/SOURCES.txt'
running build
running build_py
running install
running install_lib
running install_egg_info
removing '/home/aw/restackcell/ws_moveit2/install/asyncua/lib/python3.10/site-packages/asyncua-1.1.0-py3.10.egg-info' (and everything under it)
Copying ../../build/asyncua/asyncua.egg-info to /home/aw/restackcell/ws_moveit2/install/asyncua/lib/python3.10/site-packages/asyncua-1.1.0-py3.10.egg-info
running install_scripts
Installing uabrowse script to /home/aw/restackcell/ws_moveit2/install/asyncua/bin
Installing uacall script to /home/aw/restackcell/ws_moveit2/install/asyncua/bin
Installing uaclient script to /home/aw/restackcell/ws_moveit2/install/asyncua/bin
Installing uadiscover script to /home/aw/restackcell/ws_moveit2/install/asyncua/bin
Installing uageneratestructs script to /home/aw/restackcell/ws_moveit2/install/asyncua/bin
Installing uahistoryread script to /home/aw/restackcell/ws_moveit2/install/asyncua/bin
Installing uals script to /home/aw/restackcell/ws_moveit2/install/asyncua/bin
Installing uaread script to /home/aw/restackcell/ws_moveit2/install/asyncua/bin
Installing uaserver script to /home/aw/restackcell/ws_moveit2/install/asyncua/bin
Installing uasubscribe script to /home/aw/restackcell/ws_moveit2/install/asyncua/bin
Installing uawrite script to /home/aw/restackcell/ws_moveit2/install/asyncua/bin
writing list of installed files to '/home/aw/restackcell/ws_moveit2/build/asyncua/install.log'
