[0.014s] Invoking command in '/home/alex/restackcell/ws_moveit2/build/lucid_vision_driver': CMAKE_PREFIX_PATH=${CMAKE_PREFIX_PATH}:/home/alex/ws_moveit2/install/moveit_configs_utils:/home/alex/ws_moveit2/install/launch_param_builder:/opt/ros/humble /usr/bin/cmake --build /home/alex/restackcell/ws_moveit2/build/lucid_vision_driver -- -j16 -l16
[0.095s] [35m[1mConsolidate compiler generated dependencies of target arena_camera_node_exe[0m
[0.096s] [35m[1mConsolidate compiler generated dependencies of target arena_camera_node[0m
[0.129s] [ 33%] Built target arena_camera_node_exe
[0.141s] [100%] Built target arena_camera_node
[0.170s] Invoked command in '/home/alex/restackcell/ws_moveit2/build/lucid_vision_driver' returned '0': CMAKE_PREFIX_PATH=${CMAKE_PREFIX_PATH}:/home/alex/ws_moveit2/install/moveit_configs_utils:/home/alex/ws_moveit2/install/launch_param_builder:/opt/ros/humble /usr/bin/cmake --build /home/alex/restackcell/ws_moveit2/build/lucid_vision_driver -- -j16 -l16
[0.269s] Invoking command in '/home/alex/restackcell/ws_moveit2/build/lucid_vision_driver': CMAKE_PREFIX_PATH=${CMAKE_PREFIX_PATH}:/home/alex/ws_moveit2/install/moveit_configs_utils:/home/alex/ws_moveit2/install/launch_param_builder:/opt/ros/humble /usr/bin/cmake --install /home/alex/restackcell/ws_moveit2/build/lucid_vision_driver
[0.283s] -- Install configuration: ""
[0.284s] -- Up-to-date: /home/alex/restackcell/ws_moveit2/install/lucid_vision_driver/lib/lucid_vision_driver/arena_camera_node_exe
[0.284s] -- Up-to-date: /home/alex/restackcell/ws_moveit2/install/lucid_vision_driver/include
[0.284s] -- Up-to-date: /home/alex/restackcell/ws_moveit2/install/lucid_vision_driver/include/arena_camera
[0.284s] -- Up-to-date: /home/alex/restackcell/ws_moveit2/install/lucid_vision_driver/include/arena_camera/arena_camera.h
[0.284s] -- Up-to-date: /home/alex/restackcell/ws_moveit2/install/lucid_vision_driver/include/arena_camera/arena_camera_node.h
[0.285s] -- Up-to-date: /home/alex/restackcell/ws_moveit2/install/lucid_vision_driver/include/arena_camera/camera_settings.h
[0.285s] -- Up-to-date: /home/alex/restackcell/ws_moveit2/install/lucid_vision_driver/include/arena_camera/arena_cameras_handler.h
[0.285s] -- Up-to-date: /home/alex/restackcell/ws_moveit2/install/lucid_vision_driver/share/lucid_vision_driver/environment/library_path.sh
[0.285s] -- Up-to-date: /home/alex/restackcell/ws_moveit2/install/lucid_vision_driver/share/lucid_vision_driver/environment/library_path.dsv
[0.285s] -- Up-to-date: /home/alex/restackcell/ws_moveit2/install/lucid_vision_driver/lib/libarena_camera_node.so
[0.285s] -- Up-to-date: /home/alex/restackcell/ws_moveit2/install/lucid_vision_driver/share/lucid_vision_driver/launch
[0.285s] -- Up-to-date: /home/alex/restackcell/ws_moveit2/install/lucid_vision_driver/share/lucid_vision_driver/launch/test_node_container.launch.py
[0.285s] -- Up-to-date: /home/alex/restackcell/ws_moveit2/install/lucid_vision_driver/share/lucid_vision_driver/launch/__pycache__
[0.285s] -- Up-to-date: /home/alex/restackcell/ws_moveit2/install/lucid_vision_driver/share/lucid_vision_driver/launch/__pycache__/test_node_container.launch.cpython-310.pyc
[0.285s] -- Up-to-date: /home/alex/restackcell/ws_moveit2/install/lucid_vision_driver/share/lucid_vision_driver/config
[0.285s] -- Up-to-date: /home/alex/restackcell/ws_moveit2/install/lucid_vision_driver/share/lucid_vision_driver/config/test_full_res.yaml
[0.285s] -- Up-to-date: /home/alex/restackcell/ws_moveit2/install/lucid_vision_driver/share/lucid_vision_driver/config/test.yaml
[0.285s] -- Up-to-date: /home/alex/restackcell/ws_moveit2/install/lucid_vision_driver/share/lucid_vision_driver/param
[0.285s] -- Up-to-date: /home/alex/restackcell/ws_moveit2/install/lucid_vision_driver/share/lucid_vision_driver/param/test.param.yaml
[0.285s] -- Up-to-date: /home/alex/restackcell/ws_moveit2/install/lucid_vision_driver/share/ament_index/resource_index/package_run_dependencies/lucid_vision_driver
[0.285s] -- Up-to-date: /home/alex/restackcell/ws_moveit2/install/lucid_vision_driver/share/ament_index/resource_index/parent_prefix_path/lucid_vision_driver
[0.285s] -- Up-to-date: /home/alex/restackcell/ws_moveit2/install/lucid_vision_driver/share/lucid_vision_driver/environment/ament_prefix_path.sh
[0.285s] -- Up-to-date: /home/alex/restackcell/ws_moveit2/install/lucid_vision_driver/share/lucid_vision_driver/environment/ament_prefix_path.dsv
[0.286s] -- Up-to-date: /home/alex/restackcell/ws_moveit2/install/lucid_vision_driver/share/lucid_vision_driver/environment/path.sh
[0.286s] -- Up-to-date: /home/alex/restackcell/ws_moveit2/install/lucid_vision_driver/share/lucid_vision_driver/environment/path.dsv
[0.286s] -- Up-to-date: /home/alex/restackcell/ws_moveit2/install/lucid_vision_driver/share/lucid_vision_driver/local_setup.bash
[0.286s] -- Up-to-date: /home/alex/restackcell/ws_moveit2/install/lucid_vision_driver/share/lucid_vision_driver/local_setup.sh
[0.286s] -- Up-to-date: /home/alex/restackcell/ws_moveit2/install/lucid_vision_driver/share/lucid_vision_driver/local_setup.zsh
[0.286s] -- Up-to-date: /home/alex/restackcell/ws_moveit2/install/lucid_vision_driver/share/lucid_vision_driver/local_setup.dsv
[0.286s] -- Installing: /home/alex/restackcell/ws_moveit2/install/lucid_vision_driver/share/lucid_vision_driver/package.dsv
[0.286s] -- Up-to-date: /home/alex/restackcell/ws_moveit2/install/lucid_vision_driver/share/ament_index/resource_index/packages/lucid_vision_driver
[0.286s] -- Up-to-date: /home/alex/restackcell/ws_moveit2/install/lucid_vision_driver/share/ament_index/resource_index/rclcpp_components/lucid_vision_driver
[0.286s] -- Up-to-date: /home/alex/restackcell/ws_moveit2/install/lucid_vision_driver/share/lucid_vision_driver/cmake/ament_cmake_export_include_directories-extras.cmake
[0.286s] -- Up-to-date: /home/alex/restackcell/ws_moveit2/install/lucid_vision_driver/share/lucid_vision_driver/cmake/ament_cmake_export_dependencies-extras.cmake
[0.286s] -- Up-to-date: /home/alex/restackcell/ws_moveit2/install/lucid_vision_driver/share/lucid_vision_driver/cmake/ament_cmake_export_libraries-extras.cmake
[0.286s] -- Up-to-date: /home/alex/restackcell/ws_moveit2/install/lucid_vision_driver/share/lucid_vision_driver/cmake/lucid_vision_driverConfig.cmake
[0.286s] -- Up-to-date: /home/alex/restackcell/ws_moveit2/install/lucid_vision_driver/share/lucid_vision_driver/cmake/lucid_vision_driverConfig-version.cmake
[0.286s] -- Up-to-date: /home/alex/restackcell/ws_moveit2/install/lucid_vision_driver/share/lucid_vision_driver/package.xml
[0.288s] Invoked command in '/home/alex/restackcell/ws_moveit2/build/lucid_vision_driver' returned '0': CMAKE_PREFIX_PATH=${CMAKE_PREFIX_PATH}:/home/alex/ws_moveit2/install/moveit_configs_utils:/home/alex/ws_moveit2/install/launch_param_builder:/opt/ros/humble /usr/bin/cmake --install /home/alex/restackcell/ws_moveit2/build/lucid_vision_driver
