[0.061s] Invoking command in '/home/autopilot/ws/restackcell/ws_moveit2/build/wzlscheduler_interfaces': /usr/bin/cmake --build /home/autopilot/ws/restackcell/ws_moveit2/build/wzlscheduler_interfaces -- -j8 -l8
[0.671s] [  0%] Built target wzlscheduler_interfaces__cpp
[0.671s] [  0%] Built target ament_cmake_python_copy_wzlscheduler_interfaces
[0.671s] [ 12%] Built target wzlscheduler_interfaces__rosidl_generator_c
[0.671s] [ 24%] Built target wzlscheduler_interfaces__rosidl_typesupport_introspection_cpp
[0.671s] [ 36%] Built target wzlscheduler_interfaces__rosidl_typesupport_fastrtps_cpp
[0.671s] [ 48%] Built target wzlscheduler_interfaces__rosidl_typesupport_cpp
[0.671s] [ 60%] Built target wzlscheduler_interfaces__rosidl_typesupport_introspection_c
[0.671s] [ 83%] Built target wzlscheduler_interfaces__rosidl_typesupport_c
[0.671s] [ 84%] Built target wzlscheduler_interfaces__rosidl_typesupport_fastrtps_c
[0.672s] [ 84%] Built target wzlscheduler_interfaces
[0.672s] [ 85%] Built target wzlscheduler_interfaces__py
[0.672s] [ 96%] Built target wzlscheduler_interfaces__rosidl_generator_py
[0.723s] [ 98%] Built target wzlscheduler_interfaces__rosidl_typesupport_introspection_c__pyext
[0.727s] [ 99%] Built target wzlscheduler_interfaces__rosidl_typesupport_fastrtps_c__pyext
[0.743s] [100%] Built target wzlscheduler_interfaces__rosidl_typesupport_c__pyext
[0.857s] running egg_info
[0.858s] writing wzlscheduler_interfaces.egg-info/PKG-INFO
[0.859s] writing dependency_links to wzlscheduler_interfaces.egg-info/dependency_links.txt
[0.860s] writing top-level names to wzlscheduler_interfaces.egg-info/top_level.txt
[0.866s] reading manifest file 'wzlscheduler_interfaces.egg-info/SOURCES.txt'
[0.868s] writing manifest file 'wzlscheduler_interfaces.egg-info/SOURCES.txt'
[0.988s] [100%] Built target ament_cmake_python_build_wzlscheduler_interfaces_egg
[1.024s] Invoked command in '/home/autopilot/ws/restackcell/ws_moveit2/build/wzlscheduler_interfaces' returned '0': /usr/bin/cmake --build /home/autopilot/ws/restackcell/ws_moveit2/build/wzlscheduler_interfaces -- -j8 -l8
[3.838s] Invoking command in '/home/autopilot/ws/restackcell/ws_moveit2/build/wzlscheduler_interfaces': /usr/bin/cmake --install /home/autopilot/ws/restackcell/ws_moveit2/build/wzlscheduler_interfaces
[3.879s] -- Install configuration: ""
[3.880s] -- Up-to-date: /home/autopilot/ws/restackcell/ws_moveit2/install/wzlscheduler_interfaces/share/ament_index/resource_index/rosidl_interfaces/wzlscheduler_interfaces
[3.880s] -- Up-to-date: /home/autopilot/ws/restackcell/ws_moveit2/install/wzlscheduler_interfaces/include/wzlscheduler_interfaces/wzlscheduler_interfaces
[3.880s] -- Up-to-date: /home/autopilot/ws/restackcell/ws_moveit2/install/wzlscheduler_interfaces/include/wzlscheduler_interfaces/wzlscheduler_interfaces/msg
[3.880s] -- Up-to-date: /home/autopilot/ws/restackcell/ws_moveit2/install/wzlscheduler_interfaces/include/wzlscheduler_interfaces/wzlscheduler_interfaces/msg/labeled_poses.h
[3.880s] -- Up-to-date: /home/autopilot/ws/restackcell/ws_moveit2/install/wzlscheduler_interfaces/include/wzlscheduler_interfaces/wzlscheduler_interfaces/msg/scene_object_set_pose.h
[3.884s] -- Up-to-date: /home/autopilot/ws/restackcell/ws_moveit2/install/wzlscheduler_interfaces/include/wzlscheduler_interfaces/wzlscheduler_interfaces/msg/labeled_bounding_boxes.h
[3.885s] -- Up-to-date: /home/autopilot/ws/restackcell/ws_moveit2/install/wzlscheduler_interfaces/include/wzlscheduler_interfaces/wzlscheduler_interfaces/msg/labeled_point_clouds.h
[3.885s] -- Up-to-date: /home/autopilot/ws/restackcell/ws_moveit2/install/wzlscheduler_interfaces/include/wzlscheduler_interfaces/wzlscheduler_interfaces/msg/scene_object_add.h
[3.885s] -- Up-to-date: /home/autopilot/ws/restackcell/ws_moveit2/install/wzlscheduler_interfaces/include/wzlscheduler_interfaces/wzlscheduler_interfaces/msg/rosidl_generator_c__visibility_control.h
[3.885s] -- Up-to-date: /home/autopilot/ws/restackcell/ws_moveit2/install/wzlscheduler_interfaces/include/wzlscheduler_interfaces/wzlscheduler_interfaces/msg/labeled_bounding_box.h
[3.885s] -- Up-to-date: /home/autopilot/ws/restackcell/ws_moveit2/install/wzlscheduler_interfaces/include/wzlscheduler_interfaces/wzlscheduler_interfaces/msg/labeled_point_cloud.h
[3.886s] -- Up-to-date: /home/autopilot/ws/restackcell/ws_moveit2/install/wzlscheduler_interfaces/include/wzlscheduler_interfaces/wzlscheduler_interfaces/msg/scene_object_remove.h
[3.886s] -- Up-to-date: /home/autopilot/ws/restackcell/ws_moveit2/install/wzlscheduler_interfaces/include/wzlscheduler_interfaces/wzlscheduler_interfaces/msg/detail
[3.887s] -- Up-to-date: /home/autopilot/ws/restackcell/ws_moveit2/install/wzlscheduler_interfaces/include/wzlscheduler_interfaces/wzlscheduler_interfaces/msg/detail/labeled_bounding_box__functions.c
[3.887s] -- Up-to-date: /home/autopilot/ws/restackcell/ws_moveit2/install/wzlscheduler_interfaces/include/wzlscheduler_interfaces/wzlscheduler_interfaces/msg/detail/scene_object_add__functions.c
[3.887s] -- Up-to-date: /home/autopilot/ws/restackcell/ws_moveit2/install/wzlscheduler_interfaces/include/wzlscheduler_interfaces/wzlscheduler_interfaces/msg/detail/scene_object_set_pose__functions.c
[3.887s] -- Up-to-date: /home/autopilot/ws/restackcell/ws_moveit2/install/wzlscheduler_interfaces/include/wzlscheduler_interfaces/wzlscheduler_interfaces/msg/detail/labeled_poses__struct.h
[3.887s] -- Up-to-date: /home/autopilot/ws/restackcell/ws_moveit2/install/wzlscheduler_interfaces/include/wzlscheduler_interfaces/wzlscheduler_interfaces/msg/detail/labeled_bounding_boxes__functions.c
[3.887s] -- Up-to-date: /home/autopilot/ws/restackcell/ws_moveit2/install/wzlscheduler_interfaces/include/wzlscheduler_interfaces/wzlscheduler_interfaces/msg/detail/labeled_point_clouds__type_support.h
[3.887s] -- Up-to-date: /home/autopilot/ws/restackcell/ws_moveit2/install/wzlscheduler_interfaces/include/wzlscheduler_interfaces/wzlscheduler_interfaces/msg/detail/scene_object_remove__functions.c
[3.888s] -- Up-to-date: /home/autopilot/ws/restackcell/ws_moveit2/install/wzlscheduler_interfaces/include/wzlscheduler_interfaces/wzlscheduler_interfaces/msg/detail/labeled_point_clouds__struct.h
[3.888s] -- Up-to-date: /home/autopilot/ws/restackcell/ws_moveit2/install/wzlscheduler_interfaces/include/wzlscheduler_interfaces/wzlscheduler_interfaces/msg/detail/scene_object_remove__struct.h
[3.888s] -- Up-to-date: /home/autopilot/ws/restackcell/ws_moveit2/install/wzlscheduler_interfaces/include/wzlscheduler_interfaces/wzlscheduler_interfaces/msg/detail/scene_object_add__functions.h
[3.888s] -- Up-to-date: /home/autopilot/ws/restackcell/ws_moveit2/install/wzlscheduler_interfaces/include/wzlscheduler_interfaces/wzlscheduler_interfaces/msg/detail/labeled_pose__functions.h
[3.888s] -- Up-to-date: /home/autopilot/ws/restackcell/ws_moveit2/install/wzlscheduler_interfaces/include/wzlscheduler_interfaces/wzlscheduler_interfaces/msg/detail/labeled_poses__functions.c
[3.889s] -- Up-to-date: /home/autopilot/ws/restackcell/ws_moveit2/install/wzlscheduler_interfaces/include/wzlscheduler_interfaces/wzlscheduler_interfaces/msg/detail/labeled_point_cloud__functions.c
[3.889s] -- Up-to-date: /home/autopilot/ws/restackcell/ws_moveit2/install/wzlscheduler_interfaces/include/wzlscheduler_interfaces/wzlscheduler_interfaces/msg/detail/labeled_bounding_boxes__functions.h
[3.889s] -- Up-to-date: /home/autopilot/ws/restackcell/ws_moveit2/install/wzlscheduler_interfaces/include/wzlscheduler_interfaces/wzlscheduler_interfaces/msg/detail/scene_object_add__type_support.h
[3.889s] -- Up-to-date: /home/autopilot/ws/restackcell/ws_moveit2/install/wzlscheduler_interfaces/include/wzlscheduler_interfaces/wzlscheduler_interfaces/msg/detail/labeled_point_clouds__functions.c
[3.889s] -- Up-to-date: /home/autopilot/ws/restackcell/ws_moveit2/install/wzlscheduler_interfaces/include/wzlscheduler_interfaces/wzlscheduler_interfaces/msg/detail/labeled_poses__type_support.h
[3.889s] -- Up-to-date: /home/autopilot/ws/restackcell/ws_moveit2/install/wzlscheduler_interfaces/include/wzlscheduler_interfaces/wzlscheduler_interfaces/msg/detail/scene_object_remove__type_support.h
[3.889s] -- Up-to-date: /home/autopilot/ws/restackcell/ws_moveit2/install/wzlscheduler_interfaces/include/wzlscheduler_interfaces/wzlscheduler_interfaces/msg/detail/labeled_point_cloud__functions.h
[3.890s] -- Up-to-date: /home/autopilot/ws/restackcell/ws_moveit2/install/wzlscheduler_interfaces/include/wzlscheduler_interfaces/wzlscheduler_interfaces/msg/detail/labeled_bounding_box__type_support.h
[3.890s] -- Up-to-date: /home/autopilot/ws/restackcell/ws_moveit2/install/wzlscheduler_interfaces/include/wzlscheduler_interfaces/wzlscheduler_interfaces/msg/detail/labeled_point_clouds__functions.h
[3.890s] -- Up-to-date: /home/autopilot/ws/restackcell/ws_moveit2/install/wzlscheduler_interfaces/include/wzlscheduler_interfaces/wzlscheduler_interfaces/msg/detail/labeled_pose__functions.c
[3.890s] -- Up-to-date: /home/autopilot/ws/restackcell/ws_moveit2/install/wzlscheduler_interfaces/include/wzlscheduler_interfaces/wzlscheduler_interfaces/msg/detail/scene_object_set_pose__struct.h
[3.890s] -- Up-to-date: /home/autopilot/ws/restackcell/ws_moveit2/install/wzlscheduler_interfaces/include/wzlscheduler_interfaces/wzlscheduler_interfaces/msg/detail/scene_object_add__struct.h
[3.890s] -- Up-to-date: /home/autopilot/ws/restackcell/ws_moveit2/install/wzlscheduler_interfaces/include/wzlscheduler_interfaces/wzlscheduler_interfaces/msg/detail/labeled_point_cloud__struct.h
[3.891s] -- Up-to-date: /home/autopilot/ws/restackcell/ws_moveit2/install/wzlscheduler_interfaces/include/wzlscheduler_interfaces/wzlscheduler_interfaces/msg/detail/labeled_bounding_box__struct.h
[3.891s] -- Up-to-date: /home/autopilot/ws/restackcell/ws_moveit2/install/wzlscheduler_interfaces/include/wzlscheduler_interfaces/wzlscheduler_interfaces/msg/detail/scene_object_set_pose__type_support.h
[3.891s] -- Up-to-date: /home/autopilot/ws/restackcell/ws_moveit2/install/wzlscheduler_interfaces/include/wzlscheduler_interfaces/wzlscheduler_interfaces/msg/detail/labeled_point_cloud__type_support.h
[3.891s] -- Up-to-date: /home/autopilot/ws/restackcell/ws_moveit2/install/wzlscheduler_interfaces/include/wzlscheduler_interfaces/wzlscheduler_interfaces/msg/detail/scene_object_set_pose__functions.h
[3.891s] -- Up-to-date: /home/autopilot/ws/restackcell/ws_moveit2/install/wzlscheduler_interfaces/include/wzlscheduler_interfaces/wzlscheduler_interfaces/msg/detail/labeled_pose__type_support.h
[3.891s] -- Up-to-date: /home/autopilot/ws/restackcell/ws_moveit2/install/wzlscheduler_interfaces/include/wzlscheduler_interfaces/wzlscheduler_interfaces/msg/detail/labeled_pose__struct.h
[3.891s] -- Up-to-date: /home/autopilot/ws/restackcell/ws_moveit2/install/wzlscheduler_interfaces/include/wzlscheduler_interfaces/wzlscheduler_interfaces/msg/detail/scene_object_remove__functions.h
[3.892s] -- Up-to-date: /home/autopilot/ws/restackcell/ws_moveit2/install/wzlscheduler_interfaces/include/wzlscheduler_interfaces/wzlscheduler_interfaces/msg/detail/labeled_bounding_boxes__struct.h
[3.892s] -- Up-to-date: /home/autopilot/ws/restackcell/ws_moveit2/install/wzlscheduler_interfaces/include/wzlscheduler_interfaces/wzlscheduler_interfaces/msg/detail/labeled_bounding_box__functions.h
[3.892s] -- Up-to-date: /home/autopilot/ws/restackcell/ws_moveit2/install/wzlscheduler_interfaces/include/wzlscheduler_interfaces/wzlscheduler_interfaces/msg/detail/labeled_bounding_boxes__type_support.h
[3.892s] -- Up-to-date: /home/autopilot/ws/restackcell/ws_moveit2/install/wzlscheduler_interfaces/include/wzlscheduler_interfaces/wzlscheduler_interfaces/msg/detail/labeled_poses__functions.h
[3.892s] -- Up-to-date: /home/autopilot/ws/restackcell/ws_moveit2/install/wzlscheduler_interfaces/include/wzlscheduler_interfaces/wzlscheduler_interfaces/msg/labeled_pose.h
[3.892s] -- Up-to-date: /home/autopilot/ws/restackcell/ws_moveit2/install/wzlscheduler_interfaces/include/wzlscheduler_interfaces/wzlscheduler_interfaces/srv
[3.892s] -- Up-to-date: /home/autopilot/ws/restackcell/ws_moveit2/install/wzlscheduler_interfaces/include/wzlscheduler_interfaces/wzlscheduler_interfaces/srv/robot_set_velocity.h
[3.892s] -- Up-to-date: /home/autopilot/ws/restackcell/ws_moveit2/install/wzlscheduler_interfaces/include/wzlscheduler_interfaces/wzlscheduler_interfaces/srv/scene_object_set_pose.h
[3.893s] -- Up-to-date: /home/autopilot/ws/restackcell/ws_moveit2/install/wzlscheduler_interfaces/include/wzlscheduler_interfaces/wzlscheduler_interfaces/srv/set_value_io_interface.h
[3.893s] -- Up-to-date: /home/autopilot/ws/restackcell/ws_moveit2/install/wzlscheduler_interfaces/include/wzlscheduler_interfaces/wzlscheduler_interfaces/srv/scene_object_attach.h
[3.893s] -- Up-to-date: /home/autopilot/ws/restackcell/ws_moveit2/install/wzlscheduler_interfaces/include/wzlscheduler_interfaces/wzlscheduler_interfaces/srv/scene_object_add.h
[3.893s] -- Up-to-date: /home/autopilot/ws/restackcell/ws_moveit2/install/wzlscheduler_interfaces/include/wzlscheduler_interfaces/wzlscheduler_interfaces/srv/robot_follow_trajectory.h
[3.893s] -- Up-to-date: /home/autopilot/ws/restackcell/ws_moveit2/install/wzlscheduler_interfaces/include/wzlscheduler_interfaces/wzlscheduler_interfaces/srv/load_object.h
[3.893s] -- Up-to-date: /home/autopilot/ws/restackcell/ws_moveit2/install/wzlscheduler_interfaces/include/wzlscheduler_interfaces/wzlscheduler_interfaces/srv/scene_object_remove.h
[3.893s] -- Up-to-date: /home/autopilot/ws/restackcell/ws_moveit2/install/wzlscheduler_interfaces/include/wzlscheduler_interfaces/wzlscheduler_interfaces/srv/detail
[3.894s] -- Up-to-date: /home/autopilot/ws/restackcell/ws_moveit2/install/wzlscheduler_interfaces/include/wzlscheduler_interfaces/wzlscheduler_interfaces/srv/detail/load_object__functions.h
[3.894s] -- Up-to-date: /home/autopilot/ws/restackcell/ws_moveit2/install/wzlscheduler_interfaces/include/wzlscheduler_interfaces/wzlscheduler_interfaces/srv/detail/scene_object_detach__type_support.h
[3.894s] -- Up-to-date: /home/autopilot/ws/restackcell/ws_moveit2/install/wzlscheduler_interfaces/include/wzlscheduler_interfaces/wzlscheduler_interfaces/srv/detail/scene_object_add__functions.c
[3.894s] -- Up-to-date: /home/autopilot/ws/restackcell/ws_moveit2/install/wzlscheduler_interfaces/include/wzlscheduler_interfaces/wzlscheduler_interfaces/srv/detail/load_object__type_support.h
[3.894s] -- Up-to-date: /home/autopilot/ws/restackcell/ws_moveit2/install/wzlscheduler_interfaces/include/wzlscheduler_interfaces/wzlscheduler_interfaces/srv/detail/scene_object_set_pose__functions.c
[3.894s] -- Up-to-date: /home/autopilot/ws/restackcell/ws_moveit2/install/wzlscheduler_interfaces/include/wzlscheduler_interfaces/wzlscheduler_interfaces/srv/detail/scene_object_remove__functions.c
[3.894s] -- Up-to-date: /home/autopilot/ws/restackcell/ws_moveit2/install/wzlscheduler_interfaces/include/wzlscheduler_interfaces/wzlscheduler_interfaces/srv/detail/scene_object_detach__struct.h
[3.895s] -- Up-to-date: /home/autopilot/ws/restackcell/ws_moveit2/install/wzlscheduler_interfaces/include/wzlscheduler_interfaces/wzlscheduler_interfaces/srv/detail/robot_move_to_position__struct.h
[3.895s] -- Up-to-date: /home/autopilot/ws/restackcell/ws_moveit2/install/wzlscheduler_interfaces/include/wzlscheduler_interfaces/wzlscheduler_interfaces/srv/detail/scene_object_remove__struct.h
[3.895s] -- Up-to-date: /home/autopilot/ws/restackcell/ws_moveit2/install/wzlscheduler_interfaces/include/wzlscheduler_interfaces/wzlscheduler_interfaces/srv/detail/scene_object_add__functions.h
[3.895s] -- Up-to-date: /home/autopilot/ws/restackcell/ws_moveit2/install/wzlscheduler_interfaces/include/wzlscheduler_interfaces/wzlscheduler_interfaces/srv/detail/robot_set_velocity__type_support.h
[3.895s] -- Up-to-date: /home/autopilot/ws/restackcell/ws_moveit2/install/wzlscheduler_interfaces/include/wzlscheduler_interfaces/wzlscheduler_interfaces/srv/detail/scene_object_detach__functions.h
[3.895s] -- Up-to-date: /home/autopilot/ws/restackcell/ws_moveit2/install/wzlscheduler_interfaces/include/wzlscheduler_interfaces/wzlscheduler_interfaces/srv/detail/load_object__functions.c
[3.895s] -- Up-to-date: /home/autopilot/ws/restackcell/ws_moveit2/install/wzlscheduler_interfaces/include/wzlscheduler_interfaces/wzlscheduler_interfaces/srv/detail/set_value_io_interface__functions.h
[3.896s] -- Up-to-date: /home/autopilot/ws/restackcell/ws_moveit2/install/wzlscheduler_interfaces/include/wzlscheduler_interfaces/wzlscheduler_interfaces/srv/detail/load_object__struct.h
[3.896s] -- Up-to-date: /home/autopilot/ws/restackcell/ws_moveit2/install/wzlscheduler_interfaces/include/wzlscheduler_interfaces/wzlscheduler_interfaces/srv/detail/robot_follow_trajectory__functions.h
[3.896s] -- Up-to-date: /home/autopilot/ws/restackcell/ws_moveit2/install/wzlscheduler_interfaces/include/wzlscheduler_interfaces/wzlscheduler_interfaces/srv/detail/scene_object_add__type_support.h
[3.896s] -- Up-to-date: /home/autopilot/ws/restackcell/ws_moveit2/install/wzlscheduler_interfaces/include/wzlscheduler_interfaces/wzlscheduler_interfaces/srv/detail/robot_set_velocity__functions.h
[3.896s] -- Up-to-date: /home/autopilot/ws/restackcell/ws_moveit2/install/wzlscheduler_interfaces/include/wzlscheduler_interfaces/wzlscheduler_interfaces/srv/detail/scene_object_attach__type_support.h
[3.896s] -- Up-to-date: /home/autopilot/ws/restackcell/ws_moveit2/install/wzlscheduler_interfaces/include/wzlscheduler_interfaces/wzlscheduler_interfaces/srv/detail/robot_move_to_position__functions.h
[3.896s] -- Up-to-date: /home/autopilot/ws/restackcell/ws_moveit2/install/wzlscheduler_interfaces/include/wzlscheduler_interfaces/wzlscheduler_interfaces/srv/detail/robot_follow_trajectory__functions.c
[3.897s] -- Up-to-date: /home/autopilot/ws/restackcell/ws_moveit2/install/wzlscheduler_interfaces/include/wzlscheduler_interfaces/wzlscheduler_interfaces/srv/detail/robot_move_to_position__type_support.h
[3.897s] -- Up-to-date: /home/autopilot/ws/restackcell/ws_moveit2/install/wzlscheduler_interfaces/include/wzlscheduler_interfaces/wzlscheduler_interfaces/srv/detail/robot_move_to_position__functions.c
[3.897s] -- Up-to-date: /home/autopilot/ws/restackcell/ws_moveit2/install/wzlscheduler_interfaces/include/wzlscheduler_interfaces/wzlscheduler_interfaces/srv/detail/scene_object_remove__type_support.h
[3.897s] -- Up-to-date: /home/autopilot/ws/restackcell/ws_moveit2/install/wzlscheduler_interfaces/include/wzlscheduler_interfaces/wzlscheduler_interfaces/srv/detail/scene_object_attach__struct.h
[3.897s] -- Up-to-date: /home/autopilot/ws/restackcell/ws_moveit2/install/wzlscheduler_interfaces/include/wzlscheduler_interfaces/wzlscheduler_interfaces/srv/detail/robot_set_velocity__struct.h
[3.897s] -- Up-to-date: /home/autopilot/ws/restackcell/ws_moveit2/install/wzlscheduler_interfaces/include/wzlscheduler_interfaces/wzlscheduler_interfaces/srv/detail/robot_follow_trajectory__struct.h
[3.897s] -- Up-to-date: /home/autopilot/ws/restackcell/ws_moveit2/install/wzlscheduler_interfaces/include/wzlscheduler_interfaces/wzlscheduler_interfaces/srv/detail/robot_set_velocity__functions.c
[3.897s] -- Up-to-date: /home/autopilot/ws/restackcell/ws_moveit2/install/wzlscheduler_interfaces/include/wzlscheduler_interfaces/wzlscheduler_interfaces/srv/detail/scene_object_attach__functions.h
[3.897s] -- Up-to-date: /home/autopilot/ws/restackcell/ws_moveit2/install/wzlscheduler_interfaces/include/wzlscheduler_interfaces/wzlscheduler_interfaces/srv/detail/scene_object_set_pose__struct.h
[3.898s] -- Up-to-date: /home/autopilot/ws/restackcell/ws_moveit2/install/wzlscheduler_interfaces/include/wzlscheduler_interfaces/wzlscheduler_interfaces/srv/detail/scene_object_add__struct.h
[3.898s] -- Up-to-date: /home/autopilot/ws/restackcell/ws_moveit2/install/wzlscheduler_interfaces/include/wzlscheduler_interfaces/wzlscheduler_interfaces/srv/detail/scene_object_detach__functions.c
[3.898s] -- Up-to-date: /home/autopilot/ws/restackcell/ws_moveit2/install/wzlscheduler_interfaces/include/wzlscheduler_interfaces/wzlscheduler_interfaces/srv/detail/set_value_io_interface__functions.c
[3.898s] -- Up-to-date: /home/autopilot/ws/restackcell/ws_moveit2/install/wzlscheduler_interfaces/include/wzlscheduler_interfaces/wzlscheduler_interfaces/srv/detail/set_value_io_interface__type_support.h
[3.898s] -- Up-to-date: /home/autopilot/ws/restackcell/ws_moveit2/install/wzlscheduler_interfaces/include/wzlscheduler_interfaces/wzlscheduler_interfaces/srv/detail/scene_object_set_pose__type_support.h
[3.898s] -- Up-to-date: /home/autopilot/ws/restackcell/ws_moveit2/install/wzlscheduler_interfaces/include/wzlscheduler_interfaces/wzlscheduler_interfaces/srv/detail/robot_follow_trajectory__type_support.h
[3.900s] -- Up-to-date: /home/autopilot/ws/restackcell/ws_moveit2/install/wzlscheduler_interfaces/include/wzlscheduler_interfaces/wzlscheduler_interfaces/srv/detail/set_value_io_interface__struct.h
[3.900s] -- Up-to-date: /home/autopilot/ws/restackcell/ws_moveit2/install/wzlscheduler_interfaces/include/wzlscheduler_interfaces/wzlscheduler_interfaces/srv/detail/scene_object_set_pose__functions.h
[3.900s] -- Up-to-date: /home/autopilot/ws/restackcell/ws_moveit2/install/wzlscheduler_interfaces/include/wzlscheduler_interfaces/wzlscheduler_interfaces/srv/detail/scene_object_remove__functions.h
[3.900s] -- Up-to-date: /home/autopilot/ws/restackcell/ws_moveit2/install/wzlscheduler_interfaces/include/wzlscheduler_interfaces/wzlscheduler_interfaces/srv/detail/scene_object_attach__functions.c
[3.900s] -- Up-to-date: /home/autopilot/ws/restackcell/ws_moveit2/install/wzlscheduler_interfaces/include/wzlscheduler_interfaces/wzlscheduler_interfaces/srv/robot_move_to_position.h
[3.901s] -- Up-to-date: /home/autopilot/ws/restackcell/ws_moveit2/install/wzlscheduler_interfaces/include/wzlscheduler_interfaces/wzlscheduler_interfaces/srv/scene_object_detach.h
[3.901s] -- Up-to-date: /home/autopilot/ws/restackcell/ws_moveit2/install/wzlscheduler_interfaces/share/wzlscheduler_interfaces/environment/library_path.sh
[3.901s] -- Up-to-date: /home/autopilot/ws/restackcell/ws_moveit2/install/wzlscheduler_interfaces/share/wzlscheduler_interfaces/environment/library_path.dsv
[3.901s] -- Up-to-date: /home/autopilot/ws/restackcell/ws_moveit2/install/wzlscheduler_interfaces/lib/libwzlscheduler_interfaces__rosidl_generator_c.so
[3.902s] -- Up-to-date: /home/autopilot/ws/restackcell/ws_moveit2/install/wzlscheduler_interfaces/include/wzlscheduler_interfaces/wzlscheduler_interfaces
[3.902s] -- Up-to-date: /home/autopilot/ws/restackcell/ws_moveit2/install/wzlscheduler_interfaces/include/wzlscheduler_interfaces/wzlscheduler_interfaces/msg
[3.902s] -- Up-to-date: /home/autopilot/ws/restackcell/ws_moveit2/install/wzlscheduler_interfaces/include/wzlscheduler_interfaces/wzlscheduler_interfaces/msg/rosidl_typesupport_fastrtps_c__visibility_control.h
[3.902s] -- Up-to-date: /home/autopilot/ws/restackcell/ws_moveit2/install/wzlscheduler_interfaces/include/wzlscheduler_interfaces/wzlscheduler_interfaces/msg/detail
[3.902s] -- Up-to-date: /home/autopilot/ws/restackcell/ws_moveit2/install/wzlscheduler_interfaces/include/wzlscheduler_interfaces/wzlscheduler_interfaces/msg/detail/labeled_bounding_box__rosidl_typesupport_fastrtps_c.h
[3.902s] -- Up-to-date: /home/autopilot/ws/restackcell/ws_moveit2/install/wzlscheduler_interfaces/include/wzlscheduler_interfaces/wzlscheduler_interfaces/msg/detail/scene_object_remove__rosidl_typesupport_fastrtps_c.h
[3.902s] -- Up-to-date: /home/autopilot/ws/restackcell/ws_moveit2/install/wzlscheduler_interfaces/include/wzlscheduler_interfaces/wzlscheduler_interfaces/msg/detail/scene_object_add__rosidl_typesupport_fastrtps_c.h
[3.903s] -- Up-to-date: /home/autopilot/ws/restackcell/ws_moveit2/install/wzlscheduler_interfaces/include/wzlscheduler_interfaces/wzlscheduler_interfaces/msg/detail/labeled_bounding_boxes__rosidl_typesupport_fastrtps_c.h
[3.903s] -- Up-to-date: /home/autopilot/ws/restackcell/ws_moveit2/install/wzlscheduler_interfaces/include/wzlscheduler_interfaces/wzlscheduler_interfaces/msg/detail/labeled_poses__rosidl_typesupport_fastrtps_c.h
[3.903s] -- Up-to-date: /home/autopilot/ws/restackcell/ws_moveit2/install/wzlscheduler_interfaces/include/wzlscheduler_interfaces/wzlscheduler_interfaces/msg/detail/labeled_point_clouds__rosidl_typesupport_fastrtps_c.h
[3.906s] -- Up-to-date: /home/autopilot/ws/restackcell/ws_moveit2/install/wzlscheduler_interfaces/include/wzlscheduler_interfaces/wzlscheduler_interfaces/msg/detail/labeled_pose__rosidl_typesupport_fastrtps_c.h
[3.906s] -- Up-to-date: /home/autopilot/ws/restackcell/ws_moveit2/install/wzlscheduler_interfaces/include/wzlscheduler_interfaces/wzlscheduler_interfaces/msg/detail/labeled_point_cloud__rosidl_typesupport_fastrtps_c.h
[3.906s] -- Up-to-date: /home/autopilot/ws/restackcell/ws_moveit2/install/wzlscheduler_interfaces/include/wzlscheduler_interfaces/wzlscheduler_interfaces/msg/detail/scene_object_set_pose__rosidl_typesupport_fastrtps_c.h
[3.906s] -- Up-to-date: /home/autopilot/ws/restackcell/ws_moveit2/install/wzlscheduler_interfaces/include/wzlscheduler_interfaces/wzlscheduler_interfaces/srv
[3.907s] -- Up-to-date: /home/autopilot/ws/restackcell/ws_moveit2/install/wzlscheduler_interfaces/include/wzlscheduler_interfaces/wzlscheduler_interfaces/srv/detail
[3.907s] -- Up-to-date: /home/autopilot/ws/restackcell/ws_moveit2/install/wzlscheduler_interfaces/include/wzlscheduler_interfaces/wzlscheduler_interfaces/srv/detail/scene_object_attach__rosidl_typesupport_fastrtps_c.h
[3.907s] -- Up-to-date: /home/autopilot/ws/restackcell/ws_moveit2/install/wzlscheduler_interfaces/include/wzlscheduler_interfaces/wzlscheduler_interfaces/srv/detail/scene_object_remove__rosidl_typesupport_fastrtps_c.h
[3.907s] -- Up-to-date: /home/autopilot/ws/restackcell/ws_moveit2/install/wzlscheduler_interfaces/include/wzlscheduler_interfaces/wzlscheduler_interfaces/srv/detail/scene_object_add__rosidl_typesupport_fastrtps_c.h
[3.907s] -- Up-to-date: /home/autopilot/ws/restackcell/ws_moveit2/install/wzlscheduler_interfaces/include/wzlscheduler_interfaces/wzlscheduler_interfaces/srv/detail/load_object__rosidl_typesupport_fastrtps_c.h
[3.907s] -- Up-to-date: /home/autopilot/ws/restackcell/ws_moveit2/install/wzlscheduler_interfaces/include/wzlscheduler_interfaces/wzlscheduler_interfaces/srv/detail/set_value_io_interface__rosidl_typesupport_fastrtps_c.h
[3.907s] -- Up-to-date: /home/autopilot/ws/restackcell/ws_moveit2/install/wzlscheduler_interfaces/include/wzlscheduler_interfaces/wzlscheduler_interfaces/srv/detail/scene_object_detach__rosidl_typesupport_fastrtps_c.h
[3.908s] -- Up-to-date: /home/autopilot/ws/restackcell/ws_moveit2/install/wzlscheduler_interfaces/include/wzlscheduler_interfaces/wzlscheduler_interfaces/srv/detail/robot_set_velocity__rosidl_typesupport_fastrtps_c.h
[3.908s] -- Up-to-date: /home/autopilot/ws/restackcell/ws_moveit2/install/wzlscheduler_interfaces/include/wzlscheduler_interfaces/wzlscheduler_interfaces/srv/detail/robot_move_to_position__rosidl_typesupport_fastrtps_c.h
[3.909s] -- Up-to-date: /home/autopilot/ws/restackcell/ws_moveit2/install/wzlscheduler_interfaces/include/wzlscheduler_interfaces/wzlscheduler_interfaces/srv/detail/robot_follow_trajectory__rosidl_typesupport_fastrtps_c.h
[3.909s] -- Up-to-date: /home/autopilot/ws/restackcell/ws_moveit2/install/wzlscheduler_interfaces/include/wzlscheduler_interfaces/wzlscheduler_interfaces/srv/detail/scene_object_set_pose__rosidl_typesupport_fastrtps_c.h
[3.909s] -- Up-to-date: /home/autopilot/ws/restackcell/ws_moveit2/install/wzlscheduler_interfaces/lib/libwzlscheduler_interfaces__rosidl_typesupport_fastrtps_c.so
[3.909s] -- Up-to-date: /home/autopilot/ws/restackcell/ws_moveit2/install/wzlscheduler_interfaces/include/wzlscheduler_interfaces/wzlscheduler_interfaces
[3.910s] -- Up-to-date: /home/autopilot/ws/restackcell/ws_moveit2/install/wzlscheduler_interfaces/include/wzlscheduler_interfaces/wzlscheduler_interfaces/msg
[3.910s] -- Up-to-date: /home/autopilot/ws/restackcell/ws_moveit2/install/wzlscheduler_interfaces/include/wzlscheduler_interfaces/wzlscheduler_interfaces/msg/rosidl_typesupport_introspection_c__visibility_control.h
[3.910s] -- Up-to-date: /home/autopilot/ws/restackcell/ws_moveit2/install/wzlscheduler_interfaces/include/wzlscheduler_interfaces/wzlscheduler_interfaces/msg/detail
[3.911s] -- Up-to-date: /home/autopilot/ws/restackcell/ws_moveit2/install/wzlscheduler_interfaces/include/wzlscheduler_interfaces/wzlscheduler_interfaces/msg/detail/labeled_point_clouds__type_support.c
[3.911s] -- Up-to-date: /home/autopilot/ws/restackcell/ws_moveit2/install/wzlscheduler_interfaces/include/wzlscheduler_interfaces/wzlscheduler_interfaces/msg/detail/labeled_point_cloud__rosidl_typesupport_introspection_c.h
[3.911s] -- Up-to-date: /home/autopilot/ws/restackcell/ws_moveit2/install/wzlscheduler_interfaces/include/wzlscheduler_interfaces/wzlscheduler_interfaces/msg/detail/labeled_point_clouds__rosidl_typesupport_introspection_c.h
[3.911s] -- Up-to-date: /home/autopilot/ws/restackcell/ws_moveit2/install/wzlscheduler_interfaces/include/wzlscheduler_interfaces/wzlscheduler_interfaces/msg/detail/labeled_poses__rosidl_typesupport_introspection_c.h
[3.911s] -- Up-to-date: /home/autopilot/ws/restackcell/ws_moveit2/install/wzlscheduler_interfaces/include/wzlscheduler_interfaces/wzlscheduler_interfaces/msg/detail/labeled_pose__type_support.c
[3.912s] -- Up-to-date: /home/autopilot/ws/restackcell/ws_moveit2/install/wzlscheduler_interfaces/include/wzlscheduler_interfaces/wzlscheduler_interfaces/msg/detail/scene_object_add__rosidl_typesupport_introspection_c.h
[3.912s] -- Up-to-date: /home/autopilot/ws/restackcell/ws_moveit2/install/wzlscheduler_interfaces/include/wzlscheduler_interfaces/wzlscheduler_interfaces/msg/detail/scene_object_set_pose__type_support.c
[3.912s] -- Up-to-date: /home/autopilot/ws/restackcell/ws_moveit2/install/wzlscheduler_interfaces/include/wzlscheduler_interfaces/wzlscheduler_interfaces/msg/detail/scene_object_remove__rosidl_typesupport_introspection_c.h
[3.912s] -- Up-to-date: /home/autopilot/ws/restackcell/ws_moveit2/install/wzlscheduler_interfaces/include/wzlscheduler_interfaces/wzlscheduler_interfaces/msg/detail/scene_object_remove__type_support.c
[3.912s] -- Up-to-date: /home/autopilot/ws/restackcell/ws_moveit2/install/wzlscheduler_interfaces/include/wzlscheduler_interfaces/wzlscheduler_interfaces/msg/detail/labeled_point_cloud__type_support.c
[3.912s] -- Up-to-date: /home/autopilot/ws/restackcell/ws_moveit2/install/wzlscheduler_interfaces/include/wzlscheduler_interfaces/wzlscheduler_interfaces/msg/detail/labeled_bounding_boxes__rosidl_typesupport_introspection_c.h
[3.913s] -- Up-to-date: /home/autopilot/ws/restackcell/ws_moveit2/install/wzlscheduler_interfaces/include/wzlscheduler_interfaces/wzlscheduler_interfaces/msg/detail/scene_object_add__type_support.c
[3.913s] -- Up-to-date: /home/autopilot/ws/restackcell/ws_moveit2/install/wzlscheduler_interfaces/include/wzlscheduler_interfaces/wzlscheduler_interfaces/msg/detail/labeled_bounding_box__type_support.c
[3.913s] -- Up-to-date: /home/autopilot/ws/restackcell/ws_moveit2/install/wzlscheduler_interfaces/include/wzlscheduler_interfaces/wzlscheduler_interfaces/msg/detail/labeled_bounding_box__rosidl_typesupport_introspection_c.h
[3.913s] -- Up-to-date: /home/autopilot/ws/restackcell/ws_moveit2/install/wzlscheduler_interfaces/include/wzlscheduler_interfaces/wzlscheduler_interfaces/msg/detail/labeled_pose__rosidl_typesupport_introspection_c.h
[3.914s] -- Up-to-date: /home/autopilot/ws/restackcell/ws_moveit2/install/wzlscheduler_interfaces/include/wzlscheduler_interfaces/wzlscheduler_interfaces/msg/detail/labeled_poses__type_support.c
[3.914s] -- Up-to-date: /home/autopilot/ws/restackcell/ws_moveit2/install/wzlscheduler_interfaces/include/wzlscheduler_interfaces/wzlscheduler_interfaces/msg/detail/labeled_bounding_boxes__type_support.c
[3.915s] -- Up-to-date: /home/autopilot/ws/restackcell/ws_moveit2/install/wzlscheduler_interfaces/include/wzlscheduler_interfaces/wzlscheduler_interfaces/msg/detail/scene_object_set_pose__rosidl_typesupport_introspection_c.h
[3.915s] -- Up-to-date: /home/autopilot/ws/restackcell/ws_moveit2/install/wzlscheduler_interfaces/include/wzlscheduler_interfaces/wzlscheduler_interfaces/srv
[3.915s] -- Up-to-date: /home/autopilot/ws/restackcell/ws_moveit2/install/wzlscheduler_interfaces/include/wzlscheduler_interfaces/wzlscheduler_interfaces/srv/detail
[3.915s] -- Up-to-date: /home/autopilot/ws/restackcell/ws_moveit2/install/wzlscheduler_interfaces/include/wzlscheduler_interfaces/wzlscheduler_interfaces/srv/detail/load_object__type_support.c
[3.916s] -- Up-to-date: /home/autopilot/ws/restackcell/ws_moveit2/install/wzlscheduler_interfaces/include/wzlscheduler_interfaces/wzlscheduler_interfaces/srv/detail/robot_move_to_position__type_support.c
[3.916s] -- Up-to-date: /home/autopilot/ws/restackcell/ws_moveit2/install/wzlscheduler_interfaces/include/wzlscheduler_interfaces/wzlscheduler_interfaces/srv/detail/load_object__rosidl_typesupport_introspection_c.h
[3.916s] -- Up-to-date: /home/autopilot/ws/restackcell/ws_moveit2/install/wzlscheduler_interfaces/include/wzlscheduler_interfaces/wzlscheduler_interfaces/srv/detail/robot_set_velocity__type_support.c
[3.917s] -- Up-to-date: /home/autopilot/ws/restackcell/ws_moveit2/install/wzlscheduler_interfaces/include/wzlscheduler_interfaces/wzlscheduler_interfaces/srv/detail/scene_object_detach__type_support.c
[3.917s] -- Up-to-date: /home/autopilot/ws/restackcell/ws_moveit2/install/wzlscheduler_interfaces/include/wzlscheduler_interfaces/wzlscheduler_interfaces/srv/detail/scene_object_attach__rosidl_typesupport_introspection_c.h
[3.917s] -- Up-to-date: /home/autopilot/ws/restackcell/ws_moveit2/install/wzlscheduler_interfaces/include/wzlscheduler_interfaces/wzlscheduler_interfaces/srv/detail/robot_move_to_position__rosidl_typesupport_introspection_c.h
[3.917s] -- Up-to-date: /home/autopilot/ws/restackcell/ws_moveit2/install/wzlscheduler_interfaces/include/wzlscheduler_interfaces/wzlscheduler_interfaces/srv/detail/set_value_io_interface__rosidl_typesupport_introspection_c.h
[3.917s] -- Up-to-date: /home/autopilot/ws/restackcell/ws_moveit2/install/wzlscheduler_interfaces/include/wzlscheduler_interfaces/wzlscheduler_interfaces/srv/detail/scene_object_add__rosidl_typesupport_introspection_c.h
[3.917s] -- Up-to-date: /home/autopilot/ws/restackcell/ws_moveit2/install/wzlscheduler_interfaces/include/wzlscheduler_interfaces/wzlscheduler_interfaces/srv/detail/scene_object_set_pose__type_support.c
[3.917s] -- Up-to-date: /home/autopilot/ws/restackcell/ws_moveit2/install/wzlscheduler_interfaces/include/wzlscheduler_interfaces/wzlscheduler_interfaces/srv/detail/scene_object_remove__rosidl_typesupport_introspection_c.h
[3.917s] -- Up-to-date: /home/autopilot/ws/restackcell/ws_moveit2/install/wzlscheduler_interfaces/include/wzlscheduler_interfaces/wzlscheduler_interfaces/srv/detail/scene_object_remove__type_support.c
[3.917s] -- Up-to-date: /home/autopilot/ws/restackcell/ws_moveit2/install/wzlscheduler_interfaces/include/wzlscheduler_interfaces/wzlscheduler_interfaces/srv/detail/robot_follow_trajectory__rosidl_typesupport_introspection_c.h
[3.919s] -- Up-to-date: /home/autopilot/ws/restackcell/ws_moveit2/install/wzlscheduler_interfaces/include/wzlscheduler_interfaces/wzlscheduler_interfaces/srv/detail/robot_set_velocity__rosidl_typesupport_introspection_c.h
[3.919s] -- Up-to-date: /home/autopilot/ws/restackcell/ws_moveit2/install/wzlscheduler_interfaces/include/wzlscheduler_interfaces/wzlscheduler_interfaces/srv/detail/scene_object_attach__type_support.c
[3.919s] -- Up-to-date: /home/autopilot/ws/restackcell/ws_moveit2/install/wzlscheduler_interfaces/include/wzlscheduler_interfaces/wzlscheduler_interfaces/srv/detail/set_value_io_interface__type_support.c
[3.919s] -- Up-to-date: /home/autopilot/ws/restackcell/ws_moveit2/install/wzlscheduler_interfaces/include/wzlscheduler_interfaces/wzlscheduler_interfaces/srv/detail/scene_object_add__type_support.c
[3.919s] -- Up-to-date: /home/autopilot/ws/restackcell/ws_moveit2/install/wzlscheduler_interfaces/include/wzlscheduler_interfaces/wzlscheduler_interfaces/srv/detail/robot_follow_trajectory__type_support.c
[3.920s] -- Up-to-date: /home/autopilot/ws/restackcell/ws_moveit2/install/wzlscheduler_interfaces/include/wzlscheduler_interfaces/wzlscheduler_interfaces/srv/detail/scene_object_set_pose__rosidl_typesupport_introspection_c.h
[3.920s] -- Up-to-date: /home/autopilot/ws/restackcell/ws_moveit2/install/wzlscheduler_interfaces/include/wzlscheduler_interfaces/wzlscheduler_interfaces/srv/detail/scene_object_detach__rosidl_typesupport_introspection_c.h
[3.920s] -- Up-to-date: /home/autopilot/ws/restackcell/ws_moveit2/install/wzlscheduler_interfaces/lib/libwzlscheduler_interfaces__rosidl_typesupport_introspection_c.so
[3.922s] -- Up-to-date: /home/autopilot/ws/restackcell/ws_moveit2/install/wzlscheduler_interfaces/lib/libwzlscheduler_interfaces__rosidl_typesupport_c.so
[3.924s] -- Up-to-date: /home/autopilot/ws/restackcell/ws_moveit2/install/wzlscheduler_interfaces/include/wzlscheduler_interfaces/wzlscheduler_interfaces
[3.924s] -- Up-to-date: /home/autopilot/ws/restackcell/ws_moveit2/install/wzlscheduler_interfaces/include/wzlscheduler_interfaces/wzlscheduler_interfaces/msg
[3.924s] -- Up-to-date: /home/autopilot/ws/restackcell/ws_moveit2/install/wzlscheduler_interfaces/include/wzlscheduler_interfaces/wzlscheduler_interfaces/msg/labeled_pose.hpp
[3.925s] -- Up-to-date: /home/autopilot/ws/restackcell/ws_moveit2/install/wzlscheduler_interfaces/include/wzlscheduler_interfaces/wzlscheduler_interfaces/msg/labeled_poses.hpp
[3.925s] -- Up-to-date: /home/autopilot/ws/restackcell/ws_moveit2/install/wzlscheduler_interfaces/include/wzlscheduler_interfaces/wzlscheduler_interfaces/msg/labeled_point_cloud.hpp
[3.925s] -- Up-to-date: /home/autopilot/ws/restackcell/ws_moveit2/install/wzlscheduler_interfaces/include/wzlscheduler_interfaces/wzlscheduler_interfaces/msg/scene_object_set_pose.hpp
[3.925s] -- Up-to-date: /home/autopilot/ws/restackcell/ws_moveit2/install/wzlscheduler_interfaces/include/wzlscheduler_interfaces/wzlscheduler_interfaces/msg/detail
[3.926s] -- Up-to-date: /home/autopilot/ws/restackcell/ws_moveit2/install/wzlscheduler_interfaces/include/wzlscheduler_interfaces/wzlscheduler_interfaces/msg/detail/labeled_poses__traits.hpp
[3.926s] -- Up-to-date: /home/autopilot/ws/restackcell/ws_moveit2/install/wzlscheduler_interfaces/include/wzlscheduler_interfaces/wzlscheduler_interfaces/msg/detail/scene_object_set_pose__builder.hpp
[3.926s] -- Up-to-date: /home/autopilot/ws/restackcell/ws_moveit2/install/wzlscheduler_interfaces/include/wzlscheduler_interfaces/wzlscheduler_interfaces/msg/detail/labeled_bounding_boxes__struct.hpp
[3.926s] -- Up-to-date: /home/autopilot/ws/restackcell/ws_moveit2/install/wzlscheduler_interfaces/include/wzlscheduler_interfaces/wzlscheduler_interfaces/msg/detail/labeled_point_cloud__struct.hpp
[3.926s] -- Up-to-date: /home/autopilot/ws/restackcell/ws_moveit2/install/wzlscheduler_interfaces/include/wzlscheduler_interfaces/wzlscheduler_interfaces/msg/detail/scene_object_remove__builder.hpp
[3.927s] -- Up-to-date: /home/autopilot/ws/restackcell/ws_moveit2/install/wzlscheduler_interfaces/include/wzlscheduler_interfaces/wzlscheduler_interfaces/msg/detail/labeled_bounding_box__builder.hpp
[3.927s] -- Up-to-date: /home/autopilot/ws/restackcell/ws_moveit2/install/wzlscheduler_interfaces/include/wzlscheduler_interfaces/wzlscheduler_interfaces/msg/detail/scene_object_remove__struct.hpp
[3.927s] -- Up-to-date: /home/autopilot/ws/restackcell/ws_moveit2/install/wzlscheduler_interfaces/include/wzlscheduler_interfaces/wzlscheduler_interfaces/msg/detail/labeled_point_clouds__builder.hpp
[3.928s] -- Up-to-date: /home/autopilot/ws/restackcell/ws_moveit2/install/wzlscheduler_interfaces/include/wzlscheduler_interfaces/wzlscheduler_interfaces/msg/detail/labeled_bounding_box__traits.hpp
[3.928s] -- Up-to-date: /home/autopilot/ws/restackcell/ws_moveit2/install/wzlscheduler_interfaces/include/wzlscheduler_interfaces/wzlscheduler_interfaces/msg/detail/labeled_point_clouds__struct.hpp
[3.929s] -- Up-to-date: /home/autopilot/ws/restackcell/ws_moveit2/install/wzlscheduler_interfaces/include/wzlscheduler_interfaces/wzlscheduler_interfaces/msg/detail/labeled_poses__builder.hpp
[3.929s] -- Up-to-date: /home/autopilot/ws/restackcell/ws_moveit2/install/wzlscheduler_interfaces/include/wzlscheduler_interfaces/wzlscheduler_interfaces/msg/detail/scene_object_set_pose__struct.hpp
[3.930s] -- Up-to-date: /home/autopilot/ws/restackcell/ws_moveit2/install/wzlscheduler_interfaces/include/wzlscheduler_interfaces/wzlscheduler_interfaces/msg/detail/labeled_point_cloud__traits.hpp
[3.930s] -- Up-to-date: /home/autopilot/ws/restackcell/ws_moveit2/install/wzlscheduler_interfaces/include/wzlscheduler_interfaces/wzlscheduler_interfaces/msg/detail/labeled_bounding_boxes__builder.hpp
[3.932s] -- Up-to-date: /home/autopilot/ws/restackcell/ws_moveit2/install/wzlscheduler_interfaces/include/wzlscheduler_interfaces/wzlscheduler_interfaces/msg/detail/labeled_point_cloud__builder.hpp
[3.932s] -- Up-to-date: /home/autopilot/ws/restackcell/ws_moveit2/install/wzlscheduler_interfaces/include/wzlscheduler_interfaces/wzlscheduler_interfaces/msg/detail/scene_object_add__builder.hpp
[3.932s] -- Up-to-date: /home/autopilot/ws/restackcell/ws_moveit2/install/wzlscheduler_interfaces/include/wzlscheduler_interfaces/wzlscheduler_interfaces/msg/detail/labeled_pose__builder.hpp
[3.932s] -- Up-to-date: /home/autopilot/ws/restackcell/ws_moveit2/install/wzlscheduler_interfaces/include/wzlscheduler_interfaces/wzlscheduler_interfaces/msg/detail/labeled_point_clouds__traits.hpp
[3.933s] -- Up-to-date: /home/autopilot/ws/restackcell/ws_moveit2/install/wzlscheduler_interfaces/include/wzlscheduler_interfaces/wzlscheduler_interfaces/msg/detail/labeled_pose__struct.hpp
[3.933s] -- Up-to-date: /home/autopilot/ws/restackcell/ws_moveit2/install/wzlscheduler_interfaces/include/wzlscheduler_interfaces/wzlscheduler_interfaces/msg/detail/scene_object_add__struct.hpp
[3.933s] -- Up-to-date: /home/autopilot/ws/restackcell/ws_moveit2/install/wzlscheduler_interfaces/include/wzlscheduler_interfaces/wzlscheduler_interfaces/msg/detail/labeled_poses__struct.hpp
[3.933s] -- Up-to-date: /home/autopilot/ws/restackcell/ws_moveit2/install/wzlscheduler_interfaces/include/wzlscheduler_interfaces/wzlscheduler_interfaces/msg/detail/scene_object_set_pose__traits.hpp
[3.933s] -- Up-to-date: /home/autopilot/ws/restackcell/ws_moveit2/install/wzlscheduler_interfaces/include/wzlscheduler_interfaces/wzlscheduler_interfaces/msg/detail/labeled_bounding_boxes__traits.hpp
[3.933s] -- Up-to-date: /home/autopilot/ws/restackcell/ws_moveit2/install/wzlscheduler_interfaces/include/wzlscheduler_interfaces/wzlscheduler_interfaces/msg/detail/labeled_pose__traits.hpp
[3.934s] -- Up-to-date: /home/autopilot/ws/restackcell/ws_moveit2/install/wzlscheduler_interfaces/include/wzlscheduler_interfaces/wzlscheduler_interfaces/msg/detail/scene_object_remove__traits.hpp
[3.936s] -- Up-to-date: /home/autopilot/ws/restackcell/ws_moveit2/install/wzlscheduler_interfaces/include/wzlscheduler_interfaces/wzlscheduler_interfaces/msg/detail/labeled_bounding_box__struct.hpp
[3.936s] -- Up-to-date: /home/autopilot/ws/restackcell/ws_moveit2/install/wzlscheduler_interfaces/include/wzlscheduler_interfaces/wzlscheduler_interfaces/msg/detail/scene_object_add__traits.hpp
[3.936s] -- Up-to-date: /home/autopilot/ws/restackcell/ws_moveit2/install/wzlscheduler_interfaces/include/wzlscheduler_interfaces/wzlscheduler_interfaces/msg/labeled_bounding_boxes.hpp
[3.936s] -- Up-to-date: /home/autopilot/ws/restackcell/ws_moveit2/install/wzlscheduler_interfaces/include/wzlscheduler_interfaces/wzlscheduler_interfaces/msg/labeled_bounding_box.hpp
[3.936s] -- Up-to-date: /home/autopilot/ws/restackcell/ws_moveit2/install/wzlscheduler_interfaces/include/wzlscheduler_interfaces/wzlscheduler_interfaces/msg/scene_object_remove.hpp
[3.936s] -- Up-to-date: /home/autopilot/ws/restackcell/ws_moveit2/install/wzlscheduler_interfaces/include/wzlscheduler_interfaces/wzlscheduler_interfaces/msg/scene_object_add.hpp
[3.936s] -- Up-to-date: /home/autopilot/ws/restackcell/ws_moveit2/install/wzlscheduler_interfaces/include/wzlscheduler_interfaces/wzlscheduler_interfaces/msg/labeled_point_clouds.hpp
[3.936s] -- Up-to-date: /home/autopilot/ws/restackcell/ws_moveit2/install/wzlscheduler_interfaces/include/wzlscheduler_interfaces/wzlscheduler_interfaces/srv
[3.937s] -- Up-to-date: /home/autopilot/ws/restackcell/ws_moveit2/install/wzlscheduler_interfaces/include/wzlscheduler_interfaces/wzlscheduler_interfaces/srv/load_object.hpp
[3.937s] -- Up-to-date: /home/autopilot/ws/restackcell/ws_moveit2/install/wzlscheduler_interfaces/include/wzlscheduler_interfaces/wzlscheduler_interfaces/srv/robot_set_velocity.hpp
[3.937s] -- Up-to-date: /home/autopilot/ws/restackcell/ws_moveit2/install/wzlscheduler_interfaces/include/wzlscheduler_interfaces/wzlscheduler_interfaces/srv/scene_object_attach.hpp
[3.937s] -- Up-to-date: /home/autopilot/ws/restackcell/ws_moveit2/install/wzlscheduler_interfaces/include/wzlscheduler_interfaces/wzlscheduler_interfaces/srv/scene_object_detach.hpp
[3.937s] -- Up-to-date: /home/autopilot/ws/restackcell/ws_moveit2/install/wzlscheduler_interfaces/include/wzlscheduler_interfaces/wzlscheduler_interfaces/srv/scene_object_set_pose.hpp
[3.937s] -- Up-to-date: /home/autopilot/ws/restackcell/ws_moveit2/install/wzlscheduler_interfaces/include/wzlscheduler_interfaces/wzlscheduler_interfaces/srv/detail
[3.939s] -- Up-to-date: /home/autopilot/ws/restackcell/ws_moveit2/install/wzlscheduler_interfaces/include/wzlscheduler_interfaces/wzlscheduler_interfaces/srv/detail/scene_object_set_pose__builder.hpp
[3.939s] -- Up-to-date: /home/autopilot/ws/restackcell/ws_moveit2/install/wzlscheduler_interfaces/include/wzlscheduler_interfaces/wzlscheduler_interfaces/srv/detail/scene_object_detach__struct.hpp
[3.940s] -- Up-to-date: /home/autopilot/ws/restackcell/ws_moveit2/install/wzlscheduler_interfaces/include/wzlscheduler_interfaces/wzlscheduler_interfaces/srv/detail/scene_object_remove__builder.hpp
[3.940s] -- Up-to-date: /home/autopilot/ws/restackcell/ws_moveit2/install/wzlscheduler_interfaces/include/wzlscheduler_interfaces/wzlscheduler_interfaces/srv/detail/scene_object_detach__builder.hpp
[3.941s] -- Up-to-date: /home/autopilot/ws/restackcell/ws_moveit2/install/wzlscheduler_interfaces/include/wzlscheduler_interfaces/wzlscheduler_interfaces/srv/detail/scene_object_remove__struct.hpp
[3.941s] -- Up-to-date: /home/autopilot/ws/restackcell/ws_moveit2/install/wzlscheduler_interfaces/include/wzlscheduler_interfaces/wzlscheduler_interfaces/srv/detail/robot_follow_trajectory__struct.hpp
[3.941s] -- Up-to-date: /home/autopilot/ws/restackcell/ws_moveit2/install/wzlscheduler_interfaces/include/wzlscheduler_interfaces/wzlscheduler_interfaces/srv/detail/load_object__traits.hpp
[3.941s] -- Up-to-date: /home/autopilot/ws/restackcell/ws_moveit2/install/wzlscheduler_interfaces/include/wzlscheduler_interfaces/wzlscheduler_interfaces/srv/detail/set_value_io_interface__traits.hpp
[3.941s] -- Up-to-date: /home/autopilot/ws/restackcell/ws_moveit2/install/wzlscheduler_interfaces/include/wzlscheduler_interfaces/wzlscheduler_interfaces/srv/detail/scene_object_set_pose__struct.hpp
[3.941s] -- Up-to-date: /home/autopilot/ws/restackcell/ws_moveit2/install/wzlscheduler_interfaces/include/wzlscheduler_interfaces/wzlscheduler_interfaces/srv/detail/scene_object_attach__traits.hpp
[3.942s] -- Up-to-date: /home/autopilot/ws/restackcell/ws_moveit2/install/wzlscheduler_interfaces/include/wzlscheduler_interfaces/wzlscheduler_interfaces/srv/detail/robot_set_velocity__struct.hpp
[3.942s] -- Up-to-date: /home/autopilot/ws/restackcell/ws_moveit2/install/wzlscheduler_interfaces/include/wzlscheduler_interfaces/wzlscheduler_interfaces/srv/detail/scene_object_attach__builder.hpp
[3.942s] -- Up-to-date: /home/autopilot/ws/restackcell/ws_moveit2/install/wzlscheduler_interfaces/include/wzlscheduler_interfaces/wzlscheduler_interfaces/srv/detail/robot_follow_trajectory__traits.hpp
[3.942s] -- Up-to-date: /home/autopilot/ws/restackcell/ws_moveit2/install/wzlscheduler_interfaces/include/wzlscheduler_interfaces/wzlscheduler_interfaces/srv/detail/scene_object_detach__traits.hpp
[3.942s] -- Up-to-date: /home/autopilot/ws/restackcell/ws_moveit2/install/wzlscheduler_interfaces/include/wzlscheduler_interfaces/wzlscheduler_interfaces/srv/detail/load_object__struct.hpp
[3.943s] -- Up-to-date: /home/autopilot/ws/restackcell/ws_moveit2/install/wzlscheduler_interfaces/include/wzlscheduler_interfaces/wzlscheduler_interfaces/srv/detail/set_value_io_interface__struct.hpp
[3.943s] -- Up-to-date: /home/autopilot/ws/restackcell/ws_moveit2/install/wzlscheduler_interfaces/include/wzlscheduler_interfaces/wzlscheduler_interfaces/srv/detail/scene_object_add__builder.hpp
[3.943s] -- Up-to-date: /home/autopilot/ws/restackcell/ws_moveit2/install/wzlscheduler_interfaces/include/wzlscheduler_interfaces/wzlscheduler_interfaces/srv/detail/load_object__builder.hpp
[3.943s] -- Up-to-date: /home/autopilot/ws/restackcell/ws_moveit2/install/wzlscheduler_interfaces/include/wzlscheduler_interfaces/wzlscheduler_interfaces/srv/detail/scene_object_add__struct.hpp
[3.943s] -- Up-to-date: /home/autopilot/ws/restackcell/ws_moveit2/install/wzlscheduler_interfaces/include/wzlscheduler_interfaces/wzlscheduler_interfaces/srv/detail/robot_set_velocity__builder.hpp
[3.943s] -- Up-to-date: /home/autopilot/ws/restackcell/ws_moveit2/install/wzlscheduler_interfaces/include/wzlscheduler_interfaces/wzlscheduler_interfaces/srv/detail/robot_follow_trajectory__builder.hpp
[3.943s] -- Up-to-date: /home/autopilot/ws/restackcell/ws_moveit2/install/wzlscheduler_interfaces/include/wzlscheduler_interfaces/wzlscheduler_interfaces/srv/detail/scene_object_set_pose__traits.hpp
[3.944s] -- Up-to-date: /home/autopilot/ws/restackcell/ws_moveit2/install/wzlscheduler_interfaces/include/wzlscheduler_interfaces/wzlscheduler_interfaces/srv/detail/robot_set_velocity__traits.hpp
[3.944s] -- Up-to-date: /home/autopilot/ws/restackcell/ws_moveit2/install/wzlscheduler_interfaces/include/wzlscheduler_interfaces/wzlscheduler_interfaces/srv/detail/robot_move_to_position__builder.hpp
[3.944s] -- Up-to-date: /home/autopilot/ws/restackcell/ws_moveit2/install/wzlscheduler_interfaces/include/wzlscheduler_interfaces/wzlscheduler_interfaces/srv/detail/robot_move_to_position__traits.hpp
[3.944s] -- Up-to-date: /home/autopilot/ws/restackcell/ws_moveit2/install/wzlscheduler_interfaces/include/wzlscheduler_interfaces/wzlscheduler_interfaces/srv/detail/scene_object_remove__traits.hpp
[3.944s] -- Up-to-date: /home/autopilot/ws/restackcell/ws_moveit2/install/wzlscheduler_interfaces/include/wzlscheduler_interfaces/wzlscheduler_interfaces/srv/detail/scene_object_add__traits.hpp
[3.944s] -- Up-to-date: /home/autopilot/ws/restackcell/ws_moveit2/install/wzlscheduler_interfaces/include/wzlscheduler_interfaces/wzlscheduler_interfaces/srv/detail/scene_object_attach__struct.hpp
[3.944s] -- Up-to-date: /home/autopilot/ws/restackcell/ws_moveit2/install/wzlscheduler_interfaces/include/wzlscheduler_interfaces/wzlscheduler_interfaces/srv/detail/set_value_io_interface__builder.hpp
[3.944s] -- Up-to-date: /home/autopilot/ws/restackcell/ws_moveit2/install/wzlscheduler_interfaces/include/wzlscheduler_interfaces/wzlscheduler_interfaces/srv/detail/robot_move_to_position__struct.hpp
[3.945s] -- Up-to-date: /home/autopilot/ws/restackcell/ws_moveit2/install/wzlscheduler_interfaces/include/wzlscheduler_interfaces/wzlscheduler_interfaces/srv/scene_object_remove.hpp
[3.945s] -- Up-to-date: /home/autopilot/ws/restackcell/ws_moveit2/install/wzlscheduler_interfaces/include/wzlscheduler_interfaces/wzlscheduler_interfaces/srv/set_value_io_interface.hpp
[3.945s] -- Up-to-date: /home/autopilot/ws/restackcell/ws_moveit2/install/wzlscheduler_interfaces/include/wzlscheduler_interfaces/wzlscheduler_interfaces/srv/robot_follow_trajectory.hpp
[3.945s] -- Up-to-date: /home/autopilot/ws/restackcell/ws_moveit2/install/wzlscheduler_interfaces/include/wzlscheduler_interfaces/wzlscheduler_interfaces/srv/robot_move_to_position.hpp
[3.945s] -- Up-to-date: /home/autopilot/ws/restackcell/ws_moveit2/install/wzlscheduler_interfaces/include/wzlscheduler_interfaces/wzlscheduler_interfaces/srv/scene_object_add.hpp
[3.945s] -- Up-to-date: /home/autopilot/ws/restackcell/ws_moveit2/install/wzlscheduler_interfaces/include/wzlscheduler_interfaces/wzlscheduler_interfaces
[3.945s] -- Up-to-date: /home/autopilot/ws/restackcell/ws_moveit2/install/wzlscheduler_interfaces/include/wzlscheduler_interfaces/wzlscheduler_interfaces/msg
[3.946s] -- Up-to-date: /home/autopilot/ws/restackcell/ws_moveit2/install/wzlscheduler_interfaces/include/wzlscheduler_interfaces/wzlscheduler_interfaces/msg/rosidl_typesupport_fastrtps_cpp__visibility_control.h
[3.946s] -- Up-to-date: /home/autopilot/ws/restackcell/ws_moveit2/install/wzlscheduler_interfaces/include/wzlscheduler_interfaces/wzlscheduler_interfaces/msg/detail
[3.946s] -- Up-to-date: /home/autopilot/ws/restackcell/ws_moveit2/install/wzlscheduler_interfaces/include/wzlscheduler_interfaces/wzlscheduler_interfaces/msg/detail/labeled_point_clouds__rosidl_typesupport_fastrtps_cpp.hpp
[3.946s] -- Up-to-date: /home/autopilot/ws/restackcell/ws_moveit2/install/wzlscheduler_interfaces/include/wzlscheduler_interfaces/wzlscheduler_interfaces/msg/detail/scene_object_remove__rosidl_typesupport_fastrtps_cpp.hpp
[3.946s] -- Up-to-date: /home/autopilot/ws/restackcell/ws_moveit2/install/wzlscheduler_interfaces/include/wzlscheduler_interfaces/wzlscheduler_interfaces/msg/detail/labeled_bounding_box__rosidl_typesupport_fastrtps_cpp.hpp
[3.946s] -- Up-to-date: /home/autopilot/ws/restackcell/ws_moveit2/install/wzlscheduler_interfaces/include/wzlscheduler_interfaces/wzlscheduler_interfaces/msg/detail/labeled_point_cloud__rosidl_typesupport_fastrtps_cpp.hpp
[3.946s] -- Up-to-date: /home/autopilot/ws/restackcell/ws_moveit2/install/wzlscheduler_interfaces/include/wzlscheduler_interfaces/wzlscheduler_interfaces/msg/detail/scene_object_set_pose__rosidl_typesupport_fastrtps_cpp.hpp
[3.946s] -- Up-to-date: /home/autopilot/ws/restackcell/ws_moveit2/install/wzlscheduler_interfaces/include/wzlscheduler_interfaces/wzlscheduler_interfaces/msg/detail/labeled_bounding_boxes__rosidl_typesupport_fastrtps_cpp.hpp
[3.946s] -- Up-to-date: /home/autopilot/ws/restackcell/ws_moveit2/install/wzlscheduler_interfaces/include/wzlscheduler_interfaces/wzlscheduler_interfaces/msg/detail/labeled_poses__rosidl_typesupport_fastrtps_cpp.hpp
[3.947s] -- Up-to-date: /home/autopilot/ws/restackcell/ws_moveit2/install/wzlscheduler_interfaces/include/wzlscheduler_interfaces/wzlscheduler_interfaces/msg/detail/labeled_pose__rosidl_typesupport_fastrtps_cpp.hpp
[3.947s] -- Up-to-date: /home/autopilot/ws/restackcell/ws_moveit2/install/wzlscheduler_interfaces/include/wzlscheduler_interfaces/wzlscheduler_interfaces/msg/detail/dds_fastrtps
[3.947s] -- Up-to-date: /home/autopilot/ws/restackcell/ws_moveit2/install/wzlscheduler_interfaces/include/wzlscheduler_interfaces/wzlscheduler_interfaces/msg/detail/scene_object_add__rosidl_typesupport_fastrtps_cpp.hpp
[3.947s] -- Up-to-date: /home/autopilot/ws/restackcell/ws_moveit2/install/wzlscheduler_interfaces/include/wzlscheduler_interfaces/wzlscheduler_interfaces/srv
[3.947s] -- Up-to-date: /home/autopilot/ws/restackcell/ws_moveit2/install/wzlscheduler_interfaces/include/wzlscheduler_interfaces/wzlscheduler_interfaces/srv/detail
[3.947s] -- Up-to-date: /home/autopilot/ws/restackcell/ws_moveit2/install/wzlscheduler_interfaces/include/wzlscheduler_interfaces/wzlscheduler_interfaces/srv/detail/scene_object_attach__rosidl_typesupport_fastrtps_cpp.hpp
[3.947s] -- Up-to-date: /home/autopilot/ws/restackcell/ws_moveit2/install/wzlscheduler_interfaces/include/wzlscheduler_interfaces/wzlscheduler_interfaces/srv/detail/scene_object_detach__rosidl_typesupport_fastrtps_cpp.hpp
[3.948s] -- Up-to-date: /home/autopilot/ws/restackcell/ws_moveit2/install/wzlscheduler_interfaces/include/wzlscheduler_interfaces/wzlscheduler_interfaces/srv/detail/load_object__rosidl_typesupport_fastrtps_cpp.hpp
[3.948s] -- Up-to-date: /home/autopilot/ws/restackcell/ws_moveit2/install/wzlscheduler_interfaces/include/wzlscheduler_interfaces/wzlscheduler_interfaces/srv/detail/scene_object_remove__rosidl_typesupport_fastrtps_cpp.hpp
[3.948s] -- Up-to-date: /home/autopilot/ws/restackcell/ws_moveit2/install/wzlscheduler_interfaces/include/wzlscheduler_interfaces/wzlscheduler_interfaces/srv/detail/scene_object_set_pose__rosidl_typesupport_fastrtps_cpp.hpp
[3.948s] -- Up-to-date: /home/autopilot/ws/restackcell/ws_moveit2/install/wzlscheduler_interfaces/include/wzlscheduler_interfaces/wzlscheduler_interfaces/srv/detail/set_value_io_interface__rosidl_typesupport_fastrtps_cpp.hpp
[3.948s] -- Up-to-date: /home/autopilot/ws/restackcell/ws_moveit2/install/wzlscheduler_interfaces/include/wzlscheduler_interfaces/wzlscheduler_interfaces/srv/detail/dds_fastrtps
[3.948s] -- Up-to-date: /home/autopilot/ws/restackcell/ws_moveit2/install/wzlscheduler_interfaces/include/wzlscheduler_interfaces/wzlscheduler_interfaces/srv/detail/scene_object_add__rosidl_typesupport_fastrtps_cpp.hpp
[3.948s] -- Up-to-date: /home/autopilot/ws/restackcell/ws_moveit2/install/wzlscheduler_interfaces/include/wzlscheduler_interfaces/wzlscheduler_interfaces/srv/detail/robot_move_to_position__rosidl_typesupport_fastrtps_cpp.hpp
[3.949s] -- Up-to-date: /home/autopilot/ws/restackcell/ws_moveit2/install/wzlscheduler_interfaces/include/wzlscheduler_interfaces/wzlscheduler_interfaces/srv/detail/robot_follow_trajectory__rosidl_typesupport_fastrtps_cpp.hpp
[3.949s] -- Up-to-date: /home/autopilot/ws/restackcell/ws_moveit2/install/wzlscheduler_interfaces/include/wzlscheduler_interfaces/wzlscheduler_interfaces/srv/detail/robot_set_velocity__rosidl_typesupport_fastrtps_cpp.hpp
[3.949s] -- Up-to-date: /home/autopilot/ws/restackcell/ws_moveit2/install/wzlscheduler_interfaces/lib/libwzlscheduler_interfaces__rosidl_typesupport_fastrtps_cpp.so
[3.949s] -- Up-to-date: /home/autopilot/ws/restackcell/ws_moveit2/install/wzlscheduler_interfaces/include/wzlscheduler_interfaces/wzlscheduler_interfaces
[3.949s] -- Up-to-date: /home/autopilot/ws/restackcell/ws_moveit2/install/wzlscheduler_interfaces/include/wzlscheduler_interfaces/wzlscheduler_interfaces/msg
[3.949s] -- Up-to-date: /home/autopilot/ws/restackcell/ws_moveit2/install/wzlscheduler_interfaces/include/wzlscheduler_interfaces/wzlscheduler_interfaces/msg/detail
[3.950s] -- Up-to-date: /home/autopilot/ws/restackcell/ws_moveit2/install/wzlscheduler_interfaces/include/wzlscheduler_interfaces/wzlscheduler_interfaces/msg/detail/labeled_point_cloud__type_support.cpp
[3.950s] -- Up-to-date: /home/autopilot/ws/restackcell/ws_moveit2/install/wzlscheduler_interfaces/include/wzlscheduler_interfaces/wzlscheduler_interfaces/msg/detail/labeled_bounding_boxes__rosidl_typesupport_introspection_cpp.hpp
[3.950s] -- Up-to-date: /home/autopilot/ws/restackcell/ws_moveit2/install/wzlscheduler_interfaces/include/wzlscheduler_interfaces/wzlscheduler_interfaces/msg/detail/labeled_poses__type_support.cpp
[3.950s] -- Up-to-date: /home/autopilot/ws/restackcell/ws_moveit2/install/wzlscheduler_interfaces/include/wzlscheduler_interfaces/wzlscheduler_interfaces/msg/detail/labeled_poses__rosidl_typesupport_introspection_cpp.hpp
[3.950s] -- Up-to-date: /home/autopilot/ws/restackcell/ws_moveit2/install/wzlscheduler_interfaces/include/wzlscheduler_interfaces/wzlscheduler_interfaces/msg/detail/labeled_point_clouds__rosidl_typesupport_introspection_cpp.hpp
[3.950s] -- Up-to-date: /home/autopilot/ws/restackcell/ws_moveit2/install/wzlscheduler_interfaces/include/wzlscheduler_interfaces/wzlscheduler_interfaces/msg/detail/labeled_bounding_boxes__type_support.cpp
[3.950s] -- Up-to-date: /home/autopilot/ws/restackcell/ws_moveit2/install/wzlscheduler_interfaces/include/wzlscheduler_interfaces/wzlscheduler_interfaces/msg/detail/labeled_bounding_box__type_support.cpp
[3.951s] -- Up-to-date: /home/autopilot/ws/restackcell/ws_moveit2/install/wzlscheduler_interfaces/include/wzlscheduler_interfaces/wzlscheduler_interfaces/msg/detail/scene_object_add__type_support.cpp
[3.951s] -- Up-to-date: /home/autopilot/ws/restackcell/ws_moveit2/install/wzlscheduler_interfaces/include/wzlscheduler_interfaces/wzlscheduler_interfaces/msg/detail/labeled_point_cloud__rosidl_typesupport_introspection_cpp.hpp
[3.951s] -- Up-to-date: /home/autopilot/ws/restackcell/ws_moveit2/install/wzlscheduler_interfaces/include/wzlscheduler_interfaces/wzlscheduler_interfaces/msg/detail/scene_object_add__rosidl_typesupport_introspection_cpp.hpp
[3.951s] -- Up-to-date: /home/autopilot/ws/restackcell/ws_moveit2/install/wzlscheduler_interfaces/include/wzlscheduler_interfaces/wzlscheduler_interfaces/msg/detail/scene_object_set_pose__rosidl_typesupport_introspection_cpp.hpp
[3.951s] -- Up-to-date: /home/autopilot/ws/restackcell/ws_moveit2/install/wzlscheduler_interfaces/include/wzlscheduler_interfaces/wzlscheduler_interfaces/msg/detail/scene_object_remove__type_support.cpp
[3.951s] -- Up-to-date: /home/autopilot/ws/restackcell/ws_moveit2/install/wzlscheduler_interfaces/include/wzlscheduler_interfaces/wzlscheduler_interfaces/msg/detail/scene_object_remove__rosidl_typesupport_introspection_cpp.hpp
[3.952s] -- Up-to-date: /home/autopilot/ws/restackcell/ws_moveit2/install/wzlscheduler_interfaces/include/wzlscheduler_interfaces/wzlscheduler_interfaces/msg/detail/labeled_pose__type_support.cpp
[3.952s] -- Up-to-date: /home/autopilot/ws/restackcell/ws_moveit2/install/wzlscheduler_interfaces/include/wzlscheduler_interfaces/wzlscheduler_interfaces/msg/detail/scene_object_set_pose__type_support.cpp
[3.952s] -- Up-to-date: /home/autopilot/ws/restackcell/ws_moveit2/install/wzlscheduler_interfaces/include/wzlscheduler_interfaces/wzlscheduler_interfaces/msg/detail/labeled_point_clouds__type_support.cpp
[3.952s] -- Up-to-date: /home/autopilot/ws/restackcell/ws_moveit2/install/wzlscheduler_interfaces/include/wzlscheduler_interfaces/wzlscheduler_interfaces/msg/detail/labeled_pose__rosidl_typesupport_introspection_cpp.hpp
[3.952s] -- Up-to-date: /home/autopilot/ws/restackcell/ws_moveit2/install/wzlscheduler_interfaces/include/wzlscheduler_interfaces/wzlscheduler_interfaces/msg/detail/labeled_bounding_box__rosidl_typesupport_introspection_cpp.hpp
[3.952s] -- Up-to-date: /home/autopilot/ws/restackcell/ws_moveit2/install/wzlscheduler_interfaces/include/wzlscheduler_interfaces/wzlscheduler_interfaces/srv
[3.952s] -- Up-to-date: /home/autopilot/ws/restackcell/ws_moveit2/install/wzlscheduler_interfaces/include/wzlscheduler_interfaces/wzlscheduler_interfaces/srv/detail
[3.953s] -- Up-to-date: /home/autopilot/ws/restackcell/ws_moveit2/install/wzlscheduler_interfaces/include/wzlscheduler_interfaces/wzlscheduler_interfaces/srv/detail/scene_object_detach__type_support.cpp
[3.953s] -- Up-to-date: /home/autopilot/ws/restackcell/ws_moveit2/install/wzlscheduler_interfaces/include/wzlscheduler_interfaces/wzlscheduler_interfaces/srv/detail/robot_follow_trajectory__type_support.cpp
[3.953s] -- Up-to-date: /home/autopilot/ws/restackcell/ws_moveit2/install/wzlscheduler_interfaces/include/wzlscheduler_interfaces/wzlscheduler_interfaces/srv/detail/scene_object_attach__type_support.cpp
[3.953s] -- Up-to-date: /home/autopilot/ws/restackcell/ws_moveit2/install/wzlscheduler_interfaces/include/wzlscheduler_interfaces/wzlscheduler_interfaces/srv/detail/robot_set_velocity__rosidl_typesupport_introspection_cpp.hpp
[3.953s] -- Up-to-date: /home/autopilot/ws/restackcell/ws_moveit2/install/wzlscheduler_interfaces/include/wzlscheduler_interfaces/wzlscheduler_interfaces/srv/detail/robot_move_to_position__type_support.cpp
[3.953s] -- Up-to-date: /home/autopilot/ws/restackcell/ws_moveit2/install/wzlscheduler_interfaces/include/wzlscheduler_interfaces/wzlscheduler_interfaces/srv/detail/scene_object_detach__rosidl_typesupport_introspection_cpp.hpp
[3.953s] -- Up-to-date: /home/autopilot/ws/restackcell/ws_moveit2/install/wzlscheduler_interfaces/include/wzlscheduler_interfaces/wzlscheduler_interfaces/srv/detail/set_value_io_interface__rosidl_typesupport_introspection_cpp.hpp
[3.954s] -- Up-to-date: /home/autopilot/ws/restackcell/ws_moveit2/install/wzlscheduler_interfaces/include/wzlscheduler_interfaces/wzlscheduler_interfaces/srv/detail/scene_object_add__type_support.cpp
[3.954s] -- Up-to-date: /home/autopilot/ws/restackcell/ws_moveit2/install/wzlscheduler_interfaces/include/wzlscheduler_interfaces/wzlscheduler_interfaces/srv/detail/load_object__type_support.cpp
[3.954s] -- Up-to-date: /home/autopilot/ws/restackcell/ws_moveit2/install/wzlscheduler_interfaces/include/wzlscheduler_interfaces/wzlscheduler_interfaces/srv/detail/robot_follow_trajectory__rosidl_typesupport_introspection_cpp.hpp
[3.954s] -- Up-to-date: /home/autopilot/ws/restackcell/ws_moveit2/install/wzlscheduler_interfaces/include/wzlscheduler_interfaces/wzlscheduler_interfaces/srv/detail/load_object__rosidl_typesupport_introspection_cpp.hpp
[3.954s] -- Up-to-date: /home/autopilot/ws/restackcell/ws_moveit2/install/wzlscheduler_interfaces/include/wzlscheduler_interfaces/wzlscheduler_interfaces/srv/detail/scene_object_add__rosidl_typesupport_introspection_cpp.hpp
[3.954s] -- Up-to-date: /home/autopilot/ws/restackcell/ws_moveit2/install/wzlscheduler_interfaces/include/wzlscheduler_interfaces/wzlscheduler_interfaces/srv/detail/set_value_io_interface__type_support.cpp
[3.954s] -- Up-to-date: /home/autopilot/ws/restackcell/ws_moveit2/install/wzlscheduler_interfaces/include/wzlscheduler_interfaces/wzlscheduler_interfaces/srv/detail/robot_move_to_position__rosidl_typesupport_introspection_cpp.hpp
[3.955s] -- Up-to-date: /home/autopilot/ws/restackcell/ws_moveit2/install/wzlscheduler_interfaces/include/wzlscheduler_interfaces/wzlscheduler_interfaces/srv/detail/scene_object_attach__rosidl_typesupport_introspection_cpp.hpp
[3.955s] -- Up-to-date: /home/autopilot/ws/restackcell/ws_moveit2/install/wzlscheduler_interfaces/include/wzlscheduler_interfaces/wzlscheduler_interfaces/srv/detail/robot_set_velocity__type_support.cpp
[3.956s] -- Up-to-date: /home/autopilot/ws/restackcell/ws_moveit2/install/wzlscheduler_interfaces/include/wzlscheduler_interfaces/wzlscheduler_interfaces/srv/detail/scene_object_set_pose__rosidl_typesupport_introspection_cpp.hpp
[3.956s] -- Up-to-date: /home/autopilot/ws/restackcell/ws_moveit2/install/wzlscheduler_interfaces/include/wzlscheduler_interfaces/wzlscheduler_interfaces/srv/detail/scene_object_remove__type_support.cpp
[3.957s] -- Up-to-date: /home/autopilot/ws/restackcell/ws_moveit2/install/wzlscheduler_interfaces/include/wzlscheduler_interfaces/wzlscheduler_interfaces/srv/detail/scene_object_remove__rosidl_typesupport_introspection_cpp.hpp
[3.957s] -- Up-to-date: /home/autopilot/ws/restackcell/ws_moveit2/install/wzlscheduler_interfaces/include/wzlscheduler_interfaces/wzlscheduler_interfaces/srv/detail/scene_object_set_pose__type_support.cpp
[3.958s] -- Up-to-date: /home/autopilot/ws/restackcell/ws_moveit2/install/wzlscheduler_interfaces/lib/libwzlscheduler_interfaces__rosidl_typesupport_introspection_cpp.so
[3.959s] -- Up-to-date: /home/autopilot/ws/restackcell/ws_moveit2/install/wzlscheduler_interfaces/lib/libwzlscheduler_interfaces__rosidl_typesupport_cpp.so
[3.959s] -- Up-to-date: /home/autopilot/ws/restackcell/ws_moveit2/install/wzlscheduler_interfaces/share/wzlscheduler_interfaces/environment/pythonpath.sh
[3.960s] -- Up-to-date: /home/autopilot/ws/restackcell/ws_moveit2/install/wzlscheduler_interfaces/share/wzlscheduler_interfaces/environment/pythonpath.dsv
[3.960s] -- Up-to-date: /home/autopilot/ws/restackcell/ws_moveit2/install/wzlscheduler_interfaces/local/lib/python3.10/dist-packages/wzlscheduler_interfaces-0.0.0-py3.10.egg-info
[3.961s] -- Installing: /home/autopilot/ws/restackcell/ws_moveit2/install/wzlscheduler_interfaces/local/lib/python3.10/dist-packages/wzlscheduler_interfaces-0.0.0-py3.10.egg-info/SOURCES.txt
[3.961s] -- Installing: /home/autopilot/ws/restackcell/ws_moveit2/install/wzlscheduler_interfaces/local/lib/python3.10/dist-packages/wzlscheduler_interfaces-0.0.0-py3.10.egg-info/PKG-INFO
[3.962s] -- Installing: /home/autopilot/ws/restackcell/ws_moveit2/install/wzlscheduler_interfaces/local/lib/python3.10/dist-packages/wzlscheduler_interfaces-0.0.0-py3.10.egg-info/top_level.txt
[3.963s] -- Installing: /home/autopilot/ws/restackcell/ws_moveit2/install/wzlscheduler_interfaces/local/lib/python3.10/dist-packages/wzlscheduler_interfaces-0.0.0-py3.10.egg-info/dependency_links.txt
[3.963s] -- Up-to-date: /home/autopilot/ws/restackcell/ws_moveit2/install/wzlscheduler_interfaces/local/lib/python3.10/dist-packages/wzlscheduler_interfaces
[3.964s] -- Up-to-date: /home/autopilot/ws/restackcell/ws_moveit2/install/wzlscheduler_interfaces/local/lib/python3.10/dist-packages/wzlscheduler_interfaces/__init__.py
[3.964s] -- Up-to-date: /home/autopilot/ws/restackcell/ws_moveit2/install/wzlscheduler_interfaces/local/lib/python3.10/dist-packages/wzlscheduler_interfaces/_wzlscheduler_interfaces_s.ep.rosidl_typesupport_introspection_c.c
[3.964s] -- Up-to-date: /home/autopilot/ws/restackcell/ws_moveit2/install/wzlscheduler_interfaces/local/lib/python3.10/dist-packages/wzlscheduler_interfaces/wzlscheduler_interfaces_s__rosidl_typesupport_c.cpython-310-aarch64-linux-gnu.so
[3.965s] -- Up-to-date: /home/autopilot/ws/restackcell/ws_moveit2/install/wzlscheduler_interfaces/local/lib/python3.10/dist-packages/wzlscheduler_interfaces/msg
[3.965s] -- Up-to-date: /home/autopilot/ws/restackcell/ws_moveit2/install/wzlscheduler_interfaces/local/lib/python3.10/dist-packages/wzlscheduler_interfaces/msg/_labeled_point_clouds_s.c
[3.965s] -- Up-to-date: /home/autopilot/ws/restackcell/ws_moveit2/install/wzlscheduler_interfaces/local/lib/python3.10/dist-packages/wzlscheduler_interfaces/msg/_labeled_point_cloud_s.c
[3.966s] -- Up-to-date: /home/autopilot/ws/restackcell/ws_moveit2/install/wzlscheduler_interfaces/local/lib/python3.10/dist-packages/wzlscheduler_interfaces/msg/_scene_object_add_s.c
[3.966s] -- Up-to-date: /home/autopilot/ws/restackcell/ws_moveit2/install/wzlscheduler_interfaces/local/lib/python3.10/dist-packages/wzlscheduler_interfaces/msg/__init__.py
[3.966s] -- Up-to-date: /home/autopilot/ws/restackcell/ws_moveit2/install/wzlscheduler_interfaces/local/lib/python3.10/dist-packages/wzlscheduler_interfaces/msg/_labeled_poses_s.c
[3.967s] -- Up-to-date: /home/autopilot/ws/restackcell/ws_moveit2/install/wzlscheduler_interfaces/local/lib/python3.10/dist-packages/wzlscheduler_interfaces/msg/_scene_object_add.py
[3.967s] -- Up-to-date: /home/autopilot/ws/restackcell/ws_moveit2/install/wzlscheduler_interfaces/local/lib/python3.10/dist-packages/wzlscheduler_interfaces/msg/_labeled_bounding_boxes_s.c
[3.967s] -- Up-to-date: /home/autopilot/ws/restackcell/ws_moveit2/install/wzlscheduler_interfaces/local/lib/python3.10/dist-packages/wzlscheduler_interfaces/msg/_labeled_point_clouds.py
[3.968s] -- Up-to-date: /home/autopilot/ws/restackcell/ws_moveit2/install/wzlscheduler_interfaces/local/lib/python3.10/dist-packages/wzlscheduler_interfaces/msg/_scene_object_set_pose.py
[3.968s] -- Up-to-date: /home/autopilot/ws/restackcell/ws_moveit2/install/wzlscheduler_interfaces/local/lib/python3.10/dist-packages/wzlscheduler_interfaces/msg/_labeled_bounding_boxes.py
[3.968s] -- Up-to-date: /home/autopilot/ws/restackcell/ws_moveit2/install/wzlscheduler_interfaces/local/lib/python3.10/dist-packages/wzlscheduler_interfaces/msg/_labeled_pose.py
[3.969s] -- Up-to-date: /home/autopilot/ws/restackcell/ws_moveit2/install/wzlscheduler_interfaces/local/lib/python3.10/dist-packages/wzlscheduler_interfaces/msg/_labeled_bounding_box_s.c
[3.969s] -- Up-to-date: /home/autopilot/ws/restackcell/ws_moveit2/install/wzlscheduler_interfaces/local/lib/python3.10/dist-packages/wzlscheduler_interfaces/msg/_labeled_bounding_box.py
[3.970s] -- Up-to-date: /home/autopilot/ws/restackcell/ws_moveit2/install/wzlscheduler_interfaces/local/lib/python3.10/dist-packages/wzlscheduler_interfaces/msg/_labeled_pose_s.c
[3.970s] -- Up-to-date: /home/autopilot/ws/restackcell/ws_moveit2/install/wzlscheduler_interfaces/local/lib/python3.10/dist-packages/wzlscheduler_interfaces/msg/_scene_object_remove.py
[3.970s] -- Up-to-date: /home/autopilot/ws/restackcell/ws_moveit2/install/wzlscheduler_interfaces/local/lib/python3.10/dist-packages/wzlscheduler_interfaces/msg/_scene_object_set_pose_s.c
[3.971s] -- Up-to-date: /home/autopilot/ws/restackcell/ws_moveit2/install/wzlscheduler_interfaces/local/lib/python3.10/dist-packages/wzlscheduler_interfaces/msg/_labeled_point_cloud.py
[3.971s] -- Up-to-date: /home/autopilot/ws/restackcell/ws_moveit2/install/wzlscheduler_interfaces/local/lib/python3.10/dist-packages/wzlscheduler_interfaces/msg/_scene_object_remove_s.c
[3.971s] -- Up-to-date: /home/autopilot/ws/restackcell/ws_moveit2/install/wzlscheduler_interfaces/local/lib/python3.10/dist-packages/wzlscheduler_interfaces/msg/_labeled_poses.py
[3.972s] -- Up-to-date: /home/autopilot/ws/restackcell/ws_moveit2/install/wzlscheduler_interfaces/local/lib/python3.10/dist-packages/wzlscheduler_interfaces/wzlscheduler_interfaces_s__rosidl_typesupport_introspection_c.cpython-310-aarch64-linux-gnu.so
[3.972s] -- Up-to-date: /home/autopilot/ws/restackcell/ws_moveit2/install/wzlscheduler_interfaces/local/lib/python3.10/dist-packages/wzlscheduler_interfaces/libwzlscheduler_interfaces__rosidl_generator_py.so
[3.972s] -- Up-to-date: /home/autopilot/ws/restackcell/ws_moveit2/install/wzlscheduler_interfaces/local/lib/python3.10/dist-packages/wzlscheduler_interfaces/_wzlscheduler_interfaces_s.ep.rosidl_typesupport_fastrtps_c.c
[3.973s] -- Up-to-date: /home/autopilot/ws/restackcell/ws_moveit2/install/wzlscheduler_interfaces/local/lib/python3.10/dist-packages/wzlscheduler_interfaces/srv
[3.973s] -- Up-to-date: /home/autopilot/ws/restackcell/ws_moveit2/install/wzlscheduler_interfaces/local/lib/python3.10/dist-packages/wzlscheduler_interfaces/srv/_robot_set_velocity.py
[3.973s] -- Up-to-date: /home/autopilot/ws/restackcell/ws_moveit2/install/wzlscheduler_interfaces/local/lib/python3.10/dist-packages/wzlscheduler_interfaces/srv/_load_object.py
[3.974s] -- Up-to-date: /home/autopilot/ws/restackcell/ws_moveit2/install/wzlscheduler_interfaces/local/lib/python3.10/dist-packages/wzlscheduler_interfaces/srv/_robot_set_velocity_s.c
[3.974s] -- Up-to-date: /home/autopilot/ws/restackcell/ws_moveit2/install/wzlscheduler_interfaces/local/lib/python3.10/dist-packages/wzlscheduler_interfaces/srv/_scene_object_add_s.c
[3.974s] -- Up-to-date: /home/autopilot/ws/restackcell/ws_moveit2/install/wzlscheduler_interfaces/local/lib/python3.10/dist-packages/wzlscheduler_interfaces/srv/__init__.py
[3.975s] -- Up-to-date: /home/autopilot/ws/restackcell/ws_moveit2/install/wzlscheduler_interfaces/local/lib/python3.10/dist-packages/wzlscheduler_interfaces/srv/_scene_object_detach.py
[3.976s] -- Up-to-date: /home/autopilot/ws/restackcell/ws_moveit2/install/wzlscheduler_interfaces/local/lib/python3.10/dist-packages/wzlscheduler_interfaces/srv/_robot_follow_trajectory_s.c
[3.976s] -- Up-to-date: /home/autopilot/ws/restackcell/ws_moveit2/install/wzlscheduler_interfaces/local/lib/python3.10/dist-packages/wzlscheduler_interfaces/srv/_scene_object_add.py
[3.976s] -- Up-to-date: /home/autopilot/ws/restackcell/ws_moveit2/install/wzlscheduler_interfaces/local/lib/python3.10/dist-packages/wzlscheduler_interfaces/srv/_scene_object_attach.py
[3.976s] -- Up-to-date: /home/autopilot/ws/restackcell/ws_moveit2/install/wzlscheduler_interfaces/local/lib/python3.10/dist-packages/wzlscheduler_interfaces/srv/_scene_object_set_pose.py
[3.977s] -- Up-to-date: /home/autopilot/ws/restackcell/ws_moveit2/install/wzlscheduler_interfaces/local/lib/python3.10/dist-packages/wzlscheduler_interfaces/srv/_load_object_s.c
[3.977s] -- Up-to-date: /home/autopilot/ws/restackcell/ws_moveit2/install/wzlscheduler_interfaces/local/lib/python3.10/dist-packages/wzlscheduler_interfaces/srv/_robot_move_to_position.py
[3.977s] -- Up-to-date: /home/autopilot/ws/restackcell/ws_moveit2/install/wzlscheduler_interfaces/local/lib/python3.10/dist-packages/wzlscheduler_interfaces/srv/_set_value_io_interface_s.c
[3.977s] -- Up-to-date: /home/autopilot/ws/restackcell/ws_moveit2/install/wzlscheduler_interfaces/local/lib/python3.10/dist-packages/wzlscheduler_interfaces/srv/_scene_object_detach_s.c
[3.977s] -- Up-to-date: /home/autopilot/ws/restackcell/ws_moveit2/install/wzlscheduler_interfaces/local/lib/python3.10/dist-packages/wzlscheduler_interfaces/srv/_robot_follow_trajectory.py
[3.977s] -- Up-to-date: /home/autopilot/ws/restackcell/ws_moveit2/install/wzlscheduler_interfaces/local/lib/python3.10/dist-packages/wzlscheduler_interfaces/srv/_scene_object_remove.py
[3.977s] -- Up-to-date: /home/autopilot/ws/restackcell/ws_moveit2/install/wzlscheduler_interfaces/local/lib/python3.10/dist-packages/wzlscheduler_interfaces/srv/_robot_move_to_position_s.c
[3.978s] -- Up-to-date: /home/autopilot/ws/restackcell/ws_moveit2/install/wzlscheduler_interfaces/local/lib/python3.10/dist-packages/wzlscheduler_interfaces/srv/_scene_object_set_pose_s.c
[3.978s] -- Up-to-date: /home/autopilot/ws/restackcell/ws_moveit2/install/wzlscheduler_interfaces/local/lib/python3.10/dist-packages/wzlscheduler_interfaces/srv/_scene_object_attach_s.c
[3.978s] -- Up-to-date: /home/autopilot/ws/restackcell/ws_moveit2/install/wzlscheduler_interfaces/local/lib/python3.10/dist-packages/wzlscheduler_interfaces/srv/_set_value_io_interface.py
[3.978s] -- Up-to-date: /home/autopilot/ws/restackcell/ws_moveit2/install/wzlscheduler_interfaces/local/lib/python3.10/dist-packages/wzlscheduler_interfaces/srv/_scene_object_remove_s.c
[3.978s] -- Up-to-date: /home/autopilot/ws/restackcell/ws_moveit2/install/wzlscheduler_interfaces/local/lib/python3.10/dist-packages/wzlscheduler_interfaces/_wzlscheduler_interfaces_s.ep.rosidl_typesupport_c.c
[3.978s] -- Up-to-date: /home/autopilot/ws/restackcell/ws_moveit2/install/wzlscheduler_interfaces/local/lib/python3.10/dist-packages/wzlscheduler_interfaces/wzlscheduler_interfaces_s__rosidl_typesupport_fastrtps_c.cpython-310-aarch64-linux-gnu.so
[4.047s] Listing '/home/autopilot/ws/restackcell/ws_moveit2/install/wzlscheduler_interfaces/local/lib/python3.10/dist-packages/wzlscheduler_interfaces'...
[4.048s] Listing '/home/autopilot/ws/restackcell/ws_moveit2/install/wzlscheduler_interfaces/local/lib/python3.10/dist-packages/wzlscheduler_interfaces/msg'...
[4.048s] Listing '/home/autopilot/ws/restackcell/ws_moveit2/install/wzlscheduler_interfaces/local/lib/python3.10/dist-packages/wzlscheduler_interfaces/srv'...
[4.062s] -- Up-to-date: /home/autopilot/ws/restackcell/ws_moveit2/install/wzlscheduler_interfaces/local/lib/python3.10/dist-packages/wzlscheduler_interfaces/wzlscheduler_interfaces_s__rosidl_typesupport_fastrtps_c.cpython-310-aarch64-linux-gnu.so
[4.063s] -- Up-to-date: /home/autopilot/ws/restackcell/ws_moveit2/install/wzlscheduler_interfaces/local/lib/python3.10/dist-packages/wzlscheduler_interfaces/wzlscheduler_interfaces_s__rosidl_typesupport_introspection_c.cpython-310-aarch64-linux-gnu.so
[4.063s] -- Up-to-date: /home/autopilot/ws/restackcell/ws_moveit2/install/wzlscheduler_interfaces/local/lib/python3.10/dist-packages/wzlscheduler_interfaces/wzlscheduler_interfaces_s__rosidl_typesupport_c.cpython-310-aarch64-linux-gnu.so
[4.064s] -- Up-to-date: /home/autopilot/ws/restackcell/ws_moveit2/install/wzlscheduler_interfaces/lib/libwzlscheduler_interfaces__rosidl_generator_py.so
[4.065s] -- Up-to-date: /home/autopilot/ws/restackcell/ws_moveit2/install/wzlscheduler_interfaces/share/wzlscheduler_interfaces/srv/SetValueIoInterface.idl
[4.066s] -- Up-to-date: /home/autopilot/ws/restackcell/ws_moveit2/install/wzlscheduler_interfaces/share/wzlscheduler_interfaces/srv/RobotMoveToPosition.idl
[4.066s] -- Up-to-date: /home/autopilot/ws/restackcell/ws_moveit2/install/wzlscheduler_interfaces/share/wzlscheduler_interfaces/srv/RobotSetVelocity.idl
[4.066s] -- Up-to-date: /home/autopilot/ws/restackcell/ws_moveit2/install/wzlscheduler_interfaces/share/wzlscheduler_interfaces/srv/RobotFollowTrajectory.idl
[4.067s] -- Up-to-date: /home/autopilot/ws/restackcell/ws_moveit2/install/wzlscheduler_interfaces/share/wzlscheduler_interfaces/srv/LoadObject.idl
[4.067s] -- Up-to-date: /home/autopilot/ws/restackcell/ws_moveit2/install/wzlscheduler_interfaces/share/wzlscheduler_interfaces/srv/SceneObjectAdd.idl
[4.068s] -- Up-to-date: /home/autopilot/ws/restackcell/ws_moveit2/install/wzlscheduler_interfaces/share/wzlscheduler_interfaces/srv/SceneObjectAttach.idl
[4.068s] -- Up-to-date: /home/autopilot/ws/restackcell/ws_moveit2/install/wzlscheduler_interfaces/share/wzlscheduler_interfaces/srv/SceneObjectDetach.idl
[4.069s] -- Up-to-date: /home/autopilot/ws/restackcell/ws_moveit2/install/wzlscheduler_interfaces/share/wzlscheduler_interfaces/srv/SceneObjectRemove.idl
[4.069s] -- Up-to-date: /home/autopilot/ws/restackcell/ws_moveit2/install/wzlscheduler_interfaces/share/wzlscheduler_interfaces/srv/SceneObjectSetPose.idl
[4.070s] -- Up-to-date: /home/autopilot/ws/restackcell/ws_moveit2/install/wzlscheduler_interfaces/share/wzlscheduler_interfaces/msg/LabeledPointCloud.idl
[4.070s] -- Up-to-date: /home/autopilot/ws/restackcell/ws_moveit2/install/wzlscheduler_interfaces/share/wzlscheduler_interfaces/msg/LabeledPointClouds.idl
[4.071s] -- Up-to-date: /home/autopilot/ws/restackcell/ws_moveit2/install/wzlscheduler_interfaces/share/wzlscheduler_interfaces/msg/SceneObjectRemove.idl
[4.071s] -- Up-to-date: /home/autopilot/ws/restackcell/ws_moveit2/install/wzlscheduler_interfaces/share/wzlscheduler_interfaces/msg/SceneObjectAdd.idl
[4.071s] -- Up-to-date: /home/autopilot/ws/restackcell/ws_moveit2/install/wzlscheduler_interfaces/share/wzlscheduler_interfaces/msg/SceneObjectSetPose.idl
[4.072s] -- Up-to-date: /home/autopilot/ws/restackcell/ws_moveit2/install/wzlscheduler_interfaces/share/wzlscheduler_interfaces/msg/LabeledBoundingBox.idl
[4.072s] -- Up-to-date: /home/autopilot/ws/restackcell/ws_moveit2/install/wzlscheduler_interfaces/share/wzlscheduler_interfaces/msg/LabeledBoundingBoxes.idl
[4.073s] -- Up-to-date: /home/autopilot/ws/restackcell/ws_moveit2/install/wzlscheduler_interfaces/share/wzlscheduler_interfaces/msg/LabeledPose.idl
[4.073s] -- Up-to-date: /home/autopilot/ws/restackcell/ws_moveit2/install/wzlscheduler_interfaces/share/wzlscheduler_interfaces/msg/LabeledPoses.idl
[4.073s] -- Up-to-date: /home/autopilot/ws/restackcell/ws_moveit2/install/wzlscheduler_interfaces/share/wzlscheduler_interfaces/srv/SetValueIoInterface.srv
[4.074s] -- Up-to-date: /home/autopilot/ws/restackcell/ws_moveit2/install/wzlscheduler_interfaces/share/wzlscheduler_interfaces/srv/SetValueIoInterface_Request.msg
[4.074s] -- Up-to-date: /home/autopilot/ws/restackcell/ws_moveit2/install/wzlscheduler_interfaces/share/wzlscheduler_interfaces/srv/SetValueIoInterface_Response.msg
[4.075s] -- Up-to-date: /home/autopilot/ws/restackcell/ws_moveit2/install/wzlscheduler_interfaces/share/wzlscheduler_interfaces/srv/RobotMoveToPosition.srv
[4.075s] -- Up-to-date: /home/autopilot/ws/restackcell/ws_moveit2/install/wzlscheduler_interfaces/share/wzlscheduler_interfaces/srv/RobotMoveToPosition_Request.msg
[4.076s] -- Up-to-date: /home/autopilot/ws/restackcell/ws_moveit2/install/wzlscheduler_interfaces/share/wzlscheduler_interfaces/srv/RobotMoveToPosition_Response.msg
[4.076s] -- Up-to-date: /home/autopilot/ws/restackcell/ws_moveit2/install/wzlscheduler_interfaces/share/wzlscheduler_interfaces/srv/RobotSetVelocity.srv
[4.076s] -- Up-to-date: /home/autopilot/ws/restackcell/ws_moveit2/install/wzlscheduler_interfaces/share/wzlscheduler_interfaces/srv/RobotSetVelocity_Request.msg
[4.077s] -- Up-to-date: /home/autopilot/ws/restackcell/ws_moveit2/install/wzlscheduler_interfaces/share/wzlscheduler_interfaces/srv/RobotSetVelocity_Response.msg
[4.077s] -- Up-to-date: /home/autopilot/ws/restackcell/ws_moveit2/install/wzlscheduler_interfaces/share/wzlscheduler_interfaces/srv/RobotFollowTrajectory.srv
[4.078s] -- Up-to-date: /home/autopilot/ws/restackcell/ws_moveit2/install/wzlscheduler_interfaces/share/wzlscheduler_interfaces/srv/RobotFollowTrajectory_Request.msg
[4.078s] -- Up-to-date: /home/autopilot/ws/restackcell/ws_moveit2/install/wzlscheduler_interfaces/share/wzlscheduler_interfaces/srv/RobotFollowTrajectory_Response.msg
[4.079s] -- Up-to-date: /home/autopilot/ws/restackcell/ws_moveit2/install/wzlscheduler_interfaces/share/wzlscheduler_interfaces/srv/LoadObject.srv
[4.079s] -- Up-to-date: /home/autopilot/ws/restackcell/ws_moveit2/install/wzlscheduler_interfaces/share/wzlscheduler_interfaces/srv/LoadObject_Request.msg
[4.079s] -- Up-to-date: /home/autopilot/ws/restackcell/ws_moveit2/install/wzlscheduler_interfaces/share/wzlscheduler_interfaces/srv/LoadObject_Response.msg
[4.080s] -- Up-to-date: /home/autopilot/ws/restackcell/ws_moveit2/install/wzlscheduler_interfaces/share/wzlscheduler_interfaces/srv/SceneObjectAdd.srv
[4.080s] -- Up-to-date: /home/autopilot/ws/restackcell/ws_moveit2/install/wzlscheduler_interfaces/share/wzlscheduler_interfaces/srv/SceneObjectAdd_Request.msg
[4.081s] -- Up-to-date: /home/autopilot/ws/restackcell/ws_moveit2/install/wzlscheduler_interfaces/share/wzlscheduler_interfaces/srv/SceneObjectAdd_Response.msg
[4.081s] -- Up-to-date: /home/autopilot/ws/restackcell/ws_moveit2/install/wzlscheduler_interfaces/share/wzlscheduler_interfaces/srv/SceneObjectAttach.srv
[4.081s] -- Up-to-date: /home/autopilot/ws/restackcell/ws_moveit2/install/wzlscheduler_interfaces/share/wzlscheduler_interfaces/srv/SceneObjectAttach_Request.msg
[4.082s] -- Up-to-date: /home/autopilot/ws/restackcell/ws_moveit2/install/wzlscheduler_interfaces/share/wzlscheduler_interfaces/srv/SceneObjectAttach_Response.msg
[4.082s] -- Up-to-date: /home/autopilot/ws/restackcell/ws_moveit2/install/wzlscheduler_interfaces/share/wzlscheduler_interfaces/srv/SceneObjectDetach.srv
[4.083s] -- Up-to-date: /home/autopilot/ws/restackcell/ws_moveit2/install/wzlscheduler_interfaces/share/wzlscheduler_interfaces/srv/SceneObjectDetach_Request.msg
[4.083s] -- Up-to-date: /home/autopilot/ws/restackcell/ws_moveit2/install/wzlscheduler_interfaces/share/wzlscheduler_interfaces/srv/SceneObjectDetach_Response.msg
[4.084s] -- Up-to-date: /home/autopilot/ws/restackcell/ws_moveit2/install/wzlscheduler_interfaces/share/wzlscheduler_interfaces/srv/SceneObjectRemove.srv
[4.084s] -- Up-to-date: /home/autopilot/ws/restackcell/ws_moveit2/install/wzlscheduler_interfaces/share/wzlscheduler_interfaces/srv/SceneObjectRemove_Request.msg
[4.085s] -- Up-to-date: /home/autopilot/ws/restackcell/ws_moveit2/install/wzlscheduler_interfaces/share/wzlscheduler_interfaces/srv/SceneObjectRemove_Response.msg
[4.085s] -- Up-to-date: /home/autopilot/ws/restackcell/ws_moveit2/install/wzlscheduler_interfaces/share/wzlscheduler_interfaces/srv/SceneObjectSetPose.srv
[4.086s] -- Up-to-date: /home/autopilot/ws/restackcell/ws_moveit2/install/wzlscheduler_interfaces/share/wzlscheduler_interfaces/srv/SceneObjectSetPose_Request.msg
[4.086s] -- Up-to-date: /home/autopilot/ws/restackcell/ws_moveit2/install/wzlscheduler_interfaces/share/wzlscheduler_interfaces/srv/SceneObjectSetPose_Response.msg
[4.087s] -- Up-to-date: /home/autopilot/ws/restackcell/ws_moveit2/install/wzlscheduler_interfaces/share/wzlscheduler_interfaces/msg/LabeledPointCloud.msg
[4.087s] -- Up-to-date: /home/autopilot/ws/restackcell/ws_moveit2/install/wzlscheduler_interfaces/share/wzlscheduler_interfaces/msg/LabeledPointClouds.msg
[4.087s] -- Up-to-date: /home/autopilot/ws/restackcell/ws_moveit2/install/wzlscheduler_interfaces/share/wzlscheduler_interfaces/msg/SceneObjectRemove.msg
[4.088s] -- Up-to-date: /home/autopilot/ws/restackcell/ws_moveit2/install/wzlscheduler_interfaces/share/wzlscheduler_interfaces/msg/SceneObjectAdd.msg
[4.088s] -- Up-to-date: /home/autopilot/ws/restackcell/ws_moveit2/install/wzlscheduler_interfaces/share/wzlscheduler_interfaces/msg/SceneObjectSetPose.msg
[4.089s] -- Up-to-date: /home/autopilot/ws/restackcell/ws_moveit2/install/wzlscheduler_interfaces/share/wzlscheduler_interfaces/msg/LabeledBoundingBox.msg
[4.089s] -- Up-to-date: /home/autopilot/ws/restackcell/ws_moveit2/install/wzlscheduler_interfaces/share/wzlscheduler_interfaces/msg/LabeledBoundingBoxes.msg
[4.089s] -- Up-to-date: /home/autopilot/ws/restackcell/ws_moveit2/install/wzlscheduler_interfaces/share/wzlscheduler_interfaces/msg/LabeledPose.msg
[4.090s] -- Up-to-date: /home/autopilot/ws/restackcell/ws_moveit2/install/wzlscheduler_interfaces/share/wzlscheduler_interfaces/msg/LabeledPoses.msg
[4.090s] -- Up-to-date: /home/autopilot/ws/restackcell/ws_moveit2/install/wzlscheduler_interfaces/share/ament_index/resource_index/package_run_dependencies/wzlscheduler_interfaces
[4.091s] -- Up-to-date: /home/autopilot/ws/restackcell/ws_moveit2/install/wzlscheduler_interfaces/share/ament_index/resource_index/parent_prefix_path/wzlscheduler_interfaces
[4.091s] -- Up-to-date: /home/autopilot/ws/restackcell/ws_moveit2/install/wzlscheduler_interfaces/share/wzlscheduler_interfaces/environment/ament_prefix_path.sh
[4.092s] -- Up-to-date: /home/autopilot/ws/restackcell/ws_moveit2/install/wzlscheduler_interfaces/share/wzlscheduler_interfaces/environment/ament_prefix_path.dsv
[4.093s] -- Up-to-date: /home/autopilot/ws/restackcell/ws_moveit2/install/wzlscheduler_interfaces/share/wzlscheduler_interfaces/environment/path.sh
[4.093s] -- Up-to-date: /home/autopilot/ws/restackcell/ws_moveit2/install/wzlscheduler_interfaces/share/wzlscheduler_interfaces/environment/path.dsv
[4.093s] -- Up-to-date: /home/autopilot/ws/restackcell/ws_moveit2/install/wzlscheduler_interfaces/share/wzlscheduler_interfaces/local_setup.bash
[4.094s] -- Up-to-date: /home/autopilot/ws/restackcell/ws_moveit2/install/wzlscheduler_interfaces/share/wzlscheduler_interfaces/local_setup.sh
[4.094s] -- Up-to-date: /home/autopilot/ws/restackcell/ws_moveit2/install/wzlscheduler_interfaces/share/wzlscheduler_interfaces/local_setup.zsh
[4.095s] -- Up-to-date: /home/autopilot/ws/restackcell/ws_moveit2/install/wzlscheduler_interfaces/share/wzlscheduler_interfaces/local_setup.dsv
[4.095s] -- Installing: /home/autopilot/ws/restackcell/ws_moveit2/install/wzlscheduler_interfaces/share/wzlscheduler_interfaces/package.dsv
[4.096s] -- Up-to-date: /home/autopilot/ws/restackcell/ws_moveit2/install/wzlscheduler_interfaces/share/ament_index/resource_index/packages/wzlscheduler_interfaces
[4.097s] -- Up-to-date: /home/autopilot/ws/restackcell/ws_moveit2/install/wzlscheduler_interfaces/share/wzlscheduler_interfaces/cmake/export_wzlscheduler_interfaces__rosidl_generator_cExport.cmake
[4.097s] -- Up-to-date: /home/autopilot/ws/restackcell/ws_moveit2/install/wzlscheduler_interfaces/share/wzlscheduler_interfaces/cmake/export_wzlscheduler_interfaces__rosidl_generator_cExport-noconfig.cmake
[4.098s] -- Up-to-date: /home/autopilot/ws/restackcell/ws_moveit2/install/wzlscheduler_interfaces/share/wzlscheduler_interfaces/cmake/export_wzlscheduler_interfaces__rosidl_typesupport_fastrtps_cExport.cmake
[4.098s] -- Up-to-date: /home/autopilot/ws/restackcell/ws_moveit2/install/wzlscheduler_interfaces/share/wzlscheduler_interfaces/cmake/export_wzlscheduler_interfaces__rosidl_typesupport_fastrtps_cExport-noconfig.cmake
[4.099s] -- Up-to-date: /home/autopilot/ws/restackcell/ws_moveit2/install/wzlscheduler_interfaces/share/wzlscheduler_interfaces/cmake/wzlscheduler_interfaces__rosidl_typesupport_introspection_cExport.cmake
[4.099s] -- Up-to-date: /home/autopilot/ws/restackcell/ws_moveit2/install/wzlscheduler_interfaces/share/wzlscheduler_interfaces/cmake/wzlscheduler_interfaces__rosidl_typesupport_introspection_cExport-noconfig.cmake
[4.100s] -- Up-to-date: /home/autopilot/ws/restackcell/ws_moveit2/install/wzlscheduler_interfaces/share/wzlscheduler_interfaces/cmake/wzlscheduler_interfaces__rosidl_typesupport_cExport.cmake
[4.100s] -- Up-to-date: /home/autopilot/ws/restackcell/ws_moveit2/install/wzlscheduler_interfaces/share/wzlscheduler_interfaces/cmake/wzlscheduler_interfaces__rosidl_typesupport_cExport-noconfig.cmake
[4.101s] -- Up-to-date: /home/autopilot/ws/restackcell/ws_moveit2/install/wzlscheduler_interfaces/share/wzlscheduler_interfaces/cmake/export_wzlscheduler_interfaces__rosidl_generator_cppExport.cmake
[4.101s] -- Up-to-date: /home/autopilot/ws/restackcell/ws_moveit2/install/wzlscheduler_interfaces/share/wzlscheduler_interfaces/cmake/export_wzlscheduler_interfaces__rosidl_typesupport_fastrtps_cppExport.cmake
[4.102s] -- Up-to-date: /home/autopilot/ws/restackcell/ws_moveit2/install/wzlscheduler_interfaces/share/wzlscheduler_interfaces/cmake/export_wzlscheduler_interfaces__rosidl_typesupport_fastrtps_cppExport-noconfig.cmake
[4.102s] -- Up-to-date: /home/autopilot/ws/restackcell/ws_moveit2/install/wzlscheduler_interfaces/share/wzlscheduler_interfaces/cmake/wzlscheduler_interfaces__rosidl_typesupport_introspection_cppExport.cmake
[4.103s] -- Up-to-date: /home/autopilot/ws/restackcell/ws_moveit2/install/wzlscheduler_interfaces/share/wzlscheduler_interfaces/cmake/wzlscheduler_interfaces__rosidl_typesupport_introspection_cppExport-noconfig.cmake
[4.103s] -- Up-to-date: /home/autopilot/ws/restackcell/ws_moveit2/install/wzlscheduler_interfaces/share/wzlscheduler_interfaces/cmake/wzlscheduler_interfaces__rosidl_typesupport_cppExport.cmake
[4.104s] -- Up-to-date: /home/autopilot/ws/restackcell/ws_moveit2/install/wzlscheduler_interfaces/share/wzlscheduler_interfaces/cmake/wzlscheduler_interfaces__rosidl_typesupport_cppExport-noconfig.cmake
[4.105s] -- Up-to-date: /home/autopilot/ws/restackcell/ws_moveit2/install/wzlscheduler_interfaces/share/wzlscheduler_interfaces/cmake/export_wzlscheduler_interfaces__rosidl_generator_pyExport.cmake
[4.105s] -- Up-to-date: /home/autopilot/ws/restackcell/ws_moveit2/install/wzlscheduler_interfaces/share/wzlscheduler_interfaces/cmake/export_wzlscheduler_interfaces__rosidl_generator_pyExport-noconfig.cmake
[4.105s] -- Up-to-date: /home/autopilot/ws/restackcell/ws_moveit2/install/wzlscheduler_interfaces/share/wzlscheduler_interfaces/cmake/rosidl_cmake-extras.cmake
[4.106s] -- Up-to-date: /home/autopilot/ws/restackcell/ws_moveit2/install/wzlscheduler_interfaces/share/wzlscheduler_interfaces/cmake/ament_cmake_export_dependencies-extras.cmake
[4.106s] -- Up-to-date: /home/autopilot/ws/restackcell/ws_moveit2/install/wzlscheduler_interfaces/share/wzlscheduler_interfaces/cmake/ament_cmake_export_include_directories-extras.cmake
[4.107s] -- Up-to-date: /home/autopilot/ws/restackcell/ws_moveit2/install/wzlscheduler_interfaces/share/wzlscheduler_interfaces/cmake/ament_cmake_export_libraries-extras.cmake
[4.107s] -- Up-to-date: /home/autopilot/ws/restackcell/ws_moveit2/install/wzlscheduler_interfaces/share/wzlscheduler_interfaces/cmake/ament_cmake_export_targets-extras.cmake
[4.108s] -- Up-to-date: /home/autopilot/ws/restackcell/ws_moveit2/install/wzlscheduler_interfaces/share/wzlscheduler_interfaces/cmake/rosidl_cmake_export_typesupport_targets-extras.cmake
[4.108s] -- Up-to-date: /home/autopilot/ws/restackcell/ws_moveit2/install/wzlscheduler_interfaces/share/wzlscheduler_interfaces/cmake/rosidl_cmake_export_typesupport_libraries-extras.cmake
[4.108s] -- Up-to-date: /home/autopilot/ws/restackcell/ws_moveit2/install/wzlscheduler_interfaces/share/wzlscheduler_interfaces/cmake/wzlscheduler_interfacesConfig.cmake
[4.109s] -- Up-to-date: /home/autopilot/ws/restackcell/ws_moveit2/install/wzlscheduler_interfaces/share/wzlscheduler_interfaces/cmake/wzlscheduler_interfacesConfig-version.cmake
[4.109s] -- Up-to-date: /home/autopilot/ws/restackcell/ws_moveit2/install/wzlscheduler_interfaces/share/wzlscheduler_interfaces/package.xml
[4.117s] Invoked command in '/home/autopilot/ws/restackcell/ws_moveit2/build/wzlscheduler_interfaces' returned '0': /usr/bin/cmake --install /home/autopilot/ws/restackcell/ws_moveit2/build/wzlscheduler_interfaces
