[1.326s] Invoking command in '/home/autopilot/ws/restackcell/ws_moveit2/src/opcua_client': AMENT_PREFIX_PATH=/home/autopilot/ws/restackcell/ws_moveit2/install/opcua_interfaces:${AMENT_PREFIX_PATH} CMAKE_PREFIX_PATH=/home/autopilot/ws/restackcell/ws_moveit2/install/opcua_interfaces LD_LIBRARY_PATH=/home/autopilot/ws/restackcell/ws_moveit2/install/opcua_interfaces/lib:${LD_LIBRARY_PATH} PYTHONPATH=/home/autopilot/ws/restackcell/ws_moveit2/build/opcua_client/prefix_override:/usr/lib/python3/dist-packages/colcon_core/task/python/colcon_distutils_commands:/home/autopilot/ws/restackcell/ws_moveit2/install/opcua_client/lib/python3.10/site-packages:/home/autopilot/ws/restackcell/ws_moveit2/install/opcua_interfaces/local/lib/python3.10/dist-packages:${PYTHONPATH} /usr/bin/python3 -W ignore:setup.py install is deprecated setup.py egg_info --egg-base ../../build/opcua_client build --build-base /home/autopilot/ws/restackcell/ws_moveit2/build/opcua_client/build install --record /home/autopilot/ws/restackcell/ws_moveit2/build/opcua_client/install.log --single-version-externally-managed install_data
[1.777s] running egg_info
[1.778s] writing ../../build/opcua_client/opcua_client.egg-info/PKG-INFO
[1.779s] writing dependency_links to ../../build/opcua_client/opcua_client.egg-info/dependency_links.txt
[1.780s] writing entry points to ../../build/opcua_client/opcua_client.egg-info/entry_points.txt
[1.782s] writing requirements to ../../build/opcua_client/opcua_client.egg-info/requires.txt
[1.782s] writing top-level names to ../../build/opcua_client/opcua_client.egg-info/top_level.txt
[1.785s] reading manifest file '../../build/opcua_client/opcua_client.egg-info/SOURCES.txt'
[1.789s] writing manifest file '../../build/opcua_client/opcua_client.egg-info/SOURCES.txt'
[1.790s] running build
[1.790s] running build_py
[1.790s] running install
[1.792s] running install_lib
[1.793s] running install_data
[1.793s] running install_egg_info
[1.798s] removing '/home/autopilot/ws/restackcell/ws_moveit2/install/opcua_client/lib/python3.10/site-packages/opcua_client-0.0.0-py3.10.egg-info' (and everything under it)
[1.799s] Copying ../../build/opcua_client/opcua_client.egg-info to /home/autopilot/ws/restackcell/ws_moveit2/install/opcua_client/lib/python3.10/site-packages/opcua_client-0.0.0-py3.10.egg-info
[1.801s] running install_scripts
[1.838s] Installing client_node script to /home/autopilot/ws/restackcell/ws_moveit2/install/opcua_client/lib/opcua_client
[1.838s] Installing publisher_to_client script to /home/autopilot/ws/restackcell/ws_moveit2/install/opcua_client/lib/opcua_client
[1.838s] writing list of installed files to '/home/autopilot/ws/restackcell/ws_moveit2/build/opcua_client/install.log'
[1.903s] Invoked command in '/home/autopilot/ws/restackcell/ws_moveit2/src/opcua_client' returned '0': AMENT_PREFIX_PATH=/home/autopilot/ws/restackcell/ws_moveit2/install/opcua_interfaces:${AMENT_PREFIX_PATH} CMAKE_PREFIX_PATH=/home/autopilot/ws/restackcell/ws_moveit2/install/opcua_interfaces LD_LIBRARY_PATH=/home/autopilot/ws/restackcell/ws_moveit2/install/opcua_interfaces/lib:${LD_LIBRARY_PATH} PYTHONPATH=/home/autopilot/ws/restackcell/ws_moveit2/build/opcua_client/prefix_override:/usr/lib/python3/dist-packages/colcon_core/task/python/colcon_distutils_commands:/home/autopilot/ws/restackcell/ws_moveit2/install/opcua_client/lib/python3.10/site-packages:/home/autopilot/ws/restackcell/ws_moveit2/install/opcua_interfaces/local/lib/python3.10/dist-packages:${PYTHONPATH} /usr/bin/python3 -W ignore:setup.py install is deprecated setup.py egg_info --egg-base ../../build/opcua_client build --build-base /home/autopilot/ws/restackcell/ws_moveit2/build/opcua_client/build install --record /home/autopilot/ws/restackcell/ws_moveit2/build/opcua_client/install.log --single-version-externally-managed install_data
