[0.037s] Invoking command in '/home/autopilot/ws/restackcell/ws_moveit2/build/tod_camera_cpp': CMAKE_PREFIX_PATH=/home/autopilot/ws/restackcell/ws_moveit2/install/robo_planner:/home/autopilot/ws/restackcell/ws_moveit2/install/moveit_backend:/home/autopilot/ws/restackcell/ws_moveit2/install/mockup_robot:/home/autopilot/ws/restackcell/ws_moveit2/install/robo_planner_py:/home/autopilot/ws/restackcell/ws_moveit2/install/grid_snapper:/home/autopilot/ws/restackcell/ws_moveit2/install/opcua_client:/home/autopilot/ws/restackcell/ws_moveit2/install/interface_opcua:/opt/ros/humble:/home/autopilot/ws/restackcell/ws_moveit2/install/wzlscheduler_interfaces:/home/autopilot/ws/restackcell/ws_moveit2/install/robo_planner_msgs:/home/autopilot/ws/restackcell/ws_moveit2/install/opcua_interfaces /usr/bin/cmake /home/autopilot/ws/restackcell/ws_moveit2/src/tof_camera_cpp -DCMAKE_INSTALL_PREFIX=/home/autopilot/ws/restackcell/ws_moveit2/install/tod_camera_cpp
[0.106s] -- Found ament_cmake: 1.3.10 (/opt/ros/humble/share/ament_cmake/cmake)
[0.686s] -- Found rclcpp: 16.0.10 (/opt/ros/humble/share/rclcpp/cmake)
[0.810s] -- Found rosidl_generator_c: 3.1.5 (/opt/ros/humble/share/rosidl_generator_c/cmake)
[0.828s] -- Found rosidl_adapter: 3.1.5 (/opt/ros/humble/share/rosidl_adapter/cmake)
[0.853s] -- Found rosidl_generator_cpp: 3.1.5 (/opt/ros/humble/share/rosidl_generator_cpp/cmake)
[0.891s] -- Using all available rosidl_typesupport_c: rosidl_typesupport_fastrtps_c;rosidl_typesupport_introspection_c
[0.961s] -- Using all available rosidl_typesupport_cpp: rosidl_typesupport_fastrtps_cpp;rosidl_typesupport_introspection_cpp
[1.144s] -- Found rmw_implementation_cmake: 6.1.2 (/opt/ros/humble/share/rmw_implementation_cmake/cmake)
[1.151s] -- Found rmw_fastrtps_cpp: 6.2.7 (/opt/ros/humble/share/rmw_fastrtps_cpp/cmake)
[1.741s] -- Using RMW implementation 'rmw_fastrtps_cpp' as default
[1.931s] -- Found std_srvs: 4.2.4 (/opt/ros/humble/share/std_srvs/cmake)
[1.968s] -- Found sensor_msgs: 4.2.4 (/opt/ros/humble/share/sensor_msgs/cmake)
[2.073s] [31mCMake Error at cmake/Findarena_sdk.cmake:181 (message):
[2.073s]   ArenaSDK is not installed.  Please isntall ArenaSDK using the script
[2.073s]   provided by LUCID support team (support@thinklucid.com).
[2.074s] Call Stack (most recent call first):
[2.074s]   CMakeLists.txt:50 (find_package)
[2.074s] 
[2.074s] [0m
[2.074s] -- Configuring incomplete, errors occurred!
[2.074s] See also "/home/autopilot/ws/restackcell/ws_moveit2/build/tod_camera_cpp/CMakeFiles/CMakeOutput.log".
[2.101s] Invoked command in '/home/autopilot/ws/restackcell/ws_moveit2/build/tod_camera_cpp' returned '1': CMAKE_PREFIX_PATH=/home/autopilot/ws/restackcell/ws_moveit2/install/robo_planner:/home/autopilot/ws/restackcell/ws_moveit2/install/moveit_backend:/home/autopilot/ws/restackcell/ws_moveit2/install/mockup_robot:/home/autopilot/ws/restackcell/ws_moveit2/install/robo_planner_py:/home/autopilot/ws/restackcell/ws_moveit2/install/grid_snapper:/home/autopilot/ws/restackcell/ws_moveit2/install/opcua_client:/home/autopilot/ws/restackcell/ws_moveit2/install/interface_opcua:/opt/ros/humble:/home/autopilot/ws/restackcell/ws_moveit2/install/wzlscheduler_interfaces:/home/autopilot/ws/restackcell/ws_moveit2/install/robo_planner_msgs:/home/autopilot/ws/restackcell/ws_moveit2/install/opcua_interfaces /usr/bin/cmake /home/autopilot/ws/restackcell/ws_moveit2/src/tof_camera_cpp -DCMAKE_INSTALL_PREFIX=/home/autopilot/ws/restackcell/ws_moveit2/install/tod_camera_cpp
