[0.509s] Invoking command in '/home/aw/restackcell/ws_moveit2/src/opcua-asyncio': PYTHONPATH=/home/aw/restackcell/ws_moveit2/build/asyncua/prefix_override:/home/aw/restackcell/ws_moveit2/install/asyncua/lib/python3.10/site-packages:${PYTHONPATH} /usr/bin/python3 -W ignore:setup.py install is deprecated setup.py egg_info --egg-base ../../build/asyncua build --build-base /home/aw/restackcell/ws_moveit2/build/asyncua/build install --record /home/aw/restackcell/ws_moveit2/build/asyncua/install.log --single-version-externally-managed
[0.693s] running egg_info
[0.694s] writing ../../build/asyncua/asyncua.egg-info/PKG-INFO
[0.694s] writing dependency_links to ../../build/asyncua/asyncua.egg-info/dependency_links.txt
[0.694s] writing entry points to ../../build/asyncua/asyncua.egg-info/entry_points.txt
[0.695s] writing requirements to ../../build/asyncua/asyncua.egg-info/requires.txt
[0.695s] writing top-level names to ../../build/asyncua/asyncua.egg-info/top_level.txt
[0.698s] reading manifest file '../../build/asyncua/asyncua.egg-info/SOURCES.txt'
[0.699s] adding license file 'COPYING'
[0.700s] writing manifest file '../../build/asyncua/asyncua.egg-info/SOURCES.txt'
[0.700s] running build
[0.701s] running build_py
[0.706s] running install
[0.706s] running install_lib
[0.712s] running install_egg_info
[0.713s] removing '/home/aw/restackcell/ws_moveit2/install/asyncua/lib/python3.10/site-packages/asyncua-1.1.0-py3.10.egg-info' (and everything under it)
[0.714s] Copying ../../build/asyncua/asyncua.egg-info to /home/aw/restackcell/ws_moveit2/install/asyncua/lib/python3.10/site-packages/asyncua-1.1.0-py3.10.egg-info
[0.714s] running install_scripts
[0.728s] Installing uabrowse script to /home/aw/restackcell/ws_moveit2/install/asyncua/bin
[0.729s] Installing uacall script to /home/aw/restackcell/ws_moveit2/install/asyncua/bin
[0.729s] Installing uaclient script to /home/aw/restackcell/ws_moveit2/install/asyncua/bin
[0.729s] Installing uadiscover script to /home/aw/restackcell/ws_moveit2/install/asyncua/bin
[0.729s] Installing uageneratestructs script to /home/aw/restackcell/ws_moveit2/install/asyncua/bin
[0.729s] Installing uahistoryread script to /home/aw/restackcell/ws_moveit2/install/asyncua/bin
[0.729s] Installing uals script to /home/aw/restackcell/ws_moveit2/install/asyncua/bin
[0.729s] Installing uaread script to /home/aw/restackcell/ws_moveit2/install/asyncua/bin
[0.729s] Installing uaserver script to /home/aw/restackcell/ws_moveit2/install/asyncua/bin
[0.730s] Installing uasubscribe script to /home/aw/restackcell/ws_moveit2/install/asyncua/bin
[0.730s] Installing uawrite script to /home/aw/restackcell/ws_moveit2/install/asyncua/bin
[0.730s] writing list of installed files to '/home/aw/restackcell/ws_moveit2/build/asyncua/install.log'
[0.754s] Invoked command in '/home/aw/restackcell/ws_moveit2/src/opcua-asyncio' returned '0': PYTHONPATH=/home/aw/restackcell/ws_moveit2/build/asyncua/prefix_override:/home/aw/restackcell/ws_moveit2/install/asyncua/lib/python3.10/site-packages:${PYTHONPATH} /usr/bin/python3 -W ignore:setup.py install is deprecated setup.py egg_info --egg-base ../../build/asyncua build --build-base /home/aw/restackcell/ws_moveit2/build/asyncua/build install --record /home/aw/restackcell/ws_moveit2/build/asyncua/install.log --single-version-externally-managed
