[35m[1mConsolidate compiler generated dependencies of target mockup_robot[0m
[100%] Built target mockup_robot
-- Install configuration: ""
-- Installing: /home/autopilot/ws/restackcell/ws_moveit2/install/mockup_robot/lib/mockup_robot/mockup_robot
-- Set runtime path of "/home/autopilot/ws/restackcell/ws_moveit2/install/mockup_robot/lib/mockup_robot/mockup_robot" to ""
-- Installing: /home/autopilot/ws/restackcell/ws_moveit2/install/mockup_robot/share/ament_index/resource_index/package_run_dependencies/mockup_robot
-- Installing: /home/autopilot/ws/restackcell/ws_moveit2/install/mockup_robot/share/ament_index/resource_index/parent_prefix_path/mockup_robot
-- Installing: /home/autopilot/ws/restackcell/ws_moveit2/install/mockup_robot/share/mockup_robot/environment/ament_prefix_path.sh
-- Installing: /home/autopilot/ws/restackcell/ws_moveit2/install/mockup_robot/share/mockup_robot/environment/ament_prefix_path.dsv
-- Installing: /home/autopilot/ws/restackcell/ws_moveit2/install/mockup_robot/share/mockup_robot/environment/path.sh
-- Installing: /home/autopilot/ws/restackcell/ws_moveit2/install/mockup_robot/share/mockup_robot/environment/path.dsv
-- Installing: /home/autopilot/ws/restackcell/ws_moveit2/install/mockup_robot/share/mockup_robot/local_setup.bash
-- Installing: /home/autopilot/ws/restackcell/ws_moveit2/install/mockup_robot/share/mockup_robot/local_setup.sh
-- Installing: /home/autopilot/ws/restackcell/ws_moveit2/install/mockup_robot/share/mockup_robot/local_setup.zsh
-- Installing: /home/autopilot/ws/restackcell/ws_moveit2/install/mockup_robot/share/mockup_robot/local_setup.dsv
-- Installing: /home/autopilot/ws/restackcell/ws_moveit2/install/mockup_robot/share/mockup_robot/package.dsv
-- Installing: /home/autopilot/ws/restackcell/ws_moveit2/install/mockup_robot/share/ament_index/resource_index/packages/mockup_robot
-- Installing: /home/autopilot/ws/restackcell/ws_moveit2/install/mockup_robot/share/mockup_robot/cmake/mockup_robotConfig.cmake
-- Installing: /home/autopilot/ws/restackcell/ws_moveit2/install/mockup_robot/share/mockup_robot/cmake/mockup_robotConfig-version.cmake
-- Installing: /home/autopilot/ws/restackcell/ws_moveit2/install/mockup_robot/share/mockup_robot/package.xml
