[0.750s] Invoking command in '/home/aw/restackcell/ws_moveit2/src/interface_opcua': PYTHONPATH=/home/aw/restackcell/ws_moveit2/build/interface_opcua/prefix_override:/home/aw/restackcell/ws_moveit2/install/interface_opcua/lib/python3.10/site-packages:${PYTHONPATH} /usr/bin/python3 -W ignore:setup.py install is deprecated setup.py egg_info --egg-base ../../build/interface_opcua build --build-base /home/aw/restackcell/ws_moveit2/build/interface_opcua/build install --record /home/aw/restackcell/ws_moveit2/build/interface_opcua/install.log --single-version-externally-managed install_data
[0.914s] running egg_info
[0.915s] writing ../../build/interface_opcua/interface_opcua.egg-info/PKG-INFO
[0.915s] writing dependency_links to ../../build/interface_opcua/interface_opcua.egg-info/dependency_links.txt
[0.915s] writing entry points to ../../build/interface_opcua/interface_opcua.egg-info/entry_points.txt
[0.916s] writing requirements to ../../build/interface_opcua/interface_opcua.egg-info/requires.txt
[0.916s] writing top-level names to ../../build/interface_opcua/interface_opcua.egg-info/top_level.txt
[0.917s] reading manifest file '../../build/interface_opcua/interface_opcua.egg-info/SOURCES.txt'
[0.917s] adding license file 'LICENSE'
[0.917s] writing manifest file '../../build/interface_opcua/interface_opcua.egg-info/SOURCES.txt'
[0.918s] running build
[0.918s] running build_py
[0.918s] running install
[0.918s] running install_lib
[0.919s] running install_data
[0.919s] running install_egg_info
[0.920s] removing '/home/aw/restackcell/ws_moveit2/install/interface_opcua/lib/python3.10/site-packages/interface_opcua-0.0.0-py3.10.egg-info' (and everything under it)
[0.920s] Copying ../../build/interface_opcua/interface_opcua.egg-info to /home/aw/restackcell/ws_moveit2/install/interface_opcua/lib/python3.10/site-packages/interface_opcua-0.0.0-py3.10.egg-info
[0.921s] running install_scripts
[0.936s] Installing service script to /home/aw/restackcell/ws_moveit2/install/interface_opcua/lib/interface_opcua
[0.936s] writing list of installed files to '/home/aw/restackcell/ws_moveit2/build/interface_opcua/install.log'
[0.958s] Invoked command in '/home/aw/restackcell/ws_moveit2/src/interface_opcua' returned '0': PYTHONPATH=/home/aw/restackcell/ws_moveit2/build/interface_opcua/prefix_override:/home/aw/restackcell/ws_moveit2/install/interface_opcua/lib/python3.10/site-packages:${PYTHONPATH} /usr/bin/python3 -W ignore:setup.py install is deprecated setup.py egg_info --egg-base ../../build/interface_opcua build --build-base /home/aw/restackcell/ws_moveit2/build/interface_opcua/build install --record /home/aw/restackcell/ws_moveit2/build/interface_opcua/install.log --single-version-externally-managed install_data
