[0.045s] Invoking command in '/home/autopilot/ws/restackcell/build/wzlscheduler_interfaces': /usr/bin/cmake --build /home/autopilot/ws/restackcell/build/wzlscheduler_interfaces -- -j4 -l4
[0.980s] [35m[1mConsolidate compiler generated dependencies of target wzlscheduler_interfaces__rosidl_generator_c[0m
[0.980s] [  0%] Built target wzlscheduler_interfaces__cpp
[0.980s] [ 12%] Built target wzlscheduler_interfaces__rosidl_generator_c
[0.980s] [ 12%] Built target ament_cmake_python_copy_wzlscheduler_interfaces
[0.981s] [35m[1mConsolidate compiler generated dependencies of target wzlscheduler_interfaces__rosidl_typesupport_cpp[0m
[0.981s] [35m[1mConsolidate compiler generated dependencies of target wzlscheduler_interfaces__rosidl_typesupport_fastrtps_cpp[0m
[0.981s] [35m[1mConsolidate compiler generated dependencies of target wzlscheduler_interfaces__rosidl_typesupport_fastrtps_c[0m
[0.981s] [35m[1mConsolidate compiler generated dependencies of target wzlscheduler_interfaces__rosidl_typesupport_introspection_cpp[0m
[0.981s] [ 24%] Built target wzlscheduler_interfaces__rosidl_typesupport_cpp
[0.981s] [ 36%] Built target wzlscheduler_interfaces__rosidl_typesupport_fastrtps_c
[0.981s] [ 48%] Built target wzlscheduler_interfaces__rosidl_typesupport_fastrtps_cpp
[0.982s] [ 60%] Built target wzlscheduler_interfaces__rosidl_typesupport_introspection_cpp
[0.982s] [35m[1mConsolidate compiler generated dependencies of target wzlscheduler_interfaces__rosidl_typesupport_c[0m
[0.982s] [35m[1mConsolidate compiler generated dependencies of target wzlscheduler_interfaces__rosidl_typesupport_introspection_c[0m
[0.982s] [ 72%] Built target wzlscheduler_interfaces__rosidl_typesupport_c
[0.982s] [ 84%] Built target wzlscheduler_interfaces__rosidl_typesupport_introspection_c
[0.982s] [ 84%] Built target wzlscheduler_interfaces
[1.108s] [ 85%] Built target wzlscheduler_interfaces__py
[1.282s] [35m[1mConsolidate compiler generated dependencies of target wzlscheduler_interfaces__rosidl_generator_py[0m
[1.471s] [ 96%] Built target wzlscheduler_interfaces__rosidl_generator_py
[1.572s] [35m[1mConsolidate compiler generated dependencies of target wzlscheduler_interfaces__rosidl_typesupport_introspection_c__pyext[0m
[1.592s] [35m[1mConsolidate compiler generated dependencies of target wzlscheduler_interfaces__rosidl_typesupport_fastrtps_c__pyext[0m
[1.594s] [35m[1mConsolidate compiler generated dependencies of target wzlscheduler_interfaces__rosidl_typesupport_c__pyext[0m
[1.695s] [ 98%] Built target wzlscheduler_interfaces__rosidl_typesupport_introspection_c__pyext
[1.728s] [ 99%] Built target wzlscheduler_interfaces__rosidl_typesupport_c__pyext
[1.748s] [100%] Built target wzlscheduler_interfaces__rosidl_typesupport_fastrtps_c__pyext
[2.771s] running egg_info
[2.794s] writing wzlscheduler_interfaces.egg-info/PKG-INFO
[2.795s] writing dependency_links to wzlscheduler_interfaces.egg-info/dependency_links.txt
[2.796s] writing top-level names to wzlscheduler_interfaces.egg-info/top_level.txt
[2.819s] reading manifest file 'wzlscheduler_interfaces.egg-info/SOURCES.txt'
[2.822s] writing manifest file 'wzlscheduler_interfaces.egg-info/SOURCES.txt'
[3.004s] [100%] Built target ament_cmake_python_build_wzlscheduler_interfaces_egg
[3.073s] Invoked command in '/home/autopilot/ws/restackcell/build/wzlscheduler_interfaces' returned '0': /usr/bin/cmake --build /home/autopilot/ws/restackcell/build/wzlscheduler_interfaces -- -j4 -l4
[7.255s] Invoking command in '/home/autopilot/ws/restackcell/build/wzlscheduler_interfaces': /usr/bin/cmake --install /home/autopilot/ws/restackcell/build/wzlscheduler_interfaces
[7.282s] -- Install configuration: ""
[7.282s] -- Up-to-date: /home/autopilot/ws/restackcell/install/wzlscheduler_interfaces/share/ament_index/resource_index/rosidl_interfaces/wzlscheduler_interfaces
[7.282s] -- Up-to-date: /home/autopilot/ws/restackcell/install/wzlscheduler_interfaces/include/wzlscheduler_interfaces/wzlscheduler_interfaces
[7.282s] -- Up-to-date: /home/autopilot/ws/restackcell/install/wzlscheduler_interfaces/include/wzlscheduler_interfaces/wzlscheduler_interfaces/msg
[7.283s] -- Up-to-date: /home/autopilot/ws/restackcell/install/wzlscheduler_interfaces/include/wzlscheduler_interfaces/wzlscheduler_interfaces/msg/labeled_poses.h
[7.286s] -- Up-to-date: /home/autopilot/ws/restackcell/install/wzlscheduler_interfaces/include/wzlscheduler_interfaces/wzlscheduler_interfaces/msg/scene_object_set_pose.h
[7.286s] -- Up-to-date: /home/autopilot/ws/restackcell/install/wzlscheduler_interfaces/include/wzlscheduler_interfaces/wzlscheduler_interfaces/msg/labeled_bounding_boxes.h
[7.287s] -- Up-to-date: /home/autopilot/ws/restackcell/install/wzlscheduler_interfaces/include/wzlscheduler_interfaces/wzlscheduler_interfaces/msg/labeled_point_clouds.h
[7.287s] -- Up-to-date: /home/autopilot/ws/restackcell/install/wzlscheduler_interfaces/include/wzlscheduler_interfaces/wzlscheduler_interfaces/msg/scene_object_add.h
[7.287s] -- Up-to-date: /home/autopilot/ws/restackcell/install/wzlscheduler_interfaces/include/wzlscheduler_interfaces/wzlscheduler_interfaces/msg/rosidl_generator_c__visibility_control.h
[7.287s] -- Up-to-date: /home/autopilot/ws/restackcell/install/wzlscheduler_interfaces/include/wzlscheduler_interfaces/wzlscheduler_interfaces/msg/labeled_bounding_box.h
[7.287s] -- Up-to-date: /home/autopilot/ws/restackcell/install/wzlscheduler_interfaces/include/wzlscheduler_interfaces/wzlscheduler_interfaces/msg/labeled_point_cloud.h
[7.288s] -- Up-to-date: /home/autopilot/ws/restackcell/install/wzlscheduler_interfaces/include/wzlscheduler_interfaces/wzlscheduler_interfaces/msg/scene_object_remove.h
[7.288s] -- Up-to-date: /home/autopilot/ws/restackcell/install/wzlscheduler_interfaces/include/wzlscheduler_interfaces/wzlscheduler_interfaces/msg/detail
[7.288s] -- Up-to-date: /home/autopilot/ws/restackcell/install/wzlscheduler_interfaces/include/wzlscheduler_interfaces/wzlscheduler_interfaces/msg/detail/labeled_bounding_box__functions.c
[7.288s] -- Up-to-date: /home/autopilot/ws/restackcell/install/wzlscheduler_interfaces/include/wzlscheduler_interfaces/wzlscheduler_interfaces/msg/detail/scene_object_add__functions.c
[7.288s] -- Up-to-date: /home/autopilot/ws/restackcell/install/wzlscheduler_interfaces/include/wzlscheduler_interfaces/wzlscheduler_interfaces/msg/detail/scene_object_set_pose__functions.c
[7.288s] -- Up-to-date: /home/autopilot/ws/restackcell/install/wzlscheduler_interfaces/include/wzlscheduler_interfaces/wzlscheduler_interfaces/msg/detail/labeled_poses__struct.h
[7.288s] -- Up-to-date: /home/autopilot/ws/restackcell/install/wzlscheduler_interfaces/include/wzlscheduler_interfaces/wzlscheduler_interfaces/msg/detail/labeled_bounding_boxes__functions.c
[7.288s] -- Up-to-date: /home/autopilot/ws/restackcell/install/wzlscheduler_interfaces/include/wzlscheduler_interfaces/wzlscheduler_interfaces/msg/detail/labeled_point_clouds__type_support.h
[7.289s] -- Up-to-date: /home/autopilot/ws/restackcell/install/wzlscheduler_interfaces/include/wzlscheduler_interfaces/wzlscheduler_interfaces/msg/detail/scene_object_remove__functions.c
[7.289s] -- Up-to-date: /home/autopilot/ws/restackcell/install/wzlscheduler_interfaces/include/wzlscheduler_interfaces/wzlscheduler_interfaces/msg/detail/labeled_point_clouds__struct.h
[7.289s] -- Up-to-date: /home/autopilot/ws/restackcell/install/wzlscheduler_interfaces/include/wzlscheduler_interfaces/wzlscheduler_interfaces/msg/detail/scene_object_remove__struct.h
[7.295s] -- Up-to-date: /home/autopilot/ws/restackcell/install/wzlscheduler_interfaces/include/wzlscheduler_interfaces/wzlscheduler_interfaces/msg/detail/scene_object_add__functions.h
[7.295s] -- Up-to-date: /home/autopilot/ws/restackcell/install/wzlscheduler_interfaces/include/wzlscheduler_interfaces/wzlscheduler_interfaces/msg/detail/labeled_pose__functions.h
[7.296s] -- Up-to-date: /home/autopilot/ws/restackcell/install/wzlscheduler_interfaces/include/wzlscheduler_interfaces/wzlscheduler_interfaces/msg/detail/labeled_poses__functions.c
[7.296s] -- Up-to-date: /home/autopilot/ws/restackcell/install/wzlscheduler_interfaces/include/wzlscheduler_interfaces/wzlscheduler_interfaces/msg/detail/labeled_point_cloud__functions.c
[7.296s] -- Up-to-date: /home/autopilot/ws/restackcell/install/wzlscheduler_interfaces/include/wzlscheduler_interfaces/wzlscheduler_interfaces/msg/detail/labeled_bounding_boxes__functions.h
[7.296s] -- Up-to-date: /home/autopilot/ws/restackcell/install/wzlscheduler_interfaces/include/wzlscheduler_interfaces/wzlscheduler_interfaces/msg/detail/scene_object_add__type_support.h
[7.296s] -- Up-to-date: /home/autopilot/ws/restackcell/install/wzlscheduler_interfaces/include/wzlscheduler_interfaces/wzlscheduler_interfaces/msg/detail/labeled_point_clouds__functions.c
[7.296s] -- Up-to-date: /home/autopilot/ws/restackcell/install/wzlscheduler_interfaces/include/wzlscheduler_interfaces/wzlscheduler_interfaces/msg/detail/labeled_poses__type_support.h
[7.297s] -- Up-to-date: /home/autopilot/ws/restackcell/install/wzlscheduler_interfaces/include/wzlscheduler_interfaces/wzlscheduler_interfaces/msg/detail/scene_object_remove__type_support.h
[7.297s] -- Up-to-date: /home/autopilot/ws/restackcell/install/wzlscheduler_interfaces/include/wzlscheduler_interfaces/wzlscheduler_interfaces/msg/detail/labeled_point_cloud__functions.h
[7.297s] -- Up-to-date: /home/autopilot/ws/restackcell/install/wzlscheduler_interfaces/include/wzlscheduler_interfaces/wzlscheduler_interfaces/msg/detail/labeled_bounding_box__type_support.h
[7.297s] -- Up-to-date: /home/autopilot/ws/restackcell/install/wzlscheduler_interfaces/include/wzlscheduler_interfaces/wzlscheduler_interfaces/msg/detail/labeled_point_clouds__functions.h
[7.297s] -- Up-to-date: /home/autopilot/ws/restackcell/install/wzlscheduler_interfaces/include/wzlscheduler_interfaces/wzlscheduler_interfaces/msg/detail/labeled_pose__functions.c
[7.297s] -- Up-to-date: /home/autopilot/ws/restackcell/install/wzlscheduler_interfaces/include/wzlscheduler_interfaces/wzlscheduler_interfaces/msg/detail/scene_object_set_pose__struct.h
[7.297s] -- Up-to-date: /home/autopilot/ws/restackcell/install/wzlscheduler_interfaces/include/wzlscheduler_interfaces/wzlscheduler_interfaces/msg/detail/scene_object_add__struct.h
[7.297s] -- Up-to-date: /home/autopilot/ws/restackcell/install/wzlscheduler_interfaces/include/wzlscheduler_interfaces/wzlscheduler_interfaces/msg/detail/labeled_point_cloud__struct.h
[7.298s] -- Up-to-date: /home/autopilot/ws/restackcell/install/wzlscheduler_interfaces/include/wzlscheduler_interfaces/wzlscheduler_interfaces/msg/detail/labeled_bounding_box__struct.h
[7.298s] -- Up-to-date: /home/autopilot/ws/restackcell/install/wzlscheduler_interfaces/include/wzlscheduler_interfaces/wzlscheduler_interfaces/msg/detail/scene_object_set_pose__type_support.h
[7.298s] -- Up-to-date: /home/autopilot/ws/restackcell/install/wzlscheduler_interfaces/include/wzlscheduler_interfaces/wzlscheduler_interfaces/msg/detail/labeled_point_cloud__type_support.h
[7.298s] -- Up-to-date: /home/autopilot/ws/restackcell/install/wzlscheduler_interfaces/include/wzlscheduler_interfaces/wzlscheduler_interfaces/msg/detail/scene_object_set_pose__functions.h
[7.298s] -- Up-to-date: /home/autopilot/ws/restackcell/install/wzlscheduler_interfaces/include/wzlscheduler_interfaces/wzlscheduler_interfaces/msg/detail/labeled_pose__type_support.h
[7.298s] -- Up-to-date: /home/autopilot/ws/restackcell/install/wzlscheduler_interfaces/include/wzlscheduler_interfaces/wzlscheduler_interfaces/msg/detail/labeled_pose__struct.h
[7.298s] -- Up-to-date: /home/autopilot/ws/restackcell/install/wzlscheduler_interfaces/include/wzlscheduler_interfaces/wzlscheduler_interfaces/msg/detail/scene_object_remove__functions.h
[7.299s] -- Up-to-date: /home/autopilot/ws/restackcell/install/wzlscheduler_interfaces/include/wzlscheduler_interfaces/wzlscheduler_interfaces/msg/detail/labeled_bounding_boxes__struct.h
[7.299s] -- Up-to-date: /home/autopilot/ws/restackcell/install/wzlscheduler_interfaces/include/wzlscheduler_interfaces/wzlscheduler_interfaces/msg/detail/labeled_bounding_box__functions.h
[7.299s] -- Up-to-date: /home/autopilot/ws/restackcell/install/wzlscheduler_interfaces/include/wzlscheduler_interfaces/wzlscheduler_interfaces/msg/detail/labeled_bounding_boxes__type_support.h
[7.299s] -- Up-to-date: /home/autopilot/ws/restackcell/install/wzlscheduler_interfaces/include/wzlscheduler_interfaces/wzlscheduler_interfaces/msg/detail/labeled_poses__functions.h
[7.299s] -- Up-to-date: /home/autopilot/ws/restackcell/install/wzlscheduler_interfaces/include/wzlscheduler_interfaces/wzlscheduler_interfaces/msg/labeled_pose.h
[7.299s] -- Up-to-date: /home/autopilot/ws/restackcell/install/wzlscheduler_interfaces/include/wzlscheduler_interfaces/wzlscheduler_interfaces/srv
[7.299s] -- Up-to-date: /home/autopilot/ws/restackcell/install/wzlscheduler_interfaces/include/wzlscheduler_interfaces/wzlscheduler_interfaces/srv/robot_set_velocity.h
[7.300s] -- Up-to-date: /home/autopilot/ws/restackcell/install/wzlscheduler_interfaces/include/wzlscheduler_interfaces/wzlscheduler_interfaces/srv/scene_object_set_pose.h
[7.300s] -- Up-to-date: /home/autopilot/ws/restackcell/install/wzlscheduler_interfaces/include/wzlscheduler_interfaces/wzlscheduler_interfaces/srv/set_value_io_interface.h
[7.300s] -- Up-to-date: /home/autopilot/ws/restackcell/install/wzlscheduler_interfaces/include/wzlscheduler_interfaces/wzlscheduler_interfaces/srv/scene_object_attach.h
[7.300s] -- Up-to-date: /home/autopilot/ws/restackcell/install/wzlscheduler_interfaces/include/wzlscheduler_interfaces/wzlscheduler_interfaces/srv/scene_object_add.h
[7.300s] -- Up-to-date: /home/autopilot/ws/restackcell/install/wzlscheduler_interfaces/include/wzlscheduler_interfaces/wzlscheduler_interfaces/srv/robot_follow_trajectory.h
[7.300s] -- Up-to-date: /home/autopilot/ws/restackcell/install/wzlscheduler_interfaces/include/wzlscheduler_interfaces/wzlscheduler_interfaces/srv/load_object.h
[7.300s] -- Up-to-date: /home/autopilot/ws/restackcell/install/wzlscheduler_interfaces/include/wzlscheduler_interfaces/wzlscheduler_interfaces/srv/scene_object_remove.h
[7.300s] -- Up-to-date: /home/autopilot/ws/restackcell/install/wzlscheduler_interfaces/include/wzlscheduler_interfaces/wzlscheduler_interfaces/srv/detail
[7.301s] -- Up-to-date: /home/autopilot/ws/restackcell/install/wzlscheduler_interfaces/include/wzlscheduler_interfaces/wzlscheduler_interfaces/srv/detail/load_object__functions.h
[7.304s] -- Up-to-date: /home/autopilot/ws/restackcell/install/wzlscheduler_interfaces/include/wzlscheduler_interfaces/wzlscheduler_interfaces/srv/detail/scene_object_detach__type_support.h
[7.304s] -- Up-to-date: /home/autopilot/ws/restackcell/install/wzlscheduler_interfaces/include/wzlscheduler_interfaces/wzlscheduler_interfaces/srv/detail/scene_object_add__functions.c
[7.304s] -- Up-to-date: /home/autopilot/ws/restackcell/install/wzlscheduler_interfaces/include/wzlscheduler_interfaces/wzlscheduler_interfaces/srv/detail/load_object__type_support.h
[7.304s] -- Up-to-date: /home/autopilot/ws/restackcell/install/wzlscheduler_interfaces/include/wzlscheduler_interfaces/wzlscheduler_interfaces/srv/detail/scene_object_set_pose__functions.c
[7.305s] -- Up-to-date: /home/autopilot/ws/restackcell/install/wzlscheduler_interfaces/include/wzlscheduler_interfaces/wzlscheduler_interfaces/srv/detail/scene_object_remove__functions.c
[7.312s] -- Up-to-date: /home/autopilot/ws/restackcell/install/wzlscheduler_interfaces/include/wzlscheduler_interfaces/wzlscheduler_interfaces/srv/detail/scene_object_detach__struct.h
[7.312s] -- Up-to-date: /home/autopilot/ws/restackcell/install/wzlscheduler_interfaces/include/wzlscheduler_interfaces/wzlscheduler_interfaces/srv/detail/robot_move_to_position__struct.h
[7.312s] -- Up-to-date: /home/autopilot/ws/restackcell/install/wzlscheduler_interfaces/include/wzlscheduler_interfaces/wzlscheduler_interfaces/srv/detail/scene_object_remove__struct.h
[7.313s] -- Up-to-date: /home/autopilot/ws/restackcell/install/wzlscheduler_interfaces/include/wzlscheduler_interfaces/wzlscheduler_interfaces/srv/detail/scene_object_add__functions.h
[7.313s] -- Up-to-date: /home/autopilot/ws/restackcell/install/wzlscheduler_interfaces/include/wzlscheduler_interfaces/wzlscheduler_interfaces/srv/detail/robot_set_velocity__type_support.h
[7.313s] -- Up-to-date: /home/autopilot/ws/restackcell/install/wzlscheduler_interfaces/include/wzlscheduler_interfaces/wzlscheduler_interfaces/srv/detail/scene_object_detach__functions.h
[7.313s] -- Up-to-date: /home/autopilot/ws/restackcell/install/wzlscheduler_interfaces/include/wzlscheduler_interfaces/wzlscheduler_interfaces/srv/detail/load_object__functions.c
[7.313s] -- Up-to-date: /home/autopilot/ws/restackcell/install/wzlscheduler_interfaces/include/wzlscheduler_interfaces/wzlscheduler_interfaces/srv/detail/set_value_io_interface__functions.h
[7.313s] -- Up-to-date: /home/autopilot/ws/restackcell/install/wzlscheduler_interfaces/include/wzlscheduler_interfaces/wzlscheduler_interfaces/srv/detail/load_object__struct.h
[7.314s] -- Up-to-date: /home/autopilot/ws/restackcell/install/wzlscheduler_interfaces/include/wzlscheduler_interfaces/wzlscheduler_interfaces/srv/detail/robot_follow_trajectory__functions.h
[7.314s] -- Up-to-date: /home/autopilot/ws/restackcell/install/wzlscheduler_interfaces/include/wzlscheduler_interfaces/wzlscheduler_interfaces/srv/detail/scene_object_add__type_support.h
[7.314s] -- Up-to-date: /home/autopilot/ws/restackcell/install/wzlscheduler_interfaces/include/wzlscheduler_interfaces/wzlscheduler_interfaces/srv/detail/robot_set_velocity__functions.h
[7.314s] -- Up-to-date: /home/autopilot/ws/restackcell/install/wzlscheduler_interfaces/include/wzlscheduler_interfaces/wzlscheduler_interfaces/srv/detail/scene_object_attach__type_support.h
[7.314s] -- Up-to-date: /home/autopilot/ws/restackcell/install/wzlscheduler_interfaces/include/wzlscheduler_interfaces/wzlscheduler_interfaces/srv/detail/robot_move_to_position__functions.h
[7.314s] -- Up-to-date: /home/autopilot/ws/restackcell/install/wzlscheduler_interfaces/include/wzlscheduler_interfaces/wzlscheduler_interfaces/srv/detail/robot_follow_trajectory__functions.c
[7.314s] -- Up-to-date: /home/autopilot/ws/restackcell/install/wzlscheduler_interfaces/include/wzlscheduler_interfaces/wzlscheduler_interfaces/srv/detail/robot_move_to_position__type_support.h
[7.314s] -- Up-to-date: /home/autopilot/ws/restackcell/install/wzlscheduler_interfaces/include/wzlscheduler_interfaces/wzlscheduler_interfaces/srv/detail/robot_move_to_position__functions.c
[7.315s] -- Up-to-date: /home/autopilot/ws/restackcell/install/wzlscheduler_interfaces/include/wzlscheduler_interfaces/wzlscheduler_interfaces/srv/detail/scene_object_remove__type_support.h
[7.315s] -- Up-to-date: /home/autopilot/ws/restackcell/install/wzlscheduler_interfaces/include/wzlscheduler_interfaces/wzlscheduler_interfaces/srv/detail/scene_object_attach__struct.h
[7.315s] -- Up-to-date: /home/autopilot/ws/restackcell/install/wzlscheduler_interfaces/include/wzlscheduler_interfaces/wzlscheduler_interfaces/srv/detail/robot_set_velocity__struct.h
[7.315s] -- Up-to-date: /home/autopilot/ws/restackcell/install/wzlscheduler_interfaces/include/wzlscheduler_interfaces/wzlscheduler_interfaces/srv/detail/robot_follow_trajectory__struct.h
[7.315s] -- Up-to-date: /home/autopilot/ws/restackcell/install/wzlscheduler_interfaces/include/wzlscheduler_interfaces/wzlscheduler_interfaces/srv/detail/robot_set_velocity__functions.c
[7.315s] -- Up-to-date: /home/autopilot/ws/restackcell/install/wzlscheduler_interfaces/include/wzlscheduler_interfaces/wzlscheduler_interfaces/srv/detail/scene_object_attach__functions.h
[7.315s] -- Up-to-date: /home/autopilot/ws/restackcell/install/wzlscheduler_interfaces/include/wzlscheduler_interfaces/wzlscheduler_interfaces/srv/detail/scene_object_set_pose__struct.h
[7.316s] -- Up-to-date: /home/autopilot/ws/restackcell/install/wzlscheduler_interfaces/include/wzlscheduler_interfaces/wzlscheduler_interfaces/srv/detail/scene_object_add__struct.h
[7.316s] -- Up-to-date: /home/autopilot/ws/restackcell/install/wzlscheduler_interfaces/include/wzlscheduler_interfaces/wzlscheduler_interfaces/srv/detail/scene_object_detach__functions.c
[7.316s] -- Up-to-date: /home/autopilot/ws/restackcell/install/wzlscheduler_interfaces/include/wzlscheduler_interfaces/wzlscheduler_interfaces/srv/detail/set_value_io_interface__functions.c
[7.316s] -- Up-to-date: /home/autopilot/ws/restackcell/install/wzlscheduler_interfaces/include/wzlscheduler_interfaces/wzlscheduler_interfaces/srv/detail/set_value_io_interface__type_support.h
[7.316s] -- Up-to-date: /home/autopilot/ws/restackcell/install/wzlscheduler_interfaces/include/wzlscheduler_interfaces/wzlscheduler_interfaces/srv/detail/scene_object_set_pose__type_support.h
[7.316s] -- Up-to-date: /home/autopilot/ws/restackcell/install/wzlscheduler_interfaces/include/wzlscheduler_interfaces/wzlscheduler_interfaces/srv/detail/robot_follow_trajectory__type_support.h
[7.316s] -- Up-to-date: /home/autopilot/ws/restackcell/install/wzlscheduler_interfaces/include/wzlscheduler_interfaces/wzlscheduler_interfaces/srv/detail/set_value_io_interface__struct.h
[7.317s] -- Up-to-date: /home/autopilot/ws/restackcell/install/wzlscheduler_interfaces/include/wzlscheduler_interfaces/wzlscheduler_interfaces/srv/detail/scene_object_set_pose__functions.h
[7.317s] -- Up-to-date: /home/autopilot/ws/restackcell/install/wzlscheduler_interfaces/include/wzlscheduler_interfaces/wzlscheduler_interfaces/srv/detail/scene_object_remove__functions.h
[7.317s] -- Up-to-date: /home/autopilot/ws/restackcell/install/wzlscheduler_interfaces/include/wzlscheduler_interfaces/wzlscheduler_interfaces/srv/detail/scene_object_attach__functions.c
[7.317s] -- Up-to-date: /home/autopilot/ws/restackcell/install/wzlscheduler_interfaces/include/wzlscheduler_interfaces/wzlscheduler_interfaces/srv/robot_move_to_position.h
[7.317s] -- Up-to-date: /home/autopilot/ws/restackcell/install/wzlscheduler_interfaces/include/wzlscheduler_interfaces/wzlscheduler_interfaces/srv/scene_object_detach.h
[7.317s] -- Up-to-date: /home/autopilot/ws/restackcell/install/wzlscheduler_interfaces/share/wzlscheduler_interfaces/environment/library_path.sh
[7.322s] -- Up-to-date: /home/autopilot/ws/restackcell/install/wzlscheduler_interfaces/share/wzlscheduler_interfaces/environment/library_path.dsv
[7.323s] -- Up-to-date: /home/autopilot/ws/restackcell/install/wzlscheduler_interfaces/lib/libwzlscheduler_interfaces__rosidl_generator_c.so
[7.323s] -- Up-to-date: /home/autopilot/ws/restackcell/install/wzlscheduler_interfaces/include/wzlscheduler_interfaces/wzlscheduler_interfaces
[7.323s] -- Up-to-date: /home/autopilot/ws/restackcell/install/wzlscheduler_interfaces/include/wzlscheduler_interfaces/wzlscheduler_interfaces/msg
[7.323s] -- Up-to-date: /home/autopilot/ws/restackcell/install/wzlscheduler_interfaces/include/wzlscheduler_interfaces/wzlscheduler_interfaces/msg/rosidl_typesupport_fastrtps_c__visibility_control.h
[7.323s] -- Up-to-date: /home/autopilot/ws/restackcell/install/wzlscheduler_interfaces/include/wzlscheduler_interfaces/wzlscheduler_interfaces/msg/detail
[7.323s] -- Up-to-date: /home/autopilot/ws/restackcell/install/wzlscheduler_interfaces/include/wzlscheduler_interfaces/wzlscheduler_interfaces/msg/detail/labeled_bounding_box__rosidl_typesupport_fastrtps_c.h
[7.323s] -- Up-to-date: /home/autopilot/ws/restackcell/install/wzlscheduler_interfaces/include/wzlscheduler_interfaces/wzlscheduler_interfaces/msg/detail/scene_object_remove__rosidl_typesupport_fastrtps_c.h
[7.324s] -- Up-to-date: /home/autopilot/ws/restackcell/install/wzlscheduler_interfaces/include/wzlscheduler_interfaces/wzlscheduler_interfaces/msg/detail/scene_object_add__rosidl_typesupport_fastrtps_c.h
[7.324s] -- Up-to-date: /home/autopilot/ws/restackcell/install/wzlscheduler_interfaces/include/wzlscheduler_interfaces/wzlscheduler_interfaces/msg/detail/labeled_bounding_boxes__rosidl_typesupport_fastrtps_c.h
[7.324s] -- Up-to-date: /home/autopilot/ws/restackcell/install/wzlscheduler_interfaces/include/wzlscheduler_interfaces/wzlscheduler_interfaces/msg/detail/labeled_poses__rosidl_typesupport_fastrtps_c.h
[7.324s] -- Up-to-date: /home/autopilot/ws/restackcell/install/wzlscheduler_interfaces/include/wzlscheduler_interfaces/wzlscheduler_interfaces/msg/detail/labeled_point_clouds__rosidl_typesupport_fastrtps_c.h
[7.324s] -- Up-to-date: /home/autopilot/ws/restackcell/install/wzlscheduler_interfaces/include/wzlscheduler_interfaces/wzlscheduler_interfaces/msg/detail/labeled_pose__rosidl_typesupport_fastrtps_c.h
[7.324s] -- Up-to-date: /home/autopilot/ws/restackcell/install/wzlscheduler_interfaces/include/wzlscheduler_interfaces/wzlscheduler_interfaces/msg/detail/labeled_point_cloud__rosidl_typesupport_fastrtps_c.h
[7.324s] -- Up-to-date: /home/autopilot/ws/restackcell/install/wzlscheduler_interfaces/include/wzlscheduler_interfaces/wzlscheduler_interfaces/msg/detail/scene_object_set_pose__rosidl_typesupport_fastrtps_c.h
[7.325s] -- Up-to-date: /home/autopilot/ws/restackcell/install/wzlscheduler_interfaces/include/wzlscheduler_interfaces/wzlscheduler_interfaces/srv
[7.325s] -- Up-to-date: /home/autopilot/ws/restackcell/install/wzlscheduler_interfaces/include/wzlscheduler_interfaces/wzlscheduler_interfaces/srv/detail
[7.325s] -- Up-to-date: /home/autopilot/ws/restackcell/install/wzlscheduler_interfaces/include/wzlscheduler_interfaces/wzlscheduler_interfaces/srv/detail/scene_object_attach__rosidl_typesupport_fastrtps_c.h
[7.325s] -- Up-to-date: /home/autopilot/ws/restackcell/install/wzlscheduler_interfaces/include/wzlscheduler_interfaces/wzlscheduler_interfaces/srv/detail/scene_object_remove__rosidl_typesupport_fastrtps_c.h
[7.325s] -- Up-to-date: /home/autopilot/ws/restackcell/install/wzlscheduler_interfaces/include/wzlscheduler_interfaces/wzlscheduler_interfaces/srv/detail/scene_object_add__rosidl_typesupport_fastrtps_c.h
[7.325s] -- Up-to-date: /home/autopilot/ws/restackcell/install/wzlscheduler_interfaces/include/wzlscheduler_interfaces/wzlscheduler_interfaces/srv/detail/load_object__rosidl_typesupport_fastrtps_c.h
[7.325s] -- Up-to-date: /home/autopilot/ws/restackcell/install/wzlscheduler_interfaces/include/wzlscheduler_interfaces/wzlscheduler_interfaces/srv/detail/set_value_io_interface__rosidl_typesupport_fastrtps_c.h
[7.326s] -- Up-to-date: /home/autopilot/ws/restackcell/install/wzlscheduler_interfaces/include/wzlscheduler_interfaces/wzlscheduler_interfaces/srv/detail/scene_object_detach__rosidl_typesupport_fastrtps_c.h
[7.326s] -- Up-to-date: /home/autopilot/ws/restackcell/install/wzlscheduler_interfaces/include/wzlscheduler_interfaces/wzlscheduler_interfaces/srv/detail/robot_set_velocity__rosidl_typesupport_fastrtps_c.h
[7.326s] -- Up-to-date: /home/autopilot/ws/restackcell/install/wzlscheduler_interfaces/include/wzlscheduler_interfaces/wzlscheduler_interfaces/srv/detail/robot_move_to_position__rosidl_typesupport_fastrtps_c.h
[7.326s] -- Up-to-date: /home/autopilot/ws/restackcell/install/wzlscheduler_interfaces/include/wzlscheduler_interfaces/wzlscheduler_interfaces/srv/detail/robot_follow_trajectory__rosidl_typesupport_fastrtps_c.h
[7.326s] -- Up-to-date: /home/autopilot/ws/restackcell/install/wzlscheduler_interfaces/include/wzlscheduler_interfaces/wzlscheduler_interfaces/srv/detail/scene_object_set_pose__rosidl_typesupport_fastrtps_c.h
[7.326s] -- Up-to-date: /home/autopilot/ws/restackcell/install/wzlscheduler_interfaces/lib/libwzlscheduler_interfaces__rosidl_typesupport_fastrtps_c.so
[7.326s] -- Up-to-date: /home/autopilot/ws/restackcell/install/wzlscheduler_interfaces/include/wzlscheduler_interfaces/wzlscheduler_interfaces
[7.327s] -- Up-to-date: /home/autopilot/ws/restackcell/install/wzlscheduler_interfaces/include/wzlscheduler_interfaces/wzlscheduler_interfaces/msg
[7.327s] -- Up-to-date: /home/autopilot/ws/restackcell/install/wzlscheduler_interfaces/include/wzlscheduler_interfaces/wzlscheduler_interfaces/msg/rosidl_typesupport_introspection_c__visibility_control.h
[7.327s] -- Up-to-date: /home/autopilot/ws/restackcell/install/wzlscheduler_interfaces/include/wzlscheduler_interfaces/wzlscheduler_interfaces/msg/detail
[7.327s] -- Up-to-date: /home/autopilot/ws/restackcell/install/wzlscheduler_interfaces/include/wzlscheduler_interfaces/wzlscheduler_interfaces/msg/detail/labeled_point_clouds__type_support.c
[7.327s] -- Up-to-date: /home/autopilot/ws/restackcell/install/wzlscheduler_interfaces/include/wzlscheduler_interfaces/wzlscheduler_interfaces/msg/detail/labeled_point_cloud__rosidl_typesupport_introspection_c.h
[7.327s] -- Up-to-date: /home/autopilot/ws/restackcell/install/wzlscheduler_interfaces/include/wzlscheduler_interfaces/wzlscheduler_interfaces/msg/detail/labeled_point_clouds__rosidl_typesupport_introspection_c.h
[7.327s] -- Up-to-date: /home/autopilot/ws/restackcell/install/wzlscheduler_interfaces/include/wzlscheduler_interfaces/wzlscheduler_interfaces/msg/detail/labeled_poses__rosidl_typesupport_introspection_c.h
[7.328s] -- Up-to-date: /home/autopilot/ws/restackcell/install/wzlscheduler_interfaces/include/wzlscheduler_interfaces/wzlscheduler_interfaces/msg/detail/labeled_pose__type_support.c
[7.328s] -- Up-to-date: /home/autopilot/ws/restackcell/install/wzlscheduler_interfaces/include/wzlscheduler_interfaces/wzlscheduler_interfaces/msg/detail/scene_object_add__rosidl_typesupport_introspection_c.h
[7.328s] -- Up-to-date: /home/autopilot/ws/restackcell/install/wzlscheduler_interfaces/include/wzlscheduler_interfaces/wzlscheduler_interfaces/msg/detail/scene_object_set_pose__type_support.c
[7.328s] -- Up-to-date: /home/autopilot/ws/restackcell/install/wzlscheduler_interfaces/include/wzlscheduler_interfaces/wzlscheduler_interfaces/msg/detail/scene_object_remove__rosidl_typesupport_introspection_c.h
[7.338s] -- Up-to-date: /home/autopilot/ws/restackcell/install/wzlscheduler_interfaces/include/wzlscheduler_interfaces/wzlscheduler_interfaces/msg/detail/scene_object_remove__type_support.c
[7.339s] -- Up-to-date: /home/autopilot/ws/restackcell/install/wzlscheduler_interfaces/include/wzlscheduler_interfaces/wzlscheduler_interfaces/msg/detail/labeled_point_cloud__type_support.c
[7.339s] -- Up-to-date: /home/autopilot/ws/restackcell/install/wzlscheduler_interfaces/include/wzlscheduler_interfaces/wzlscheduler_interfaces/msg/detail/labeled_bounding_boxes__rosidl_typesupport_introspection_c.h
[7.339s] -- Up-to-date: /home/autopilot/ws/restackcell/install/wzlscheduler_interfaces/include/wzlscheduler_interfaces/wzlscheduler_interfaces/msg/detail/scene_object_add__type_support.c
[7.339s] -- Up-to-date: /home/autopilot/ws/restackcell/install/wzlscheduler_interfaces/include/wzlscheduler_interfaces/wzlscheduler_interfaces/msg/detail/labeled_bounding_box__type_support.c
[7.340s] -- Up-to-date: /home/autopilot/ws/restackcell/install/wzlscheduler_interfaces/include/wzlscheduler_interfaces/wzlscheduler_interfaces/msg/detail/labeled_bounding_box__rosidl_typesupport_introspection_c.h
[7.340s] -- Up-to-date: /home/autopilot/ws/restackcell/install/wzlscheduler_interfaces/include/wzlscheduler_interfaces/wzlscheduler_interfaces/msg/detail/labeled_pose__rosidl_typesupport_introspection_c.h
[7.340s] -- Up-to-date: /home/autopilot/ws/restackcell/install/wzlscheduler_interfaces/include/wzlscheduler_interfaces/wzlscheduler_interfaces/msg/detail/labeled_poses__type_support.c
[7.340s] -- Up-to-date: /home/autopilot/ws/restackcell/install/wzlscheduler_interfaces/include/wzlscheduler_interfaces/wzlscheduler_interfaces/msg/detail/labeled_bounding_boxes__type_support.c
[7.340s] -- Up-to-date: /home/autopilot/ws/restackcell/install/wzlscheduler_interfaces/include/wzlscheduler_interfaces/wzlscheduler_interfaces/msg/detail/scene_object_set_pose__rosidl_typesupport_introspection_c.h
[7.340s] -- Up-to-date: /home/autopilot/ws/restackcell/install/wzlscheduler_interfaces/include/wzlscheduler_interfaces/wzlscheduler_interfaces/srv
[7.340s] -- Up-to-date: /home/autopilot/ws/restackcell/install/wzlscheduler_interfaces/include/wzlscheduler_interfaces/wzlscheduler_interfaces/srv/detail
[7.341s] -- Up-to-date: /home/autopilot/ws/restackcell/install/wzlscheduler_interfaces/include/wzlscheduler_interfaces/wzlscheduler_interfaces/srv/detail/load_object__type_support.c
[7.341s] -- Up-to-date: /home/autopilot/ws/restackcell/install/wzlscheduler_interfaces/include/wzlscheduler_interfaces/wzlscheduler_interfaces/srv/detail/robot_move_to_position__type_support.c
[7.341s] -- Up-to-date: /home/autopilot/ws/restackcell/install/wzlscheduler_interfaces/include/wzlscheduler_interfaces/wzlscheduler_interfaces/srv/detail/load_object__rosidl_typesupport_introspection_c.h
[7.341s] -- Up-to-date: /home/autopilot/ws/restackcell/install/wzlscheduler_interfaces/include/wzlscheduler_interfaces/wzlscheduler_interfaces/srv/detail/robot_set_velocity__type_support.c
[7.341s] -- Up-to-date: /home/autopilot/ws/restackcell/install/wzlscheduler_interfaces/include/wzlscheduler_interfaces/wzlscheduler_interfaces/srv/detail/scene_object_detach__type_support.c
[7.341s] -- Up-to-date: /home/autopilot/ws/restackcell/install/wzlscheduler_interfaces/include/wzlscheduler_interfaces/wzlscheduler_interfaces/srv/detail/scene_object_attach__rosidl_typesupport_introspection_c.h
[7.341s] -- Up-to-date: /home/autopilot/ws/restackcell/install/wzlscheduler_interfaces/include/wzlscheduler_interfaces/wzlscheduler_interfaces/srv/detail/robot_move_to_position__rosidl_typesupport_introspection_c.h
[7.342s] -- Up-to-date: /home/autopilot/ws/restackcell/install/wzlscheduler_interfaces/include/wzlscheduler_interfaces/wzlscheduler_interfaces/srv/detail/set_value_io_interface__rosidl_typesupport_introspection_c.h
[7.342s] -- Up-to-date: /home/autopilot/ws/restackcell/install/wzlscheduler_interfaces/include/wzlscheduler_interfaces/wzlscheduler_interfaces/srv/detail/scene_object_add__rosidl_typesupport_introspection_c.h
[7.342s] -- Up-to-date: /home/autopilot/ws/restackcell/install/wzlscheduler_interfaces/include/wzlscheduler_interfaces/wzlscheduler_interfaces/srv/detail/scene_object_set_pose__type_support.c
[7.342s] -- Up-to-date: /home/autopilot/ws/restackcell/install/wzlscheduler_interfaces/include/wzlscheduler_interfaces/wzlscheduler_interfaces/srv/detail/scene_object_remove__rosidl_typesupport_introspection_c.h
[7.342s] -- Up-to-date: /home/autopilot/ws/restackcell/install/wzlscheduler_interfaces/include/wzlscheduler_interfaces/wzlscheduler_interfaces/srv/detail/scene_object_remove__type_support.c
[7.342s] -- Up-to-date: /home/autopilot/ws/restackcell/install/wzlscheduler_interfaces/include/wzlscheduler_interfaces/wzlscheduler_interfaces/srv/detail/robot_follow_trajectory__rosidl_typesupport_introspection_c.h
[7.342s] -- Up-to-date: /home/autopilot/ws/restackcell/install/wzlscheduler_interfaces/include/wzlscheduler_interfaces/wzlscheduler_interfaces/srv/detail/robot_set_velocity__rosidl_typesupport_introspection_c.h
[7.342s] -- Up-to-date: /home/autopilot/ws/restackcell/install/wzlscheduler_interfaces/include/wzlscheduler_interfaces/wzlscheduler_interfaces/srv/detail/scene_object_attach__type_support.c
[7.343s] -- Up-to-date: /home/autopilot/ws/restackcell/install/wzlscheduler_interfaces/include/wzlscheduler_interfaces/wzlscheduler_interfaces/srv/detail/set_value_io_interface__type_support.c
[7.343s] -- Up-to-date: /home/autopilot/ws/restackcell/install/wzlscheduler_interfaces/include/wzlscheduler_interfaces/wzlscheduler_interfaces/srv/detail/scene_object_add__type_support.c
[7.343s] -- Up-to-date: /home/autopilot/ws/restackcell/install/wzlscheduler_interfaces/include/wzlscheduler_interfaces/wzlscheduler_interfaces/srv/detail/robot_follow_trajectory__type_support.c
[7.343s] -- Up-to-date: /home/autopilot/ws/restackcell/install/wzlscheduler_interfaces/include/wzlscheduler_interfaces/wzlscheduler_interfaces/srv/detail/scene_object_set_pose__rosidl_typesupport_introspection_c.h
[7.343s] -- Up-to-date: /home/autopilot/ws/restackcell/install/wzlscheduler_interfaces/include/wzlscheduler_interfaces/wzlscheduler_interfaces/srv/detail/scene_object_detach__rosidl_typesupport_introspection_c.h
[7.343s] -- Up-to-date: /home/autopilot/ws/restackcell/install/wzlscheduler_interfaces/lib/libwzlscheduler_interfaces__rosidl_typesupport_introspection_c.so
[7.343s] -- Up-to-date: /home/autopilot/ws/restackcell/install/wzlscheduler_interfaces/lib/libwzlscheduler_interfaces__rosidl_typesupport_c.so
[7.344s] -- Up-to-date: /home/autopilot/ws/restackcell/install/wzlscheduler_interfaces/include/wzlscheduler_interfaces/wzlscheduler_interfaces
[7.344s] -- Up-to-date: /home/autopilot/ws/restackcell/install/wzlscheduler_interfaces/include/wzlscheduler_interfaces/wzlscheduler_interfaces/msg
[7.344s] -- Up-to-date: /home/autopilot/ws/restackcell/install/wzlscheduler_interfaces/include/wzlscheduler_interfaces/wzlscheduler_interfaces/msg/labeled_pose.hpp
[7.346s] -- Up-to-date: /home/autopilot/ws/restackcell/install/wzlscheduler_interfaces/include/wzlscheduler_interfaces/wzlscheduler_interfaces/msg/labeled_poses.hpp
[7.346s] -- Up-to-date: /home/autopilot/ws/restackcell/install/wzlscheduler_interfaces/include/wzlscheduler_interfaces/wzlscheduler_interfaces/msg/labeled_point_cloud.hpp
[7.346s] -- Up-to-date: /home/autopilot/ws/restackcell/install/wzlscheduler_interfaces/include/wzlscheduler_interfaces/wzlscheduler_interfaces/msg/scene_object_set_pose.hpp
[7.346s] -- Up-to-date: /home/autopilot/ws/restackcell/install/wzlscheduler_interfaces/include/wzlscheduler_interfaces/wzlscheduler_interfaces/msg/detail
[7.346s] -- Up-to-date: /home/autopilot/ws/restackcell/install/wzlscheduler_interfaces/include/wzlscheduler_interfaces/wzlscheduler_interfaces/msg/detail/labeled_poses__traits.hpp
[7.347s] -- Up-to-date: /home/autopilot/ws/restackcell/install/wzlscheduler_interfaces/include/wzlscheduler_interfaces/wzlscheduler_interfaces/msg/detail/scene_object_set_pose__builder.hpp
[7.347s] -- Up-to-date: /home/autopilot/ws/restackcell/install/wzlscheduler_interfaces/include/wzlscheduler_interfaces/wzlscheduler_interfaces/msg/detail/labeled_bounding_boxes__struct.hpp
[7.347s] -- Up-to-date: /home/autopilot/ws/restackcell/install/wzlscheduler_interfaces/include/wzlscheduler_interfaces/wzlscheduler_interfaces/msg/detail/labeled_point_cloud__struct.hpp
[7.347s] -- Up-to-date: /home/autopilot/ws/restackcell/install/wzlscheduler_interfaces/include/wzlscheduler_interfaces/wzlscheduler_interfaces/msg/detail/scene_object_remove__builder.hpp
[7.347s] -- Up-to-date: /home/autopilot/ws/restackcell/install/wzlscheduler_interfaces/include/wzlscheduler_interfaces/wzlscheduler_interfaces/msg/detail/labeled_bounding_box__builder.hpp
[7.347s] -- Up-to-date: /home/autopilot/ws/restackcell/install/wzlscheduler_interfaces/include/wzlscheduler_interfaces/wzlscheduler_interfaces/msg/detail/scene_object_remove__struct.hpp
[7.347s] -- Up-to-date: /home/autopilot/ws/restackcell/install/wzlscheduler_interfaces/include/wzlscheduler_interfaces/wzlscheduler_interfaces/msg/detail/labeled_point_clouds__builder.hpp
[7.348s] -- Up-to-date: /home/autopilot/ws/restackcell/install/wzlscheduler_interfaces/include/wzlscheduler_interfaces/wzlscheduler_interfaces/msg/detail/labeled_bounding_box__traits.hpp
[7.348s] -- Up-to-date: /home/autopilot/ws/restackcell/install/wzlscheduler_interfaces/include/wzlscheduler_interfaces/wzlscheduler_interfaces/msg/detail/labeled_point_clouds__struct.hpp
[7.348s] -- Up-to-date: /home/autopilot/ws/restackcell/install/wzlscheduler_interfaces/include/wzlscheduler_interfaces/wzlscheduler_interfaces/msg/detail/labeled_poses__builder.hpp
[7.348s] -- Up-to-date: /home/autopilot/ws/restackcell/install/wzlscheduler_interfaces/include/wzlscheduler_interfaces/wzlscheduler_interfaces/msg/detail/scene_object_set_pose__struct.hpp
[7.348s] -- Up-to-date: /home/autopilot/ws/restackcell/install/wzlscheduler_interfaces/include/wzlscheduler_interfaces/wzlscheduler_interfaces/msg/detail/labeled_point_cloud__traits.hpp
[7.348s] -- Up-to-date: /home/autopilot/ws/restackcell/install/wzlscheduler_interfaces/include/wzlscheduler_interfaces/wzlscheduler_interfaces/msg/detail/labeled_bounding_boxes__builder.hpp
[7.348s] -- Up-to-date: /home/autopilot/ws/restackcell/install/wzlscheduler_interfaces/include/wzlscheduler_interfaces/wzlscheduler_interfaces/msg/detail/labeled_point_cloud__builder.hpp
[7.349s] -- Up-to-date: /home/autopilot/ws/restackcell/install/wzlscheduler_interfaces/include/wzlscheduler_interfaces/wzlscheduler_interfaces/msg/detail/scene_object_add__builder.hpp
[7.349s] -- Up-to-date: /home/autopilot/ws/restackcell/install/wzlscheduler_interfaces/include/wzlscheduler_interfaces/wzlscheduler_interfaces/msg/detail/labeled_pose__builder.hpp
[7.349s] -- Up-to-date: /home/autopilot/ws/restackcell/install/wzlscheduler_interfaces/include/wzlscheduler_interfaces/wzlscheduler_interfaces/msg/detail/labeled_point_clouds__traits.hpp
[7.349s] -- Up-to-date: /home/autopilot/ws/restackcell/install/wzlscheduler_interfaces/include/wzlscheduler_interfaces/wzlscheduler_interfaces/msg/detail/labeled_pose__struct.hpp
[7.349s] -- Up-to-date: /home/autopilot/ws/restackcell/install/wzlscheduler_interfaces/include/wzlscheduler_interfaces/wzlscheduler_interfaces/msg/detail/scene_object_add__struct.hpp
[7.349s] -- Up-to-date: /home/autopilot/ws/restackcell/install/wzlscheduler_interfaces/include/wzlscheduler_interfaces/wzlscheduler_interfaces/msg/detail/labeled_poses__struct.hpp
[7.349s] -- Up-to-date: /home/autopilot/ws/restackcell/install/wzlscheduler_interfaces/include/wzlscheduler_interfaces/wzlscheduler_interfaces/msg/detail/scene_object_set_pose__traits.hpp
[7.350s] -- Up-to-date: /home/autopilot/ws/restackcell/install/wzlscheduler_interfaces/include/wzlscheduler_interfaces/wzlscheduler_interfaces/msg/detail/labeled_bounding_boxes__traits.hpp
[7.350s] -- Up-to-date: /home/autopilot/ws/restackcell/install/wzlscheduler_interfaces/include/wzlscheduler_interfaces/wzlscheduler_interfaces/msg/detail/labeled_pose__traits.hpp
[7.350s] -- Up-to-date: /home/autopilot/ws/restackcell/install/wzlscheduler_interfaces/include/wzlscheduler_interfaces/wzlscheduler_interfaces/msg/detail/scene_object_remove__traits.hpp
[7.351s] -- Up-to-date: /home/autopilot/ws/restackcell/install/wzlscheduler_interfaces/include/wzlscheduler_interfaces/wzlscheduler_interfaces/msg/detail/labeled_bounding_box__struct.hpp
[7.351s] -- Up-to-date: /home/autopilot/ws/restackcell/install/wzlscheduler_interfaces/include/wzlscheduler_interfaces/wzlscheduler_interfaces/msg/detail/scene_object_add__traits.hpp
[7.351s] -- Up-to-date: /home/autopilot/ws/restackcell/install/wzlscheduler_interfaces/include/wzlscheduler_interfaces/wzlscheduler_interfaces/msg/labeled_bounding_boxes.hpp
[7.352s] -- Up-to-date: /home/autopilot/ws/restackcell/install/wzlscheduler_interfaces/include/wzlscheduler_interfaces/wzlscheduler_interfaces/msg/labeled_bounding_box.hpp
[7.352s] -- Up-to-date: /home/autopilot/ws/restackcell/install/wzlscheduler_interfaces/include/wzlscheduler_interfaces/wzlscheduler_interfaces/msg/scene_object_remove.hpp
[7.352s] -- Up-to-date: /home/autopilot/ws/restackcell/install/wzlscheduler_interfaces/include/wzlscheduler_interfaces/wzlscheduler_interfaces/msg/scene_object_add.hpp
[7.352s] -- Up-to-date: /home/autopilot/ws/restackcell/install/wzlscheduler_interfaces/include/wzlscheduler_interfaces/wzlscheduler_interfaces/msg/labeled_point_clouds.hpp
[7.352s] -- Up-to-date: /home/autopilot/ws/restackcell/install/wzlscheduler_interfaces/include/wzlscheduler_interfaces/wzlscheduler_interfaces/srv
[7.353s] -- Up-to-date: /home/autopilot/ws/restackcell/install/wzlscheduler_interfaces/include/wzlscheduler_interfaces/wzlscheduler_interfaces/srv/load_object.hpp
[7.353s] -- Up-to-date: /home/autopilot/ws/restackcell/install/wzlscheduler_interfaces/include/wzlscheduler_interfaces/wzlscheduler_interfaces/srv/robot_set_velocity.hpp
[7.353s] -- Up-to-date: /home/autopilot/ws/restackcell/install/wzlscheduler_interfaces/include/wzlscheduler_interfaces/wzlscheduler_interfaces/srv/scene_object_attach.hpp
[7.353s] -- Up-to-date: /home/autopilot/ws/restackcell/install/wzlscheduler_interfaces/include/wzlscheduler_interfaces/wzlscheduler_interfaces/srv/scene_object_detach.hpp
[7.353s] -- Up-to-date: /home/autopilot/ws/restackcell/install/wzlscheduler_interfaces/include/wzlscheduler_interfaces/wzlscheduler_interfaces/srv/scene_object_set_pose.hpp
[7.353s] -- Up-to-date: /home/autopilot/ws/restackcell/install/wzlscheduler_interfaces/include/wzlscheduler_interfaces/wzlscheduler_interfaces/srv/detail
[7.354s] -- Up-to-date: /home/autopilot/ws/restackcell/install/wzlscheduler_interfaces/include/wzlscheduler_interfaces/wzlscheduler_interfaces/srv/detail/scene_object_set_pose__builder.hpp
[7.354s] -- Up-to-date: /home/autopilot/ws/restackcell/install/wzlscheduler_interfaces/include/wzlscheduler_interfaces/wzlscheduler_interfaces/srv/detail/scene_object_detach__struct.hpp
[7.354s] -- Up-to-date: /home/autopilot/ws/restackcell/install/wzlscheduler_interfaces/include/wzlscheduler_interfaces/wzlscheduler_interfaces/srv/detail/scene_object_remove__builder.hpp
[7.354s] -- Up-to-date: /home/autopilot/ws/restackcell/install/wzlscheduler_interfaces/include/wzlscheduler_interfaces/wzlscheduler_interfaces/srv/detail/scene_object_detach__builder.hpp
[7.354s] -- Up-to-date: /home/autopilot/ws/restackcell/install/wzlscheduler_interfaces/include/wzlscheduler_interfaces/wzlscheduler_interfaces/srv/detail/scene_object_remove__struct.hpp
[7.354s] -- Up-to-date: /home/autopilot/ws/restackcell/install/wzlscheduler_interfaces/include/wzlscheduler_interfaces/wzlscheduler_interfaces/srv/detail/robot_follow_trajectory__struct.hpp
[7.354s] -- Up-to-date: /home/autopilot/ws/restackcell/install/wzlscheduler_interfaces/include/wzlscheduler_interfaces/wzlscheduler_interfaces/srv/detail/load_object__traits.hpp
[7.354s] -- Up-to-date: /home/autopilot/ws/restackcell/install/wzlscheduler_interfaces/include/wzlscheduler_interfaces/wzlscheduler_interfaces/srv/detail/set_value_io_interface__traits.hpp
[7.355s] -- Up-to-date: /home/autopilot/ws/restackcell/install/wzlscheduler_interfaces/include/wzlscheduler_interfaces/wzlscheduler_interfaces/srv/detail/scene_object_set_pose__struct.hpp
[7.355s] -- Up-to-date: /home/autopilot/ws/restackcell/install/wzlscheduler_interfaces/include/wzlscheduler_interfaces/wzlscheduler_interfaces/srv/detail/scene_object_attach__traits.hpp
[7.355s] -- Up-to-date: /home/autopilot/ws/restackcell/install/wzlscheduler_interfaces/include/wzlscheduler_interfaces/wzlscheduler_interfaces/srv/detail/robot_set_velocity__struct.hpp
[7.355s] -- Up-to-date: /home/autopilot/ws/restackcell/install/wzlscheduler_interfaces/include/wzlscheduler_interfaces/wzlscheduler_interfaces/srv/detail/scene_object_attach__builder.hpp
[7.355s] -- Up-to-date: /home/autopilot/ws/restackcell/install/wzlscheduler_interfaces/include/wzlscheduler_interfaces/wzlscheduler_interfaces/srv/detail/robot_follow_trajectory__traits.hpp
[7.355s] -- Up-to-date: /home/autopilot/ws/restackcell/install/wzlscheduler_interfaces/include/wzlscheduler_interfaces/wzlscheduler_interfaces/srv/detail/scene_object_detach__traits.hpp
[7.355s] -- Up-to-date: /home/autopilot/ws/restackcell/install/wzlscheduler_interfaces/include/wzlscheduler_interfaces/wzlscheduler_interfaces/srv/detail/load_object__struct.hpp
[7.356s] -- Up-to-date: /home/autopilot/ws/restackcell/install/wzlscheduler_interfaces/include/wzlscheduler_interfaces/wzlscheduler_interfaces/srv/detail/set_value_io_interface__struct.hpp
[7.356s] -- Up-to-date: /home/autopilot/ws/restackcell/install/wzlscheduler_interfaces/include/wzlscheduler_interfaces/wzlscheduler_interfaces/srv/detail/scene_object_add__builder.hpp
[7.356s] -- Up-to-date: /home/autopilot/ws/restackcell/install/wzlscheduler_interfaces/include/wzlscheduler_interfaces/wzlscheduler_interfaces/srv/detail/load_object__builder.hpp
[7.356s] -- Up-to-date: /home/autopilot/ws/restackcell/install/wzlscheduler_interfaces/include/wzlscheduler_interfaces/wzlscheduler_interfaces/srv/detail/scene_object_add__struct.hpp
[7.356s] -- Up-to-date: /home/autopilot/ws/restackcell/install/wzlscheduler_interfaces/include/wzlscheduler_interfaces/wzlscheduler_interfaces/srv/detail/robot_set_velocity__builder.hpp
[7.356s] -- Up-to-date: /home/autopilot/ws/restackcell/install/wzlscheduler_interfaces/include/wzlscheduler_interfaces/wzlscheduler_interfaces/srv/detail/robot_follow_trajectory__builder.hpp
[7.356s] -- Up-to-date: /home/autopilot/ws/restackcell/install/wzlscheduler_interfaces/include/wzlscheduler_interfaces/wzlscheduler_interfaces/srv/detail/scene_object_set_pose__traits.hpp
[7.357s] -- Up-to-date: /home/autopilot/ws/restackcell/install/wzlscheduler_interfaces/include/wzlscheduler_interfaces/wzlscheduler_interfaces/srv/detail/robot_set_velocity__traits.hpp
[7.357s] -- Up-to-date: /home/autopilot/ws/restackcell/install/wzlscheduler_interfaces/include/wzlscheduler_interfaces/wzlscheduler_interfaces/srv/detail/robot_move_to_position__builder.hpp
[7.357s] -- Up-to-date: /home/autopilot/ws/restackcell/install/wzlscheduler_interfaces/include/wzlscheduler_interfaces/wzlscheduler_interfaces/srv/detail/robot_move_to_position__traits.hpp
[7.357s] -- Up-to-date: /home/autopilot/ws/restackcell/install/wzlscheduler_interfaces/include/wzlscheduler_interfaces/wzlscheduler_interfaces/srv/detail/scene_object_remove__traits.hpp
[7.357s] -- Up-to-date: /home/autopilot/ws/restackcell/install/wzlscheduler_interfaces/include/wzlscheduler_interfaces/wzlscheduler_interfaces/srv/detail/scene_object_add__traits.hpp
[7.357s] -- Up-to-date: /home/autopilot/ws/restackcell/install/wzlscheduler_interfaces/include/wzlscheduler_interfaces/wzlscheduler_interfaces/srv/detail/scene_object_attach__struct.hpp
[7.357s] -- Up-to-date: /home/autopilot/ws/restackcell/install/wzlscheduler_interfaces/include/wzlscheduler_interfaces/wzlscheduler_interfaces/srv/detail/set_value_io_interface__builder.hpp
[7.357s] -- Up-to-date: /home/autopilot/ws/restackcell/install/wzlscheduler_interfaces/include/wzlscheduler_interfaces/wzlscheduler_interfaces/srv/detail/robot_move_to_position__struct.hpp
[7.358s] -- Up-to-date: /home/autopilot/ws/restackcell/install/wzlscheduler_interfaces/include/wzlscheduler_interfaces/wzlscheduler_interfaces/srv/scene_object_remove.hpp
[7.358s] -- Up-to-date: /home/autopilot/ws/restackcell/install/wzlscheduler_interfaces/include/wzlscheduler_interfaces/wzlscheduler_interfaces/srv/set_value_io_interface.hpp
[7.358s] -- Up-to-date: /home/autopilot/ws/restackcell/install/wzlscheduler_interfaces/include/wzlscheduler_interfaces/wzlscheduler_interfaces/srv/robot_follow_trajectory.hpp
[7.358s] -- Up-to-date: /home/autopilot/ws/restackcell/install/wzlscheduler_interfaces/include/wzlscheduler_interfaces/wzlscheduler_interfaces/srv/robot_move_to_position.hpp
[7.358s] -- Up-to-date: /home/autopilot/ws/restackcell/install/wzlscheduler_interfaces/include/wzlscheduler_interfaces/wzlscheduler_interfaces/srv/scene_object_add.hpp
[7.358s] -- Up-to-date: /home/autopilot/ws/restackcell/install/wzlscheduler_interfaces/include/wzlscheduler_interfaces/wzlscheduler_interfaces
[7.358s] -- Up-to-date: /home/autopilot/ws/restackcell/install/wzlscheduler_interfaces/include/wzlscheduler_interfaces/wzlscheduler_interfaces/msg
[7.359s] -- Up-to-date: /home/autopilot/ws/restackcell/install/wzlscheduler_interfaces/include/wzlscheduler_interfaces/wzlscheduler_interfaces/msg/rosidl_typesupport_fastrtps_cpp__visibility_control.h
[7.359s] -- Up-to-date: /home/autopilot/ws/restackcell/install/wzlscheduler_interfaces/include/wzlscheduler_interfaces/wzlscheduler_interfaces/msg/detail
[7.359s] -- Up-to-date: /home/autopilot/ws/restackcell/install/wzlscheduler_interfaces/include/wzlscheduler_interfaces/wzlscheduler_interfaces/msg/detail/labeled_point_clouds__rosidl_typesupport_fastrtps_cpp.hpp
[7.359s] -- Up-to-date: /home/autopilot/ws/restackcell/install/wzlscheduler_interfaces/include/wzlscheduler_interfaces/wzlscheduler_interfaces/msg/detail/scene_object_remove__rosidl_typesupport_fastrtps_cpp.hpp
[7.359s] -- Up-to-date: /home/autopilot/ws/restackcell/install/wzlscheduler_interfaces/include/wzlscheduler_interfaces/wzlscheduler_interfaces/msg/detail/labeled_bounding_box__rosidl_typesupport_fastrtps_cpp.hpp
[7.359s] -- Up-to-date: /home/autopilot/ws/restackcell/install/wzlscheduler_interfaces/include/wzlscheduler_interfaces/wzlscheduler_interfaces/msg/detail/labeled_point_cloud__rosidl_typesupport_fastrtps_cpp.hpp
[7.359s] -- Up-to-date: /home/autopilot/ws/restackcell/install/wzlscheduler_interfaces/include/wzlscheduler_interfaces/wzlscheduler_interfaces/msg/detail/scene_object_set_pose__rosidl_typesupport_fastrtps_cpp.hpp
[7.360s] -- Up-to-date: /home/autopilot/ws/restackcell/install/wzlscheduler_interfaces/include/wzlscheduler_interfaces/wzlscheduler_interfaces/msg/detail/labeled_bounding_boxes__rosidl_typesupport_fastrtps_cpp.hpp
[7.360s] -- Up-to-date: /home/autopilot/ws/restackcell/install/wzlscheduler_interfaces/include/wzlscheduler_interfaces/wzlscheduler_interfaces/msg/detail/labeled_poses__rosidl_typesupport_fastrtps_cpp.hpp
[7.360s] -- Up-to-date: /home/autopilot/ws/restackcell/install/wzlscheduler_interfaces/include/wzlscheduler_interfaces/wzlscheduler_interfaces/msg/detail/labeled_pose__rosidl_typesupport_fastrtps_cpp.hpp
[7.360s] -- Up-to-date: /home/autopilot/ws/restackcell/install/wzlscheduler_interfaces/include/wzlscheduler_interfaces/wzlscheduler_interfaces/msg/detail/dds_fastrtps
[7.361s] -- Up-to-date: /home/autopilot/ws/restackcell/install/wzlscheduler_interfaces/include/wzlscheduler_interfaces/wzlscheduler_interfaces/msg/detail/scene_object_add__rosidl_typesupport_fastrtps_cpp.hpp
[7.361s] -- Up-to-date: /home/autopilot/ws/restackcell/install/wzlscheduler_interfaces/include/wzlscheduler_interfaces/wzlscheduler_interfaces/srv
[7.361s] -- Up-to-date: /home/autopilot/ws/restackcell/install/wzlscheduler_interfaces/include/wzlscheduler_interfaces/wzlscheduler_interfaces/srv/detail
[7.361s] -- Up-to-date: /home/autopilot/ws/restackcell/install/wzlscheduler_interfaces/include/wzlscheduler_interfaces/wzlscheduler_interfaces/srv/detail/scene_object_attach__rosidl_typesupport_fastrtps_cpp.hpp
[7.361s] -- Up-to-date: /home/autopilot/ws/restackcell/install/wzlscheduler_interfaces/include/wzlscheduler_interfaces/wzlscheduler_interfaces/srv/detail/scene_object_detach__rosidl_typesupport_fastrtps_cpp.hpp
[7.361s] -- Up-to-date: /home/autopilot/ws/restackcell/install/wzlscheduler_interfaces/include/wzlscheduler_interfaces/wzlscheduler_interfaces/srv/detail/load_object__rosidl_typesupport_fastrtps_cpp.hpp
[7.361s] -- Up-to-date: /home/autopilot/ws/restackcell/install/wzlscheduler_interfaces/include/wzlscheduler_interfaces/wzlscheduler_interfaces/srv/detail/scene_object_remove__rosidl_typesupport_fastrtps_cpp.hpp
[7.362s] -- Up-to-date: /home/autopilot/ws/restackcell/install/wzlscheduler_interfaces/include/wzlscheduler_interfaces/wzlscheduler_interfaces/srv/detail/scene_object_set_pose__rosidl_typesupport_fastrtps_cpp.hpp
[7.362s] -- Up-to-date: /home/autopilot/ws/restackcell/install/wzlscheduler_interfaces/include/wzlscheduler_interfaces/wzlscheduler_interfaces/srv/detail/set_value_io_interface__rosidl_typesupport_fastrtps_cpp.hpp
[7.362s] -- Up-to-date: /home/autopilot/ws/restackcell/install/wzlscheduler_interfaces/include/wzlscheduler_interfaces/wzlscheduler_interfaces/srv/detail/dds_fastrtps
[7.362s] -- Up-to-date: /home/autopilot/ws/restackcell/install/wzlscheduler_interfaces/include/wzlscheduler_interfaces/wzlscheduler_interfaces/srv/detail/scene_object_add__rosidl_typesupport_fastrtps_cpp.hpp
[7.362s] -- Up-to-date: /home/autopilot/ws/restackcell/install/wzlscheduler_interfaces/include/wzlscheduler_interfaces/wzlscheduler_interfaces/srv/detail/robot_move_to_position__rosidl_typesupport_fastrtps_cpp.hpp
[7.362s] -- Up-to-date: /home/autopilot/ws/restackcell/install/wzlscheduler_interfaces/include/wzlscheduler_interfaces/wzlscheduler_interfaces/srv/detail/robot_follow_trajectory__rosidl_typesupport_fastrtps_cpp.hpp
[7.362s] -- Up-to-date: /home/autopilot/ws/restackcell/install/wzlscheduler_interfaces/include/wzlscheduler_interfaces/wzlscheduler_interfaces/srv/detail/robot_set_velocity__rosidl_typesupport_fastrtps_cpp.hpp
[7.363s] -- Up-to-date: /home/autopilot/ws/restackcell/install/wzlscheduler_interfaces/lib/libwzlscheduler_interfaces__rosidl_typesupport_fastrtps_cpp.so
[7.363s] -- Up-to-date: /home/autopilot/ws/restackcell/install/wzlscheduler_interfaces/include/wzlscheduler_interfaces/wzlscheduler_interfaces
[7.363s] -- Up-to-date: /home/autopilot/ws/restackcell/install/wzlscheduler_interfaces/include/wzlscheduler_interfaces/wzlscheduler_interfaces/msg
[7.363s] -- Up-to-date: /home/autopilot/ws/restackcell/install/wzlscheduler_interfaces/include/wzlscheduler_interfaces/wzlscheduler_interfaces/msg/detail
[7.363s] -- Up-to-date: /home/autopilot/ws/restackcell/install/wzlscheduler_interfaces/include/wzlscheduler_interfaces/wzlscheduler_interfaces/msg/detail/labeled_point_cloud__type_support.cpp
[7.363s] -- Up-to-date: /home/autopilot/ws/restackcell/install/wzlscheduler_interfaces/include/wzlscheduler_interfaces/wzlscheduler_interfaces/msg/detail/labeled_bounding_boxes__rosidl_typesupport_introspection_cpp.hpp
[7.363s] -- Up-to-date: /home/autopilot/ws/restackcell/install/wzlscheduler_interfaces/include/wzlscheduler_interfaces/wzlscheduler_interfaces/msg/detail/labeled_poses__type_support.cpp
[7.364s] -- Up-to-date: /home/autopilot/ws/restackcell/install/wzlscheduler_interfaces/include/wzlscheduler_interfaces/wzlscheduler_interfaces/msg/detail/labeled_poses__rosidl_typesupport_introspection_cpp.hpp
[7.364s] -- Up-to-date: /home/autopilot/ws/restackcell/install/wzlscheduler_interfaces/include/wzlscheduler_interfaces/wzlscheduler_interfaces/msg/detail/labeled_point_clouds__rosidl_typesupport_introspection_cpp.hpp
[7.364s] -- Up-to-date: /home/autopilot/ws/restackcell/install/wzlscheduler_interfaces/include/wzlscheduler_interfaces/wzlscheduler_interfaces/msg/detail/labeled_bounding_boxes__type_support.cpp
[7.364s] -- Up-to-date: /home/autopilot/ws/restackcell/install/wzlscheduler_interfaces/include/wzlscheduler_interfaces/wzlscheduler_interfaces/msg/detail/labeled_bounding_box__type_support.cpp
[7.364s] -- Up-to-date: /home/autopilot/ws/restackcell/install/wzlscheduler_interfaces/include/wzlscheduler_interfaces/wzlscheduler_interfaces/msg/detail/scene_object_add__type_support.cpp
[7.365s] -- Up-to-date: /home/autopilot/ws/restackcell/install/wzlscheduler_interfaces/include/wzlscheduler_interfaces/wzlscheduler_interfaces/msg/detail/labeled_point_cloud__rosidl_typesupport_introspection_cpp.hpp
[7.365s] -- Up-to-date: /home/autopilot/ws/restackcell/install/wzlscheduler_interfaces/include/wzlscheduler_interfaces/wzlscheduler_interfaces/msg/detail/scene_object_add__rosidl_typesupport_introspection_cpp.hpp
[7.365s] -- Up-to-date: /home/autopilot/ws/restackcell/install/wzlscheduler_interfaces/include/wzlscheduler_interfaces/wzlscheduler_interfaces/msg/detail/scene_object_set_pose__rosidl_typesupport_introspection_cpp.hpp
[7.365s] -- Up-to-date: /home/autopilot/ws/restackcell/install/wzlscheduler_interfaces/include/wzlscheduler_interfaces/wzlscheduler_interfaces/msg/detail/scene_object_remove__type_support.cpp
[7.365s] -- Up-to-date: /home/autopilot/ws/restackcell/install/wzlscheduler_interfaces/include/wzlscheduler_interfaces/wzlscheduler_interfaces/msg/detail/scene_object_remove__rosidl_typesupport_introspection_cpp.hpp
[7.365s] -- Up-to-date: /home/autopilot/ws/restackcell/install/wzlscheduler_interfaces/include/wzlscheduler_interfaces/wzlscheduler_interfaces/msg/detail/labeled_pose__type_support.cpp
[7.365s] -- Up-to-date: /home/autopilot/ws/restackcell/install/wzlscheduler_interfaces/include/wzlscheduler_interfaces/wzlscheduler_interfaces/msg/detail/scene_object_set_pose__type_support.cpp
[7.366s] -- Up-to-date: /home/autopilot/ws/restackcell/install/wzlscheduler_interfaces/include/wzlscheduler_interfaces/wzlscheduler_interfaces/msg/detail/labeled_point_clouds__type_support.cpp
[7.366s] -- Up-to-date: /home/autopilot/ws/restackcell/install/wzlscheduler_interfaces/include/wzlscheduler_interfaces/wzlscheduler_interfaces/msg/detail/labeled_pose__rosidl_typesupport_introspection_cpp.hpp
[7.366s] -- Up-to-date: /home/autopilot/ws/restackcell/install/wzlscheduler_interfaces/include/wzlscheduler_interfaces/wzlscheduler_interfaces/msg/detail/labeled_bounding_box__rosidl_typesupport_introspection_cpp.hpp
[7.366s] -- Up-to-date: /home/autopilot/ws/restackcell/install/wzlscheduler_interfaces/include/wzlscheduler_interfaces/wzlscheduler_interfaces/srv
[7.366s] -- Up-to-date: /home/autopilot/ws/restackcell/install/wzlscheduler_interfaces/include/wzlscheduler_interfaces/wzlscheduler_interfaces/srv/detail
[7.367s] -- Up-to-date: /home/autopilot/ws/restackcell/install/wzlscheduler_interfaces/include/wzlscheduler_interfaces/wzlscheduler_interfaces/srv/detail/scene_object_detach__type_support.cpp
[7.367s] -- Up-to-date: /home/autopilot/ws/restackcell/install/wzlscheduler_interfaces/include/wzlscheduler_interfaces/wzlscheduler_interfaces/srv/detail/robot_follow_trajectory__type_support.cpp
[7.367s] -- Up-to-date: /home/autopilot/ws/restackcell/install/wzlscheduler_interfaces/include/wzlscheduler_interfaces/wzlscheduler_interfaces/srv/detail/scene_object_attach__type_support.cpp
[7.367s] -- Up-to-date: /home/autopilot/ws/restackcell/install/wzlscheduler_interfaces/include/wzlscheduler_interfaces/wzlscheduler_interfaces/srv/detail/robot_set_velocity__rosidl_typesupport_introspection_cpp.hpp
[7.376s] -- Up-to-date: /home/autopilot/ws/restackcell/install/wzlscheduler_interfaces/include/wzlscheduler_interfaces/wzlscheduler_interfaces/srv/detail/robot_move_to_position__type_support.cpp
[7.377s] -- Up-to-date: /home/autopilot/ws/restackcell/install/wzlscheduler_interfaces/include/wzlscheduler_interfaces/wzlscheduler_interfaces/srv/detail/scene_object_detach__rosidl_typesupport_introspection_cpp.hpp
[7.377s] -- Up-to-date: /home/autopilot/ws/restackcell/install/wzlscheduler_interfaces/include/wzlscheduler_interfaces/wzlscheduler_interfaces/srv/detail/set_value_io_interface__rosidl_typesupport_introspection_cpp.hpp
[7.378s] -- Up-to-date: /home/autopilot/ws/restackcell/install/wzlscheduler_interfaces/include/wzlscheduler_interfaces/wzlscheduler_interfaces/srv/detail/scene_object_add__type_support.cpp
[7.381s] -- Up-to-date: /home/autopilot/ws/restackcell/install/wzlscheduler_interfaces/include/wzlscheduler_interfaces/wzlscheduler_interfaces/srv/detail/load_object__type_support.cpp
[7.381s] -- Up-to-date: /home/autopilot/ws/restackcell/install/wzlscheduler_interfaces/include/wzlscheduler_interfaces/wzlscheduler_interfaces/srv/detail/robot_follow_trajectory__rosidl_typesupport_introspection_cpp.hpp
[7.381s] -- Up-to-date: /home/autopilot/ws/restackcell/install/wzlscheduler_interfaces/include/wzlscheduler_interfaces/wzlscheduler_interfaces/srv/detail/load_object__rosidl_typesupport_introspection_cpp.hpp
[7.381s] -- Up-to-date: /home/autopilot/ws/restackcell/install/wzlscheduler_interfaces/include/wzlscheduler_interfaces/wzlscheduler_interfaces/srv/detail/scene_object_add__rosidl_typesupport_introspection_cpp.hpp
[7.381s] -- Up-to-date: /home/autopilot/ws/restackcell/install/wzlscheduler_interfaces/include/wzlscheduler_interfaces/wzlscheduler_interfaces/srv/detail/set_value_io_interface__type_support.cpp
[7.381s] -- Up-to-date: /home/autopilot/ws/restackcell/install/wzlscheduler_interfaces/include/wzlscheduler_interfaces/wzlscheduler_interfaces/srv/detail/robot_move_to_position__rosidl_typesupport_introspection_cpp.hpp
[7.382s] -- Up-to-date: /home/autopilot/ws/restackcell/install/wzlscheduler_interfaces/include/wzlscheduler_interfaces/wzlscheduler_interfaces/srv/detail/scene_object_attach__rosidl_typesupport_introspection_cpp.hpp
[7.382s] -- Up-to-date: /home/autopilot/ws/restackcell/install/wzlscheduler_interfaces/include/wzlscheduler_interfaces/wzlscheduler_interfaces/srv/detail/robot_set_velocity__type_support.cpp
[7.382s] -- Up-to-date: /home/autopilot/ws/restackcell/install/wzlscheduler_interfaces/include/wzlscheduler_interfaces/wzlscheduler_interfaces/srv/detail/scene_object_set_pose__rosidl_typesupport_introspection_cpp.hpp
[7.382s] -- Up-to-date: /home/autopilot/ws/restackcell/install/wzlscheduler_interfaces/include/wzlscheduler_interfaces/wzlscheduler_interfaces/srv/detail/scene_object_remove__type_support.cpp
[7.382s] -- Up-to-date: /home/autopilot/ws/restackcell/install/wzlscheduler_interfaces/include/wzlscheduler_interfaces/wzlscheduler_interfaces/srv/detail/scene_object_remove__rosidl_typesupport_introspection_cpp.hpp
[7.382s] -- Up-to-date: /home/autopilot/ws/restackcell/install/wzlscheduler_interfaces/include/wzlscheduler_interfaces/wzlscheduler_interfaces/srv/detail/scene_object_set_pose__type_support.cpp
[7.382s] -- Up-to-date: /home/autopilot/ws/restackcell/install/wzlscheduler_interfaces/lib/libwzlscheduler_interfaces__rosidl_typesupport_introspection_cpp.so
[7.390s] -- Up-to-date: /home/autopilot/ws/restackcell/install/wzlscheduler_interfaces/lib/libwzlscheduler_interfaces__rosidl_typesupport_cpp.so
[7.390s] -- Up-to-date: /home/autopilot/ws/restackcell/install/wzlscheduler_interfaces/share/wzlscheduler_interfaces/environment/pythonpath.sh
[7.391s] -- Up-to-date: /home/autopilot/ws/restackcell/install/wzlscheduler_interfaces/share/wzlscheduler_interfaces/environment/pythonpath.dsv
[7.391s] -- Up-to-date: /home/autopilot/ws/restackcell/install/wzlscheduler_interfaces/local/lib/python3.10/dist-packages/wzlscheduler_interfaces-0.0.0-py3.10.egg-info
[7.392s] -- Installing: /home/autopilot/ws/restackcell/install/wzlscheduler_interfaces/local/lib/python3.10/dist-packages/wzlscheduler_interfaces-0.0.0-py3.10.egg-info/SOURCES.txt
[7.392s] -- Installing: /home/autopilot/ws/restackcell/install/wzlscheduler_interfaces/local/lib/python3.10/dist-packages/wzlscheduler_interfaces-0.0.0-py3.10.egg-info/PKG-INFO
[7.392s] -- Installing: /home/autopilot/ws/restackcell/install/wzlscheduler_interfaces/local/lib/python3.10/dist-packages/wzlscheduler_interfaces-0.0.0-py3.10.egg-info/top_level.txt
[7.392s] -- Installing: /home/autopilot/ws/restackcell/install/wzlscheduler_interfaces/local/lib/python3.10/dist-packages/wzlscheduler_interfaces-0.0.0-py3.10.egg-info/dependency_links.txt
[7.392s] -- Up-to-date: /home/autopilot/ws/restackcell/install/wzlscheduler_interfaces/local/lib/python3.10/dist-packages/wzlscheduler_interfaces
[7.392s] -- Up-to-date: /home/autopilot/ws/restackcell/install/wzlscheduler_interfaces/local/lib/python3.10/dist-packages/wzlscheduler_interfaces/__init__.py
[7.393s] -- Up-to-date: /home/autopilot/ws/restackcell/install/wzlscheduler_interfaces/local/lib/python3.10/dist-packages/wzlscheduler_interfaces/_wzlscheduler_interfaces_s.ep.rosidl_typesupport_introspection_c.c
[7.393s] -- Up-to-date: /home/autopilot/ws/restackcell/install/wzlscheduler_interfaces/local/lib/python3.10/dist-packages/wzlscheduler_interfaces/wzlscheduler_interfaces_s__rosidl_typesupport_c.cpython-310-aarch64-linux-gnu.so
[7.393s] -- Up-to-date: /home/autopilot/ws/restackcell/install/wzlscheduler_interfaces/local/lib/python3.10/dist-packages/wzlscheduler_interfaces/msg
[7.393s] -- Up-to-date: /home/autopilot/ws/restackcell/install/wzlscheduler_interfaces/local/lib/python3.10/dist-packages/wzlscheduler_interfaces/msg/_labeled_point_clouds_s.c
[7.393s] -- Up-to-date: /home/autopilot/ws/restackcell/install/wzlscheduler_interfaces/local/lib/python3.10/dist-packages/wzlscheduler_interfaces/msg/_labeled_point_cloud_s.c
[7.393s] -- Up-to-date: /home/autopilot/ws/restackcell/install/wzlscheduler_interfaces/local/lib/python3.10/dist-packages/wzlscheduler_interfaces/msg/_scene_object_add_s.c
[7.393s] -- Up-to-date: /home/autopilot/ws/restackcell/install/wzlscheduler_interfaces/local/lib/python3.10/dist-packages/wzlscheduler_interfaces/msg/__init__.py
[7.393s] -- Up-to-date: /home/autopilot/ws/restackcell/install/wzlscheduler_interfaces/local/lib/python3.10/dist-packages/wzlscheduler_interfaces/msg/_labeled_poses_s.c
[7.394s] -- Up-to-date: /home/autopilot/ws/restackcell/install/wzlscheduler_interfaces/local/lib/python3.10/dist-packages/wzlscheduler_interfaces/msg/_scene_object_add.py
[7.394s] -- Up-to-date: /home/autopilot/ws/restackcell/install/wzlscheduler_interfaces/local/lib/python3.10/dist-packages/wzlscheduler_interfaces/msg/_labeled_bounding_boxes_s.c
[7.394s] -- Up-to-date: /home/autopilot/ws/restackcell/install/wzlscheduler_interfaces/local/lib/python3.10/dist-packages/wzlscheduler_interfaces/msg/_labeled_point_clouds.py
[7.394s] -- Up-to-date: /home/autopilot/ws/restackcell/install/wzlscheduler_interfaces/local/lib/python3.10/dist-packages/wzlscheduler_interfaces/msg/_scene_object_set_pose.py
[7.394s] -- Up-to-date: /home/autopilot/ws/restackcell/install/wzlscheduler_interfaces/local/lib/python3.10/dist-packages/wzlscheduler_interfaces/msg/_labeled_bounding_boxes.py
[7.394s] -- Up-to-date: /home/autopilot/ws/restackcell/install/wzlscheduler_interfaces/local/lib/python3.10/dist-packages/wzlscheduler_interfaces/msg/_labeled_pose.py
[7.394s] -- Up-to-date: /home/autopilot/ws/restackcell/install/wzlscheduler_interfaces/local/lib/python3.10/dist-packages/wzlscheduler_interfaces/msg/_labeled_bounding_box_s.c
[7.395s] -- Up-to-date: /home/autopilot/ws/restackcell/install/wzlscheduler_interfaces/local/lib/python3.10/dist-packages/wzlscheduler_interfaces/msg/_labeled_bounding_box.py
[7.395s] -- Up-to-date: /home/autopilot/ws/restackcell/install/wzlscheduler_interfaces/local/lib/python3.10/dist-packages/wzlscheduler_interfaces/msg/_labeled_pose_s.c
[7.395s] -- Up-to-date: /home/autopilot/ws/restackcell/install/wzlscheduler_interfaces/local/lib/python3.10/dist-packages/wzlscheduler_interfaces/msg/_scene_object_remove.py
[7.395s] -- Up-to-date: /home/autopilot/ws/restackcell/install/wzlscheduler_interfaces/local/lib/python3.10/dist-packages/wzlscheduler_interfaces/msg/_scene_object_set_pose_s.c
[7.395s] -- Up-to-date: /home/autopilot/ws/restackcell/install/wzlscheduler_interfaces/local/lib/python3.10/dist-packages/wzlscheduler_interfaces/msg/_labeled_point_cloud.py
[7.395s] -- Up-to-date: /home/autopilot/ws/restackcell/install/wzlscheduler_interfaces/local/lib/python3.10/dist-packages/wzlscheduler_interfaces/msg/_scene_object_remove_s.c
[7.396s] -- Up-to-date: /home/autopilot/ws/restackcell/install/wzlscheduler_interfaces/local/lib/python3.10/dist-packages/wzlscheduler_interfaces/msg/_labeled_poses.py
[7.396s] -- Up-to-date: /home/autopilot/ws/restackcell/install/wzlscheduler_interfaces/local/lib/python3.10/dist-packages/wzlscheduler_interfaces/wzlscheduler_interfaces_s__rosidl_typesupport_introspection_c.cpython-310-aarch64-linux-gnu.so
[7.396s] -- Up-to-date: /home/autopilot/ws/restackcell/install/wzlscheduler_interfaces/local/lib/python3.10/dist-packages/wzlscheduler_interfaces/libwzlscheduler_interfaces__rosidl_generator_py.so
[7.396s] -- Up-to-date: /home/autopilot/ws/restackcell/install/wzlscheduler_interfaces/local/lib/python3.10/dist-packages/wzlscheduler_interfaces/_wzlscheduler_interfaces_s.ep.rosidl_typesupport_fastrtps_c.c
[7.396s] -- Up-to-date: /home/autopilot/ws/restackcell/install/wzlscheduler_interfaces/local/lib/python3.10/dist-packages/wzlscheduler_interfaces/srv
[7.396s] -- Up-to-date: /home/autopilot/ws/restackcell/install/wzlscheduler_interfaces/local/lib/python3.10/dist-packages/wzlscheduler_interfaces/srv/_robot_set_velocity.py
[7.396s] -- Up-to-date: /home/autopilot/ws/restackcell/install/wzlscheduler_interfaces/local/lib/python3.10/dist-packages/wzlscheduler_interfaces/srv/_load_object.py
[7.396s] -- Up-to-date: /home/autopilot/ws/restackcell/install/wzlscheduler_interfaces/local/lib/python3.10/dist-packages/wzlscheduler_interfaces/srv/_robot_set_velocity_s.c
[7.397s] -- Up-to-date: /home/autopilot/ws/restackcell/install/wzlscheduler_interfaces/local/lib/python3.10/dist-packages/wzlscheduler_interfaces/srv/_scene_object_add_s.c
[7.397s] -- Up-to-date: /home/autopilot/ws/restackcell/install/wzlscheduler_interfaces/local/lib/python3.10/dist-packages/wzlscheduler_interfaces/srv/__init__.py
[7.397s] -- Up-to-date: /home/autopilot/ws/restackcell/install/wzlscheduler_interfaces/local/lib/python3.10/dist-packages/wzlscheduler_interfaces/srv/_scene_object_detach.py
[7.397s] -- Up-to-date: /home/autopilot/ws/restackcell/install/wzlscheduler_interfaces/local/lib/python3.10/dist-packages/wzlscheduler_interfaces/srv/_robot_follow_trajectory_s.c
[7.397s] -- Up-to-date: /home/autopilot/ws/restackcell/install/wzlscheduler_interfaces/local/lib/python3.10/dist-packages/wzlscheduler_interfaces/srv/_scene_object_add.py
[7.397s] -- Up-to-date: /home/autopilot/ws/restackcell/install/wzlscheduler_interfaces/local/lib/python3.10/dist-packages/wzlscheduler_interfaces/srv/_scene_object_attach.py
[7.397s] -- Up-to-date: /home/autopilot/ws/restackcell/install/wzlscheduler_interfaces/local/lib/python3.10/dist-packages/wzlscheduler_interfaces/srv/_scene_object_set_pose.py
[7.398s] -- Up-to-date: /home/autopilot/ws/restackcell/install/wzlscheduler_interfaces/local/lib/python3.10/dist-packages/wzlscheduler_interfaces/srv/_load_object_s.c
[7.398s] -- Up-to-date: /home/autopilot/ws/restackcell/install/wzlscheduler_interfaces/local/lib/python3.10/dist-packages/wzlscheduler_interfaces/srv/_robot_move_to_position.py
[7.398s] -- Up-to-date: /home/autopilot/ws/restackcell/install/wzlscheduler_interfaces/local/lib/python3.10/dist-packages/wzlscheduler_interfaces/srv/_set_value_io_interface_s.c
[7.398s] -- Up-to-date: /home/autopilot/ws/restackcell/install/wzlscheduler_interfaces/local/lib/python3.10/dist-packages/wzlscheduler_interfaces/srv/_scene_object_detach_s.c
[7.398s] -- Up-to-date: /home/autopilot/ws/restackcell/install/wzlscheduler_interfaces/local/lib/python3.10/dist-packages/wzlscheduler_interfaces/srv/_robot_follow_trajectory.py
[7.398s] -- Up-to-date: /home/autopilot/ws/restackcell/install/wzlscheduler_interfaces/local/lib/python3.10/dist-packages/wzlscheduler_interfaces/srv/_scene_object_remove.py
[7.398s] -- Up-to-date: /home/autopilot/ws/restackcell/install/wzlscheduler_interfaces/local/lib/python3.10/dist-packages/wzlscheduler_interfaces/srv/_robot_move_to_position_s.c
[7.399s] -- Up-to-date: /home/autopilot/ws/restackcell/install/wzlscheduler_interfaces/local/lib/python3.10/dist-packages/wzlscheduler_interfaces/srv/_scene_object_set_pose_s.c
[7.399s] -- Up-to-date: /home/autopilot/ws/restackcell/install/wzlscheduler_interfaces/local/lib/python3.10/dist-packages/wzlscheduler_interfaces/srv/_scene_object_attach_s.c
[7.399s] -- Up-to-date: /home/autopilot/ws/restackcell/install/wzlscheduler_interfaces/local/lib/python3.10/dist-packages/wzlscheduler_interfaces/srv/_set_value_io_interface.py
[7.399s] -- Up-to-date: /home/autopilot/ws/restackcell/install/wzlscheduler_interfaces/local/lib/python3.10/dist-packages/wzlscheduler_interfaces/srv/_scene_object_remove_s.c
[7.399s] -- Up-to-date: /home/autopilot/ws/restackcell/install/wzlscheduler_interfaces/local/lib/python3.10/dist-packages/wzlscheduler_interfaces/_wzlscheduler_interfaces_s.ep.rosidl_typesupport_c.c
[7.399s] -- Up-to-date: /home/autopilot/ws/restackcell/install/wzlscheduler_interfaces/local/lib/python3.10/dist-packages/wzlscheduler_interfaces/wzlscheduler_interfaces_s__rosidl_typesupport_fastrtps_c.cpython-310-aarch64-linux-gnu.so
[7.614s] Listing '/home/autopilot/ws/restackcell/install/wzlscheduler_interfaces/local/lib/python3.10/dist-packages/wzlscheduler_interfaces'...
[7.614s] Listing '/home/autopilot/ws/restackcell/install/wzlscheduler_interfaces/local/lib/python3.10/dist-packages/wzlscheduler_interfaces/msg'...
[7.614s] Listing '/home/autopilot/ws/restackcell/install/wzlscheduler_interfaces/local/lib/python3.10/dist-packages/wzlscheduler_interfaces/srv'...
[7.643s] -- Up-to-date: /home/autopilot/ws/restackcell/install/wzlscheduler_interfaces/local/lib/python3.10/dist-packages/wzlscheduler_interfaces/wzlscheduler_interfaces_s__rosidl_typesupport_fastrtps_c.cpython-310-aarch64-linux-gnu.so
[7.643s] -- Up-to-date: /home/autopilot/ws/restackcell/install/wzlscheduler_interfaces/local/lib/python3.10/dist-packages/wzlscheduler_interfaces/wzlscheduler_interfaces_s__rosidl_typesupport_introspection_c.cpython-310-aarch64-linux-gnu.so
[7.644s] -- Up-to-date: /home/autopilot/ws/restackcell/install/wzlscheduler_interfaces/local/lib/python3.10/dist-packages/wzlscheduler_interfaces/wzlscheduler_interfaces_s__rosidl_typesupport_c.cpython-310-aarch64-linux-gnu.so
[7.644s] -- Up-to-date: /home/autopilot/ws/restackcell/install/wzlscheduler_interfaces/lib/libwzlscheduler_interfaces__rosidl_generator_py.so
[7.644s] -- Up-to-date: /home/autopilot/ws/restackcell/install/wzlscheduler_interfaces/share/wzlscheduler_interfaces/srv/SetValueIoInterface.idl
[7.644s] -- Up-to-date: /home/autopilot/ws/restackcell/install/wzlscheduler_interfaces/share/wzlscheduler_interfaces/srv/RobotMoveToPosition.idl
[7.644s] -- Up-to-date: /home/autopilot/ws/restackcell/install/wzlscheduler_interfaces/share/wzlscheduler_interfaces/srv/RobotSetVelocity.idl
[7.644s] -- Up-to-date: /home/autopilot/ws/restackcell/install/wzlscheduler_interfaces/share/wzlscheduler_interfaces/srv/RobotFollowTrajectory.idl
[7.644s] -- Up-to-date: /home/autopilot/ws/restackcell/install/wzlscheduler_interfaces/share/wzlscheduler_interfaces/srv/LoadObject.idl
[7.644s] -- Up-to-date: /home/autopilot/ws/restackcell/install/wzlscheduler_interfaces/share/wzlscheduler_interfaces/srv/SceneObjectAdd.idl
[7.645s] -- Up-to-date: /home/autopilot/ws/restackcell/install/wzlscheduler_interfaces/share/wzlscheduler_interfaces/srv/SceneObjectAttach.idl
[7.645s] -- Up-to-date: /home/autopilot/ws/restackcell/install/wzlscheduler_interfaces/share/wzlscheduler_interfaces/srv/SceneObjectDetach.idl
[7.645s] -- Up-to-date: /home/autopilot/ws/restackcell/install/wzlscheduler_interfaces/share/wzlscheduler_interfaces/srv/SceneObjectRemove.idl
[7.645s] -- Up-to-date: /home/autopilot/ws/restackcell/install/wzlscheduler_interfaces/share/wzlscheduler_interfaces/srv/SceneObjectSetPose.idl
[7.645s] -- Up-to-date: /home/autopilot/ws/restackcell/install/wzlscheduler_interfaces/share/wzlscheduler_interfaces/msg/LabeledPointCloud.idl
[7.645s] -- Up-to-date: /home/autopilot/ws/restackcell/install/wzlscheduler_interfaces/share/wzlscheduler_interfaces/msg/LabeledPointClouds.idl
[7.645s] -- Up-to-date: /home/autopilot/ws/restackcell/install/wzlscheduler_interfaces/share/wzlscheduler_interfaces/msg/SceneObjectRemove.idl
[7.645s] -- Up-to-date: /home/autopilot/ws/restackcell/install/wzlscheduler_interfaces/share/wzlscheduler_interfaces/msg/SceneObjectAdd.idl
[7.646s] -- Up-to-date: /home/autopilot/ws/restackcell/install/wzlscheduler_interfaces/share/wzlscheduler_interfaces/msg/SceneObjectSetPose.idl
[7.646s] -- Up-to-date: /home/autopilot/ws/restackcell/install/wzlscheduler_interfaces/share/wzlscheduler_interfaces/msg/LabeledBoundingBox.idl
[7.646s] -- Up-to-date: /home/autopilot/ws/restackcell/install/wzlscheduler_interfaces/share/wzlscheduler_interfaces/msg/LabeledBoundingBoxes.idl
[7.646s] -- Up-to-date: /home/autopilot/ws/restackcell/install/wzlscheduler_interfaces/share/wzlscheduler_interfaces/msg/LabeledPose.idl
[7.646s] -- Up-to-date: /home/autopilot/ws/restackcell/install/wzlscheduler_interfaces/share/wzlscheduler_interfaces/msg/LabeledPoses.idl
[7.655s] -- Up-to-date: /home/autopilot/ws/restackcell/install/wzlscheduler_interfaces/share/wzlscheduler_interfaces/srv/SetValueIoInterface.srv
[7.655s] -- Up-to-date: /home/autopilot/ws/restackcell/install/wzlscheduler_interfaces/share/wzlscheduler_interfaces/srv/SetValueIoInterface_Request.msg
[7.656s] -- Up-to-date: /home/autopilot/ws/restackcell/install/wzlscheduler_interfaces/share/wzlscheduler_interfaces/srv/SetValueIoInterface_Response.msg
[7.656s] -- Up-to-date: /home/autopilot/ws/restackcell/install/wzlscheduler_interfaces/share/wzlscheduler_interfaces/srv/RobotMoveToPosition.srv
[7.656s] -- Up-to-date: /home/autopilot/ws/restackcell/install/wzlscheduler_interfaces/share/wzlscheduler_interfaces/srv/RobotMoveToPosition_Request.msg
[7.656s] -- Up-to-date: /home/autopilot/ws/restackcell/install/wzlscheduler_interfaces/share/wzlscheduler_interfaces/srv/RobotMoveToPosition_Response.msg
[7.656s] -- Up-to-date: /home/autopilot/ws/restackcell/install/wzlscheduler_interfaces/share/wzlscheduler_interfaces/srv/RobotSetVelocity.srv
[7.656s] -- Up-to-date: /home/autopilot/ws/restackcell/install/wzlscheduler_interfaces/share/wzlscheduler_interfaces/srv/RobotSetVelocity_Request.msg
[7.656s] -- Up-to-date: /home/autopilot/ws/restackcell/install/wzlscheduler_interfaces/share/wzlscheduler_interfaces/srv/RobotSetVelocity_Response.msg
[7.657s] -- Up-to-date: /home/autopilot/ws/restackcell/install/wzlscheduler_interfaces/share/wzlscheduler_interfaces/srv/RobotFollowTrajectory.srv
[7.657s] -- Up-to-date: /home/autopilot/ws/restackcell/install/wzlscheduler_interfaces/share/wzlscheduler_interfaces/srv/RobotFollowTrajectory_Request.msg
[7.657s] -- Up-to-date: /home/autopilot/ws/restackcell/install/wzlscheduler_interfaces/share/wzlscheduler_interfaces/srv/RobotFollowTrajectory_Response.msg
[7.657s] -- Up-to-date: /home/autopilot/ws/restackcell/install/wzlscheduler_interfaces/share/wzlscheduler_interfaces/srv/LoadObject.srv
[7.657s] -- Up-to-date: /home/autopilot/ws/restackcell/install/wzlscheduler_interfaces/share/wzlscheduler_interfaces/srv/LoadObject_Request.msg
[7.657s] -- Up-to-date: /home/autopilot/ws/restackcell/install/wzlscheduler_interfaces/share/wzlscheduler_interfaces/srv/LoadObject_Response.msg
[7.657s] -- Up-to-date: /home/autopilot/ws/restackcell/install/wzlscheduler_interfaces/share/wzlscheduler_interfaces/srv/SceneObjectAdd.srv
[7.657s] -- Up-to-date: /home/autopilot/ws/restackcell/install/wzlscheduler_interfaces/share/wzlscheduler_interfaces/srv/SceneObjectAdd_Request.msg
[7.658s] -- Up-to-date: /home/autopilot/ws/restackcell/install/wzlscheduler_interfaces/share/wzlscheduler_interfaces/srv/SceneObjectAdd_Response.msg
[7.658s] -- Up-to-date: /home/autopilot/ws/restackcell/install/wzlscheduler_interfaces/share/wzlscheduler_interfaces/srv/SceneObjectAttach.srv
[7.658s] -- Up-to-date: /home/autopilot/ws/restackcell/install/wzlscheduler_interfaces/share/wzlscheduler_interfaces/srv/SceneObjectAttach_Request.msg
[7.658s] -- Up-to-date: /home/autopilot/ws/restackcell/install/wzlscheduler_interfaces/share/wzlscheduler_interfaces/srv/SceneObjectAttach_Response.msg
[7.658s] -- Up-to-date: /home/autopilot/ws/restackcell/install/wzlscheduler_interfaces/share/wzlscheduler_interfaces/srv/SceneObjectDetach.srv
[7.658s] -- Up-to-date: /home/autopilot/ws/restackcell/install/wzlscheduler_interfaces/share/wzlscheduler_interfaces/srv/SceneObjectDetach_Request.msg
[7.658s] -- Up-to-date: /home/autopilot/ws/restackcell/install/wzlscheduler_interfaces/share/wzlscheduler_interfaces/srv/SceneObjectDetach_Response.msg
[7.659s] -- Up-to-date: /home/autopilot/ws/restackcell/install/wzlscheduler_interfaces/share/wzlscheduler_interfaces/srv/SceneObjectRemove.srv
[7.659s] -- Up-to-date: /home/autopilot/ws/restackcell/install/wzlscheduler_interfaces/share/wzlscheduler_interfaces/srv/SceneObjectRemove_Request.msg
[7.659s] -- Up-to-date: /home/autopilot/ws/restackcell/install/wzlscheduler_interfaces/share/wzlscheduler_interfaces/srv/SceneObjectRemove_Response.msg
[7.659s] -- Up-to-date: /home/autopilot/ws/restackcell/install/wzlscheduler_interfaces/share/wzlscheduler_interfaces/srv/SceneObjectSetPose.srv
[7.659s] -- Up-to-date: /home/autopilot/ws/restackcell/install/wzlscheduler_interfaces/share/wzlscheduler_interfaces/srv/SceneObjectSetPose_Request.msg
[7.659s] -- Up-to-date: /home/autopilot/ws/restackcell/install/wzlscheduler_interfaces/share/wzlscheduler_interfaces/srv/SceneObjectSetPose_Response.msg
[7.659s] -- Up-to-date: /home/autopilot/ws/restackcell/install/wzlscheduler_interfaces/share/wzlscheduler_interfaces/msg/LabeledPointCloud.msg
[7.659s] -- Up-to-date: /home/autopilot/ws/restackcell/install/wzlscheduler_interfaces/share/wzlscheduler_interfaces/msg/LabeledPointClouds.msg
[7.660s] -- Up-to-date: /home/autopilot/ws/restackcell/install/wzlscheduler_interfaces/share/wzlscheduler_interfaces/msg/SceneObjectRemove.msg
[7.660s] -- Up-to-date: /home/autopilot/ws/restackcell/install/wzlscheduler_interfaces/share/wzlscheduler_interfaces/msg/SceneObjectAdd.msg
[7.660s] -- Up-to-date: /home/autopilot/ws/restackcell/install/wzlscheduler_interfaces/share/wzlscheduler_interfaces/msg/SceneObjectSetPose.msg
[7.660s] -- Up-to-date: /home/autopilot/ws/restackcell/install/wzlscheduler_interfaces/share/wzlscheduler_interfaces/msg/LabeledBoundingBox.msg
[7.660s] -- Up-to-date: /home/autopilot/ws/restackcell/install/wzlscheduler_interfaces/share/wzlscheduler_interfaces/msg/LabeledBoundingBoxes.msg
[7.660s] -- Up-to-date: /home/autopilot/ws/restackcell/install/wzlscheduler_interfaces/share/wzlscheduler_interfaces/msg/LabeledPose.msg
[7.660s] -- Up-to-date: /home/autopilot/ws/restackcell/install/wzlscheduler_interfaces/share/wzlscheduler_interfaces/msg/LabeledPoses.msg
[7.660s] -- Up-to-date: /home/autopilot/ws/restackcell/install/wzlscheduler_interfaces/share/ament_index/resource_index/package_run_dependencies/wzlscheduler_interfaces
[7.661s] -- Up-to-date: /home/autopilot/ws/restackcell/install/wzlscheduler_interfaces/share/ament_index/resource_index/parent_prefix_path/wzlscheduler_interfaces
[7.661s] -- Up-to-date: /home/autopilot/ws/restackcell/install/wzlscheduler_interfaces/share/wzlscheduler_interfaces/environment/ament_prefix_path.sh
[7.661s] -- Up-to-date: /home/autopilot/ws/restackcell/install/wzlscheduler_interfaces/share/wzlscheduler_interfaces/environment/ament_prefix_path.dsv
[7.661s] -- Up-to-date: /home/autopilot/ws/restackcell/install/wzlscheduler_interfaces/share/wzlscheduler_interfaces/environment/path.sh
[7.661s] -- Up-to-date: /home/autopilot/ws/restackcell/install/wzlscheduler_interfaces/share/wzlscheduler_interfaces/environment/path.dsv
[7.661s] -- Up-to-date: /home/autopilot/ws/restackcell/install/wzlscheduler_interfaces/share/wzlscheduler_interfaces/local_setup.bash
[7.661s] -- Up-to-date: /home/autopilot/ws/restackcell/install/wzlscheduler_interfaces/share/wzlscheduler_interfaces/local_setup.sh
[7.662s] -- Up-to-date: /home/autopilot/ws/restackcell/install/wzlscheduler_interfaces/share/wzlscheduler_interfaces/local_setup.zsh
[7.662s] -- Up-to-date: /home/autopilot/ws/restackcell/install/wzlscheduler_interfaces/share/wzlscheduler_interfaces/local_setup.dsv
[7.662s] -- Installing: /home/autopilot/ws/restackcell/install/wzlscheduler_interfaces/share/wzlscheduler_interfaces/package.dsv
[7.662s] -- Up-to-date: /home/autopilot/ws/restackcell/install/wzlscheduler_interfaces/share/ament_index/resource_index/packages/wzlscheduler_interfaces
[7.662s] -- Up-to-date: /home/autopilot/ws/restackcell/install/wzlscheduler_interfaces/share/wzlscheduler_interfaces/cmake/export_wzlscheduler_interfaces__rosidl_generator_cExport.cmake
[7.662s] -- Up-to-date: /home/autopilot/ws/restackcell/install/wzlscheduler_interfaces/share/wzlscheduler_interfaces/cmake/export_wzlscheduler_interfaces__rosidl_generator_cExport-noconfig.cmake
[7.662s] -- Up-to-date: /home/autopilot/ws/restackcell/install/wzlscheduler_interfaces/share/wzlscheduler_interfaces/cmake/export_wzlscheduler_interfaces__rosidl_typesupport_fastrtps_cExport.cmake
[7.662s] -- Up-to-date: /home/autopilot/ws/restackcell/install/wzlscheduler_interfaces/share/wzlscheduler_interfaces/cmake/export_wzlscheduler_interfaces__rosidl_typesupport_fastrtps_cExport-noconfig.cmake
[7.663s] -- Up-to-date: /home/autopilot/ws/restackcell/install/wzlscheduler_interfaces/share/wzlscheduler_interfaces/cmake/wzlscheduler_interfaces__rosidl_typesupport_introspection_cExport.cmake
[7.663s] -- Up-to-date: /home/autopilot/ws/restackcell/install/wzlscheduler_interfaces/share/wzlscheduler_interfaces/cmake/wzlscheduler_interfaces__rosidl_typesupport_introspection_cExport-noconfig.cmake
[7.663s] -- Up-to-date: /home/autopilot/ws/restackcell/install/wzlscheduler_interfaces/share/wzlscheduler_interfaces/cmake/wzlscheduler_interfaces__rosidl_typesupport_cExport.cmake
[7.663s] -- Up-to-date: /home/autopilot/ws/restackcell/install/wzlscheduler_interfaces/share/wzlscheduler_interfaces/cmake/wzlscheduler_interfaces__rosidl_typesupport_cExport-noconfig.cmake
[7.663s] -- Up-to-date: /home/autopilot/ws/restackcell/install/wzlscheduler_interfaces/share/wzlscheduler_interfaces/cmake/export_wzlscheduler_interfaces__rosidl_generator_cppExport.cmake
[7.663s] -- Up-to-date: /home/autopilot/ws/restackcell/install/wzlscheduler_interfaces/share/wzlscheduler_interfaces/cmake/export_wzlscheduler_interfaces__rosidl_typesupport_fastrtps_cppExport.cmake
[7.663s] -- Up-to-date: /home/autopilot/ws/restackcell/install/wzlscheduler_interfaces/share/wzlscheduler_interfaces/cmake/export_wzlscheduler_interfaces__rosidl_typesupport_fastrtps_cppExport-noconfig.cmake
[7.663s] -- Up-to-date: /home/autopilot/ws/restackcell/install/wzlscheduler_interfaces/share/wzlscheduler_interfaces/cmake/wzlscheduler_interfaces__rosidl_typesupport_introspection_cppExport.cmake
[7.664s] -- Up-to-date: /home/autopilot/ws/restackcell/install/wzlscheduler_interfaces/share/wzlscheduler_interfaces/cmake/wzlscheduler_interfaces__rosidl_typesupport_introspection_cppExport-noconfig.cmake
[7.664s] -- Up-to-date: /home/autopilot/ws/restackcell/install/wzlscheduler_interfaces/share/wzlscheduler_interfaces/cmake/wzlscheduler_interfaces__rosidl_typesupport_cppExport.cmake
[7.664s] -- Up-to-date: /home/autopilot/ws/restackcell/install/wzlscheduler_interfaces/share/wzlscheduler_interfaces/cmake/wzlscheduler_interfaces__rosidl_typesupport_cppExport-noconfig.cmake
[7.664s] -- Up-to-date: /home/autopilot/ws/restackcell/install/wzlscheduler_interfaces/share/wzlscheduler_interfaces/cmake/export_wzlscheduler_interfaces__rosidl_generator_pyExport.cmake
[7.664s] -- Up-to-date: /home/autopilot/ws/restackcell/install/wzlscheduler_interfaces/share/wzlscheduler_interfaces/cmake/export_wzlscheduler_interfaces__rosidl_generator_pyExport-noconfig.cmake
[7.664s] -- Up-to-date: /home/autopilot/ws/restackcell/install/wzlscheduler_interfaces/share/wzlscheduler_interfaces/cmake/rosidl_cmake-extras.cmake
[7.664s] -- Up-to-date: /home/autopilot/ws/restackcell/install/wzlscheduler_interfaces/share/wzlscheduler_interfaces/cmake/ament_cmake_export_dependencies-extras.cmake
[7.665s] -- Up-to-date: /home/autopilot/ws/restackcell/install/wzlscheduler_interfaces/share/wzlscheduler_interfaces/cmake/ament_cmake_export_include_directories-extras.cmake
[7.665s] -- Up-to-date: /home/autopilot/ws/restackcell/install/wzlscheduler_interfaces/share/wzlscheduler_interfaces/cmake/ament_cmake_export_libraries-extras.cmake
[7.665s] -- Up-to-date: /home/autopilot/ws/restackcell/install/wzlscheduler_interfaces/share/wzlscheduler_interfaces/cmake/ament_cmake_export_targets-extras.cmake
[7.665s] -- Up-to-date: /home/autopilot/ws/restackcell/install/wzlscheduler_interfaces/share/wzlscheduler_interfaces/cmake/rosidl_cmake_export_typesupport_targets-extras.cmake
[7.665s] -- Up-to-date: /home/autopilot/ws/restackcell/install/wzlscheduler_interfaces/share/wzlscheduler_interfaces/cmake/rosidl_cmake_export_typesupport_libraries-extras.cmake
[7.665s] -- Up-to-date: /home/autopilot/ws/restackcell/install/wzlscheduler_interfaces/share/wzlscheduler_interfaces/cmake/wzlscheduler_interfacesConfig.cmake
[7.665s] -- Up-to-date: /home/autopilot/ws/restackcell/install/wzlscheduler_interfaces/share/wzlscheduler_interfaces/cmake/wzlscheduler_interfacesConfig-version.cmake
[7.665s] -- Up-to-date: /home/autopilot/ws/restackcell/install/wzlscheduler_interfaces/share/wzlscheduler_interfaces/package.xml
[7.666s] Invoked command in '/home/autopilot/ws/restackcell/build/wzlscheduler_interfaces' returned '0': /usr/bin/cmake --install /home/autopilot/ws/restackcell/build/wzlscheduler_interfaces
