[5.587s] Invoking command in '/home/autopilot/ws/restackcell/ws_moveit2/src/interface_opcua': PYTHONPATH=/home/autopilot/ws/restackcell/ws_moveit2/build/interface_opcua/prefix_override:/usr/lib/python3/dist-packages/colcon_core/task/python/colcon_distutils_commands:/home/autopilot/ws/restackcell/ws_moveit2/install/interface_opcua/lib/python3.10/site-packages:${PYTHONPATH} /usr/bin/python3 -W ignore:setup.py install is deprecated setup.py egg_info --egg-base ../../build/interface_opcua build --build-base /home/autopilot/ws/restackcell/ws_moveit2/build/interface_opcua/build install --record /home/autopilot/ws/restackcell/ws_moveit2/build/interface_opcua/install.log --single-version-externally-managed install_data
[7.171s] running egg_info
[7.176s] writing ../../build/interface_opcua/interface_opcua.egg-info/PKG-INFO
[7.179s] writing dependency_links to ../../build/interface_opcua/interface_opcua.egg-info/dependency_links.txt
[7.183s] writing entry points to ../../build/interface_opcua/interface_opcua.egg-info/entry_points.txt
[7.186s] writing requirements to ../../build/interface_opcua/interface_opcua.egg-info/requires.txt
[7.189s] writing top-level names to ../../build/interface_opcua/interface_opcua.egg-info/top_level.txt
[7.204s] reading manifest file '../../build/interface_opcua/interface_opcua.egg-info/SOURCES.txt'
[7.206s] adding license file 'LICENSE'
[7.210s] writing manifest file '../../build/interface_opcua/interface_opcua.egg-info/SOURCES.txt'
[7.212s] running build
[7.212s] running build_py
[7.218s] running install
[7.223s] running install_lib
[7.229s] running install_data
[7.230s] running install_egg_info
[7.247s] removing '/home/autopilot/ws/restackcell/ws_moveit2/install/interface_opcua/lib/python3.10/site-packages/interface_opcua-0.0.0-py3.10.egg-info' (and everything under it)
[7.276s] Copying ../../build/interface_opcua/interface_opcua.egg-info to /home/autopilot/ws/restackcell/ws_moveit2/install/interface_opcua/lib/python3.10/site-packages/interface_opcua-0.0.0-py3.10.egg-info
[7.293s] running install_scripts
[7.427s] Installing service script to /home/autopilot/ws/restackcell/ws_moveit2/install/interface_opcua/lib/interface_opcua
[7.432s] writing list of installed files to '/home/autopilot/ws/restackcell/ws_moveit2/build/interface_opcua/install.log'
[7.892s] Invoked command in '/home/autopilot/ws/restackcell/ws_moveit2/src/interface_opcua' returned '0': PYTHONPATH=/home/autopilot/ws/restackcell/ws_moveit2/build/interface_opcua/prefix_override:/usr/lib/python3/dist-packages/colcon_core/task/python/colcon_distutils_commands:/home/autopilot/ws/restackcell/ws_moveit2/install/interface_opcua/lib/python3.10/site-packages:${PYTHONPATH} /usr/bin/python3 -W ignore:setup.py install is deprecated setup.py egg_info --egg-base ../../build/interface_opcua build --build-base /home/autopilot/ws/restackcell/ws_moveit2/build/interface_opcua/build install --record /home/autopilot/ws/restackcell/ws_moveit2/build/interface_opcua/install.log --single-version-externally-managed install_data
