[2.089s] Invoking command in '/home/autopilot/ws/restackcell/ws_moveit2/src/interface_opcua': PYTHONPATH=/home/autopilot/ws/restackcell/ws_moveit2/build/interface_opcua/prefix_override:/usr/lib/python3/dist-packages/colcon_core/task/python/colcon_distutils_commands:/home/autopilot/ws/restackcell/ws_moveit2/install/interface_opcua/lib/python3.10/site-packages:${PYTHONPATH} /usr/bin/python3 -W ignore:setup.py install is deprecated setup.py egg_info --egg-base ../../build/interface_opcua build --build-base /home/autopilot/ws/restackcell/ws_moveit2/build/interface_opcua/build install --record /home/autopilot/ws/restackcell/ws_moveit2/build/interface_opcua/install.log --single-version-externally-managed install_data
[2.810s] running egg_info
[2.811s] writing ../../build/interface_opcua/interface_opcua.egg-info/PKG-INFO
[2.821s] writing dependency_links to ../../build/interface_opcua/interface_opcua.egg-info/dependency_links.txt
[2.822s] writing entry points to ../../build/interface_opcua/interface_opcua.egg-info/entry_points.txt
[2.822s] writing requirements to ../../build/interface_opcua/interface_opcua.egg-info/requires.txt
[2.822s] writing top-level names to ../../build/interface_opcua/interface_opcua.egg-info/top_level.txt
[2.827s] reading manifest file '../../build/interface_opcua/interface_opcua.egg-info/SOURCES.txt'
[2.827s] adding license file 'LICENSE'
[2.829s] writing manifest file '../../build/interface_opcua/interface_opcua.egg-info/SOURCES.txt'
[2.829s] running build
[2.830s] running build_py
[2.830s] running install
[2.831s] running install_lib
[2.835s] running install_data
[2.836s] running install_egg_info
[2.841s] removing '/home/autopilot/ws/restackcell/ws_moveit2/install/interface_opcua/lib/python3.10/site-packages/interface_opcua-0.0.0-py3.10.egg-info' (and everything under it)
[2.842s] Copying ../../build/interface_opcua/interface_opcua.egg-info to /home/autopilot/ws/restackcell/ws_moveit2/install/interface_opcua/lib/python3.10/site-packages/interface_opcua-0.0.0-py3.10.egg-info
[2.844s] running install_scripts
[2.888s] Installing service script to /home/autopilot/ws/restackcell/ws_moveit2/install/interface_opcua/lib/interface_opcua
[2.889s] writing list of installed files to '/home/autopilot/ws/restackcell/ws_moveit2/build/interface_opcua/install.log'
