[0.043s] Invoking command in '/home/autopilot/ws/restackcell/ws_moveit2/build/custom_ur_moveit_config': CMAKE_PREFIX_PATH=/opt/ros/humble /usr/bin/cmake /home/autopilot/ws/restackcell/ws_moveit2/src/custom_ur_moveit_config -DCMAKE_INSTALL_PREFIX=/home/autopilot/ws/restackcell/ws_moveit2/install/custom_ur_moveit_config
[0.652s] -- The C compiler identification is GNU 11.4.0
[0.653s] -- The CXX compiler identification is GNU 11.4.0
[0.653s] -- Detecting C compiler ABI info
[0.653s] -- Detecting C compiler ABI info - done
[0.653s] -- Check for working C compiler: /usr/bin/cc - skipped
[0.653s] -- Detecting C compile features
[0.653s] -- Detecting C compile features - done
[0.653s] -- Detecting CXX compiler ABI info
[0.815s] -- Detecting CXX compiler ABI info - done
[0.834s] -- Check for working CXX compiler: /usr/bin/c++ - skipped
[0.834s] -- Detecting CXX compile features
[0.838s] -- Detecting CXX compile features - done
[0.845s] -- Found ament_cmake: 1.3.10 (/opt/ros/humble/share/ament_cmake/cmake)
[1.305s] -- Found Python3: /usr/bin/python3 (found version "3.10.12") found components: Interpreter 
[1.526s] [31mCMake Error at CMakeLists.txt:10 (find_package):
[1.526s]   By not providing "Findlaunch.cmake" in CMAKE_MODULE_PATH this project has
[1.526s]   asked CMake to find a package configuration file provided by "launch", but
[1.526s]   CMake did not find one.
[1.526s] 
[1.527s]   Could not find a package configuration file provided by "launch" with any
[1.527s]   of the following names:
[1.527s] 
[1.527s]     launchConfig.cmake
[1.527s]     launch-config.cmake
[1.527s] 
[1.527s]   Add the installation prefix of "launch" to CMAKE_PREFIX_PATH or set
[1.527s]   "launch_DIR" to a directory containing one of the above files.  If "launch"
[1.527s]   provides a separate development package or SDK, be sure it has been
[1.527s]   installed.
[1.528s] 
[1.528s] [0m
[1.528s] -- Configuring incomplete, errors occurred!
[1.528s] See also "/home/autopilot/ws/restackcell/ws_moveit2/build/custom_ur_moveit_config/CMakeFiles/CMakeOutput.log".
