[0.284s] Invoking command in '/home/aw/restackcell/ws_moveit2/build/mtc_tutorial': /usr/bin/cmake --build /home/aw/restackcell/ws_moveit2/build/mtc_tutorial -- -j16 -l16
[0.309s] [100%] Built target mtc-tutorial
[0.318s] Invoked command in '/home/aw/restackcell/ws_moveit2/build/mtc_tutorial' returned '0': /usr/bin/cmake --build /home/aw/restackcell/ws_moveit2/build/mtc_tutorial -- -j16 -l16
[0.341s] Invoking command in '/home/aw/restackcell/ws_moveit2/build/mtc_tutorial': /usr/bin/cmake --install /home/aw/restackcell/ws_moveit2/build/mtc_tutorial
[0.350s] -- Install configuration: "RelWithDebInfo"
[0.351s] -- Execute custom install script
[0.360s] -- Up-to-date symlink: /home/aw/restackcell/ws_moveit2/install/mtc_tutorial/lib/mtc_tutorial/mtc-tutorial
[0.360s] -- Up-to-date symlink: /home/aw/restackcell/ws_moveit2/install/mtc_tutorial/share/ament_index/resource_index/package_run_dependencies/mtc_tutorial
[0.360s] -- Up-to-date symlink: /home/aw/restackcell/ws_moveit2/install/mtc_tutorial/share/ament_index/resource_index/parent_prefix_path/mtc_tutorial
[0.360s] -- Up-to-date symlink: /home/aw/restackcell/ws_moveit2/install/mtc_tutorial/share/mtc_tutorial/environment/ament_prefix_path.sh
[0.361s] -- Up-to-date symlink: /home/aw/restackcell/ws_moveit2/install/mtc_tutorial/share/mtc_tutorial/environment/ament_prefix_path.dsv
[0.361s] -- Up-to-date symlink: /home/aw/restackcell/ws_moveit2/install/mtc_tutorial/share/mtc_tutorial/environment/path.sh
[0.361s] -- Up-to-date symlink: /home/aw/restackcell/ws_moveit2/install/mtc_tutorial/share/mtc_tutorial/environment/path.dsv
[0.361s] -- Up-to-date symlink: /home/aw/restackcell/ws_moveit2/install/mtc_tutorial/share/mtc_tutorial/local_setup.bash
[0.361s] -- Up-to-date symlink: /home/aw/restackcell/ws_moveit2/install/mtc_tutorial/share/mtc_tutorial/local_setup.sh
[0.361s] -- Up-to-date symlink: /home/aw/restackcell/ws_moveit2/install/mtc_tutorial/share/mtc_tutorial/local_setup.zsh
[0.361s] -- Up-to-date symlink: /home/aw/restackcell/ws_moveit2/install/mtc_tutorial/share/mtc_tutorial/local_setup.dsv
[0.361s] -- Symlinking: /home/aw/restackcell/ws_moveit2/install/mtc_tutorial/share/mtc_tutorial/package.dsv
[0.365s] -- Up-to-date symlink: /home/aw/restackcell/ws_moveit2/install/mtc_tutorial/share/ament_index/resource_index/packages/mtc_tutorial
[0.365s] -- Up-to-date symlink: /home/aw/restackcell/ws_moveit2/install/mtc_tutorial/share/mtc_tutorial/cmake/mtc_tutorialConfig.cmake
[0.365s] -- Up-to-date symlink: /home/aw/restackcell/ws_moveit2/install/mtc_tutorial/share/mtc_tutorial/cmake/mtc_tutorialConfig-version.cmake
[0.365s] -- Up-to-date symlink: /home/aw/restackcell/ws_moveit2/install/mtc_tutorial/share/mtc_tutorial/package.xml
[0.374s] Invoked command in '/home/aw/restackcell/ws_moveit2/build/mtc_tutorial' returned '0': /usr/bin/cmake --install /home/aw/restackcell/ws_moveit2/build/mtc_tutorial
