[0.514s] Invoking command in '/home/alex/restackcell/ws_moveit2/src/robo_planner_py': PYTHONPATH=/home/alex/restackcell/ws_moveit2/build/robo_planner_py/prefix_override:/home/alex/restackcell/ws_moveit2/install/robo_planner_py/lib/python3.10/site-packages:${PYTHONPATH} /usr/bin/python3 -W ignore:setup.py install is deprecated setup.py egg_info --egg-base ../../build/robo_planner_py build --build-base /home/alex/restackcell/ws_moveit2/build/robo_planner_py/build install --record /home/alex/restackcell/ws_moveit2/build/robo_planner_py/install.log --single-version-externally-managed install_data
[0.748s] running egg_info
[0.748s] creating ../../build/robo_planner_py/robo_planner_py.egg-info
[0.748s] writing ../../build/robo_planner_py/robo_planner_py.egg-info/PKG-INFO
[0.749s] writing dependency_links to ../../build/robo_planner_py/robo_planner_py.egg-info/dependency_links.txt
[0.749s] writing entry points to ../../build/robo_planner_py/robo_planner_py.egg-info/entry_points.txt
[0.749s] writing requirements to ../../build/robo_planner_py/robo_planner_py.egg-info/requires.txt
[0.749s] writing top-level names to ../../build/robo_planner_py/robo_planner_py.egg-info/top_level.txt
[0.749s] writing manifest file '../../build/robo_planner_py/robo_planner_py.egg-info/SOURCES.txt'
[0.751s] reading manifest file '../../build/robo_planner_py/robo_planner_py.egg-info/SOURCES.txt'
[0.751s] adding license file 'LICENSE'
[0.751s] writing manifest file '../../build/robo_planner_py/robo_planner_py.egg-info/SOURCES.txt'
[0.752s] running build
[0.752s] running build_py
[0.752s] creating /home/alex/restackcell/ws_moveit2/build/robo_planner_py/build
[0.752s] creating /home/alex/restackcell/ws_moveit2/build/robo_planner_py/build/lib
[0.752s] creating /home/alex/restackcell/ws_moveit2/build/robo_planner_py/build/lib/robo_planner_py
[0.752s] copying robo_planner_py/__init__.py -> /home/alex/restackcell/ws_moveit2/build/robo_planner_py/build/lib/robo_planner_py
[0.752s] copying robo_planner_py/Robot.py -> /home/alex/restackcell/ws_moveit2/build/robo_planner_py/build/lib/robo_planner_py
[0.760s] running install
[0.760s] running install_lib
[0.762s] creating /home/alex/restackcell/ws_moveit2/install/robo_planner_py/lib/python3.10/site-packages/robo_planner_py
[0.762s] copying /home/alex/restackcell/ws_moveit2/build/robo_planner_py/build/lib/robo_planner_py/__init__.py -> /home/alex/restackcell/ws_moveit2/install/robo_planner_py/lib/python3.10/site-packages/robo_planner_py
[0.762s] copying /home/alex/restackcell/ws_moveit2/build/robo_planner_py/build/lib/robo_planner_py/Robot.py -> /home/alex/restackcell/ws_moveit2/install/robo_planner_py/lib/python3.10/site-packages/robo_planner_py
[0.762s] byte-compiling /home/alex/restackcell/ws_moveit2/install/robo_planner_py/lib/python3.10/site-packages/robo_planner_py/__init__.py to __init__.cpython-310.pyc
[0.763s] byte-compiling /home/alex/restackcell/ws_moveit2/install/robo_planner_py/lib/python3.10/site-packages/robo_planner_py/Robot.py to Robot.cpython-310.pyc
[0.763s] running install_data
[0.763s] creating /home/alex/restackcell/ws_moveit2/install/robo_planner_py/share/ament_index
[0.763s] creating /home/alex/restackcell/ws_moveit2/install/robo_planner_py/share/ament_index/resource_index
[0.763s] creating /home/alex/restackcell/ws_moveit2/install/robo_planner_py/share/ament_index/resource_index/packages
[0.763s] copying resource/robo_planner_py -> /home/alex/restackcell/ws_moveit2/install/robo_planner_py/share/ament_index/resource_index/packages
[0.763s] copying package.xml -> /home/alex/restackcell/ws_moveit2/install/robo_planner_py/share/robo_planner_py
[0.763s] running install_egg_info
[0.765s] Copying ../../build/robo_planner_py/robo_planner_py.egg-info to /home/alex/restackcell/ws_moveit2/install/robo_planner_py/lib/python3.10/site-packages/robo_planner_py-0.0.0-py3.10.egg-info
[0.765s] running install_scripts
[0.788s] Installing talker script to /home/alex/restackcell/ws_moveit2/install/robo_planner_py/lib/robo_planner_py
[0.788s] writing list of installed files to '/home/alex/restackcell/ws_moveit2/build/robo_planner_py/install.log'
[0.825s] Invoked command in '/home/alex/restackcell/ws_moveit2/src/robo_planner_py' returned '0': PYTHONPATH=/home/alex/restackcell/ws_moveit2/build/robo_planner_py/prefix_override:/home/alex/restackcell/ws_moveit2/install/robo_planner_py/lib/python3.10/site-packages:${PYTHONPATH} /usr/bin/python3 -W ignore:setup.py install is deprecated setup.py egg_info --egg-base ../../build/robo_planner_py build --build-base /home/alex/restackcell/ws_moveit2/build/robo_planner_py/build install --record /home/alex/restackcell/ws_moveit2/build/robo_planner_py/install.log --single-version-externally-managed install_data
