[0.560s] Invoking command in '/home/autopilot/ws/restackcell/ws_moveit2/build/robo_planner': CMAKE_PREFIX_PATH=/home/autopilot/ws/restackcell/ws_moveit2/install/robo_planner_py:/home/autopilot/ws/restackcell/ws_moveit2/install/grid_snapper:/home/autopilot/ws/restackcell/ws_moveit2/install/opcua_client:/home/autopilot/ws/restackcell/ws_moveit2/install/interface_opcua:/opt/ros/humble:/home/autopilot/ws/restackcell/ws_moveit2/install/wzlscheduler_interfaces:/home/autopilot/ws/restackcell/ws_moveit2/install/opcua_interfaces:/home/autopilot/ws/restackcell/ws_moveit2/install/robo_planner:/home/autopilot/ws/restackcell/ws_moveit2/install/pcl_segmentation:/home/autopilot/ws/restackcell/ws_moveit2/install/moveit_backend:/home/autopilot/ws/restackcell/ws_moveit2/install/mockup_robot:/home/autopilot/ws/restackcell/ws_moveit2/install/ur_pilz:/home/autopilot/ws/restackcell/ws_moveit2/install/robo_planner_msgs:/home/autopilot/ws/restackcell/ws_moveit2/install/custom_ur_moveit_config:/home/autopilot/ws/restackcell/ws_moveit2/install/custom_ur_description LD_LIBRARY_PATH=/home/autopilot/ws/restackcell/ws_moveit2/install/wzlscheduler_interfaces/lib:/home/autopilot/ws/restackcell/ws_moveit2/install/opcua_interfaces/lib:/home/autopilot/ws/restackcell/ws_moveit2/install/robo_planner_msgs/lib:/opt/ros/humble/opt/rviz_ogre_vendor/lib:/opt/ros/humble/lib/aarch64-linux-gnu:/opt/ros/humble/lib PYTHONPATH=/home/autopilot/ws/restackcell/ws_moveit2/install/wzlscheduler_interfaces/local/lib/python3.10/dist-packages:/home/autopilot/ws/restackcell/ws_moveit2/install/robo_planner_py/lib/python3.10/site-packages:/home/autopilot/ws/restackcell/ws_moveit2/install/grid_snapper/lib/python3.10/site-packages:/home/autopilot/ws/restackcell/ws_moveit2/install/robo_planner_msgs/local/lib/python3.10/dist-packages:/home/autopilot/ws/restackcell/ws_moveit2/install/opcua_client/lib/python3.10/site-packages:/home/autopilot/ws/restackcell/ws_moveit2/install/opcua_interfaces/local/lib/python3.10/dist-packages:/home/autopilot/ws/restackcell/ws_moveit2/install/interface_opcua/lib/python3.10/site-packages:/opt/ros/humble/lib/python3.10/site-packages:/opt/ros/humble/local/lib/python3.10/dist-packages /usr/bin/cmake --build /home/autopilot/ws/restackcell/ws_moveit2/build/robo_planner -- -j8 -l8
[1.204s] [  4%] [32mBuilding CXX object CMakeFiles/robo_planner.dir/src/Robot.cpp.o[0m
[9.721s] [01m[K/home/autopilot/ws/restackcell/ws_moveit2/src/robo_planner/src/Robot.cpp:[m[K In member function ‘[01m[Kvirtual void WzlPlanner::RobotDummy::PartDetach(std::string)[m[K’:
[9.721s] [01m[K/home/autopilot/ws/restackcell/ws_moveit2/src/robo_planner/src/Robot.cpp:258:59:[m[K [01;35m[Kwarning: [m[Kunused parameter ‘[01m[KpartKey[m[K’ [[01;35m[K]8;;https://gcc.gnu.org/onlinedocs/gcc/Warning-Options.html#index-Wunused-parameter-Wunused-parameter]8;;[m[K]
[9.721s]   258 | void WzlPlanner::RobotDummy::PartDetach([01;35m[Kconst std::string partKey[m[K)
[9.721s]       |                                         [01;35m[K~~~~~~~~~~~~~~~~~~^~~~~~~[m[K
[18.188s] [  8%] [32m[1mLinking CXX executable robo_planner[0m
[19.646s] [100%] Built target robo_planner
[19.671s] Invoked command in '/home/autopilot/ws/restackcell/ws_moveit2/build/robo_planner' returned '0': CMAKE_PREFIX_PATH=/home/autopilot/ws/restackcell/ws_moveit2/install/robo_planner_py:/home/autopilot/ws/restackcell/ws_moveit2/install/grid_snapper:/home/autopilot/ws/restackcell/ws_moveit2/install/opcua_client:/home/autopilot/ws/restackcell/ws_moveit2/install/interface_opcua:/opt/ros/humble:/home/autopilot/ws/restackcell/ws_moveit2/install/wzlscheduler_interfaces:/home/autopilot/ws/restackcell/ws_moveit2/install/opcua_interfaces:/home/autopilot/ws/restackcell/ws_moveit2/install/robo_planner:/home/autopilot/ws/restackcell/ws_moveit2/install/pcl_segmentation:/home/autopilot/ws/restackcell/ws_moveit2/install/moveit_backend:/home/autopilot/ws/restackcell/ws_moveit2/install/mockup_robot:/home/autopilot/ws/restackcell/ws_moveit2/install/ur_pilz:/home/autopilot/ws/restackcell/ws_moveit2/install/robo_planner_msgs:/home/autopilot/ws/restackcell/ws_moveit2/install/custom_ur_moveit_config:/home/autopilot/ws/restackcell/ws_moveit2/install/custom_ur_description LD_LIBRARY_PATH=/home/autopilot/ws/restackcell/ws_moveit2/install/wzlscheduler_interfaces/lib:/home/autopilot/ws/restackcell/ws_moveit2/install/opcua_interfaces/lib:/home/autopilot/ws/restackcell/ws_moveit2/install/robo_planner_msgs/lib:/opt/ros/humble/opt/rviz_ogre_vendor/lib:/opt/ros/humble/lib/aarch64-linux-gnu:/opt/ros/humble/lib PYTHONPATH=/home/autopilot/ws/restackcell/ws_moveit2/install/wzlscheduler_interfaces/local/lib/python3.10/dist-packages:/home/autopilot/ws/restackcell/ws_moveit2/install/robo_planner_py/lib/python3.10/site-packages:/home/autopilot/ws/restackcell/ws_moveit2/install/grid_snapper/lib/python3.10/site-packages:/home/autopilot/ws/restackcell/ws_moveit2/install/robo_planner_msgs/local/lib/python3.10/dist-packages:/home/autopilot/ws/restackcell/ws_moveit2/install/opcua_client/lib/python3.10/site-packages:/home/autopilot/ws/restackcell/ws_moveit2/install/opcua_interfaces/local/lib/python3.10/dist-packages:/home/autopilot/ws/restackcell/ws_moveit2/install/interface_opcua/lib/python3.10/site-packages:/opt/ros/humble/lib/python3.10/site-packages:/opt/ros/humble/local/lib/python3.10/dist-packages /usr/bin/cmake --build /home/autopilot/ws/restackcell/ws_moveit2/build/robo_planner -- -j8 -l8
[19.800s] Invoking command in '/home/autopilot/ws/restackcell/ws_moveit2/build/robo_planner': CMAKE_PREFIX_PATH=/home/autopilot/ws/restackcell/ws_moveit2/install/robo_planner_py:/home/autopilot/ws/restackcell/ws_moveit2/install/grid_snapper:/home/autopilot/ws/restackcell/ws_moveit2/install/opcua_client:/home/autopilot/ws/restackcell/ws_moveit2/install/interface_opcua:/opt/ros/humble:/home/autopilot/ws/restackcell/ws_moveit2/install/wzlscheduler_interfaces:/home/autopilot/ws/restackcell/ws_moveit2/install/opcua_interfaces:/home/autopilot/ws/restackcell/ws_moveit2/install/robo_planner:/home/autopilot/ws/restackcell/ws_moveit2/install/pcl_segmentation:/home/autopilot/ws/restackcell/ws_moveit2/install/moveit_backend:/home/autopilot/ws/restackcell/ws_moveit2/install/mockup_robot:/home/autopilot/ws/restackcell/ws_moveit2/install/ur_pilz:/home/autopilot/ws/restackcell/ws_moveit2/install/robo_planner_msgs:/home/autopilot/ws/restackcell/ws_moveit2/install/custom_ur_moveit_config:/home/autopilot/ws/restackcell/ws_moveit2/install/custom_ur_description LD_LIBRARY_PATH=/home/autopilot/ws/restackcell/ws_moveit2/install/wzlscheduler_interfaces/lib:/home/autopilot/ws/restackcell/ws_moveit2/install/opcua_interfaces/lib:/home/autopilot/ws/restackcell/ws_moveit2/install/robo_planner_msgs/lib:/opt/ros/humble/opt/rviz_ogre_vendor/lib:/opt/ros/humble/lib/aarch64-linux-gnu:/opt/ros/humble/lib PYTHONPATH=/home/autopilot/ws/restackcell/ws_moveit2/install/wzlscheduler_interfaces/local/lib/python3.10/dist-packages:/home/autopilot/ws/restackcell/ws_moveit2/install/robo_planner_py/lib/python3.10/site-packages:/home/autopilot/ws/restackcell/ws_moveit2/install/grid_snapper/lib/python3.10/site-packages:/home/autopilot/ws/restackcell/ws_moveit2/install/robo_planner_msgs/local/lib/python3.10/dist-packages:/home/autopilot/ws/restackcell/ws_moveit2/install/opcua_client/lib/python3.10/site-packages:/home/autopilot/ws/restackcell/ws_moveit2/install/opcua_interfaces/local/lib/python3.10/dist-packages:/home/autopilot/ws/restackcell/ws_moveit2/install/interface_opcua/lib/python3.10/site-packages:/opt/ros/humble/lib/python3.10/site-packages:/opt/ros/humble/local/lib/python3.10/dist-packages /usr/bin/cmake --install /home/autopilot/ws/restackcell/ws_moveit2/build/robo_planner
[19.814s] -- Install configuration: ""
[19.814s] -- Installing: /home/autopilot/ws/restackcell/ws_moveit2/install/robo_planner/lib/robo_planner/robo_planner
[19.829s] -- Set runtime path of "/home/autopilot/ws/restackcell/ws_moveit2/install/robo_planner/lib/robo_planner/robo_planner" to ""
[19.830s] -- Up-to-date: /home/autopilot/ws/restackcell/ws_moveit2/install/robo_planner/share/robo_planner/launch
[19.830s] -- Up-to-date: /home/autopilot/ws/restackcell/ws_moveit2/install/robo_planner/share/robo_planner/launch/__pycache__
[19.830s] -- Up-to-date: /home/autopilot/ws/restackcell/ws_moveit2/install/robo_planner/share/robo_planner/launch/__pycache__/ur_planner.cpython-310.pyc
[19.831s] -- Up-to-date: /home/autopilot/ws/restackcell/ws_moveit2/install/robo_planner/share/robo_planner/launch/__pycache__/hello_moveit_ur_launch.cpython-310.pyc
[19.831s] -- Up-to-date: /home/autopilot/ws/restackcell/ws_moveit2/install/robo_planner/share/robo_planner/launch/__pycache__/mockup_robot.cpython-310.pyc
[19.831s] -- Up-to-date: /home/autopilot/ws/restackcell/ws_moveit2/install/robo_planner/share/robo_planner/launch/__pycache__/ur_planner_pilz.cpython-310.pyc
[19.832s] -- Up-to-date: /home/autopilot/ws/restackcell/ws_moveit2/install/robo_planner/share/robo_planner/launch/ur_planner_launch.py
[19.832s] -- Up-to-date: /home/autopilot/ws/restackcell/ws_moveit2/install/robo_planner/share/robo_planner/launch/ur_simulation.py
[19.832s] -- Up-to-date: /home/autopilot/ws/restackcell/ws_moveit2/install/robo_planner/share/robo_planner/launch/ur_planner_pilz.launch.py
[19.833s] -- Up-to-date: /home/autopilot/ws/restackcell/ws_moveit2/install/robo_planner/share/robo_planner/config
[19.833s] -- Up-to-date: /home/autopilot/ws/restackcell/ws_moveit2/install/robo_planner/share/robo_planner/config/cell_config.yaml
[19.833s] -- Up-to-date: /home/autopilot/ws/restackcell/ws_moveit2/install/robo_planner/share/robo_planner/config/ur_description
[19.833s] -- Up-to-date: /home/autopilot/ws/restackcell/ws_moveit2/install/robo_planner/share/robo_planner/config/ur_description/package.dsv
[19.833s] -- Up-to-date: /home/autopilot/ws/restackcell/ws_moveit2/install/robo_planner/share/robo_planner/config/ur_description/urdf
[19.834s] -- Up-to-date: /home/autopilot/ws/restackcell/ws_moveit2/install/robo_planner/share/robo_planner/config/ur_description/urdf/ur_macro.xacro_restack
[19.834s] -- Up-to-date: /home/autopilot/ws/restackcell/ws_moveit2/install/robo_planner/share/robo_planner/config/ur_description/urdf/ur_macro.xacro2
[19.835s] -- Up-to-date: /home/autopilot/ws/restackcell/ws_moveit2/install/robo_planner/share/robo_planner/config/ur_description/urdf/ur.ros2_control.xacro
[19.835s] -- Up-to-date: /home/autopilot/ws/restackcell/ws_moveit2/install/robo_planner/share/robo_planner/config/ur_description/urdf/ur.urdf.xacro
[19.836s] -- Up-to-date: /home/autopilot/ws/restackcell/ws_moveit2/install/robo_planner/share/robo_planner/config/ur_description/urdf/ur_macro.xacro_original
[19.836s] -- Up-to-date: /home/autopilot/ws/restackcell/ws_moveit2/install/robo_planner/share/robo_planner/config/ur_description/urdf/inc
[19.836s] -- Up-to-date: /home/autopilot/ws/restackcell/ws_moveit2/install/robo_planner/share/robo_planner/config/ur_description/urdf/inc/ur_transmissions.xacro
[19.836s] -- Up-to-date: /home/autopilot/ws/restackcell/ws_moveit2/install/robo_planner/share/robo_planner/config/ur_description/urdf/inc/ur_common.xacro
[19.837s] -- Up-to-date: /home/autopilot/ws/restackcell/ws_moveit2/install/robo_planner/share/robo_planner/config/ur_description/urdf/old_ur_macro.xacro
[19.837s] -- Up-to-date: /home/autopilot/ws/restackcell/ws_moveit2/install/robo_planner/share/robo_planner/config/ur_description/urdf/ur_macro.xacro
[19.837s] -- Up-to-date: /home/autopilot/ws/restackcell/ws_moveit2/install/robo_planner/share/robo_planner/config/ur_description/local_setup.zsh
[19.838s] -- Up-to-date: /home/autopilot/ws/restackcell/ws_moveit2/install/robo_planner/share/robo_planner/config/ur_description/rviz
[19.838s] -- Up-to-date: /home/autopilot/ws/restackcell/ws_moveit2/install/robo_planner/share/robo_planner/config/ur_description/rviz/view_robot.rviz
[19.838s] -- Up-to-date: /home/autopilot/ws/restackcell/ws_moveit2/install/robo_planner/share/robo_planner/config/ur_description/local_setup.sh
[19.838s] -- Up-to-date: /home/autopilot/ws/restackcell/ws_moveit2/install/robo_planner/share/robo_planner/config/ur_description/cmake
[19.839s] -- Up-to-date: /home/autopilot/ws/restackcell/ws_moveit2/install/robo_planner/share/robo_planner/config/ur_description/cmake/ur_descriptionConfig-version.cmake
[19.839s] -- Up-to-date: /home/autopilot/ws/restackcell/ws_moveit2/install/robo_planner/share/robo_planner/config/ur_description/cmake/ur_descriptionConfig.cmake
[19.840s] -- Up-to-date: /home/autopilot/ws/restackcell/ws_moveit2/install/robo_planner/share/robo_planner/config/ur_description/local_setup.dsv
[19.841s] -- Up-to-date: /home/autopilot/ws/restackcell/ws_moveit2/install/robo_planner/share/robo_planner/config/ur_description/config
[19.841s] -- Up-to-date: /home/autopilot/ws/restackcell/ws_moveit2/install/robo_planner/share/robo_planner/config/ur_description/config/ur20
[19.842s] -- Up-to-date: /home/autopilot/ws/restackcell/ws_moveit2/install/robo_planner/share/robo_planner/config/ur_description/config/ur20/visual_parameters.yaml
[19.842s] -- Up-to-date: /home/autopilot/ws/restackcell/ws_moveit2/install/robo_planner/share/robo_planner/config/ur_description/config/ur20/default_kinematics.yaml
[19.842s] -- Up-to-date: /home/autopilot/ws/restackcell/ws_moveit2/install/robo_planner/share/robo_planner/config/ur_description/config/ur20/joint_limits.yaml
[19.842s] -- Up-to-date: /home/autopilot/ws/restackcell/ws_moveit2/install/robo_planner/share/robo_planner/config/ur_description/config/ur20/physical_parameters.yaml
[19.843s] -- Up-to-date: /home/autopilot/ws/restackcell/ws_moveit2/install/robo_planner/share/robo_planner/config/ur_description/config/ur5e
[19.843s] -- Up-to-date: /home/autopilot/ws/restackcell/ws_moveit2/install/robo_planner/share/robo_planner/config/ur_description/config/ur5e/visual_parameters.yaml
[19.843s] -- Up-to-date: /home/autopilot/ws/restackcell/ws_moveit2/install/robo_planner/share/robo_planner/config/ur_description/config/ur5e/default_kinematics.yaml
[19.844s] -- Up-to-date: /home/autopilot/ws/restackcell/ws_moveit2/install/robo_planner/share/robo_planner/config/ur_description/config/ur5e/joint_limits.yaml
[19.844s] -- Up-to-date: /home/autopilot/ws/restackcell/ws_moveit2/install/robo_planner/share/robo_planner/config/ur_description/config/ur5e/physical_parameters.yaml
[19.844s] -- Up-to-date: /home/autopilot/ws/restackcell/ws_moveit2/install/robo_planner/share/robo_planner/config/ur_description/config/ur3
[19.844s] -- Up-to-date: /home/autopilot/ws/restackcell/ws_moveit2/install/robo_planner/share/robo_planner/config/ur_description/config/ur3/visual_parameters.yaml
[19.845s] -- Up-to-date: /home/autopilot/ws/restackcell/ws_moveit2/install/robo_planner/share/robo_planner/config/ur_description/config/ur3/default_kinematics.yaml
[19.845s] -- Up-to-date: /home/autopilot/ws/restackcell/ws_moveit2/install/robo_planner/share/robo_planner/config/ur_description/config/ur3/joint_limits.yaml
[19.845s] -- Up-to-date: /home/autopilot/ws/restackcell/ws_moveit2/install/robo_planner/share/robo_planner/config/ur_description/config/ur3/physical_parameters.yaml
[19.846s] -- Up-to-date: /home/autopilot/ws/restackcell/ws_moveit2/install/robo_planner/share/robo_planner/config/ur_description/config/ur16e
[19.846s] -- Up-to-date: /home/autopilot/ws/restackcell/ws_moveit2/install/robo_planner/share/robo_planner/config/ur_description/config/ur16e/visual_parameters.yaml
[19.846s] -- Up-to-date: /home/autopilot/ws/restackcell/ws_moveit2/install/robo_planner/share/robo_planner/config/ur_description/config/ur16e/default_kinematics.yaml
[19.846s] -- Up-to-date: /home/autopilot/ws/restackcell/ws_moveit2/install/robo_planner/share/robo_planner/config/ur_description/config/ur16e/joint_limits_old.yaml
[19.846s] -- Up-to-date: /home/autopilot/ws/restackcell/ws_moveit2/install/robo_planner/share/robo_planner/config/ur_description/config/ur16e/default_kinematics_calibrated.yaml
[19.846s] -- Up-to-date: /home/autopilot/ws/restackcell/ws_moveit2/install/robo_planner/share/robo_planner/config/ur_description/config/ur16e/joint_limits.yaml
[19.846s] -- Up-to-date: /home/autopilot/ws/restackcell/ws_moveit2/install/robo_planner/share/robo_planner/config/ur_description/config/ur16e/pilz_cartesian_limits.yaml
[19.847s] -- Up-to-date: /home/autopilot/ws/restackcell/ws_moveit2/install/robo_planner/share/robo_planner/config/ur_description/config/ur16e/default_kinematics_original.yaml
[19.847s] -- Up-to-date: /home/autopilot/ws/restackcell/ws_moveit2/install/robo_planner/share/robo_planner/config/ur_description/config/ur16e/physical_parameters.yaml
[19.847s] -- Up-to-date: /home/autopilot/ws/restackcell/ws_moveit2/install/robo_planner/share/robo_planner/config/ur_description/config/ur3e
[19.847s] -- Up-to-date: /home/autopilot/ws/restackcell/ws_moveit2/install/robo_planner/share/robo_planner/config/ur_description/config/ur3e/visual_parameters.yaml
[19.847s] -- Up-to-date: /home/autopilot/ws/restackcell/ws_moveit2/install/robo_planner/share/robo_planner/config/ur_description/config/ur3e/default_kinematics.yaml
[19.847s] -- Up-to-date: /home/autopilot/ws/restackcell/ws_moveit2/install/robo_planner/share/robo_planner/config/ur_description/config/ur3e/joint_limits.yaml
[19.848s] -- Up-to-date: /home/autopilot/ws/restackcell/ws_moveit2/install/robo_planner/share/robo_planner/config/ur_description/config/ur3e/physical_parameters.yaml
[19.848s] -- Up-to-date: /home/autopilot/ws/restackcell/ws_moveit2/install/robo_planner/share/robo_planner/config/ur_description/config/initial_positions.yaml
[19.849s] -- Up-to-date: /home/autopilot/ws/restackcell/ws_moveit2/install/robo_planner/share/robo_planner/config/ur_description/config/ur30
[19.850s] -- Up-to-date: /home/autopilot/ws/restackcell/ws_moveit2/install/robo_planner/share/robo_planner/config/ur_description/config/ur30/visual_parameters.yaml
[19.850s] -- Up-to-date: /home/autopilot/ws/restackcell/ws_moveit2/install/robo_planner/share/robo_planner/config/ur_description/config/ur30/default_kinematics.yaml
[19.856s] -- Up-to-date: /home/autopilot/ws/restackcell/ws_moveit2/install/robo_planner/share/robo_planner/config/ur_description/config/ur30/joint_limits.yaml
[19.856s] -- Up-to-date: /home/autopilot/ws/restackcell/ws_moveit2/install/robo_planner/share/robo_planner/config/ur_description/config/ur30/physical_parameters.yaml
[19.857s] -- Up-to-date: /home/autopilot/ws/restackcell/ws_moveit2/install/robo_planner/share/robo_planner/config/ur_description/config/ur16e_old
[19.857s] -- Up-to-date: /home/autopilot/ws/restackcell/ws_moveit2/install/robo_planner/share/robo_planner/config/ur_description/config/ur16e_old/visual_parameters.yaml
[19.858s] -- Up-to-date: /home/autopilot/ws/restackcell/ws_moveit2/install/robo_planner/share/robo_planner/config/ur_description/config/ur16e_old/default_kinematics.yaml
[19.859s] -- Up-to-date: /home/autopilot/ws/restackcell/ws_moveit2/install/robo_planner/share/robo_planner/config/ur_description/config/ur16e_old/joint_limits.yaml
[19.860s] -- Up-to-date: /home/autopilot/ws/restackcell/ws_moveit2/install/robo_planner/share/robo_planner/config/ur_description/config/ur16e_old/physical_parameters.yaml
[19.860s] -- Up-to-date: /home/autopilot/ws/restackcell/ws_moveit2/install/robo_planner/share/robo_planner/config/ur_description/config/ur10e
[19.861s] -- Up-to-date: /home/autopilot/ws/restackcell/ws_moveit2/install/robo_planner/share/robo_planner/config/ur_description/config/ur10e/visual_parameters.yaml
[19.861s] -- Up-to-date: /home/autopilot/ws/restackcell/ws_moveit2/install/robo_planner/share/robo_planner/config/ur_description/config/ur10e/default_kinematics.yaml
[19.862s] -- Up-to-date: /home/autopilot/ws/restackcell/ws_moveit2/install/robo_planner/share/robo_planner/config/ur_description/config/ur10e/joint_limits.yaml
[19.862s] -- Up-to-date: /home/autopilot/ws/restackcell/ws_moveit2/install/robo_planner/share/robo_planner/config/ur_description/config/ur10e/physical_parameters.yaml
[19.862s] -- Up-to-date: /home/autopilot/ws/restackcell/ws_moveit2/install/robo_planner/share/robo_planner/config/ur_description/config/pilz_cartesian_limits.yaml
[19.862s] -- Up-to-date: /home/autopilot/ws/restackcell/ws_moveit2/install/robo_planner/share/robo_planner/config/ur_description/config/pilz_industrial_motion_planner_planning.yaml
[19.862s] -- Up-to-date: /home/autopilot/ws/restackcell/ws_moveit2/install/robo_planner/share/robo_planner/config/ur_description/config/ur10
[19.863s] -- Up-to-date: /home/autopilot/ws/restackcell/ws_moveit2/install/robo_planner/share/robo_planner/config/ur_description/config/ur10/visual_parameters.yaml
[19.863s] -- Up-to-date: /home/autopilot/ws/restackcell/ws_moveit2/install/robo_planner/share/robo_planner/config/ur_description/config/ur10/default_kinematics.yaml
[19.863s] -- Up-to-date: /home/autopilot/ws/restackcell/ws_moveit2/install/robo_planner/share/robo_planner/config/ur_description/config/ur10/joint_limits.yaml
[19.864s] -- Up-to-date: /home/autopilot/ws/restackcell/ws_moveit2/install/robo_planner/share/robo_planner/config/ur_description/config/ur10/physical_parameters.yaml
[19.864s] -- Up-to-date: /home/autopilot/ws/restackcell/ws_moveit2/install/robo_planner/share/robo_planner/config/ur_description/config/ur5
[19.865s] -- Up-to-date: /home/autopilot/ws/restackcell/ws_moveit2/install/robo_planner/share/robo_planner/config/ur_description/config/ur5/visual_parameters.yaml
[19.865s] -- Up-to-date: /home/autopilot/ws/restackcell/ws_moveit2/install/robo_planner/share/robo_planner/config/ur_description/config/ur5/default_kinematics.yaml
[19.865s] -- Up-to-date: /home/autopilot/ws/restackcell/ws_moveit2/install/robo_planner/share/robo_planner/config/ur_description/config/ur5/joint_limits.yaml
[19.866s] -- Up-to-date: /home/autopilot/ws/restackcell/ws_moveit2/install/robo_planner/share/robo_planner/config/ur_description/config/ur5/physical_parameters.yaml
[19.866s] -- Up-to-date: /home/autopilot/ws/restackcell/ws_moveit2/install/robo_planner/share/robo_planner/config/ur_description/launch
[19.866s] -- Up-to-date: /home/autopilot/ws/restackcell/ws_moveit2/install/robo_planner/share/robo_planner/config/ur_description/launch/view_ur.launch.py
[19.866s] -- Up-to-date: /home/autopilot/ws/restackcell/ws_moveit2/install/robo_planner/share/robo_planner/config/ur_description/meshes
[19.867s] -- Up-to-date: /home/autopilot/ws/restackcell/ws_moveit2/install/robo_planner/share/robo_planner/config/ur_description/meshes/ur20
[19.867s] -- Up-to-date: /home/autopilot/ws/restackcell/ws_moveit2/install/robo_planner/share/robo_planner/config/ur_description/meshes/ur20/collision
[19.867s] -- Up-to-date: /home/autopilot/ws/restackcell/ws_moveit2/install/robo_planner/share/robo_planner/config/ur_description/meshes/ur20/collision/forearm.stl
[19.867s] -- Up-to-date: /home/autopilot/ws/restackcell/ws_moveit2/install/robo_planner/share/robo_planner/config/ur_description/meshes/ur20/collision/base.stl
[19.867s] -- Up-to-date: /home/autopilot/ws/restackcell/ws_moveit2/install/robo_planner/share/robo_planner/config/ur_description/meshes/ur20/collision/wrist2.stl
[19.868s] -- Up-to-date: /home/autopilot/ws/restackcell/ws_moveit2/install/robo_planner/share/robo_planner/config/ur_description/meshes/ur20/collision/wrist3.stl
[19.869s] -- Up-to-date: /home/autopilot/ws/restackcell/ws_moveit2/install/robo_planner/share/robo_planner/config/ur_description/meshes/ur20/collision/wrist1.stl
[19.869s] -- Up-to-date: /home/autopilot/ws/restackcell/ws_moveit2/install/robo_planner/share/robo_planner/config/ur_description/meshes/ur20/collision/shoulder.stl
[19.870s] -- Up-to-date: /home/autopilot/ws/restackcell/ws_moveit2/install/robo_planner/share/robo_planner/config/ur_description/meshes/ur20/collision/upperarm.stl
[19.872s] -- Up-to-date: /home/autopilot/ws/restackcell/ws_moveit2/install/robo_planner/share/robo_planner/config/ur_description/meshes/ur20/LICENSE.txt
[19.872s] -- Up-to-date: /home/autopilot/ws/restackcell/ws_moveit2/install/robo_planner/share/robo_planner/config/ur_description/meshes/ur20/visual
[19.872s] -- Up-to-date: /home/autopilot/ws/restackcell/ws_moveit2/install/robo_planner/share/robo_planner/config/ur_description/meshes/ur20/visual/UR20_DIFF_8bit_2K.png
[19.872s] -- Up-to-date: /home/autopilot/ws/restackcell/ws_moveit2/install/robo_planner/share/robo_planner/config/ur_description/meshes/ur20/visual/upperarm.dae
[19.872s] -- Up-to-date: /home/autopilot/ws/restackcell/ws_moveit2/install/robo_planner/share/robo_planner/config/ur_description/meshes/ur20/visual/forearm.dae
[19.872s] -- Up-to-date: /home/autopilot/ws/restackcell/ws_moveit2/install/robo_planner/share/robo_planner/config/ur_description/meshes/ur20/visual/shoulder.dae
[19.874s] -- Up-to-date: /home/autopilot/ws/restackcell/ws_moveit2/install/robo_planner/share/robo_planner/config/ur_description/meshes/ur20/visual/wrist3.dae
[19.874s] -- Up-to-date: /home/autopilot/ws/restackcell/ws_moveit2/install/robo_planner/share/robo_planner/config/ur_description/meshes/ur20/visual/wrist1.dae
[19.874s] -- Up-to-date: /home/autopilot/ws/restackcell/ws_moveit2/install/robo_planner/share/robo_planner/config/ur_description/meshes/ur20/visual/wrist2.dae
[19.874s] -- Up-to-date: /home/autopilot/ws/restackcell/ws_moveit2/install/robo_planner/share/robo_planner/config/ur_description/meshes/ur20/visual/base.dae
[19.874s] -- Up-to-date: /home/autopilot/ws/restackcell/ws_moveit2/install/robo_planner/share/robo_planner/config/ur_description/meshes/ur5e
[19.874s] -- Up-to-date: /home/autopilot/ws/restackcell/ws_moveit2/install/robo_planner/share/robo_planner/config/ur_description/meshes/ur5e/collision
[19.875s] -- Up-to-date: /home/autopilot/ws/restackcell/ws_moveit2/install/robo_planner/share/robo_planner/config/ur_description/meshes/ur5e/collision/forearm.stl
[19.875s] -- Up-to-date: /home/autopilot/ws/restackcell/ws_moveit2/install/robo_planner/share/robo_planner/config/ur_description/meshes/ur5e/collision/base.stl
[19.875s] -- Up-to-date: /home/autopilot/ws/restackcell/ws_moveit2/install/robo_planner/share/robo_planner/config/ur_description/meshes/ur5e/collision/wrist2.stl
[19.875s] -- Up-to-date: /home/autopilot/ws/restackcell/ws_moveit2/install/robo_planner/share/robo_planner/config/ur_description/meshes/ur5e/collision/wrist3.stl
[19.875s] -- Up-to-date: /home/autopilot/ws/restackcell/ws_moveit2/install/robo_planner/share/robo_planner/config/ur_description/meshes/ur5e/collision/wrist1.stl
[19.875s] -- Up-to-date: /home/autopilot/ws/restackcell/ws_moveit2/install/robo_planner/share/robo_planner/config/ur_description/meshes/ur5e/collision/shoulder.stl
[19.875s] -- Up-to-date: /home/autopilot/ws/restackcell/ws_moveit2/install/robo_planner/share/robo_planner/config/ur_description/meshes/ur5e/collision/upperarm.stl
[19.875s] -- Up-to-date: /home/autopilot/ws/restackcell/ws_moveit2/install/robo_planner/share/robo_planner/config/ur_description/meshes/ur5e/visual
[19.875s] -- Up-to-date: /home/autopilot/ws/restackcell/ws_moveit2/install/robo_planner/share/robo_planner/config/ur_description/meshes/ur5e/visual/upperarm.dae
[19.875s] -- Up-to-date: /home/autopilot/ws/restackcell/ws_moveit2/install/robo_planner/share/robo_planner/config/ur_description/meshes/ur5e/visual/forearm.dae
[19.875s] -- Up-to-date: /home/autopilot/ws/restackcell/ws_moveit2/install/robo_planner/share/robo_planner/config/ur_description/meshes/ur5e/visual/shoulder.dae
[19.876s] -- Up-to-date: /home/autopilot/ws/restackcell/ws_moveit2/install/robo_planner/share/robo_planner/config/ur_description/meshes/ur5e/visual/wrist3.dae
[19.876s] -- Up-to-date: /home/autopilot/ws/restackcell/ws_moveit2/install/robo_planner/share/robo_planner/config/ur_description/meshes/ur5e/visual/wrist1.dae
[19.876s] -- Up-to-date: /home/autopilot/ws/restackcell/ws_moveit2/install/robo_planner/share/robo_planner/config/ur_description/meshes/ur5e/visual/wrist2.dae
[19.876s] -- Up-to-date: /home/autopilot/ws/restackcell/ws_moveit2/install/robo_planner/share/robo_planner/config/ur_description/meshes/ur5e/visual/base.dae
[19.876s] -- Up-to-date: /home/autopilot/ws/restackcell/ws_moveit2/install/robo_planner/share/robo_planner/config/ur_description/meshes/ur3
[19.876s] -- Up-to-date: /home/autopilot/ws/restackcell/ws_moveit2/install/robo_planner/share/robo_planner/config/ur_description/meshes/ur3/collision
[19.876s] -- Up-to-date: /home/autopilot/ws/restackcell/ws_moveit2/install/robo_planner/share/robo_planner/config/ur_description/meshes/ur3/collision/forearm.stl
[19.876s] -- Up-to-date: /home/autopilot/ws/restackcell/ws_moveit2/install/robo_planner/share/robo_planner/config/ur_description/meshes/ur3/collision/base.stl
[19.876s] -- Up-to-date: /home/autopilot/ws/restackcell/ws_moveit2/install/robo_planner/share/robo_planner/config/ur_description/meshes/ur3/collision/wrist2.stl
[19.876s] -- Up-to-date: /home/autopilot/ws/restackcell/ws_moveit2/install/robo_planner/share/robo_planner/config/ur_description/meshes/ur3/collision/wrist3.stl
[19.877s] -- Up-to-date: /home/autopilot/ws/restackcell/ws_moveit2/install/robo_planner/share/robo_planner/config/ur_description/meshes/ur3/collision/wrist1.stl
[19.877s] -- Up-to-date: /home/autopilot/ws/restackcell/ws_moveit2/install/robo_planner/share/robo_planner/config/ur_description/meshes/ur3/collision/shoulder.stl
[19.877s] -- Up-to-date: /home/autopilot/ws/restackcell/ws_moveit2/install/robo_planner/share/robo_planner/config/ur_description/meshes/ur3/collision/upperarm.stl
[19.877s] -- Up-to-date: /home/autopilot/ws/restackcell/ws_moveit2/install/robo_planner/share/robo_planner/config/ur_description/meshes/ur3/visual
[19.877s] -- Up-to-date: /home/autopilot/ws/restackcell/ws_moveit2/install/robo_planner/share/robo_planner/config/ur_description/meshes/ur3/visual/upperarm.dae
[19.877s] -- Up-to-date: /home/autopilot/ws/restackcell/ws_moveit2/install/robo_planner/share/robo_planner/config/ur_description/meshes/ur3/visual/forearm.dae
[19.877s] -- Up-to-date: /home/autopilot/ws/restackcell/ws_moveit2/install/robo_planner/share/robo_planner/config/ur_description/meshes/ur3/visual/shoulder.dae
[19.877s] -- Up-to-date: /home/autopilot/ws/restackcell/ws_moveit2/install/robo_planner/share/robo_planner/config/ur_description/meshes/ur3/visual/wrist3.dae
[19.877s] -- Up-to-date: /home/autopilot/ws/restackcell/ws_moveit2/install/robo_planner/share/robo_planner/config/ur_description/meshes/ur3/visual/wrist1.dae
[19.877s] -- Up-to-date: /home/autopilot/ws/restackcell/ws_moveit2/install/robo_planner/share/robo_planner/config/ur_description/meshes/ur3/visual/wrist2.dae
[19.877s] -- Up-to-date: /home/autopilot/ws/restackcell/ws_moveit2/install/robo_planner/share/robo_planner/config/ur_description/meshes/ur3/visual/base.dae
[19.878s] -- Up-to-date: /home/autopilot/ws/restackcell/ws_moveit2/install/robo_planner/share/robo_planner/config/ur_description/meshes/ur16e
[19.878s] -- Up-to-date: /home/autopilot/ws/restackcell/ws_moveit2/install/robo_planner/share/robo_planner/config/ur_description/meshes/ur16e/collision
[19.878s] -- Up-to-date: /home/autopilot/ws/restackcell/ws_moveit2/install/robo_planner/share/robo_planner/config/ur_description/meshes/ur16e/collision/forearm.stl
[19.878s] -- Up-to-date: /home/autopilot/ws/restackcell/ws_moveit2/install/robo_planner/share/robo_planner/config/ur_description/meshes/ur16e/collision/restackcell_gripper.STL
[19.878s] -- Up-to-date: /home/autopilot/ws/restackcell/ws_moveit2/install/robo_planner/share/robo_planner/config/ur_description/meshes/ur16e/collision/upperarm.stl
[19.878s] -- Up-to-date: /home/autopilot/ws/restackcell/ws_moveit2/install/robo_planner/share/robo_planner/config/ur_description/meshes/ur16e/visual
[19.878s] -- Up-to-date: /home/autopilot/ws/restackcell/ws_moveit2/install/robo_planner/share/robo_planner/config/ur_description/meshes/ur16e/visual/upperarm.dae
[19.878s] -- Up-to-date: /home/autopilot/ws/restackcell/ws_moveit2/install/robo_planner/share/robo_planner/config/ur_description/meshes/ur16e/visual/forearm.dae
[19.878s] -- Up-to-date: /home/autopilot/ws/restackcell/ws_moveit2/install/robo_planner/share/robo_planner/config/ur_description/meshes/ur16e/visual/restackcell_gripper.STL
[19.878s] -- Up-to-date: /home/autopilot/ws/restackcell/ws_moveit2/install/robo_planner/share/robo_planner/config/ur_description/meshes/ur3e
[19.878s] -- Up-to-date: /home/autopilot/ws/restackcell/ws_moveit2/install/robo_planner/share/robo_planner/config/ur_description/meshes/ur3e/collision
[19.879s] -- Up-to-date: /home/autopilot/ws/restackcell/ws_moveit2/install/robo_planner/share/robo_planner/config/ur_description/meshes/ur3e/collision/forearm.stl
[19.879s] -- Up-to-date: /home/autopilot/ws/restackcell/ws_moveit2/install/robo_planner/share/robo_planner/config/ur_description/meshes/ur3e/collision/base.stl
[19.879s] -- Up-to-date: /home/autopilot/ws/restackcell/ws_moveit2/install/robo_planner/share/robo_planner/config/ur_description/meshes/ur3e/collision/wrist2.stl
[19.879s] -- Up-to-date: /home/autopilot/ws/restackcell/ws_moveit2/install/robo_planner/share/robo_planner/config/ur_description/meshes/ur3e/collision/wrist3.stl
[19.879s] -- Up-to-date: /home/autopilot/ws/restackcell/ws_moveit2/install/robo_planner/share/robo_planner/config/ur_description/meshes/ur3e/collision/wrist1.stl
[19.879s] -- Up-to-date: /home/autopilot/ws/restackcell/ws_moveit2/install/robo_planner/share/robo_planner/config/ur_description/meshes/ur3e/collision/shoulder.stl
[19.879s] -- Up-to-date: /home/autopilot/ws/restackcell/ws_moveit2/install/robo_planner/share/robo_planner/config/ur_description/meshes/ur3e/collision/upperarm.stl
[19.879s] -- Up-to-date: /home/autopilot/ws/restackcell/ws_moveit2/install/robo_planner/share/robo_planner/config/ur_description/meshes/ur3e/visual
[19.879s] -- Up-to-date: /home/autopilot/ws/restackcell/ws_moveit2/install/robo_planner/share/robo_planner/config/ur_description/meshes/ur3e/visual/upperarm.dae
[19.879s] -- Up-to-date: /home/autopilot/ws/restackcell/ws_moveit2/install/robo_planner/share/robo_planner/config/ur_description/meshes/ur3e/visual/forearm.dae
[19.880s] -- Up-to-date: /home/autopilot/ws/restackcell/ws_moveit2/install/robo_planner/share/robo_planner/config/ur_description/meshes/ur3e/visual/shoulder.dae
[19.880s] -- Up-to-date: /home/autopilot/ws/restackcell/ws_moveit2/install/robo_planner/share/robo_planner/config/ur_description/meshes/ur3e/visual/wrist3.dae
[19.880s] -- Up-to-date: /home/autopilot/ws/restackcell/ws_moveit2/install/robo_planner/share/robo_planner/config/ur_description/meshes/ur3e/visual/wrist1.dae
[19.880s] -- Up-to-date: /home/autopilot/ws/restackcell/ws_moveit2/install/robo_planner/share/robo_planner/config/ur_description/meshes/ur3e/visual/wrist2.dae
[19.880s] -- Up-to-date: /home/autopilot/ws/restackcell/ws_moveit2/install/robo_planner/share/robo_planner/config/ur_description/meshes/ur3e/visual/base.dae
[19.880s] -- Up-to-date: /home/autopilot/ws/restackcell/ws_moveit2/install/robo_planner/share/robo_planner/config/ur_description/meshes/ur30
[19.880s] -- Up-to-date: /home/autopilot/ws/restackcell/ws_moveit2/install/robo_planner/share/robo_planner/config/ur_description/meshes/ur30/collision
[19.880s] -- Up-to-date: /home/autopilot/ws/restackcell/ws_moveit2/install/robo_planner/share/robo_planner/config/ur_description/meshes/ur30/collision/forearm.stl
[19.880s] -- Up-to-date: /home/autopilot/ws/restackcell/ws_moveit2/install/robo_planner/share/robo_planner/config/ur_description/meshes/ur30/collision/upperarm.stl
[19.880s] -- Up-to-date: /home/autopilot/ws/restackcell/ws_moveit2/install/robo_planner/share/robo_planner/config/ur_description/meshes/ur30/LICENSE.txt
[19.881s] -- Up-to-date: /home/autopilot/ws/restackcell/ws_moveit2/install/robo_planner/share/robo_planner/config/ur_description/meshes/ur30/visual
[19.881s] -- Up-to-date: /home/autopilot/ws/restackcell/ws_moveit2/install/robo_planner/share/robo_planner/config/ur_description/meshes/ur30/visual/upperarm.dae
[19.881s] -- Up-to-date: /home/autopilot/ws/restackcell/ws_moveit2/install/robo_planner/share/robo_planner/config/ur_description/meshes/ur30/visual/forearm.dae
[19.881s] -- Up-to-date: /home/autopilot/ws/restackcell/ws_moveit2/install/robo_planner/share/robo_planner/config/ur_description/meshes/ur30/visual/UR30_DIFF_8bit_2K.png
[19.881s] -- Up-to-date: /home/autopilot/ws/restackcell/ws_moveit2/install/robo_planner/share/robo_planner/config/ur_description/meshes/ur10e
[19.881s] -- Up-to-date: /home/autopilot/ws/restackcell/ws_moveit2/install/robo_planner/share/robo_planner/config/ur_description/meshes/ur10e/collision
[19.881s] -- Up-to-date: /home/autopilot/ws/restackcell/ws_moveit2/install/robo_planner/share/robo_planner/config/ur_description/meshes/ur10e/collision/forearm.stl
[19.881s] -- Up-to-date: /home/autopilot/ws/restackcell/ws_moveit2/install/robo_planner/share/robo_planner/config/ur_description/meshes/ur10e/collision/base.stl
[19.881s] -- Up-to-date: /home/autopilot/ws/restackcell/ws_moveit2/install/robo_planner/share/robo_planner/config/ur_description/meshes/ur10e/collision/wrist2.stl
[19.881s] -- Up-to-date: /home/autopilot/ws/restackcell/ws_moveit2/install/robo_planner/share/robo_planner/config/ur_description/meshes/ur10e/collision/wrist3.stl
[19.881s] -- Up-to-date: /home/autopilot/ws/restackcell/ws_moveit2/install/robo_planner/share/robo_planner/config/ur_description/meshes/ur10e/collision/wrist1.stl
[19.882s] -- Up-to-date: /home/autopilot/ws/restackcell/ws_moveit2/install/robo_planner/share/robo_planner/config/ur_description/meshes/ur10e/collision/shoulder.stl
[19.882s] -- Up-to-date: /home/autopilot/ws/restackcell/ws_moveit2/install/robo_planner/share/robo_planner/config/ur_description/meshes/ur10e/collision/upperarm.stl
[19.882s] -- Up-to-date: /home/autopilot/ws/restackcell/ws_moveit2/install/robo_planner/share/robo_planner/config/ur_description/meshes/ur10e/visual
[19.882s] -- Up-to-date: /home/autopilot/ws/restackcell/ws_moveit2/install/robo_planner/share/robo_planner/config/ur_description/meshes/ur10e/visual/upperarm.dae
[19.882s] -- Up-to-date: /home/autopilot/ws/restackcell/ws_moveit2/install/robo_planner/share/robo_planner/config/ur_description/meshes/ur10e/visual/forearm.dae
[19.882s] -- Up-to-date: /home/autopilot/ws/restackcell/ws_moveit2/install/robo_planner/share/robo_planner/config/ur_description/meshes/ur10e/visual/shoulder.dae
[19.882s] -- Up-to-date: /home/autopilot/ws/restackcell/ws_moveit2/install/robo_planner/share/robo_planner/config/ur_description/meshes/ur10e/visual/wrist3.dae
[19.882s] -- Up-to-date: /home/autopilot/ws/restackcell/ws_moveit2/install/robo_planner/share/robo_planner/config/ur_description/meshes/ur10e/visual/wrist1.dae
[19.882s] -- Up-to-date: /home/autopilot/ws/restackcell/ws_moveit2/install/robo_planner/share/robo_planner/config/ur_description/meshes/ur10e/visual/wrist2.dae
[19.882s] -- Up-to-date: /home/autopilot/ws/restackcell/ws_moveit2/install/robo_planner/share/robo_planner/config/ur_description/meshes/ur10e/visual/base.dae
[19.882s] -- Up-to-date: /home/autopilot/ws/restackcell/ws_moveit2/install/robo_planner/share/robo_planner/config/ur_description/meshes/ur10
[19.883s] -- Up-to-date: /home/autopilot/ws/restackcell/ws_moveit2/install/robo_planner/share/robo_planner/config/ur_description/meshes/ur10/collision
[19.883s] -- Up-to-date: /home/autopilot/ws/restackcell/ws_moveit2/install/robo_planner/share/robo_planner/config/ur_description/meshes/ur10/collision/forearm.stl
[19.883s] -- Up-to-date: /home/autopilot/ws/restackcell/ws_moveit2/install/robo_planner/share/robo_planner/config/ur_description/meshes/ur10/collision/base.stl
[19.883s] -- Up-to-date: /home/autopilot/ws/restackcell/ws_moveit2/install/robo_planner/share/robo_planner/config/ur_description/meshes/ur10/collision/wrist2.stl
[19.883s] -- Up-to-date: /home/autopilot/ws/restackcell/ws_moveit2/install/robo_planner/share/robo_planner/config/ur_description/meshes/ur10/collision/wrist3.stl
[19.883s] -- Up-to-date: /home/autopilot/ws/restackcell/ws_moveit2/install/robo_planner/share/robo_planner/config/ur_description/meshes/ur10/collision/wrist1.stl
[19.883s] -- Up-to-date: /home/autopilot/ws/restackcell/ws_moveit2/install/robo_planner/share/robo_planner/config/ur_description/meshes/ur10/collision/shoulder.stl
[19.883s] -- Up-to-date: /home/autopilot/ws/restackcell/ws_moveit2/install/robo_planner/share/robo_planner/config/ur_description/meshes/ur10/collision/upperarm.stl
[19.883s] -- Up-to-date: /home/autopilot/ws/restackcell/ws_moveit2/install/robo_planner/share/robo_planner/config/ur_description/meshes/ur10/visual
[19.883s] -- Up-to-date: /home/autopilot/ws/restackcell/ws_moveit2/install/robo_planner/share/robo_planner/config/ur_description/meshes/ur10/visual/upperarm.dae
[19.883s] -- Up-to-date: /home/autopilot/ws/restackcell/ws_moveit2/install/robo_planner/share/robo_planner/config/ur_description/meshes/ur10/visual/forearm.dae
[19.884s] -- Up-to-date: /home/autopilot/ws/restackcell/ws_moveit2/install/robo_planner/share/robo_planner/config/ur_description/meshes/ur10/visual/shoulder.dae
[19.884s] -- Up-to-date: /home/autopilot/ws/restackcell/ws_moveit2/install/robo_planner/share/robo_planner/config/ur_description/meshes/ur10/visual/wrist3.dae
[19.884s] -- Up-to-date: /home/autopilot/ws/restackcell/ws_moveit2/install/robo_planner/share/robo_planner/config/ur_description/meshes/ur10/visual/wrist1.dae
[19.884s] -- Up-to-date: /home/autopilot/ws/restackcell/ws_moveit2/install/robo_planner/share/robo_planner/config/ur_description/meshes/ur10/visual/wrist2.dae
[19.884s] -- Up-to-date: /home/autopilot/ws/restackcell/ws_moveit2/install/robo_planner/share/robo_planner/config/ur_description/meshes/ur10/visual/base.dae
[19.884s] -- Up-to-date: /home/autopilot/ws/restackcell/ws_moveit2/install/robo_planner/share/robo_planner/config/ur_description/meshes/ur5
[19.884s] -- Up-to-date: /home/autopilot/ws/restackcell/ws_moveit2/install/robo_planner/share/robo_planner/config/ur_description/meshes/ur5/collision
[19.884s] -- Up-to-date: /home/autopilot/ws/restackcell/ws_moveit2/install/robo_planner/share/robo_planner/config/ur_description/meshes/ur5/collision/forearm.stl
[19.884s] -- Up-to-date: /home/autopilot/ws/restackcell/ws_moveit2/install/robo_planner/share/robo_planner/config/ur_description/meshes/ur5/collision/base.stl
[19.884s] -- Up-to-date: /home/autopilot/ws/restackcell/ws_moveit2/install/robo_planner/share/robo_planner/config/ur_description/meshes/ur5/collision/wrist2.stl
[19.885s] -- Up-to-date: /home/autopilot/ws/restackcell/ws_moveit2/install/robo_planner/share/robo_planner/config/ur_description/meshes/ur5/collision/wrist3.stl
[19.885s] -- Up-to-date: /home/autopilot/ws/restackcell/ws_moveit2/install/robo_planner/share/robo_planner/config/ur_description/meshes/ur5/collision/wrist1.stl
[19.885s] -- Up-to-date: /home/autopilot/ws/restackcell/ws_moveit2/install/robo_planner/share/robo_planner/config/ur_description/meshes/ur5/collision/shoulder.stl
[19.885s] -- Up-to-date: /home/autopilot/ws/restackcell/ws_moveit2/install/robo_planner/share/robo_planner/config/ur_description/meshes/ur5/collision/upperarm.stl
[19.885s] -- Up-to-date: /home/autopilot/ws/restackcell/ws_moveit2/install/robo_planner/share/robo_planner/config/ur_description/meshes/ur5/visual
[19.885s] -- Up-to-date: /home/autopilot/ws/restackcell/ws_moveit2/install/robo_planner/share/robo_planner/config/ur_description/meshes/ur5/visual/upperarm.dae
[19.885s] -- Up-to-date: /home/autopilot/ws/restackcell/ws_moveit2/install/robo_planner/share/robo_planner/config/ur_description/meshes/ur5/visual/forearm.dae
[19.885s] -- Up-to-date: /home/autopilot/ws/restackcell/ws_moveit2/install/robo_planner/share/robo_planner/config/ur_description/meshes/ur5/visual/shoulder.dae
[19.885s] -- Up-to-date: /home/autopilot/ws/restackcell/ws_moveit2/install/robo_planner/share/robo_planner/config/ur_description/meshes/ur5/visual/wrist3.dae
[19.885s] -- Up-to-date: /home/autopilot/ws/restackcell/ws_moveit2/install/robo_planner/share/robo_planner/config/ur_description/meshes/ur5/visual/wrist1.dae
[19.885s] -- Up-to-date: /home/autopilot/ws/restackcell/ws_moveit2/install/robo_planner/share/robo_planner/config/ur_description/meshes/ur5/visual/wrist2.dae
[19.886s] -- Up-to-date: /home/autopilot/ws/restackcell/ws_moveit2/install/robo_planner/share/robo_planner/config/ur_description/meshes/ur5/visual/base.dae
[19.886s] -- Up-to-date: /home/autopilot/ws/restackcell/ws_moveit2/install/robo_planner/share/robo_planner/config/ur_description/local_setup.bash
[19.886s] -- Up-to-date: /home/autopilot/ws/restackcell/ws_moveit2/install/robo_planner/share/robo_planner/config/ur_description/test
[19.886s] -- Up-to-date: /home/autopilot/ws/restackcell/ws_moveit2/install/robo_planner/share/robo_planner/config/ur_description/test/__pycache__
[19.886s] -- Up-to-date: /home/autopilot/ws/restackcell/ws_moveit2/install/robo_planner/share/robo_planner/config/ur_description/test/__pycache__/test_ur_urdf_xacro.cpython-310-pytest-6.2.5.pyc
[19.886s] -- Up-to-date: /home/autopilot/ws/restackcell/ws_moveit2/install/robo_planner/share/robo_planner/config/ur_description/test/__pycache__/test_view_ur_launch.cpython-310-pytest-6.2.5.pyc
[19.887s] -- Up-to-date: /home/autopilot/ws/restackcell/ws_moveit2/install/robo_planner/share/robo_planner/config/ur_description/test/test_ur_urdf_xacro.py
[19.888s] -- Up-to-date: /home/autopilot/ws/restackcell/ws_moveit2/install/robo_planner/share/robo_planner/config/ur_description/test/test_view_ur_launch.py
[19.888s] -- Up-to-date: /home/autopilot/ws/restackcell/ws_moveit2/install/robo_planner/share/robo_planner/config/ur_description/environment
[19.888s] -- Up-to-date: /home/autopilot/ws/restackcell/ws_moveit2/install/robo_planner/share/robo_planner/config/ur_description/environment/ament_prefix_path.sh
[19.888s] -- Up-to-date: /home/autopilot/ws/restackcell/ws_moveit2/install/robo_planner/share/robo_planner/config/ur_description/environment/path.dsv
[19.888s] -- Up-to-date: /home/autopilot/ws/restackcell/ws_moveit2/install/robo_planner/share/robo_planner/config/ur_description/environment/ament_prefix_path.dsv
[19.888s] -- Up-to-date: /home/autopilot/ws/restackcell/ws_moveit2/install/robo_planner/share/robo_planner/config/ur_description/environment/path.sh
[19.888s] -- Up-to-date: /home/autopilot/ws/restackcell/ws_moveit2/install/robo_planner/share/robo_planner/config/ur_description/package.xml
[19.889s] -- Up-to-date: /home/autopilot/ws/restackcell/ws_moveit2/install/robo_planner/share/robo_planner/config/visual_parameters.yaml
[19.889s] -- Up-to-date: /home/autopilot/ws/restackcell/ws_moveit2/install/robo_planner/share/robo_planner/config/default_kinematics.yaml
[19.889s] -- Up-to-date: /home/autopilot/ws/restackcell/ws_moveit2/install/robo_planner/share/robo_planner/config/ur_moveit_config
[19.889s] -- Up-to-date: /home/autopilot/ws/restackcell/ws_moveit2/install/robo_planner/share/robo_planner/config/ur_moveit_config/package.dsv
[19.889s] -- Up-to-date: /home/autopilot/ws/restackcell/ws_moveit2/install/robo_planner/share/robo_planner/config/ur_moveit_config/local_setup.zsh
[19.889s] -- Up-to-date: /home/autopilot/ws/restackcell/ws_moveit2/install/robo_planner/share/robo_planner/config/ur_moveit_config/rviz
[19.889s] -- Up-to-date: /home/autopilot/ws/restackcell/ws_moveit2/install/robo_planner/share/robo_planner/config/ur_moveit_config/rviz/view_robot.rviz
[19.889s] -- Up-to-date: /home/autopilot/ws/restackcell/ws_moveit2/install/robo_planner/share/robo_planner/config/ur_moveit_config/local_setup.sh
[19.889s] -- Up-to-date: /home/autopilot/ws/restackcell/ws_moveit2/install/robo_planner/share/robo_planner/config/ur_moveit_config/cmake
[19.889s] -- Up-to-date: /home/autopilot/ws/restackcell/ws_moveit2/install/robo_planner/share/robo_planner/config/ur_moveit_config/cmake/ur_moveit_configConfig-version.cmake
[19.890s] -- Up-to-date: /home/autopilot/ws/restackcell/ws_moveit2/install/robo_planner/share/robo_planner/config/ur_moveit_config/cmake/ur_moveit_configConfig.cmake
[19.890s] -- Up-to-date: /home/autopilot/ws/restackcell/ws_moveit2/install/robo_planner/share/robo_planner/config/ur_moveit_config/local_setup.dsv
[19.890s] -- Up-to-date: /home/autopilot/ws/restackcell/ws_moveit2/install/robo_planner/share/robo_planner/config/ur_moveit_config/config
[19.890s] -- Up-to-date: /home/autopilot/ws/restackcell/ws_moveit2/install/robo_planner/share/robo_planner/config/ur_moveit_config/config/ur_servo.yaml
[19.890s] -- Up-to-date: /home/autopilot/ws/restackcell/ws_moveit2/install/robo_planner/share/robo_planner/config/ur_moveit_config/config/ompl_planning.yaml
[19.890s] -- Up-to-date: /home/autopilot/ws/restackcell/ws_moveit2/install/robo_planner/share/robo_planner/config/ur_moveit_config/config/controllers.yaml
[19.890s] -- Up-to-date: /home/autopilot/ws/restackcell/ws_moveit2/install/robo_planner/share/robo_planner/config/ur_moveit_config/config/pilz_cartesian_limits.yaml
[19.890s] -- Up-to-date: /home/autopilot/ws/restackcell/ws_moveit2/install/robo_planner/share/robo_planner/config/ur_moveit_config/config/pilz_industrial_motion_planner_planning.yaml
[19.890s] -- Up-to-date: /home/autopilot/ws/restackcell/ws_moveit2/install/robo_planner/share/robo_planner/config/ur_moveit_config/config/kinematics.yaml
[19.890s] -- Up-to-date: /home/autopilot/ws/restackcell/ws_moveit2/install/robo_planner/share/robo_planner/config/ur_moveit_config/launch
[19.890s] -- Up-to-date: /home/autopilot/ws/restackcell/ws_moveit2/install/robo_planner/share/robo_planner/config/ur_moveit_config/launch/ur_moveit.launch.py
[19.891s] -- Up-to-date: /home/autopilot/ws/restackcell/ws_moveit2/install/robo_planner/share/robo_planner/config/ur_moveit_config/local_setup.bash
[19.891s] -- Up-to-date: /home/autopilot/ws/restackcell/ws_moveit2/install/robo_planner/share/robo_planner/config/ur_moveit_config/environment
[19.891s] -- Up-to-date: /home/autopilot/ws/restackcell/ws_moveit2/install/robo_planner/share/robo_planner/config/ur_moveit_config/environment/pythonpath.sh
[19.891s] -- Up-to-date: /home/autopilot/ws/restackcell/ws_moveit2/install/robo_planner/share/robo_planner/config/ur_moveit_config/environment/ament_prefix_path.sh
[19.891s] -- Up-to-date: /home/autopilot/ws/restackcell/ws_moveit2/install/robo_planner/share/robo_planner/config/ur_moveit_config/environment/path.dsv
[19.891s] -- Up-to-date: /home/autopilot/ws/restackcell/ws_moveit2/install/robo_planner/share/robo_planner/config/ur_moveit_config/environment/ament_prefix_path.dsv
[19.891s] -- Up-to-date: /home/autopilot/ws/restackcell/ws_moveit2/install/robo_planner/share/robo_planner/config/ur_moveit_config/environment/pythonpath.dsv
[19.891s] -- Up-to-date: /home/autopilot/ws/restackcell/ws_moveit2/install/robo_planner/share/robo_planner/config/ur_moveit_config/environment/path.sh
[19.891s] -- Up-to-date: /home/autopilot/ws/restackcell/ws_moveit2/install/robo_planner/share/robo_planner/config/ur_moveit_config/package.xml
[19.891s] -- Up-to-date: /home/autopilot/ws/restackcell/ws_moveit2/install/robo_planner/share/robo_planner/config/ur_moveit_config/srdf
[19.891s] -- Up-to-date: /home/autopilot/ws/restackcell/ws_moveit2/install/robo_planner/share/robo_planner/config/ur_moveit_config/srdf/ur_macro.srdf.xacro
[19.892s] -- Up-to-date: /home/autopilot/ws/restackcell/ws_moveit2/install/robo_planner/share/robo_planner/config/ur_moveit_config/srdf/ur.srdf.xacro
[19.892s] -- Up-to-date: /home/autopilot/ws/restackcell/ws_moveit2/install/robo_planner/share/robo_planner/config/joint_limits.yaml
[19.892s] -- Up-to-date: /home/autopilot/ws/restackcell/ws_moveit2/install/robo_planner/share/robo_planner/config/pilz_cartesian_limits.yaml
[19.892s] -- Up-to-date: /home/autopilot/ws/restackcell/ws_moveit2/install/robo_planner/share/robo_planner/config/pilz_industrial_motion_planner_planning.yaml
[19.892s] -- Up-to-date: /home/autopilot/ws/restackcell/ws_moveit2/install/robo_planner/share/robo_planner/config/physical_parameters.yaml
[19.892s] -- Up-to-date: /home/autopilot/ws/restackcell/ws_moveit2/install/robo_planner/share/ament_index/resource_index/package_run_dependencies/robo_planner
[19.892s] -- Up-to-date: /home/autopilot/ws/restackcell/ws_moveit2/install/robo_planner/share/ament_index/resource_index/parent_prefix_path/robo_planner
[19.892s] -- Up-to-date: /home/autopilot/ws/restackcell/ws_moveit2/install/robo_planner/share/robo_planner/environment/ament_prefix_path.sh
[19.892s] -- Up-to-date: /home/autopilot/ws/restackcell/ws_moveit2/install/robo_planner/share/robo_planner/environment/ament_prefix_path.dsv
[19.892s] -- Up-to-date: /home/autopilot/ws/restackcell/ws_moveit2/install/robo_planner/share/robo_planner/environment/path.sh
[19.893s] -- Up-to-date: /home/autopilot/ws/restackcell/ws_moveit2/install/robo_planner/share/robo_planner/environment/path.dsv
[19.893s] -- Up-to-date: /home/autopilot/ws/restackcell/ws_moveit2/install/robo_planner/share/robo_planner/local_setup.bash
[19.893s] -- Up-to-date: /home/autopilot/ws/restackcell/ws_moveit2/install/robo_planner/share/robo_planner/local_setup.sh
[19.893s] -- Up-to-date: /home/autopilot/ws/restackcell/ws_moveit2/install/robo_planner/share/robo_planner/local_setup.zsh
[19.893s] -- Up-to-date: /home/autopilot/ws/restackcell/ws_moveit2/install/robo_planner/share/robo_planner/local_setup.dsv
[19.893s] -- Installing: /home/autopilot/ws/restackcell/ws_moveit2/install/robo_planner/share/robo_planner/package.dsv
[19.894s] -- Up-to-date: /home/autopilot/ws/restackcell/ws_moveit2/install/robo_planner/share/ament_index/resource_index/packages/robo_planner
[19.894s] -- Up-to-date: /home/autopilot/ws/restackcell/ws_moveit2/install/robo_planner/share/robo_planner/cmake/robo_plannerConfig.cmake
[19.894s] -- Up-to-date: /home/autopilot/ws/restackcell/ws_moveit2/install/robo_planner/share/robo_planner/cmake/robo_plannerConfig-version.cmake
[19.894s] -- Up-to-date: /home/autopilot/ws/restackcell/ws_moveit2/install/robo_planner/share/robo_planner/package.xml
[19.894s] Invoked command in '/home/autopilot/ws/restackcell/ws_moveit2/build/robo_planner' returned '0': CMAKE_PREFIX_PATH=/home/autopilot/ws/restackcell/ws_moveit2/install/robo_planner_py:/home/autopilot/ws/restackcell/ws_moveit2/install/grid_snapper:/home/autopilot/ws/restackcell/ws_moveit2/install/opcua_client:/home/autopilot/ws/restackcell/ws_moveit2/install/interface_opcua:/opt/ros/humble:/home/autopilot/ws/restackcell/ws_moveit2/install/wzlscheduler_interfaces:/home/autopilot/ws/restackcell/ws_moveit2/install/opcua_interfaces:/home/autopilot/ws/restackcell/ws_moveit2/install/robo_planner:/home/autopilot/ws/restackcell/ws_moveit2/install/pcl_segmentation:/home/autopilot/ws/restackcell/ws_moveit2/install/moveit_backend:/home/autopilot/ws/restackcell/ws_moveit2/install/mockup_robot:/home/autopilot/ws/restackcell/ws_moveit2/install/ur_pilz:/home/autopilot/ws/restackcell/ws_moveit2/install/robo_planner_msgs:/home/autopilot/ws/restackcell/ws_moveit2/install/custom_ur_moveit_config:/home/autopilot/ws/restackcell/ws_moveit2/install/custom_ur_description LD_LIBRARY_PATH=/home/autopilot/ws/restackcell/ws_moveit2/install/wzlscheduler_interfaces/lib:/home/autopilot/ws/restackcell/ws_moveit2/install/opcua_interfaces/lib:/home/autopilot/ws/restackcell/ws_moveit2/install/robo_planner_msgs/lib:/opt/ros/humble/opt/rviz_ogre_vendor/lib:/opt/ros/humble/lib/aarch64-linux-gnu:/opt/ros/humble/lib PYTHONPATH=/home/autopilot/ws/restackcell/ws_moveit2/install/wzlscheduler_interfaces/local/lib/python3.10/dist-packages:/home/autopilot/ws/restackcell/ws_moveit2/install/robo_planner_py/lib/python3.10/site-packages:/home/autopilot/ws/restackcell/ws_moveit2/install/grid_snapper/lib/python3.10/site-packages:/home/autopilot/ws/restackcell/ws_moveit2/install/robo_planner_msgs/local/lib/python3.10/dist-packages:/home/autopilot/ws/restackcell/ws_moveit2/install/opcua_client/lib/python3.10/site-packages:/home/autopilot/ws/restackcell/ws_moveit2/install/opcua_interfaces/local/lib/python3.10/dist-packages:/home/autopilot/ws/restackcell/ws_moveit2/install/interface_opcua/lib/python3.10/site-packages:/opt/ros/humble/lib/python3.10/site-packages:/opt/ros/humble/local/lib/python3.10/dist-packages /usr/bin/cmake --install /home/autopilot/ws/restackcell/ws_moveit2/build/robo_planner
