[0.057s] Invoking command in '/home/autopilot/ws/restackcell/ws_moveit2/build/wzlscheduler_interfaces': /usr/bin/cmake --build /home/autopilot/ws/restackcell/ws_moveit2/build/wzlscheduler_interfaces -- -j8 -l8
[0.939s] [  0%] Built target wzlscheduler_interfaces__cpp
[0.939s] [ 12%] Built target wzlscheduler_interfaces__rosidl_generator_c
[0.940s] [ 12%] Built target ament_cmake_python_copy_wzlscheduler_interfaces
[0.940s] [ 24%] Built target wzlscheduler_interfaces__rosidl_typesupport_fastrtps_cpp
[0.940s] [ 36%] Built target wzlscheduler_interfaces__rosidl_typesupport_cpp
[0.940s] [ 48%] Built target wzlscheduler_interfaces__rosidl_typesupport_introspection_cpp
[0.940s] [ 60%] Built target wzlscheduler_interfaces__rosidl_typesupport_fastrtps_c
[0.940s] [ 72%] Built target wzlscheduler_interfaces__rosidl_typesupport_introspection_c
[0.940s] [ 84%] Built target wzlscheduler_interfaces__rosidl_typesupport_c
[0.940s] [ 84%] Built target wzlscheduler_interfaces
[0.940s] [ 85%] Built target wzlscheduler_interfaces__py
[0.941s] [ 96%] Built target wzlscheduler_interfaces__rosidl_generator_py
[0.987s] [ 97%] Built target wzlscheduler_interfaces__rosidl_typesupport_c__pyext
[1.061s] [ 98%] Built target wzlscheduler_interfaces__rosidl_typesupport_fastrtps_c__pyext
[1.076s] [100%] Built target wzlscheduler_interfaces__rosidl_typesupport_introspection_c__pyext
[1.103s] running egg_info
[1.106s] writing wzlscheduler_interfaces.egg-info/PKG-INFO
[1.107s] writing dependency_links to wzlscheduler_interfaces.egg-info/dependency_links.txt
[1.108s] writing top-level names to wzlscheduler_interfaces.egg-info/top_level.txt
[1.115s] reading manifest file 'wzlscheduler_interfaces.egg-info/SOURCES.txt'
[1.117s] writing manifest file 'wzlscheduler_interfaces.egg-info/SOURCES.txt'
[1.203s] [100%] Built target ament_cmake_python_build_wzlscheduler_interfaces_egg
[1.271s] Invoked command in '/home/autopilot/ws/restackcell/ws_moveit2/build/wzlscheduler_interfaces' returned '0': /usr/bin/cmake --build /home/autopilot/ws/restackcell/ws_moveit2/build/wzlscheduler_interfaces -- -j8 -l8
[5.494s] Invoking command in '/home/autopilot/ws/restackcell/ws_moveit2/build/wzlscheduler_interfaces': /usr/bin/cmake --install /home/autopilot/ws/restackcell/ws_moveit2/build/wzlscheduler_interfaces
[5.512s] -- Install configuration: ""
[5.512s] -- Up-to-date: /home/autopilot/ws/restackcell/ws_moveit2/install/wzlscheduler_interfaces/share/ament_index/resource_index/rosidl_interfaces/wzlscheduler_interfaces
[5.512s] -- Up-to-date: /home/autopilot/ws/restackcell/ws_moveit2/install/wzlscheduler_interfaces/include/wzlscheduler_interfaces/wzlscheduler_interfaces
[5.512s] -- Up-to-date: /home/autopilot/ws/restackcell/ws_moveit2/install/wzlscheduler_interfaces/include/wzlscheduler_interfaces/wzlscheduler_interfaces/msg
[5.512s] -- Up-to-date: /home/autopilot/ws/restackcell/ws_moveit2/install/wzlscheduler_interfaces/include/wzlscheduler_interfaces/wzlscheduler_interfaces/msg/labeled_poses.h
[5.513s] -- Up-to-date: /home/autopilot/ws/restackcell/ws_moveit2/install/wzlscheduler_interfaces/include/wzlscheduler_interfaces/wzlscheduler_interfaces/msg/scene_object_set_pose.h
[5.513s] -- Up-to-date: /home/autopilot/ws/restackcell/ws_moveit2/install/wzlscheduler_interfaces/include/wzlscheduler_interfaces/wzlscheduler_interfaces/msg/labeled_bounding_boxes.h
[5.513s] -- Up-to-date: /home/autopilot/ws/restackcell/ws_moveit2/install/wzlscheduler_interfaces/include/wzlscheduler_interfaces/wzlscheduler_interfaces/msg/labeled_point_clouds.h
[5.513s] -- Up-to-date: /home/autopilot/ws/restackcell/ws_moveit2/install/wzlscheduler_interfaces/include/wzlscheduler_interfaces/wzlscheduler_interfaces/msg/scene_object_add.h
[5.513s] -- Up-to-date: /home/autopilot/ws/restackcell/ws_moveit2/install/wzlscheduler_interfaces/include/wzlscheduler_interfaces/wzlscheduler_interfaces/msg/rosidl_generator_c__visibility_control.h
[5.513s] -- Up-to-date: /home/autopilot/ws/restackcell/ws_moveit2/install/wzlscheduler_interfaces/include/wzlscheduler_interfaces/wzlscheduler_interfaces/msg/labeled_bounding_box.h
[5.513s] -- Up-to-date: /home/autopilot/ws/restackcell/ws_moveit2/install/wzlscheduler_interfaces/include/wzlscheduler_interfaces/wzlscheduler_interfaces/msg/labeled_point_cloud.h
[5.513s] -- Up-to-date: /home/autopilot/ws/restackcell/ws_moveit2/install/wzlscheduler_interfaces/include/wzlscheduler_interfaces/wzlscheduler_interfaces/msg/scene_object_remove.h
[5.513s] -- Up-to-date: /home/autopilot/ws/restackcell/ws_moveit2/install/wzlscheduler_interfaces/include/wzlscheduler_interfaces/wzlscheduler_interfaces/msg/detail
[5.514s] -- Up-to-date: /home/autopilot/ws/restackcell/ws_moveit2/install/wzlscheduler_interfaces/include/wzlscheduler_interfaces/wzlscheduler_interfaces/msg/detail/labeled_bounding_box__functions.c
[5.514s] -- Up-to-date: /home/autopilot/ws/restackcell/ws_moveit2/install/wzlscheduler_interfaces/include/wzlscheduler_interfaces/wzlscheduler_interfaces/msg/detail/scene_object_add__functions.c
[5.514s] -- Up-to-date: /home/autopilot/ws/restackcell/ws_moveit2/install/wzlscheduler_interfaces/include/wzlscheduler_interfaces/wzlscheduler_interfaces/msg/detail/scene_object_set_pose__functions.c
[5.514s] -- Up-to-date: /home/autopilot/ws/restackcell/ws_moveit2/install/wzlscheduler_interfaces/include/wzlscheduler_interfaces/wzlscheduler_interfaces/msg/detail/labeled_poses__struct.h
[5.514s] -- Up-to-date: /home/autopilot/ws/restackcell/ws_moveit2/install/wzlscheduler_interfaces/include/wzlscheduler_interfaces/wzlscheduler_interfaces/msg/detail/labeled_bounding_boxes__functions.c
[5.517s] -- Up-to-date: /home/autopilot/ws/restackcell/ws_moveit2/install/wzlscheduler_interfaces/include/wzlscheduler_interfaces/wzlscheduler_interfaces/msg/detail/labeled_point_clouds__type_support.h
[5.518s] -- Up-to-date: /home/autopilot/ws/restackcell/ws_moveit2/install/wzlscheduler_interfaces/include/wzlscheduler_interfaces/wzlscheduler_interfaces/msg/detail/scene_object_remove__functions.c
[5.518s] -- Up-to-date: /home/autopilot/ws/restackcell/ws_moveit2/install/wzlscheduler_interfaces/include/wzlscheduler_interfaces/wzlscheduler_interfaces/msg/detail/labeled_point_clouds__struct.h
[5.518s] -- Up-to-date: /home/autopilot/ws/restackcell/ws_moveit2/install/wzlscheduler_interfaces/include/wzlscheduler_interfaces/wzlscheduler_interfaces/msg/detail/scene_object_remove__struct.h
[5.518s] -- Up-to-date: /home/autopilot/ws/restackcell/ws_moveit2/install/wzlscheduler_interfaces/include/wzlscheduler_interfaces/wzlscheduler_interfaces/msg/detail/scene_object_add__functions.h
[5.518s] -- Up-to-date: /home/autopilot/ws/restackcell/ws_moveit2/install/wzlscheduler_interfaces/include/wzlscheduler_interfaces/wzlscheduler_interfaces/msg/detail/labeled_pose__functions.h
[5.518s] -- Up-to-date: /home/autopilot/ws/restackcell/ws_moveit2/install/wzlscheduler_interfaces/include/wzlscheduler_interfaces/wzlscheduler_interfaces/msg/detail/labeled_poses__functions.c
[5.519s] -- Up-to-date: /home/autopilot/ws/restackcell/ws_moveit2/install/wzlscheduler_interfaces/include/wzlscheduler_interfaces/wzlscheduler_interfaces/msg/detail/labeled_point_cloud__functions.c
[5.519s] -- Up-to-date: /home/autopilot/ws/restackcell/ws_moveit2/install/wzlscheduler_interfaces/include/wzlscheduler_interfaces/wzlscheduler_interfaces/msg/detail/labeled_bounding_boxes__functions.h
[5.519s] -- Up-to-date: /home/autopilot/ws/restackcell/ws_moveit2/install/wzlscheduler_interfaces/include/wzlscheduler_interfaces/wzlscheduler_interfaces/msg/detail/scene_object_add__type_support.h
[5.519s] -- Up-to-date: /home/autopilot/ws/restackcell/ws_moveit2/install/wzlscheduler_interfaces/include/wzlscheduler_interfaces/wzlscheduler_interfaces/msg/detail/labeled_point_clouds__functions.c
[5.519s] -- Up-to-date: /home/autopilot/ws/restackcell/ws_moveit2/install/wzlscheduler_interfaces/include/wzlscheduler_interfaces/wzlscheduler_interfaces/msg/detail/labeled_poses__type_support.h
[5.520s] -- Up-to-date: /home/autopilot/ws/restackcell/ws_moveit2/install/wzlscheduler_interfaces/include/wzlscheduler_interfaces/wzlscheduler_interfaces/msg/detail/scene_object_remove__type_support.h
[5.520s] -- Up-to-date: /home/autopilot/ws/restackcell/ws_moveit2/install/wzlscheduler_interfaces/include/wzlscheduler_interfaces/wzlscheduler_interfaces/msg/detail/labeled_point_cloud__functions.h
[5.520s] -- Up-to-date: /home/autopilot/ws/restackcell/ws_moveit2/install/wzlscheduler_interfaces/include/wzlscheduler_interfaces/wzlscheduler_interfaces/msg/detail/labeled_bounding_box__type_support.h
[5.520s] -- Up-to-date: /home/autopilot/ws/restackcell/ws_moveit2/install/wzlscheduler_interfaces/include/wzlscheduler_interfaces/wzlscheduler_interfaces/msg/detail/labeled_point_clouds__functions.h
[5.520s] -- Up-to-date: /home/autopilot/ws/restackcell/ws_moveit2/install/wzlscheduler_interfaces/include/wzlscheduler_interfaces/wzlscheduler_interfaces/msg/detail/labeled_pose__functions.c
[5.520s] -- Up-to-date: /home/autopilot/ws/restackcell/ws_moveit2/install/wzlscheduler_interfaces/include/wzlscheduler_interfaces/wzlscheduler_interfaces/msg/detail/scene_object_set_pose__struct.h
[5.521s] -- Up-to-date: /home/autopilot/ws/restackcell/ws_moveit2/install/wzlscheduler_interfaces/include/wzlscheduler_interfaces/wzlscheduler_interfaces/msg/detail/scene_object_add__struct.h
[5.521s] -- Up-to-date: /home/autopilot/ws/restackcell/ws_moveit2/install/wzlscheduler_interfaces/include/wzlscheduler_interfaces/wzlscheduler_interfaces/msg/detail/labeled_point_cloud__struct.h
[5.521s] -- Up-to-date: /home/autopilot/ws/restackcell/ws_moveit2/install/wzlscheduler_interfaces/include/wzlscheduler_interfaces/wzlscheduler_interfaces/msg/detail/labeled_bounding_box__struct.h
[5.522s] -- Up-to-date: /home/autopilot/ws/restackcell/ws_moveit2/install/wzlscheduler_interfaces/include/wzlscheduler_interfaces/wzlscheduler_interfaces/msg/detail/scene_object_set_pose__type_support.h
[5.522s] -- Up-to-date: /home/autopilot/ws/restackcell/ws_moveit2/install/wzlscheduler_interfaces/include/wzlscheduler_interfaces/wzlscheduler_interfaces/msg/detail/labeled_point_cloud__type_support.h
[5.523s] -- Up-to-date: /home/autopilot/ws/restackcell/ws_moveit2/install/wzlscheduler_interfaces/include/wzlscheduler_interfaces/wzlscheduler_interfaces/msg/detail/scene_object_set_pose__functions.h
[5.524s] -- Up-to-date: /home/autopilot/ws/restackcell/ws_moveit2/install/wzlscheduler_interfaces/include/wzlscheduler_interfaces/wzlscheduler_interfaces/msg/detail/labeled_pose__type_support.h
[5.525s] -- Up-to-date: /home/autopilot/ws/restackcell/ws_moveit2/install/wzlscheduler_interfaces/include/wzlscheduler_interfaces/wzlscheduler_interfaces/msg/detail/labeled_pose__struct.h
[5.525s] -- Up-to-date: /home/autopilot/ws/restackcell/ws_moveit2/install/wzlscheduler_interfaces/include/wzlscheduler_interfaces/wzlscheduler_interfaces/msg/detail/scene_object_remove__functions.h
[5.525s] -- Up-to-date: /home/autopilot/ws/restackcell/ws_moveit2/install/wzlscheduler_interfaces/include/wzlscheduler_interfaces/wzlscheduler_interfaces/msg/detail/labeled_bounding_boxes__struct.h
[5.525s] -- Up-to-date: /home/autopilot/ws/restackcell/ws_moveit2/install/wzlscheduler_interfaces/include/wzlscheduler_interfaces/wzlscheduler_interfaces/msg/detail/labeled_bounding_box__functions.h
[5.526s] -- Up-to-date: /home/autopilot/ws/restackcell/ws_moveit2/install/wzlscheduler_interfaces/include/wzlscheduler_interfaces/wzlscheduler_interfaces/msg/detail/labeled_bounding_boxes__type_support.h
[5.526s] -- Up-to-date: /home/autopilot/ws/restackcell/ws_moveit2/install/wzlscheduler_interfaces/include/wzlscheduler_interfaces/wzlscheduler_interfaces/msg/detail/labeled_poses__functions.h
[5.526s] -- Up-to-date: /home/autopilot/ws/restackcell/ws_moveit2/install/wzlscheduler_interfaces/include/wzlscheduler_interfaces/wzlscheduler_interfaces/msg/labeled_pose.h
[5.526s] -- Up-to-date: /home/autopilot/ws/restackcell/ws_moveit2/install/wzlscheduler_interfaces/include/wzlscheduler_interfaces/wzlscheduler_interfaces/srv
[5.526s] -- Up-to-date: /home/autopilot/ws/restackcell/ws_moveit2/install/wzlscheduler_interfaces/include/wzlscheduler_interfaces/wzlscheduler_interfaces/srv/robot_set_velocity.h
[5.526s] -- Up-to-date: /home/autopilot/ws/restackcell/ws_moveit2/install/wzlscheduler_interfaces/include/wzlscheduler_interfaces/wzlscheduler_interfaces/srv/scene_object_set_pose.h
[5.526s] -- Up-to-date: /home/autopilot/ws/restackcell/ws_moveit2/install/wzlscheduler_interfaces/include/wzlscheduler_interfaces/wzlscheduler_interfaces/srv/set_value_io_interface.h
[5.526s] -- Up-to-date: /home/autopilot/ws/restackcell/ws_moveit2/install/wzlscheduler_interfaces/include/wzlscheduler_interfaces/wzlscheduler_interfaces/srv/scene_object_attach.h
[5.527s] -- Up-to-date: /home/autopilot/ws/restackcell/ws_moveit2/install/wzlscheduler_interfaces/include/wzlscheduler_interfaces/wzlscheduler_interfaces/srv/scene_object_add.h
[5.527s] -- Up-to-date: /home/autopilot/ws/restackcell/ws_moveit2/install/wzlscheduler_interfaces/include/wzlscheduler_interfaces/wzlscheduler_interfaces/srv/robot_follow_trajectory.h
[5.527s] -- Up-to-date: /home/autopilot/ws/restackcell/ws_moveit2/install/wzlscheduler_interfaces/include/wzlscheduler_interfaces/wzlscheduler_interfaces/srv/load_object.h
[5.527s] -- Up-to-date: /home/autopilot/ws/restackcell/ws_moveit2/install/wzlscheduler_interfaces/include/wzlscheduler_interfaces/wzlscheduler_interfaces/srv/scene_object_remove.h
[5.527s] -- Up-to-date: /home/autopilot/ws/restackcell/ws_moveit2/install/wzlscheduler_interfaces/include/wzlscheduler_interfaces/wzlscheduler_interfaces/srv/detail
[5.528s] -- Up-to-date: /home/autopilot/ws/restackcell/ws_moveit2/install/wzlscheduler_interfaces/include/wzlscheduler_interfaces/wzlscheduler_interfaces/srv/detail/load_object__functions.h
[5.528s] -- Up-to-date: /home/autopilot/ws/restackcell/ws_moveit2/install/wzlscheduler_interfaces/include/wzlscheduler_interfaces/wzlscheduler_interfaces/srv/detail/scene_object_detach__type_support.h
[5.528s] -- Up-to-date: /home/autopilot/ws/restackcell/ws_moveit2/install/wzlscheduler_interfaces/include/wzlscheduler_interfaces/wzlscheduler_interfaces/srv/detail/scene_object_add__functions.c
[5.528s] -- Up-to-date: /home/autopilot/ws/restackcell/ws_moveit2/install/wzlscheduler_interfaces/include/wzlscheduler_interfaces/wzlscheduler_interfaces/srv/detail/load_object__type_support.h
[5.528s] -- Up-to-date: /home/autopilot/ws/restackcell/ws_moveit2/install/wzlscheduler_interfaces/include/wzlscheduler_interfaces/wzlscheduler_interfaces/srv/detail/scene_object_set_pose__functions.c
[5.528s] -- Up-to-date: /home/autopilot/ws/restackcell/ws_moveit2/install/wzlscheduler_interfaces/include/wzlscheduler_interfaces/wzlscheduler_interfaces/srv/detail/scene_object_remove__functions.c
[5.528s] -- Up-to-date: /home/autopilot/ws/restackcell/ws_moveit2/install/wzlscheduler_interfaces/include/wzlscheduler_interfaces/wzlscheduler_interfaces/srv/detail/scene_object_detach__struct.h
[5.529s] -- Up-to-date: /home/autopilot/ws/restackcell/ws_moveit2/install/wzlscheduler_interfaces/include/wzlscheduler_interfaces/wzlscheduler_interfaces/srv/detail/robot_move_to_position__struct.h
[5.529s] -- Up-to-date: /home/autopilot/ws/restackcell/ws_moveit2/install/wzlscheduler_interfaces/include/wzlscheduler_interfaces/wzlscheduler_interfaces/srv/detail/scene_object_remove__struct.h
[5.529s] -- Up-to-date: /home/autopilot/ws/restackcell/ws_moveit2/install/wzlscheduler_interfaces/include/wzlscheduler_interfaces/wzlscheduler_interfaces/srv/detail/scene_object_add__functions.h
[5.529s] -- Up-to-date: /home/autopilot/ws/restackcell/ws_moveit2/install/wzlscheduler_interfaces/include/wzlscheduler_interfaces/wzlscheduler_interfaces/srv/detail/robot_set_velocity__type_support.h
[5.530s] -- Up-to-date: /home/autopilot/ws/restackcell/ws_moveit2/install/wzlscheduler_interfaces/include/wzlscheduler_interfaces/wzlscheduler_interfaces/srv/detail/scene_object_detach__functions.h
[5.530s] -- Up-to-date: /home/autopilot/ws/restackcell/ws_moveit2/install/wzlscheduler_interfaces/include/wzlscheduler_interfaces/wzlscheduler_interfaces/srv/detail/load_object__functions.c
[5.530s] -- Up-to-date: /home/autopilot/ws/restackcell/ws_moveit2/install/wzlscheduler_interfaces/include/wzlscheduler_interfaces/wzlscheduler_interfaces/srv/detail/set_value_io_interface__functions.h
[5.531s] -- Up-to-date: /home/autopilot/ws/restackcell/ws_moveit2/install/wzlscheduler_interfaces/include/wzlscheduler_interfaces/wzlscheduler_interfaces/srv/detail/load_object__struct.h
[5.531s] -- Up-to-date: /home/autopilot/ws/restackcell/ws_moveit2/install/wzlscheduler_interfaces/include/wzlscheduler_interfaces/wzlscheduler_interfaces/srv/detail/robot_follow_trajectory__functions.h
[5.538s] -- Up-to-date: /home/autopilot/ws/restackcell/ws_moveit2/install/wzlscheduler_interfaces/include/wzlscheduler_interfaces/wzlscheduler_interfaces/srv/detail/scene_object_add__type_support.h
[5.538s] -- Up-to-date: /home/autopilot/ws/restackcell/ws_moveit2/install/wzlscheduler_interfaces/include/wzlscheduler_interfaces/wzlscheduler_interfaces/srv/detail/robot_set_velocity__functions.h
[5.538s] -- Up-to-date: /home/autopilot/ws/restackcell/ws_moveit2/install/wzlscheduler_interfaces/include/wzlscheduler_interfaces/wzlscheduler_interfaces/srv/detail/scene_object_attach__type_support.h
[5.538s] -- Up-to-date: /home/autopilot/ws/restackcell/ws_moveit2/install/wzlscheduler_interfaces/include/wzlscheduler_interfaces/wzlscheduler_interfaces/srv/detail/robot_move_to_position__functions.h
[5.539s] -- Up-to-date: /home/autopilot/ws/restackcell/ws_moveit2/install/wzlscheduler_interfaces/include/wzlscheduler_interfaces/wzlscheduler_interfaces/srv/detail/robot_follow_trajectory__functions.c
[5.539s] -- Up-to-date: /home/autopilot/ws/restackcell/ws_moveit2/install/wzlscheduler_interfaces/include/wzlscheduler_interfaces/wzlscheduler_interfaces/srv/detail/robot_move_to_position__type_support.h
[5.539s] -- Up-to-date: /home/autopilot/ws/restackcell/ws_moveit2/install/wzlscheduler_interfaces/include/wzlscheduler_interfaces/wzlscheduler_interfaces/srv/detail/robot_move_to_position__functions.c
[5.539s] -- Up-to-date: /home/autopilot/ws/restackcell/ws_moveit2/install/wzlscheduler_interfaces/include/wzlscheduler_interfaces/wzlscheduler_interfaces/srv/detail/scene_object_remove__type_support.h
[5.539s] -- Up-to-date: /home/autopilot/ws/restackcell/ws_moveit2/install/wzlscheduler_interfaces/include/wzlscheduler_interfaces/wzlscheduler_interfaces/srv/detail/scene_object_attach__struct.h
[5.539s] -- Up-to-date: /home/autopilot/ws/restackcell/ws_moveit2/install/wzlscheduler_interfaces/include/wzlscheduler_interfaces/wzlscheduler_interfaces/srv/detail/robot_set_velocity__struct.h
[5.539s] -- Up-to-date: /home/autopilot/ws/restackcell/ws_moveit2/install/wzlscheduler_interfaces/include/wzlscheduler_interfaces/wzlscheduler_interfaces/srv/detail/robot_follow_trajectory__struct.h
[5.539s] -- Up-to-date: /home/autopilot/ws/restackcell/ws_moveit2/install/wzlscheduler_interfaces/include/wzlscheduler_interfaces/wzlscheduler_interfaces/srv/detail/robot_set_velocity__functions.c
[5.539s] -- Up-to-date: /home/autopilot/ws/restackcell/ws_moveit2/install/wzlscheduler_interfaces/include/wzlscheduler_interfaces/wzlscheduler_interfaces/srv/detail/scene_object_attach__functions.h
[5.540s] -- Up-to-date: /home/autopilot/ws/restackcell/ws_moveit2/install/wzlscheduler_interfaces/include/wzlscheduler_interfaces/wzlscheduler_interfaces/srv/detail/scene_object_set_pose__struct.h
[5.540s] -- Up-to-date: /home/autopilot/ws/restackcell/ws_moveit2/install/wzlscheduler_interfaces/include/wzlscheduler_interfaces/wzlscheduler_interfaces/srv/detail/scene_object_add__struct.h
[5.540s] -- Up-to-date: /home/autopilot/ws/restackcell/ws_moveit2/install/wzlscheduler_interfaces/include/wzlscheduler_interfaces/wzlscheduler_interfaces/srv/detail/scene_object_detach__functions.c
[5.540s] -- Up-to-date: /home/autopilot/ws/restackcell/ws_moveit2/install/wzlscheduler_interfaces/include/wzlscheduler_interfaces/wzlscheduler_interfaces/srv/detail/set_value_io_interface__functions.c
[5.540s] -- Up-to-date: /home/autopilot/ws/restackcell/ws_moveit2/install/wzlscheduler_interfaces/include/wzlscheduler_interfaces/wzlscheduler_interfaces/srv/detail/set_value_io_interface__type_support.h
[5.540s] -- Up-to-date: /home/autopilot/ws/restackcell/ws_moveit2/install/wzlscheduler_interfaces/include/wzlscheduler_interfaces/wzlscheduler_interfaces/srv/detail/scene_object_set_pose__type_support.h
[5.540s] -- Up-to-date: /home/autopilot/ws/restackcell/ws_moveit2/install/wzlscheduler_interfaces/include/wzlscheduler_interfaces/wzlscheduler_interfaces/srv/detail/robot_follow_trajectory__type_support.h
[5.540s] -- Up-to-date: /home/autopilot/ws/restackcell/ws_moveit2/install/wzlscheduler_interfaces/include/wzlscheduler_interfaces/wzlscheduler_interfaces/srv/detail/set_value_io_interface__struct.h
[5.540s] -- Up-to-date: /home/autopilot/ws/restackcell/ws_moveit2/install/wzlscheduler_interfaces/include/wzlscheduler_interfaces/wzlscheduler_interfaces/srv/detail/scene_object_set_pose__functions.h
[5.540s] -- Up-to-date: /home/autopilot/ws/restackcell/ws_moveit2/install/wzlscheduler_interfaces/include/wzlscheduler_interfaces/wzlscheduler_interfaces/srv/detail/scene_object_remove__functions.h
[5.542s] -- Up-to-date: /home/autopilot/ws/restackcell/ws_moveit2/install/wzlscheduler_interfaces/include/wzlscheduler_interfaces/wzlscheduler_interfaces/srv/detail/scene_object_attach__functions.c
[5.542s] -- Up-to-date: /home/autopilot/ws/restackcell/ws_moveit2/install/wzlscheduler_interfaces/include/wzlscheduler_interfaces/wzlscheduler_interfaces/srv/robot_move_to_position.h
[5.542s] -- Up-to-date: /home/autopilot/ws/restackcell/ws_moveit2/install/wzlscheduler_interfaces/include/wzlscheduler_interfaces/wzlscheduler_interfaces/srv/scene_object_detach.h
[5.542s] -- Up-to-date: /home/autopilot/ws/restackcell/ws_moveit2/install/wzlscheduler_interfaces/share/wzlscheduler_interfaces/environment/library_path.sh
[5.542s] -- Up-to-date: /home/autopilot/ws/restackcell/ws_moveit2/install/wzlscheduler_interfaces/share/wzlscheduler_interfaces/environment/library_path.dsv
[5.542s] -- Up-to-date: /home/autopilot/ws/restackcell/ws_moveit2/install/wzlscheduler_interfaces/lib/libwzlscheduler_interfaces__rosidl_generator_c.so
[5.542s] -- Up-to-date: /home/autopilot/ws/restackcell/ws_moveit2/install/wzlscheduler_interfaces/include/wzlscheduler_interfaces/wzlscheduler_interfaces
[5.542s] -- Up-to-date: /home/autopilot/ws/restackcell/ws_moveit2/install/wzlscheduler_interfaces/include/wzlscheduler_interfaces/wzlscheduler_interfaces/msg
[5.543s] -- Up-to-date: /home/autopilot/ws/restackcell/ws_moveit2/install/wzlscheduler_interfaces/include/wzlscheduler_interfaces/wzlscheduler_interfaces/msg/rosidl_typesupport_fastrtps_c__visibility_control.h
[5.543s] -- Up-to-date: /home/autopilot/ws/restackcell/ws_moveit2/install/wzlscheduler_interfaces/include/wzlscheduler_interfaces/wzlscheduler_interfaces/msg/detail
[5.543s] -- Up-to-date: /home/autopilot/ws/restackcell/ws_moveit2/install/wzlscheduler_interfaces/include/wzlscheduler_interfaces/wzlscheduler_interfaces/msg/detail/labeled_bounding_box__rosidl_typesupport_fastrtps_c.h
[5.543s] -- Up-to-date: /home/autopilot/ws/restackcell/ws_moveit2/install/wzlscheduler_interfaces/include/wzlscheduler_interfaces/wzlscheduler_interfaces/msg/detail/scene_object_remove__rosidl_typesupport_fastrtps_c.h
[5.543s] -- Up-to-date: /home/autopilot/ws/restackcell/ws_moveit2/install/wzlscheduler_interfaces/include/wzlscheduler_interfaces/wzlscheduler_interfaces/msg/detail/scene_object_add__rosidl_typesupport_fastrtps_c.h
[5.543s] -- Up-to-date: /home/autopilot/ws/restackcell/ws_moveit2/install/wzlscheduler_interfaces/include/wzlscheduler_interfaces/wzlscheduler_interfaces/msg/detail/labeled_bounding_boxes__rosidl_typesupport_fastrtps_c.h
[5.543s] -- Up-to-date: /home/autopilot/ws/restackcell/ws_moveit2/install/wzlscheduler_interfaces/include/wzlscheduler_interfaces/wzlscheduler_interfaces/msg/detail/labeled_poses__rosidl_typesupport_fastrtps_c.h
[5.544s] -- Up-to-date: /home/autopilot/ws/restackcell/ws_moveit2/install/wzlscheduler_interfaces/include/wzlscheduler_interfaces/wzlscheduler_interfaces/msg/detail/labeled_point_clouds__rosidl_typesupport_fastrtps_c.h
[5.544s] -- Up-to-date: /home/autopilot/ws/restackcell/ws_moveit2/install/wzlscheduler_interfaces/include/wzlscheduler_interfaces/wzlscheduler_interfaces/msg/detail/labeled_pose__rosidl_typesupport_fastrtps_c.h
[5.544s] -- Up-to-date: /home/autopilot/ws/restackcell/ws_moveit2/install/wzlscheduler_interfaces/include/wzlscheduler_interfaces/wzlscheduler_interfaces/msg/detail/labeled_point_cloud__rosidl_typesupport_fastrtps_c.h
[5.544s] -- Up-to-date: /home/autopilot/ws/restackcell/ws_moveit2/install/wzlscheduler_interfaces/include/wzlscheduler_interfaces/wzlscheduler_interfaces/msg/detail/scene_object_set_pose__rosidl_typesupport_fastrtps_c.h
[5.544s] -- Up-to-date: /home/autopilot/ws/restackcell/ws_moveit2/install/wzlscheduler_interfaces/include/wzlscheduler_interfaces/wzlscheduler_interfaces/srv
[5.544s] -- Up-to-date: /home/autopilot/ws/restackcell/ws_moveit2/install/wzlscheduler_interfaces/include/wzlscheduler_interfaces/wzlscheduler_interfaces/srv/detail
[5.545s] -- Up-to-date: /home/autopilot/ws/restackcell/ws_moveit2/install/wzlscheduler_interfaces/include/wzlscheduler_interfaces/wzlscheduler_interfaces/srv/detail/scene_object_attach__rosidl_typesupport_fastrtps_c.h
[5.545s] -- Up-to-date: /home/autopilot/ws/restackcell/ws_moveit2/install/wzlscheduler_interfaces/include/wzlscheduler_interfaces/wzlscheduler_interfaces/srv/detail/scene_object_remove__rosidl_typesupport_fastrtps_c.h
[5.545s] -- Up-to-date: /home/autopilot/ws/restackcell/ws_moveit2/install/wzlscheduler_interfaces/include/wzlscheduler_interfaces/wzlscheduler_interfaces/srv/detail/scene_object_add__rosidl_typesupport_fastrtps_c.h
[5.545s] -- Up-to-date: /home/autopilot/ws/restackcell/ws_moveit2/install/wzlscheduler_interfaces/include/wzlscheduler_interfaces/wzlscheduler_interfaces/srv/detail/load_object__rosidl_typesupport_fastrtps_c.h
[5.545s] -- Up-to-date: /home/autopilot/ws/restackcell/ws_moveit2/install/wzlscheduler_interfaces/include/wzlscheduler_interfaces/wzlscheduler_interfaces/srv/detail/set_value_io_interface__rosidl_typesupport_fastrtps_c.h
[5.546s] -- Up-to-date: /home/autopilot/ws/restackcell/ws_moveit2/install/wzlscheduler_interfaces/include/wzlscheduler_interfaces/wzlscheduler_interfaces/srv/detail/scene_object_detach__rosidl_typesupport_fastrtps_c.h
[5.546s] -- Up-to-date: /home/autopilot/ws/restackcell/ws_moveit2/install/wzlscheduler_interfaces/include/wzlscheduler_interfaces/wzlscheduler_interfaces/srv/detail/robot_set_velocity__rosidl_typesupport_fastrtps_c.h
[5.546s] -- Up-to-date: /home/autopilot/ws/restackcell/ws_moveit2/install/wzlscheduler_interfaces/include/wzlscheduler_interfaces/wzlscheduler_interfaces/srv/detail/robot_move_to_position__rosidl_typesupport_fastrtps_c.h
[5.546s] -- Up-to-date: /home/autopilot/ws/restackcell/ws_moveit2/install/wzlscheduler_interfaces/include/wzlscheduler_interfaces/wzlscheduler_interfaces/srv/detail/robot_follow_trajectory__rosidl_typesupport_fastrtps_c.h
[5.546s] -- Up-to-date: /home/autopilot/ws/restackcell/ws_moveit2/install/wzlscheduler_interfaces/include/wzlscheduler_interfaces/wzlscheduler_interfaces/srv/detail/scene_object_set_pose__rosidl_typesupport_fastrtps_c.h
[5.546s] -- Up-to-date: /home/autopilot/ws/restackcell/ws_moveit2/install/wzlscheduler_interfaces/lib/libwzlscheduler_interfaces__rosidl_typesupport_fastrtps_c.so
[5.546s] -- Up-to-date: /home/autopilot/ws/restackcell/ws_moveit2/install/wzlscheduler_interfaces/include/wzlscheduler_interfaces/wzlscheduler_interfaces
[5.546s] -- Up-to-date: /home/autopilot/ws/restackcell/ws_moveit2/install/wzlscheduler_interfaces/include/wzlscheduler_interfaces/wzlscheduler_interfaces/msg
[5.546s] -- Up-to-date: /home/autopilot/ws/restackcell/ws_moveit2/install/wzlscheduler_interfaces/include/wzlscheduler_interfaces/wzlscheduler_interfaces/msg/rosidl_typesupport_introspection_c__visibility_control.h
[5.547s] -- Up-to-date: /home/autopilot/ws/restackcell/ws_moveit2/install/wzlscheduler_interfaces/include/wzlscheduler_interfaces/wzlscheduler_interfaces/msg/detail
[5.547s] -- Up-to-date: /home/autopilot/ws/restackcell/ws_moveit2/install/wzlscheduler_interfaces/include/wzlscheduler_interfaces/wzlscheduler_interfaces/msg/detail/labeled_point_clouds__type_support.c
[5.547s] -- Up-to-date: /home/autopilot/ws/restackcell/ws_moveit2/install/wzlscheduler_interfaces/include/wzlscheduler_interfaces/wzlscheduler_interfaces/msg/detail/labeled_point_cloud__rosidl_typesupport_introspection_c.h
[5.547s] -- Up-to-date: /home/autopilot/ws/restackcell/ws_moveit2/install/wzlscheduler_interfaces/include/wzlscheduler_interfaces/wzlscheduler_interfaces/msg/detail/labeled_point_clouds__rosidl_typesupport_introspection_c.h
[5.547s] -- Up-to-date: /home/autopilot/ws/restackcell/ws_moveit2/install/wzlscheduler_interfaces/include/wzlscheduler_interfaces/wzlscheduler_interfaces/msg/detail/labeled_poses__rosidl_typesupport_introspection_c.h
[5.547s] -- Up-to-date: /home/autopilot/ws/restackcell/ws_moveit2/install/wzlscheduler_interfaces/include/wzlscheduler_interfaces/wzlscheduler_interfaces/msg/detail/labeled_pose__type_support.c
[5.547s] -- Up-to-date: /home/autopilot/ws/restackcell/ws_moveit2/install/wzlscheduler_interfaces/include/wzlscheduler_interfaces/wzlscheduler_interfaces/msg/detail/scene_object_add__rosidl_typesupport_introspection_c.h
[5.548s] -- Up-to-date: /home/autopilot/ws/restackcell/ws_moveit2/install/wzlscheduler_interfaces/include/wzlscheduler_interfaces/wzlscheduler_interfaces/msg/detail/scene_object_set_pose__type_support.c
[5.548s] -- Up-to-date: /home/autopilot/ws/restackcell/ws_moveit2/install/wzlscheduler_interfaces/include/wzlscheduler_interfaces/wzlscheduler_interfaces/msg/detail/scene_object_remove__rosidl_typesupport_introspection_c.h
[5.548s] -- Up-to-date: /home/autopilot/ws/restackcell/ws_moveit2/install/wzlscheduler_interfaces/include/wzlscheduler_interfaces/wzlscheduler_interfaces/msg/detail/scene_object_remove__type_support.c
[5.548s] -- Up-to-date: /home/autopilot/ws/restackcell/ws_moveit2/install/wzlscheduler_interfaces/include/wzlscheduler_interfaces/wzlscheduler_interfaces/msg/detail/labeled_point_cloud__type_support.c
[5.548s] -- Up-to-date: /home/autopilot/ws/restackcell/ws_moveit2/install/wzlscheduler_interfaces/include/wzlscheduler_interfaces/wzlscheduler_interfaces/msg/detail/labeled_bounding_boxes__rosidl_typesupport_introspection_c.h
[5.548s] -- Up-to-date: /home/autopilot/ws/restackcell/ws_moveit2/install/wzlscheduler_interfaces/include/wzlscheduler_interfaces/wzlscheduler_interfaces/msg/detail/scene_object_add__type_support.c
[5.549s] -- Up-to-date: /home/autopilot/ws/restackcell/ws_moveit2/install/wzlscheduler_interfaces/include/wzlscheduler_interfaces/wzlscheduler_interfaces/msg/detail/labeled_bounding_box__type_support.c
[5.549s] -- Up-to-date: /home/autopilot/ws/restackcell/ws_moveit2/install/wzlscheduler_interfaces/include/wzlscheduler_interfaces/wzlscheduler_interfaces/msg/detail/labeled_bounding_box__rosidl_typesupport_introspection_c.h
[5.549s] -- Up-to-date: /home/autopilot/ws/restackcell/ws_moveit2/install/wzlscheduler_interfaces/include/wzlscheduler_interfaces/wzlscheduler_interfaces/msg/detail/labeled_pose__rosidl_typesupport_introspection_c.h
[5.550s] -- Up-to-date: /home/autopilot/ws/restackcell/ws_moveit2/install/wzlscheduler_interfaces/include/wzlscheduler_interfaces/wzlscheduler_interfaces/msg/detail/labeled_poses__type_support.c
[5.550s] -- Up-to-date: /home/autopilot/ws/restackcell/ws_moveit2/install/wzlscheduler_interfaces/include/wzlscheduler_interfaces/wzlscheduler_interfaces/msg/detail/labeled_bounding_boxes__type_support.c
[5.550s] -- Up-to-date: /home/autopilot/ws/restackcell/ws_moveit2/install/wzlscheduler_interfaces/include/wzlscheduler_interfaces/wzlscheduler_interfaces/msg/detail/scene_object_set_pose__rosidl_typesupport_introspection_c.h
[5.551s] -- Up-to-date: /home/autopilot/ws/restackcell/ws_moveit2/install/wzlscheduler_interfaces/include/wzlscheduler_interfaces/wzlscheduler_interfaces/srv
[5.551s] -- Up-to-date: /home/autopilot/ws/restackcell/ws_moveit2/install/wzlscheduler_interfaces/include/wzlscheduler_interfaces/wzlscheduler_interfaces/srv/detail
[5.551s] -- Up-to-date: /home/autopilot/ws/restackcell/ws_moveit2/install/wzlscheduler_interfaces/include/wzlscheduler_interfaces/wzlscheduler_interfaces/srv/detail/load_object__type_support.c
[5.551s] -- Up-to-date: /home/autopilot/ws/restackcell/ws_moveit2/install/wzlscheduler_interfaces/include/wzlscheduler_interfaces/wzlscheduler_interfaces/srv/detail/robot_move_to_position__type_support.c
[5.551s] -- Up-to-date: /home/autopilot/ws/restackcell/ws_moveit2/install/wzlscheduler_interfaces/include/wzlscheduler_interfaces/wzlscheduler_interfaces/srv/detail/load_object__rosidl_typesupport_introspection_c.h
[5.551s] -- Up-to-date: /home/autopilot/ws/restackcell/ws_moveit2/install/wzlscheduler_interfaces/include/wzlscheduler_interfaces/wzlscheduler_interfaces/srv/detail/robot_set_velocity__type_support.c
[5.552s] -- Up-to-date: /home/autopilot/ws/restackcell/ws_moveit2/install/wzlscheduler_interfaces/include/wzlscheduler_interfaces/wzlscheduler_interfaces/srv/detail/scene_object_detach__type_support.c
[5.552s] -- Up-to-date: /home/autopilot/ws/restackcell/ws_moveit2/install/wzlscheduler_interfaces/include/wzlscheduler_interfaces/wzlscheduler_interfaces/srv/detail/scene_object_attach__rosidl_typesupport_introspection_c.h
[5.552s] -- Up-to-date: /home/autopilot/ws/restackcell/ws_moveit2/install/wzlscheduler_interfaces/include/wzlscheduler_interfaces/wzlscheduler_interfaces/srv/detail/robot_move_to_position__rosidl_typesupport_introspection_c.h
[5.552s] -- Up-to-date: /home/autopilot/ws/restackcell/ws_moveit2/install/wzlscheduler_interfaces/include/wzlscheduler_interfaces/wzlscheduler_interfaces/srv/detail/set_value_io_interface__rosidl_typesupport_introspection_c.h
[5.552s] -- Up-to-date: /home/autopilot/ws/restackcell/ws_moveit2/install/wzlscheduler_interfaces/include/wzlscheduler_interfaces/wzlscheduler_interfaces/srv/detail/scene_object_add__rosidl_typesupport_introspection_c.h
[5.552s] -- Up-to-date: /home/autopilot/ws/restackcell/ws_moveit2/install/wzlscheduler_interfaces/include/wzlscheduler_interfaces/wzlscheduler_interfaces/srv/detail/scene_object_set_pose__type_support.c
[5.552s] -- Up-to-date: /home/autopilot/ws/restackcell/ws_moveit2/install/wzlscheduler_interfaces/include/wzlscheduler_interfaces/wzlscheduler_interfaces/srv/detail/scene_object_remove__rosidl_typesupport_introspection_c.h
[5.552s] -- Up-to-date: /home/autopilot/ws/restackcell/ws_moveit2/install/wzlscheduler_interfaces/include/wzlscheduler_interfaces/wzlscheduler_interfaces/srv/detail/scene_object_remove__type_support.c
[5.552s] -- Up-to-date: /home/autopilot/ws/restackcell/ws_moveit2/install/wzlscheduler_interfaces/include/wzlscheduler_interfaces/wzlscheduler_interfaces/srv/detail/robot_follow_trajectory__rosidl_typesupport_introspection_c.h
[5.553s] -- Up-to-date: /home/autopilot/ws/restackcell/ws_moveit2/install/wzlscheduler_interfaces/include/wzlscheduler_interfaces/wzlscheduler_interfaces/srv/detail/robot_set_velocity__rosidl_typesupport_introspection_c.h
[5.553s] -- Up-to-date: /home/autopilot/ws/restackcell/ws_moveit2/install/wzlscheduler_interfaces/include/wzlscheduler_interfaces/wzlscheduler_interfaces/srv/detail/scene_object_attach__type_support.c
[5.553s] -- Up-to-date: /home/autopilot/ws/restackcell/ws_moveit2/install/wzlscheduler_interfaces/include/wzlscheduler_interfaces/wzlscheduler_interfaces/srv/detail/set_value_io_interface__type_support.c
[5.553s] -- Up-to-date: /home/autopilot/ws/restackcell/ws_moveit2/install/wzlscheduler_interfaces/include/wzlscheduler_interfaces/wzlscheduler_interfaces/srv/detail/scene_object_add__type_support.c
[5.553s] -- Up-to-date: /home/autopilot/ws/restackcell/ws_moveit2/install/wzlscheduler_interfaces/include/wzlscheduler_interfaces/wzlscheduler_interfaces/srv/detail/robot_follow_trajectory__type_support.c
[5.553s] -- Up-to-date: /home/autopilot/ws/restackcell/ws_moveit2/install/wzlscheduler_interfaces/include/wzlscheduler_interfaces/wzlscheduler_interfaces/srv/detail/scene_object_set_pose__rosidl_typesupport_introspection_c.h
[5.553s] -- Up-to-date: /home/autopilot/ws/restackcell/ws_moveit2/install/wzlscheduler_interfaces/include/wzlscheduler_interfaces/wzlscheduler_interfaces/srv/detail/scene_object_detach__rosidl_typesupport_introspection_c.h
[5.553s] -- Up-to-date: /home/autopilot/ws/restackcell/ws_moveit2/install/wzlscheduler_interfaces/lib/libwzlscheduler_interfaces__rosidl_typesupport_introspection_c.so
[5.554s] -- Up-to-date: /home/autopilot/ws/restackcell/ws_moveit2/install/wzlscheduler_interfaces/lib/libwzlscheduler_interfaces__rosidl_typesupport_c.so
[5.554s] -- Up-to-date: /home/autopilot/ws/restackcell/ws_moveit2/install/wzlscheduler_interfaces/include/wzlscheduler_interfaces/wzlscheduler_interfaces
[5.554s] -- Up-to-date: /home/autopilot/ws/restackcell/ws_moveit2/install/wzlscheduler_interfaces/include/wzlscheduler_interfaces/wzlscheduler_interfaces/msg
[5.554s] -- Up-to-date: /home/autopilot/ws/restackcell/ws_moveit2/install/wzlscheduler_interfaces/include/wzlscheduler_interfaces/wzlscheduler_interfaces/msg/labeled_pose.hpp
[5.556s] -- Up-to-date: /home/autopilot/ws/restackcell/ws_moveit2/install/wzlscheduler_interfaces/include/wzlscheduler_interfaces/wzlscheduler_interfaces/msg/labeled_poses.hpp
[5.556s] -- Up-to-date: /home/autopilot/ws/restackcell/ws_moveit2/install/wzlscheduler_interfaces/include/wzlscheduler_interfaces/wzlscheduler_interfaces/msg/labeled_point_cloud.hpp
[5.556s] -- Up-to-date: /home/autopilot/ws/restackcell/ws_moveit2/install/wzlscheduler_interfaces/include/wzlscheduler_interfaces/wzlscheduler_interfaces/msg/scene_object_set_pose.hpp
[5.557s] -- Up-to-date: /home/autopilot/ws/restackcell/ws_moveit2/install/wzlscheduler_interfaces/include/wzlscheduler_interfaces/wzlscheduler_interfaces/msg/detail
[5.557s] -- Up-to-date: /home/autopilot/ws/restackcell/ws_moveit2/install/wzlscheduler_interfaces/include/wzlscheduler_interfaces/wzlscheduler_interfaces/msg/detail/labeled_poses__traits.hpp
[5.557s] -- Up-to-date: /home/autopilot/ws/restackcell/ws_moveit2/install/wzlscheduler_interfaces/include/wzlscheduler_interfaces/wzlscheduler_interfaces/msg/detail/scene_object_set_pose__builder.hpp
[5.557s] -- Up-to-date: /home/autopilot/ws/restackcell/ws_moveit2/install/wzlscheduler_interfaces/include/wzlscheduler_interfaces/wzlscheduler_interfaces/msg/detail/labeled_bounding_boxes__struct.hpp
[5.557s] -- Up-to-date: /home/autopilot/ws/restackcell/ws_moveit2/install/wzlscheduler_interfaces/include/wzlscheduler_interfaces/wzlscheduler_interfaces/msg/detail/labeled_point_cloud__struct.hpp
[5.557s] -- Up-to-date: /home/autopilot/ws/restackcell/ws_moveit2/install/wzlscheduler_interfaces/include/wzlscheduler_interfaces/wzlscheduler_interfaces/msg/detail/scene_object_remove__builder.hpp
[5.557s] -- Up-to-date: /home/autopilot/ws/restackcell/ws_moveit2/install/wzlscheduler_interfaces/include/wzlscheduler_interfaces/wzlscheduler_interfaces/msg/detail/labeled_bounding_box__builder.hpp
[5.557s] -- Up-to-date: /home/autopilot/ws/restackcell/ws_moveit2/install/wzlscheduler_interfaces/include/wzlscheduler_interfaces/wzlscheduler_interfaces/msg/detail/scene_object_remove__struct.hpp
[5.558s] -- Up-to-date: /home/autopilot/ws/restackcell/ws_moveit2/install/wzlscheduler_interfaces/include/wzlscheduler_interfaces/wzlscheduler_interfaces/msg/detail/labeled_point_clouds__builder.hpp
[5.558s] -- Up-to-date: /home/autopilot/ws/restackcell/ws_moveit2/install/wzlscheduler_interfaces/include/wzlscheduler_interfaces/wzlscheduler_interfaces/msg/detail/labeled_bounding_box__traits.hpp
[5.558s] -- Up-to-date: /home/autopilot/ws/restackcell/ws_moveit2/install/wzlscheduler_interfaces/include/wzlscheduler_interfaces/wzlscheduler_interfaces/msg/detail/labeled_point_clouds__struct.hpp
[5.558s] -- Up-to-date: /home/autopilot/ws/restackcell/ws_moveit2/install/wzlscheduler_interfaces/include/wzlscheduler_interfaces/wzlscheduler_interfaces/msg/detail/labeled_poses__builder.hpp
[5.558s] -- Up-to-date: /home/autopilot/ws/restackcell/ws_moveit2/install/wzlscheduler_interfaces/include/wzlscheduler_interfaces/wzlscheduler_interfaces/msg/detail/scene_object_set_pose__struct.hpp
[5.558s] -- Up-to-date: /home/autopilot/ws/restackcell/ws_moveit2/install/wzlscheduler_interfaces/include/wzlscheduler_interfaces/wzlscheduler_interfaces/msg/detail/labeled_point_cloud__traits.hpp
[5.558s] -- Up-to-date: /home/autopilot/ws/restackcell/ws_moveit2/install/wzlscheduler_interfaces/include/wzlscheduler_interfaces/wzlscheduler_interfaces/msg/detail/labeled_bounding_boxes__builder.hpp
[5.558s] -- Up-to-date: /home/autopilot/ws/restackcell/ws_moveit2/install/wzlscheduler_interfaces/include/wzlscheduler_interfaces/wzlscheduler_interfaces/msg/detail/labeled_point_cloud__builder.hpp
[5.558s] -- Up-to-date: /home/autopilot/ws/restackcell/ws_moveit2/install/wzlscheduler_interfaces/include/wzlscheduler_interfaces/wzlscheduler_interfaces/msg/detail/scene_object_add__builder.hpp
[5.558s] -- Up-to-date: /home/autopilot/ws/restackcell/ws_moveit2/install/wzlscheduler_interfaces/include/wzlscheduler_interfaces/wzlscheduler_interfaces/msg/detail/labeled_pose__builder.hpp
[5.559s] -- Up-to-date: /home/autopilot/ws/restackcell/ws_moveit2/install/wzlscheduler_interfaces/include/wzlscheduler_interfaces/wzlscheduler_interfaces/msg/detail/labeled_point_clouds__traits.hpp
[5.559s] -- Up-to-date: /home/autopilot/ws/restackcell/ws_moveit2/install/wzlscheduler_interfaces/include/wzlscheduler_interfaces/wzlscheduler_interfaces/msg/detail/labeled_pose__struct.hpp
[5.559s] -- Up-to-date: /home/autopilot/ws/restackcell/ws_moveit2/install/wzlscheduler_interfaces/include/wzlscheduler_interfaces/wzlscheduler_interfaces/msg/detail/scene_object_add__struct.hpp
[5.559s] -- Up-to-date: /home/autopilot/ws/restackcell/ws_moveit2/install/wzlscheduler_interfaces/include/wzlscheduler_interfaces/wzlscheduler_interfaces/msg/detail/labeled_poses__struct.hpp
[5.559s] -- Up-to-date: /home/autopilot/ws/restackcell/ws_moveit2/install/wzlscheduler_interfaces/include/wzlscheduler_interfaces/wzlscheduler_interfaces/msg/detail/scene_object_set_pose__traits.hpp
[5.559s] -- Up-to-date: /home/autopilot/ws/restackcell/ws_moveit2/install/wzlscheduler_interfaces/include/wzlscheduler_interfaces/wzlscheduler_interfaces/msg/detail/labeled_bounding_boxes__traits.hpp
[5.559s] -- Up-to-date: /home/autopilot/ws/restackcell/ws_moveit2/install/wzlscheduler_interfaces/include/wzlscheduler_interfaces/wzlscheduler_interfaces/msg/detail/labeled_pose__traits.hpp
[5.560s] -- Up-to-date: /home/autopilot/ws/restackcell/ws_moveit2/install/wzlscheduler_interfaces/include/wzlscheduler_interfaces/wzlscheduler_interfaces/msg/detail/scene_object_remove__traits.hpp
[5.560s] -- Up-to-date: /home/autopilot/ws/restackcell/ws_moveit2/install/wzlscheduler_interfaces/include/wzlscheduler_interfaces/wzlscheduler_interfaces/msg/detail/labeled_bounding_box__struct.hpp
[5.560s] -- Up-to-date: /home/autopilot/ws/restackcell/ws_moveit2/install/wzlscheduler_interfaces/include/wzlscheduler_interfaces/wzlscheduler_interfaces/msg/detail/scene_object_add__traits.hpp
[5.560s] -- Up-to-date: /home/autopilot/ws/restackcell/ws_moveit2/install/wzlscheduler_interfaces/include/wzlscheduler_interfaces/wzlscheduler_interfaces/msg/labeled_bounding_boxes.hpp
[5.560s] -- Up-to-date: /home/autopilot/ws/restackcell/ws_moveit2/install/wzlscheduler_interfaces/include/wzlscheduler_interfaces/wzlscheduler_interfaces/msg/labeled_bounding_box.hpp
[5.560s] -- Up-to-date: /home/autopilot/ws/restackcell/ws_moveit2/install/wzlscheduler_interfaces/include/wzlscheduler_interfaces/wzlscheduler_interfaces/msg/scene_object_remove.hpp
[5.560s] -- Up-to-date: /home/autopilot/ws/restackcell/ws_moveit2/install/wzlscheduler_interfaces/include/wzlscheduler_interfaces/wzlscheduler_interfaces/msg/scene_object_add.hpp
[5.560s] -- Up-to-date: /home/autopilot/ws/restackcell/ws_moveit2/install/wzlscheduler_interfaces/include/wzlscheduler_interfaces/wzlscheduler_interfaces/msg/labeled_point_clouds.hpp
[5.560s] -- Up-to-date: /home/autopilot/ws/restackcell/ws_moveit2/install/wzlscheduler_interfaces/include/wzlscheduler_interfaces/wzlscheduler_interfaces/srv
[5.561s] -- Up-to-date: /home/autopilot/ws/restackcell/ws_moveit2/install/wzlscheduler_interfaces/include/wzlscheduler_interfaces/wzlscheduler_interfaces/srv/load_object.hpp
[5.561s] -- Up-to-date: /home/autopilot/ws/restackcell/ws_moveit2/install/wzlscheduler_interfaces/include/wzlscheduler_interfaces/wzlscheduler_interfaces/srv/robot_set_velocity.hpp
[5.561s] -- Up-to-date: /home/autopilot/ws/restackcell/ws_moveit2/install/wzlscheduler_interfaces/include/wzlscheduler_interfaces/wzlscheduler_interfaces/srv/scene_object_attach.hpp
[5.561s] -- Up-to-date: /home/autopilot/ws/restackcell/ws_moveit2/install/wzlscheduler_interfaces/include/wzlscheduler_interfaces/wzlscheduler_interfaces/srv/scene_object_detach.hpp
[5.561s] -- Up-to-date: /home/autopilot/ws/restackcell/ws_moveit2/install/wzlscheduler_interfaces/include/wzlscheduler_interfaces/wzlscheduler_interfaces/srv/scene_object_set_pose.hpp
[5.561s] -- Up-to-date: /home/autopilot/ws/restackcell/ws_moveit2/install/wzlscheduler_interfaces/include/wzlscheduler_interfaces/wzlscheduler_interfaces/srv/detail
[5.561s] -- Up-to-date: /home/autopilot/ws/restackcell/ws_moveit2/install/wzlscheduler_interfaces/include/wzlscheduler_interfaces/wzlscheduler_interfaces/srv/detail/scene_object_set_pose__builder.hpp
[5.561s] -- Up-to-date: /home/autopilot/ws/restackcell/ws_moveit2/install/wzlscheduler_interfaces/include/wzlscheduler_interfaces/wzlscheduler_interfaces/srv/detail/scene_object_detach__struct.hpp
[5.562s] -- Up-to-date: /home/autopilot/ws/restackcell/ws_moveit2/install/wzlscheduler_interfaces/include/wzlscheduler_interfaces/wzlscheduler_interfaces/srv/detail/scene_object_remove__builder.hpp
[5.562s] -- Up-to-date: /home/autopilot/ws/restackcell/ws_moveit2/install/wzlscheduler_interfaces/include/wzlscheduler_interfaces/wzlscheduler_interfaces/srv/detail/scene_object_detach__builder.hpp
[5.562s] -- Up-to-date: /home/autopilot/ws/restackcell/ws_moveit2/install/wzlscheduler_interfaces/include/wzlscheduler_interfaces/wzlscheduler_interfaces/srv/detail/scene_object_remove__struct.hpp
[5.562s] -- Up-to-date: /home/autopilot/ws/restackcell/ws_moveit2/install/wzlscheduler_interfaces/include/wzlscheduler_interfaces/wzlscheduler_interfaces/srv/detail/robot_follow_trajectory__struct.hpp
[5.562s] -- Up-to-date: /home/autopilot/ws/restackcell/ws_moveit2/install/wzlscheduler_interfaces/include/wzlscheduler_interfaces/wzlscheduler_interfaces/srv/detail/load_object__traits.hpp
[5.562s] -- Up-to-date: /home/autopilot/ws/restackcell/ws_moveit2/install/wzlscheduler_interfaces/include/wzlscheduler_interfaces/wzlscheduler_interfaces/srv/detail/set_value_io_interface__traits.hpp
[5.562s] -- Up-to-date: /home/autopilot/ws/restackcell/ws_moveit2/install/wzlscheduler_interfaces/include/wzlscheduler_interfaces/wzlscheduler_interfaces/srv/detail/scene_object_set_pose__struct.hpp
[5.562s] -- Up-to-date: /home/autopilot/ws/restackcell/ws_moveit2/install/wzlscheduler_interfaces/include/wzlscheduler_interfaces/wzlscheduler_interfaces/srv/detail/scene_object_attach__traits.hpp
[5.563s] -- Up-to-date: /home/autopilot/ws/restackcell/ws_moveit2/install/wzlscheduler_interfaces/include/wzlscheduler_interfaces/wzlscheduler_interfaces/srv/detail/robot_set_velocity__struct.hpp
[5.563s] -- Up-to-date: /home/autopilot/ws/restackcell/ws_moveit2/install/wzlscheduler_interfaces/include/wzlscheduler_interfaces/wzlscheduler_interfaces/srv/detail/scene_object_attach__builder.hpp
[5.563s] -- Up-to-date: /home/autopilot/ws/restackcell/ws_moveit2/install/wzlscheduler_interfaces/include/wzlscheduler_interfaces/wzlscheduler_interfaces/srv/detail/robot_follow_trajectory__traits.hpp
[5.563s] -- Up-to-date: /home/autopilot/ws/restackcell/ws_moveit2/install/wzlscheduler_interfaces/include/wzlscheduler_interfaces/wzlscheduler_interfaces/srv/detail/scene_object_detach__traits.hpp
[5.563s] -- Up-to-date: /home/autopilot/ws/restackcell/ws_moveit2/install/wzlscheduler_interfaces/include/wzlscheduler_interfaces/wzlscheduler_interfaces/srv/detail/load_object__struct.hpp
[5.563s] -- Up-to-date: /home/autopilot/ws/restackcell/ws_moveit2/install/wzlscheduler_interfaces/include/wzlscheduler_interfaces/wzlscheduler_interfaces/srv/detail/set_value_io_interface__struct.hpp
[5.563s] -- Up-to-date: /home/autopilot/ws/restackcell/ws_moveit2/install/wzlscheduler_interfaces/include/wzlscheduler_interfaces/wzlscheduler_interfaces/srv/detail/scene_object_add__builder.hpp
[5.563s] -- Up-to-date: /home/autopilot/ws/restackcell/ws_moveit2/install/wzlscheduler_interfaces/include/wzlscheduler_interfaces/wzlscheduler_interfaces/srv/detail/load_object__builder.hpp
[5.563s] -- Up-to-date: /home/autopilot/ws/restackcell/ws_moveit2/install/wzlscheduler_interfaces/include/wzlscheduler_interfaces/wzlscheduler_interfaces/srv/detail/scene_object_add__struct.hpp
[5.563s] -- Up-to-date: /home/autopilot/ws/restackcell/ws_moveit2/install/wzlscheduler_interfaces/include/wzlscheduler_interfaces/wzlscheduler_interfaces/srv/detail/robot_set_velocity__builder.hpp
[5.564s] -- Up-to-date: /home/autopilot/ws/restackcell/ws_moveit2/install/wzlscheduler_interfaces/include/wzlscheduler_interfaces/wzlscheduler_interfaces/srv/detail/robot_follow_trajectory__builder.hpp
[5.564s] -- Up-to-date: /home/autopilot/ws/restackcell/ws_moveit2/install/wzlscheduler_interfaces/include/wzlscheduler_interfaces/wzlscheduler_interfaces/srv/detail/scene_object_set_pose__traits.hpp
[5.564s] -- Up-to-date: /home/autopilot/ws/restackcell/ws_moveit2/install/wzlscheduler_interfaces/include/wzlscheduler_interfaces/wzlscheduler_interfaces/srv/detail/robot_set_velocity__traits.hpp
[5.564s] -- Up-to-date: /home/autopilot/ws/restackcell/ws_moveit2/install/wzlscheduler_interfaces/include/wzlscheduler_interfaces/wzlscheduler_interfaces/srv/detail/robot_move_to_position__builder.hpp
[5.564s] -- Up-to-date: /home/autopilot/ws/restackcell/ws_moveit2/install/wzlscheduler_interfaces/include/wzlscheduler_interfaces/wzlscheduler_interfaces/srv/detail/robot_move_to_position__traits.hpp
[5.574s] -- Up-to-date: /home/autopilot/ws/restackcell/ws_moveit2/install/wzlscheduler_interfaces/include/wzlscheduler_interfaces/wzlscheduler_interfaces/srv/detail/scene_object_remove__traits.hpp
[5.574s] -- Up-to-date: /home/autopilot/ws/restackcell/ws_moveit2/install/wzlscheduler_interfaces/include/wzlscheduler_interfaces/wzlscheduler_interfaces/srv/detail/scene_object_add__traits.hpp
[5.574s] -- Up-to-date: /home/autopilot/ws/restackcell/ws_moveit2/install/wzlscheduler_interfaces/include/wzlscheduler_interfaces/wzlscheduler_interfaces/srv/detail/scene_object_attach__struct.hpp
[5.574s] -- Up-to-date: /home/autopilot/ws/restackcell/ws_moveit2/install/wzlscheduler_interfaces/include/wzlscheduler_interfaces/wzlscheduler_interfaces/srv/detail/set_value_io_interface__builder.hpp
[5.575s] -- Up-to-date: /home/autopilot/ws/restackcell/ws_moveit2/install/wzlscheduler_interfaces/include/wzlscheduler_interfaces/wzlscheduler_interfaces/srv/detail/robot_move_to_position__struct.hpp
[5.575s] -- Up-to-date: /home/autopilot/ws/restackcell/ws_moveit2/install/wzlscheduler_interfaces/include/wzlscheduler_interfaces/wzlscheduler_interfaces/srv/scene_object_remove.hpp
[5.575s] -- Up-to-date: /home/autopilot/ws/restackcell/ws_moveit2/install/wzlscheduler_interfaces/include/wzlscheduler_interfaces/wzlscheduler_interfaces/srv/set_value_io_interface.hpp
[5.575s] -- Up-to-date: /home/autopilot/ws/restackcell/ws_moveit2/install/wzlscheduler_interfaces/include/wzlscheduler_interfaces/wzlscheduler_interfaces/srv/robot_follow_trajectory.hpp
[5.575s] -- Up-to-date: /home/autopilot/ws/restackcell/ws_moveit2/install/wzlscheduler_interfaces/include/wzlscheduler_interfaces/wzlscheduler_interfaces/srv/robot_move_to_position.hpp
[5.575s] -- Up-to-date: /home/autopilot/ws/restackcell/ws_moveit2/install/wzlscheduler_interfaces/include/wzlscheduler_interfaces/wzlscheduler_interfaces/srv/scene_object_add.hpp
[5.576s] -- Up-to-date: /home/autopilot/ws/restackcell/ws_moveit2/install/wzlscheduler_interfaces/include/wzlscheduler_interfaces/wzlscheduler_interfaces
[5.576s] -- Up-to-date: /home/autopilot/ws/restackcell/ws_moveit2/install/wzlscheduler_interfaces/include/wzlscheduler_interfaces/wzlscheduler_interfaces/msg
[5.576s] -- Up-to-date: /home/autopilot/ws/restackcell/ws_moveit2/install/wzlscheduler_interfaces/include/wzlscheduler_interfaces/wzlscheduler_interfaces/msg/rosidl_typesupport_fastrtps_cpp__visibility_control.h
[5.576s] -- Up-to-date: /home/autopilot/ws/restackcell/ws_moveit2/install/wzlscheduler_interfaces/include/wzlscheduler_interfaces/wzlscheduler_interfaces/msg/detail
[5.576s] -- Up-to-date: /home/autopilot/ws/restackcell/ws_moveit2/install/wzlscheduler_interfaces/include/wzlscheduler_interfaces/wzlscheduler_interfaces/msg/detail/labeled_point_clouds__rosidl_typesupport_fastrtps_cpp.hpp
[5.576s] -- Up-to-date: /home/autopilot/ws/restackcell/ws_moveit2/install/wzlscheduler_interfaces/include/wzlscheduler_interfaces/wzlscheduler_interfaces/msg/detail/scene_object_remove__rosidl_typesupport_fastrtps_cpp.hpp
[5.576s] -- Up-to-date: /home/autopilot/ws/restackcell/ws_moveit2/install/wzlscheduler_interfaces/include/wzlscheduler_interfaces/wzlscheduler_interfaces/msg/detail/labeled_bounding_box__rosidl_typesupport_fastrtps_cpp.hpp
[5.576s] -- Up-to-date: /home/autopilot/ws/restackcell/ws_moveit2/install/wzlscheduler_interfaces/include/wzlscheduler_interfaces/wzlscheduler_interfaces/msg/detail/labeled_point_cloud__rosidl_typesupport_fastrtps_cpp.hpp
[5.576s] -- Up-to-date: /home/autopilot/ws/restackcell/ws_moveit2/install/wzlscheduler_interfaces/include/wzlscheduler_interfaces/wzlscheduler_interfaces/msg/detail/scene_object_set_pose__rosidl_typesupport_fastrtps_cpp.hpp
[5.577s] -- Up-to-date: /home/autopilot/ws/restackcell/ws_moveit2/install/wzlscheduler_interfaces/include/wzlscheduler_interfaces/wzlscheduler_interfaces/msg/detail/labeled_bounding_boxes__rosidl_typesupport_fastrtps_cpp.hpp
[5.577s] -- Up-to-date: /home/autopilot/ws/restackcell/ws_moveit2/install/wzlscheduler_interfaces/include/wzlscheduler_interfaces/wzlscheduler_interfaces/msg/detail/labeled_poses__rosidl_typesupport_fastrtps_cpp.hpp
[5.577s] -- Up-to-date: /home/autopilot/ws/restackcell/ws_moveit2/install/wzlscheduler_interfaces/include/wzlscheduler_interfaces/wzlscheduler_interfaces/msg/detail/labeled_pose__rosidl_typesupport_fastrtps_cpp.hpp
[5.577s] -- Up-to-date: /home/autopilot/ws/restackcell/ws_moveit2/install/wzlscheduler_interfaces/include/wzlscheduler_interfaces/wzlscheduler_interfaces/msg/detail/dds_fastrtps
[5.577s] -- Up-to-date: /home/autopilot/ws/restackcell/ws_moveit2/install/wzlscheduler_interfaces/include/wzlscheduler_interfaces/wzlscheduler_interfaces/msg/detail/scene_object_add__rosidl_typesupport_fastrtps_cpp.hpp
[5.577s] -- Up-to-date: /home/autopilot/ws/restackcell/ws_moveit2/install/wzlscheduler_interfaces/include/wzlscheduler_interfaces/wzlscheduler_interfaces/srv
[5.577s] -- Up-to-date: /home/autopilot/ws/restackcell/ws_moveit2/install/wzlscheduler_interfaces/include/wzlscheduler_interfaces/wzlscheduler_interfaces/srv/detail
[5.577s] -- Up-to-date: /home/autopilot/ws/restackcell/ws_moveit2/install/wzlscheduler_interfaces/include/wzlscheduler_interfaces/wzlscheduler_interfaces/srv/detail/scene_object_attach__rosidl_typesupport_fastrtps_cpp.hpp
[5.578s] -- Up-to-date: /home/autopilot/ws/restackcell/ws_moveit2/install/wzlscheduler_interfaces/include/wzlscheduler_interfaces/wzlscheduler_interfaces/srv/detail/scene_object_detach__rosidl_typesupport_fastrtps_cpp.hpp
[5.578s] -- Up-to-date: /home/autopilot/ws/restackcell/ws_moveit2/install/wzlscheduler_interfaces/include/wzlscheduler_interfaces/wzlscheduler_interfaces/srv/detail/load_object__rosidl_typesupport_fastrtps_cpp.hpp
[5.578s] -- Up-to-date: /home/autopilot/ws/restackcell/ws_moveit2/install/wzlscheduler_interfaces/include/wzlscheduler_interfaces/wzlscheduler_interfaces/srv/detail/scene_object_remove__rosidl_typesupport_fastrtps_cpp.hpp
[5.578s] -- Up-to-date: /home/autopilot/ws/restackcell/ws_moveit2/install/wzlscheduler_interfaces/include/wzlscheduler_interfaces/wzlscheduler_interfaces/srv/detail/scene_object_set_pose__rosidl_typesupport_fastrtps_cpp.hpp
[5.578s] -- Up-to-date: /home/autopilot/ws/restackcell/ws_moveit2/install/wzlscheduler_interfaces/include/wzlscheduler_interfaces/wzlscheduler_interfaces/srv/detail/set_value_io_interface__rosidl_typesupport_fastrtps_cpp.hpp
[5.578s] -- Up-to-date: /home/autopilot/ws/restackcell/ws_moveit2/install/wzlscheduler_interfaces/include/wzlscheduler_interfaces/wzlscheduler_interfaces/srv/detail/dds_fastrtps
[5.578s] -- Up-to-date: /home/autopilot/ws/restackcell/ws_moveit2/install/wzlscheduler_interfaces/include/wzlscheduler_interfaces/wzlscheduler_interfaces/srv/detail/scene_object_add__rosidl_typesupport_fastrtps_cpp.hpp
[5.579s] -- Up-to-date: /home/autopilot/ws/restackcell/ws_moveit2/install/wzlscheduler_interfaces/include/wzlscheduler_interfaces/wzlscheduler_interfaces/srv/detail/robot_move_to_position__rosidl_typesupport_fastrtps_cpp.hpp
[5.579s] -- Up-to-date: /home/autopilot/ws/restackcell/ws_moveit2/install/wzlscheduler_interfaces/include/wzlscheduler_interfaces/wzlscheduler_interfaces/srv/detail/robot_follow_trajectory__rosidl_typesupport_fastrtps_cpp.hpp
[5.579s] -- Up-to-date: /home/autopilot/ws/restackcell/ws_moveit2/install/wzlscheduler_interfaces/include/wzlscheduler_interfaces/wzlscheduler_interfaces/srv/detail/robot_set_velocity__rosidl_typesupport_fastrtps_cpp.hpp
[5.579s] -- Up-to-date: /home/autopilot/ws/restackcell/ws_moveit2/install/wzlscheduler_interfaces/lib/libwzlscheduler_interfaces__rosidl_typesupport_fastrtps_cpp.so
[5.579s] -- Up-to-date: /home/autopilot/ws/restackcell/ws_moveit2/install/wzlscheduler_interfaces/include/wzlscheduler_interfaces/wzlscheduler_interfaces
[5.579s] -- Up-to-date: /home/autopilot/ws/restackcell/ws_moveit2/install/wzlscheduler_interfaces/include/wzlscheduler_interfaces/wzlscheduler_interfaces/msg
[5.580s] -- Up-to-date: /home/autopilot/ws/restackcell/ws_moveit2/install/wzlscheduler_interfaces/include/wzlscheduler_interfaces/wzlscheduler_interfaces/msg/detail
[5.580s] -- Up-to-date: /home/autopilot/ws/restackcell/ws_moveit2/install/wzlscheduler_interfaces/include/wzlscheduler_interfaces/wzlscheduler_interfaces/msg/detail/labeled_point_cloud__type_support.cpp
[5.580s] -- Up-to-date: /home/autopilot/ws/restackcell/ws_moveit2/install/wzlscheduler_interfaces/include/wzlscheduler_interfaces/wzlscheduler_interfaces/msg/detail/labeled_bounding_boxes__rosidl_typesupport_introspection_cpp.hpp
[5.580s] -- Up-to-date: /home/autopilot/ws/restackcell/ws_moveit2/install/wzlscheduler_interfaces/include/wzlscheduler_interfaces/wzlscheduler_interfaces/msg/detail/labeled_poses__type_support.cpp
[5.580s] -- Up-to-date: /home/autopilot/ws/restackcell/ws_moveit2/install/wzlscheduler_interfaces/include/wzlscheduler_interfaces/wzlscheduler_interfaces/msg/detail/labeled_poses__rosidl_typesupport_introspection_cpp.hpp
[5.580s] -- Up-to-date: /home/autopilot/ws/restackcell/ws_moveit2/install/wzlscheduler_interfaces/include/wzlscheduler_interfaces/wzlscheduler_interfaces/msg/detail/labeled_point_clouds__rosidl_typesupport_introspection_cpp.hpp
[5.580s] -- Up-to-date: /home/autopilot/ws/restackcell/ws_moveit2/install/wzlscheduler_interfaces/include/wzlscheduler_interfaces/wzlscheduler_interfaces/msg/detail/labeled_bounding_boxes__type_support.cpp
[5.580s] -- Up-to-date: /home/autopilot/ws/restackcell/ws_moveit2/install/wzlscheduler_interfaces/include/wzlscheduler_interfaces/wzlscheduler_interfaces/msg/detail/labeled_bounding_box__type_support.cpp
[5.581s] -- Up-to-date: /home/autopilot/ws/restackcell/ws_moveit2/install/wzlscheduler_interfaces/include/wzlscheduler_interfaces/wzlscheduler_interfaces/msg/detail/scene_object_add__type_support.cpp
[5.581s] -- Up-to-date: /home/autopilot/ws/restackcell/ws_moveit2/install/wzlscheduler_interfaces/include/wzlscheduler_interfaces/wzlscheduler_interfaces/msg/detail/labeled_point_cloud__rosidl_typesupport_introspection_cpp.hpp
[5.581s] -- Up-to-date: /home/autopilot/ws/restackcell/ws_moveit2/install/wzlscheduler_interfaces/include/wzlscheduler_interfaces/wzlscheduler_interfaces/msg/detail/scene_object_add__rosidl_typesupport_introspection_cpp.hpp
[5.581s] -- Up-to-date: /home/autopilot/ws/restackcell/ws_moveit2/install/wzlscheduler_interfaces/include/wzlscheduler_interfaces/wzlscheduler_interfaces/msg/detail/scene_object_set_pose__rosidl_typesupport_introspection_cpp.hpp
[5.581s] -- Up-to-date: /home/autopilot/ws/restackcell/ws_moveit2/install/wzlscheduler_interfaces/include/wzlscheduler_interfaces/wzlscheduler_interfaces/msg/detail/scene_object_remove__type_support.cpp
[5.581s] -- Up-to-date: /home/autopilot/ws/restackcell/ws_moveit2/install/wzlscheduler_interfaces/include/wzlscheduler_interfaces/wzlscheduler_interfaces/msg/detail/scene_object_remove__rosidl_typesupport_introspection_cpp.hpp
[5.582s] -- Up-to-date: /home/autopilot/ws/restackcell/ws_moveit2/install/wzlscheduler_interfaces/include/wzlscheduler_interfaces/wzlscheduler_interfaces/msg/detail/labeled_pose__type_support.cpp
[5.582s] -- Up-to-date: /home/autopilot/ws/restackcell/ws_moveit2/install/wzlscheduler_interfaces/include/wzlscheduler_interfaces/wzlscheduler_interfaces/msg/detail/scene_object_set_pose__type_support.cpp
[5.582s] -- Up-to-date: /home/autopilot/ws/restackcell/ws_moveit2/install/wzlscheduler_interfaces/include/wzlscheduler_interfaces/wzlscheduler_interfaces/msg/detail/labeled_point_clouds__type_support.cpp
[5.582s] -- Up-to-date: /home/autopilot/ws/restackcell/ws_moveit2/install/wzlscheduler_interfaces/include/wzlscheduler_interfaces/wzlscheduler_interfaces/msg/detail/labeled_pose__rosidl_typesupport_introspection_cpp.hpp
[5.582s] -- Up-to-date: /home/autopilot/ws/restackcell/ws_moveit2/install/wzlscheduler_interfaces/include/wzlscheduler_interfaces/wzlscheduler_interfaces/msg/detail/labeled_bounding_box__rosidl_typesupport_introspection_cpp.hpp
[5.582s] -- Up-to-date: /home/autopilot/ws/restackcell/ws_moveit2/install/wzlscheduler_interfaces/include/wzlscheduler_interfaces/wzlscheduler_interfaces/srv
[5.584s] -- Up-to-date: /home/autopilot/ws/restackcell/ws_moveit2/install/wzlscheduler_interfaces/include/wzlscheduler_interfaces/wzlscheduler_interfaces/srv/detail
[5.584s] -- Up-to-date: /home/autopilot/ws/restackcell/ws_moveit2/install/wzlscheduler_interfaces/include/wzlscheduler_interfaces/wzlscheduler_interfaces/srv/detail/scene_object_detach__type_support.cpp
[5.584s] -- Up-to-date: /home/autopilot/ws/restackcell/ws_moveit2/install/wzlscheduler_interfaces/include/wzlscheduler_interfaces/wzlscheduler_interfaces/srv/detail/robot_follow_trajectory__type_support.cpp
[5.584s] -- Up-to-date: /home/autopilot/ws/restackcell/ws_moveit2/install/wzlscheduler_interfaces/include/wzlscheduler_interfaces/wzlscheduler_interfaces/srv/detail/scene_object_attach__type_support.cpp
[5.585s] -- Up-to-date: /home/autopilot/ws/restackcell/ws_moveit2/install/wzlscheduler_interfaces/include/wzlscheduler_interfaces/wzlscheduler_interfaces/srv/detail/robot_set_velocity__rosidl_typesupport_introspection_cpp.hpp
[5.585s] -- Up-to-date: /home/autopilot/ws/restackcell/ws_moveit2/install/wzlscheduler_interfaces/include/wzlscheduler_interfaces/wzlscheduler_interfaces/srv/detail/robot_move_to_position__type_support.cpp
[5.585s] -- Up-to-date: /home/autopilot/ws/restackcell/ws_moveit2/install/wzlscheduler_interfaces/include/wzlscheduler_interfaces/wzlscheduler_interfaces/srv/detail/scene_object_detach__rosidl_typesupport_introspection_cpp.hpp
[5.585s] -- Up-to-date: /home/autopilot/ws/restackcell/ws_moveit2/install/wzlscheduler_interfaces/include/wzlscheduler_interfaces/wzlscheduler_interfaces/srv/detail/set_value_io_interface__rosidl_typesupport_introspection_cpp.hpp
[5.585s] -- Up-to-date: /home/autopilot/ws/restackcell/ws_moveit2/install/wzlscheduler_interfaces/include/wzlscheduler_interfaces/wzlscheduler_interfaces/srv/detail/scene_object_add__type_support.cpp
[5.585s] -- Up-to-date: /home/autopilot/ws/restackcell/ws_moveit2/install/wzlscheduler_interfaces/include/wzlscheduler_interfaces/wzlscheduler_interfaces/srv/detail/load_object__type_support.cpp
[5.585s] -- Up-to-date: /home/autopilot/ws/restackcell/ws_moveit2/install/wzlscheduler_interfaces/include/wzlscheduler_interfaces/wzlscheduler_interfaces/srv/detail/robot_follow_trajectory__rosidl_typesupport_introspection_cpp.hpp
[5.586s] -- Up-to-date: /home/autopilot/ws/restackcell/ws_moveit2/install/wzlscheduler_interfaces/include/wzlscheduler_interfaces/wzlscheduler_interfaces/srv/detail/load_object__rosidl_typesupport_introspection_cpp.hpp
[5.586s] -- Up-to-date: /home/autopilot/ws/restackcell/ws_moveit2/install/wzlscheduler_interfaces/include/wzlscheduler_interfaces/wzlscheduler_interfaces/srv/detail/scene_object_add__rosidl_typesupport_introspection_cpp.hpp
[5.586s] -- Up-to-date: /home/autopilot/ws/restackcell/ws_moveit2/install/wzlscheduler_interfaces/include/wzlscheduler_interfaces/wzlscheduler_interfaces/srv/detail/set_value_io_interface__type_support.cpp
[5.586s] -- Up-to-date: /home/autopilot/ws/restackcell/ws_moveit2/install/wzlscheduler_interfaces/include/wzlscheduler_interfaces/wzlscheduler_interfaces/srv/detail/robot_move_to_position__rosidl_typesupport_introspection_cpp.hpp
[5.586s] -- Up-to-date: /home/autopilot/ws/restackcell/ws_moveit2/install/wzlscheduler_interfaces/include/wzlscheduler_interfaces/wzlscheduler_interfaces/srv/detail/scene_object_attach__rosidl_typesupport_introspection_cpp.hpp
[5.586s] -- Up-to-date: /home/autopilot/ws/restackcell/ws_moveit2/install/wzlscheduler_interfaces/include/wzlscheduler_interfaces/wzlscheduler_interfaces/srv/detail/robot_set_velocity__type_support.cpp
[5.586s] -- Up-to-date: /home/autopilot/ws/restackcell/ws_moveit2/install/wzlscheduler_interfaces/include/wzlscheduler_interfaces/wzlscheduler_interfaces/srv/detail/scene_object_set_pose__rosidl_typesupport_introspection_cpp.hpp
[5.586s] -- Up-to-date: /home/autopilot/ws/restackcell/ws_moveit2/install/wzlscheduler_interfaces/include/wzlscheduler_interfaces/wzlscheduler_interfaces/srv/detail/scene_object_remove__type_support.cpp
[5.587s] -- Up-to-date: /home/autopilot/ws/restackcell/ws_moveit2/install/wzlscheduler_interfaces/include/wzlscheduler_interfaces/wzlscheduler_interfaces/srv/detail/scene_object_remove__rosidl_typesupport_introspection_cpp.hpp
[5.587s] -- Up-to-date: /home/autopilot/ws/restackcell/ws_moveit2/install/wzlscheduler_interfaces/include/wzlscheduler_interfaces/wzlscheduler_interfaces/srv/detail/scene_object_set_pose__type_support.cpp
[5.587s] -- Up-to-date: /home/autopilot/ws/restackcell/ws_moveit2/install/wzlscheduler_interfaces/lib/libwzlscheduler_interfaces__rosidl_typesupport_introspection_cpp.so
[5.587s] -- Up-to-date: /home/autopilot/ws/restackcell/ws_moveit2/install/wzlscheduler_interfaces/lib/libwzlscheduler_interfaces__rosidl_typesupport_cpp.so
[5.587s] -- Up-to-date: /home/autopilot/ws/restackcell/ws_moveit2/install/wzlscheduler_interfaces/share/wzlscheduler_interfaces/environment/pythonpath.sh
[5.587s] -- Up-to-date: /home/autopilot/ws/restackcell/ws_moveit2/install/wzlscheduler_interfaces/share/wzlscheduler_interfaces/environment/pythonpath.dsv
[5.587s] -- Up-to-date: /home/autopilot/ws/restackcell/ws_moveit2/install/wzlscheduler_interfaces/local/lib/python3.10/dist-packages/wzlscheduler_interfaces-0.0.0-py3.10.egg-info
[5.588s] -- Installing: /home/autopilot/ws/restackcell/ws_moveit2/install/wzlscheduler_interfaces/local/lib/python3.10/dist-packages/wzlscheduler_interfaces-0.0.0-py3.10.egg-info/SOURCES.txt
[5.588s] -- Installing: /home/autopilot/ws/restackcell/ws_moveit2/install/wzlscheduler_interfaces/local/lib/python3.10/dist-packages/wzlscheduler_interfaces-0.0.0-py3.10.egg-info/PKG-INFO
[5.588s] -- Installing: /home/autopilot/ws/restackcell/ws_moveit2/install/wzlscheduler_interfaces/local/lib/python3.10/dist-packages/wzlscheduler_interfaces-0.0.0-py3.10.egg-info/top_level.txt
[5.588s] -- Installing: /home/autopilot/ws/restackcell/ws_moveit2/install/wzlscheduler_interfaces/local/lib/python3.10/dist-packages/wzlscheduler_interfaces-0.0.0-py3.10.egg-info/dependency_links.txt
[5.588s] -- Up-to-date: /home/autopilot/ws/restackcell/ws_moveit2/install/wzlscheduler_interfaces/local/lib/python3.10/dist-packages/wzlscheduler_interfaces
[5.588s] -- Up-to-date: /home/autopilot/ws/restackcell/ws_moveit2/install/wzlscheduler_interfaces/local/lib/python3.10/dist-packages/wzlscheduler_interfaces/__init__.py
[5.588s] -- Up-to-date: /home/autopilot/ws/restackcell/ws_moveit2/install/wzlscheduler_interfaces/local/lib/python3.10/dist-packages/wzlscheduler_interfaces/_wzlscheduler_interfaces_s.ep.rosidl_typesupport_introspection_c.c
[5.588s] -- Up-to-date: /home/autopilot/ws/restackcell/ws_moveit2/install/wzlscheduler_interfaces/local/lib/python3.10/dist-packages/wzlscheduler_interfaces/wzlscheduler_interfaces_s__rosidl_typesupport_c.cpython-310-aarch64-linux-gnu.so
[5.589s] -- Up-to-date: /home/autopilot/ws/restackcell/ws_moveit2/install/wzlscheduler_interfaces/local/lib/python3.10/dist-packages/wzlscheduler_interfaces/msg
[5.589s] -- Up-to-date: /home/autopilot/ws/restackcell/ws_moveit2/install/wzlscheduler_interfaces/local/lib/python3.10/dist-packages/wzlscheduler_interfaces/msg/_labeled_point_clouds_s.c
[5.589s] -- Up-to-date: /home/autopilot/ws/restackcell/ws_moveit2/install/wzlscheduler_interfaces/local/lib/python3.10/dist-packages/wzlscheduler_interfaces/msg/_labeled_point_cloud_s.c
[5.589s] -- Up-to-date: /home/autopilot/ws/restackcell/ws_moveit2/install/wzlscheduler_interfaces/local/lib/python3.10/dist-packages/wzlscheduler_interfaces/msg/_scene_object_add_s.c
[5.589s] -- Up-to-date: /home/autopilot/ws/restackcell/ws_moveit2/install/wzlscheduler_interfaces/local/lib/python3.10/dist-packages/wzlscheduler_interfaces/msg/__init__.py
[5.589s] -- Up-to-date: /home/autopilot/ws/restackcell/ws_moveit2/install/wzlscheduler_interfaces/local/lib/python3.10/dist-packages/wzlscheduler_interfaces/msg/_labeled_poses_s.c
[5.589s] -- Up-to-date: /home/autopilot/ws/restackcell/ws_moveit2/install/wzlscheduler_interfaces/local/lib/python3.10/dist-packages/wzlscheduler_interfaces/msg/_scene_object_add.py
[5.589s] -- Up-to-date: /home/autopilot/ws/restackcell/ws_moveit2/install/wzlscheduler_interfaces/local/lib/python3.10/dist-packages/wzlscheduler_interfaces/msg/_labeled_bounding_boxes_s.c
[5.590s] -- Up-to-date: /home/autopilot/ws/restackcell/ws_moveit2/install/wzlscheduler_interfaces/local/lib/python3.10/dist-packages/wzlscheduler_interfaces/msg/_labeled_point_clouds.py
[5.590s] -- Up-to-date: /home/autopilot/ws/restackcell/ws_moveit2/install/wzlscheduler_interfaces/local/lib/python3.10/dist-packages/wzlscheduler_interfaces/msg/_scene_object_set_pose.py
[5.590s] -- Up-to-date: /home/autopilot/ws/restackcell/ws_moveit2/install/wzlscheduler_interfaces/local/lib/python3.10/dist-packages/wzlscheduler_interfaces/msg/_labeled_bounding_boxes.py
[5.590s] -- Up-to-date: /home/autopilot/ws/restackcell/ws_moveit2/install/wzlscheduler_interfaces/local/lib/python3.10/dist-packages/wzlscheduler_interfaces/msg/_labeled_pose.py
[5.590s] -- Up-to-date: /home/autopilot/ws/restackcell/ws_moveit2/install/wzlscheduler_interfaces/local/lib/python3.10/dist-packages/wzlscheduler_interfaces/msg/_labeled_bounding_box_s.c
[5.590s] -- Up-to-date: /home/autopilot/ws/restackcell/ws_moveit2/install/wzlscheduler_interfaces/local/lib/python3.10/dist-packages/wzlscheduler_interfaces/msg/_labeled_bounding_box.py
[5.590s] -- Up-to-date: /home/autopilot/ws/restackcell/ws_moveit2/install/wzlscheduler_interfaces/local/lib/python3.10/dist-packages/wzlscheduler_interfaces/msg/_labeled_pose_s.c
[5.591s] -- Up-to-date: /home/autopilot/ws/restackcell/ws_moveit2/install/wzlscheduler_interfaces/local/lib/python3.10/dist-packages/wzlscheduler_interfaces/msg/_scene_object_remove.py
[5.591s] -- Up-to-date: /home/autopilot/ws/restackcell/ws_moveit2/install/wzlscheduler_interfaces/local/lib/python3.10/dist-packages/wzlscheduler_interfaces/msg/_scene_object_set_pose_s.c
[5.591s] -- Up-to-date: /home/autopilot/ws/restackcell/ws_moveit2/install/wzlscheduler_interfaces/local/lib/python3.10/dist-packages/wzlscheduler_interfaces/msg/_labeled_point_cloud.py
[5.591s] -- Up-to-date: /home/autopilot/ws/restackcell/ws_moveit2/install/wzlscheduler_interfaces/local/lib/python3.10/dist-packages/wzlscheduler_interfaces/msg/_scene_object_remove_s.c
[5.591s] -- Up-to-date: /home/autopilot/ws/restackcell/ws_moveit2/install/wzlscheduler_interfaces/local/lib/python3.10/dist-packages/wzlscheduler_interfaces/msg/_labeled_poses.py
[5.591s] -- Up-to-date: /home/autopilot/ws/restackcell/ws_moveit2/install/wzlscheduler_interfaces/local/lib/python3.10/dist-packages/wzlscheduler_interfaces/wzlscheduler_interfaces_s__rosidl_typesupport_introspection_c.cpython-310-aarch64-linux-gnu.so
[5.592s] -- Up-to-date: /home/autopilot/ws/restackcell/ws_moveit2/install/wzlscheduler_interfaces/local/lib/python3.10/dist-packages/wzlscheduler_interfaces/libwzlscheduler_interfaces__rosidl_generator_py.so
[5.592s] -- Up-to-date: /home/autopilot/ws/restackcell/ws_moveit2/install/wzlscheduler_interfaces/local/lib/python3.10/dist-packages/wzlscheduler_interfaces/_wzlscheduler_interfaces_s.ep.rosidl_typesupport_fastrtps_c.c
[5.592s] -- Up-to-date: /home/autopilot/ws/restackcell/ws_moveit2/install/wzlscheduler_interfaces/local/lib/python3.10/dist-packages/wzlscheduler_interfaces/srv
[5.592s] -- Up-to-date: /home/autopilot/ws/restackcell/ws_moveit2/install/wzlscheduler_interfaces/local/lib/python3.10/dist-packages/wzlscheduler_interfaces/srv/_robot_set_velocity.py
[5.592s] -- Up-to-date: /home/autopilot/ws/restackcell/ws_moveit2/install/wzlscheduler_interfaces/local/lib/python3.10/dist-packages/wzlscheduler_interfaces/srv/_load_object.py
[5.592s] -- Up-to-date: /home/autopilot/ws/restackcell/ws_moveit2/install/wzlscheduler_interfaces/local/lib/python3.10/dist-packages/wzlscheduler_interfaces/srv/_robot_set_velocity_s.c
[5.592s] -- Up-to-date: /home/autopilot/ws/restackcell/ws_moveit2/install/wzlscheduler_interfaces/local/lib/python3.10/dist-packages/wzlscheduler_interfaces/srv/_scene_object_add_s.c
[5.592s] -- Up-to-date: /home/autopilot/ws/restackcell/ws_moveit2/install/wzlscheduler_interfaces/local/lib/python3.10/dist-packages/wzlscheduler_interfaces/srv/__init__.py
[5.592s] -- Up-to-date: /home/autopilot/ws/restackcell/ws_moveit2/install/wzlscheduler_interfaces/local/lib/python3.10/dist-packages/wzlscheduler_interfaces/srv/_scene_object_detach.py
[5.593s] -- Up-to-date: /home/autopilot/ws/restackcell/ws_moveit2/install/wzlscheduler_interfaces/local/lib/python3.10/dist-packages/wzlscheduler_interfaces/srv/_robot_follow_trajectory_s.c
[5.593s] -- Up-to-date: /home/autopilot/ws/restackcell/ws_moveit2/install/wzlscheduler_interfaces/local/lib/python3.10/dist-packages/wzlscheduler_interfaces/srv/_scene_object_add.py
[5.593s] -- Up-to-date: /home/autopilot/ws/restackcell/ws_moveit2/install/wzlscheduler_interfaces/local/lib/python3.10/dist-packages/wzlscheduler_interfaces/srv/_scene_object_attach.py
[5.593s] -- Up-to-date: /home/autopilot/ws/restackcell/ws_moveit2/install/wzlscheduler_interfaces/local/lib/python3.10/dist-packages/wzlscheduler_interfaces/srv/_scene_object_set_pose.py
[5.593s] -- Up-to-date: /home/autopilot/ws/restackcell/ws_moveit2/install/wzlscheduler_interfaces/local/lib/python3.10/dist-packages/wzlscheduler_interfaces/srv/_load_object_s.c
[5.593s] -- Up-to-date: /home/autopilot/ws/restackcell/ws_moveit2/install/wzlscheduler_interfaces/local/lib/python3.10/dist-packages/wzlscheduler_interfaces/srv/_robot_move_to_position.py
[5.593s] -- Up-to-date: /home/autopilot/ws/restackcell/ws_moveit2/install/wzlscheduler_interfaces/local/lib/python3.10/dist-packages/wzlscheduler_interfaces/srv/_set_value_io_interface_s.c
[5.594s] -- Up-to-date: /home/autopilot/ws/restackcell/ws_moveit2/install/wzlscheduler_interfaces/local/lib/python3.10/dist-packages/wzlscheduler_interfaces/srv/_scene_object_detach_s.c
[5.594s] -- Up-to-date: /home/autopilot/ws/restackcell/ws_moveit2/install/wzlscheduler_interfaces/local/lib/python3.10/dist-packages/wzlscheduler_interfaces/srv/_robot_follow_trajectory.py
[5.594s] -- Up-to-date: /home/autopilot/ws/restackcell/ws_moveit2/install/wzlscheduler_interfaces/local/lib/python3.10/dist-packages/wzlscheduler_interfaces/srv/_scene_object_remove.py
[5.594s] -- Up-to-date: /home/autopilot/ws/restackcell/ws_moveit2/install/wzlscheduler_interfaces/local/lib/python3.10/dist-packages/wzlscheduler_interfaces/srv/_robot_move_to_position_s.c
[5.594s] -- Up-to-date: /home/autopilot/ws/restackcell/ws_moveit2/install/wzlscheduler_interfaces/local/lib/python3.10/dist-packages/wzlscheduler_interfaces/srv/_scene_object_set_pose_s.c
[5.594s] -- Up-to-date: /home/autopilot/ws/restackcell/ws_moveit2/install/wzlscheduler_interfaces/local/lib/python3.10/dist-packages/wzlscheduler_interfaces/srv/_scene_object_attach_s.c
[5.595s] -- Up-to-date: /home/autopilot/ws/restackcell/ws_moveit2/install/wzlscheduler_interfaces/local/lib/python3.10/dist-packages/wzlscheduler_interfaces/srv/_set_value_io_interface.py
[5.595s] -- Up-to-date: /home/autopilot/ws/restackcell/ws_moveit2/install/wzlscheduler_interfaces/local/lib/python3.10/dist-packages/wzlscheduler_interfaces/srv/_scene_object_remove_s.c
[5.595s] -- Up-to-date: /home/autopilot/ws/restackcell/ws_moveit2/install/wzlscheduler_interfaces/local/lib/python3.10/dist-packages/wzlscheduler_interfaces/_wzlscheduler_interfaces_s.ep.rosidl_typesupport_c.c
[5.595s] -- Up-to-date: /home/autopilot/ws/restackcell/ws_moveit2/install/wzlscheduler_interfaces/local/lib/python3.10/dist-packages/wzlscheduler_interfaces/wzlscheduler_interfaces_s__rosidl_typesupport_fastrtps_c.cpython-310-aarch64-linux-gnu.so
[5.595s] Listing '/home/autopilot/ws/restackcell/ws_moveit2/install/wzlscheduler_interfaces/local/lib/python3.10/dist-packages/wzlscheduler_interfaces'...
[5.595s] Listing '/home/autopilot/ws/restackcell/ws_moveit2/install/wzlscheduler_interfaces/local/lib/python3.10/dist-packages/wzlscheduler_interfaces/msg'...
[5.595s] Listing '/home/autopilot/ws/restackcell/ws_moveit2/install/wzlscheduler_interfaces/local/lib/python3.10/dist-packages/wzlscheduler_interfaces/srv'...
[5.606s] -- Up-to-date: /home/autopilot/ws/restackcell/ws_moveit2/install/wzlscheduler_interfaces/local/lib/python3.10/dist-packages/wzlscheduler_interfaces/wzlscheduler_interfaces_s__rosidl_typesupport_fastrtps_c.cpython-310-aarch64-linux-gnu.so
[5.606s] -- Up-to-date: /home/autopilot/ws/restackcell/ws_moveit2/install/wzlscheduler_interfaces/local/lib/python3.10/dist-packages/wzlscheduler_interfaces/wzlscheduler_interfaces_s__rosidl_typesupport_introspection_c.cpython-310-aarch64-linux-gnu.so
[5.606s] -- Up-to-date: /home/autopilot/ws/restackcell/ws_moveit2/install/wzlscheduler_interfaces/local/lib/python3.10/dist-packages/wzlscheduler_interfaces/wzlscheduler_interfaces_s__rosidl_typesupport_c.cpython-310-aarch64-linux-gnu.so
[5.606s] -- Up-to-date: /home/autopilot/ws/restackcell/ws_moveit2/install/wzlscheduler_interfaces/lib/libwzlscheduler_interfaces__rosidl_generator_py.so
[5.607s] -- Up-to-date: /home/autopilot/ws/restackcell/ws_moveit2/install/wzlscheduler_interfaces/share/wzlscheduler_interfaces/srv/SetValueIoInterface.idl
[5.607s] -- Up-to-date: /home/autopilot/ws/restackcell/ws_moveit2/install/wzlscheduler_interfaces/share/wzlscheduler_interfaces/srv/RobotMoveToPosition.idl
[5.608s] -- Up-to-date: /home/autopilot/ws/restackcell/ws_moveit2/install/wzlscheduler_interfaces/share/wzlscheduler_interfaces/srv/RobotSetVelocity.idl
[5.608s] -- Up-to-date: /home/autopilot/ws/restackcell/ws_moveit2/install/wzlscheduler_interfaces/share/wzlscheduler_interfaces/srv/RobotFollowTrajectory.idl
[5.608s] -- Up-to-date: /home/autopilot/ws/restackcell/ws_moveit2/install/wzlscheduler_interfaces/share/wzlscheduler_interfaces/srv/LoadObject.idl
[5.608s] -- Up-to-date: /home/autopilot/ws/restackcell/ws_moveit2/install/wzlscheduler_interfaces/share/wzlscheduler_interfaces/srv/SceneObjectAdd.idl
[5.609s] -- Up-to-date: /home/autopilot/ws/restackcell/ws_moveit2/install/wzlscheduler_interfaces/share/wzlscheduler_interfaces/srv/SceneObjectAttach.idl
[5.609s] -- Up-to-date: /home/autopilot/ws/restackcell/ws_moveit2/install/wzlscheduler_interfaces/share/wzlscheduler_interfaces/srv/SceneObjectDetach.idl
[5.609s] -- Up-to-date: /home/autopilot/ws/restackcell/ws_moveit2/install/wzlscheduler_interfaces/share/wzlscheduler_interfaces/srv/SceneObjectRemove.idl
[5.609s] -- Up-to-date: /home/autopilot/ws/restackcell/ws_moveit2/install/wzlscheduler_interfaces/share/wzlscheduler_interfaces/srv/SceneObjectSetPose.idl
[5.610s] -- Up-to-date: /home/autopilot/ws/restackcell/ws_moveit2/install/wzlscheduler_interfaces/share/wzlscheduler_interfaces/msg/LabeledPointCloud.idl
[5.610s] -- Up-to-date: /home/autopilot/ws/restackcell/ws_moveit2/install/wzlscheduler_interfaces/share/wzlscheduler_interfaces/msg/LabeledPointClouds.idl
[5.610s] -- Up-to-date: /home/autopilot/ws/restackcell/ws_moveit2/install/wzlscheduler_interfaces/share/wzlscheduler_interfaces/msg/SceneObjectRemove.idl
[5.610s] -- Up-to-date: /home/autopilot/ws/restackcell/ws_moveit2/install/wzlscheduler_interfaces/share/wzlscheduler_interfaces/msg/SceneObjectAdd.idl
[5.611s] -- Up-to-date: /home/autopilot/ws/restackcell/ws_moveit2/install/wzlscheduler_interfaces/share/wzlscheduler_interfaces/msg/SceneObjectSetPose.idl
[5.611s] -- Up-to-date: /home/autopilot/ws/restackcell/ws_moveit2/install/wzlscheduler_interfaces/share/wzlscheduler_interfaces/msg/LabeledBoundingBox.idl
[5.611s] -- Up-to-date: /home/autopilot/ws/restackcell/ws_moveit2/install/wzlscheduler_interfaces/share/wzlscheduler_interfaces/msg/LabeledBoundingBoxes.idl
[5.611s] -- Up-to-date: /home/autopilot/ws/restackcell/ws_moveit2/install/wzlscheduler_interfaces/share/wzlscheduler_interfaces/msg/LabeledPose.idl
[5.611s] -- Up-to-date: /home/autopilot/ws/restackcell/ws_moveit2/install/wzlscheduler_interfaces/share/wzlscheduler_interfaces/msg/LabeledPoses.idl
[5.611s] -- Up-to-date: /home/autopilot/ws/restackcell/ws_moveit2/install/wzlscheduler_interfaces/share/wzlscheduler_interfaces/srv/SetValueIoInterface.srv
[5.612s] -- Up-to-date: /home/autopilot/ws/restackcell/ws_moveit2/install/wzlscheduler_interfaces/share/wzlscheduler_interfaces/srv/SetValueIoInterface_Request.msg
[5.612s] -- Up-to-date: /home/autopilot/ws/restackcell/ws_moveit2/install/wzlscheduler_interfaces/share/wzlscheduler_interfaces/srv/SetValueIoInterface_Response.msg
[5.612s] -- Up-to-date: /home/autopilot/ws/restackcell/ws_moveit2/install/wzlscheduler_interfaces/share/wzlscheduler_interfaces/srv/RobotMoveToPosition.srv
[5.612s] -- Up-to-date: /home/autopilot/ws/restackcell/ws_moveit2/install/wzlscheduler_interfaces/share/wzlscheduler_interfaces/srv/RobotMoveToPosition_Request.msg
[5.612s] -- Up-to-date: /home/autopilot/ws/restackcell/ws_moveit2/install/wzlscheduler_interfaces/share/wzlscheduler_interfaces/srv/RobotMoveToPosition_Response.msg
[5.613s] -- Up-to-date: /home/autopilot/ws/restackcell/ws_moveit2/install/wzlscheduler_interfaces/share/wzlscheduler_interfaces/srv/RobotSetVelocity.srv
[5.613s] -- Up-to-date: /home/autopilot/ws/restackcell/ws_moveit2/install/wzlscheduler_interfaces/share/wzlscheduler_interfaces/srv/RobotSetVelocity_Request.msg
[5.613s] -- Up-to-date: /home/autopilot/ws/restackcell/ws_moveit2/install/wzlscheduler_interfaces/share/wzlscheduler_interfaces/srv/RobotSetVelocity_Response.msg
[5.613s] -- Up-to-date: /home/autopilot/ws/restackcell/ws_moveit2/install/wzlscheduler_interfaces/share/wzlscheduler_interfaces/srv/RobotFollowTrajectory.srv
[5.613s] -- Up-to-date: /home/autopilot/ws/restackcell/ws_moveit2/install/wzlscheduler_interfaces/share/wzlscheduler_interfaces/srv/RobotFollowTrajectory_Request.msg
[5.614s] -- Up-to-date: /home/autopilot/ws/restackcell/ws_moveit2/install/wzlscheduler_interfaces/share/wzlscheduler_interfaces/srv/RobotFollowTrajectory_Response.msg
[5.614s] -- Up-to-date: /home/autopilot/ws/restackcell/ws_moveit2/install/wzlscheduler_interfaces/share/wzlscheduler_interfaces/srv/LoadObject.srv
[5.614s] -- Up-to-date: /home/autopilot/ws/restackcell/ws_moveit2/install/wzlscheduler_interfaces/share/wzlscheduler_interfaces/srv/LoadObject_Request.msg
[5.614s] -- Up-to-date: /home/autopilot/ws/restackcell/ws_moveit2/install/wzlscheduler_interfaces/share/wzlscheduler_interfaces/srv/LoadObject_Response.msg
[5.614s] -- Up-to-date: /home/autopilot/ws/restackcell/ws_moveit2/install/wzlscheduler_interfaces/share/wzlscheduler_interfaces/srv/SceneObjectAdd.srv
[5.614s] -- Up-to-date: /home/autopilot/ws/restackcell/ws_moveit2/install/wzlscheduler_interfaces/share/wzlscheduler_interfaces/srv/SceneObjectAdd_Request.msg
[5.615s] -- Up-to-date: /home/autopilot/ws/restackcell/ws_moveit2/install/wzlscheduler_interfaces/share/wzlscheduler_interfaces/srv/SceneObjectAdd_Response.msg
[5.615s] -- Up-to-date: /home/autopilot/ws/restackcell/ws_moveit2/install/wzlscheduler_interfaces/share/wzlscheduler_interfaces/srv/SceneObjectAttach.srv
[5.616s] -- Up-to-date: /home/autopilot/ws/restackcell/ws_moveit2/install/wzlscheduler_interfaces/share/wzlscheduler_interfaces/srv/SceneObjectAttach_Request.msg
[5.618s] -- Up-to-date: /home/autopilot/ws/restackcell/ws_moveit2/install/wzlscheduler_interfaces/share/wzlscheduler_interfaces/srv/SceneObjectAttach_Response.msg
[5.618s] -- Up-to-date: /home/autopilot/ws/restackcell/ws_moveit2/install/wzlscheduler_interfaces/share/wzlscheduler_interfaces/srv/SceneObjectDetach.srv
[5.619s] -- Up-to-date: /home/autopilot/ws/restackcell/ws_moveit2/install/wzlscheduler_interfaces/share/wzlscheduler_interfaces/srv/SceneObjectDetach_Request.msg
[5.619s] -- Up-to-date: /home/autopilot/ws/restackcell/ws_moveit2/install/wzlscheduler_interfaces/share/wzlscheduler_interfaces/srv/SceneObjectDetach_Response.msg
[5.619s] -- Up-to-date: /home/autopilot/ws/restackcell/ws_moveit2/install/wzlscheduler_interfaces/share/wzlscheduler_interfaces/srv/SceneObjectRemove.srv
[5.619s] -- Up-to-date: /home/autopilot/ws/restackcell/ws_moveit2/install/wzlscheduler_interfaces/share/wzlscheduler_interfaces/srv/SceneObjectRemove_Request.msg
[5.619s] -- Up-to-date: /home/autopilot/ws/restackcell/ws_moveit2/install/wzlscheduler_interfaces/share/wzlscheduler_interfaces/srv/SceneObjectRemove_Response.msg
[5.619s] -- Up-to-date: /home/autopilot/ws/restackcell/ws_moveit2/install/wzlscheduler_interfaces/share/wzlscheduler_interfaces/srv/SceneObjectSetPose.srv
[5.619s] -- Up-to-date: /home/autopilot/ws/restackcell/ws_moveit2/install/wzlscheduler_interfaces/share/wzlscheduler_interfaces/srv/SceneObjectSetPose_Request.msg
[5.620s] -- Up-to-date: /home/autopilot/ws/restackcell/ws_moveit2/install/wzlscheduler_interfaces/share/wzlscheduler_interfaces/srv/SceneObjectSetPose_Response.msg
[5.620s] -- Up-to-date: /home/autopilot/ws/restackcell/ws_moveit2/install/wzlscheduler_interfaces/share/wzlscheduler_interfaces/msg/LabeledPointCloud.msg
[5.620s] -- Up-to-date: /home/autopilot/ws/restackcell/ws_moveit2/install/wzlscheduler_interfaces/share/wzlscheduler_interfaces/msg/LabeledPointClouds.msg
[5.620s] -- Up-to-date: /home/autopilot/ws/restackcell/ws_moveit2/install/wzlscheduler_interfaces/share/wzlscheduler_interfaces/msg/SceneObjectRemove.msg
[5.622s] -- Up-to-date: /home/autopilot/ws/restackcell/ws_moveit2/install/wzlscheduler_interfaces/share/wzlscheduler_interfaces/msg/SceneObjectAdd.msg
[5.623s] -- Up-to-date: /home/autopilot/ws/restackcell/ws_moveit2/install/wzlscheduler_interfaces/share/wzlscheduler_interfaces/msg/SceneObjectSetPose.msg
[5.624s] -- Up-to-date: /home/autopilot/ws/restackcell/ws_moveit2/install/wzlscheduler_interfaces/share/wzlscheduler_interfaces/msg/LabeledBoundingBox.msg
[5.625s] -- Up-to-date: /home/autopilot/ws/restackcell/ws_moveit2/install/wzlscheduler_interfaces/share/wzlscheduler_interfaces/msg/LabeledBoundingBoxes.msg
[5.626s] -- Up-to-date: /home/autopilot/ws/restackcell/ws_moveit2/install/wzlscheduler_interfaces/share/wzlscheduler_interfaces/msg/LabeledPose.msg
[5.627s] -- Up-to-date: /home/autopilot/ws/restackcell/ws_moveit2/install/wzlscheduler_interfaces/share/wzlscheduler_interfaces/msg/LabeledPoses.msg
[5.627s] -- Up-to-date: /home/autopilot/ws/restackcell/ws_moveit2/install/wzlscheduler_interfaces/share/ament_index/resource_index/package_run_dependencies/wzlscheduler_interfaces
[5.627s] -- Up-to-date: /home/autopilot/ws/restackcell/ws_moveit2/install/wzlscheduler_interfaces/share/ament_index/resource_index/parent_prefix_path/wzlscheduler_interfaces
[5.627s] -- Up-to-date: /home/autopilot/ws/restackcell/ws_moveit2/install/wzlscheduler_interfaces/share/wzlscheduler_interfaces/environment/ament_prefix_path.sh
[5.627s] -- Up-to-date: /home/autopilot/ws/restackcell/ws_moveit2/install/wzlscheduler_interfaces/share/wzlscheduler_interfaces/environment/ament_prefix_path.dsv
[5.627s] -- Up-to-date: /home/autopilot/ws/restackcell/ws_moveit2/install/wzlscheduler_interfaces/share/wzlscheduler_interfaces/environment/path.sh
[5.627s] -- Up-to-date: /home/autopilot/ws/restackcell/ws_moveit2/install/wzlscheduler_interfaces/share/wzlscheduler_interfaces/environment/path.dsv
[5.627s] -- Up-to-date: /home/autopilot/ws/restackcell/ws_moveit2/install/wzlscheduler_interfaces/share/wzlscheduler_interfaces/local_setup.bash
[5.628s] -- Up-to-date: /home/autopilot/ws/restackcell/ws_moveit2/install/wzlscheduler_interfaces/share/wzlscheduler_interfaces/local_setup.sh
[5.628s] -- Up-to-date: /home/autopilot/ws/restackcell/ws_moveit2/install/wzlscheduler_interfaces/share/wzlscheduler_interfaces/local_setup.zsh
[5.628s] -- Up-to-date: /home/autopilot/ws/restackcell/ws_moveit2/install/wzlscheduler_interfaces/share/wzlscheduler_interfaces/local_setup.dsv
[5.641s] -- Installing: /home/autopilot/ws/restackcell/ws_moveit2/install/wzlscheduler_interfaces/share/wzlscheduler_interfaces/package.dsv
[5.641s] -- Up-to-date: /home/autopilot/ws/restackcell/ws_moveit2/install/wzlscheduler_interfaces/share/ament_index/resource_index/packages/wzlscheduler_interfaces
[5.641s] -- Up-to-date: /home/autopilot/ws/restackcell/ws_moveit2/install/wzlscheduler_interfaces/share/wzlscheduler_interfaces/cmake/export_wzlscheduler_interfaces__rosidl_generator_cExport.cmake
[5.641s] -- Up-to-date: /home/autopilot/ws/restackcell/ws_moveit2/install/wzlscheduler_interfaces/share/wzlscheduler_interfaces/cmake/export_wzlscheduler_interfaces__rosidl_generator_cExport-noconfig.cmake
[5.641s] -- Up-to-date: /home/autopilot/ws/restackcell/ws_moveit2/install/wzlscheduler_interfaces/share/wzlscheduler_interfaces/cmake/export_wzlscheduler_interfaces__rosidl_typesupport_fastrtps_cExport.cmake
[5.642s] -- Up-to-date: /home/autopilot/ws/restackcell/ws_moveit2/install/wzlscheduler_interfaces/share/wzlscheduler_interfaces/cmake/export_wzlscheduler_interfaces__rosidl_typesupport_fastrtps_cExport-noconfig.cmake
[5.642s] -- Up-to-date: /home/autopilot/ws/restackcell/ws_moveit2/install/wzlscheduler_interfaces/share/wzlscheduler_interfaces/cmake/wzlscheduler_interfaces__rosidl_typesupport_introspection_cExport.cmake
[5.642s] -- Up-to-date: /home/autopilot/ws/restackcell/ws_moveit2/install/wzlscheduler_interfaces/share/wzlscheduler_interfaces/cmake/wzlscheduler_interfaces__rosidl_typesupport_introspection_cExport-noconfig.cmake
[5.642s] -- Up-to-date: /home/autopilot/ws/restackcell/ws_moveit2/install/wzlscheduler_interfaces/share/wzlscheduler_interfaces/cmake/wzlscheduler_interfaces__rosidl_typesupport_cExport.cmake
[5.644s] -- Up-to-date: /home/autopilot/ws/restackcell/ws_moveit2/install/wzlscheduler_interfaces/share/wzlscheduler_interfaces/cmake/wzlscheduler_interfaces__rosidl_typesupport_cExport-noconfig.cmake
[5.645s] -- Up-to-date: /home/autopilot/ws/restackcell/ws_moveit2/install/wzlscheduler_interfaces/share/wzlscheduler_interfaces/cmake/export_wzlscheduler_interfaces__rosidl_generator_cppExport.cmake
[5.645s] -- Up-to-date: /home/autopilot/ws/restackcell/ws_moveit2/install/wzlscheduler_interfaces/share/wzlscheduler_interfaces/cmake/export_wzlscheduler_interfaces__rosidl_typesupport_fastrtps_cppExport.cmake
[5.645s] -- Up-to-date: /home/autopilot/ws/restackcell/ws_moveit2/install/wzlscheduler_interfaces/share/wzlscheduler_interfaces/cmake/export_wzlscheduler_interfaces__rosidl_typesupport_fastrtps_cppExport-noconfig.cmake
[5.645s] -- Up-to-date: /home/autopilot/ws/restackcell/ws_moveit2/install/wzlscheduler_interfaces/share/wzlscheduler_interfaces/cmake/wzlscheduler_interfaces__rosidl_typesupport_introspection_cppExport.cmake
[5.645s] -- Up-to-date: /home/autopilot/ws/restackcell/ws_moveit2/install/wzlscheduler_interfaces/share/wzlscheduler_interfaces/cmake/wzlscheduler_interfaces__rosidl_typesupport_introspection_cppExport-noconfig.cmake
[5.645s] -- Up-to-date: /home/autopilot/ws/restackcell/ws_moveit2/install/wzlscheduler_interfaces/share/wzlscheduler_interfaces/cmake/wzlscheduler_interfaces__rosidl_typesupport_cppExport.cmake
[5.645s] -- Up-to-date: /home/autopilot/ws/restackcell/ws_moveit2/install/wzlscheduler_interfaces/share/wzlscheduler_interfaces/cmake/wzlscheduler_interfaces__rosidl_typesupport_cppExport-noconfig.cmake
[5.646s] -- Up-to-date: /home/autopilot/ws/restackcell/ws_moveit2/install/wzlscheduler_interfaces/share/wzlscheduler_interfaces/cmake/export_wzlscheduler_interfaces__rosidl_generator_pyExport.cmake
[5.646s] -- Up-to-date: /home/autopilot/ws/restackcell/ws_moveit2/install/wzlscheduler_interfaces/share/wzlscheduler_interfaces/cmake/export_wzlscheduler_interfaces__rosidl_generator_pyExport-noconfig.cmake
[5.646s] -- Up-to-date: /home/autopilot/ws/restackcell/ws_moveit2/install/wzlscheduler_interfaces/share/wzlscheduler_interfaces/cmake/rosidl_cmake-extras.cmake
[5.646s] -- Up-to-date: /home/autopilot/ws/restackcell/ws_moveit2/install/wzlscheduler_interfaces/share/wzlscheduler_interfaces/cmake/ament_cmake_export_dependencies-extras.cmake
[5.646s] -- Up-to-date: /home/autopilot/ws/restackcell/ws_moveit2/install/wzlscheduler_interfaces/share/wzlscheduler_interfaces/cmake/ament_cmake_export_include_directories-extras.cmake
[5.650s] -- Up-to-date: /home/autopilot/ws/restackcell/ws_moveit2/install/wzlscheduler_interfaces/share/wzlscheduler_interfaces/cmake/ament_cmake_export_libraries-extras.cmake
[5.652s] -- Up-to-date: /home/autopilot/ws/restackcell/ws_moveit2/install/wzlscheduler_interfaces/share/wzlscheduler_interfaces/cmake/ament_cmake_export_targets-extras.cmake
[5.652s] -- Up-to-date: /home/autopilot/ws/restackcell/ws_moveit2/install/wzlscheduler_interfaces/share/wzlscheduler_interfaces/cmake/rosidl_cmake_export_typesupport_targets-extras.cmake
[5.653s] -- Up-to-date: /home/autopilot/ws/restackcell/ws_moveit2/install/wzlscheduler_interfaces/share/wzlscheduler_interfaces/cmake/rosidl_cmake_export_typesupport_libraries-extras.cmake
[5.653s] -- Up-to-date: /home/autopilot/ws/restackcell/ws_moveit2/install/wzlscheduler_interfaces/share/wzlscheduler_interfaces/cmake/wzlscheduler_interfacesConfig.cmake
[5.653s] -- Up-to-date: /home/autopilot/ws/restackcell/ws_moveit2/install/wzlscheduler_interfaces/share/wzlscheduler_interfaces/cmake/wzlscheduler_interfacesConfig-version.cmake
[5.653s] -- Up-to-date: /home/autopilot/ws/restackcell/ws_moveit2/install/wzlscheduler_interfaces/share/wzlscheduler_interfaces/package.xml
[5.653s] Invoked command in '/home/autopilot/ws/restackcell/ws_moveit2/build/wzlscheduler_interfaces' returned '0': /usr/bin/cmake --install /home/autopilot/ws/restackcell/ws_moveit2/build/wzlscheduler_interfaces
