[0.016s] Invoking command in '/home/aw/restackcell/ws_moveit2/build/robo_planner': CMAKE_PREFIX_PATH=${CMAKE_PREFIX_PATH}:/opt/ros/humble:/home/aw/restackcell/ws_moveit2/install/moveit_configs_utils:/home/aw/restackcell/ws_moveit2/install/launch_param_builder /usr/bin/cmake --build /home/aw/restackcell/ws_moveit2/build/robo_planner -- -j16 -l16
[0.054s] [35m[1mConsolidate compiler generated dependencies of target robo_planner[0m
[0.077s] [ 12%] [32mBuilding CXX object CMakeFiles/robo_planner.dir/src/Main.cpp.o[0m
[4.296s] [ 25%] [32m[1mLinking CXX executable robo_planner[0m
[5.426s] [100%] Built target robo_planner
[5.435s] Invoked command in '/home/aw/restackcell/ws_moveit2/build/robo_planner' returned '0': CMAKE_PREFIX_PATH=${CMAKE_PREFIX_PATH}:/opt/ros/humble:/home/aw/restackcell/ws_moveit2/install/moveit_configs_utils:/home/aw/restackcell/ws_moveit2/install/launch_param_builder /usr/bin/cmake --build /home/aw/restackcell/ws_moveit2/build/robo_planner -- -j16 -l16
[5.481s] Invoking command in '/home/aw/restackcell/ws_moveit2/build/robo_planner': CMAKE_PREFIX_PATH=${CMAKE_PREFIX_PATH}:/opt/ros/humble:/home/aw/restackcell/ws_moveit2/install/moveit_configs_utils:/home/aw/restackcell/ws_moveit2/install/launch_param_builder /usr/bin/cmake --install /home/aw/restackcell/ws_moveit2/build/robo_planner
[5.486s] -- Install configuration: "RelWithDebInfo"
[5.487s] -- Execute custom install script
[5.487s] -- Up-to-date symlink: /home/aw/restackcell/ws_moveit2/install/robo_planner/lib/robo_planner/robo_planner
[5.487s] -- Up-to-date symlink: /home/aw/restackcell/ws_moveit2/install/robo_planner/share/ament_index/resource_index/package_run_dependencies/robo_planner
[5.487s] -- Up-to-date symlink: /home/aw/restackcell/ws_moveit2/install/robo_planner/share/ament_index/resource_index/parent_prefix_path/robo_planner
[5.487s] -- Up-to-date symlink: /home/aw/restackcell/ws_moveit2/install/robo_planner/share/robo_planner/environment/ament_prefix_path.sh
[5.487s] -- Up-to-date symlink: /home/aw/restackcell/ws_moveit2/install/robo_planner/share/robo_planner/environment/ament_prefix_path.dsv
[5.487s] -- Up-to-date symlink: /home/aw/restackcell/ws_moveit2/install/robo_planner/share/robo_planner/environment/path.sh
[5.488s] -- Up-to-date symlink: /home/aw/restackcell/ws_moveit2/install/robo_planner/share/robo_planner/environment/path.dsv
[5.488s] -- Up-to-date symlink: /home/aw/restackcell/ws_moveit2/install/robo_planner/share/robo_planner/local_setup.bash
[5.488s] -- Up-to-date symlink: /home/aw/restackcell/ws_moveit2/install/robo_planner/share/robo_planner/local_setup.sh
[5.488s] -- Up-to-date symlink: /home/aw/restackcell/ws_moveit2/install/robo_planner/share/robo_planner/local_setup.zsh
[5.488s] -- Up-to-date symlink: /home/aw/restackcell/ws_moveit2/install/robo_planner/share/robo_planner/local_setup.dsv
[5.488s] -- Symlinking: /home/aw/restackcell/ws_moveit2/install/robo_planner/share/robo_planner/package.dsv
[5.494s] -- Up-to-date symlink: /home/aw/restackcell/ws_moveit2/install/robo_planner/share/ament_index/resource_index/packages/robo_planner
[5.494s] -- Up-to-date symlink: /home/aw/restackcell/ws_moveit2/install/robo_planner/share/robo_planner/cmake/robo_plannerConfig.cmake
[5.494s] -- Up-to-date symlink: /home/aw/restackcell/ws_moveit2/install/robo_planner/share/robo_planner/cmake/robo_plannerConfig-version.cmake
[5.494s] -- Up-to-date symlink: /home/aw/restackcell/ws_moveit2/install/robo_planner/share/robo_planner/package.xml
[5.496s] Invoked command in '/home/aw/restackcell/ws_moveit2/build/robo_planner' returned '0': CMAKE_PREFIX_PATH=${CMAKE_PREFIX_PATH}:/opt/ros/humble:/home/aw/restackcell/ws_moveit2/install/moveit_configs_utils:/home/aw/restackcell/ws_moveit2/install/launch_param_builder /usr/bin/cmake --install /home/aw/restackcell/ws_moveit2/build/robo_planner
