[0.309s] Invoking command in '/home/alex/ws_moveit2/build/chomp_motion_planner': AMENT_PREFIX_PATH=/home/alex/ws_moveit2/install/moveit_core:/home/alex/ws_moveit2/install/srdfdom:/home/alex/ws_moveit2/install/moveit_common:${AMENT_PREFIX_PATH} CMAKE_PREFIX_PATH=/home/alex/ws_moveit2/install/moveit_core:/home/alex/ws_moveit2/install/srdfdom:/home/alex/ws_moveit2/install/moveit_common:/opt/ros/humble LD_LIBRARY_PATH=/home/alex/ws_moveit2/install/moveit_core/lib:/home/alex/ws_moveit2/install/srdfdom/lib:${LD_LIBRARY_PATH} PATH=/home/alex/ws_moveit2/install/moveit_core/bin:${PATH} PYTHONPATH=/home/alex/ws_moveit2/install/srdfdom/local/lib/python3.10/dist-packages:${PYTHONPATH} /usr/bin/cmake /home/alex/ws_moveit2/src/moveit2/moveit_planners/chomp/chomp_motion_planner -DCMAKE_BUILD_TYPE=Release -DCMAKE_INSTALL_PREFIX=/home/alex/ws_moveit2/install/chomp_motion_planner
[0.348s] -- The C compiler identification is GNU 11.4.0
[0.393s] -- The CXX compiler identification is GNU 11.4.0
[0.400s] -- Detecting C compiler ABI info
[0.461s] -- Detecting C compiler ABI info - done
[0.465s] -- Check for working C compiler: /usr/bin/cc - skipped
[0.465s] -- Detecting C compile features
[0.466s] -- Detecting C compile features - done
[0.468s] -- Detecting CXX compiler ABI info
[0.536s] -- Detecting CXX compiler ABI info - done
[0.542s] -- Check for working CXX compiler: /usr/bin/c++ - skipped
[0.542s] -- Detecting CXX compile features
[0.542s] -- Detecting CXX compile features - done
[0.543s] -- Found moveit_common: 2.5.5 (/home/alex/ws_moveit2/install/moveit_common/share/moveit_common/cmake)
[0.544s] -- Found ament_cmake: 1.3.5 (/opt/ros/humble/share/ament_cmake/cmake)
[0.688s] -- Found Python3: /usr/bin/python3.10 (found version "3.10.12") found components: Interpreter 
[0.831s] -- Found libdw: /usr/lib/x86_64-linux-gnu/libdw.so  
[0.838s] -- Could NOT find libbfd (missing: LIBBFD_LIBRARY LIBBFD_INCLUDE_DIR) 
[0.838s] -- BACKWARD_HAS_UNWIND=1
[0.838s] -- BACKWARD_HAS_BACKTRACE=0
[0.838s] -- BACKWARD_HAS_BACKTRACE_SYMBOL=0
[0.838s] -- BACKWARD_HAS_DW=1
[0.838s] -- BACKWARD_HAS_BFD=0
[0.838s] -- Found Backward: /opt/ros/humble/share/backward_ros/cmake  
[0.838s] -- Found moveit_core: 2.5.5 (/home/alex/ws_moveit2/install/moveit_core/share/moveit_core/cmake)
[1.061s] -- Found Boost: /usr/lib/x86_64-linux-gnu/cmake/Boost-1.74.0/BoostConfig.cmake (found version "1.74.0") found components: chrono date_time filesystem iostreams program_options regex serialization system thread 
[1.095s] -- Found parameter_traits: 0.3.6 (/opt/ros/humble/share/parameter_traits/cmake)
[1.126s] -- Found rosidl_generator_c: 3.1.5 (/opt/ros/humble/share/rosidl_generator_c/cmake)
[1.130s] -- Found rosidl_adapter: 3.1.5 (/opt/ros/humble/share/rosidl_adapter/cmake)
[1.137s] -- Found rosidl_generator_cpp: 3.1.5 (/opt/ros/humble/share/rosidl_generator_cpp/cmake)
[1.147s] -- Using all available rosidl_typesupport_c: rosidl_typesupport_fastrtps_c;rosidl_typesupport_introspection_c
[1.170s] -- Using all available rosidl_typesupport_cpp: rosidl_typesupport_fastrtps_cpp;rosidl_typesupport_introspection_cpp
[1.215s] -- Found rmw_implementation_cmake: 6.1.1 (/opt/ros/humble/share/rmw_implementation_cmake/cmake)
[1.217s] -- Found rmw_fastrtps_cpp: 6.2.4 (/opt/ros/humble/share/rmw_fastrtps_cpp/cmake)
[1.306s] -- Found OpenSSL: /usr/lib/x86_64-linux-gnu/libcrypto.so (found version "3.0.2")  
[1.327s] -- Found FastRTPS: /opt/ros/humble/include  
[1.368s] -- Using RMW implementation 'rmw_fastrtps_cpp' as default
[1.376s] -- Found Threads: TRUE  
[1.501s] -- Found rclcpp_lifecycle: 16.0.6 (/opt/ros/humble/share/rclcpp_lifecycle/cmake)
[1.536s] -- Found Boost: /usr/lib/x86_64-linux-gnu/cmake/Boost-1.74.0/BoostConfig.cmake (found version "1.74.0") found components: filesystem 
[1.662s] -- library: /usr/lib/x86_64-linux-gnu/libcurl.so
[1.894s] -- Found Eigen3: TRUE (found version "3.4.0") 
[1.894s] -- Ensuring Eigen3 include directory is part of orocos-kdl CMake target
[2.699s] -- Found ament_lint_auto: 0.12.8 (/opt/ros/humble/share/ament_lint_auto/cmake)
[2.710s] -- Added test 'cppcheck' to perform static code analysis on C / C++ code
[2.710s] -- Configured cppcheck include dirs: /home/alex/ws_moveit2/src/moveit2/moveit_planners/chomp/chomp_motion_planner/include
[2.710s] -- Configured cppcheck exclude dirs and/or files: 
[2.710s] -- Added test 'xmllint' to check XML markup files
[2.712s] -- Configuring done
[2.736s] -- Generating done
[2.738s] -- Build files have been written to: /home/alex/ws_moveit2/build/chomp_motion_planner
[2.752s] Invoked command in '/home/alex/ws_moveit2/build/chomp_motion_planner' returned '0': AMENT_PREFIX_PATH=/home/alex/ws_moveit2/install/moveit_core:/home/alex/ws_moveit2/install/srdfdom:/home/alex/ws_moveit2/install/moveit_common:${AMENT_PREFIX_PATH} CMAKE_PREFIX_PATH=/home/alex/ws_moveit2/install/moveit_core:/home/alex/ws_moveit2/install/srdfdom:/home/alex/ws_moveit2/install/moveit_common:/opt/ros/humble LD_LIBRARY_PATH=/home/alex/ws_moveit2/install/moveit_core/lib:/home/alex/ws_moveit2/install/srdfdom/lib:${LD_LIBRARY_PATH} PATH=/home/alex/ws_moveit2/install/moveit_core/bin:${PATH} PYTHONPATH=/home/alex/ws_moveit2/install/srdfdom/local/lib/python3.10/dist-packages:${PYTHONPATH} /usr/bin/cmake /home/alex/ws_moveit2/src/moveit2/moveit_planners/chomp/chomp_motion_planner -DCMAKE_BUILD_TYPE=Release -DCMAKE_INSTALL_PREFIX=/home/alex/ws_moveit2/install/chomp_motion_planner
[2.755s] Invoking command in '/home/alex/ws_moveit2/build/chomp_motion_planner': AMENT_PREFIX_PATH=/home/alex/ws_moveit2/install/moveit_core:/home/alex/ws_moveit2/install/srdfdom:/home/alex/ws_moveit2/install/moveit_common:${AMENT_PREFIX_PATH} CMAKE_PREFIX_PATH=/home/alex/ws_moveit2/install/moveit_core:/home/alex/ws_moveit2/install/srdfdom:/home/alex/ws_moveit2/install/moveit_common:/opt/ros/humble LD_LIBRARY_PATH=/home/alex/ws_moveit2/install/moveit_core/lib:/home/alex/ws_moveit2/install/srdfdom/lib:${LD_LIBRARY_PATH} PATH=/home/alex/ws_moveit2/install/moveit_core/bin:${PATH} PYTHONPATH=/home/alex/ws_moveit2/install/srdfdom/local/lib/python3.10/dist-packages:${PYTHONPATH} /usr/bin/cmake --build /home/alex/ws_moveit2/build/chomp_motion_planner -- -j16 -l16
[2.811s] [ 16%] [32mBuilding CXX object CMakeFiles/chomp_motion_planner.dir/src/chomp_trajectory.cpp.o[0m
[2.811s] [ 83%] [32mBuilding CXX object CMakeFiles/chomp_motion_planner.dir/src/chomp_planner.cpp.o[0m
[2.811s] [ 83%] [32mBuilding CXX object CMakeFiles/chomp_motion_planner.dir/src/chomp_optimizer.cpp.o[0m
[2.811s] [ 83%] [32mBuilding CXX object CMakeFiles/chomp_motion_planner.dir/src/chomp_cost.cpp.o[0m
[2.811s] [ 83%] [32mBuilding CXX object CMakeFiles/chomp_motion_planner.dir/src/chomp_parameters.cpp.o[0m
[24.360s] [100%] [32m[1mLinking CXX shared library libchomp_motion_planner.so[0m
[24.552s] [100%] Built target chomp_motion_planner
[24.566s] Invoked command in '/home/alex/ws_moveit2/build/chomp_motion_planner' returned '0': AMENT_PREFIX_PATH=/home/alex/ws_moveit2/install/moveit_core:/home/alex/ws_moveit2/install/srdfdom:/home/alex/ws_moveit2/install/moveit_common:${AMENT_PREFIX_PATH} CMAKE_PREFIX_PATH=/home/alex/ws_moveit2/install/moveit_core:/home/alex/ws_moveit2/install/srdfdom:/home/alex/ws_moveit2/install/moveit_common:/opt/ros/humble LD_LIBRARY_PATH=/home/alex/ws_moveit2/install/moveit_core/lib:/home/alex/ws_moveit2/install/srdfdom/lib:${LD_LIBRARY_PATH} PATH=/home/alex/ws_moveit2/install/moveit_core/bin:${PATH} PYTHONPATH=/home/alex/ws_moveit2/install/srdfdom/local/lib/python3.10/dist-packages:${PYTHONPATH} /usr/bin/cmake --build /home/alex/ws_moveit2/build/chomp_motion_planner -- -j16 -l16
[24.610s] Invoking command in '/home/alex/ws_moveit2/build/chomp_motion_planner': AMENT_PREFIX_PATH=/home/alex/ws_moveit2/install/moveit_core:/home/alex/ws_moveit2/install/srdfdom:/home/alex/ws_moveit2/install/moveit_common:${AMENT_PREFIX_PATH} CMAKE_PREFIX_PATH=/home/alex/ws_moveit2/install/moveit_core:/home/alex/ws_moveit2/install/srdfdom:/home/alex/ws_moveit2/install/moveit_common:/opt/ros/humble LD_LIBRARY_PATH=/home/alex/ws_moveit2/install/moveit_core/lib:/home/alex/ws_moveit2/install/srdfdom/lib:${LD_LIBRARY_PATH} PATH=/home/alex/ws_moveit2/install/moveit_core/bin:${PATH} PYTHONPATH=/home/alex/ws_moveit2/install/srdfdom/local/lib/python3.10/dist-packages:${PYTHONPATH} /usr/bin/cmake --install /home/alex/ws_moveit2/build/chomp_motion_planner
[24.617s] -- Install configuration: "Release"
[24.618s] -- Installing: /home/alex/ws_moveit2/install/chomp_motion_planner/lib/libchomp_motion_planner.so.2.5.5
[24.618s] -- Set runtime path of "/home/alex/ws_moveit2/install/chomp_motion_planner/lib/libchomp_motion_planner.so.2.5.5" to ""
[24.619s] -- Installing: /home/alex/ws_moveit2/install/chomp_motion_planner/lib/libchomp_motion_planner.so
[24.619s] -- Installing: /home/alex/ws_moveit2/install/chomp_motion_planner/include
[24.619s] -- Installing: /home/alex/ws_moveit2/install/chomp_motion_planner/include/chomp_motion_planner
[24.619s] -- Installing: /home/alex/ws_moveit2/install/chomp_motion_planner/include/chomp_motion_planner/chomp_utils.h
[24.619s] -- Installing: /home/alex/ws_moveit2/install/chomp_motion_planner/include/chomp_motion_planner/chomp_parameters.h
[24.619s] -- Installing: /home/alex/ws_moveit2/install/chomp_motion_planner/include/chomp_motion_planner/chomp_cost.h
[24.619s] -- Installing: /home/alex/ws_moveit2/install/chomp_motion_planner/include/chomp_motion_planner/multivariate_gaussian.h
[24.619s] -- Installing: /home/alex/ws_moveit2/install/chomp_motion_planner/include/chomp_motion_planner/chomp_trajectory.h
[24.619s] -- Installing: /home/alex/ws_moveit2/install/chomp_motion_planner/include/chomp_motion_planner/chomp_planner.h
[24.619s] -- Installing: /home/alex/ws_moveit2/install/chomp_motion_planner/include/chomp_motion_planner/chomp_optimizer.h
[24.619s] -- Installing: /home/alex/ws_moveit2/install/chomp_motion_planner/share/chomp_motion_planner/environment/library_path.sh
[24.620s] -- Installing: /home/alex/ws_moveit2/install/chomp_motion_planner/share/chomp_motion_planner/environment/library_path.dsv
[24.620s] -- Installing: /home/alex/ws_moveit2/install/chomp_motion_planner/share/ament_index/resource_index/package_run_dependencies/chomp_motion_planner
[24.620s] -- Installing: /home/alex/ws_moveit2/install/chomp_motion_planner/share/ament_index/resource_index/parent_prefix_path/chomp_motion_planner
[24.620s] -- Installing: /home/alex/ws_moveit2/install/chomp_motion_planner/share/chomp_motion_planner/environment/ament_prefix_path.sh
[24.620s] -- Installing: /home/alex/ws_moveit2/install/chomp_motion_planner/share/chomp_motion_planner/environment/ament_prefix_path.dsv
[24.620s] -- Installing: /home/alex/ws_moveit2/install/chomp_motion_planner/share/chomp_motion_planner/environment/path.sh
[24.620s] -- Installing: /home/alex/ws_moveit2/install/chomp_motion_planner/share/chomp_motion_planner/environment/path.dsv
[24.621s] -- Installing: /home/alex/ws_moveit2/install/chomp_motion_planner/share/chomp_motion_planner/local_setup.bash
[24.621s] -- Installing: /home/alex/ws_moveit2/install/chomp_motion_planner/share/chomp_motion_planner/local_setup.sh
[24.621s] -- Installing: /home/alex/ws_moveit2/install/chomp_motion_planner/share/chomp_motion_planner/local_setup.zsh
[24.621s] -- Installing: /home/alex/ws_moveit2/install/chomp_motion_planner/share/chomp_motion_planner/local_setup.dsv
[24.621s] -- Installing: /home/alex/ws_moveit2/install/chomp_motion_planner/share/chomp_motion_planner/package.dsv
[24.621s] -- Installing: /home/alex/ws_moveit2/install/chomp_motion_planner/share/ament_index/resource_index/packages/chomp_motion_planner
[24.621s] -- Installing: /home/alex/ws_moveit2/install/chomp_motion_planner/share/chomp_motion_planner/cmake/chomp_motion_plannerTargetsExport.cmake
[24.621s] -- Installing: /home/alex/ws_moveit2/install/chomp_motion_planner/share/chomp_motion_planner/cmake/chomp_motion_plannerTargetsExport-release.cmake
[24.622s] -- Installing: /home/alex/ws_moveit2/install/chomp_motion_planner/share/chomp_motion_planner/cmake/ament_cmake_export_targets-extras.cmake
[24.622s] -- Installing: /home/alex/ws_moveit2/install/chomp_motion_planner/share/chomp_motion_planner/cmake/chomp_motion_plannerConfig.cmake
[24.622s] -- Installing: /home/alex/ws_moveit2/install/chomp_motion_planner/share/chomp_motion_planner/cmake/chomp_motion_plannerConfig-version.cmake
[24.622s] -- Installing: /home/alex/ws_moveit2/install/chomp_motion_planner/share/chomp_motion_planner/package.xml
[24.625s] Invoked command in '/home/alex/ws_moveit2/build/chomp_motion_planner' returned '0': AMENT_PREFIX_PATH=/home/alex/ws_moveit2/install/moveit_core:/home/alex/ws_moveit2/install/srdfdom:/home/alex/ws_moveit2/install/moveit_common:${AMENT_PREFIX_PATH} CMAKE_PREFIX_PATH=/home/alex/ws_moveit2/install/moveit_core:/home/alex/ws_moveit2/install/srdfdom:/home/alex/ws_moveit2/install/moveit_common:/opt/ros/humble LD_LIBRARY_PATH=/home/alex/ws_moveit2/install/moveit_core/lib:/home/alex/ws_moveit2/install/srdfdom/lib:${LD_LIBRARY_PATH} PATH=/home/alex/ws_moveit2/install/moveit_core/bin:${PATH} PYTHONPATH=/home/alex/ws_moveit2/install/srdfdom/local/lib/python3.10/dist-packages:${PYTHONPATH} /usr/bin/cmake --install /home/alex/ws_moveit2/build/chomp_motion_planner
