[0.056s] Invoking command in '/home/autopilot/ws/restackcell/ws_moveit2/build/wzlscheduler_interfaces': /usr/bin/cmake --build /home/autopilot/ws/restackcell/ws_moveit2/build/wzlscheduler_interfaces -- -j8 -l8
[0.812s] [  0%] Built target wzlscheduler_interfaces__cpp
[0.813s] [ 12%] Built target wzlscheduler_interfaces__rosidl_generator_c
[0.813s] [ 24%] Built target wzlscheduler_interfaces__rosidl_typesupport_introspection_cpp
[0.813s] [ 36%] Built target wzlscheduler_interfaces__rosidl_typesupport_cpp
[0.813s] [ 48%] Built target wzlscheduler_interfaces__rosidl_typesupport_fastrtps_cpp
[0.813s] [ 48%] Built target ament_cmake_python_copy_wzlscheduler_interfaces
[0.813s] [ 60%] Built target wzlscheduler_interfaces__rosidl_typesupport_introspection_c
[0.813s] [ 72%] Built target wzlscheduler_interfaces__rosidl_typesupport_fastrtps_c
[0.813s] [ 84%] Built target wzlscheduler_interfaces__rosidl_typesupport_c
[0.813s] [ 84%] Built target wzlscheduler_interfaces
[0.814s] [ 85%] Built target wzlscheduler_interfaces__py
[0.873s] [ 96%] Built target wzlscheduler_interfaces__rosidl_generator_py
[0.981s] [ 97%] Built target wzlscheduler_interfaces__rosidl_typesupport_fastrtps_c__pyext
[1.017s] [ 99%] Built target wzlscheduler_interfaces__rosidl_typesupport_introspection_c__pyext
[1.020s] [100%] Built target wzlscheduler_interfaces__rosidl_typesupport_c__pyext
[1.310s] running egg_info
[1.312s] writing wzlscheduler_interfaces.egg-info/PKG-INFO
[1.313s] writing dependency_links to wzlscheduler_interfaces.egg-info/dependency_links.txt
[1.313s] writing top-level names to wzlscheduler_interfaces.egg-info/top_level.txt
[1.318s] reading manifest file 'wzlscheduler_interfaces.egg-info/SOURCES.txt'
[1.320s] writing manifest file 'wzlscheduler_interfaces.egg-info/SOURCES.txt'
[1.409s] [100%] Built target ament_cmake_python_build_wzlscheduler_interfaces_egg
[1.449s] Invoked command in '/home/autopilot/ws/restackcell/ws_moveit2/build/wzlscheduler_interfaces' returned '0': /usr/bin/cmake --build /home/autopilot/ws/restackcell/ws_moveit2/build/wzlscheduler_interfaces -- -j8 -l8
[4.138s] Invoking command in '/home/autopilot/ws/restackcell/ws_moveit2/build/wzlscheduler_interfaces': /usr/bin/cmake --install /home/autopilot/ws/restackcell/ws_moveit2/build/wzlscheduler_interfaces
[4.152s] -- Install configuration: ""
[4.152s] -- Up-to-date: /home/autopilot/ws/restackcell/ws_moveit2/install/wzlscheduler_interfaces/share/ament_index/resource_index/rosidl_interfaces/wzlscheduler_interfaces
[4.152s] -- Up-to-date: /home/autopilot/ws/restackcell/ws_moveit2/install/wzlscheduler_interfaces/include/wzlscheduler_interfaces/wzlscheduler_interfaces
[4.153s] -- Up-to-date: /home/autopilot/ws/restackcell/ws_moveit2/install/wzlscheduler_interfaces/include/wzlscheduler_interfaces/wzlscheduler_interfaces/msg
[4.153s] -- Up-to-date: /home/autopilot/ws/restackcell/ws_moveit2/install/wzlscheduler_interfaces/include/wzlscheduler_interfaces/wzlscheduler_interfaces/msg/labeled_poses.h
[4.153s] -- Up-to-date: /home/autopilot/ws/restackcell/ws_moveit2/install/wzlscheduler_interfaces/include/wzlscheduler_interfaces/wzlscheduler_interfaces/msg/scene_object_set_pose.h
[4.154s] -- Up-to-date: /home/autopilot/ws/restackcell/ws_moveit2/install/wzlscheduler_interfaces/include/wzlscheduler_interfaces/wzlscheduler_interfaces/msg/labeled_bounding_boxes.h
[4.154s] -- Up-to-date: /home/autopilot/ws/restackcell/ws_moveit2/install/wzlscheduler_interfaces/include/wzlscheduler_interfaces/wzlscheduler_interfaces/msg/labeled_point_clouds.h
[4.154s] -- Up-to-date: /home/autopilot/ws/restackcell/ws_moveit2/install/wzlscheduler_interfaces/include/wzlscheduler_interfaces/wzlscheduler_interfaces/msg/scene_object_add.h
[4.154s] -- Up-to-date: /home/autopilot/ws/restackcell/ws_moveit2/install/wzlscheduler_interfaces/include/wzlscheduler_interfaces/wzlscheduler_interfaces/msg/rosidl_generator_c__visibility_control.h
[4.155s] -- Up-to-date: /home/autopilot/ws/restackcell/ws_moveit2/install/wzlscheduler_interfaces/include/wzlscheduler_interfaces/wzlscheduler_interfaces/msg/labeled_bounding_box.h
[4.155s] -- Up-to-date: /home/autopilot/ws/restackcell/ws_moveit2/install/wzlscheduler_interfaces/include/wzlscheduler_interfaces/wzlscheduler_interfaces/msg/labeled_point_cloud.h
[4.155s] -- Up-to-date: /home/autopilot/ws/restackcell/ws_moveit2/install/wzlscheduler_interfaces/include/wzlscheduler_interfaces/wzlscheduler_interfaces/msg/scene_object_remove.h
[4.155s] -- Up-to-date: /home/autopilot/ws/restackcell/ws_moveit2/install/wzlscheduler_interfaces/include/wzlscheduler_interfaces/wzlscheduler_interfaces/msg/detail
[4.156s] -- Up-to-date: /home/autopilot/ws/restackcell/ws_moveit2/install/wzlscheduler_interfaces/include/wzlscheduler_interfaces/wzlscheduler_interfaces/msg/detail/labeled_bounding_box__functions.c
[4.156s] -- Up-to-date: /home/autopilot/ws/restackcell/ws_moveit2/install/wzlscheduler_interfaces/include/wzlscheduler_interfaces/wzlscheduler_interfaces/msg/detail/scene_object_add__functions.c
[4.157s] -- Up-to-date: /home/autopilot/ws/restackcell/ws_moveit2/install/wzlscheduler_interfaces/include/wzlscheduler_interfaces/wzlscheduler_interfaces/msg/detail/scene_object_set_pose__functions.c
[4.157s] -- Up-to-date: /home/autopilot/ws/restackcell/ws_moveit2/install/wzlscheduler_interfaces/include/wzlscheduler_interfaces/wzlscheduler_interfaces/msg/detail/labeled_poses__struct.h
[4.157s] -- Up-to-date: /home/autopilot/ws/restackcell/ws_moveit2/install/wzlscheduler_interfaces/include/wzlscheduler_interfaces/wzlscheduler_interfaces/msg/detail/labeled_bounding_boxes__functions.c
[4.158s] -- Up-to-date: /home/autopilot/ws/restackcell/ws_moveit2/install/wzlscheduler_interfaces/include/wzlscheduler_interfaces/wzlscheduler_interfaces/msg/detail/labeled_point_clouds__type_support.h
[4.158s] -- Up-to-date: /home/autopilot/ws/restackcell/ws_moveit2/install/wzlscheduler_interfaces/include/wzlscheduler_interfaces/wzlscheduler_interfaces/msg/detail/scene_object_remove__functions.c
[4.158s] -- Up-to-date: /home/autopilot/ws/restackcell/ws_moveit2/install/wzlscheduler_interfaces/include/wzlscheduler_interfaces/wzlscheduler_interfaces/msg/detail/labeled_point_clouds__struct.h
[4.158s] -- Up-to-date: /home/autopilot/ws/restackcell/ws_moveit2/install/wzlscheduler_interfaces/include/wzlscheduler_interfaces/wzlscheduler_interfaces/msg/detail/scene_object_remove__struct.h
[4.159s] -- Up-to-date: /home/autopilot/ws/restackcell/ws_moveit2/install/wzlscheduler_interfaces/include/wzlscheduler_interfaces/wzlscheduler_interfaces/msg/detail/scene_object_add__functions.h
[4.159s] -- Up-to-date: /home/autopilot/ws/restackcell/ws_moveit2/install/wzlscheduler_interfaces/include/wzlscheduler_interfaces/wzlscheduler_interfaces/msg/detail/labeled_pose__functions.h
[4.159s] -- Up-to-date: /home/autopilot/ws/restackcell/ws_moveit2/install/wzlscheduler_interfaces/include/wzlscheduler_interfaces/wzlscheduler_interfaces/msg/detail/labeled_poses__functions.c
[4.160s] -- Up-to-date: /home/autopilot/ws/restackcell/ws_moveit2/install/wzlscheduler_interfaces/include/wzlscheduler_interfaces/wzlscheduler_interfaces/msg/detail/labeled_point_cloud__functions.c
[4.160s] -- Up-to-date: /home/autopilot/ws/restackcell/ws_moveit2/install/wzlscheduler_interfaces/include/wzlscheduler_interfaces/wzlscheduler_interfaces/msg/detail/labeled_bounding_boxes__functions.h
[4.160s] -- Up-to-date: /home/autopilot/ws/restackcell/ws_moveit2/install/wzlscheduler_interfaces/include/wzlscheduler_interfaces/wzlscheduler_interfaces/msg/detail/scene_object_add__type_support.h
[4.161s] -- Up-to-date: /home/autopilot/ws/restackcell/ws_moveit2/install/wzlscheduler_interfaces/include/wzlscheduler_interfaces/wzlscheduler_interfaces/msg/detail/labeled_point_clouds__functions.c
[4.161s] -- Up-to-date: /home/autopilot/ws/restackcell/ws_moveit2/install/wzlscheduler_interfaces/include/wzlscheduler_interfaces/wzlscheduler_interfaces/msg/detail/labeled_poses__type_support.h
[4.161s] -- Up-to-date: /home/autopilot/ws/restackcell/ws_moveit2/install/wzlscheduler_interfaces/include/wzlscheduler_interfaces/wzlscheduler_interfaces/msg/detail/scene_object_remove__type_support.h
[4.162s] -- Up-to-date: /home/autopilot/ws/restackcell/ws_moveit2/install/wzlscheduler_interfaces/include/wzlscheduler_interfaces/wzlscheduler_interfaces/msg/detail/labeled_point_cloud__functions.h
[4.162s] -- Up-to-date: /home/autopilot/ws/restackcell/ws_moveit2/install/wzlscheduler_interfaces/include/wzlscheduler_interfaces/wzlscheduler_interfaces/msg/detail/labeled_bounding_box__type_support.h
[4.163s] -- Up-to-date: /home/autopilot/ws/restackcell/ws_moveit2/install/wzlscheduler_interfaces/include/wzlscheduler_interfaces/wzlscheduler_interfaces/msg/detail/labeled_point_clouds__functions.h
[4.163s] -- Up-to-date: /home/autopilot/ws/restackcell/ws_moveit2/install/wzlscheduler_interfaces/include/wzlscheduler_interfaces/wzlscheduler_interfaces/msg/detail/labeled_pose__functions.c
[4.163s] -- Up-to-date: /home/autopilot/ws/restackcell/ws_moveit2/install/wzlscheduler_interfaces/include/wzlscheduler_interfaces/wzlscheduler_interfaces/msg/detail/scene_object_set_pose__struct.h
[4.164s] -- Up-to-date: /home/autopilot/ws/restackcell/ws_moveit2/install/wzlscheduler_interfaces/include/wzlscheduler_interfaces/wzlscheduler_interfaces/msg/detail/scene_object_add__struct.h
[4.164s] -- Up-to-date: /home/autopilot/ws/restackcell/ws_moveit2/install/wzlscheduler_interfaces/include/wzlscheduler_interfaces/wzlscheduler_interfaces/msg/detail/labeled_point_cloud__struct.h
[4.166s] -- Up-to-date: /home/autopilot/ws/restackcell/ws_moveit2/install/wzlscheduler_interfaces/include/wzlscheduler_interfaces/wzlscheduler_interfaces/msg/detail/labeled_bounding_box__struct.h
[4.167s] -- Up-to-date: /home/autopilot/ws/restackcell/ws_moveit2/install/wzlscheduler_interfaces/include/wzlscheduler_interfaces/wzlscheduler_interfaces/msg/detail/scene_object_set_pose__type_support.h
[4.167s] -- Up-to-date: /home/autopilot/ws/restackcell/ws_moveit2/install/wzlscheduler_interfaces/include/wzlscheduler_interfaces/wzlscheduler_interfaces/msg/detail/labeled_point_cloud__type_support.h
[4.168s] -- Up-to-date: /home/autopilot/ws/restackcell/ws_moveit2/install/wzlscheduler_interfaces/include/wzlscheduler_interfaces/wzlscheduler_interfaces/msg/detail/scene_object_set_pose__functions.h
[4.168s] -- Up-to-date: /home/autopilot/ws/restackcell/ws_moveit2/install/wzlscheduler_interfaces/include/wzlscheduler_interfaces/wzlscheduler_interfaces/msg/detail/labeled_pose__type_support.h
[4.168s] -- Up-to-date: /home/autopilot/ws/restackcell/ws_moveit2/install/wzlscheduler_interfaces/include/wzlscheduler_interfaces/wzlscheduler_interfaces/msg/detail/labeled_pose__struct.h
[4.169s] -- Up-to-date: /home/autopilot/ws/restackcell/ws_moveit2/install/wzlscheduler_interfaces/include/wzlscheduler_interfaces/wzlscheduler_interfaces/msg/detail/scene_object_remove__functions.h
[4.169s] -- Up-to-date: /home/autopilot/ws/restackcell/ws_moveit2/install/wzlscheduler_interfaces/include/wzlscheduler_interfaces/wzlscheduler_interfaces/msg/detail/labeled_bounding_boxes__struct.h
[4.169s] -- Up-to-date: /home/autopilot/ws/restackcell/ws_moveit2/install/wzlscheduler_interfaces/include/wzlscheduler_interfaces/wzlscheduler_interfaces/msg/detail/labeled_bounding_box__functions.h
[4.170s] -- Up-to-date: /home/autopilot/ws/restackcell/ws_moveit2/install/wzlscheduler_interfaces/include/wzlscheduler_interfaces/wzlscheduler_interfaces/msg/detail/labeled_bounding_boxes__type_support.h
[4.170s] -- Up-to-date: /home/autopilot/ws/restackcell/ws_moveit2/install/wzlscheduler_interfaces/include/wzlscheduler_interfaces/wzlscheduler_interfaces/msg/detail/labeled_poses__functions.h
[4.170s] -- Up-to-date: /home/autopilot/ws/restackcell/ws_moveit2/install/wzlscheduler_interfaces/include/wzlscheduler_interfaces/wzlscheduler_interfaces/msg/labeled_pose.h
[4.171s] -- Up-to-date: /home/autopilot/ws/restackcell/ws_moveit2/install/wzlscheduler_interfaces/include/wzlscheduler_interfaces/wzlscheduler_interfaces/srv
[4.171s] -- Up-to-date: /home/autopilot/ws/restackcell/ws_moveit2/install/wzlscheduler_interfaces/include/wzlscheduler_interfaces/wzlscheduler_interfaces/srv/robot_set_velocity.h
[4.172s] -- Up-to-date: /home/autopilot/ws/restackcell/ws_moveit2/install/wzlscheduler_interfaces/include/wzlscheduler_interfaces/wzlscheduler_interfaces/srv/scene_object_set_pose.h
[4.172s] -- Up-to-date: /home/autopilot/ws/restackcell/ws_moveit2/install/wzlscheduler_interfaces/include/wzlscheduler_interfaces/wzlscheduler_interfaces/srv/set_value_io_interface.h
[4.172s] -- Up-to-date: /home/autopilot/ws/restackcell/ws_moveit2/install/wzlscheduler_interfaces/include/wzlscheduler_interfaces/wzlscheduler_interfaces/srv/scene_object_attach.h
[4.173s] -- Up-to-date: /home/autopilot/ws/restackcell/ws_moveit2/install/wzlscheduler_interfaces/include/wzlscheduler_interfaces/wzlscheduler_interfaces/srv/scene_object_add.h
[4.173s] -- Up-to-date: /home/autopilot/ws/restackcell/ws_moveit2/install/wzlscheduler_interfaces/include/wzlscheduler_interfaces/wzlscheduler_interfaces/srv/robot_follow_trajectory.h
[4.173s] -- Up-to-date: /home/autopilot/ws/restackcell/ws_moveit2/install/wzlscheduler_interfaces/include/wzlscheduler_interfaces/wzlscheduler_interfaces/srv/load_object.h
[4.174s] -- Up-to-date: /home/autopilot/ws/restackcell/ws_moveit2/install/wzlscheduler_interfaces/include/wzlscheduler_interfaces/wzlscheduler_interfaces/srv/scene_object_remove.h
[4.174s] -- Up-to-date: /home/autopilot/ws/restackcell/ws_moveit2/install/wzlscheduler_interfaces/include/wzlscheduler_interfaces/wzlscheduler_interfaces/srv/detail
[4.174s] -- Up-to-date: /home/autopilot/ws/restackcell/ws_moveit2/install/wzlscheduler_interfaces/include/wzlscheduler_interfaces/wzlscheduler_interfaces/srv/detail/load_object__functions.h
[4.174s] -- Up-to-date: /home/autopilot/ws/restackcell/ws_moveit2/install/wzlscheduler_interfaces/include/wzlscheduler_interfaces/wzlscheduler_interfaces/srv/detail/scene_object_detach__type_support.h
[4.175s] -- Up-to-date: /home/autopilot/ws/restackcell/ws_moveit2/install/wzlscheduler_interfaces/include/wzlscheduler_interfaces/wzlscheduler_interfaces/srv/detail/scene_object_add__functions.c
[4.175s] -- Up-to-date: /home/autopilot/ws/restackcell/ws_moveit2/install/wzlscheduler_interfaces/include/wzlscheduler_interfaces/wzlscheduler_interfaces/srv/detail/load_object__type_support.h
[4.176s] -- Up-to-date: /home/autopilot/ws/restackcell/ws_moveit2/install/wzlscheduler_interfaces/include/wzlscheduler_interfaces/wzlscheduler_interfaces/srv/detail/scene_object_set_pose__functions.c
[4.176s] -- Up-to-date: /home/autopilot/ws/restackcell/ws_moveit2/install/wzlscheduler_interfaces/include/wzlscheduler_interfaces/wzlscheduler_interfaces/srv/detail/scene_object_remove__functions.c
[4.176s] -- Up-to-date: /home/autopilot/ws/restackcell/ws_moveit2/install/wzlscheduler_interfaces/include/wzlscheduler_interfaces/wzlscheduler_interfaces/srv/detail/scene_object_detach__struct.h
[4.177s] -- Up-to-date: /home/autopilot/ws/restackcell/ws_moveit2/install/wzlscheduler_interfaces/include/wzlscheduler_interfaces/wzlscheduler_interfaces/srv/detail/robot_move_to_position__struct.h
[4.177s] -- Up-to-date: /home/autopilot/ws/restackcell/ws_moveit2/install/wzlscheduler_interfaces/include/wzlscheduler_interfaces/wzlscheduler_interfaces/srv/detail/scene_object_remove__struct.h
[4.177s] -- Up-to-date: /home/autopilot/ws/restackcell/ws_moveit2/install/wzlscheduler_interfaces/include/wzlscheduler_interfaces/wzlscheduler_interfaces/srv/detail/scene_object_add__functions.h
[4.178s] -- Up-to-date: /home/autopilot/ws/restackcell/ws_moveit2/install/wzlscheduler_interfaces/include/wzlscheduler_interfaces/wzlscheduler_interfaces/srv/detail/robot_set_velocity__type_support.h
[4.178s] -- Up-to-date: /home/autopilot/ws/restackcell/ws_moveit2/install/wzlscheduler_interfaces/include/wzlscheduler_interfaces/wzlscheduler_interfaces/srv/detail/scene_object_detach__functions.h
[4.178s] -- Up-to-date: /home/autopilot/ws/restackcell/ws_moveit2/install/wzlscheduler_interfaces/include/wzlscheduler_interfaces/wzlscheduler_interfaces/srv/detail/load_object__functions.c
[4.179s] -- Up-to-date: /home/autopilot/ws/restackcell/ws_moveit2/install/wzlscheduler_interfaces/include/wzlscheduler_interfaces/wzlscheduler_interfaces/srv/detail/set_value_io_interface__functions.h
[4.179s] -- Up-to-date: /home/autopilot/ws/restackcell/ws_moveit2/install/wzlscheduler_interfaces/include/wzlscheduler_interfaces/wzlscheduler_interfaces/srv/detail/load_object__struct.h
[4.179s] -- Up-to-date: /home/autopilot/ws/restackcell/ws_moveit2/install/wzlscheduler_interfaces/include/wzlscheduler_interfaces/wzlscheduler_interfaces/srv/detail/robot_follow_trajectory__functions.h
[4.179s] -- Up-to-date: /home/autopilot/ws/restackcell/ws_moveit2/install/wzlscheduler_interfaces/include/wzlscheduler_interfaces/wzlscheduler_interfaces/srv/detail/scene_object_add__type_support.h
[4.180s] -- Up-to-date: /home/autopilot/ws/restackcell/ws_moveit2/install/wzlscheduler_interfaces/include/wzlscheduler_interfaces/wzlscheduler_interfaces/srv/detail/robot_set_velocity__functions.h
[4.180s] -- Up-to-date: /home/autopilot/ws/restackcell/ws_moveit2/install/wzlscheduler_interfaces/include/wzlscheduler_interfaces/wzlscheduler_interfaces/srv/detail/scene_object_attach__type_support.h
[4.180s] -- Up-to-date: /home/autopilot/ws/restackcell/ws_moveit2/install/wzlscheduler_interfaces/include/wzlscheduler_interfaces/wzlscheduler_interfaces/srv/detail/robot_move_to_position__functions.h
[4.180s] -- Up-to-date: /home/autopilot/ws/restackcell/ws_moveit2/install/wzlscheduler_interfaces/include/wzlscheduler_interfaces/wzlscheduler_interfaces/srv/detail/robot_follow_trajectory__functions.c
[4.181s] -- Up-to-date: /home/autopilot/ws/restackcell/ws_moveit2/install/wzlscheduler_interfaces/include/wzlscheduler_interfaces/wzlscheduler_interfaces/srv/detail/robot_move_to_position__type_support.h
[4.181s] -- Up-to-date: /home/autopilot/ws/restackcell/ws_moveit2/install/wzlscheduler_interfaces/include/wzlscheduler_interfaces/wzlscheduler_interfaces/srv/detail/robot_move_to_position__functions.c
[4.181s] -- Up-to-date: /home/autopilot/ws/restackcell/ws_moveit2/install/wzlscheduler_interfaces/include/wzlscheduler_interfaces/wzlscheduler_interfaces/srv/detail/scene_object_remove__type_support.h
[4.183s] -- Up-to-date: /home/autopilot/ws/restackcell/ws_moveit2/install/wzlscheduler_interfaces/include/wzlscheduler_interfaces/wzlscheduler_interfaces/srv/detail/scene_object_attach__struct.h
[4.183s] -- Up-to-date: /home/autopilot/ws/restackcell/ws_moveit2/install/wzlscheduler_interfaces/include/wzlscheduler_interfaces/wzlscheduler_interfaces/srv/detail/robot_set_velocity__struct.h
[4.183s] -- Up-to-date: /home/autopilot/ws/restackcell/ws_moveit2/install/wzlscheduler_interfaces/include/wzlscheduler_interfaces/wzlscheduler_interfaces/srv/detail/robot_follow_trajectory__struct.h
[4.183s] -- Up-to-date: /home/autopilot/ws/restackcell/ws_moveit2/install/wzlscheduler_interfaces/include/wzlscheduler_interfaces/wzlscheduler_interfaces/srv/detail/robot_set_velocity__functions.c
[4.184s] -- Up-to-date: /home/autopilot/ws/restackcell/ws_moveit2/install/wzlscheduler_interfaces/include/wzlscheduler_interfaces/wzlscheduler_interfaces/srv/detail/scene_object_attach__functions.h
[4.184s] -- Up-to-date: /home/autopilot/ws/restackcell/ws_moveit2/install/wzlscheduler_interfaces/include/wzlscheduler_interfaces/wzlscheduler_interfaces/srv/detail/scene_object_set_pose__struct.h
[4.184s] -- Up-to-date: /home/autopilot/ws/restackcell/ws_moveit2/install/wzlscheduler_interfaces/include/wzlscheduler_interfaces/wzlscheduler_interfaces/srv/detail/scene_object_add__struct.h
[4.184s] -- Up-to-date: /home/autopilot/ws/restackcell/ws_moveit2/install/wzlscheduler_interfaces/include/wzlscheduler_interfaces/wzlscheduler_interfaces/srv/detail/scene_object_detach__functions.c
[4.184s] -- Up-to-date: /home/autopilot/ws/restackcell/ws_moveit2/install/wzlscheduler_interfaces/include/wzlscheduler_interfaces/wzlscheduler_interfaces/srv/detail/set_value_io_interface__functions.c
[4.184s] -- Up-to-date: /home/autopilot/ws/restackcell/ws_moveit2/install/wzlscheduler_interfaces/include/wzlscheduler_interfaces/wzlscheduler_interfaces/srv/detail/set_value_io_interface__type_support.h
[4.184s] -- Up-to-date: /home/autopilot/ws/restackcell/ws_moveit2/install/wzlscheduler_interfaces/include/wzlscheduler_interfaces/wzlscheduler_interfaces/srv/detail/scene_object_set_pose__type_support.h
[4.184s] -- Up-to-date: /home/autopilot/ws/restackcell/ws_moveit2/install/wzlscheduler_interfaces/include/wzlscheduler_interfaces/wzlscheduler_interfaces/srv/detail/robot_follow_trajectory__type_support.h
[4.184s] -- Up-to-date: /home/autopilot/ws/restackcell/ws_moveit2/install/wzlscheduler_interfaces/include/wzlscheduler_interfaces/wzlscheduler_interfaces/srv/detail/set_value_io_interface__struct.h
[4.184s] -- Up-to-date: /home/autopilot/ws/restackcell/ws_moveit2/install/wzlscheduler_interfaces/include/wzlscheduler_interfaces/wzlscheduler_interfaces/srv/detail/scene_object_set_pose__functions.h
[4.185s] -- Up-to-date: /home/autopilot/ws/restackcell/ws_moveit2/install/wzlscheduler_interfaces/include/wzlscheduler_interfaces/wzlscheduler_interfaces/srv/detail/scene_object_remove__functions.h
[4.185s] -- Up-to-date: /home/autopilot/ws/restackcell/ws_moveit2/install/wzlscheduler_interfaces/include/wzlscheduler_interfaces/wzlscheduler_interfaces/srv/detail/scene_object_attach__functions.c
[4.185s] -- Up-to-date: /home/autopilot/ws/restackcell/ws_moveit2/install/wzlscheduler_interfaces/include/wzlscheduler_interfaces/wzlscheduler_interfaces/srv/robot_move_to_position.h
[4.185s] -- Up-to-date: /home/autopilot/ws/restackcell/ws_moveit2/install/wzlscheduler_interfaces/include/wzlscheduler_interfaces/wzlscheduler_interfaces/srv/scene_object_detach.h
[4.185s] -- Up-to-date: /home/autopilot/ws/restackcell/ws_moveit2/install/wzlscheduler_interfaces/share/wzlscheduler_interfaces/environment/library_path.sh
[4.185s] -- Up-to-date: /home/autopilot/ws/restackcell/ws_moveit2/install/wzlscheduler_interfaces/share/wzlscheduler_interfaces/environment/library_path.dsv
[4.190s] -- Up-to-date: /home/autopilot/ws/restackcell/ws_moveit2/install/wzlscheduler_interfaces/lib/libwzlscheduler_interfaces__rosidl_generator_c.so
[4.190s] -- Up-to-date: /home/autopilot/ws/restackcell/ws_moveit2/install/wzlscheduler_interfaces/include/wzlscheduler_interfaces/wzlscheduler_interfaces
[4.190s] -- Up-to-date: /home/autopilot/ws/restackcell/ws_moveit2/install/wzlscheduler_interfaces/include/wzlscheduler_interfaces/wzlscheduler_interfaces/msg
[4.190s] -- Up-to-date: /home/autopilot/ws/restackcell/ws_moveit2/install/wzlscheduler_interfaces/include/wzlscheduler_interfaces/wzlscheduler_interfaces/msg/rosidl_typesupport_fastrtps_c__visibility_control.h
[4.191s] -- Up-to-date: /home/autopilot/ws/restackcell/ws_moveit2/install/wzlscheduler_interfaces/include/wzlscheduler_interfaces/wzlscheduler_interfaces/msg/detail
[4.191s] -- Up-to-date: /home/autopilot/ws/restackcell/ws_moveit2/install/wzlscheduler_interfaces/include/wzlscheduler_interfaces/wzlscheduler_interfaces/msg/detail/labeled_bounding_box__rosidl_typesupport_fastrtps_c.h
[4.191s] -- Up-to-date: /home/autopilot/ws/restackcell/ws_moveit2/install/wzlscheduler_interfaces/include/wzlscheduler_interfaces/wzlscheduler_interfaces/msg/detail/scene_object_remove__rosidl_typesupport_fastrtps_c.h
[4.192s] -- Up-to-date: /home/autopilot/ws/restackcell/ws_moveit2/install/wzlscheduler_interfaces/include/wzlscheduler_interfaces/wzlscheduler_interfaces/msg/detail/scene_object_add__rosidl_typesupport_fastrtps_c.h
[4.192s] -- Up-to-date: /home/autopilot/ws/restackcell/ws_moveit2/install/wzlscheduler_interfaces/include/wzlscheduler_interfaces/wzlscheduler_interfaces/msg/detail/labeled_bounding_boxes__rosidl_typesupport_fastrtps_c.h
[4.192s] -- Up-to-date: /home/autopilot/ws/restackcell/ws_moveit2/install/wzlscheduler_interfaces/include/wzlscheduler_interfaces/wzlscheduler_interfaces/msg/detail/labeled_poses__rosidl_typesupport_fastrtps_c.h
[4.193s] -- Up-to-date: /home/autopilot/ws/restackcell/ws_moveit2/install/wzlscheduler_interfaces/include/wzlscheduler_interfaces/wzlscheduler_interfaces/msg/detail/labeled_point_clouds__rosidl_typesupport_fastrtps_c.h
[4.193s] -- Up-to-date: /home/autopilot/ws/restackcell/ws_moveit2/install/wzlscheduler_interfaces/include/wzlscheduler_interfaces/wzlscheduler_interfaces/msg/detail/labeled_pose__rosidl_typesupport_fastrtps_c.h
[4.194s] -- Up-to-date: /home/autopilot/ws/restackcell/ws_moveit2/install/wzlscheduler_interfaces/include/wzlscheduler_interfaces/wzlscheduler_interfaces/msg/detail/labeled_point_cloud__rosidl_typesupport_fastrtps_c.h
[4.194s] -- Up-to-date: /home/autopilot/ws/restackcell/ws_moveit2/install/wzlscheduler_interfaces/include/wzlscheduler_interfaces/wzlscheduler_interfaces/msg/detail/scene_object_set_pose__rosidl_typesupport_fastrtps_c.h
[4.194s] -- Up-to-date: /home/autopilot/ws/restackcell/ws_moveit2/install/wzlscheduler_interfaces/include/wzlscheduler_interfaces/wzlscheduler_interfaces/srv
[4.194s] -- Up-to-date: /home/autopilot/ws/restackcell/ws_moveit2/install/wzlscheduler_interfaces/include/wzlscheduler_interfaces/wzlscheduler_interfaces/srv/detail
[4.194s] -- Up-to-date: /home/autopilot/ws/restackcell/ws_moveit2/install/wzlscheduler_interfaces/include/wzlscheduler_interfaces/wzlscheduler_interfaces/srv/detail/scene_object_attach__rosidl_typesupport_fastrtps_c.h
[4.195s] -- Up-to-date: /home/autopilot/ws/restackcell/ws_moveit2/install/wzlscheduler_interfaces/include/wzlscheduler_interfaces/wzlscheduler_interfaces/srv/detail/scene_object_remove__rosidl_typesupport_fastrtps_c.h
[4.195s] -- Up-to-date: /home/autopilot/ws/restackcell/ws_moveit2/install/wzlscheduler_interfaces/include/wzlscheduler_interfaces/wzlscheduler_interfaces/srv/detail/scene_object_add__rosidl_typesupport_fastrtps_c.h
[4.195s] -- Up-to-date: /home/autopilot/ws/restackcell/ws_moveit2/install/wzlscheduler_interfaces/include/wzlscheduler_interfaces/wzlscheduler_interfaces/srv/detail/load_object__rosidl_typesupport_fastrtps_c.h
[4.195s] -- Up-to-date: /home/autopilot/ws/restackcell/ws_moveit2/install/wzlscheduler_interfaces/include/wzlscheduler_interfaces/wzlscheduler_interfaces/srv/detail/set_value_io_interface__rosidl_typesupport_fastrtps_c.h
[4.195s] -- Up-to-date: /home/autopilot/ws/restackcell/ws_moveit2/install/wzlscheduler_interfaces/include/wzlscheduler_interfaces/wzlscheduler_interfaces/srv/detail/scene_object_detach__rosidl_typesupport_fastrtps_c.h
[4.195s] -- Up-to-date: /home/autopilot/ws/restackcell/ws_moveit2/install/wzlscheduler_interfaces/include/wzlscheduler_interfaces/wzlscheduler_interfaces/srv/detail/robot_set_velocity__rosidl_typesupport_fastrtps_c.h
[4.195s] -- Up-to-date: /home/autopilot/ws/restackcell/ws_moveit2/install/wzlscheduler_interfaces/include/wzlscheduler_interfaces/wzlscheduler_interfaces/srv/detail/robot_move_to_position__rosidl_typesupport_fastrtps_c.h
[4.195s] -- Up-to-date: /home/autopilot/ws/restackcell/ws_moveit2/install/wzlscheduler_interfaces/include/wzlscheduler_interfaces/wzlscheduler_interfaces/srv/detail/robot_follow_trajectory__rosidl_typesupport_fastrtps_c.h
[4.196s] -- Up-to-date: /home/autopilot/ws/restackcell/ws_moveit2/install/wzlscheduler_interfaces/include/wzlscheduler_interfaces/wzlscheduler_interfaces/srv/detail/scene_object_set_pose__rosidl_typesupport_fastrtps_c.h
[4.196s] -- Up-to-date: /home/autopilot/ws/restackcell/ws_moveit2/install/wzlscheduler_interfaces/lib/libwzlscheduler_interfaces__rosidl_typesupport_fastrtps_c.so
[4.196s] -- Up-to-date: /home/autopilot/ws/restackcell/ws_moveit2/install/wzlscheduler_interfaces/include/wzlscheduler_interfaces/wzlscheduler_interfaces
[4.196s] -- Up-to-date: /home/autopilot/ws/restackcell/ws_moveit2/install/wzlscheduler_interfaces/include/wzlscheduler_interfaces/wzlscheduler_interfaces/msg
[4.196s] -- Up-to-date: /home/autopilot/ws/restackcell/ws_moveit2/install/wzlscheduler_interfaces/include/wzlscheduler_interfaces/wzlscheduler_interfaces/msg/rosidl_typesupport_introspection_c__visibility_control.h
[4.196s] -- Up-to-date: /home/autopilot/ws/restackcell/ws_moveit2/install/wzlscheduler_interfaces/include/wzlscheduler_interfaces/wzlscheduler_interfaces/msg/detail
[4.196s] -- Up-to-date: /home/autopilot/ws/restackcell/ws_moveit2/install/wzlscheduler_interfaces/include/wzlscheduler_interfaces/wzlscheduler_interfaces/msg/detail/labeled_point_clouds__type_support.c
[4.196s] -- Up-to-date: /home/autopilot/ws/restackcell/ws_moveit2/install/wzlscheduler_interfaces/include/wzlscheduler_interfaces/wzlscheduler_interfaces/msg/detail/labeled_point_cloud__rosidl_typesupport_introspection_c.h
[4.196s] -- Up-to-date: /home/autopilot/ws/restackcell/ws_moveit2/install/wzlscheduler_interfaces/include/wzlscheduler_interfaces/wzlscheduler_interfaces/msg/detail/labeled_point_clouds__rosidl_typesupport_introspection_c.h
[4.196s] -- Up-to-date: /home/autopilot/ws/restackcell/ws_moveit2/install/wzlscheduler_interfaces/include/wzlscheduler_interfaces/wzlscheduler_interfaces/msg/detail/labeled_poses__rosidl_typesupport_introspection_c.h
[4.197s] -- Up-to-date: /home/autopilot/ws/restackcell/ws_moveit2/install/wzlscheduler_interfaces/include/wzlscheduler_interfaces/wzlscheduler_interfaces/msg/detail/labeled_pose__type_support.c
[4.197s] -- Up-to-date: /home/autopilot/ws/restackcell/ws_moveit2/install/wzlscheduler_interfaces/include/wzlscheduler_interfaces/wzlscheduler_interfaces/msg/detail/scene_object_add__rosidl_typesupport_introspection_c.h
[4.197s] -- Up-to-date: /home/autopilot/ws/restackcell/ws_moveit2/install/wzlscheduler_interfaces/include/wzlscheduler_interfaces/wzlscheduler_interfaces/msg/detail/scene_object_set_pose__type_support.c
[4.198s] -- Up-to-date: /home/autopilot/ws/restackcell/ws_moveit2/install/wzlscheduler_interfaces/include/wzlscheduler_interfaces/wzlscheduler_interfaces/msg/detail/scene_object_remove__rosidl_typesupport_introspection_c.h
[4.198s] -- Up-to-date: /home/autopilot/ws/restackcell/ws_moveit2/install/wzlscheduler_interfaces/include/wzlscheduler_interfaces/wzlscheduler_interfaces/msg/detail/scene_object_remove__type_support.c
[4.198s] -- Up-to-date: /home/autopilot/ws/restackcell/ws_moveit2/install/wzlscheduler_interfaces/include/wzlscheduler_interfaces/wzlscheduler_interfaces/msg/detail/labeled_point_cloud__type_support.c
[4.198s] -- Up-to-date: /home/autopilot/ws/restackcell/ws_moveit2/install/wzlscheduler_interfaces/include/wzlscheduler_interfaces/wzlscheduler_interfaces/msg/detail/labeled_bounding_boxes__rosidl_typesupport_introspection_c.h
[4.198s] -- Up-to-date: /home/autopilot/ws/restackcell/ws_moveit2/install/wzlscheduler_interfaces/include/wzlscheduler_interfaces/wzlscheduler_interfaces/msg/detail/scene_object_add__type_support.c
[4.199s] -- Up-to-date: /home/autopilot/ws/restackcell/ws_moveit2/install/wzlscheduler_interfaces/include/wzlscheduler_interfaces/wzlscheduler_interfaces/msg/detail/labeled_bounding_box__type_support.c
[4.199s] -- Up-to-date: /home/autopilot/ws/restackcell/ws_moveit2/install/wzlscheduler_interfaces/include/wzlscheduler_interfaces/wzlscheduler_interfaces/msg/detail/labeled_bounding_box__rosidl_typesupport_introspection_c.h
[4.199s] -- Up-to-date: /home/autopilot/ws/restackcell/ws_moveit2/install/wzlscheduler_interfaces/include/wzlscheduler_interfaces/wzlscheduler_interfaces/msg/detail/labeled_pose__rosidl_typesupport_introspection_c.h
[4.199s] -- Up-to-date: /home/autopilot/ws/restackcell/ws_moveit2/install/wzlscheduler_interfaces/include/wzlscheduler_interfaces/wzlscheduler_interfaces/msg/detail/labeled_poses__type_support.c
[4.199s] -- Up-to-date: /home/autopilot/ws/restackcell/ws_moveit2/install/wzlscheduler_interfaces/include/wzlscheduler_interfaces/wzlscheduler_interfaces/msg/detail/labeled_bounding_boxes__type_support.c
[4.199s] -- Up-to-date: /home/autopilot/ws/restackcell/ws_moveit2/install/wzlscheduler_interfaces/include/wzlscheduler_interfaces/wzlscheduler_interfaces/msg/detail/scene_object_set_pose__rosidl_typesupport_introspection_c.h
[4.199s] -- Up-to-date: /home/autopilot/ws/restackcell/ws_moveit2/install/wzlscheduler_interfaces/include/wzlscheduler_interfaces/wzlscheduler_interfaces/srv
[4.199s] -- Up-to-date: /home/autopilot/ws/restackcell/ws_moveit2/install/wzlscheduler_interfaces/include/wzlscheduler_interfaces/wzlscheduler_interfaces/srv/detail
[4.199s] -- Up-to-date: /home/autopilot/ws/restackcell/ws_moveit2/install/wzlscheduler_interfaces/include/wzlscheduler_interfaces/wzlscheduler_interfaces/srv/detail/load_object__type_support.c
[4.199s] -- Up-to-date: /home/autopilot/ws/restackcell/ws_moveit2/install/wzlscheduler_interfaces/include/wzlscheduler_interfaces/wzlscheduler_interfaces/srv/detail/robot_move_to_position__type_support.c
[4.200s] -- Up-to-date: /home/autopilot/ws/restackcell/ws_moveit2/install/wzlscheduler_interfaces/include/wzlscheduler_interfaces/wzlscheduler_interfaces/srv/detail/load_object__rosidl_typesupport_introspection_c.h
[4.200s] -- Up-to-date: /home/autopilot/ws/restackcell/ws_moveit2/install/wzlscheduler_interfaces/include/wzlscheduler_interfaces/wzlscheduler_interfaces/srv/detail/robot_set_velocity__type_support.c
[4.200s] -- Up-to-date: /home/autopilot/ws/restackcell/ws_moveit2/install/wzlscheduler_interfaces/include/wzlscheduler_interfaces/wzlscheduler_interfaces/srv/detail/scene_object_detach__type_support.c
[4.201s] -- Up-to-date: /home/autopilot/ws/restackcell/ws_moveit2/install/wzlscheduler_interfaces/include/wzlscheduler_interfaces/wzlscheduler_interfaces/srv/detail/scene_object_attach__rosidl_typesupport_introspection_c.h
[4.201s] -- Up-to-date: /home/autopilot/ws/restackcell/ws_moveit2/install/wzlscheduler_interfaces/include/wzlscheduler_interfaces/wzlscheduler_interfaces/srv/detail/robot_move_to_position__rosidl_typesupport_introspection_c.h
[4.201s] -- Up-to-date: /home/autopilot/ws/restackcell/ws_moveit2/install/wzlscheduler_interfaces/include/wzlscheduler_interfaces/wzlscheduler_interfaces/srv/detail/set_value_io_interface__rosidl_typesupport_introspection_c.h
[4.202s] -- Up-to-date: /home/autopilot/ws/restackcell/ws_moveit2/install/wzlscheduler_interfaces/include/wzlscheduler_interfaces/wzlscheduler_interfaces/srv/detail/scene_object_add__rosidl_typesupport_introspection_c.h
[4.202s] -- Up-to-date: /home/autopilot/ws/restackcell/ws_moveit2/install/wzlscheduler_interfaces/include/wzlscheduler_interfaces/wzlscheduler_interfaces/srv/detail/scene_object_set_pose__type_support.c
[4.202s] -- Up-to-date: /home/autopilot/ws/restackcell/ws_moveit2/install/wzlscheduler_interfaces/include/wzlscheduler_interfaces/wzlscheduler_interfaces/srv/detail/scene_object_remove__rosidl_typesupport_introspection_c.h
[4.202s] -- Up-to-date: /home/autopilot/ws/restackcell/ws_moveit2/install/wzlscheduler_interfaces/include/wzlscheduler_interfaces/wzlscheduler_interfaces/srv/detail/scene_object_remove__type_support.c
[4.203s] -- Up-to-date: /home/autopilot/ws/restackcell/ws_moveit2/install/wzlscheduler_interfaces/include/wzlscheduler_interfaces/wzlscheduler_interfaces/srv/detail/robot_follow_trajectory__rosidl_typesupport_introspection_c.h
[4.204s] -- Up-to-date: /home/autopilot/ws/restackcell/ws_moveit2/install/wzlscheduler_interfaces/include/wzlscheduler_interfaces/wzlscheduler_interfaces/srv/detail/robot_set_velocity__rosidl_typesupport_introspection_c.h
[4.204s] -- Up-to-date: /home/autopilot/ws/restackcell/ws_moveit2/install/wzlscheduler_interfaces/include/wzlscheduler_interfaces/wzlscheduler_interfaces/srv/detail/scene_object_attach__type_support.c
[4.205s] -- Up-to-date: /home/autopilot/ws/restackcell/ws_moveit2/install/wzlscheduler_interfaces/include/wzlscheduler_interfaces/wzlscheduler_interfaces/srv/detail/set_value_io_interface__type_support.c
[4.205s] -- Up-to-date: /home/autopilot/ws/restackcell/ws_moveit2/install/wzlscheduler_interfaces/include/wzlscheduler_interfaces/wzlscheduler_interfaces/srv/detail/scene_object_add__type_support.c
[4.205s] -- Up-to-date: /home/autopilot/ws/restackcell/ws_moveit2/install/wzlscheduler_interfaces/include/wzlscheduler_interfaces/wzlscheduler_interfaces/srv/detail/robot_follow_trajectory__type_support.c
[4.205s] -- Up-to-date: /home/autopilot/ws/restackcell/ws_moveit2/install/wzlscheduler_interfaces/include/wzlscheduler_interfaces/wzlscheduler_interfaces/srv/detail/scene_object_set_pose__rosidl_typesupport_introspection_c.h
[4.206s] -- Up-to-date: /home/autopilot/ws/restackcell/ws_moveit2/install/wzlscheduler_interfaces/include/wzlscheduler_interfaces/wzlscheduler_interfaces/srv/detail/scene_object_detach__rosidl_typesupport_introspection_c.h
[4.206s] -- Up-to-date: /home/autopilot/ws/restackcell/ws_moveit2/install/wzlscheduler_interfaces/lib/libwzlscheduler_interfaces__rosidl_typesupport_introspection_c.so
[4.206s] -- Up-to-date: /home/autopilot/ws/restackcell/ws_moveit2/install/wzlscheduler_interfaces/lib/libwzlscheduler_interfaces__rosidl_typesupport_c.so
[4.206s] -- Up-to-date: /home/autopilot/ws/restackcell/ws_moveit2/install/wzlscheduler_interfaces/include/wzlscheduler_interfaces/wzlscheduler_interfaces
[4.206s] -- Up-to-date: /home/autopilot/ws/restackcell/ws_moveit2/install/wzlscheduler_interfaces/include/wzlscheduler_interfaces/wzlscheduler_interfaces/msg
[4.207s] -- Up-to-date: /home/autopilot/ws/restackcell/ws_moveit2/install/wzlscheduler_interfaces/include/wzlscheduler_interfaces/wzlscheduler_interfaces/msg/labeled_pose.hpp
[4.207s] -- Up-to-date: /home/autopilot/ws/restackcell/ws_moveit2/install/wzlscheduler_interfaces/include/wzlscheduler_interfaces/wzlscheduler_interfaces/msg/labeled_poses.hpp
[4.207s] -- Up-to-date: /home/autopilot/ws/restackcell/ws_moveit2/install/wzlscheduler_interfaces/include/wzlscheduler_interfaces/wzlscheduler_interfaces/msg/labeled_point_cloud.hpp
[4.208s] -- Up-to-date: /home/autopilot/ws/restackcell/ws_moveit2/install/wzlscheduler_interfaces/include/wzlscheduler_interfaces/wzlscheduler_interfaces/msg/scene_object_set_pose.hpp
[4.208s] -- Up-to-date: /home/autopilot/ws/restackcell/ws_moveit2/install/wzlscheduler_interfaces/include/wzlscheduler_interfaces/wzlscheduler_interfaces/msg/detail
[4.208s] -- Up-to-date: /home/autopilot/ws/restackcell/ws_moveit2/install/wzlscheduler_interfaces/include/wzlscheduler_interfaces/wzlscheduler_interfaces/msg/detail/labeled_poses__traits.hpp
[4.208s] -- Up-to-date: /home/autopilot/ws/restackcell/ws_moveit2/install/wzlscheduler_interfaces/include/wzlscheduler_interfaces/wzlscheduler_interfaces/msg/detail/scene_object_set_pose__builder.hpp
[4.208s] -- Up-to-date: /home/autopilot/ws/restackcell/ws_moveit2/install/wzlscheduler_interfaces/include/wzlscheduler_interfaces/wzlscheduler_interfaces/msg/detail/labeled_bounding_boxes__struct.hpp
[4.209s] -- Up-to-date: /home/autopilot/ws/restackcell/ws_moveit2/install/wzlscheduler_interfaces/include/wzlscheduler_interfaces/wzlscheduler_interfaces/msg/detail/labeled_point_cloud__struct.hpp
[4.209s] -- Up-to-date: /home/autopilot/ws/restackcell/ws_moveit2/install/wzlscheduler_interfaces/include/wzlscheduler_interfaces/wzlscheduler_interfaces/msg/detail/scene_object_remove__builder.hpp
[4.209s] -- Up-to-date: /home/autopilot/ws/restackcell/ws_moveit2/install/wzlscheduler_interfaces/include/wzlscheduler_interfaces/wzlscheduler_interfaces/msg/detail/labeled_bounding_box__builder.hpp
[4.209s] -- Up-to-date: /home/autopilot/ws/restackcell/ws_moveit2/install/wzlscheduler_interfaces/include/wzlscheduler_interfaces/wzlscheduler_interfaces/msg/detail/scene_object_remove__struct.hpp
[4.209s] -- Up-to-date: /home/autopilot/ws/restackcell/ws_moveit2/install/wzlscheduler_interfaces/include/wzlscheduler_interfaces/wzlscheduler_interfaces/msg/detail/labeled_point_clouds__builder.hpp
[4.210s] -- Up-to-date: /home/autopilot/ws/restackcell/ws_moveit2/install/wzlscheduler_interfaces/include/wzlscheduler_interfaces/wzlscheduler_interfaces/msg/detail/labeled_bounding_box__traits.hpp
[4.210s] -- Up-to-date: /home/autopilot/ws/restackcell/ws_moveit2/install/wzlscheduler_interfaces/include/wzlscheduler_interfaces/wzlscheduler_interfaces/msg/detail/labeled_point_clouds__struct.hpp
[4.210s] -- Up-to-date: /home/autopilot/ws/restackcell/ws_moveit2/install/wzlscheduler_interfaces/include/wzlscheduler_interfaces/wzlscheduler_interfaces/msg/detail/labeled_poses__builder.hpp
[4.210s] -- Up-to-date: /home/autopilot/ws/restackcell/ws_moveit2/install/wzlscheduler_interfaces/include/wzlscheduler_interfaces/wzlscheduler_interfaces/msg/detail/scene_object_set_pose__struct.hpp
[4.210s] -- Up-to-date: /home/autopilot/ws/restackcell/ws_moveit2/install/wzlscheduler_interfaces/include/wzlscheduler_interfaces/wzlscheduler_interfaces/msg/detail/labeled_point_cloud__traits.hpp
[4.210s] -- Up-to-date: /home/autopilot/ws/restackcell/ws_moveit2/install/wzlscheduler_interfaces/include/wzlscheduler_interfaces/wzlscheduler_interfaces/msg/detail/labeled_bounding_boxes__builder.hpp
[4.211s] -- Up-to-date: /home/autopilot/ws/restackcell/ws_moveit2/install/wzlscheduler_interfaces/include/wzlscheduler_interfaces/wzlscheduler_interfaces/msg/detail/labeled_point_cloud__builder.hpp
[4.211s] -- Up-to-date: /home/autopilot/ws/restackcell/ws_moveit2/install/wzlscheduler_interfaces/include/wzlscheduler_interfaces/wzlscheduler_interfaces/msg/detail/scene_object_add__builder.hpp
[4.211s] -- Up-to-date: /home/autopilot/ws/restackcell/ws_moveit2/install/wzlscheduler_interfaces/include/wzlscheduler_interfaces/wzlscheduler_interfaces/msg/detail/labeled_pose__builder.hpp
[4.211s] -- Up-to-date: /home/autopilot/ws/restackcell/ws_moveit2/install/wzlscheduler_interfaces/include/wzlscheduler_interfaces/wzlscheduler_interfaces/msg/detail/labeled_point_clouds__traits.hpp
[4.211s] -- Up-to-date: /home/autopilot/ws/restackcell/ws_moveit2/install/wzlscheduler_interfaces/include/wzlscheduler_interfaces/wzlscheduler_interfaces/msg/detail/labeled_pose__struct.hpp
[4.211s] -- Up-to-date: /home/autopilot/ws/restackcell/ws_moveit2/install/wzlscheduler_interfaces/include/wzlscheduler_interfaces/wzlscheduler_interfaces/msg/detail/scene_object_add__struct.hpp
[4.212s] -- Up-to-date: /home/autopilot/ws/restackcell/ws_moveit2/install/wzlscheduler_interfaces/include/wzlscheduler_interfaces/wzlscheduler_interfaces/msg/detail/labeled_poses__struct.hpp
[4.212s] -- Up-to-date: /home/autopilot/ws/restackcell/ws_moveit2/install/wzlscheduler_interfaces/include/wzlscheduler_interfaces/wzlscheduler_interfaces/msg/detail/scene_object_set_pose__traits.hpp
[4.212s] -- Up-to-date: /home/autopilot/ws/restackcell/ws_moveit2/install/wzlscheduler_interfaces/include/wzlscheduler_interfaces/wzlscheduler_interfaces/msg/detail/labeled_bounding_boxes__traits.hpp
[4.212s] -- Up-to-date: /home/autopilot/ws/restackcell/ws_moveit2/install/wzlscheduler_interfaces/include/wzlscheduler_interfaces/wzlscheduler_interfaces/msg/detail/labeled_pose__traits.hpp
[4.212s] -- Up-to-date: /home/autopilot/ws/restackcell/ws_moveit2/install/wzlscheduler_interfaces/include/wzlscheduler_interfaces/wzlscheduler_interfaces/msg/detail/scene_object_remove__traits.hpp
[4.212s] -- Up-to-date: /home/autopilot/ws/restackcell/ws_moveit2/install/wzlscheduler_interfaces/include/wzlscheduler_interfaces/wzlscheduler_interfaces/msg/detail/labeled_bounding_box__struct.hpp
[4.213s] -- Up-to-date: /home/autopilot/ws/restackcell/ws_moveit2/install/wzlscheduler_interfaces/include/wzlscheduler_interfaces/wzlscheduler_interfaces/msg/detail/scene_object_add__traits.hpp
[4.213s] -- Up-to-date: /home/autopilot/ws/restackcell/ws_moveit2/install/wzlscheduler_interfaces/include/wzlscheduler_interfaces/wzlscheduler_interfaces/msg/labeled_bounding_boxes.hpp
[4.213s] -- Up-to-date: /home/autopilot/ws/restackcell/ws_moveit2/install/wzlscheduler_interfaces/include/wzlscheduler_interfaces/wzlscheduler_interfaces/msg/labeled_bounding_box.hpp
[4.214s] -- Up-to-date: /home/autopilot/ws/restackcell/ws_moveit2/install/wzlscheduler_interfaces/include/wzlscheduler_interfaces/wzlscheduler_interfaces/msg/scene_object_remove.hpp
[4.214s] -- Up-to-date: /home/autopilot/ws/restackcell/ws_moveit2/install/wzlscheduler_interfaces/include/wzlscheduler_interfaces/wzlscheduler_interfaces/msg/scene_object_add.hpp
[4.214s] -- Up-to-date: /home/autopilot/ws/restackcell/ws_moveit2/install/wzlscheduler_interfaces/include/wzlscheduler_interfaces/wzlscheduler_interfaces/msg/labeled_point_clouds.hpp
[4.215s] -- Up-to-date: /home/autopilot/ws/restackcell/ws_moveit2/install/wzlscheduler_interfaces/include/wzlscheduler_interfaces/wzlscheduler_interfaces/srv
[4.215s] -- Up-to-date: /home/autopilot/ws/restackcell/ws_moveit2/install/wzlscheduler_interfaces/include/wzlscheduler_interfaces/wzlscheduler_interfaces/srv/load_object.hpp
[4.215s] -- Up-to-date: /home/autopilot/ws/restackcell/ws_moveit2/install/wzlscheduler_interfaces/include/wzlscheduler_interfaces/wzlscheduler_interfaces/srv/robot_set_velocity.hpp
[4.216s] -- Up-to-date: /home/autopilot/ws/restackcell/ws_moveit2/install/wzlscheduler_interfaces/include/wzlscheduler_interfaces/wzlscheduler_interfaces/srv/scene_object_attach.hpp
[4.216s] -- Up-to-date: /home/autopilot/ws/restackcell/ws_moveit2/install/wzlscheduler_interfaces/include/wzlscheduler_interfaces/wzlscheduler_interfaces/srv/scene_object_detach.hpp
[4.216s] -- Up-to-date: /home/autopilot/ws/restackcell/ws_moveit2/install/wzlscheduler_interfaces/include/wzlscheduler_interfaces/wzlscheduler_interfaces/srv/scene_object_set_pose.hpp
[4.216s] -- Up-to-date: /home/autopilot/ws/restackcell/ws_moveit2/install/wzlscheduler_interfaces/include/wzlscheduler_interfaces/wzlscheduler_interfaces/srv/detail
[4.216s] -- Up-to-date: /home/autopilot/ws/restackcell/ws_moveit2/install/wzlscheduler_interfaces/include/wzlscheduler_interfaces/wzlscheduler_interfaces/srv/detail/scene_object_set_pose__builder.hpp
[4.217s] -- Up-to-date: /home/autopilot/ws/restackcell/ws_moveit2/install/wzlscheduler_interfaces/include/wzlscheduler_interfaces/wzlscheduler_interfaces/srv/detail/scene_object_detach__struct.hpp
[4.217s] -- Up-to-date: /home/autopilot/ws/restackcell/ws_moveit2/install/wzlscheduler_interfaces/include/wzlscheduler_interfaces/wzlscheduler_interfaces/srv/detail/scene_object_remove__builder.hpp
[4.217s] -- Up-to-date: /home/autopilot/ws/restackcell/ws_moveit2/install/wzlscheduler_interfaces/include/wzlscheduler_interfaces/wzlscheduler_interfaces/srv/detail/scene_object_detach__builder.hpp
[4.218s] -- Up-to-date: /home/autopilot/ws/restackcell/ws_moveit2/install/wzlscheduler_interfaces/include/wzlscheduler_interfaces/wzlscheduler_interfaces/srv/detail/scene_object_remove__struct.hpp
[4.218s] -- Up-to-date: /home/autopilot/ws/restackcell/ws_moveit2/install/wzlscheduler_interfaces/include/wzlscheduler_interfaces/wzlscheduler_interfaces/srv/detail/robot_follow_trajectory__struct.hpp
[4.218s] -- Up-to-date: /home/autopilot/ws/restackcell/ws_moveit2/install/wzlscheduler_interfaces/include/wzlscheduler_interfaces/wzlscheduler_interfaces/srv/detail/load_object__traits.hpp
[4.218s] -- Up-to-date: /home/autopilot/ws/restackcell/ws_moveit2/install/wzlscheduler_interfaces/include/wzlscheduler_interfaces/wzlscheduler_interfaces/srv/detail/set_value_io_interface__traits.hpp
[4.218s] -- Up-to-date: /home/autopilot/ws/restackcell/ws_moveit2/install/wzlscheduler_interfaces/include/wzlscheduler_interfaces/wzlscheduler_interfaces/srv/detail/scene_object_set_pose__struct.hpp
[4.218s] -- Up-to-date: /home/autopilot/ws/restackcell/ws_moveit2/install/wzlscheduler_interfaces/include/wzlscheduler_interfaces/wzlscheduler_interfaces/srv/detail/scene_object_attach__traits.hpp
[4.219s] -- Up-to-date: /home/autopilot/ws/restackcell/ws_moveit2/install/wzlscheduler_interfaces/include/wzlscheduler_interfaces/wzlscheduler_interfaces/srv/detail/robot_set_velocity__struct.hpp
[4.219s] -- Up-to-date: /home/autopilot/ws/restackcell/ws_moveit2/install/wzlscheduler_interfaces/include/wzlscheduler_interfaces/wzlscheduler_interfaces/srv/detail/scene_object_attach__builder.hpp
[4.219s] -- Up-to-date: /home/autopilot/ws/restackcell/ws_moveit2/install/wzlscheduler_interfaces/include/wzlscheduler_interfaces/wzlscheduler_interfaces/srv/detail/robot_follow_trajectory__traits.hpp
[4.219s] -- Up-to-date: /home/autopilot/ws/restackcell/ws_moveit2/install/wzlscheduler_interfaces/include/wzlscheduler_interfaces/wzlscheduler_interfaces/srv/detail/scene_object_detach__traits.hpp
[4.220s] -- Up-to-date: /home/autopilot/ws/restackcell/ws_moveit2/install/wzlscheduler_interfaces/include/wzlscheduler_interfaces/wzlscheduler_interfaces/srv/detail/load_object__struct.hpp
[4.220s] -- Up-to-date: /home/autopilot/ws/restackcell/ws_moveit2/install/wzlscheduler_interfaces/include/wzlscheduler_interfaces/wzlscheduler_interfaces/srv/detail/set_value_io_interface__struct.hpp
[4.220s] -- Up-to-date: /home/autopilot/ws/restackcell/ws_moveit2/install/wzlscheduler_interfaces/include/wzlscheduler_interfaces/wzlscheduler_interfaces/srv/detail/scene_object_add__builder.hpp
[4.220s] -- Up-to-date: /home/autopilot/ws/restackcell/ws_moveit2/install/wzlscheduler_interfaces/include/wzlscheduler_interfaces/wzlscheduler_interfaces/srv/detail/load_object__builder.hpp
[4.220s] -- Up-to-date: /home/autopilot/ws/restackcell/ws_moveit2/install/wzlscheduler_interfaces/include/wzlscheduler_interfaces/wzlscheduler_interfaces/srv/detail/scene_object_add__struct.hpp
[4.220s] -- Up-to-date: /home/autopilot/ws/restackcell/ws_moveit2/install/wzlscheduler_interfaces/include/wzlscheduler_interfaces/wzlscheduler_interfaces/srv/detail/robot_set_velocity__builder.hpp
[4.220s] -- Up-to-date: /home/autopilot/ws/restackcell/ws_moveit2/install/wzlscheduler_interfaces/include/wzlscheduler_interfaces/wzlscheduler_interfaces/srv/detail/robot_follow_trajectory__builder.hpp
[4.221s] -- Up-to-date: /home/autopilot/ws/restackcell/ws_moveit2/install/wzlscheduler_interfaces/include/wzlscheduler_interfaces/wzlscheduler_interfaces/srv/detail/scene_object_set_pose__traits.hpp
[4.221s] -- Up-to-date: /home/autopilot/ws/restackcell/ws_moveit2/install/wzlscheduler_interfaces/include/wzlscheduler_interfaces/wzlscheduler_interfaces/srv/detail/robot_set_velocity__traits.hpp
[4.221s] -- Up-to-date: /home/autopilot/ws/restackcell/ws_moveit2/install/wzlscheduler_interfaces/include/wzlscheduler_interfaces/wzlscheduler_interfaces/srv/detail/robot_move_to_position__builder.hpp
[4.221s] -- Up-to-date: /home/autopilot/ws/restackcell/ws_moveit2/install/wzlscheduler_interfaces/include/wzlscheduler_interfaces/wzlscheduler_interfaces/srv/detail/robot_move_to_position__traits.hpp
[4.222s] -- Up-to-date: /home/autopilot/ws/restackcell/ws_moveit2/install/wzlscheduler_interfaces/include/wzlscheduler_interfaces/wzlscheduler_interfaces/srv/detail/scene_object_remove__traits.hpp
[4.222s] -- Up-to-date: /home/autopilot/ws/restackcell/ws_moveit2/install/wzlscheduler_interfaces/include/wzlscheduler_interfaces/wzlscheduler_interfaces/srv/detail/scene_object_add__traits.hpp
[4.222s] -- Up-to-date: /home/autopilot/ws/restackcell/ws_moveit2/install/wzlscheduler_interfaces/include/wzlscheduler_interfaces/wzlscheduler_interfaces/srv/detail/scene_object_attach__struct.hpp
[4.222s] -- Up-to-date: /home/autopilot/ws/restackcell/ws_moveit2/install/wzlscheduler_interfaces/include/wzlscheduler_interfaces/wzlscheduler_interfaces/srv/detail/set_value_io_interface__builder.hpp
[4.222s] -- Up-to-date: /home/autopilot/ws/restackcell/ws_moveit2/install/wzlscheduler_interfaces/include/wzlscheduler_interfaces/wzlscheduler_interfaces/srv/detail/robot_move_to_position__struct.hpp
[4.222s] -- Up-to-date: /home/autopilot/ws/restackcell/ws_moveit2/install/wzlscheduler_interfaces/include/wzlscheduler_interfaces/wzlscheduler_interfaces/srv/scene_object_remove.hpp
[4.223s] -- Up-to-date: /home/autopilot/ws/restackcell/ws_moveit2/install/wzlscheduler_interfaces/include/wzlscheduler_interfaces/wzlscheduler_interfaces/srv/set_value_io_interface.hpp
[4.223s] -- Up-to-date: /home/autopilot/ws/restackcell/ws_moveit2/install/wzlscheduler_interfaces/include/wzlscheduler_interfaces/wzlscheduler_interfaces/srv/robot_follow_trajectory.hpp
[4.223s] -- Up-to-date: /home/autopilot/ws/restackcell/ws_moveit2/install/wzlscheduler_interfaces/include/wzlscheduler_interfaces/wzlscheduler_interfaces/srv/robot_move_to_position.hpp
[4.223s] -- Up-to-date: /home/autopilot/ws/restackcell/ws_moveit2/install/wzlscheduler_interfaces/include/wzlscheduler_interfaces/wzlscheduler_interfaces/srv/scene_object_add.hpp
[4.223s] -- Up-to-date: /home/autopilot/ws/restackcell/ws_moveit2/install/wzlscheduler_interfaces/include/wzlscheduler_interfaces/wzlscheduler_interfaces
[4.224s] -- Up-to-date: /home/autopilot/ws/restackcell/ws_moveit2/install/wzlscheduler_interfaces/include/wzlscheduler_interfaces/wzlscheduler_interfaces/msg
[4.224s] -- Up-to-date: /home/autopilot/ws/restackcell/ws_moveit2/install/wzlscheduler_interfaces/include/wzlscheduler_interfaces/wzlscheduler_interfaces/msg/rosidl_typesupport_fastrtps_cpp__visibility_control.h
[4.224s] -- Up-to-date: /home/autopilot/ws/restackcell/ws_moveit2/install/wzlscheduler_interfaces/include/wzlscheduler_interfaces/wzlscheduler_interfaces/msg/detail
[4.224s] -- Up-to-date: /home/autopilot/ws/restackcell/ws_moveit2/install/wzlscheduler_interfaces/include/wzlscheduler_interfaces/wzlscheduler_interfaces/msg/detail/labeled_point_clouds__rosidl_typesupport_fastrtps_cpp.hpp
[4.224s] -- Up-to-date: /home/autopilot/ws/restackcell/ws_moveit2/install/wzlscheduler_interfaces/include/wzlscheduler_interfaces/wzlscheduler_interfaces/msg/detail/scene_object_remove__rosidl_typesupport_fastrtps_cpp.hpp
[4.224s] -- Up-to-date: /home/autopilot/ws/restackcell/ws_moveit2/install/wzlscheduler_interfaces/include/wzlscheduler_interfaces/wzlscheduler_interfaces/msg/detail/labeled_bounding_box__rosidl_typesupport_fastrtps_cpp.hpp
[4.224s] -- Up-to-date: /home/autopilot/ws/restackcell/ws_moveit2/install/wzlscheduler_interfaces/include/wzlscheduler_interfaces/wzlscheduler_interfaces/msg/detail/labeled_point_cloud__rosidl_typesupport_fastrtps_cpp.hpp
[4.225s] -- Up-to-date: /home/autopilot/ws/restackcell/ws_moveit2/install/wzlscheduler_interfaces/include/wzlscheduler_interfaces/wzlscheduler_interfaces/msg/detail/scene_object_set_pose__rosidl_typesupport_fastrtps_cpp.hpp
[4.225s] -- Up-to-date: /home/autopilot/ws/restackcell/ws_moveit2/install/wzlscheduler_interfaces/include/wzlscheduler_interfaces/wzlscheduler_interfaces/msg/detail/labeled_bounding_boxes__rosidl_typesupport_fastrtps_cpp.hpp
[4.225s] -- Up-to-date: /home/autopilot/ws/restackcell/ws_moveit2/install/wzlscheduler_interfaces/include/wzlscheduler_interfaces/wzlscheduler_interfaces/msg/detail/labeled_poses__rosidl_typesupport_fastrtps_cpp.hpp
[4.225s] -- Up-to-date: /home/autopilot/ws/restackcell/ws_moveit2/install/wzlscheduler_interfaces/include/wzlscheduler_interfaces/wzlscheduler_interfaces/msg/detail/labeled_pose__rosidl_typesupport_fastrtps_cpp.hpp
[4.226s] -- Up-to-date: /home/autopilot/ws/restackcell/ws_moveit2/install/wzlscheduler_interfaces/include/wzlscheduler_interfaces/wzlscheduler_interfaces/msg/detail/dds_fastrtps
[4.226s] -- Up-to-date: /home/autopilot/ws/restackcell/ws_moveit2/install/wzlscheduler_interfaces/include/wzlscheduler_interfaces/wzlscheduler_interfaces/msg/detail/scene_object_add__rosidl_typesupport_fastrtps_cpp.hpp
[4.226s] -- Up-to-date: /home/autopilot/ws/restackcell/ws_moveit2/install/wzlscheduler_interfaces/include/wzlscheduler_interfaces/wzlscheduler_interfaces/srv
[4.226s] -- Up-to-date: /home/autopilot/ws/restackcell/ws_moveit2/install/wzlscheduler_interfaces/include/wzlscheduler_interfaces/wzlscheduler_interfaces/srv/detail
[4.226s] -- Up-to-date: /home/autopilot/ws/restackcell/ws_moveit2/install/wzlscheduler_interfaces/include/wzlscheduler_interfaces/wzlscheduler_interfaces/srv/detail/scene_object_attach__rosidl_typesupport_fastrtps_cpp.hpp
[4.226s] -- Up-to-date: /home/autopilot/ws/restackcell/ws_moveit2/install/wzlscheduler_interfaces/include/wzlscheduler_interfaces/wzlscheduler_interfaces/srv/detail/scene_object_detach__rosidl_typesupport_fastrtps_cpp.hpp
[4.226s] -- Up-to-date: /home/autopilot/ws/restackcell/ws_moveit2/install/wzlscheduler_interfaces/include/wzlscheduler_interfaces/wzlscheduler_interfaces/srv/detail/load_object__rosidl_typesupport_fastrtps_cpp.hpp
[4.227s] -- Up-to-date: /home/autopilot/ws/restackcell/ws_moveit2/install/wzlscheduler_interfaces/include/wzlscheduler_interfaces/wzlscheduler_interfaces/srv/detail/scene_object_remove__rosidl_typesupport_fastrtps_cpp.hpp
[4.227s] -- Up-to-date: /home/autopilot/ws/restackcell/ws_moveit2/install/wzlscheduler_interfaces/include/wzlscheduler_interfaces/wzlscheduler_interfaces/srv/detail/scene_object_set_pose__rosidl_typesupport_fastrtps_cpp.hpp
[4.227s] -- Up-to-date: /home/autopilot/ws/restackcell/ws_moveit2/install/wzlscheduler_interfaces/include/wzlscheduler_interfaces/wzlscheduler_interfaces/srv/detail/set_value_io_interface__rosidl_typesupport_fastrtps_cpp.hpp
[4.227s] -- Up-to-date: /home/autopilot/ws/restackcell/ws_moveit2/install/wzlscheduler_interfaces/include/wzlscheduler_interfaces/wzlscheduler_interfaces/srv/detail/dds_fastrtps
[4.228s] -- Up-to-date: /home/autopilot/ws/restackcell/ws_moveit2/install/wzlscheduler_interfaces/include/wzlscheduler_interfaces/wzlscheduler_interfaces/srv/detail/scene_object_add__rosidl_typesupport_fastrtps_cpp.hpp
[4.228s] -- Up-to-date: /home/autopilot/ws/restackcell/ws_moveit2/install/wzlscheduler_interfaces/include/wzlscheduler_interfaces/wzlscheduler_interfaces/srv/detail/robot_move_to_position__rosidl_typesupport_fastrtps_cpp.hpp
[4.228s] -- Up-to-date: /home/autopilot/ws/restackcell/ws_moveit2/install/wzlscheduler_interfaces/include/wzlscheduler_interfaces/wzlscheduler_interfaces/srv/detail/robot_follow_trajectory__rosidl_typesupport_fastrtps_cpp.hpp
[4.228s] -- Up-to-date: /home/autopilot/ws/restackcell/ws_moveit2/install/wzlscheduler_interfaces/include/wzlscheduler_interfaces/wzlscheduler_interfaces/srv/detail/robot_set_velocity__rosidl_typesupport_fastrtps_cpp.hpp
[4.228s] -- Up-to-date: /home/autopilot/ws/restackcell/ws_moveit2/install/wzlscheduler_interfaces/lib/libwzlscheduler_interfaces__rosidl_typesupport_fastrtps_cpp.so
[4.228s] -- Up-to-date: /home/autopilot/ws/restackcell/ws_moveit2/install/wzlscheduler_interfaces/include/wzlscheduler_interfaces/wzlscheduler_interfaces
[4.228s] -- Up-to-date: /home/autopilot/ws/restackcell/ws_moveit2/install/wzlscheduler_interfaces/include/wzlscheduler_interfaces/wzlscheduler_interfaces/msg
[4.229s] -- Up-to-date: /home/autopilot/ws/restackcell/ws_moveit2/install/wzlscheduler_interfaces/include/wzlscheduler_interfaces/wzlscheduler_interfaces/msg/detail
[4.229s] -- Up-to-date: /home/autopilot/ws/restackcell/ws_moveit2/install/wzlscheduler_interfaces/include/wzlscheduler_interfaces/wzlscheduler_interfaces/msg/detail/labeled_point_cloud__type_support.cpp
[4.229s] -- Up-to-date: /home/autopilot/ws/restackcell/ws_moveit2/install/wzlscheduler_interfaces/include/wzlscheduler_interfaces/wzlscheduler_interfaces/msg/detail/labeled_bounding_boxes__rosidl_typesupport_introspection_cpp.hpp
[4.229s] -- Up-to-date: /home/autopilot/ws/restackcell/ws_moveit2/install/wzlscheduler_interfaces/include/wzlscheduler_interfaces/wzlscheduler_interfaces/msg/detail/labeled_poses__type_support.cpp
[4.229s] -- Up-to-date: /home/autopilot/ws/restackcell/ws_moveit2/install/wzlscheduler_interfaces/include/wzlscheduler_interfaces/wzlscheduler_interfaces/msg/detail/labeled_poses__rosidl_typesupport_introspection_cpp.hpp
[4.230s] -- Up-to-date: /home/autopilot/ws/restackcell/ws_moveit2/install/wzlscheduler_interfaces/include/wzlscheduler_interfaces/wzlscheduler_interfaces/msg/detail/labeled_point_clouds__rosidl_typesupport_introspection_cpp.hpp
[4.230s] -- Up-to-date: /home/autopilot/ws/restackcell/ws_moveit2/install/wzlscheduler_interfaces/include/wzlscheduler_interfaces/wzlscheduler_interfaces/msg/detail/labeled_bounding_boxes__type_support.cpp
[4.230s] -- Up-to-date: /home/autopilot/ws/restackcell/ws_moveit2/install/wzlscheduler_interfaces/include/wzlscheduler_interfaces/wzlscheduler_interfaces/msg/detail/labeled_bounding_box__type_support.cpp
[4.230s] -- Up-to-date: /home/autopilot/ws/restackcell/ws_moveit2/install/wzlscheduler_interfaces/include/wzlscheduler_interfaces/wzlscheduler_interfaces/msg/detail/scene_object_add__type_support.cpp
[4.230s] -- Up-to-date: /home/autopilot/ws/restackcell/ws_moveit2/install/wzlscheduler_interfaces/include/wzlscheduler_interfaces/wzlscheduler_interfaces/msg/detail/labeled_point_cloud__rosidl_typesupport_introspection_cpp.hpp
[4.230s] -- Up-to-date: /home/autopilot/ws/restackcell/ws_moveit2/install/wzlscheduler_interfaces/include/wzlscheduler_interfaces/wzlscheduler_interfaces/msg/detail/scene_object_add__rosidl_typesupport_introspection_cpp.hpp
[4.231s] -- Up-to-date: /home/autopilot/ws/restackcell/ws_moveit2/install/wzlscheduler_interfaces/include/wzlscheduler_interfaces/wzlscheduler_interfaces/msg/detail/scene_object_set_pose__rosidl_typesupport_introspection_cpp.hpp
[4.231s] -- Up-to-date: /home/autopilot/ws/restackcell/ws_moveit2/install/wzlscheduler_interfaces/include/wzlscheduler_interfaces/wzlscheduler_interfaces/msg/detail/scene_object_remove__type_support.cpp
[4.231s] -- Up-to-date: /home/autopilot/ws/restackcell/ws_moveit2/install/wzlscheduler_interfaces/include/wzlscheduler_interfaces/wzlscheduler_interfaces/msg/detail/scene_object_remove__rosidl_typesupport_introspection_cpp.hpp
[4.231s] -- Up-to-date: /home/autopilot/ws/restackcell/ws_moveit2/install/wzlscheduler_interfaces/include/wzlscheduler_interfaces/wzlscheduler_interfaces/msg/detail/labeled_pose__type_support.cpp
[4.231s] -- Up-to-date: /home/autopilot/ws/restackcell/ws_moveit2/install/wzlscheduler_interfaces/include/wzlscheduler_interfaces/wzlscheduler_interfaces/msg/detail/scene_object_set_pose__type_support.cpp
[4.231s] -- Up-to-date: /home/autopilot/ws/restackcell/ws_moveit2/install/wzlscheduler_interfaces/include/wzlscheduler_interfaces/wzlscheduler_interfaces/msg/detail/labeled_point_clouds__type_support.cpp
[4.232s] -- Up-to-date: /home/autopilot/ws/restackcell/ws_moveit2/install/wzlscheduler_interfaces/include/wzlscheduler_interfaces/wzlscheduler_interfaces/msg/detail/labeled_pose__rosidl_typesupport_introspection_cpp.hpp
[4.232s] -- Up-to-date: /home/autopilot/ws/restackcell/ws_moveit2/install/wzlscheduler_interfaces/include/wzlscheduler_interfaces/wzlscheduler_interfaces/msg/detail/labeled_bounding_box__rosidl_typesupport_introspection_cpp.hpp
[4.232s] -- Up-to-date: /home/autopilot/ws/restackcell/ws_moveit2/install/wzlscheduler_interfaces/include/wzlscheduler_interfaces/wzlscheduler_interfaces/srv
[4.232s] -- Up-to-date: /home/autopilot/ws/restackcell/ws_moveit2/install/wzlscheduler_interfaces/include/wzlscheduler_interfaces/wzlscheduler_interfaces/srv/detail
[4.232s] -- Up-to-date: /home/autopilot/ws/restackcell/ws_moveit2/install/wzlscheduler_interfaces/include/wzlscheduler_interfaces/wzlscheduler_interfaces/srv/detail/scene_object_detach__type_support.cpp
[4.232s] -- Up-to-date: /home/autopilot/ws/restackcell/ws_moveit2/install/wzlscheduler_interfaces/include/wzlscheduler_interfaces/wzlscheduler_interfaces/srv/detail/robot_follow_trajectory__type_support.cpp
[4.232s] -- Up-to-date: /home/autopilot/ws/restackcell/ws_moveit2/install/wzlscheduler_interfaces/include/wzlscheduler_interfaces/wzlscheduler_interfaces/srv/detail/scene_object_attach__type_support.cpp
[4.233s] -- Up-to-date: /home/autopilot/ws/restackcell/ws_moveit2/install/wzlscheduler_interfaces/include/wzlscheduler_interfaces/wzlscheduler_interfaces/srv/detail/robot_set_velocity__rosidl_typesupport_introspection_cpp.hpp
[4.233s] -- Up-to-date: /home/autopilot/ws/restackcell/ws_moveit2/install/wzlscheduler_interfaces/include/wzlscheduler_interfaces/wzlscheduler_interfaces/srv/detail/robot_move_to_position__type_support.cpp
[4.233s] -- Up-to-date: /home/autopilot/ws/restackcell/ws_moveit2/install/wzlscheduler_interfaces/include/wzlscheduler_interfaces/wzlscheduler_interfaces/srv/detail/scene_object_detach__rosidl_typesupport_introspection_cpp.hpp
[4.233s] -- Up-to-date: /home/autopilot/ws/restackcell/ws_moveit2/install/wzlscheduler_interfaces/include/wzlscheduler_interfaces/wzlscheduler_interfaces/srv/detail/set_value_io_interface__rosidl_typesupport_introspection_cpp.hpp
[4.233s] -- Up-to-date: /home/autopilot/ws/restackcell/ws_moveit2/install/wzlscheduler_interfaces/include/wzlscheduler_interfaces/wzlscheduler_interfaces/srv/detail/scene_object_add__type_support.cpp
[4.234s] -- Up-to-date: /home/autopilot/ws/restackcell/ws_moveit2/install/wzlscheduler_interfaces/include/wzlscheduler_interfaces/wzlscheduler_interfaces/srv/detail/load_object__type_support.cpp
[4.234s] -- Up-to-date: /home/autopilot/ws/restackcell/ws_moveit2/install/wzlscheduler_interfaces/include/wzlscheduler_interfaces/wzlscheduler_interfaces/srv/detail/robot_follow_trajectory__rosidl_typesupport_introspection_cpp.hpp
[4.234s] -- Up-to-date: /home/autopilot/ws/restackcell/ws_moveit2/install/wzlscheduler_interfaces/include/wzlscheduler_interfaces/wzlscheduler_interfaces/srv/detail/load_object__rosidl_typesupport_introspection_cpp.hpp
[4.234s] -- Up-to-date: /home/autopilot/ws/restackcell/ws_moveit2/install/wzlscheduler_interfaces/include/wzlscheduler_interfaces/wzlscheduler_interfaces/srv/detail/scene_object_add__rosidl_typesupport_introspection_cpp.hpp
[4.234s] -- Up-to-date: /home/autopilot/ws/restackcell/ws_moveit2/install/wzlscheduler_interfaces/include/wzlscheduler_interfaces/wzlscheduler_interfaces/srv/detail/set_value_io_interface__type_support.cpp
[4.235s] -- Up-to-date: /home/autopilot/ws/restackcell/ws_moveit2/install/wzlscheduler_interfaces/include/wzlscheduler_interfaces/wzlscheduler_interfaces/srv/detail/robot_move_to_position__rosidl_typesupport_introspection_cpp.hpp
[4.235s] -- Up-to-date: /home/autopilot/ws/restackcell/ws_moveit2/install/wzlscheduler_interfaces/include/wzlscheduler_interfaces/wzlscheduler_interfaces/srv/detail/scene_object_attach__rosidl_typesupport_introspection_cpp.hpp
[4.235s] -- Up-to-date: /home/autopilot/ws/restackcell/ws_moveit2/install/wzlscheduler_interfaces/include/wzlscheduler_interfaces/wzlscheduler_interfaces/srv/detail/robot_set_velocity__type_support.cpp
[4.235s] -- Up-to-date: /home/autopilot/ws/restackcell/ws_moveit2/install/wzlscheduler_interfaces/include/wzlscheduler_interfaces/wzlscheduler_interfaces/srv/detail/scene_object_set_pose__rosidl_typesupport_introspection_cpp.hpp
[4.235s] -- Up-to-date: /home/autopilot/ws/restackcell/ws_moveit2/install/wzlscheduler_interfaces/include/wzlscheduler_interfaces/wzlscheduler_interfaces/srv/detail/scene_object_remove__type_support.cpp
[4.235s] -- Up-to-date: /home/autopilot/ws/restackcell/ws_moveit2/install/wzlscheduler_interfaces/include/wzlscheduler_interfaces/wzlscheduler_interfaces/srv/detail/scene_object_remove__rosidl_typesupport_introspection_cpp.hpp
[4.236s] -- Up-to-date: /home/autopilot/ws/restackcell/ws_moveit2/install/wzlscheduler_interfaces/include/wzlscheduler_interfaces/wzlscheduler_interfaces/srv/detail/scene_object_set_pose__type_support.cpp
[4.236s] -- Up-to-date: /home/autopilot/ws/restackcell/ws_moveit2/install/wzlscheduler_interfaces/lib/libwzlscheduler_interfaces__rosidl_typesupport_introspection_cpp.so
[4.236s] -- Up-to-date: /home/autopilot/ws/restackcell/ws_moveit2/install/wzlscheduler_interfaces/lib/libwzlscheduler_interfaces__rosidl_typesupport_cpp.so
[4.236s] -- Up-to-date: /home/autopilot/ws/restackcell/ws_moveit2/install/wzlscheduler_interfaces/share/wzlscheduler_interfaces/environment/pythonpath.sh
[4.236s] -- Up-to-date: /home/autopilot/ws/restackcell/ws_moveit2/install/wzlscheduler_interfaces/share/wzlscheduler_interfaces/environment/pythonpath.dsv
[4.236s] -- Up-to-date: /home/autopilot/ws/restackcell/ws_moveit2/install/wzlscheduler_interfaces/local/lib/python3.10/dist-packages/wzlscheduler_interfaces-0.0.0-py3.10.egg-info
[4.236s] -- Installing: /home/autopilot/ws/restackcell/ws_moveit2/install/wzlscheduler_interfaces/local/lib/python3.10/dist-packages/wzlscheduler_interfaces-0.0.0-py3.10.egg-info/SOURCES.txt
[4.236s] -- Installing: /home/autopilot/ws/restackcell/ws_moveit2/install/wzlscheduler_interfaces/local/lib/python3.10/dist-packages/wzlscheduler_interfaces-0.0.0-py3.10.egg-info/PKG-INFO
[4.236s] -- Installing: /home/autopilot/ws/restackcell/ws_moveit2/install/wzlscheduler_interfaces/local/lib/python3.10/dist-packages/wzlscheduler_interfaces-0.0.0-py3.10.egg-info/top_level.txt
[4.237s] -- Installing: /home/autopilot/ws/restackcell/ws_moveit2/install/wzlscheduler_interfaces/local/lib/python3.10/dist-packages/wzlscheduler_interfaces-0.0.0-py3.10.egg-info/dependency_links.txt
[4.237s] -- Up-to-date: /home/autopilot/ws/restackcell/ws_moveit2/install/wzlscheduler_interfaces/local/lib/python3.10/dist-packages/wzlscheduler_interfaces
[4.237s] -- Up-to-date: /home/autopilot/ws/restackcell/ws_moveit2/install/wzlscheduler_interfaces/local/lib/python3.10/dist-packages/wzlscheduler_interfaces/__init__.py
[4.237s] -- Up-to-date: /home/autopilot/ws/restackcell/ws_moveit2/install/wzlscheduler_interfaces/local/lib/python3.10/dist-packages/wzlscheduler_interfaces/_wzlscheduler_interfaces_s.ep.rosidl_typesupport_introspection_c.c
[4.237s] -- Up-to-date: /home/autopilot/ws/restackcell/ws_moveit2/install/wzlscheduler_interfaces/local/lib/python3.10/dist-packages/wzlscheduler_interfaces/wzlscheduler_interfaces_s__rosidl_typesupport_c.cpython-310-aarch64-linux-gnu.so
[4.237s] -- Up-to-date: /home/autopilot/ws/restackcell/ws_moveit2/install/wzlscheduler_interfaces/local/lib/python3.10/dist-packages/wzlscheduler_interfaces/msg
[4.238s] -- Up-to-date: /home/autopilot/ws/restackcell/ws_moveit2/install/wzlscheduler_interfaces/local/lib/python3.10/dist-packages/wzlscheduler_interfaces/msg/_labeled_point_clouds_s.c
[4.238s] -- Up-to-date: /home/autopilot/ws/restackcell/ws_moveit2/install/wzlscheduler_interfaces/local/lib/python3.10/dist-packages/wzlscheduler_interfaces/msg/_labeled_point_cloud_s.c
[4.238s] -- Up-to-date: /home/autopilot/ws/restackcell/ws_moveit2/install/wzlscheduler_interfaces/local/lib/python3.10/dist-packages/wzlscheduler_interfaces/msg/_scene_object_add_s.c
[4.238s] -- Up-to-date: /home/autopilot/ws/restackcell/ws_moveit2/install/wzlscheduler_interfaces/local/lib/python3.10/dist-packages/wzlscheduler_interfaces/msg/__init__.py
[4.238s] -- Up-to-date: /home/autopilot/ws/restackcell/ws_moveit2/install/wzlscheduler_interfaces/local/lib/python3.10/dist-packages/wzlscheduler_interfaces/msg/_labeled_poses_s.c
[4.238s] -- Up-to-date: /home/autopilot/ws/restackcell/ws_moveit2/install/wzlscheduler_interfaces/local/lib/python3.10/dist-packages/wzlscheduler_interfaces/msg/_scene_object_add.py
[4.238s] -- Up-to-date: /home/autopilot/ws/restackcell/ws_moveit2/install/wzlscheduler_interfaces/local/lib/python3.10/dist-packages/wzlscheduler_interfaces/msg/_labeled_bounding_boxes_s.c
[4.238s] -- Up-to-date: /home/autopilot/ws/restackcell/ws_moveit2/install/wzlscheduler_interfaces/local/lib/python3.10/dist-packages/wzlscheduler_interfaces/msg/_labeled_point_clouds.py
[4.239s] -- Up-to-date: /home/autopilot/ws/restackcell/ws_moveit2/install/wzlscheduler_interfaces/local/lib/python3.10/dist-packages/wzlscheduler_interfaces/msg/_scene_object_set_pose.py
[4.239s] -- Up-to-date: /home/autopilot/ws/restackcell/ws_moveit2/install/wzlscheduler_interfaces/local/lib/python3.10/dist-packages/wzlscheduler_interfaces/msg/_labeled_bounding_boxes.py
[4.239s] -- Up-to-date: /home/autopilot/ws/restackcell/ws_moveit2/install/wzlscheduler_interfaces/local/lib/python3.10/dist-packages/wzlscheduler_interfaces/msg/_labeled_pose.py
[4.239s] -- Up-to-date: /home/autopilot/ws/restackcell/ws_moveit2/install/wzlscheduler_interfaces/local/lib/python3.10/dist-packages/wzlscheduler_interfaces/msg/_labeled_bounding_box_s.c
[4.239s] -- Up-to-date: /home/autopilot/ws/restackcell/ws_moveit2/install/wzlscheduler_interfaces/local/lib/python3.10/dist-packages/wzlscheduler_interfaces/msg/_labeled_bounding_box.py
[4.239s] -- Up-to-date: /home/autopilot/ws/restackcell/ws_moveit2/install/wzlscheduler_interfaces/local/lib/python3.10/dist-packages/wzlscheduler_interfaces/msg/_labeled_pose_s.c
[4.240s] -- Up-to-date: /home/autopilot/ws/restackcell/ws_moveit2/install/wzlscheduler_interfaces/local/lib/python3.10/dist-packages/wzlscheduler_interfaces/msg/_scene_object_remove.py
[4.240s] -- Up-to-date: /home/autopilot/ws/restackcell/ws_moveit2/install/wzlscheduler_interfaces/local/lib/python3.10/dist-packages/wzlscheduler_interfaces/msg/_scene_object_set_pose_s.c
[4.240s] -- Up-to-date: /home/autopilot/ws/restackcell/ws_moveit2/install/wzlscheduler_interfaces/local/lib/python3.10/dist-packages/wzlscheduler_interfaces/msg/_labeled_point_cloud.py
[4.240s] -- Up-to-date: /home/autopilot/ws/restackcell/ws_moveit2/install/wzlscheduler_interfaces/local/lib/python3.10/dist-packages/wzlscheduler_interfaces/msg/_scene_object_remove_s.c
[4.240s] -- Up-to-date: /home/autopilot/ws/restackcell/ws_moveit2/install/wzlscheduler_interfaces/local/lib/python3.10/dist-packages/wzlscheduler_interfaces/msg/_labeled_poses.py
[4.240s] -- Up-to-date: /home/autopilot/ws/restackcell/ws_moveit2/install/wzlscheduler_interfaces/local/lib/python3.10/dist-packages/wzlscheduler_interfaces/wzlscheduler_interfaces_s__rosidl_typesupport_introspection_c.cpython-310-aarch64-linux-gnu.so
[4.240s] -- Up-to-date: /home/autopilot/ws/restackcell/ws_moveit2/install/wzlscheduler_interfaces/local/lib/python3.10/dist-packages/wzlscheduler_interfaces/libwzlscheduler_interfaces__rosidl_generator_py.so
[4.240s] -- Up-to-date: /home/autopilot/ws/restackcell/ws_moveit2/install/wzlscheduler_interfaces/local/lib/python3.10/dist-packages/wzlscheduler_interfaces/_wzlscheduler_interfaces_s.ep.rosidl_typesupport_fastrtps_c.c
[4.241s] -- Up-to-date: /home/autopilot/ws/restackcell/ws_moveit2/install/wzlscheduler_interfaces/local/lib/python3.10/dist-packages/wzlscheduler_interfaces/srv
[4.241s] -- Up-to-date: /home/autopilot/ws/restackcell/ws_moveit2/install/wzlscheduler_interfaces/local/lib/python3.10/dist-packages/wzlscheduler_interfaces/srv/_robot_set_velocity.py
[4.241s] -- Up-to-date: /home/autopilot/ws/restackcell/ws_moveit2/install/wzlscheduler_interfaces/local/lib/python3.10/dist-packages/wzlscheduler_interfaces/srv/_load_object.py
[4.241s] -- Up-to-date: /home/autopilot/ws/restackcell/ws_moveit2/install/wzlscheduler_interfaces/local/lib/python3.10/dist-packages/wzlscheduler_interfaces/srv/_robot_set_velocity_s.c
[4.241s] -- Up-to-date: /home/autopilot/ws/restackcell/ws_moveit2/install/wzlscheduler_interfaces/local/lib/python3.10/dist-packages/wzlscheduler_interfaces/srv/_scene_object_add_s.c
[4.241s] -- Up-to-date: /home/autopilot/ws/restackcell/ws_moveit2/install/wzlscheduler_interfaces/local/lib/python3.10/dist-packages/wzlscheduler_interfaces/srv/__init__.py
[4.241s] -- Up-to-date: /home/autopilot/ws/restackcell/ws_moveit2/install/wzlscheduler_interfaces/local/lib/python3.10/dist-packages/wzlscheduler_interfaces/srv/_scene_object_detach.py
[4.242s] -- Up-to-date: /home/autopilot/ws/restackcell/ws_moveit2/install/wzlscheduler_interfaces/local/lib/python3.10/dist-packages/wzlscheduler_interfaces/srv/_robot_follow_trajectory_s.c
[4.242s] -- Up-to-date: /home/autopilot/ws/restackcell/ws_moveit2/install/wzlscheduler_interfaces/local/lib/python3.10/dist-packages/wzlscheduler_interfaces/srv/_scene_object_add.py
[4.242s] -- Up-to-date: /home/autopilot/ws/restackcell/ws_moveit2/install/wzlscheduler_interfaces/local/lib/python3.10/dist-packages/wzlscheduler_interfaces/srv/_scene_object_attach.py
[4.242s] -- Up-to-date: /home/autopilot/ws/restackcell/ws_moveit2/install/wzlscheduler_interfaces/local/lib/python3.10/dist-packages/wzlscheduler_interfaces/srv/_scene_object_set_pose.py
[4.242s] -- Up-to-date: /home/autopilot/ws/restackcell/ws_moveit2/install/wzlscheduler_interfaces/local/lib/python3.10/dist-packages/wzlscheduler_interfaces/srv/_load_object_s.c
[4.242s] -- Up-to-date: /home/autopilot/ws/restackcell/ws_moveit2/install/wzlscheduler_interfaces/local/lib/python3.10/dist-packages/wzlscheduler_interfaces/srv/_robot_move_to_position.py
[4.242s] -- Up-to-date: /home/autopilot/ws/restackcell/ws_moveit2/install/wzlscheduler_interfaces/local/lib/python3.10/dist-packages/wzlscheduler_interfaces/srv/_set_value_io_interface_s.c
[4.242s] -- Up-to-date: /home/autopilot/ws/restackcell/ws_moveit2/install/wzlscheduler_interfaces/local/lib/python3.10/dist-packages/wzlscheduler_interfaces/srv/_scene_object_detach_s.c
[4.242s] -- Up-to-date: /home/autopilot/ws/restackcell/ws_moveit2/install/wzlscheduler_interfaces/local/lib/python3.10/dist-packages/wzlscheduler_interfaces/srv/_robot_follow_trajectory.py
[4.243s] -- Up-to-date: /home/autopilot/ws/restackcell/ws_moveit2/install/wzlscheduler_interfaces/local/lib/python3.10/dist-packages/wzlscheduler_interfaces/srv/_scene_object_remove.py
[4.243s] -- Up-to-date: /home/autopilot/ws/restackcell/ws_moveit2/install/wzlscheduler_interfaces/local/lib/python3.10/dist-packages/wzlscheduler_interfaces/srv/_robot_move_to_position_s.c
[4.243s] -- Up-to-date: /home/autopilot/ws/restackcell/ws_moveit2/install/wzlscheduler_interfaces/local/lib/python3.10/dist-packages/wzlscheduler_interfaces/srv/_scene_object_set_pose_s.c
[4.243s] -- Up-to-date: /home/autopilot/ws/restackcell/ws_moveit2/install/wzlscheduler_interfaces/local/lib/python3.10/dist-packages/wzlscheduler_interfaces/srv/_scene_object_attach_s.c
[4.243s] -- Up-to-date: /home/autopilot/ws/restackcell/ws_moveit2/install/wzlscheduler_interfaces/local/lib/python3.10/dist-packages/wzlscheduler_interfaces/srv/_set_value_io_interface.py
[4.244s] -- Up-to-date: /home/autopilot/ws/restackcell/ws_moveit2/install/wzlscheduler_interfaces/local/lib/python3.10/dist-packages/wzlscheduler_interfaces/srv/_scene_object_remove_s.c
[4.244s] -- Up-to-date: /home/autopilot/ws/restackcell/ws_moveit2/install/wzlscheduler_interfaces/local/lib/python3.10/dist-packages/wzlscheduler_interfaces/_wzlscheduler_interfaces_s.ep.rosidl_typesupport_c.c
[4.244s] -- Up-to-date: /home/autopilot/ws/restackcell/ws_moveit2/install/wzlscheduler_interfaces/local/lib/python3.10/dist-packages/wzlscheduler_interfaces/wzlscheduler_interfaces_s__rosidl_typesupport_fastrtps_c.cpython-310-aarch64-linux-gnu.so
[4.303s] Listing '/home/autopilot/ws/restackcell/ws_moveit2/install/wzlscheduler_interfaces/local/lib/python3.10/dist-packages/wzlscheduler_interfaces'...
[4.303s] Listing '/home/autopilot/ws/restackcell/ws_moveit2/install/wzlscheduler_interfaces/local/lib/python3.10/dist-packages/wzlscheduler_interfaces/msg'...
[4.303s] Listing '/home/autopilot/ws/restackcell/ws_moveit2/install/wzlscheduler_interfaces/local/lib/python3.10/dist-packages/wzlscheduler_interfaces/srv'...
[4.316s] -- Up-to-date: /home/autopilot/ws/restackcell/ws_moveit2/install/wzlscheduler_interfaces/local/lib/python3.10/dist-packages/wzlscheduler_interfaces/wzlscheduler_interfaces_s__rosidl_typesupport_fastrtps_c.cpython-310-aarch64-linux-gnu.so
[4.316s] -- Up-to-date: /home/autopilot/ws/restackcell/ws_moveit2/install/wzlscheduler_interfaces/local/lib/python3.10/dist-packages/wzlscheduler_interfaces/wzlscheduler_interfaces_s__rosidl_typesupport_introspection_c.cpython-310-aarch64-linux-gnu.so
[4.317s] -- Up-to-date: /home/autopilot/ws/restackcell/ws_moveit2/install/wzlscheduler_interfaces/local/lib/python3.10/dist-packages/wzlscheduler_interfaces/wzlscheduler_interfaces_s__rosidl_typesupport_c.cpython-310-aarch64-linux-gnu.so
[4.317s] -- Up-to-date: /home/autopilot/ws/restackcell/ws_moveit2/install/wzlscheduler_interfaces/lib/libwzlscheduler_interfaces__rosidl_generator_py.so
[4.318s] -- Up-to-date: /home/autopilot/ws/restackcell/ws_moveit2/install/wzlscheduler_interfaces/share/wzlscheduler_interfaces/srv/SetValueIoInterface.idl
[4.318s] -- Up-to-date: /home/autopilot/ws/restackcell/ws_moveit2/install/wzlscheduler_interfaces/share/wzlscheduler_interfaces/srv/RobotMoveToPosition.idl
[4.318s] -- Up-to-date: /home/autopilot/ws/restackcell/ws_moveit2/install/wzlscheduler_interfaces/share/wzlscheduler_interfaces/srv/RobotSetVelocity.idl
[4.318s] -- Up-to-date: /home/autopilot/ws/restackcell/ws_moveit2/install/wzlscheduler_interfaces/share/wzlscheduler_interfaces/srv/RobotFollowTrajectory.idl
[4.318s] -- Up-to-date: /home/autopilot/ws/restackcell/ws_moveit2/install/wzlscheduler_interfaces/share/wzlscheduler_interfaces/srv/LoadObject.idl
[4.319s] -- Up-to-date: /home/autopilot/ws/restackcell/ws_moveit2/install/wzlscheduler_interfaces/share/wzlscheduler_interfaces/srv/SceneObjectAdd.idl
[4.319s] -- Up-to-date: /home/autopilot/ws/restackcell/ws_moveit2/install/wzlscheduler_interfaces/share/wzlscheduler_interfaces/srv/SceneObjectAttach.idl
[4.319s] -- Up-to-date: /home/autopilot/ws/restackcell/ws_moveit2/install/wzlscheduler_interfaces/share/wzlscheduler_interfaces/srv/SceneObjectDetach.idl
[4.319s] -- Up-to-date: /home/autopilot/ws/restackcell/ws_moveit2/install/wzlscheduler_interfaces/share/wzlscheduler_interfaces/srv/SceneObjectRemove.idl
[4.320s] -- Up-to-date: /home/autopilot/ws/restackcell/ws_moveit2/install/wzlscheduler_interfaces/share/wzlscheduler_interfaces/srv/SceneObjectSetPose.idl
[4.320s] -- Up-to-date: /home/autopilot/ws/restackcell/ws_moveit2/install/wzlscheduler_interfaces/share/wzlscheduler_interfaces/msg/LabeledPointCloud.idl
[4.320s] -- Up-to-date: /home/autopilot/ws/restackcell/ws_moveit2/install/wzlscheduler_interfaces/share/wzlscheduler_interfaces/msg/LabeledPointClouds.idl
[4.320s] -- Up-to-date: /home/autopilot/ws/restackcell/ws_moveit2/install/wzlscheduler_interfaces/share/wzlscheduler_interfaces/msg/SceneObjectRemove.idl
[4.321s] -- Up-to-date: /home/autopilot/ws/restackcell/ws_moveit2/install/wzlscheduler_interfaces/share/wzlscheduler_interfaces/msg/SceneObjectAdd.idl
[4.321s] -- Up-to-date: /home/autopilot/ws/restackcell/ws_moveit2/install/wzlscheduler_interfaces/share/wzlscheduler_interfaces/msg/SceneObjectSetPose.idl
[4.321s] -- Up-to-date: /home/autopilot/ws/restackcell/ws_moveit2/install/wzlscheduler_interfaces/share/wzlscheduler_interfaces/msg/LabeledBoundingBox.idl
[4.321s] -- Up-to-date: /home/autopilot/ws/restackcell/ws_moveit2/install/wzlscheduler_interfaces/share/wzlscheduler_interfaces/msg/LabeledBoundingBoxes.idl
[4.322s] -- Up-to-date: /home/autopilot/ws/restackcell/ws_moveit2/install/wzlscheduler_interfaces/share/wzlscheduler_interfaces/msg/LabeledPose.idl
[4.322s] -- Up-to-date: /home/autopilot/ws/restackcell/ws_moveit2/install/wzlscheduler_interfaces/share/wzlscheduler_interfaces/msg/LabeledPoses.idl
[4.322s] -- Up-to-date: /home/autopilot/ws/restackcell/ws_moveit2/install/wzlscheduler_interfaces/share/wzlscheduler_interfaces/srv/SetValueIoInterface.srv
[4.322s] -- Up-to-date: /home/autopilot/ws/restackcell/ws_moveit2/install/wzlscheduler_interfaces/share/wzlscheduler_interfaces/srv/SetValueIoInterface_Request.msg
[4.322s] -- Up-to-date: /home/autopilot/ws/restackcell/ws_moveit2/install/wzlscheduler_interfaces/share/wzlscheduler_interfaces/srv/SetValueIoInterface_Response.msg
[4.322s] -- Up-to-date: /home/autopilot/ws/restackcell/ws_moveit2/install/wzlscheduler_interfaces/share/wzlscheduler_interfaces/srv/RobotMoveToPosition.srv
[4.323s] -- Up-to-date: /home/autopilot/ws/restackcell/ws_moveit2/install/wzlscheduler_interfaces/share/wzlscheduler_interfaces/srv/RobotMoveToPosition_Request.msg
[4.323s] -- Up-to-date: /home/autopilot/ws/restackcell/ws_moveit2/install/wzlscheduler_interfaces/share/wzlscheduler_interfaces/srv/RobotMoveToPosition_Response.msg
[4.323s] -- Up-to-date: /home/autopilot/ws/restackcell/ws_moveit2/install/wzlscheduler_interfaces/share/wzlscheduler_interfaces/srv/RobotSetVelocity.srv
[4.323s] -- Up-to-date: /home/autopilot/ws/restackcell/ws_moveit2/install/wzlscheduler_interfaces/share/wzlscheduler_interfaces/srv/RobotSetVelocity_Request.msg
[4.324s] -- Up-to-date: /home/autopilot/ws/restackcell/ws_moveit2/install/wzlscheduler_interfaces/share/wzlscheduler_interfaces/srv/RobotSetVelocity_Response.msg
[4.324s] -- Up-to-date: /home/autopilot/ws/restackcell/ws_moveit2/install/wzlscheduler_interfaces/share/wzlscheduler_interfaces/srv/RobotFollowTrajectory.srv
[4.324s] -- Up-to-date: /home/autopilot/ws/restackcell/ws_moveit2/install/wzlscheduler_interfaces/share/wzlscheduler_interfaces/srv/RobotFollowTrajectory_Request.msg
[4.324s] -- Up-to-date: /home/autopilot/ws/restackcell/ws_moveit2/install/wzlscheduler_interfaces/share/wzlscheduler_interfaces/srv/RobotFollowTrajectory_Response.msg
[4.325s] -- Up-to-date: /home/autopilot/ws/restackcell/ws_moveit2/install/wzlscheduler_interfaces/share/wzlscheduler_interfaces/srv/LoadObject.srv
[4.325s] -- Up-to-date: /home/autopilot/ws/restackcell/ws_moveit2/install/wzlscheduler_interfaces/share/wzlscheduler_interfaces/srv/LoadObject_Request.msg
[4.325s] -- Up-to-date: /home/autopilot/ws/restackcell/ws_moveit2/install/wzlscheduler_interfaces/share/wzlscheduler_interfaces/srv/LoadObject_Response.msg
[4.326s] -- Up-to-date: /home/autopilot/ws/restackcell/ws_moveit2/install/wzlscheduler_interfaces/share/wzlscheduler_interfaces/srv/SceneObjectAdd.srv
[4.326s] -- Up-to-date: /home/autopilot/ws/restackcell/ws_moveit2/install/wzlscheduler_interfaces/share/wzlscheduler_interfaces/srv/SceneObjectAdd_Request.msg
[4.326s] -- Up-to-date: /home/autopilot/ws/restackcell/ws_moveit2/install/wzlscheduler_interfaces/share/wzlscheduler_interfaces/srv/SceneObjectAdd_Response.msg
[4.326s] -- Up-to-date: /home/autopilot/ws/restackcell/ws_moveit2/install/wzlscheduler_interfaces/share/wzlscheduler_interfaces/srv/SceneObjectAttach.srv
[4.326s] -- Up-to-date: /home/autopilot/ws/restackcell/ws_moveit2/install/wzlscheduler_interfaces/share/wzlscheduler_interfaces/srv/SceneObjectAttach_Request.msg
[4.326s] -- Up-to-date: /home/autopilot/ws/restackcell/ws_moveit2/install/wzlscheduler_interfaces/share/wzlscheduler_interfaces/srv/SceneObjectAttach_Response.msg
[4.326s] -- Up-to-date: /home/autopilot/ws/restackcell/ws_moveit2/install/wzlscheduler_interfaces/share/wzlscheduler_interfaces/srv/SceneObjectDetach.srv
[4.327s] -- Up-to-date: /home/autopilot/ws/restackcell/ws_moveit2/install/wzlscheduler_interfaces/share/wzlscheduler_interfaces/srv/SceneObjectDetach_Request.msg
[4.327s] -- Up-to-date: /home/autopilot/ws/restackcell/ws_moveit2/install/wzlscheduler_interfaces/share/wzlscheduler_interfaces/srv/SceneObjectDetach_Response.msg
[4.327s] -- Up-to-date: /home/autopilot/ws/restackcell/ws_moveit2/install/wzlscheduler_interfaces/share/wzlscheduler_interfaces/srv/SceneObjectRemove.srv
[4.328s] -- Up-to-date: /home/autopilot/ws/restackcell/ws_moveit2/install/wzlscheduler_interfaces/share/wzlscheduler_interfaces/srv/SceneObjectRemove_Request.msg
[4.328s] -- Up-to-date: /home/autopilot/ws/restackcell/ws_moveit2/install/wzlscheduler_interfaces/share/wzlscheduler_interfaces/srv/SceneObjectRemove_Response.msg
[4.328s] -- Up-to-date: /home/autopilot/ws/restackcell/ws_moveit2/install/wzlscheduler_interfaces/share/wzlscheduler_interfaces/srv/SceneObjectSetPose.srv
[4.328s] -- Up-to-date: /home/autopilot/ws/restackcell/ws_moveit2/install/wzlscheduler_interfaces/share/wzlscheduler_interfaces/srv/SceneObjectSetPose_Request.msg
[4.329s] -- Up-to-date: /home/autopilot/ws/restackcell/ws_moveit2/install/wzlscheduler_interfaces/share/wzlscheduler_interfaces/srv/SceneObjectSetPose_Response.msg
[4.329s] -- Up-to-date: /home/autopilot/ws/restackcell/ws_moveit2/install/wzlscheduler_interfaces/share/wzlscheduler_interfaces/msg/LabeledPointCloud.msg
[4.329s] -- Up-to-date: /home/autopilot/ws/restackcell/ws_moveit2/install/wzlscheduler_interfaces/share/wzlscheduler_interfaces/msg/LabeledPointClouds.msg
[4.330s] -- Up-to-date: /home/autopilot/ws/restackcell/ws_moveit2/install/wzlscheduler_interfaces/share/wzlscheduler_interfaces/msg/SceneObjectRemove.msg
[4.331s] -- Up-to-date: /home/autopilot/ws/restackcell/ws_moveit2/install/wzlscheduler_interfaces/share/wzlscheduler_interfaces/msg/SceneObjectAdd.msg
[4.331s] -- Up-to-date: /home/autopilot/ws/restackcell/ws_moveit2/install/wzlscheduler_interfaces/share/wzlscheduler_interfaces/msg/SceneObjectSetPose.msg
[4.331s] -- Up-to-date: /home/autopilot/ws/restackcell/ws_moveit2/install/wzlscheduler_interfaces/share/wzlscheduler_interfaces/msg/LabeledBoundingBox.msg
[4.331s] -- Up-to-date: /home/autopilot/ws/restackcell/ws_moveit2/install/wzlscheduler_interfaces/share/wzlscheduler_interfaces/msg/LabeledBoundingBoxes.msg
[4.331s] -- Up-to-date: /home/autopilot/ws/restackcell/ws_moveit2/install/wzlscheduler_interfaces/share/wzlscheduler_interfaces/msg/LabeledPose.msg
[4.332s] -- Up-to-date: /home/autopilot/ws/restackcell/ws_moveit2/install/wzlscheduler_interfaces/share/wzlscheduler_interfaces/msg/LabeledPoses.msg
[4.332s] -- Up-to-date: /home/autopilot/ws/restackcell/ws_moveit2/install/wzlscheduler_interfaces/share/ament_index/resource_index/package_run_dependencies/wzlscheduler_interfaces
[4.332s] -- Up-to-date: /home/autopilot/ws/restackcell/ws_moveit2/install/wzlscheduler_interfaces/share/ament_index/resource_index/parent_prefix_path/wzlscheduler_interfaces
[4.332s] -- Up-to-date: /home/autopilot/ws/restackcell/ws_moveit2/install/wzlscheduler_interfaces/share/wzlscheduler_interfaces/environment/ament_prefix_path.sh
[4.332s] -- Up-to-date: /home/autopilot/ws/restackcell/ws_moveit2/install/wzlscheduler_interfaces/share/wzlscheduler_interfaces/environment/ament_prefix_path.dsv
[4.332s] -- Up-to-date: /home/autopilot/ws/restackcell/ws_moveit2/install/wzlscheduler_interfaces/share/wzlscheduler_interfaces/environment/path.sh
[4.332s] -- Up-to-date: /home/autopilot/ws/restackcell/ws_moveit2/install/wzlscheduler_interfaces/share/wzlscheduler_interfaces/environment/path.dsv
[4.332s] -- Up-to-date: /home/autopilot/ws/restackcell/ws_moveit2/install/wzlscheduler_interfaces/share/wzlscheduler_interfaces/local_setup.bash
[4.333s] -- Up-to-date: /home/autopilot/ws/restackcell/ws_moveit2/install/wzlscheduler_interfaces/share/wzlscheduler_interfaces/local_setup.sh
[4.333s] -- Up-to-date: /home/autopilot/ws/restackcell/ws_moveit2/install/wzlscheduler_interfaces/share/wzlscheduler_interfaces/local_setup.zsh
[4.333s] -- Up-to-date: /home/autopilot/ws/restackcell/ws_moveit2/install/wzlscheduler_interfaces/share/wzlscheduler_interfaces/local_setup.dsv
[4.333s] -- Installing: /home/autopilot/ws/restackcell/ws_moveit2/install/wzlscheduler_interfaces/share/wzlscheduler_interfaces/package.dsv
[4.333s] -- Up-to-date: /home/autopilot/ws/restackcell/ws_moveit2/install/wzlscheduler_interfaces/share/ament_index/resource_index/packages/wzlscheduler_interfaces
[4.333s] -- Up-to-date: /home/autopilot/ws/restackcell/ws_moveit2/install/wzlscheduler_interfaces/share/wzlscheduler_interfaces/cmake/export_wzlscheduler_interfaces__rosidl_generator_cExport.cmake
[4.333s] -- Up-to-date: /home/autopilot/ws/restackcell/ws_moveit2/install/wzlscheduler_interfaces/share/wzlscheduler_interfaces/cmake/export_wzlscheduler_interfaces__rosidl_generator_cExport-noconfig.cmake
[4.334s] -- Up-to-date: /home/autopilot/ws/restackcell/ws_moveit2/install/wzlscheduler_interfaces/share/wzlscheduler_interfaces/cmake/export_wzlscheduler_interfaces__rosidl_typesupport_fastrtps_cExport.cmake
[4.334s] -- Up-to-date: /home/autopilot/ws/restackcell/ws_moveit2/install/wzlscheduler_interfaces/share/wzlscheduler_interfaces/cmake/export_wzlscheduler_interfaces__rosidl_typesupport_fastrtps_cExport-noconfig.cmake
[4.334s] -- Up-to-date: /home/autopilot/ws/restackcell/ws_moveit2/install/wzlscheduler_interfaces/share/wzlscheduler_interfaces/cmake/wzlscheduler_interfaces__rosidl_typesupport_introspection_cExport.cmake
[4.334s] -- Up-to-date: /home/autopilot/ws/restackcell/ws_moveit2/install/wzlscheduler_interfaces/share/wzlscheduler_interfaces/cmake/wzlscheduler_interfaces__rosidl_typesupport_introspection_cExport-noconfig.cmake
[4.334s] -- Up-to-date: /home/autopilot/ws/restackcell/ws_moveit2/install/wzlscheduler_interfaces/share/wzlscheduler_interfaces/cmake/wzlscheduler_interfaces__rosidl_typesupport_cExport.cmake
[4.334s] -- Up-to-date: /home/autopilot/ws/restackcell/ws_moveit2/install/wzlscheduler_interfaces/share/wzlscheduler_interfaces/cmake/wzlscheduler_interfaces__rosidl_typesupport_cExport-noconfig.cmake
[4.334s] -- Up-to-date: /home/autopilot/ws/restackcell/ws_moveit2/install/wzlscheduler_interfaces/share/wzlscheduler_interfaces/cmake/export_wzlscheduler_interfaces__rosidl_generator_cppExport.cmake
[4.335s] -- Up-to-date: /home/autopilot/ws/restackcell/ws_moveit2/install/wzlscheduler_interfaces/share/wzlscheduler_interfaces/cmake/export_wzlscheduler_interfaces__rosidl_typesupport_fastrtps_cppExport.cmake
[4.336s] -- Up-to-date: /home/autopilot/ws/restackcell/ws_moveit2/install/wzlscheduler_interfaces/share/wzlscheduler_interfaces/cmake/export_wzlscheduler_interfaces__rosidl_typesupport_fastrtps_cppExport-noconfig.cmake
[4.337s] -- Up-to-date: /home/autopilot/ws/restackcell/ws_moveit2/install/wzlscheduler_interfaces/share/wzlscheduler_interfaces/cmake/wzlscheduler_interfaces__rosidl_typesupport_introspection_cppExport.cmake
[4.337s] -- Up-to-date: /home/autopilot/ws/restackcell/ws_moveit2/install/wzlscheduler_interfaces/share/wzlscheduler_interfaces/cmake/wzlscheduler_interfaces__rosidl_typesupport_introspection_cppExport-noconfig.cmake
[4.337s] -- Up-to-date: /home/autopilot/ws/restackcell/ws_moveit2/install/wzlscheduler_interfaces/share/wzlscheduler_interfaces/cmake/wzlscheduler_interfaces__rosidl_typesupport_cppExport.cmake
[4.337s] -- Up-to-date: /home/autopilot/ws/restackcell/ws_moveit2/install/wzlscheduler_interfaces/share/wzlscheduler_interfaces/cmake/wzlscheduler_interfaces__rosidl_typesupport_cppExport-noconfig.cmake
[4.337s] -- Up-to-date: /home/autopilot/ws/restackcell/ws_moveit2/install/wzlscheduler_interfaces/share/wzlscheduler_interfaces/cmake/export_wzlscheduler_interfaces__rosidl_generator_pyExport.cmake
[4.338s] -- Up-to-date: /home/autopilot/ws/restackcell/ws_moveit2/install/wzlscheduler_interfaces/share/wzlscheduler_interfaces/cmake/export_wzlscheduler_interfaces__rosidl_generator_pyExport-noconfig.cmake
[4.338s] -- Up-to-date: /home/autopilot/ws/restackcell/ws_moveit2/install/wzlscheduler_interfaces/share/wzlscheduler_interfaces/cmake/rosidl_cmake-extras.cmake
[4.338s] -- Up-to-date: /home/autopilot/ws/restackcell/ws_moveit2/install/wzlscheduler_interfaces/share/wzlscheduler_interfaces/cmake/ament_cmake_export_dependencies-extras.cmake
[4.338s] -- Up-to-date: /home/autopilot/ws/restackcell/ws_moveit2/install/wzlscheduler_interfaces/share/wzlscheduler_interfaces/cmake/ament_cmake_export_include_directories-extras.cmake
[4.338s] -- Up-to-date: /home/autopilot/ws/restackcell/ws_moveit2/install/wzlscheduler_interfaces/share/wzlscheduler_interfaces/cmake/ament_cmake_export_libraries-extras.cmake
[4.338s] -- Up-to-date: /home/autopilot/ws/restackcell/ws_moveit2/install/wzlscheduler_interfaces/share/wzlscheduler_interfaces/cmake/ament_cmake_export_targets-extras.cmake
[4.338s] -- Up-to-date: /home/autopilot/ws/restackcell/ws_moveit2/install/wzlscheduler_interfaces/share/wzlscheduler_interfaces/cmake/rosidl_cmake_export_typesupport_targets-extras.cmake
[4.338s] -- Up-to-date: /home/autopilot/ws/restackcell/ws_moveit2/install/wzlscheduler_interfaces/share/wzlscheduler_interfaces/cmake/rosidl_cmake_export_typesupport_libraries-extras.cmake
[4.338s] -- Up-to-date: /home/autopilot/ws/restackcell/ws_moveit2/install/wzlscheduler_interfaces/share/wzlscheduler_interfaces/cmake/wzlscheduler_interfacesConfig.cmake
[4.338s] -- Up-to-date: /home/autopilot/ws/restackcell/ws_moveit2/install/wzlscheduler_interfaces/share/wzlscheduler_interfaces/cmake/wzlscheduler_interfacesConfig-version.cmake
[4.339s] -- Up-to-date: /home/autopilot/ws/restackcell/ws_moveit2/install/wzlscheduler_interfaces/share/wzlscheduler_interfaces/package.xml
[4.339s] Invoked command in '/home/autopilot/ws/restackcell/ws_moveit2/build/wzlscheduler_interfaces' returned '0': /usr/bin/cmake --install /home/autopilot/ws/restackcell/ws_moveit2/build/wzlscheduler_interfaces
