[0.785s] Invoking command in '/home/autopilot/ws/restackcell/ws_moveit2/build/lucid_vision_driver': CMAKE_PREFIX_PATH=/opt/ros/humble /usr/bin/cmake /home/autopilot/ws/restackcell/ws_moveit2/src/lucid_vision_driver-main -DCMAKE_INSTALL_PREFIX=/home/autopilot/ws/restackcell/ws_moveit2/install/lucid_vision_driver
[0.818s] -- Found ament_cmake_auto: 1.3.10 (/opt/ros/humble/share/ament_cmake_auto/cmake)
[1.098s] -- Found rclcpp: 16.0.10 (/opt/ros/humble/share/rclcpp/cmake)
[1.159s] -- Found rosidl_generator_c: 3.1.5 (/opt/ros/humble/share/rosidl_generator_c/cmake)
[1.164s] -- Found rosidl_adapter: 3.1.5 (/opt/ros/humble/share/rosidl_adapter/cmake)
[1.177s] -- Found rosidl_generator_cpp: 3.1.5 (/opt/ros/humble/share/rosidl_generator_cpp/cmake)
[1.199s] -- Using all available rosidl_typesupport_c: rosidl_typesupport_fastrtps_c;rosidl_typesupport_introspection_c
[1.239s] -- Using all available rosidl_typesupport_cpp: rosidl_typesupport_fastrtps_cpp;rosidl_typesupport_introspection_cpp
[1.326s] -- Found rmw_implementation_cmake: 6.1.2 (/opt/ros/humble/share/rmw_implementation_cmake/cmake)
[1.329s] -- Found rmw_fastrtps_cpp: 6.2.7 (/opt/ros/humble/share/rmw_fastrtps_cpp/cmake)
[1.530s] -- Using RMW implementation 'rmw_fastrtps_cpp' as default
[1.632s] -- Found ament_lint_auto: 0.12.11 (/opt/ros/humble/share/ament_lint_auto/cmake)
[1.639s] -- Found sensor_msgs: 4.2.4 (/opt/ros/humble/share/sensor_msgs/cmake)
[1.698s] -- Found cv_bridge: 3.2.1 (/opt/ros/humble/share/cv_bridge/cmake)
[1.703s] [31mCMake Error at cmake/FindARENA.cmake:167 (message):
[1.703s]   ArenaSDK is not installed.  Please install ArenaSDK using the script
[1.704s]   provided by LUCID support team (support@thinklucid.com).
[1.704s] Call Stack (most recent call first):
[1.704s]   CMakeLists.txt:20 (include)
[1.704s] 
[1.705s] [0m
[1.706s] -- Configuring incomplete, errors occurred!
[1.706s] See also "/home/autopilot/ws/restackcell/ws_moveit2/build/lucid_vision_driver/CMakeFiles/CMakeOutput.log".
[1.743s] Invoked command in '/home/autopilot/ws/restackcell/ws_moveit2/build/lucid_vision_driver' returned '1': CMAKE_PREFIX_PATH=/opt/ros/humble /usr/bin/cmake /home/autopilot/ws/restackcell/ws_moveit2/src/lucid_vision_driver-main -DCMAKE_INSTALL_PREFIX=/home/autopilot/ws/restackcell/ws_moveit2/install/lucid_vision_driver
