[0.023s] Invoking command in '/home/aw/restackcell/ws_moveit2/build/hello_ur': CMAKE_PREFIX_PATH=${CMAKE_PREFIX_PATH}:/opt/ros/humble:/home/aw/restackcell/ws_moveit2/install/moveit_configs_utils:/home/aw/restackcell/ws_moveit2/install/launch_param_builder /usr/bin/cmake /home/aw/restackcell/ws_moveit2/src/hello_ur -DCMAKE_INSTALL_PREFIX=/home/aw/restackcell/ws_moveit2/install/hello_ur
[0.032s] -- Found ament_cmake: 1.3.8 (/opt/ros/humble/share/ament_cmake/cmake)
[0.135s] -- Override CMake install command with custom implementation using symlinks instead of copying resources
[0.139s] -- Found moveit_ros_planning_interface: 2.5.5 (/opt/ros/humble/share/moveit_ros_planning_interface/cmake)
[0.146s] -- Found Boost: /usr/lib/x86_64-linux-gnu/cmake/Boost-1.74.0/BoostConfig.cmake (found version "1.74.0") found components: date_time filesystem program_options system thread 
[0.208s] -- Found rosidl_generator_c: 3.1.5 (/opt/ros/humble/share/rosidl_generator_c/cmake)
[0.209s] -- Found rosidl_adapter: 3.1.5 (/opt/ros/humble/share/rosidl_adapter/cmake)
[0.213s] -- Found rosidl_generator_cpp: 3.1.5 (/opt/ros/humble/share/rosidl_generator_cpp/cmake)
[0.221s] -- Using all available rosidl_typesupport_c: rosidl_typesupport_fastrtps_c;rosidl_typesupport_introspection_c
[0.234s] -- Using all available rosidl_typesupport_cpp: rosidl_typesupport_fastrtps_cpp;rosidl_typesupport_introspection_cpp
[0.840s] -- Found Boost: /usr/lib/x86_64-linux-gnu/cmake/Boost-1.74.0/BoostConfig.cmake (found version "1.74.0") found components: chrono date_time filesystem iostreams program_options regex serialization system thread 
[0.844s] -- Found parameter_traits: 0.3.7 (/opt/ros/humble/share/parameter_traits/cmake)
[0.876s] -- Found rmw_implementation_cmake: 6.1.1 (/opt/ros/humble/share/rmw_implementation_cmake/cmake)
[0.879s] -- Found rmw_fastrtps_cpp: 6.2.6 (/opt/ros/humble/share/rmw_fastrtps_cpp/cmake)
[2.455s] -- Using RMW implementation 'rmw_fastrtps_cpp' as default
[2.558s] -- Found rclcpp_lifecycle: 16.0.8 (/opt/ros/humble/share/rclcpp_lifecycle/cmake)
[2.585s] -- Found Boost: /usr/lib/x86_64-linux-gnu/cmake/Boost-1.74.0/BoostConfig.cmake (found version "1.74.0") found components: filesystem 
[2.824s] -- library: /usr/lib/x86_64-linux-gnu/libcurl.so
[2.931s] -- Ensuring Eigen3 include directory is part of orocos-kdl CMake target
[3.631s] -- Found Boost: /usr/lib/x86_64-linux-gnu/cmake/Boost-1.74.0/BoostConfig.cmake (found version "1.74.0") found components: system filesystem date_time program_options thread chrono 
[3.974s] -- Found Boost: /usr/lib/x86_64-linux-gnu/cmake/Boost-1.74.0/BoostConfig.cmake (found version "1.74.0") found components: thread system filesystem regex date_time program_options 
[4.142s] -- Found Boost: /usr/lib/x86_64-linux-gnu/cmake/Boost-1.74.0/BoostConfig.cmake (found version "1.74.0") found components: system filesystem date_time program_options thread 
[4.410s] -- Found moveit_visual_tools: 4.1.0 (/opt/ros/humble/share/moveit_visual_tools/cmake)
[4.701s] -- Setting OGRE_DIR to: '/opt/ros/humble/share/rviz_ogre_vendor/cmake/../../../opt/rviz_ogre_vendor/lib/OGRE/cmake'
[4.702s] -- Found OGRE
[4.702s] --   static     : OFF
[4.702s] --   components : HLMS;MeshLodGenerator;Overlay;Paging;Property;RTShaderSystem;Terrain;Volume
[4.702s] --   plugins    : Plugin_BSPSceneManager;Plugin_OctreeSceneManager;Plugin_PCZSceneManager;Plugin_ParticleFX;RenderSystem_GL;RenderSystem_GL3Plus;Codec_STBI
[4.702s] --   media      : /opt/ros/humble/opt/rviz_ogre_vendor/share/OGRE/Media
[4.702s] -- OGRE_LIBRARIES: OgreHLMS;OgreMeshLodGenerator;OgreOverlay;OgrePaging;OgreProperty;OgreRTShaderSystem;OgreTerrain;OgreVolume;OgreMain
[4.702s] -- OGRE_LIBRARY_DIRS: /opt/ros/humble/opt/rviz_ogre_vendor/lib
[4.702s] -- OGRE_PLUGINS: Plugin_BSPSceneManager;Plugin_OctreeSceneManager;Plugin_PCZSceneManager;Plugin_ParticleFX;RenderSystem_GL;RenderSystem_GL3Plus;Codec_STBI
[4.702s] -- OGRE_PLUGIN_DIR: /opt/ros/humble/opt/rviz_ogre_vendor/lib/OGRE
[4.702s] -- rviz_ogre_vendor::OgreOverlay for IMPORTED_LOCATION_RELEASE: /opt/ros/humble/opt/rviz_ogre_vendor/lib/libOgreOverlay.so
[4.703s] -- rviz_ogre_vendor::OgreOverlay for IMPORTED_LOCATION_DEBUG: /opt/ros/humble/opt/rviz_ogre_vendor/lib/libOgreOverlay.so
[4.703s] -- rviz_ogre_vendor::OgreMain for IMPORTED_LOCATION_RELEASE: /opt/ros/humble/opt/rviz_ogre_vendor/lib/libOgreMain.so
[4.703s] -- rviz_ogre_vendor::OgreMain for IMPORTED_LOCATION_DEBUG: /opt/ros/humble/opt/rviz_ogre_vendor/lib/libOgreMain.so
[4.720s] -- Could not find freeimage library
[5.441s] -- rviz_ogre_vendor::RenderSystem_GL for IMPORTED_LOCATION_RELEASE: _render_system_gl_static_library_abs-NOTFOUND
[5.441s] -- rviz_ogre_vendor::RenderSystem_GL for IMPORTED_LOCATION_DEBUG: _render_system_gl_static_library_abs-NOTFOUND
[5.955s] -- Found ament_lint_auto: 0.12.10 (/opt/ros/humble/share/ament_lint_auto/cmake)
[6.013s] -- Added test 'cppcheck' to perform static code analysis on C / C++ code
[6.013s] -- Configured cppcheck include dirs: $<BUILD_INTERFACE:/home/aw/restackcell/ws_moveit2/src/hello_ur/include>
[6.013s] -- Configured cppcheck exclude dirs and/or files: 
[6.015s] -- Added test 'flake8' to check Python code syntax and style conventions
[6.017s] -- Added test 'lint_cmake' to check CMake code style
[6.018s] -- Added test 'pep257' to check Python code against some of the docstring style conventions in PEP 257
[6.027s] -- Added test 'uncrustify' to check C / C++ code style
[6.028s] -- Configured uncrustify additional arguments: 
[6.029s] -- Added test 'xmllint' to check XML markup files
[6.029s] -- Configuring done
[6.049s] -- Generating done
[6.051s] -- Build files have been written to: /home/aw/restackcell/ws_moveit2/build/hello_ur
[6.060s] Invoked command in '/home/aw/restackcell/ws_moveit2/build/hello_ur' returned '0': CMAKE_PREFIX_PATH=${CMAKE_PREFIX_PATH}:/opt/ros/humble:/home/aw/restackcell/ws_moveit2/install/moveit_configs_utils:/home/aw/restackcell/ws_moveit2/install/launch_param_builder /usr/bin/cmake /home/aw/restackcell/ws_moveit2/src/hello_ur -DCMAKE_INSTALL_PREFIX=/home/aw/restackcell/ws_moveit2/install/hello_ur
[6.060s] Invoking command in '/home/aw/restackcell/ws_moveit2/build/hello_ur': CMAKE_PREFIX_PATH=${CMAKE_PREFIX_PATH}:/opt/ros/humble:/home/aw/restackcell/ws_moveit2/install/moveit_configs_utils:/home/aw/restackcell/ws_moveit2/install/launch_param_builder /usr/bin/cmake --build /home/aw/restackcell/ws_moveit2/build/hello_ur -- -j16 -l16
[6.094s] [35m[1mConsolidate compiler generated dependencies of target hello_ur[0m
[6.113s] [100%] Built target hello_ur
[6.122s] Invoked command in '/home/aw/restackcell/ws_moveit2/build/hello_ur' returned '0': CMAKE_PREFIX_PATH=${CMAKE_PREFIX_PATH}:/opt/ros/humble:/home/aw/restackcell/ws_moveit2/install/moveit_configs_utils:/home/aw/restackcell/ws_moveit2/install/launch_param_builder /usr/bin/cmake --build /home/aw/restackcell/ws_moveit2/build/hello_ur -- -j16 -l16
[6.149s] Invoking command in '/home/aw/restackcell/ws_moveit2/build/hello_ur': CMAKE_PREFIX_PATH=${CMAKE_PREFIX_PATH}:/opt/ros/humble:/home/aw/restackcell/ws_moveit2/install/moveit_configs_utils:/home/aw/restackcell/ws_moveit2/install/launch_param_builder /usr/bin/cmake --install /home/aw/restackcell/ws_moveit2/build/hello_ur
[6.153s] -- Install configuration: "RelWithDebInfo"
[6.154s] -- Execute custom install script
[6.154s] -- Up-to-date symlink: /home/aw/restackcell/ws_moveit2/install/hello_ur/lib/hello_ur/hello_ur
[6.154s] -- Up-to-date symlink: /home/aw/restackcell/ws_moveit2/install/hello_ur/share/ament_index/resource_index/package_run_dependencies/hello_ur
[6.155s] -- Up-to-date symlink: /home/aw/restackcell/ws_moveit2/install/hello_ur/share/ament_index/resource_index/parent_prefix_path/hello_ur
[6.155s] -- Up-to-date symlink: /home/aw/restackcell/ws_moveit2/install/hello_ur/share/hello_ur/environment/ament_prefix_path.sh
[6.155s] -- Up-to-date symlink: /home/aw/restackcell/ws_moveit2/install/hello_ur/share/hello_ur/environment/ament_prefix_path.dsv
[6.155s] -- Up-to-date symlink: /home/aw/restackcell/ws_moveit2/install/hello_ur/share/hello_ur/environment/path.sh
[6.155s] -- Up-to-date symlink: /home/aw/restackcell/ws_moveit2/install/hello_ur/share/hello_ur/environment/path.dsv
[6.155s] -- Up-to-date symlink: /home/aw/restackcell/ws_moveit2/install/hello_ur/share/hello_ur/local_setup.bash
[6.155s] -- Up-to-date symlink: /home/aw/restackcell/ws_moveit2/install/hello_ur/share/hello_ur/local_setup.sh
[6.155s] -- Up-to-date symlink: /home/aw/restackcell/ws_moveit2/install/hello_ur/share/hello_ur/local_setup.zsh
[6.155s] -- Up-to-date symlink: /home/aw/restackcell/ws_moveit2/install/hello_ur/share/hello_ur/local_setup.dsv
[6.156s] -- Symlinking: /home/aw/restackcell/ws_moveit2/install/hello_ur/share/hello_ur/package.dsv
[6.161s] -- Up-to-date symlink: /home/aw/restackcell/ws_moveit2/install/hello_ur/share/ament_index/resource_index/packages/hello_ur
[6.161s] -- Up-to-date symlink: /home/aw/restackcell/ws_moveit2/install/hello_ur/share/hello_ur/cmake/hello_urConfig.cmake
[6.161s] -- Up-to-date symlink: /home/aw/restackcell/ws_moveit2/install/hello_ur/share/hello_ur/cmake/hello_urConfig-version.cmake
[6.161s] -- Up-to-date symlink: /home/aw/restackcell/ws_moveit2/install/hello_ur/share/hello_ur/package.xml
[6.163s] Invoked command in '/home/aw/restackcell/ws_moveit2/build/hello_ur' returned '0': CMAKE_PREFIX_PATH=${CMAKE_PREFIX_PATH}:/opt/ros/humble:/home/aw/restackcell/ws_moveit2/install/moveit_configs_utils:/home/aw/restackcell/ws_moveit2/install/launch_param_builder /usr/bin/cmake --install /home/aw/restackcell/ws_moveit2/build/hello_ur
