[0.148s] Invoking command in '/home/aw/restackcell/ws_moveit2/build/robo_planner': AMENT_PREFIX_PATH=/home/aw/restackcell/ws_moveit2/install/tutorial_interfaces:${AMENT_PREFIX_PATH} CMAKE_PREFIX_PATH=/opt/ros/humble:/home/aw/restackcell/ws_moveit2/install/wzlscheduler_interfaces:/home/aw/restackcell/ws_moveit2/install/tutorial_interfaces LD_LIBRARY_PATH=/home/aw/restackcell/ws_moveit2/install/wzlscheduler_interfaces/lib:/home/aw/restackcell/ws_moveit2/install/tutorial_interfaces/lib:${LD_LIBRARY_PATH} PKG_CONFIG_PATH=/home/aw/restackcell/ws_moveit2/install/wzlscheduler_interfaces/lib/x86_64-linux-gnu/pkgconfig:/home/aw/restackcell/ws_moveit2/install/wzlscheduler_interfaces/lib/pkgconfig PYTHONPATH=/home/aw/restackcell/ws_moveit2/install/wzlscheduler_interfaces/local/lib/python3.10/dist-packages:/home/aw/restackcell/ws_moveit2/install/tutorial_interfaces/local/lib/python3.10/dist-packages:${PYTHONPATH} ROS_PACKAGE_PATH=/home/aw/restackcell/ws_moveit2/install/wzlscheduler_interfaces/share /usr/bin/cmake --build /home/aw/restackcell/ws_moveit2/build/robo_planner -- -j16 -l16
[0.187s] [35m[1mConsolidate compiler generated dependencies of target robo_planner[0m
[0.214s] [ 20%] [32mBuilding CXX object CMakeFiles/robo_planner.dir/src/Main.cpp.o[0m
[0.214s] [ 20%] [32mBuilding CXX object CMakeFiles/robo_planner.dir/src/Scene.cpp.o[0m
[0.214s] [ 40%] [32mBuilding CXX object CMakeFiles/robo_planner.dir/src/SceneObject.cpp.o[0m
[0.214s] [ 40%] [32mBuilding CXX object CMakeFiles/robo_planner.dir/src/Task.cpp.o[0m
[4.074s] In file included from [01m[K/home/aw/restackcell/ws_moveit2/src/hello_moveit/src/SceneObject.cpp:1[m[K:
[4.074s] [01m[K/home/aw/restackcell/ws_moveit2/src/hello_moveit/src/SceneObject.h:[m[K In member function ‘[01m[Kstd::shared_ptr<WzlPlanner::SceneObjectGripperChangeStation> WzlPlanner::SceneObjectGripperChangeStation::getGripperSlot(std::string)[m[K’:
[4.074s] [01m[K/home/aw/restackcell/ws_moveit2/src/hello_moveit/src/SceneObject.h:306:32:[m[K [01;31m[Kerror: [m[Kcould not convert ‘[01m[KgripperSlot[m[K’ from ‘[01m[Kshared_ptr<[01;32m[KWzlPlanner::SceneObjectGripperChangeStationSlot[m[K>[m[K’ to ‘[01m[Kshared_ptr<[01;32m[KWzlPlanner::SceneObjectGripperChangeStation[m[K>[m[K’
[4.075s]   306 |                         return [01;31m[KgripperSlot[m[K;
[4.075s]       |                                [01;31m[K^~~~~~~~~~~[m[K
[4.075s]       |                                [01;31m[K|[m[K
[4.075s]       |                                [01;31m[Kshared_ptr<WzlPlanner::SceneObjectGripperChangeStationSlot>[m[K
[4.094s] In file included from [01m[K/home/aw/restackcell/ws_moveit2/src/hello_moveit/src/Main.cpp:4[m[K:
[4.094s] [01m[K/home/aw/restackcell/ws_moveit2/src/hello_moveit/src/SceneObject.h:[m[K In member function ‘[01m[Kstd::shared_ptr<WzlPlanner::SceneObjectGripperChangeStation> WzlPlanner::SceneObjectGripperChangeStation::getGripperSlot(std::string)[m[K’:
[4.094s] [01m[K/home/aw/restackcell/ws_moveit2/src/hello_moveit/src/SceneObject.h:306:32:[m[K [01;31m[Kerror: [m[Kcould not convert ‘[01m[KgripperSlot[m[K’ from ‘[01m[Kshared_ptr<[01;32m[KWzlPlanner::SceneObjectGripperChangeStationSlot[m[K>[m[K’ to ‘[01m[Kshared_ptr<[01;32m[KWzlPlanner::SceneObjectGripperChangeStation[m[K>[m[K’
[4.094s]   306 |                         return [01;31m[KgripperSlot[m[K;
[4.094s]       |                                [01;31m[K^~~~~~~~~~~[m[K
[4.094s]       |                                [01;31m[K|[m[K
[4.094s]       |                                [01;31m[Kshared_ptr<WzlPlanner::SceneObjectGripperChangeStationSlot>[m[K
[4.132s] In file included from [01m[K/home/aw/restackcell/ws_moveit2/src/hello_moveit/src/Scene.h:8[m[K,
[4.132s]                  from [01m[K/home/aw/restackcell/ws_moveit2/src/hello_moveit/src/ObjectContainer.h:8[m[K,
[4.133s]                  from [01m[K/home/aw/restackcell/ws_moveit2/src/hello_moveit/src/Task.h:7[m[K,
[4.133s]                  from [01m[K/home/aw/restackcell/ws_moveit2/src/hello_moveit/src/Task.cpp:1[m[K:
[4.133s] [01m[K/home/aw/restackcell/ws_moveit2/src/hello_moveit/src/SceneObject.h:[m[K In member function ‘[01m[Kstd::shared_ptr<WzlPlanner::SceneObjectGripperChangeStation> WzlPlanner::SceneObjectGripperChangeStation::getGripperSlot(std::string)[m[K’:
[4.133s] [01m[K/home/aw/restackcell/ws_moveit2/src/hello_moveit/src/SceneObject.h:306:32:[m[K [01;31m[Kerror: [m[Kcould not convert ‘[01m[KgripperSlot[m[K’ from ‘[01m[Kshared_ptr<[01;32m[KWzlPlanner::SceneObjectGripperChangeStationSlot[m[K>[m[K’ to ‘[01m[Kshared_ptr<[01;32m[KWzlPlanner::SceneObjectGripperChangeStation[m[K>[m[K’
[4.133s]   306 |                         return [01;31m[KgripperSlot[m[K;
[4.133s]       |                                [01;31m[K^~~~~~~~~~~[m[K
[4.133s]       |                                [01;31m[K|[m[K
[4.133s]       |                                [01;31m[Kshared_ptr<WzlPlanner::SceneObjectGripperChangeStationSlot>[m[K
[4.174s] In file included from [01m[K/home/aw/restackcell/ws_moveit2/src/hello_moveit/src/Scene.h:8[m[K,
[4.174s]                  from [01m[K/home/aw/restackcell/ws_moveit2/src/hello_moveit/src/Scene.cpp:1[m[K:
[4.175s] [01m[K/home/aw/restackcell/ws_moveit2/src/hello_moveit/src/SceneObject.h:[m[K In member function ‘[01m[Kstd::shared_ptr<WzlPlanner::SceneObjectGripperChangeStation> WzlPlanner::SceneObjectGripperChangeStation::getGripperSlot(std::string)[m[K’:
[4.175s] [01m[K/home/aw/restackcell/ws_moveit2/src/hello_moveit/src/SceneObject.h:306:32:[m[K [01;31m[Kerror: [m[Kcould not convert ‘[01m[KgripperSlot[m[K’ from ‘[01m[Kshared_ptr<[01;32m[KWzlPlanner::SceneObjectGripperChangeStationSlot[m[K>[m[K’ to ‘[01m[Kshared_ptr<[01;32m[KWzlPlanner::SceneObjectGripperChangeStation[m[K>[m[K’
[4.175s]   306 |                         return [01;31m[KgripperSlot[m[K;
[4.175s]       |                                [01;31m[K^~~~~~~~~~~[m[K
[4.175s]       |                                [01;31m[K|[m[K
[4.175s]       |                                [01;31m[Kshared_ptr<WzlPlanner::SceneObjectGripperChangeStationSlot>[m[K
[4.201s] [01m[K/home/aw/restackcell/ws_moveit2/src/hello_moveit/src/Scene.cpp:[m[K In member function ‘[01m[Kstd::shared_ptr<WzlPlanner::SceneObject> WzlPlanner::Scene::GetSceneObject(std::string) const[m[K’:
[4.201s] [01m[K/home/aw/restackcell/ws_moveit2/src/hello_moveit/src/Scene.cpp:16:94:[m[K [01;35m[Kwarning: [m[Kunused parameter ‘[01m[Kid[m[K’ [[01;35m[K]8;;https://gcc.gnu.org/onlinedocs/gcc/Warning-Options.html#index-Wunused-parameter-Wunused-parameter]8;;[m[K]
[4.201s]    16 | std::shared_ptr<WzlPlanner::SceneObject> WzlPlanner::Scene::GetSceneObject([01;35m[Kconst std::string id[m[K) const
[4.201s]       |                                                                            [01;35m[K~~~~~~~~~~~~~~~~~~^~[m[K
[5.585s] gmake[2]: *** [CMakeFiles/robo_planner.dir/build.make:174: CMakeFiles/robo_planner.dir/src/SceneObject.cpp.o] Error 1
[5.585s] gmake[2]: *** Waiting for unfinished jobs....
[5.823s] gmake[2]: *** [CMakeFiles/robo_planner.dir/build.make:160: CMakeFiles/robo_planner.dir/src/Scene.cpp.o] Error 1
[5.910s] gmake[2]: *** [CMakeFiles/robo_planner.dir/build.make:188: CMakeFiles/robo_planner.dir/src/Task.cpp.o] Error 1
[5.910s] gmake[2]: *** [CMakeFiles/robo_planner.dir/build.make:104: CMakeFiles/robo_planner.dir/src/Main.cpp.o] Error 1
[5.910s] gmake[1]: *** [CMakeFiles/Makefile2:137: CMakeFiles/robo_planner.dir/all] Error 2
[5.910s] gmake: *** [Makefile:146: all] Error 2
[5.913s] Invoked command in '/home/aw/restackcell/ws_moveit2/build/robo_planner' returned '2': AMENT_PREFIX_PATH=/home/aw/restackcell/ws_moveit2/install/tutorial_interfaces:${AMENT_PREFIX_PATH} CMAKE_PREFIX_PATH=/opt/ros/humble:/home/aw/restackcell/ws_moveit2/install/wzlscheduler_interfaces:/home/aw/restackcell/ws_moveit2/install/tutorial_interfaces LD_LIBRARY_PATH=/home/aw/restackcell/ws_moveit2/install/wzlscheduler_interfaces/lib:/home/aw/restackcell/ws_moveit2/install/tutorial_interfaces/lib:${LD_LIBRARY_PATH} PKG_CONFIG_PATH=/home/aw/restackcell/ws_moveit2/install/wzlscheduler_interfaces/lib/x86_64-linux-gnu/pkgconfig:/home/aw/restackcell/ws_moveit2/install/wzlscheduler_interfaces/lib/pkgconfig PYTHONPATH=/home/aw/restackcell/ws_moveit2/install/wzlscheduler_interfaces/local/lib/python3.10/dist-packages:/home/aw/restackcell/ws_moveit2/install/tutorial_interfaces/local/lib/python3.10/dist-packages:${PYTHONPATH} ROS_PACKAGE_PATH=/home/aw/restackcell/ws_moveit2/install/wzlscheduler_interfaces/share /usr/bin/cmake --build /home/aw/restackcell/ws_moveit2/build/robo_planner -- -j16 -l16
