[0.536s] Invoking command in '/home/alex/restackcell/ws_moveit2/src/tof_detection_module': PYTHONPATH=/home/alex/restackcell/ws_moveit2/build/tof_detection_module/prefix_override:/home/alex/restackcell/ws_moveit2/install/tof_detection_module/lib/python3.10/site-packages:${PYTHONPATH} /usr/bin/python3 -W ignore:setup.py install is deprecated setup.py egg_info --egg-base ../../build/tof_detection_module build --build-base /home/alex/restackcell/ws_moveit2/build/tof_detection_module/build install --record /home/alex/restackcell/ws_moveit2/build/tof_detection_module/install.log --single-version-externally-managed install_data
[0.749s] running egg_info
[0.750s] creating ../../build/tof_detection_module/tof_detection_module.egg-info
[0.750s] writing ../../build/tof_detection_module/tof_detection_module.egg-info/PKG-INFO
[0.750s] writing dependency_links to ../../build/tof_detection_module/tof_detection_module.egg-info/dependency_links.txt
[0.750s] writing entry points to ../../build/tof_detection_module/tof_detection_module.egg-info/entry_points.txt
[0.750s] writing requirements to ../../build/tof_detection_module/tof_detection_module.egg-info/requires.txt
[0.750s] writing top-level names to ../../build/tof_detection_module/tof_detection_module.egg-info/top_level.txt
[0.750s] writing manifest file '../../build/tof_detection_module/tof_detection_module.egg-info/SOURCES.txt'
[0.752s] reading manifest file '../../build/tof_detection_module/tof_detection_module.egg-info/SOURCES.txt'
[0.752s] writing manifest file '../../build/tof_detection_module/tof_detection_module.egg-info/SOURCES.txt'
[0.752s] running build
[0.752s] running build_py
[0.752s] creating /home/alex/restackcell/ws_moveit2/build/tof_detection_module/build
[0.752s] creating /home/alex/restackcell/ws_moveit2/build/tof_detection_module/build/lib
[0.753s] creating /home/alex/restackcell/ws_moveit2/build/tof_detection_module/build/lib/tof_detection_module
[0.753s] copying tof_detection_module/ros_camera_publisher.py -> /home/alex/restackcell/ws_moveit2/build/tof_detection_module/build/lib/tof_detection_module
[0.761s] copying tof_detection_module/main.py -> /home/alex/restackcell/ws_moveit2/build/tof_detection_module/build/lib/tof_detection_module
[0.761s] copying tof_detection_module/__init__.py -> /home/alex/restackcell/ws_moveit2/build/tof_detection_module/build/lib/tof_detection_module
[0.761s] copying tof_detection_module/detection.py -> /home/alex/restackcell/ws_moveit2/build/tof_detection_module/build/lib/tof_detection_module
[0.761s] copying tof_detection_module/CameraHandler.py -> /home/alex/restackcell/ws_moveit2/build/tof_detection_module/build/lib/tof_detection_module
[0.761s] running install
[0.762s] running install_lib
[0.762s] creating /home/alex/restackcell/ws_moveit2/install/tof_detection_module/lib/python3.10/site-packages/tof_detection_module
[0.763s] copying /home/alex/restackcell/ws_moveit2/build/tof_detection_module/build/lib/tof_detection_module/ros_camera_publisher.py -> /home/alex/restackcell/ws_moveit2/install/tof_detection_module/lib/python3.10/site-packages/tof_detection_module
[0.763s] copying /home/alex/restackcell/ws_moveit2/build/tof_detection_module/build/lib/tof_detection_module/main.py -> /home/alex/restackcell/ws_moveit2/install/tof_detection_module/lib/python3.10/site-packages/tof_detection_module
[0.763s] copying /home/alex/restackcell/ws_moveit2/build/tof_detection_module/build/lib/tof_detection_module/__init__.py -> /home/alex/restackcell/ws_moveit2/install/tof_detection_module/lib/python3.10/site-packages/tof_detection_module
[0.763s] copying /home/alex/restackcell/ws_moveit2/build/tof_detection_module/build/lib/tof_detection_module/detection.py -> /home/alex/restackcell/ws_moveit2/install/tof_detection_module/lib/python3.10/site-packages/tof_detection_module
[0.763s] copying /home/alex/restackcell/ws_moveit2/build/tof_detection_module/build/lib/tof_detection_module/CameraHandler.py -> /home/alex/restackcell/ws_moveit2/install/tof_detection_module/lib/python3.10/site-packages/tof_detection_module
[0.763s] byte-compiling /home/alex/restackcell/ws_moveit2/install/tof_detection_module/lib/python3.10/site-packages/tof_detection_module/ros_camera_publisher.py to ros_camera_publisher.cpython-310.pyc
[0.764s] byte-compiling /home/alex/restackcell/ws_moveit2/install/tof_detection_module/lib/python3.10/site-packages/tof_detection_module/main.py to main.cpython-310.pyc
[0.764s] byte-compiling /home/alex/restackcell/ws_moveit2/install/tof_detection_module/lib/python3.10/site-packages/tof_detection_module/__init__.py to __init__.cpython-310.pyc
[0.764s] byte-compiling /home/alex/restackcell/ws_moveit2/install/tof_detection_module/lib/python3.10/site-packages/tof_detection_module/detection.py to detection.cpython-310.pyc
[0.765s] byte-compiling /home/alex/restackcell/ws_moveit2/install/tof_detection_module/lib/python3.10/site-packages/tof_detection_module/CameraHandler.py to CameraHandler.cpython-310.pyc
[0.766s] running install_data
[0.766s] creating /home/alex/restackcell/ws_moveit2/install/tof_detection_module/share/ament_index
[0.766s] creating /home/alex/restackcell/ws_moveit2/install/tof_detection_module/share/ament_index/resource_index
[0.766s] creating /home/alex/restackcell/ws_moveit2/install/tof_detection_module/share/ament_index/resource_index/packages
[0.766s] copying resource/tof_detection_module -> /home/alex/restackcell/ws_moveit2/install/tof_detection_module/share/ament_index/resource_index/packages
[0.766s] copying package.xml -> /home/alex/restackcell/ws_moveit2/install/tof_detection_module/share/tof_detection_module
[0.766s] running install_egg_info
[0.768s] Copying ../../build/tof_detection_module/tof_detection_module.egg-info to /home/alex/restackcell/ws_moveit2/install/tof_detection_module/lib/python3.10/site-packages/tof_detection_module-0.0.0-py3.10.egg-info
[0.768s] running install_scripts
[0.784s] Installing camera script to /home/alex/restackcell/ws_moveit2/install/tof_detection_module/lib/tof_detection_module
[0.784s] Installing detection script to /home/alex/restackcell/ws_moveit2/install/tof_detection_module/lib/tof_detection_module
[0.784s] Installing main script to /home/alex/restackcell/ws_moveit2/install/tof_detection_module/lib/tof_detection_module
[0.784s] Installing ros_camera_publisher script to /home/alex/restackcell/ws_moveit2/install/tof_detection_module/lib/tof_detection_module
[0.785s] writing list of installed files to '/home/alex/restackcell/ws_moveit2/build/tof_detection_module/install.log'
[0.809s] Invoked command in '/home/alex/restackcell/ws_moveit2/src/tof_detection_module' returned '0': PYTHONPATH=/home/alex/restackcell/ws_moveit2/build/tof_detection_module/prefix_override:/home/alex/restackcell/ws_moveit2/install/tof_detection_module/lib/python3.10/site-packages:${PYTHONPATH} /usr/bin/python3 -W ignore:setup.py install is deprecated setup.py egg_info --egg-base ../../build/tof_detection_module build --build-base /home/alex/restackcell/ws_moveit2/build/tof_detection_module/build install --record /home/alex/restackcell/ws_moveit2/build/tof_detection_module/install.log --single-version-externally-managed install_data
