running egg_info
creating ../../../build/robo_planner_py/robo_planner_py.egg-info
writing ../../../build/robo_planner_py/robo_planner_py.egg-info/PKG-INFO
writing dependency_links to ../../../build/robo_planner_py/robo_planner_py.egg-info/dependency_links.txt
writing entry points to ../../../build/robo_planner_py/robo_planner_py.egg-info/entry_points.txt
writing requirements to ../../../build/robo_planner_py/robo_planner_py.egg-info/requires.txt
writing top-level names to ../../../build/robo_planner_py/robo_planner_py.egg-info/top_level.txt
writing manifest file '../../../build/robo_planner_py/robo_planner_py.egg-info/SOURCES.txt'
reading manifest file '../../../build/robo_planner_py/robo_planner_py.egg-info/SOURCES.txt'
adding license file 'LICENSE'
writing manifest file '../../../build/robo_planner_py/robo_planner_py.egg-info/SOURCES.txt'
running build
running build_py
creating /home/autopilot/ws/restackcell/build/robo_planner_py/build
creating /home/autopilot/ws/restackcell/build/robo_planner_py/build/lib
creating /home/autopilot/ws/restackcell/build/robo_planner_py/build/lib/robo_planner_py
copying robo_planner_py/Robot.py -> /home/autopilot/ws/restackcell/build/robo_planner_py/build/lib/robo_planner_py
copying robo_planner_py/Opcua.py -> /home/autopilot/ws/restackcell/build/robo_planner_py/build/lib/robo_planner_py
copying robo_planner_py/__init__.py -> /home/autopilot/ws/restackcell/build/robo_planner_py/build/lib/robo_planner_py
copying robo_planner_py/SeneObject.py -> /home/autopilot/ws/restackcell/build/robo_planner_py/build/lib/robo_planner_py
copying robo_planner_py/Serializer.py -> /home/autopilot/ws/restackcell/build/robo_planner_py/build/lib/robo_planner_py
copying robo_planner_py/OpcuaData.py -> /home/autopilot/ws/restackcell/build/robo_planner_py/build/lib/robo_planner_py
copying robo_planner_py/Task.py -> /home/autopilot/ws/restackcell/build/robo_planner_py/build/lib/robo_planner_py
copying robo_planner_py/Scene.py -> /home/autopilot/ws/restackcell/build/robo_planner_py/build/lib/robo_planner_py
copying robo_planner_py/Logger.py -> /home/autopilot/ws/restackcell/build/robo_planner_py/build/lib/robo_planner_py
copying robo_planner_py/Gripper.py -> /home/autopilot/ws/restackcell/build/robo_planner_py/build/lib/robo_planner_py
copying robo_planner_py/ActorOperation.py -> /home/autopilot/ws/restackcell/build/robo_planner_py/build/lib/robo_planner_py
copying robo_planner_py/Pose.py -> /home/autopilot/ws/restackcell/build/robo_planner_py/build/lib/robo_planner_py
copying robo_planner_py/Core.py -> /home/autopilot/ws/restackcell/build/robo_planner_py/build/lib/robo_planner_py
running install
running install_lib
creating /home/autopilot/ws/restackcell/install/robo_planner_py/lib/python3.10/site-packages/robo_planner_py
copying /home/autopilot/ws/restackcell/build/robo_planner_py/build/lib/robo_planner_py/Robot.py -> /home/autopilot/ws/restackcell/install/robo_planner_py/lib/python3.10/site-packages/robo_planner_py
copying /home/autopilot/ws/restackcell/build/robo_planner_py/build/lib/robo_planner_py/Opcua.py -> /home/autopilot/ws/restackcell/install/robo_planner_py/lib/python3.10/site-packages/robo_planner_py
copying /home/autopilot/ws/restackcell/build/robo_planner_py/build/lib/robo_planner_py/__init__.py -> /home/autopilot/ws/restackcell/install/robo_planner_py/lib/python3.10/site-packages/robo_planner_py
copying /home/autopilot/ws/restackcell/build/robo_planner_py/build/lib/robo_planner_py/SeneObject.py -> /home/autopilot/ws/restackcell/install/robo_planner_py/lib/python3.10/site-packages/robo_planner_py
copying /home/autopilot/ws/restackcell/build/robo_planner_py/build/lib/robo_planner_py/Serializer.py -> /home/autopilot/ws/restackcell/install/robo_planner_py/lib/python3.10/site-packages/robo_planner_py
copying /home/autopilot/ws/restackcell/build/robo_planner_py/build/lib/robo_planner_py/OpcuaData.py -> /home/autopilot/ws/restackcell/install/robo_planner_py/lib/python3.10/site-packages/robo_planner_py
copying /home/autopilot/ws/restackcell/build/robo_planner_py/build/lib/robo_planner_py/Task.py -> /home/autopilot/ws/restackcell/install/robo_planner_py/lib/python3.10/site-packages/robo_planner_py
copying /home/autopilot/ws/restackcell/build/robo_planner_py/build/lib/robo_planner_py/Scene.py -> /home/autopilot/ws/restackcell/install/robo_planner_py/lib/python3.10/site-packages/robo_planner_py
copying /home/autopilot/ws/restackcell/build/robo_planner_py/build/lib/robo_planner_py/Logger.py -> /home/autopilot/ws/restackcell/install/robo_planner_py/lib/python3.10/site-packages/robo_planner_py
copying /home/autopilot/ws/restackcell/build/robo_planner_py/build/lib/robo_planner_py/Gripper.py -> /home/autopilot/ws/restackcell/install/robo_planner_py/lib/python3.10/site-packages/robo_planner_py
copying /home/autopilot/ws/restackcell/build/robo_planner_py/build/lib/robo_planner_py/ActorOperation.py -> /home/autopilot/ws/restackcell/install/robo_planner_py/lib/python3.10/site-packages/robo_planner_py
copying /home/autopilot/ws/restackcell/build/robo_planner_py/build/lib/robo_planner_py/Pose.py -> /home/autopilot/ws/restackcell/install/robo_planner_py/lib/python3.10/site-packages/robo_planner_py
copying /home/autopilot/ws/restackcell/build/robo_planner_py/build/lib/robo_planner_py/Core.py -> /home/autopilot/ws/restackcell/install/robo_planner_py/lib/python3.10/site-packages/robo_planner_py
byte-compiling /home/autopilot/ws/restackcell/install/robo_planner_py/lib/python3.10/site-packages/robo_planner_py/Robot.py to Robot.cpython-310.pyc
byte-compiling /home/autopilot/ws/restackcell/install/robo_planner_py/lib/python3.10/site-packages/robo_planner_py/Opcua.py to Opcua.cpython-310.pyc
byte-compiling /home/autopilot/ws/restackcell/install/robo_planner_py/lib/python3.10/site-packages/robo_planner_py/__init__.py to __init__.cpython-310.pyc
byte-compiling /home/autopilot/ws/restackcell/install/robo_planner_py/lib/python3.10/site-packages/robo_planner_py/SeneObject.py to SeneObject.cpython-310.pyc
byte-compiling /home/autopilot/ws/restackcell/install/robo_planner_py/lib/python3.10/site-packages/robo_planner_py/Serializer.py to Serializer.cpython-310.pyc
byte-compiling /home/autopilot/ws/restackcell/install/robo_planner_py/lib/python3.10/site-packages/robo_planner_py/OpcuaData.py to OpcuaData.cpython-310.pyc
byte-compiling /home/autopilot/ws/restackcell/install/robo_planner_py/lib/python3.10/site-packages/robo_planner_py/Task.py to Task.cpython-310.pyc
byte-compiling /home/autopilot/ws/restackcell/install/robo_planner_py/lib/python3.10/site-packages/robo_planner_py/Scene.py to Scene.cpython-310.pyc
byte-compiling /home/autopilot/ws/restackcell/install/robo_planner_py/lib/python3.10/site-packages/robo_planner_py/Logger.py to Logger.cpython-310.pyc
byte-compiling /home/autopilot/ws/restackcell/install/robo_planner_py/lib/python3.10/site-packages/robo_planner_py/Gripper.py to Gripper.cpython-310.pyc
byte-compiling /home/autopilot/ws/restackcell/install/robo_planner_py/lib/python3.10/site-packages/robo_planner_py/ActorOperation.py to ActorOperation.cpython-310.pyc
byte-compiling /home/autopilot/ws/restackcell/install/robo_planner_py/lib/python3.10/site-packages/robo_planner_py/Pose.py to Pose.cpython-310.pyc
byte-compiling /home/autopilot/ws/restackcell/install/robo_planner_py/lib/python3.10/site-packages/robo_planner_py/Core.py to Core.cpython-310.pyc
running install_data
creating /home/autopilot/ws/restackcell/install/robo_planner_py/share/ament_index
creating /home/autopilot/ws/restackcell/install/robo_planner_py/share/ament_index/resource_index
creating /home/autopilot/ws/restackcell/install/robo_planner_py/share/ament_index/resource_index/packages
copying resource/robo_planner_py -> /home/autopilot/ws/restackcell/install/robo_planner_py/share/ament_index/resource_index/packages
copying package.xml -> /home/autopilot/ws/restackcell/install/robo_planner_py/share/robo_planner_py
running install_egg_info
Copying ../../../build/robo_planner_py/robo_planner_py.egg-info to /home/autopilot/ws/restackcell/install/robo_planner_py/lib/python3.10/site-packages/robo_planner_py-0.0.0-py3.10.egg-info
running install_scripts
Installing talker script to /home/autopilot/ws/restackcell/install/robo_planner_py/lib/robo_planner_py
writing list of installed files to '/home/autopilot/ws/restackcell/build/robo_planner_py/install.log'
