[0.553s] Invoking command in '/home/autopilot/ws/restackcell/ws_moveit2/build/robo_planner': AMENT_PREFIX_PATH=/home/autopilot/ws/restackcell/ws_moveit2/install/opcua_interfaces:${AMENT_PREFIX_PATH} CMAKE_PREFIX_PATH=/opt/ros/humble:/home/autopilot/ws/restackcell/ws_moveit2/install/wzlscheduler_interfaces:/home/autopilot/ws/restackcell/ws_moveit2/install/opcua_interfaces LD_LIBRARY_PATH=/home/autopilot/ws/restackcell/ws_moveit2/install/wzlscheduler_interfaces/lib:/home/autopilot/ws/restackcell/ws_moveit2/install/opcua_interfaces/lib:${LD_LIBRARY_PATH} PKG_CONFIG_PATH=/home/autopilot/ws/restackcell/ws_moveit2/install/wzlscheduler_interfaces/lib/aarch64-linux-gnu/pkgconfig:/home/autopilot/ws/restackcell/ws_moveit2/install/wzlscheduler_interfaces/lib/pkgconfig PYTHONPATH=/home/autopilot/ws/restackcell/ws_moveit2/install/wzlscheduler_interfaces/local/lib/python3.10/dist-packages:/home/autopilot/ws/restackcell/ws_moveit2/install/opcua_interfaces/local/lib/python3.10/dist-packages:${PYTHONPATH} ROS_PACKAGE_PATH=/home/autopilot/ws/restackcell/ws_moveit2/install/wzlscheduler_interfaces/share /usr/bin/cmake --build /home/autopilot/ws/restackcell/ws_moveit2/build/robo_planner -- -j8 -l8
[0.691s] [35m[1mConsolidate compiler generated dependencies of target robo_planner[0m
[0.847s] [  4%] [32mBuilding CXX object CMakeFiles/robo_planner.dir/src/Main.cpp.o[0m
[22.862s] [  8%] [32m[1mLinking CXX executable robo_planner[0m
[24.378s] [100%] Built target robo_planner
[24.397s] Invoked command in '/home/autopilot/ws/restackcell/ws_moveit2/build/robo_planner' returned '0': AMENT_PREFIX_PATH=/home/autopilot/ws/restackcell/ws_moveit2/install/opcua_interfaces:${AMENT_PREFIX_PATH} CMAKE_PREFIX_PATH=/opt/ros/humble:/home/autopilot/ws/restackcell/ws_moveit2/install/wzlscheduler_interfaces:/home/autopilot/ws/restackcell/ws_moveit2/install/opcua_interfaces LD_LIBRARY_PATH=/home/autopilot/ws/restackcell/ws_moveit2/install/wzlscheduler_interfaces/lib:/home/autopilot/ws/restackcell/ws_moveit2/install/opcua_interfaces/lib:${LD_LIBRARY_PATH} PKG_CONFIG_PATH=/home/autopilot/ws/restackcell/ws_moveit2/install/wzlscheduler_interfaces/lib/aarch64-linux-gnu/pkgconfig:/home/autopilot/ws/restackcell/ws_moveit2/install/wzlscheduler_interfaces/lib/pkgconfig PYTHONPATH=/home/autopilot/ws/restackcell/ws_moveit2/install/wzlscheduler_interfaces/local/lib/python3.10/dist-packages:/home/autopilot/ws/restackcell/ws_moveit2/install/opcua_interfaces/local/lib/python3.10/dist-packages:${PYTHONPATH} ROS_PACKAGE_PATH=/home/autopilot/ws/restackcell/ws_moveit2/install/wzlscheduler_interfaces/share /usr/bin/cmake --build /home/autopilot/ws/restackcell/ws_moveit2/build/robo_planner -- -j8 -l8
[24.507s] Invoking command in '/home/autopilot/ws/restackcell/ws_moveit2/build/robo_planner': AMENT_PREFIX_PATH=/home/autopilot/ws/restackcell/ws_moveit2/install/opcua_interfaces:${AMENT_PREFIX_PATH} CMAKE_PREFIX_PATH=/opt/ros/humble:/home/autopilot/ws/restackcell/ws_moveit2/install/wzlscheduler_interfaces:/home/autopilot/ws/restackcell/ws_moveit2/install/opcua_interfaces LD_LIBRARY_PATH=/home/autopilot/ws/restackcell/ws_moveit2/install/wzlscheduler_interfaces/lib:/home/autopilot/ws/restackcell/ws_moveit2/install/opcua_interfaces/lib:${LD_LIBRARY_PATH} PKG_CONFIG_PATH=/home/autopilot/ws/restackcell/ws_moveit2/install/wzlscheduler_interfaces/lib/aarch64-linux-gnu/pkgconfig:/home/autopilot/ws/restackcell/ws_moveit2/install/wzlscheduler_interfaces/lib/pkgconfig PYTHONPATH=/home/autopilot/ws/restackcell/ws_moveit2/install/wzlscheduler_interfaces/local/lib/python3.10/dist-packages:/home/autopilot/ws/restackcell/ws_moveit2/install/opcua_interfaces/local/lib/python3.10/dist-packages:${PYTHONPATH} ROS_PACKAGE_PATH=/home/autopilot/ws/restackcell/ws_moveit2/install/wzlscheduler_interfaces/share /usr/bin/cmake --install /home/autopilot/ws/restackcell/ws_moveit2/build/robo_planner
[24.519s] -- Install configuration: ""
[24.519s] -- Installing: /home/autopilot/ws/restackcell/ws_moveit2/install/robo_planner/lib/robo_planner/robo_planner
[24.533s] -- Set runtime path of "/home/autopilot/ws/restackcell/ws_moveit2/install/robo_planner/lib/robo_planner/robo_planner" to ""
[24.534s] -- Up-to-date: /home/autopilot/ws/restackcell/ws_moveit2/install/robo_planner/share/robo_planner/launch
[24.534s] -- Up-to-date: /home/autopilot/ws/restackcell/ws_moveit2/install/robo_planner/share/robo_planner/launch/__pycache__
[24.534s] -- Up-to-date: /home/autopilot/ws/restackcell/ws_moveit2/install/robo_planner/share/robo_planner/launch/__pycache__/ur_planner.cpython-310.pyc
[24.534s] -- Up-to-date: /home/autopilot/ws/restackcell/ws_moveit2/install/robo_planner/share/robo_planner/launch/__pycache__/hello_moveit_ur_launch.cpython-310.pyc
[24.535s] -- Up-to-date: /home/autopilot/ws/restackcell/ws_moveit2/install/robo_planner/share/robo_planner/launch/__pycache__/mockup_robot.cpython-310.pyc
[24.535s] -- Up-to-date: /home/autopilot/ws/restackcell/ws_moveit2/install/robo_planner/share/robo_planner/launch/__pycache__/ur_planner_pilz.cpython-310.pyc
[24.535s] -- Up-to-date: /home/autopilot/ws/restackcell/ws_moveit2/install/robo_planner/share/robo_planner/launch/ur_planner_launch.py
[24.535s] -- Up-to-date: /home/autopilot/ws/restackcell/ws_moveit2/install/robo_planner/share/robo_planner/launch/ur_simulation.py
[24.535s] -- Up-to-date: /home/autopilot/ws/restackcell/ws_moveit2/install/robo_planner/share/robo_planner/launch/ur_planner_pilz.launch.py
[24.535s] -- Up-to-date: /home/autopilot/ws/restackcell/ws_moveit2/install/robo_planner/share/robo_planner/config
[24.535s] -- Up-to-date: /home/autopilot/ws/restackcell/ws_moveit2/install/robo_planner/share/robo_planner/config/cell_config.yaml
[24.535s] -- Up-to-date: /home/autopilot/ws/restackcell/ws_moveit2/install/robo_planner/share/robo_planner/config/ur_description
[24.535s] -- Up-to-date: /home/autopilot/ws/restackcell/ws_moveit2/install/robo_planner/share/robo_planner/config/ur_description/package.dsv
[24.535s] -- Up-to-date: /home/autopilot/ws/restackcell/ws_moveit2/install/robo_planner/share/robo_planner/config/ur_description/urdf
[24.536s] -- Up-to-date: /home/autopilot/ws/restackcell/ws_moveit2/install/robo_planner/share/robo_planner/config/ur_description/urdf/ur_macro.xacro_restack
[24.536s] -- Up-to-date: /home/autopilot/ws/restackcell/ws_moveit2/install/robo_planner/share/robo_planner/config/ur_description/urdf/ur_macro.xacro2
[24.536s] -- Up-to-date: /home/autopilot/ws/restackcell/ws_moveit2/install/robo_planner/share/robo_planner/config/ur_description/urdf/ur.ros2_control.xacro
[24.536s] -- Up-to-date: /home/autopilot/ws/restackcell/ws_moveit2/install/robo_planner/share/robo_planner/config/ur_description/urdf/ur.urdf.xacro
[24.536s] -- Up-to-date: /home/autopilot/ws/restackcell/ws_moveit2/install/robo_planner/share/robo_planner/config/ur_description/urdf/ur_macro.xacro_original
[24.536s] -- Up-to-date: /home/autopilot/ws/restackcell/ws_moveit2/install/robo_planner/share/robo_planner/config/ur_description/urdf/inc
[24.536s] -- Up-to-date: /home/autopilot/ws/restackcell/ws_moveit2/install/robo_planner/share/robo_planner/config/ur_description/urdf/inc/ur_transmissions.xacro
[24.536s] -- Up-to-date: /home/autopilot/ws/restackcell/ws_moveit2/install/robo_planner/share/robo_planner/config/ur_description/urdf/inc/ur_common.xacro
[24.536s] -- Up-to-date: /home/autopilot/ws/restackcell/ws_moveit2/install/robo_planner/share/robo_planner/config/ur_description/urdf/old_ur_macro.xacro
[24.536s] -- Up-to-date: /home/autopilot/ws/restackcell/ws_moveit2/install/robo_planner/share/robo_planner/config/ur_description/urdf/ur_macro.xacro
[24.537s] -- Up-to-date: /home/autopilot/ws/restackcell/ws_moveit2/install/robo_planner/share/robo_planner/config/ur_description/local_setup.zsh
[24.537s] -- Up-to-date: /home/autopilot/ws/restackcell/ws_moveit2/install/robo_planner/share/robo_planner/config/ur_description/rviz
[24.537s] -- Up-to-date: /home/autopilot/ws/restackcell/ws_moveit2/install/robo_planner/share/robo_planner/config/ur_description/rviz/view_robot.rviz
[24.537s] -- Up-to-date: /home/autopilot/ws/restackcell/ws_moveit2/install/robo_planner/share/robo_planner/config/ur_description/local_setup.sh
[24.538s] -- Up-to-date: /home/autopilot/ws/restackcell/ws_moveit2/install/robo_planner/share/robo_planner/config/ur_description/cmake
[24.538s] -- Up-to-date: /home/autopilot/ws/restackcell/ws_moveit2/install/robo_planner/share/robo_planner/config/ur_description/cmake/ur_descriptionConfig-version.cmake
[24.538s] -- Up-to-date: /home/autopilot/ws/restackcell/ws_moveit2/install/robo_planner/share/robo_planner/config/ur_description/cmake/ur_descriptionConfig.cmake
[24.538s] -- Up-to-date: /home/autopilot/ws/restackcell/ws_moveit2/install/robo_planner/share/robo_planner/config/ur_description/local_setup.dsv
[24.538s] -- Up-to-date: /home/autopilot/ws/restackcell/ws_moveit2/install/robo_planner/share/robo_planner/config/ur_description/config
[24.539s] -- Up-to-date: /home/autopilot/ws/restackcell/ws_moveit2/install/robo_planner/share/robo_planner/config/ur_description/config/ur20
[24.539s] -- Up-to-date: /home/autopilot/ws/restackcell/ws_moveit2/install/robo_planner/share/robo_planner/config/ur_description/config/ur20/visual_parameters.yaml
[24.539s] -- Up-to-date: /home/autopilot/ws/restackcell/ws_moveit2/install/robo_planner/share/robo_planner/config/ur_description/config/ur20/default_kinematics.yaml
[24.539s] -- Up-to-date: /home/autopilot/ws/restackcell/ws_moveit2/install/robo_planner/share/robo_planner/config/ur_description/config/ur20/joint_limits.yaml
[24.539s] -- Up-to-date: /home/autopilot/ws/restackcell/ws_moveit2/install/robo_planner/share/robo_planner/config/ur_description/config/ur20/physical_parameters.yaml
[24.540s] -- Up-to-date: /home/autopilot/ws/restackcell/ws_moveit2/install/robo_planner/share/robo_planner/config/ur_description/config/ur5e
[24.540s] -- Up-to-date: /home/autopilot/ws/restackcell/ws_moveit2/install/robo_planner/share/robo_planner/config/ur_description/config/ur5e/visual_parameters.yaml
[24.540s] -- Up-to-date: /home/autopilot/ws/restackcell/ws_moveit2/install/robo_planner/share/robo_planner/config/ur_description/config/ur5e/default_kinematics.yaml
[24.540s] -- Up-to-date: /home/autopilot/ws/restackcell/ws_moveit2/install/robo_planner/share/robo_planner/config/ur_description/config/ur5e/joint_limits.yaml
[24.540s] -- Up-to-date: /home/autopilot/ws/restackcell/ws_moveit2/install/robo_planner/share/robo_planner/config/ur_description/config/ur5e/physical_parameters.yaml
[24.541s] -- Up-to-date: /home/autopilot/ws/restackcell/ws_moveit2/install/robo_planner/share/robo_planner/config/ur_description/config/ur3
[24.541s] -- Up-to-date: /home/autopilot/ws/restackcell/ws_moveit2/install/robo_planner/share/robo_planner/config/ur_description/config/ur3/visual_parameters.yaml
[24.541s] -- Up-to-date: /home/autopilot/ws/restackcell/ws_moveit2/install/robo_planner/share/robo_planner/config/ur_description/config/ur3/default_kinematics.yaml
[24.541s] -- Up-to-date: /home/autopilot/ws/restackcell/ws_moveit2/install/robo_planner/share/robo_planner/config/ur_description/config/ur3/joint_limits.yaml
[24.542s] -- Up-to-date: /home/autopilot/ws/restackcell/ws_moveit2/install/robo_planner/share/robo_planner/config/ur_description/config/ur3/physical_parameters.yaml
[24.542s] -- Up-to-date: /home/autopilot/ws/restackcell/ws_moveit2/install/robo_planner/share/robo_planner/config/ur_description/config/ur16e
[24.542s] -- Up-to-date: /home/autopilot/ws/restackcell/ws_moveit2/install/robo_planner/share/robo_planner/config/ur_description/config/ur16e/visual_parameters.yaml
[24.542s] -- Up-to-date: /home/autopilot/ws/restackcell/ws_moveit2/install/robo_planner/share/robo_planner/config/ur_description/config/ur16e/default_kinematics.yaml
[24.542s] -- Up-to-date: /home/autopilot/ws/restackcell/ws_moveit2/install/robo_planner/share/robo_planner/config/ur_description/config/ur16e/joint_limits_old.yaml
[24.542s] -- Up-to-date: /home/autopilot/ws/restackcell/ws_moveit2/install/robo_planner/share/robo_planner/config/ur_description/config/ur16e/default_kinematics_calibrated.yaml
[24.543s] -- Up-to-date: /home/autopilot/ws/restackcell/ws_moveit2/install/robo_planner/share/robo_planner/config/ur_description/config/ur16e/joint_limits.yaml
[24.543s] -- Up-to-date: /home/autopilot/ws/restackcell/ws_moveit2/install/robo_planner/share/robo_planner/config/ur_description/config/ur16e/pilz_cartesian_limits.yaml
[24.543s] -- Up-to-date: /home/autopilot/ws/restackcell/ws_moveit2/install/robo_planner/share/robo_planner/config/ur_description/config/ur16e/default_kinematics_original.yaml
[24.543s] -- Up-to-date: /home/autopilot/ws/restackcell/ws_moveit2/install/robo_planner/share/robo_planner/config/ur_description/config/ur16e/physical_parameters.yaml
[24.545s] -- Up-to-date: /home/autopilot/ws/restackcell/ws_moveit2/install/robo_planner/share/robo_planner/config/ur_description/config/ur3e
[24.545s] -- Up-to-date: /home/autopilot/ws/restackcell/ws_moveit2/install/robo_planner/share/robo_planner/config/ur_description/config/ur3e/visual_parameters.yaml
[24.545s] -- Up-to-date: /home/autopilot/ws/restackcell/ws_moveit2/install/robo_planner/share/robo_planner/config/ur_description/config/ur3e/default_kinematics.yaml
[24.545s] -- Up-to-date: /home/autopilot/ws/restackcell/ws_moveit2/install/robo_planner/share/robo_planner/config/ur_description/config/ur3e/joint_limits.yaml
[24.545s] -- Up-to-date: /home/autopilot/ws/restackcell/ws_moveit2/install/robo_planner/share/robo_planner/config/ur_description/config/ur3e/physical_parameters.yaml
[24.546s] -- Up-to-date: /home/autopilot/ws/restackcell/ws_moveit2/install/robo_planner/share/robo_planner/config/ur_description/config/initial_positions.yaml
[24.546s] -- Up-to-date: /home/autopilot/ws/restackcell/ws_moveit2/install/robo_planner/share/robo_planner/config/ur_description/config/ur30
[24.546s] -- Up-to-date: /home/autopilot/ws/restackcell/ws_moveit2/install/robo_planner/share/robo_planner/config/ur_description/config/ur30/visual_parameters.yaml
[24.546s] -- Up-to-date: /home/autopilot/ws/restackcell/ws_moveit2/install/robo_planner/share/robo_planner/config/ur_description/config/ur30/default_kinematics.yaml
[24.546s] -- Up-to-date: /home/autopilot/ws/restackcell/ws_moveit2/install/robo_planner/share/robo_planner/config/ur_description/config/ur30/joint_limits.yaml
[24.546s] -- Up-to-date: /home/autopilot/ws/restackcell/ws_moveit2/install/robo_planner/share/robo_planner/config/ur_description/config/ur30/physical_parameters.yaml
[24.547s] -- Up-to-date: /home/autopilot/ws/restackcell/ws_moveit2/install/robo_planner/share/robo_planner/config/ur_description/config/ur16e_old
[24.547s] -- Up-to-date: /home/autopilot/ws/restackcell/ws_moveit2/install/robo_planner/share/robo_planner/config/ur_description/config/ur16e_old/visual_parameters.yaml
[24.547s] -- Up-to-date: /home/autopilot/ws/restackcell/ws_moveit2/install/robo_planner/share/robo_planner/config/ur_description/config/ur16e_old/default_kinematics.yaml
[24.547s] -- Up-to-date: /home/autopilot/ws/restackcell/ws_moveit2/install/robo_planner/share/robo_planner/config/ur_description/config/ur16e_old/joint_limits.yaml
[24.547s] -- Up-to-date: /home/autopilot/ws/restackcell/ws_moveit2/install/robo_planner/share/robo_planner/config/ur_description/config/ur16e_old/physical_parameters.yaml
[24.547s] -- Up-to-date: /home/autopilot/ws/restackcell/ws_moveit2/install/robo_planner/share/robo_planner/config/ur_description/config/ur10e
[24.547s] -- Up-to-date: /home/autopilot/ws/restackcell/ws_moveit2/install/robo_planner/share/robo_planner/config/ur_description/config/ur10e/visual_parameters.yaml
[24.547s] -- Up-to-date: /home/autopilot/ws/restackcell/ws_moveit2/install/robo_planner/share/robo_planner/config/ur_description/config/ur10e/default_kinematics.yaml
[24.547s] -- Up-to-date: /home/autopilot/ws/restackcell/ws_moveit2/install/robo_planner/share/robo_planner/config/ur_description/config/ur10e/joint_limits.yaml
[24.548s] -- Up-to-date: /home/autopilot/ws/restackcell/ws_moveit2/install/robo_planner/share/robo_planner/config/ur_description/config/ur10e/physical_parameters.yaml
[24.548s] -- Up-to-date: /home/autopilot/ws/restackcell/ws_moveit2/install/robo_planner/share/robo_planner/config/ur_description/config/pilz_cartesian_limits.yaml
[24.548s] -- Up-to-date: /home/autopilot/ws/restackcell/ws_moveit2/install/robo_planner/share/robo_planner/config/ur_description/config/pilz_industrial_motion_planner_planning.yaml
[24.548s] -- Up-to-date: /home/autopilot/ws/restackcell/ws_moveit2/install/robo_planner/share/robo_planner/config/ur_description/config/ur10
[24.548s] -- Up-to-date: /home/autopilot/ws/restackcell/ws_moveit2/install/robo_planner/share/robo_planner/config/ur_description/config/ur10/visual_parameters.yaml
[24.548s] -- Up-to-date: /home/autopilot/ws/restackcell/ws_moveit2/install/robo_planner/share/robo_planner/config/ur_description/config/ur10/default_kinematics.yaml
[24.548s] -- Up-to-date: /home/autopilot/ws/restackcell/ws_moveit2/install/robo_planner/share/robo_planner/config/ur_description/config/ur10/joint_limits.yaml
[24.548s] -- Up-to-date: /home/autopilot/ws/restackcell/ws_moveit2/install/robo_planner/share/robo_planner/config/ur_description/config/ur10/physical_parameters.yaml
[24.548s] -- Up-to-date: /home/autopilot/ws/restackcell/ws_moveit2/install/robo_planner/share/robo_planner/config/ur_description/config/ur5
[24.548s] -- Up-to-date: /home/autopilot/ws/restackcell/ws_moveit2/install/robo_planner/share/robo_planner/config/ur_description/config/ur5/visual_parameters.yaml
[24.549s] -- Up-to-date: /home/autopilot/ws/restackcell/ws_moveit2/install/robo_planner/share/robo_planner/config/ur_description/config/ur5/default_kinematics.yaml
[24.549s] -- Up-to-date: /home/autopilot/ws/restackcell/ws_moveit2/install/robo_planner/share/robo_planner/config/ur_description/config/ur5/joint_limits.yaml
[24.549s] -- Up-to-date: /home/autopilot/ws/restackcell/ws_moveit2/install/robo_planner/share/robo_planner/config/ur_description/config/ur5/physical_parameters.yaml
[24.549s] -- Up-to-date: /home/autopilot/ws/restackcell/ws_moveit2/install/robo_planner/share/robo_planner/config/ur_description/launch
[24.549s] -- Up-to-date: /home/autopilot/ws/restackcell/ws_moveit2/install/robo_planner/share/robo_planner/config/ur_description/launch/view_ur.launch.py
[24.549s] -- Up-to-date: /home/autopilot/ws/restackcell/ws_moveit2/install/robo_planner/share/robo_planner/config/ur_description/meshes
[24.549s] -- Up-to-date: /home/autopilot/ws/restackcell/ws_moveit2/install/robo_planner/share/robo_planner/config/ur_description/meshes/ur20
[24.549s] -- Up-to-date: /home/autopilot/ws/restackcell/ws_moveit2/install/robo_planner/share/robo_planner/config/ur_description/meshes/ur20/collision
[24.549s] -- Up-to-date: /home/autopilot/ws/restackcell/ws_moveit2/install/robo_planner/share/robo_planner/config/ur_description/meshes/ur20/collision/forearm.stl
[24.549s] -- Up-to-date: /home/autopilot/ws/restackcell/ws_moveit2/install/robo_planner/share/robo_planner/config/ur_description/meshes/ur20/collision/base.stl
[24.549s] -- Up-to-date: /home/autopilot/ws/restackcell/ws_moveit2/install/robo_planner/share/robo_planner/config/ur_description/meshes/ur20/collision/wrist2.stl
[24.550s] -- Up-to-date: /home/autopilot/ws/restackcell/ws_moveit2/install/robo_planner/share/robo_planner/config/ur_description/meshes/ur20/collision/wrist3.stl
[24.550s] -- Up-to-date: /home/autopilot/ws/restackcell/ws_moveit2/install/robo_planner/share/robo_planner/config/ur_description/meshes/ur20/collision/wrist1.stl
[24.550s] -- Up-to-date: /home/autopilot/ws/restackcell/ws_moveit2/install/robo_planner/share/robo_planner/config/ur_description/meshes/ur20/collision/shoulder.stl
[24.550s] -- Up-to-date: /home/autopilot/ws/restackcell/ws_moveit2/install/robo_planner/share/robo_planner/config/ur_description/meshes/ur20/collision/upperarm.stl
[24.550s] -- Up-to-date: /home/autopilot/ws/restackcell/ws_moveit2/install/robo_planner/share/robo_planner/config/ur_description/meshes/ur20/LICENSE.txt
[24.550s] -- Up-to-date: /home/autopilot/ws/restackcell/ws_moveit2/install/robo_planner/share/robo_planner/config/ur_description/meshes/ur20/visual
[24.550s] -- Up-to-date: /home/autopilot/ws/restackcell/ws_moveit2/install/robo_planner/share/robo_planner/config/ur_description/meshes/ur20/visual/UR20_DIFF_8bit_2K.png
[24.551s] -- Up-to-date: /home/autopilot/ws/restackcell/ws_moveit2/install/robo_planner/share/robo_planner/config/ur_description/meshes/ur20/visual/upperarm.dae
[24.553s] -- Up-to-date: /home/autopilot/ws/restackcell/ws_moveit2/install/robo_planner/share/robo_planner/config/ur_description/meshes/ur20/visual/forearm.dae
[24.553s] -- Up-to-date: /home/autopilot/ws/restackcell/ws_moveit2/install/robo_planner/share/robo_planner/config/ur_description/meshes/ur20/visual/shoulder.dae
[24.554s] -- Up-to-date: /home/autopilot/ws/restackcell/ws_moveit2/install/robo_planner/share/robo_planner/config/ur_description/meshes/ur20/visual/wrist3.dae
[24.554s] -- Up-to-date: /home/autopilot/ws/restackcell/ws_moveit2/install/robo_planner/share/robo_planner/config/ur_description/meshes/ur20/visual/wrist1.dae
[24.554s] -- Up-to-date: /home/autopilot/ws/restackcell/ws_moveit2/install/robo_planner/share/robo_planner/config/ur_description/meshes/ur20/visual/wrist2.dae
[24.554s] -- Up-to-date: /home/autopilot/ws/restackcell/ws_moveit2/install/robo_planner/share/robo_planner/config/ur_description/meshes/ur20/visual/base.dae
[24.555s] -- Up-to-date: /home/autopilot/ws/restackcell/ws_moveit2/install/robo_planner/share/robo_planner/config/ur_description/meshes/ur5e
[24.555s] -- Up-to-date: /home/autopilot/ws/restackcell/ws_moveit2/install/robo_planner/share/robo_planner/config/ur_description/meshes/ur5e/collision
[24.555s] -- Up-to-date: /home/autopilot/ws/restackcell/ws_moveit2/install/robo_planner/share/robo_planner/config/ur_description/meshes/ur5e/collision/forearm.stl
[24.555s] -- Up-to-date: /home/autopilot/ws/restackcell/ws_moveit2/install/robo_planner/share/robo_planner/config/ur_description/meshes/ur5e/collision/base.stl
[24.556s] -- Up-to-date: /home/autopilot/ws/restackcell/ws_moveit2/install/robo_planner/share/robo_planner/config/ur_description/meshes/ur5e/collision/wrist2.stl
[24.556s] -- Up-to-date: /home/autopilot/ws/restackcell/ws_moveit2/install/robo_planner/share/robo_planner/config/ur_description/meshes/ur5e/collision/wrist3.stl
[24.556s] -- Up-to-date: /home/autopilot/ws/restackcell/ws_moveit2/install/robo_planner/share/robo_planner/config/ur_description/meshes/ur5e/collision/wrist1.stl
[24.557s] -- Up-to-date: /home/autopilot/ws/restackcell/ws_moveit2/install/robo_planner/share/robo_planner/config/ur_description/meshes/ur5e/collision/shoulder.stl
[24.558s] -- Up-to-date: /home/autopilot/ws/restackcell/ws_moveit2/install/robo_planner/share/robo_planner/config/ur_description/meshes/ur5e/collision/upperarm.stl
[24.558s] -- Up-to-date: /home/autopilot/ws/restackcell/ws_moveit2/install/robo_planner/share/robo_planner/config/ur_description/meshes/ur5e/visual
[24.559s] -- Up-to-date: /home/autopilot/ws/restackcell/ws_moveit2/install/robo_planner/share/robo_planner/config/ur_description/meshes/ur5e/visual/upperarm.dae
[24.559s] -- Up-to-date: /home/autopilot/ws/restackcell/ws_moveit2/install/robo_planner/share/robo_planner/config/ur_description/meshes/ur5e/visual/forearm.dae
[24.559s] -- Up-to-date: /home/autopilot/ws/restackcell/ws_moveit2/install/robo_planner/share/robo_planner/config/ur_description/meshes/ur5e/visual/shoulder.dae
[24.560s] -- Up-to-date: /home/autopilot/ws/restackcell/ws_moveit2/install/robo_planner/share/robo_planner/config/ur_description/meshes/ur5e/visual/wrist3.dae
[24.560s] -- Up-to-date: /home/autopilot/ws/restackcell/ws_moveit2/install/robo_planner/share/robo_planner/config/ur_description/meshes/ur5e/visual/wrist1.dae
[24.560s] -- Up-to-date: /home/autopilot/ws/restackcell/ws_moveit2/install/robo_planner/share/robo_planner/config/ur_description/meshes/ur5e/visual/wrist2.dae
[24.560s] -- Up-to-date: /home/autopilot/ws/restackcell/ws_moveit2/install/robo_planner/share/robo_planner/config/ur_description/meshes/ur5e/visual/base.dae
[24.561s] -- Up-to-date: /home/autopilot/ws/restackcell/ws_moveit2/install/robo_planner/share/robo_planner/config/ur_description/meshes/ur3
[24.561s] -- Up-to-date: /home/autopilot/ws/restackcell/ws_moveit2/install/robo_planner/share/robo_planner/config/ur_description/meshes/ur3/collision
[24.562s] -- Up-to-date: /home/autopilot/ws/restackcell/ws_moveit2/install/robo_planner/share/robo_planner/config/ur_description/meshes/ur3/collision/forearm.stl
[24.562s] -- Up-to-date: /home/autopilot/ws/restackcell/ws_moveit2/install/robo_planner/share/robo_planner/config/ur_description/meshes/ur3/collision/base.stl
[24.562s] -- Up-to-date: /home/autopilot/ws/restackcell/ws_moveit2/install/robo_planner/share/robo_planner/config/ur_description/meshes/ur3/collision/wrist2.stl
[24.563s] -- Up-to-date: /home/autopilot/ws/restackcell/ws_moveit2/install/robo_planner/share/robo_planner/config/ur_description/meshes/ur3/collision/wrist3.stl
[24.563s] -- Up-to-date: /home/autopilot/ws/restackcell/ws_moveit2/install/robo_planner/share/robo_planner/config/ur_description/meshes/ur3/collision/wrist1.stl
[24.563s] -- Up-to-date: /home/autopilot/ws/restackcell/ws_moveit2/install/robo_planner/share/robo_planner/config/ur_description/meshes/ur3/collision/shoulder.stl
[24.564s] -- Up-to-date: /home/autopilot/ws/restackcell/ws_moveit2/install/robo_planner/share/robo_planner/config/ur_description/meshes/ur3/collision/upperarm.stl
[24.566s] -- Up-to-date: /home/autopilot/ws/restackcell/ws_moveit2/install/robo_planner/share/robo_planner/config/ur_description/meshes/ur3/visual
[24.567s] -- Up-to-date: /home/autopilot/ws/restackcell/ws_moveit2/install/robo_planner/share/robo_planner/config/ur_description/meshes/ur3/visual/upperarm.dae
[24.568s] -- Up-to-date: /home/autopilot/ws/restackcell/ws_moveit2/install/robo_planner/share/robo_planner/config/ur_description/meshes/ur3/visual/forearm.dae
[24.568s] -- Up-to-date: /home/autopilot/ws/restackcell/ws_moveit2/install/robo_planner/share/robo_planner/config/ur_description/meshes/ur3/visual/shoulder.dae
[24.569s] -- Up-to-date: /home/autopilot/ws/restackcell/ws_moveit2/install/robo_planner/share/robo_planner/config/ur_description/meshes/ur3/visual/wrist3.dae
[24.569s] -- Up-to-date: /home/autopilot/ws/restackcell/ws_moveit2/install/robo_planner/share/robo_planner/config/ur_description/meshes/ur3/visual/wrist1.dae
[24.569s] -- Up-to-date: /home/autopilot/ws/restackcell/ws_moveit2/install/robo_planner/share/robo_planner/config/ur_description/meshes/ur3/visual/wrist2.dae
[24.570s] -- Up-to-date: /home/autopilot/ws/restackcell/ws_moveit2/install/robo_planner/share/robo_planner/config/ur_description/meshes/ur3/visual/base.dae
[24.571s] -- Up-to-date: /home/autopilot/ws/restackcell/ws_moveit2/install/robo_planner/share/robo_planner/config/ur_description/meshes/ur16e
[24.571s] -- Up-to-date: /home/autopilot/ws/restackcell/ws_moveit2/install/robo_planner/share/robo_planner/config/ur_description/meshes/ur16e/collision
[24.571s] -- Up-to-date: /home/autopilot/ws/restackcell/ws_moveit2/install/robo_planner/share/robo_planner/config/ur_description/meshes/ur16e/collision/forearm.stl
[24.571s] -- Up-to-date: /home/autopilot/ws/restackcell/ws_moveit2/install/robo_planner/share/robo_planner/config/ur_description/meshes/ur16e/collision/restackcell_gripper.STL
[24.572s] -- Up-to-date: /home/autopilot/ws/restackcell/ws_moveit2/install/robo_planner/share/robo_planner/config/ur_description/meshes/ur16e/collision/upperarm.stl
[24.573s] -- Up-to-date: /home/autopilot/ws/restackcell/ws_moveit2/install/robo_planner/share/robo_planner/config/ur_description/meshes/ur16e/visual
[24.573s] -- Up-to-date: /home/autopilot/ws/restackcell/ws_moveit2/install/robo_planner/share/robo_planner/config/ur_description/meshes/ur16e/visual/upperarm.dae
[24.574s] -- Up-to-date: /home/autopilot/ws/restackcell/ws_moveit2/install/robo_planner/share/robo_planner/config/ur_description/meshes/ur16e/visual/forearm.dae
[24.574s] -- Up-to-date: /home/autopilot/ws/restackcell/ws_moveit2/install/robo_planner/share/robo_planner/config/ur_description/meshes/ur16e/visual/restackcell_gripper.STL
[24.575s] -- Up-to-date: /home/autopilot/ws/restackcell/ws_moveit2/install/robo_planner/share/robo_planner/config/ur_description/meshes/ur3e
[24.575s] -- Up-to-date: /home/autopilot/ws/restackcell/ws_moveit2/install/robo_planner/share/robo_planner/config/ur_description/meshes/ur3e/collision
[24.575s] -- Up-to-date: /home/autopilot/ws/restackcell/ws_moveit2/install/robo_planner/share/robo_planner/config/ur_description/meshes/ur3e/collision/forearm.stl
[24.576s] -- Up-to-date: /home/autopilot/ws/restackcell/ws_moveit2/install/robo_planner/share/robo_planner/config/ur_description/meshes/ur3e/collision/base.stl
[24.576s] -- Up-to-date: /home/autopilot/ws/restackcell/ws_moveit2/install/robo_planner/share/robo_planner/config/ur_description/meshes/ur3e/collision/wrist2.stl
[24.577s] -- Up-to-date: /home/autopilot/ws/restackcell/ws_moveit2/install/robo_planner/share/robo_planner/config/ur_description/meshes/ur3e/collision/wrist3.stl
[24.578s] -- Up-to-date: /home/autopilot/ws/restackcell/ws_moveit2/install/robo_planner/share/robo_planner/config/ur_description/meshes/ur3e/collision/wrist1.stl
[24.578s] -- Up-to-date: /home/autopilot/ws/restackcell/ws_moveit2/install/robo_planner/share/robo_planner/config/ur_description/meshes/ur3e/collision/shoulder.stl
[24.579s] -- Up-to-date: /home/autopilot/ws/restackcell/ws_moveit2/install/robo_planner/share/robo_planner/config/ur_description/meshes/ur3e/collision/upperarm.stl
[24.579s] -- Up-to-date: /home/autopilot/ws/restackcell/ws_moveit2/install/robo_planner/share/robo_planner/config/ur_description/meshes/ur3e/visual
[24.579s] -- Up-to-date: /home/autopilot/ws/restackcell/ws_moveit2/install/robo_planner/share/robo_planner/config/ur_description/meshes/ur3e/visual/upperarm.dae
[24.580s] -- Up-to-date: /home/autopilot/ws/restackcell/ws_moveit2/install/robo_planner/share/robo_planner/config/ur_description/meshes/ur3e/visual/forearm.dae
[24.580s] -- Up-to-date: /home/autopilot/ws/restackcell/ws_moveit2/install/robo_planner/share/robo_planner/config/ur_description/meshes/ur3e/visual/shoulder.dae
[24.580s] -- Up-to-date: /home/autopilot/ws/restackcell/ws_moveit2/install/robo_planner/share/robo_planner/config/ur_description/meshes/ur3e/visual/wrist3.dae
[24.580s] -- Up-to-date: /home/autopilot/ws/restackcell/ws_moveit2/install/robo_planner/share/robo_planner/config/ur_description/meshes/ur3e/visual/wrist1.dae
[24.580s] -- Up-to-date: /home/autopilot/ws/restackcell/ws_moveit2/install/robo_planner/share/robo_planner/config/ur_description/meshes/ur3e/visual/wrist2.dae
[24.580s] -- Up-to-date: /home/autopilot/ws/restackcell/ws_moveit2/install/robo_planner/share/robo_planner/config/ur_description/meshes/ur3e/visual/base.dae
[24.580s] -- Up-to-date: /home/autopilot/ws/restackcell/ws_moveit2/install/robo_planner/share/robo_planner/config/ur_description/meshes/ur30
[24.581s] -- Up-to-date: /home/autopilot/ws/restackcell/ws_moveit2/install/robo_planner/share/robo_planner/config/ur_description/meshes/ur30/collision
[24.581s] -- Up-to-date: /home/autopilot/ws/restackcell/ws_moveit2/install/robo_planner/share/robo_planner/config/ur_description/meshes/ur30/collision/forearm.stl
[24.581s] -- Up-to-date: /home/autopilot/ws/restackcell/ws_moveit2/install/robo_planner/share/robo_planner/config/ur_description/meshes/ur30/collision/upperarm.stl
[24.581s] -- Up-to-date: /home/autopilot/ws/restackcell/ws_moveit2/install/robo_planner/share/robo_planner/config/ur_description/meshes/ur30/LICENSE.txt
[24.581s] -- Up-to-date: /home/autopilot/ws/restackcell/ws_moveit2/install/robo_planner/share/robo_planner/config/ur_description/meshes/ur30/visual
[24.581s] -- Up-to-date: /home/autopilot/ws/restackcell/ws_moveit2/install/robo_planner/share/robo_planner/config/ur_description/meshes/ur30/visual/upperarm.dae
[24.581s] -- Up-to-date: /home/autopilot/ws/restackcell/ws_moveit2/install/robo_planner/share/robo_planner/config/ur_description/meshes/ur30/visual/forearm.dae
[24.581s] -- Up-to-date: /home/autopilot/ws/restackcell/ws_moveit2/install/robo_planner/share/robo_planner/config/ur_description/meshes/ur30/visual/UR30_DIFF_8bit_2K.png
[24.581s] -- Up-to-date: /home/autopilot/ws/restackcell/ws_moveit2/install/robo_planner/share/robo_planner/config/ur_description/meshes/ur10e
[24.582s] -- Up-to-date: /home/autopilot/ws/restackcell/ws_moveit2/install/robo_planner/share/robo_planner/config/ur_description/meshes/ur10e/collision
[24.582s] -- Up-to-date: /home/autopilot/ws/restackcell/ws_moveit2/install/robo_planner/share/robo_planner/config/ur_description/meshes/ur10e/collision/forearm.stl
[24.582s] -- Up-to-date: /home/autopilot/ws/restackcell/ws_moveit2/install/robo_planner/share/robo_planner/config/ur_description/meshes/ur10e/collision/base.stl
[24.582s] -- Up-to-date: /home/autopilot/ws/restackcell/ws_moveit2/install/robo_planner/share/robo_planner/config/ur_description/meshes/ur10e/collision/wrist2.stl
[24.582s] -- Up-to-date: /home/autopilot/ws/restackcell/ws_moveit2/install/robo_planner/share/robo_planner/config/ur_description/meshes/ur10e/collision/wrist3.stl
[24.582s] -- Up-to-date: /home/autopilot/ws/restackcell/ws_moveit2/install/robo_planner/share/robo_planner/config/ur_description/meshes/ur10e/collision/wrist1.stl
[24.582s] -- Up-to-date: /home/autopilot/ws/restackcell/ws_moveit2/install/robo_planner/share/robo_planner/config/ur_description/meshes/ur10e/collision/shoulder.stl
[24.582s] -- Up-to-date: /home/autopilot/ws/restackcell/ws_moveit2/install/robo_planner/share/robo_planner/config/ur_description/meshes/ur10e/collision/upperarm.stl
[24.582s] -- Up-to-date: /home/autopilot/ws/restackcell/ws_moveit2/install/robo_planner/share/robo_planner/config/ur_description/meshes/ur10e/visual
[24.582s] -- Up-to-date: /home/autopilot/ws/restackcell/ws_moveit2/install/robo_planner/share/robo_planner/config/ur_description/meshes/ur10e/visual/upperarm.dae
[24.583s] -- Up-to-date: /home/autopilot/ws/restackcell/ws_moveit2/install/robo_planner/share/robo_planner/config/ur_description/meshes/ur10e/visual/forearm.dae
[24.583s] -- Up-to-date: /home/autopilot/ws/restackcell/ws_moveit2/install/robo_planner/share/robo_planner/config/ur_description/meshes/ur10e/visual/shoulder.dae
[24.583s] -- Up-to-date: /home/autopilot/ws/restackcell/ws_moveit2/install/robo_planner/share/robo_planner/config/ur_description/meshes/ur10e/visual/wrist3.dae
[24.583s] -- Up-to-date: /home/autopilot/ws/restackcell/ws_moveit2/install/robo_planner/share/robo_planner/config/ur_description/meshes/ur10e/visual/wrist1.dae
[24.583s] -- Up-to-date: /home/autopilot/ws/restackcell/ws_moveit2/install/robo_planner/share/robo_planner/config/ur_description/meshes/ur10e/visual/wrist2.dae
[24.583s] -- Up-to-date: /home/autopilot/ws/restackcell/ws_moveit2/install/robo_planner/share/robo_planner/config/ur_description/meshes/ur10e/visual/base.dae
[24.583s] -- Up-to-date: /home/autopilot/ws/restackcell/ws_moveit2/install/robo_planner/share/robo_planner/config/ur_description/meshes/ur10
[24.583s] -- Up-to-date: /home/autopilot/ws/restackcell/ws_moveit2/install/robo_planner/share/robo_planner/config/ur_description/meshes/ur10/collision
[24.583s] -- Up-to-date: /home/autopilot/ws/restackcell/ws_moveit2/install/robo_planner/share/robo_planner/config/ur_description/meshes/ur10/collision/forearm.stl
[24.584s] -- Up-to-date: /home/autopilot/ws/restackcell/ws_moveit2/install/robo_planner/share/robo_planner/config/ur_description/meshes/ur10/collision/base.stl
[24.584s] -- Up-to-date: /home/autopilot/ws/restackcell/ws_moveit2/install/robo_planner/share/robo_planner/config/ur_description/meshes/ur10/collision/wrist2.stl
[24.584s] -- Up-to-date: /home/autopilot/ws/restackcell/ws_moveit2/install/robo_planner/share/robo_planner/config/ur_description/meshes/ur10/collision/wrist3.stl
[24.584s] -- Up-to-date: /home/autopilot/ws/restackcell/ws_moveit2/install/robo_planner/share/robo_planner/config/ur_description/meshes/ur10/collision/wrist1.stl
[24.584s] -- Up-to-date: /home/autopilot/ws/restackcell/ws_moveit2/install/robo_planner/share/robo_planner/config/ur_description/meshes/ur10/collision/shoulder.stl
[24.584s] -- Up-to-date: /home/autopilot/ws/restackcell/ws_moveit2/install/robo_planner/share/robo_planner/config/ur_description/meshes/ur10/collision/upperarm.stl
[24.584s] -- Up-to-date: /home/autopilot/ws/restackcell/ws_moveit2/install/robo_planner/share/robo_planner/config/ur_description/meshes/ur10/visual
[24.584s] -- Up-to-date: /home/autopilot/ws/restackcell/ws_moveit2/install/robo_planner/share/robo_planner/config/ur_description/meshes/ur10/visual/upperarm.dae
[24.584s] -- Up-to-date: /home/autopilot/ws/restackcell/ws_moveit2/install/robo_planner/share/robo_planner/config/ur_description/meshes/ur10/visual/forearm.dae
[24.584s] -- Up-to-date: /home/autopilot/ws/restackcell/ws_moveit2/install/robo_planner/share/robo_planner/config/ur_description/meshes/ur10/visual/shoulder.dae
[24.585s] -- Up-to-date: /home/autopilot/ws/restackcell/ws_moveit2/install/robo_planner/share/robo_planner/config/ur_description/meshes/ur10/visual/wrist3.dae
[24.585s] -- Up-to-date: /home/autopilot/ws/restackcell/ws_moveit2/install/robo_planner/share/robo_planner/config/ur_description/meshes/ur10/visual/wrist1.dae
[24.585s] -- Up-to-date: /home/autopilot/ws/restackcell/ws_moveit2/install/robo_planner/share/robo_planner/config/ur_description/meshes/ur10/visual/wrist2.dae
[24.585s] -- Up-to-date: /home/autopilot/ws/restackcell/ws_moveit2/install/robo_planner/share/robo_planner/config/ur_description/meshes/ur10/visual/base.dae
[24.585s] -- Up-to-date: /home/autopilot/ws/restackcell/ws_moveit2/install/robo_planner/share/robo_planner/config/ur_description/meshes/ur5
[24.585s] -- Up-to-date: /home/autopilot/ws/restackcell/ws_moveit2/install/robo_planner/share/robo_planner/config/ur_description/meshes/ur5/collision
[24.585s] -- Up-to-date: /home/autopilot/ws/restackcell/ws_moveit2/install/robo_planner/share/robo_planner/config/ur_description/meshes/ur5/collision/forearm.stl
[24.585s] -- Up-to-date: /home/autopilot/ws/restackcell/ws_moveit2/install/robo_planner/share/robo_planner/config/ur_description/meshes/ur5/collision/base.stl
[24.585s] -- Up-to-date: /home/autopilot/ws/restackcell/ws_moveit2/install/robo_planner/share/robo_planner/config/ur_description/meshes/ur5/collision/wrist2.stl
[24.586s] -- Up-to-date: /home/autopilot/ws/restackcell/ws_moveit2/install/robo_planner/share/robo_planner/config/ur_description/meshes/ur5/collision/wrist3.stl
[24.586s] -- Up-to-date: /home/autopilot/ws/restackcell/ws_moveit2/install/robo_planner/share/robo_planner/config/ur_description/meshes/ur5/collision/wrist1.stl
[24.586s] -- Up-to-date: /home/autopilot/ws/restackcell/ws_moveit2/install/robo_planner/share/robo_planner/config/ur_description/meshes/ur5/collision/shoulder.stl
[24.586s] -- Up-to-date: /home/autopilot/ws/restackcell/ws_moveit2/install/robo_planner/share/robo_planner/config/ur_description/meshes/ur5/collision/upperarm.stl
[24.586s] -- Up-to-date: /home/autopilot/ws/restackcell/ws_moveit2/install/robo_planner/share/robo_planner/config/ur_description/meshes/ur5/visual
[24.586s] -- Up-to-date: /home/autopilot/ws/restackcell/ws_moveit2/install/robo_planner/share/robo_planner/config/ur_description/meshes/ur5/visual/upperarm.dae
[24.586s] -- Up-to-date: /home/autopilot/ws/restackcell/ws_moveit2/install/robo_planner/share/robo_planner/config/ur_description/meshes/ur5/visual/forearm.dae
[24.586s] -- Up-to-date: /home/autopilot/ws/restackcell/ws_moveit2/install/robo_planner/share/robo_planner/config/ur_description/meshes/ur5/visual/shoulder.dae
[24.586s] -- Up-to-date: /home/autopilot/ws/restackcell/ws_moveit2/install/robo_planner/share/robo_planner/config/ur_description/meshes/ur5/visual/wrist3.dae
[24.586s] -- Up-to-date: /home/autopilot/ws/restackcell/ws_moveit2/install/robo_planner/share/robo_planner/config/ur_description/meshes/ur5/visual/wrist1.dae
[24.587s] -- Up-to-date: /home/autopilot/ws/restackcell/ws_moveit2/install/robo_planner/share/robo_planner/config/ur_description/meshes/ur5/visual/wrist2.dae
[24.587s] -- Up-to-date: /home/autopilot/ws/restackcell/ws_moveit2/install/robo_planner/share/robo_planner/config/ur_description/meshes/ur5/visual/base.dae
[24.587s] -- Up-to-date: /home/autopilot/ws/restackcell/ws_moveit2/install/robo_planner/share/robo_planner/config/ur_description/local_setup.bash
[24.587s] -- Up-to-date: /home/autopilot/ws/restackcell/ws_moveit2/install/robo_planner/share/robo_planner/config/ur_description/test
[24.587s] -- Up-to-date: /home/autopilot/ws/restackcell/ws_moveit2/install/robo_planner/share/robo_planner/config/ur_description/test/__pycache__
[24.587s] -- Up-to-date: /home/autopilot/ws/restackcell/ws_moveit2/install/robo_planner/share/robo_planner/config/ur_description/test/__pycache__/test_ur_urdf_xacro.cpython-310-pytest-6.2.5.pyc
[24.587s] -- Up-to-date: /home/autopilot/ws/restackcell/ws_moveit2/install/robo_planner/share/robo_planner/config/ur_description/test/__pycache__/test_view_ur_launch.cpython-310-pytest-6.2.5.pyc
[24.588s] -- Up-to-date: /home/autopilot/ws/restackcell/ws_moveit2/install/robo_planner/share/robo_planner/config/ur_description/test/test_ur_urdf_xacro.py
[24.588s] -- Up-to-date: /home/autopilot/ws/restackcell/ws_moveit2/install/robo_planner/share/robo_planner/config/ur_description/test/test_view_ur_launch.py
[24.588s] -- Up-to-date: /home/autopilot/ws/restackcell/ws_moveit2/install/robo_planner/share/robo_planner/config/ur_description/environment
[24.588s] -- Up-to-date: /home/autopilot/ws/restackcell/ws_moveit2/install/robo_planner/share/robo_planner/config/ur_description/environment/ament_prefix_path.sh
[24.588s] -- Up-to-date: /home/autopilot/ws/restackcell/ws_moveit2/install/robo_planner/share/robo_planner/config/ur_description/environment/path.dsv
[24.588s] -- Up-to-date: /home/autopilot/ws/restackcell/ws_moveit2/install/robo_planner/share/robo_planner/config/ur_description/environment/ament_prefix_path.dsv
[24.588s] -- Up-to-date: /home/autopilot/ws/restackcell/ws_moveit2/install/robo_planner/share/robo_planner/config/ur_description/environment/path.sh
[24.588s] -- Up-to-date: /home/autopilot/ws/restackcell/ws_moveit2/install/robo_planner/share/robo_planner/config/ur_description/package.xml
[24.588s] -- Up-to-date: /home/autopilot/ws/restackcell/ws_moveit2/install/robo_planner/share/robo_planner/config/custom_moveit_config
[24.588s] -- Up-to-date: /home/autopilot/ws/restackcell/ws_moveit2/install/robo_planner/share/robo_planner/config/custom_moveit_config/rviz
[24.589s] -- Up-to-date: /home/autopilot/ws/restackcell/ws_moveit2/install/robo_planner/share/robo_planner/config/custom_moveit_config/rviz/view_robot.rviz
[24.589s] -- Up-to-date: /home/autopilot/ws/restackcell/ws_moveit2/install/robo_planner/share/robo_planner/config/custom_moveit_config/config
[24.589s] -- Up-to-date: /home/autopilot/ws/restackcell/ws_moveit2/install/robo_planner/share/robo_planner/config/custom_moveit_config/config/ur_servo.yaml
[24.589s] -- Up-to-date: /home/autopilot/ws/restackcell/ws_moveit2/install/robo_planner/share/robo_planner/config/custom_moveit_config/config/ompl_planning.yaml
[24.589s] -- Up-to-date: /home/autopilot/ws/restackcell/ws_moveit2/install/robo_planner/share/robo_planner/config/custom_moveit_config/config/joint_limits.yaml
[24.590s] -- Up-to-date: /home/autopilot/ws/restackcell/ws_moveit2/install/robo_planner/share/robo_planner/config/custom_moveit_config/config/controllers.yaml
[24.590s] -- Up-to-date: /home/autopilot/ws/restackcell/ws_moveit2/install/robo_planner/share/robo_planner/config/custom_moveit_config/config/pilz_cartesian_limits.yaml
[24.590s] -- Up-to-date: /home/autopilot/ws/restackcell/ws_moveit2/install/robo_planner/share/robo_planner/config/custom_moveit_config/config/pilz_industrial_motion_planner_planning.yaml
[24.590s] -- Up-to-date: /home/autopilot/ws/restackcell/ws_moveit2/install/robo_planner/share/robo_planner/config/custom_moveit_config/config/kinematics.yaml
[24.590s] -- Up-to-date: /home/autopilot/ws/restackcell/ws_moveit2/install/robo_planner/share/robo_planner/config/custom_moveit_config/srdf
[24.590s] -- Up-to-date: /home/autopilot/ws/restackcell/ws_moveit2/install/robo_planner/share/robo_planner/config/custom_moveit_config/srdf/ur_macro.srdf.xacro
[24.590s] -- Up-to-date: /home/autopilot/ws/restackcell/ws_moveit2/install/robo_planner/share/robo_planner/config/custom_moveit_config/srdf/ur.srdf.xacro
[24.590s] -- Up-to-date: /home/autopilot/ws/restackcell/ws_moveit2/install/robo_planner/share/robo_planner/config/visual_parameters.yaml
[24.590s] -- Up-to-date: /home/autopilot/ws/restackcell/ws_moveit2/install/robo_planner/share/robo_planner/config/custom_ur_description
[24.590s] -- Up-to-date: /home/autopilot/ws/restackcell/ws_moveit2/install/robo_planner/share/robo_planner/config/custom_ur_description/urdf
[24.591s] -- Up-to-date: /home/autopilot/ws/restackcell/ws_moveit2/install/robo_planner/share/robo_planner/config/custom_ur_description/urdf/ur_macro.xacro_restack
[24.591s] -- Up-to-date: /home/autopilot/ws/restackcell/ws_moveit2/install/robo_planner/share/robo_planner/config/custom_ur_description/urdf/ur_macro_old.xacro
[24.591s] -- Up-to-date: /home/autopilot/ws/restackcell/ws_moveit2/install/robo_planner/share/robo_planner/config/custom_ur_description/urdf/ur_macro.xacro2
[24.591s] -- Up-to-date: /home/autopilot/ws/restackcell/ws_moveit2/install/robo_planner/share/robo_planner/config/custom_ur_description/urdf/ur.ros2_control.xacro
[24.591s] -- Up-to-date: /home/autopilot/ws/restackcell/ws_moveit2/install/robo_planner/share/robo_planner/config/custom_ur_description/urdf/ur.urdf.xacro
[24.591s] -- Up-to-date: /home/autopilot/ws/restackcell/ws_moveit2/install/robo_planner/share/robo_planner/config/custom_ur_description/urdf/ur_macro.xacro_original
[24.591s] -- Up-to-date: /home/autopilot/ws/restackcell/ws_moveit2/install/robo_planner/share/robo_planner/config/custom_ur_description/urdf/inc
[24.591s] -- Up-to-date: /home/autopilot/ws/restackcell/ws_moveit2/install/robo_planner/share/robo_planner/config/custom_ur_description/urdf/inc/ur_transmissions.xacro
[24.591s] -- Up-to-date: /home/autopilot/ws/restackcell/ws_moveit2/install/robo_planner/share/robo_planner/config/custom_ur_description/urdf/inc/ur_common.xacro
[24.591s] -- Up-to-date: /home/autopilot/ws/restackcell/ws_moveit2/install/robo_planner/share/robo_planner/config/custom_ur_description/urdf/ur_macro.xacro
[24.592s] -- Up-to-date: /home/autopilot/ws/restackcell/ws_moveit2/install/robo_planner/share/robo_planner/config/custom_ur_description/visual_parameters.yaml
[24.592s] -- Up-to-date: /home/autopilot/ws/restackcell/ws_moveit2/install/robo_planner/share/robo_planner/config/custom_ur_description/default_kinematics.yaml
[24.592s] -- Up-to-date: /home/autopilot/ws/restackcell/ws_moveit2/install/robo_planner/share/robo_planner/config/custom_ur_description/joint_limits.yaml
[24.592s] -- Up-to-date: /home/autopilot/ws/restackcell/ws_moveit2/install/robo_planner/share/robo_planner/config/custom_ur_description/pilz_cartesian_limits.yaml
[24.592s] -- Up-to-date: /home/autopilot/ws/restackcell/ws_moveit2/install/robo_planner/share/robo_planner/config/custom_ur_description/physical_parameters.yaml
[24.592s] -- Up-to-date: /home/autopilot/ws/restackcell/ws_moveit2/install/robo_planner/share/robo_planner/config/default_kinematics.yaml
[24.592s] -- Up-to-date: /home/autopilot/ws/restackcell/ws_moveit2/install/robo_planner/share/robo_planner/config/ur_moveit_config
[24.592s] -- Up-to-date: /home/autopilot/ws/restackcell/ws_moveit2/install/robo_planner/share/robo_planner/config/ur_moveit_config/package.dsv
[24.592s] -- Up-to-date: /home/autopilot/ws/restackcell/ws_moveit2/install/robo_planner/share/robo_planner/config/ur_moveit_config/local_setup.zsh
[24.592s] -- Up-to-date: /home/autopilot/ws/restackcell/ws_moveit2/install/robo_planner/share/robo_planner/config/ur_moveit_config/rviz
[24.592s] -- Up-to-date: /home/autopilot/ws/restackcell/ws_moveit2/install/robo_planner/share/robo_planner/config/ur_moveit_config/rviz/view_robot.rviz
[24.593s] -- Up-to-date: /home/autopilot/ws/restackcell/ws_moveit2/install/robo_planner/share/robo_planner/config/ur_moveit_config/local_setup.sh
[24.593s] -- Up-to-date: /home/autopilot/ws/restackcell/ws_moveit2/install/robo_planner/share/robo_planner/config/ur_moveit_config/cmake
[24.593s] -- Up-to-date: /home/autopilot/ws/restackcell/ws_moveit2/install/robo_planner/share/robo_planner/config/ur_moveit_config/cmake/ur_moveit_configConfig-version.cmake
[24.593s] -- Up-to-date: /home/autopilot/ws/restackcell/ws_moveit2/install/robo_planner/share/robo_planner/config/ur_moveit_config/cmake/ur_moveit_configConfig.cmake
[24.593s] -- Up-to-date: /home/autopilot/ws/restackcell/ws_moveit2/install/robo_planner/share/robo_planner/config/ur_moveit_config/local_setup.dsv
[24.593s] -- Up-to-date: /home/autopilot/ws/restackcell/ws_moveit2/install/robo_planner/share/robo_planner/config/ur_moveit_config/config
[24.593s] -- Up-to-date: /home/autopilot/ws/restackcell/ws_moveit2/install/robo_planner/share/robo_planner/config/ur_moveit_config/config/ur_servo.yaml
[24.593s] -- Up-to-date: /home/autopilot/ws/restackcell/ws_moveit2/install/robo_planner/share/robo_planner/config/ur_moveit_config/config/ompl_planning.yaml
[24.593s] -- Up-to-date: /home/autopilot/ws/restackcell/ws_moveit2/install/robo_planner/share/robo_planner/config/ur_moveit_config/config/controllers.yaml
[24.593s] -- Up-to-date: /home/autopilot/ws/restackcell/ws_moveit2/install/robo_planner/share/robo_planner/config/ur_moveit_config/config/pilz_cartesian_limits.yaml
[24.594s] -- Up-to-date: /home/autopilot/ws/restackcell/ws_moveit2/install/robo_planner/share/robo_planner/config/ur_moveit_config/config/pilz_industrial_motion_planner_planning.yaml
[24.594s] -- Up-to-date: /home/autopilot/ws/restackcell/ws_moveit2/install/robo_planner/share/robo_planner/config/ur_moveit_config/config/kinematics.yaml
[24.594s] -- Up-to-date: /home/autopilot/ws/restackcell/ws_moveit2/install/robo_planner/share/robo_planner/config/ur_moveit_config/launch
[24.594s] -- Up-to-date: /home/autopilot/ws/restackcell/ws_moveit2/install/robo_planner/share/robo_planner/config/ur_moveit_config/launch/ur_moveit.launch.py
[24.594s] -- Up-to-date: /home/autopilot/ws/restackcell/ws_moveit2/install/robo_planner/share/robo_planner/config/ur_moveit_config/local_setup.bash
[24.594s] -- Up-to-date: /home/autopilot/ws/restackcell/ws_moveit2/install/robo_planner/share/robo_planner/config/ur_moveit_config/environment
[24.594s] -- Up-to-date: /home/autopilot/ws/restackcell/ws_moveit2/install/robo_planner/share/robo_planner/config/ur_moveit_config/environment/pythonpath.sh
[24.594s] -- Up-to-date: /home/autopilot/ws/restackcell/ws_moveit2/install/robo_planner/share/robo_planner/config/ur_moveit_config/environment/ament_prefix_path.sh
[24.594s] -- Up-to-date: /home/autopilot/ws/restackcell/ws_moveit2/install/robo_planner/share/robo_planner/config/ur_moveit_config/environment/path.dsv
[24.594s] -- Up-to-date: /home/autopilot/ws/restackcell/ws_moveit2/install/robo_planner/share/robo_planner/config/ur_moveit_config/environment/ament_prefix_path.dsv
[24.595s] -- Up-to-date: /home/autopilot/ws/restackcell/ws_moveit2/install/robo_planner/share/robo_planner/config/ur_moveit_config/environment/pythonpath.dsv
[24.595s] -- Up-to-date: /home/autopilot/ws/restackcell/ws_moveit2/install/robo_planner/share/robo_planner/config/ur_moveit_config/environment/path.sh
[24.595s] -- Up-to-date: /home/autopilot/ws/restackcell/ws_moveit2/install/robo_planner/share/robo_planner/config/ur_moveit_config/package.xml
[24.595s] -- Up-to-date: /home/autopilot/ws/restackcell/ws_moveit2/install/robo_planner/share/robo_planner/config/ur_moveit_config/srdf
[24.595s] -- Up-to-date: /home/autopilot/ws/restackcell/ws_moveit2/install/robo_planner/share/robo_planner/config/ur_moveit_config/srdf/ur_macro.srdf.xacro
[24.595s] -- Up-to-date: /home/autopilot/ws/restackcell/ws_moveit2/install/robo_planner/share/robo_planner/config/ur_moveit_config/srdf/ur.srdf.xacro
[24.595s] -- Up-to-date: /home/autopilot/ws/restackcell/ws_moveit2/install/robo_planner/share/robo_planner/config/joint_limits.yaml
[24.595s] -- Up-to-date: /home/autopilot/ws/restackcell/ws_moveit2/install/robo_planner/share/robo_planner/config/pilz_cartesian_limits.yaml
[24.595s] -- Up-to-date: /home/autopilot/ws/restackcell/ws_moveit2/install/robo_planner/share/robo_planner/config/pilz_industrial_motion_planner_planning.yaml
[24.595s] -- Up-to-date: /home/autopilot/ws/restackcell/ws_moveit2/install/robo_planner/share/robo_planner/config/physical_parameters.yaml
[24.596s] -- Up-to-date: /home/autopilot/ws/restackcell/ws_moveit2/install/robo_planner/share/ament_index/resource_index/package_run_dependencies/robo_planner
[24.596s] -- Up-to-date: /home/autopilot/ws/restackcell/ws_moveit2/install/robo_planner/share/ament_index/resource_index/parent_prefix_path/robo_planner
[24.596s] -- Up-to-date: /home/autopilot/ws/restackcell/ws_moveit2/install/robo_planner/share/robo_planner/environment/ament_prefix_path.sh
[24.596s] -- Up-to-date: /home/autopilot/ws/restackcell/ws_moveit2/install/robo_planner/share/robo_planner/environment/ament_prefix_path.dsv
[24.596s] -- Up-to-date: /home/autopilot/ws/restackcell/ws_moveit2/install/robo_planner/share/robo_planner/environment/path.sh
[24.596s] -- Up-to-date: /home/autopilot/ws/restackcell/ws_moveit2/install/robo_planner/share/robo_planner/environment/path.dsv
[24.596s] -- Up-to-date: /home/autopilot/ws/restackcell/ws_moveit2/install/robo_planner/share/robo_planner/local_setup.bash
[24.596s] -- Up-to-date: /home/autopilot/ws/restackcell/ws_moveit2/install/robo_planner/share/robo_planner/local_setup.sh
[24.596s] -- Up-to-date: /home/autopilot/ws/restackcell/ws_moveit2/install/robo_planner/share/robo_planner/local_setup.zsh
[24.597s] -- Up-to-date: /home/autopilot/ws/restackcell/ws_moveit2/install/robo_planner/share/robo_planner/local_setup.dsv
[24.597s] -- Installing: /home/autopilot/ws/restackcell/ws_moveit2/install/robo_planner/share/robo_planner/package.dsv
[24.597s] -- Up-to-date: /home/autopilot/ws/restackcell/ws_moveit2/install/robo_planner/share/ament_index/resource_index/packages/robo_planner
[24.597s] -- Up-to-date: /home/autopilot/ws/restackcell/ws_moveit2/install/robo_planner/share/robo_planner/cmake/robo_plannerConfig.cmake
[24.597s] -- Up-to-date: /home/autopilot/ws/restackcell/ws_moveit2/install/robo_planner/share/robo_planner/cmake/robo_plannerConfig-version.cmake
[24.597s] -- Up-to-date: /home/autopilot/ws/restackcell/ws_moveit2/install/robo_planner/share/robo_planner/package.xml
[24.598s] Invoked command in '/home/autopilot/ws/restackcell/ws_moveit2/build/robo_planner' returned '0': AMENT_PREFIX_PATH=/home/autopilot/ws/restackcell/ws_moveit2/install/opcua_interfaces:${AMENT_PREFIX_PATH} CMAKE_PREFIX_PATH=/opt/ros/humble:/home/autopilot/ws/restackcell/ws_moveit2/install/wzlscheduler_interfaces:/home/autopilot/ws/restackcell/ws_moveit2/install/opcua_interfaces LD_LIBRARY_PATH=/home/autopilot/ws/restackcell/ws_moveit2/install/wzlscheduler_interfaces/lib:/home/autopilot/ws/restackcell/ws_moveit2/install/opcua_interfaces/lib:${LD_LIBRARY_PATH} PKG_CONFIG_PATH=/home/autopilot/ws/restackcell/ws_moveit2/install/wzlscheduler_interfaces/lib/aarch64-linux-gnu/pkgconfig:/home/autopilot/ws/restackcell/ws_moveit2/install/wzlscheduler_interfaces/lib/pkgconfig PYTHONPATH=/home/autopilot/ws/restackcell/ws_moveit2/install/wzlscheduler_interfaces/local/lib/python3.10/dist-packages:/home/autopilot/ws/restackcell/ws_moveit2/install/opcua_interfaces/local/lib/python3.10/dist-packages:${PYTHONPATH} ROS_PACKAGE_PATH=/home/autopilot/ws/restackcell/ws_moveit2/install/wzlscheduler_interfaces/share /usr/bin/cmake --install /home/autopilot/ws/restackcell/ws_moveit2/build/robo_planner
