[0.311s] Invoking command in '/home/alex/restackcell/ws_moveit2/build/tutorial_interfaces': CMAKE_PREFIX_PATH=${CMAKE_PREFIX_PATH}:/home/alex/ws_moveit2/install/moveit_configs_utils:/home/alex/ws_moveit2/install/launch_param_builder:/opt/ros/humble /usr/bin/cmake /home/alex/restackcell/ws_moveit2/src/tutorial_interfaces -DCMAKE_INSTALL_PREFIX=/home/alex/restackcell/ws_moveit2/install/tutorial_interfaces
[0.621s] -- The C compiler identification is GNU 11.4.0
[0.621s] -- The CXX compiler identification is GNU 11.4.0
[0.621s] -- Detecting C compiler ABI info
[0.621s] -- Detecting C compiler ABI info - done
[0.621s] -- Check for working C compiler: /usr/bin/cc - skipped
[0.621s] -- Detecting C compile features
[0.621s] -- Detecting C compile features - done
[0.621s] -- Detecting CXX compiler ABI info
[0.649s] -- Detecting CXX compiler ABI info - done
[0.657s] -- Check for working CXX compiler: /usr/bin/c++ - skipped
[0.658s] -- Detecting CXX compile features
[0.658s] -- Detecting CXX compile features - done
[0.669s] -- Found ament_cmake: 1.3.8 (/opt/ros/humble/share/ament_cmake/cmake)
[0.829s] -- Found Python3: /usr/bin/python3 (found version "3.10.12") found components: Interpreter 
[0.990s] -- Found rosidl_default_generators: 1.2.0 (/opt/ros/humble/share/rosidl_default_generators/cmake)
[1.003s] -- Using all available rosidl_typesupport_c: rosidl_typesupport_fastrtps_c;rosidl_typesupport_introspection_c
[1.026s] -- Found rosidl_adapter: 3.1.5 (/opt/ros/humble/share/rosidl_adapter/cmake)
[1.114s] -- Using all available rosidl_typesupport_cpp: rosidl_typesupport_fastrtps_cpp;rosidl_typesupport_introspection_cpp
[1.401s] -- Found ament_cmake_ros: 0.10.0 (/opt/ros/humble/share/ament_cmake_ros/cmake)
[1.588s] -- Using all available rosidl_typesupport_c: rosidl_typesupport_fastrtps_c;rosidl_typesupport_introspection_c
[1.807s] -- Using all available rosidl_typesupport_cpp: rosidl_typesupport_fastrtps_cpp;rosidl_typesupport_introspection_cpp
[1.831s] -- Found PythonInterp: /usr/bin/python3 (found suitable version "3.10.12", minimum required is "3.6") 
[1.838s] -- Found python_cmake_module: 0.10.0 (/opt/ros/humble/share/python_cmake_module/cmake)
[1.865s] -- Found PythonLibs: /usr/lib/x86_64-linux-gnu/libpython3.10.so (found suitable version "3.10.12", minimum required is "3.5") 
[1.865s] -- Using PYTHON_EXECUTABLE: /usr/bin/python3
[1.865s] -- Using PYTHON_INCLUDE_DIRS: /usr/include/python3.10
[1.865s] -- Using PYTHON_LIBRARIES: /usr/lib/x86_64-linux-gnu/libpython3.10.so
[1.885s] -- Found PythonExtra: .so  
[1.955s] -- Found ament_lint_auto: 0.12.10 (/opt/ros/humble/share/ament_lint_auto/cmake)
[2.011s] -- Added test 'lint_cmake' to check CMake code style
[2.013s] -- Added test 'xmllint' to check XML markup files
[2.016s] -- Configuring done
[2.042s] -- Generating done
[2.045s] -- Build files have been written to: /home/alex/restackcell/ws_moveit2/build/tutorial_interfaces
[2.056s] Invoked command in '/home/alex/restackcell/ws_moveit2/build/tutorial_interfaces' returned '0': CMAKE_PREFIX_PATH=${CMAKE_PREFIX_PATH}:/home/alex/ws_moveit2/install/moveit_configs_utils:/home/alex/ws_moveit2/install/launch_param_builder:/opt/ros/humble /usr/bin/cmake /home/alex/restackcell/ws_moveit2/src/tutorial_interfaces -DCMAKE_INSTALL_PREFIX=/home/alex/restackcell/ws_moveit2/install/tutorial_interfaces
[2.058s] Invoking command in '/home/alex/restackcell/ws_moveit2/build/tutorial_interfaces': CMAKE_PREFIX_PATH=${CMAKE_PREFIX_PATH}:/home/alex/ws_moveit2/install/moveit_configs_utils:/home/alex/ws_moveit2/install/launch_param_builder:/opt/ros/humble /usr/bin/cmake --build /home/alex/restackcell/ws_moveit2/build/tutorial_interfaces -- -j16 -l16
[2.121s] [  2%] [34m[1mGenerating C code for ROS interfaces[0m
[2.139s] [  5%] [34m[1mGenerating C++ code for ROS interfaces[0m
[2.155s] [  5%] Built target ament_cmake_python_copy_tutorial_interfaces
[2.410s] running egg_info
[2.412s] creating tutorial_interfaces.egg-info
[2.412s] writing tutorial_interfaces.egg-info/PKG-INFO
[2.412s] writing dependency_links to tutorial_interfaces.egg-info/dependency_links.txt
[2.412s] writing top-level names to tutorial_interfaces.egg-info/top_level.txt
[2.413s] writing manifest file 'tutorial_interfaces.egg-info/SOURCES.txt'
[2.414s] reading manifest file 'tutorial_interfaces.egg-info/SOURCES.txt'
[2.414s] writing manifest file 'tutorial_interfaces.egg-info/SOURCES.txt'
[2.422s] [  7%] [32mBuilding C object CMakeFiles/tutorial_interfaces__rosidl_generator_c.dir/rosidl_generator_c/tutorial_interfaces/msg/detail/num__functions.c.o[0m
[2.422s] [  7%] Built target tutorial_interfaces__cpp
[2.423s] [ 10%] [32mBuilding C object CMakeFiles/tutorial_interfaces__rosidl_generator_c.dir/rosidl_generator_c/tutorial_interfaces/srv/detail/add_three_ints__functions.c.o[0m
[2.441s] [ 12%] [34m[1mGenerating C++ type support dispatch for ROS interfaces[0m
[2.443s] [ 15%] [34m[1mGenerating C++ type support for eProsima Fast-RTPS[0m
[2.444s] [ 17%] [34m[1mGenerating C++ introspection for ROS interfaces[0m
[2.469s] [ 17%] Built target ament_cmake_python_build_tutorial_interfaces_egg
[2.487s] [ 20%] [32m[1mLinking C shared library libtutorial_interfaces__rosidl_generator_c.so[0m
[2.546s] [ 20%] Built target tutorial_interfaces__rosidl_generator_c
[2.573s] [ 28%] [34m[1mGenerating C type support for eProsima Fast-RTPS[0m
[2.573s] [ 28%] [34m[1mGenerating C type support dispatch for ROS interfaces[0m
[2.573s] [ 28%] [34m[1mGenerating C introspection for ROS interfaces[0m
[2.804s] [ 30%] [32mBuilding CXX object CMakeFiles/tutorial_interfaces__rosidl_typesupport_cpp.dir/rosidl_typesupport_cpp/tutorial_interfaces/msg/num__type_support.cpp.o[0m
[2.841s] [ 33%] [32mBuilding CXX object CMakeFiles/tutorial_interfaces__rosidl_typesupport_cpp.dir/rosidl_typesupport_cpp/tutorial_interfaces/srv/add_three_ints__type_support.cpp.o[0m
[2.942s] [ 35%] [32mBuilding CXX object CMakeFiles/tutorial_interfaces__rosidl_typesupport_fastrtps_cpp.dir/rosidl_typesupport_fastrtps_cpp/tutorial_interfaces/msg/detail/dds_fastrtps/num__type_support.cpp.o[0m
[2.944s] [ 38%] [32mBuilding CXX object CMakeFiles/tutorial_interfaces__rosidl_typesupport_fastrtps_cpp.dir/rosidl_typesupport_fastrtps_cpp/tutorial_interfaces/srv/detail/dds_fastrtps/add_three_ints__type_support.cpp.o[0m
[2.951s] [ 41%] [32mBuilding CXX object CMakeFiles/tutorial_interfaces__rosidl_typesupport_introspection_cpp.dir/rosidl_typesupport_introspection_cpp/tutorial_interfaces/srv/detail/add_three_ints__type_support.cpp.o[0m
[2.954s] [ 43%] [32mBuilding CXX object CMakeFiles/tutorial_interfaces__rosidl_typesupport_introspection_cpp.dir/rosidl_typesupport_introspection_cpp/tutorial_interfaces/msg/detail/num__type_support.cpp.o[0m
[3.019s] [ 46%] [32mBuilding CXX object CMakeFiles/tutorial_interfaces__rosidl_typesupport_c.dir/rosidl_typesupport_c/tutorial_interfaces/srv/add_three_ints__type_support.cpp.o[0m
[3.029s] [ 48%] [32mBuilding CXX object CMakeFiles/tutorial_interfaces__rosidl_typesupport_c.dir/rosidl_typesupport_c/tutorial_interfaces/msg/num__type_support.cpp.o[0m
[3.063s] [ 51%] [32mBuilding C object CMakeFiles/tutorial_interfaces__rosidl_typesupport_introspection_c.dir/rosidl_typesupport_introspection_c/tutorial_interfaces/msg/detail/num__type_support.c.o[0m
[3.089s] [ 53%] [32mBuilding C object CMakeFiles/tutorial_interfaces__rosidl_typesupport_introspection_c.dir/rosidl_typesupport_introspection_c/tutorial_interfaces/srv/detail/add_three_ints__type_support.c.o[0m
[3.110s] [ 56%] [32mBuilding CXX object CMakeFiles/tutorial_interfaces__rosidl_typesupport_fastrtps_c.dir/rosidl_typesupport_fastrtps_c/tutorial_interfaces/msg/detail/num__type_support_c.cpp.o[0m
[3.123s] [ 58%] [32mBuilding CXX object CMakeFiles/tutorial_interfaces__rosidl_typesupport_fastrtps_c.dir/rosidl_typesupport_fastrtps_c/tutorial_interfaces/srv/detail/add_three_ints__type_support_c.cpp.o[0m
[3.176s] [ 61%] [32m[1mLinking CXX shared library libtutorial_interfaces__rosidl_typesupport_c.so[0m
[3.203s] [ 64%] [32m[1mLinking C shared library libtutorial_interfaces__rosidl_typesupport_introspection_c.so[0m
[3.218s] [ 66%] [32m[1mLinking CXX shared library libtutorial_interfaces__rosidl_typesupport_cpp.so[0m
[3.296s] [ 66%] Built target tutorial_interfaces__rosidl_typesupport_introspection_c
[3.310s] [ 66%] Built target tutorial_interfaces__rosidl_typesupport_c
[3.310s] [ 66%] Built target tutorial_interfaces__rosidl_typesupport_cpp
[3.519s] [ 69%] [32m[1mLinking CXX shared library libtutorial_interfaces__rosidl_typesupport_introspection_cpp.so[0m
[3.556s] [ 74%] [32m[1mLinking CXX shared library libtutorial_interfaces__rosidl_typesupport_fastrtps_cpp.so[0m
[3.556s] [ 74%] [32m[1mLinking CXX shared library libtutorial_interfaces__rosidl_typesupport_fastrtps_c.so[0m
[3.570s] [ 74%] Built target tutorial_interfaces__rosidl_typesupport_introspection_cpp
[3.652s] [ 74%] Built target tutorial_interfaces__rosidl_typesupport_fastrtps_cpp
[3.652s] [ 74%] Built target tutorial_interfaces__rosidl_typesupport_fastrtps_c
[3.689s] [ 74%] Built target tutorial_interfaces
[3.724s] [ 76%] [34m[1mGenerating Python code for ROS interfaces[0m
[4.039s] [ 76%] Built target tutorial_interfaces__py
[4.073s] [ 82%] [32mBuilding C object CMakeFiles/tutorial_interfaces__rosidl_generator_py.dir/rosidl_generator_py/tutorial_interfaces/srv/_add_three_ints_s.c.o[0m
[4.073s] [ 82%] [32mBuilding C object CMakeFiles/tutorial_interfaces__rosidl_generator_py.dir/rosidl_generator_py/tutorial_interfaces/msg/_num_s.c.o[0m
[4.170s] [ 84%] [32m[1mLinking C shared library rosidl_generator_py/tutorial_interfaces/libtutorial_interfaces__rosidl_generator_py.so[0m
[4.222s] [ 84%] Built target tutorial_interfaces__rosidl_generator_py
[4.257s] [ 92%] [32mBuilding C object CMakeFiles/tutorial_interfaces__rosidl_typesupport_introspection_c__pyext.dir/rosidl_generator_py/tutorial_interfaces/_tutorial_interfaces_s.ep.rosidl_typesupport_introspection_c.c.o[0m
[4.257s] [ 92%] [32mBuilding C object CMakeFiles/tutorial_interfaces__rosidl_typesupport_c__pyext.dir/rosidl_generator_py/tutorial_interfaces/_tutorial_interfaces_s.ep.rosidl_typesupport_c.c.o[0m
[4.257s] [ 92%] [32mBuilding C object CMakeFiles/tutorial_interfaces__rosidl_typesupport_fastrtps_c__pyext.dir/rosidl_generator_py/tutorial_interfaces/_tutorial_interfaces_s.ep.rosidl_typesupport_fastrtps_c.c.o[0m
[4.348s] [ 94%] [32m[1mLinking C shared library rosidl_generator_py/tutorial_interfaces/tutorial_interfaces_s__rosidl_typesupport_c.cpython-310-x86_64-linux-gnu.so[0m
[4.350s] [ 97%] [32m[1mLinking C shared library rosidl_generator_py/tutorial_interfaces/tutorial_interfaces_s__rosidl_typesupport_introspection_c.cpython-310-x86_64-linux-gnu.so[0m
[4.352s] [100%] [32m[1mLinking C shared library rosidl_generator_py/tutorial_interfaces/tutorial_interfaces_s__rosidl_typesupport_fastrtps_c.cpython-310-x86_64-linux-gnu.so[0m
[4.396s] [100%] Built target tutorial_interfaces__rosidl_typesupport_c__pyext
[4.397s] [100%] Built target tutorial_interfaces__rosidl_typesupport_introspection_c__pyext
[4.400s] [100%] Built target tutorial_interfaces__rosidl_typesupport_fastrtps_c__pyext
[4.420s] Invoked command in '/home/alex/restackcell/ws_moveit2/build/tutorial_interfaces' returned '0': CMAKE_PREFIX_PATH=${CMAKE_PREFIX_PATH}:/home/alex/ws_moveit2/install/moveit_configs_utils:/home/alex/ws_moveit2/install/launch_param_builder:/opt/ros/humble /usr/bin/cmake --build /home/alex/restackcell/ws_moveit2/build/tutorial_interfaces -- -j16 -l16
[4.644s] Invoking command in '/home/alex/restackcell/ws_moveit2/build/tutorial_interfaces': CMAKE_PREFIX_PATH=${CMAKE_PREFIX_PATH}:/home/alex/ws_moveit2/install/moveit_configs_utils:/home/alex/ws_moveit2/install/launch_param_builder:/opt/ros/humble /usr/bin/cmake --install /home/alex/restackcell/ws_moveit2/build/tutorial_interfaces
[4.657s] -- Install configuration: ""
[4.657s] -- Installing: /home/alex/restackcell/ws_moveit2/install/tutorial_interfaces/share/ament_index/resource_index/rosidl_interfaces/tutorial_interfaces
[4.657s] -- Installing: /home/alex/restackcell/ws_moveit2/install/tutorial_interfaces/include/tutorial_interfaces/tutorial_interfaces
[4.657s] -- Installing: /home/alex/restackcell/ws_moveit2/install/tutorial_interfaces/include/tutorial_interfaces/tutorial_interfaces/srv
[4.657s] -- Installing: /home/alex/restackcell/ws_moveit2/install/tutorial_interfaces/include/tutorial_interfaces/tutorial_interfaces/srv/add_three_ints.h
[4.657s] -- Installing: /home/alex/restackcell/ws_moveit2/install/tutorial_interfaces/include/tutorial_interfaces/tutorial_interfaces/srv/detail
[4.657s] -- Installing: /home/alex/restackcell/ws_moveit2/install/tutorial_interfaces/include/tutorial_interfaces/tutorial_interfaces/srv/detail/add_three_ints__functions.h
[4.658s] -- Installing: /home/alex/restackcell/ws_moveit2/install/tutorial_interfaces/include/tutorial_interfaces/tutorial_interfaces/srv/detail/add_three_ints__struct.h
[4.658s] -- Installing: /home/alex/restackcell/ws_moveit2/install/tutorial_interfaces/include/tutorial_interfaces/tutorial_interfaces/srv/detail/add_three_ints__functions.c
[4.658s] -- Installing: /home/alex/restackcell/ws_moveit2/install/tutorial_interfaces/include/tutorial_interfaces/tutorial_interfaces/srv/detail/add_three_ints__type_support.h
[4.658s] -- Installing: /home/alex/restackcell/ws_moveit2/install/tutorial_interfaces/include/tutorial_interfaces/tutorial_interfaces/msg
[4.658s] -- Installing: /home/alex/restackcell/ws_moveit2/install/tutorial_interfaces/include/tutorial_interfaces/tutorial_interfaces/msg/num.h
[4.658s] -- Installing: /home/alex/restackcell/ws_moveit2/install/tutorial_interfaces/include/tutorial_interfaces/tutorial_interfaces/msg/rosidl_generator_c__visibility_control.h
[4.658s] -- Installing: /home/alex/restackcell/ws_moveit2/install/tutorial_interfaces/include/tutorial_interfaces/tutorial_interfaces/msg/detail
[4.658s] -- Installing: /home/alex/restackcell/ws_moveit2/install/tutorial_interfaces/include/tutorial_interfaces/tutorial_interfaces/msg/detail/num__functions.h
[4.658s] -- Installing: /home/alex/restackcell/ws_moveit2/install/tutorial_interfaces/include/tutorial_interfaces/tutorial_interfaces/msg/detail/num__type_support.h
[4.658s] -- Installing: /home/alex/restackcell/ws_moveit2/install/tutorial_interfaces/include/tutorial_interfaces/tutorial_interfaces/msg/detail/num__struct.h
[4.658s] -- Installing: /home/alex/restackcell/ws_moveit2/install/tutorial_interfaces/include/tutorial_interfaces/tutorial_interfaces/msg/detail/num__functions.c
[4.658s] -- Installing: /home/alex/restackcell/ws_moveit2/install/tutorial_interfaces/share/tutorial_interfaces/environment/library_path.sh
[4.659s] -- Installing: /home/alex/restackcell/ws_moveit2/install/tutorial_interfaces/share/tutorial_interfaces/environment/library_path.dsv
[4.659s] -- Installing: /home/alex/restackcell/ws_moveit2/install/tutorial_interfaces/lib/libtutorial_interfaces__rosidl_generator_c.so
[4.659s] -- Set runtime path of "/home/alex/restackcell/ws_moveit2/install/tutorial_interfaces/lib/libtutorial_interfaces__rosidl_generator_c.so" to ""
[4.659s] -- Up-to-date: /home/alex/restackcell/ws_moveit2/install/tutorial_interfaces/include/tutorial_interfaces/tutorial_interfaces
[4.659s] -- Up-to-date: /home/alex/restackcell/ws_moveit2/install/tutorial_interfaces/include/tutorial_interfaces/tutorial_interfaces/srv
[4.659s] -- Up-to-date: /home/alex/restackcell/ws_moveit2/install/tutorial_interfaces/include/tutorial_interfaces/tutorial_interfaces/srv/detail
[4.659s] -- Installing: /home/alex/restackcell/ws_moveit2/install/tutorial_interfaces/include/tutorial_interfaces/tutorial_interfaces/srv/detail/add_three_ints__rosidl_typesupport_fastrtps_c.h
[4.659s] -- Up-to-date: /home/alex/restackcell/ws_moveit2/install/tutorial_interfaces/include/tutorial_interfaces/tutorial_interfaces/msg
[4.659s] -- Installing: /home/alex/restackcell/ws_moveit2/install/tutorial_interfaces/include/tutorial_interfaces/tutorial_interfaces/msg/rosidl_typesupport_fastrtps_c__visibility_control.h
[4.659s] -- Up-to-date: /home/alex/restackcell/ws_moveit2/install/tutorial_interfaces/include/tutorial_interfaces/tutorial_interfaces/msg/detail
[4.659s] -- Installing: /home/alex/restackcell/ws_moveit2/install/tutorial_interfaces/include/tutorial_interfaces/tutorial_interfaces/msg/detail/num__rosidl_typesupport_fastrtps_c.h
[4.660s] -- Installing: /home/alex/restackcell/ws_moveit2/install/tutorial_interfaces/lib/libtutorial_interfaces__rosidl_typesupport_fastrtps_c.so
[4.660s] -- Set runtime path of "/home/alex/restackcell/ws_moveit2/install/tutorial_interfaces/lib/libtutorial_interfaces__rosidl_typesupport_fastrtps_c.so" to ""
[4.660s] -- Up-to-date: /home/alex/restackcell/ws_moveit2/install/tutorial_interfaces/include/tutorial_interfaces/tutorial_interfaces
[4.660s] -- Up-to-date: /home/alex/restackcell/ws_moveit2/install/tutorial_interfaces/include/tutorial_interfaces/tutorial_interfaces/srv
[4.660s] -- Up-to-date: /home/alex/restackcell/ws_moveit2/install/tutorial_interfaces/include/tutorial_interfaces/tutorial_interfaces/srv/detail
[4.660s] -- Installing: /home/alex/restackcell/ws_moveit2/install/tutorial_interfaces/include/tutorial_interfaces/tutorial_interfaces/srv/detail/add_three_ints__type_support.c
[4.660s] -- Installing: /home/alex/restackcell/ws_moveit2/install/tutorial_interfaces/include/tutorial_interfaces/tutorial_interfaces/srv/detail/add_three_ints__rosidl_typesupport_introspection_c.h
[4.660s] -- Up-to-date: /home/alex/restackcell/ws_moveit2/install/tutorial_interfaces/include/tutorial_interfaces/tutorial_interfaces/msg
[4.660s] -- Installing: /home/alex/restackcell/ws_moveit2/install/tutorial_interfaces/include/tutorial_interfaces/tutorial_interfaces/msg/rosidl_typesupport_introspection_c__visibility_control.h
[4.660s] -- Up-to-date: /home/alex/restackcell/ws_moveit2/install/tutorial_interfaces/include/tutorial_interfaces/tutorial_interfaces/msg/detail
[4.661s] -- Installing: /home/alex/restackcell/ws_moveit2/install/tutorial_interfaces/include/tutorial_interfaces/tutorial_interfaces/msg/detail/num__rosidl_typesupport_introspection_c.h
[4.661s] -- Installing: /home/alex/restackcell/ws_moveit2/install/tutorial_interfaces/include/tutorial_interfaces/tutorial_interfaces/msg/detail/num__type_support.c
[4.661s] -- Installing: /home/alex/restackcell/ws_moveit2/install/tutorial_interfaces/lib/libtutorial_interfaces__rosidl_typesupport_introspection_c.so
[4.661s] -- Set runtime path of "/home/alex/restackcell/ws_moveit2/install/tutorial_interfaces/lib/libtutorial_interfaces__rosidl_typesupport_introspection_c.so" to ""
[4.661s] -- Installing: /home/alex/restackcell/ws_moveit2/install/tutorial_interfaces/lib/libtutorial_interfaces__rosidl_typesupport_c.so
[4.661s] -- Set runtime path of "/home/alex/restackcell/ws_moveit2/install/tutorial_interfaces/lib/libtutorial_interfaces__rosidl_typesupport_c.so" to ""
[4.661s] -- Up-to-date: /home/alex/restackcell/ws_moveit2/install/tutorial_interfaces/include/tutorial_interfaces/tutorial_interfaces
[4.662s] -- Up-to-date: /home/alex/restackcell/ws_moveit2/install/tutorial_interfaces/include/tutorial_interfaces/tutorial_interfaces/srv
[4.662s] -- Installing: /home/alex/restackcell/ws_moveit2/install/tutorial_interfaces/include/tutorial_interfaces/tutorial_interfaces/srv/add_three_ints.hpp
[4.662s] -- Up-to-date: /home/alex/restackcell/ws_moveit2/install/tutorial_interfaces/include/tutorial_interfaces/tutorial_interfaces/srv/detail
[4.662s] -- Installing: /home/alex/restackcell/ws_moveit2/install/tutorial_interfaces/include/tutorial_interfaces/tutorial_interfaces/srv/detail/add_three_ints__traits.hpp
[4.662s] -- Installing: /home/alex/restackcell/ws_moveit2/install/tutorial_interfaces/include/tutorial_interfaces/tutorial_interfaces/srv/detail/add_three_ints__builder.hpp
[4.662s] -- Installing: /home/alex/restackcell/ws_moveit2/install/tutorial_interfaces/include/tutorial_interfaces/tutorial_interfaces/srv/detail/add_three_ints__struct.hpp
[4.662s] -- Up-to-date: /home/alex/restackcell/ws_moveit2/install/tutorial_interfaces/include/tutorial_interfaces/tutorial_interfaces/msg
[4.662s] -- Installing: /home/alex/restackcell/ws_moveit2/install/tutorial_interfaces/include/tutorial_interfaces/tutorial_interfaces/msg/num.hpp
[4.662s] -- Up-to-date: /home/alex/restackcell/ws_moveit2/install/tutorial_interfaces/include/tutorial_interfaces/tutorial_interfaces/msg/detail
[4.662s] -- Installing: /home/alex/restackcell/ws_moveit2/install/tutorial_interfaces/include/tutorial_interfaces/tutorial_interfaces/msg/detail/num__struct.hpp
[4.662s] -- Installing: /home/alex/restackcell/ws_moveit2/install/tutorial_interfaces/include/tutorial_interfaces/tutorial_interfaces/msg/detail/num__traits.hpp
[4.662s] -- Installing: /home/alex/restackcell/ws_moveit2/install/tutorial_interfaces/include/tutorial_interfaces/tutorial_interfaces/msg/detail/num__builder.hpp
[4.663s] -- Up-to-date: /home/alex/restackcell/ws_moveit2/install/tutorial_interfaces/include/tutorial_interfaces/tutorial_interfaces
[4.663s] -- Up-to-date: /home/alex/restackcell/ws_moveit2/install/tutorial_interfaces/include/tutorial_interfaces/tutorial_interfaces/srv
[4.663s] -- Up-to-date: /home/alex/restackcell/ws_moveit2/install/tutorial_interfaces/include/tutorial_interfaces/tutorial_interfaces/srv/detail
[4.663s] -- Installing: /home/alex/restackcell/ws_moveit2/install/tutorial_interfaces/include/tutorial_interfaces/tutorial_interfaces/srv/detail/dds_fastrtps
[4.663s] -- Installing: /home/alex/restackcell/ws_moveit2/install/tutorial_interfaces/include/tutorial_interfaces/tutorial_interfaces/srv/detail/add_three_ints__rosidl_typesupport_fastrtps_cpp.hpp
[4.663s] -- Up-to-date: /home/alex/restackcell/ws_moveit2/install/tutorial_interfaces/include/tutorial_interfaces/tutorial_interfaces/msg
[4.663s] -- Installing: /home/alex/restackcell/ws_moveit2/install/tutorial_interfaces/include/tutorial_interfaces/tutorial_interfaces/msg/rosidl_typesupport_fastrtps_cpp__visibility_control.h
[4.663s] -- Up-to-date: /home/alex/restackcell/ws_moveit2/install/tutorial_interfaces/include/tutorial_interfaces/tutorial_interfaces/msg/detail
[4.663s] -- Installing: /home/alex/restackcell/ws_moveit2/install/tutorial_interfaces/include/tutorial_interfaces/tutorial_interfaces/msg/detail/dds_fastrtps
[4.663s] -- Installing: /home/alex/restackcell/ws_moveit2/install/tutorial_interfaces/include/tutorial_interfaces/tutorial_interfaces/msg/detail/num__rosidl_typesupport_fastrtps_cpp.hpp
[4.663s] -- Installing: /home/alex/restackcell/ws_moveit2/install/tutorial_interfaces/lib/libtutorial_interfaces__rosidl_typesupport_fastrtps_cpp.so
[4.663s] -- Set runtime path of "/home/alex/restackcell/ws_moveit2/install/tutorial_interfaces/lib/libtutorial_interfaces__rosidl_typesupport_fastrtps_cpp.so" to ""
[4.664s] -- Up-to-date: /home/alex/restackcell/ws_moveit2/install/tutorial_interfaces/include/tutorial_interfaces/tutorial_interfaces
[4.664s] -- Up-to-date: /home/alex/restackcell/ws_moveit2/install/tutorial_interfaces/include/tutorial_interfaces/tutorial_interfaces/srv
[4.664s] -- Up-to-date: /home/alex/restackcell/ws_moveit2/install/tutorial_interfaces/include/tutorial_interfaces/tutorial_interfaces/srv/detail
[4.664s] -- Installing: /home/alex/restackcell/ws_moveit2/install/tutorial_interfaces/include/tutorial_interfaces/tutorial_interfaces/srv/detail/add_three_ints__rosidl_typesupport_introspection_cpp.hpp
[4.664s] -- Installing: /home/alex/restackcell/ws_moveit2/install/tutorial_interfaces/include/tutorial_interfaces/tutorial_interfaces/srv/detail/add_three_ints__type_support.cpp
[4.664s] -- Up-to-date: /home/alex/restackcell/ws_moveit2/install/tutorial_interfaces/include/tutorial_interfaces/tutorial_interfaces/msg
[4.664s] -- Up-to-date: /home/alex/restackcell/ws_moveit2/install/tutorial_interfaces/include/tutorial_interfaces/tutorial_interfaces/msg/detail
[4.664s] -- Installing: /home/alex/restackcell/ws_moveit2/install/tutorial_interfaces/include/tutorial_interfaces/tutorial_interfaces/msg/detail/num__type_support.cpp
[4.664s] -- Installing: /home/alex/restackcell/ws_moveit2/install/tutorial_interfaces/include/tutorial_interfaces/tutorial_interfaces/msg/detail/num__rosidl_typesupport_introspection_cpp.hpp
[4.664s] -- Installing: /home/alex/restackcell/ws_moveit2/install/tutorial_interfaces/lib/libtutorial_interfaces__rosidl_typesupport_introspection_cpp.so
[4.665s] -- Set runtime path of "/home/alex/restackcell/ws_moveit2/install/tutorial_interfaces/lib/libtutorial_interfaces__rosidl_typesupport_introspection_cpp.so" to ""
[4.665s] -- Installing: /home/alex/restackcell/ws_moveit2/install/tutorial_interfaces/lib/libtutorial_interfaces__rosidl_typesupport_cpp.so
[4.665s] -- Set runtime path of "/home/alex/restackcell/ws_moveit2/install/tutorial_interfaces/lib/libtutorial_interfaces__rosidl_typesupport_cpp.so" to ""
[4.665s] -- Installing: /home/alex/restackcell/ws_moveit2/install/tutorial_interfaces/share/tutorial_interfaces/environment/pythonpath.sh
[4.665s] -- Installing: /home/alex/restackcell/ws_moveit2/install/tutorial_interfaces/share/tutorial_interfaces/environment/pythonpath.dsv
[4.665s] -- Installing: /home/alex/restackcell/ws_moveit2/install/tutorial_interfaces/local/lib/python3.10/dist-packages/tutorial_interfaces-0.0.0-py3.10.egg-info
[4.665s] -- Installing: /home/alex/restackcell/ws_moveit2/install/tutorial_interfaces/local/lib/python3.10/dist-packages/tutorial_interfaces-0.0.0-py3.10.egg-info/top_level.txt
[4.666s] -- Installing: /home/alex/restackcell/ws_moveit2/install/tutorial_interfaces/local/lib/python3.10/dist-packages/tutorial_interfaces-0.0.0-py3.10.egg-info/PKG-INFO
[4.666s] -- Installing: /home/alex/restackcell/ws_moveit2/install/tutorial_interfaces/local/lib/python3.10/dist-packages/tutorial_interfaces-0.0.0-py3.10.egg-info/SOURCES.txt
[4.666s] -- Installing: /home/alex/restackcell/ws_moveit2/install/tutorial_interfaces/local/lib/python3.10/dist-packages/tutorial_interfaces-0.0.0-py3.10.egg-info/dependency_links.txt
[4.666s] -- Installing: /home/alex/restackcell/ws_moveit2/install/tutorial_interfaces/local/lib/python3.10/dist-packages/tutorial_interfaces
[4.666s] -- Installing: /home/alex/restackcell/ws_moveit2/install/tutorial_interfaces/local/lib/python3.10/dist-packages/tutorial_interfaces/tutorial_interfaces_s__rosidl_typesupport_introspection_c.cpython-310-x86_64-linux-gnu.so
[4.666s] -- Installing: /home/alex/restackcell/ws_moveit2/install/tutorial_interfaces/local/lib/python3.10/dist-packages/tutorial_interfaces/libtutorial_interfaces__rosidl_generator_py.so
[4.666s] -- Installing: /home/alex/restackcell/ws_moveit2/install/tutorial_interfaces/local/lib/python3.10/dist-packages/tutorial_interfaces/__init__.py
[4.666s] -- Installing: /home/alex/restackcell/ws_moveit2/install/tutorial_interfaces/local/lib/python3.10/dist-packages/tutorial_interfaces/_tutorial_interfaces_s.ep.rosidl_typesupport_c.c
[4.666s] -- Installing: /home/alex/restackcell/ws_moveit2/install/tutorial_interfaces/local/lib/python3.10/dist-packages/tutorial_interfaces/_tutorial_interfaces_s.ep.rosidl_typesupport_fastrtps_c.c
[4.667s] -- Installing: /home/alex/restackcell/ws_moveit2/install/tutorial_interfaces/local/lib/python3.10/dist-packages/tutorial_interfaces/srv
[4.667s] -- Installing: /home/alex/restackcell/ws_moveit2/install/tutorial_interfaces/local/lib/python3.10/dist-packages/tutorial_interfaces/srv/_add_three_ints_s.c
[4.667s] -- Installing: /home/alex/restackcell/ws_moveit2/install/tutorial_interfaces/local/lib/python3.10/dist-packages/tutorial_interfaces/srv/_add_three_ints.py
[4.667s] -- Installing: /home/alex/restackcell/ws_moveit2/install/tutorial_interfaces/local/lib/python3.10/dist-packages/tutorial_interfaces/srv/__init__.py
[4.667s] -- Installing: /home/alex/restackcell/ws_moveit2/install/tutorial_interfaces/local/lib/python3.10/dist-packages/tutorial_interfaces/_tutorial_interfaces_s.ep.rosidl_typesupport_introspection_c.c
[4.667s] -- Installing: /home/alex/restackcell/ws_moveit2/install/tutorial_interfaces/local/lib/python3.10/dist-packages/tutorial_interfaces/tutorial_interfaces_s__rosidl_typesupport_c.cpython-310-x86_64-linux-gnu.so
[4.667s] -- Installing: /home/alex/restackcell/ws_moveit2/install/tutorial_interfaces/local/lib/python3.10/dist-packages/tutorial_interfaces/msg
[4.667s] -- Installing: /home/alex/restackcell/ws_moveit2/install/tutorial_interfaces/local/lib/python3.10/dist-packages/tutorial_interfaces/msg/__init__.py
[4.668s] -- Installing: /home/alex/restackcell/ws_moveit2/install/tutorial_interfaces/local/lib/python3.10/dist-packages/tutorial_interfaces/msg/_num.py
[4.668s] -- Installing: /home/alex/restackcell/ws_moveit2/install/tutorial_interfaces/local/lib/python3.10/dist-packages/tutorial_interfaces/msg/_num_s.c
[4.668s] -- Installing: /home/alex/restackcell/ws_moveit2/install/tutorial_interfaces/local/lib/python3.10/dist-packages/tutorial_interfaces/tutorial_interfaces_s__rosidl_typesupport_fastrtps_c.cpython-310-x86_64-linux-gnu.so
[4.698s] Listing '/home/alex/restackcell/ws_moveit2/install/tutorial_interfaces/local/lib/python3.10/dist-packages/tutorial_interfaces'...
[4.698s] Compiling '/home/alex/restackcell/ws_moveit2/install/tutorial_interfaces/local/lib/python3.10/dist-packages/tutorial_interfaces/__init__.py'...
[4.698s] Listing '/home/alex/restackcell/ws_moveit2/install/tutorial_interfaces/local/lib/python3.10/dist-packages/tutorial_interfaces/msg'...
[4.699s] Compiling '/home/alex/restackcell/ws_moveit2/install/tutorial_interfaces/local/lib/python3.10/dist-packages/tutorial_interfaces/msg/__init__.py'...
[4.699s] Compiling '/home/alex/restackcell/ws_moveit2/install/tutorial_interfaces/local/lib/python3.10/dist-packages/tutorial_interfaces/msg/_num.py'...
[4.699s] Listing '/home/alex/restackcell/ws_moveit2/install/tutorial_interfaces/local/lib/python3.10/dist-packages/tutorial_interfaces/srv'...
[4.699s] Compiling '/home/alex/restackcell/ws_moveit2/install/tutorial_interfaces/local/lib/python3.10/dist-packages/tutorial_interfaces/srv/__init__.py'...
[4.699s] Compiling '/home/alex/restackcell/ws_moveit2/install/tutorial_interfaces/local/lib/python3.10/dist-packages/tutorial_interfaces/srv/_add_three_ints.py'...
[4.703s] -- Installing: /home/alex/restackcell/ws_moveit2/install/tutorial_interfaces/local/lib/python3.10/dist-packages/tutorial_interfaces/tutorial_interfaces_s__rosidl_typesupport_fastrtps_c.cpython-310-x86_64-linux-gnu.so
[4.703s] -- Set runtime path of "/home/alex/restackcell/ws_moveit2/install/tutorial_interfaces/local/lib/python3.10/dist-packages/tutorial_interfaces/tutorial_interfaces_s__rosidl_typesupport_fastrtps_c.cpython-310-x86_64-linux-gnu.so" to ""
[4.704s] -- Installing: /home/alex/restackcell/ws_moveit2/install/tutorial_interfaces/local/lib/python3.10/dist-packages/tutorial_interfaces/tutorial_interfaces_s__rosidl_typesupport_introspection_c.cpython-310-x86_64-linux-gnu.so
[4.704s] -- Set runtime path of "/home/alex/restackcell/ws_moveit2/install/tutorial_interfaces/local/lib/python3.10/dist-packages/tutorial_interfaces/tutorial_interfaces_s__rosidl_typesupport_introspection_c.cpython-310-x86_64-linux-gnu.so" to ""
[4.704s] -- Installing: /home/alex/restackcell/ws_moveit2/install/tutorial_interfaces/local/lib/python3.10/dist-packages/tutorial_interfaces/tutorial_interfaces_s__rosidl_typesupport_c.cpython-310-x86_64-linux-gnu.so
[4.705s] -- Set runtime path of "/home/alex/restackcell/ws_moveit2/install/tutorial_interfaces/local/lib/python3.10/dist-packages/tutorial_interfaces/tutorial_interfaces_s__rosidl_typesupport_c.cpython-310-x86_64-linux-gnu.so" to ""
[4.705s] -- Installing: /home/alex/restackcell/ws_moveit2/install/tutorial_interfaces/lib/libtutorial_interfaces__rosidl_generator_py.so
[4.705s] -- Set runtime path of "/home/alex/restackcell/ws_moveit2/install/tutorial_interfaces/lib/libtutorial_interfaces__rosidl_generator_py.so" to ""
[4.705s] -- Installing: /home/alex/restackcell/ws_moveit2/install/tutorial_interfaces/share/tutorial_interfaces/msg/Num.idl
[4.705s] -- Installing: /home/alex/restackcell/ws_moveit2/install/tutorial_interfaces/share/tutorial_interfaces/srv/AddThreeInts.idl
[4.705s] -- Installing: /home/alex/restackcell/ws_moveit2/install/tutorial_interfaces/share/tutorial_interfaces/msg/Num.msg
[4.706s] -- Installing: /home/alex/restackcell/ws_moveit2/install/tutorial_interfaces/share/tutorial_interfaces/srv/AddThreeInts.srv
[4.706s] -- Installing: /home/alex/restackcell/ws_moveit2/install/tutorial_interfaces/share/tutorial_interfaces/srv/AddThreeInts_Request.msg
[4.706s] -- Installing: /home/alex/restackcell/ws_moveit2/install/tutorial_interfaces/share/tutorial_interfaces/srv/AddThreeInts_Response.msg
[4.706s] -- Installing: /home/alex/restackcell/ws_moveit2/install/tutorial_interfaces/share/ament_index/resource_index/package_run_dependencies/tutorial_interfaces
[4.706s] -- Installing: /home/alex/restackcell/ws_moveit2/install/tutorial_interfaces/share/ament_index/resource_index/parent_prefix_path/tutorial_interfaces
[4.707s] -- Installing: /home/alex/restackcell/ws_moveit2/install/tutorial_interfaces/share/tutorial_interfaces/environment/ament_prefix_path.sh
[4.707s] -- Installing: /home/alex/restackcell/ws_moveit2/install/tutorial_interfaces/share/tutorial_interfaces/environment/ament_prefix_path.dsv
[4.707s] -- Installing: /home/alex/restackcell/ws_moveit2/install/tutorial_interfaces/share/tutorial_interfaces/environment/path.sh
[4.707s] -- Installing: /home/alex/restackcell/ws_moveit2/install/tutorial_interfaces/share/tutorial_interfaces/environment/path.dsv
[4.707s] -- Installing: /home/alex/restackcell/ws_moveit2/install/tutorial_interfaces/share/tutorial_interfaces/local_setup.bash
[4.707s] -- Installing: /home/alex/restackcell/ws_moveit2/install/tutorial_interfaces/share/tutorial_interfaces/local_setup.sh
[4.707s] -- Installing: /home/alex/restackcell/ws_moveit2/install/tutorial_interfaces/share/tutorial_interfaces/local_setup.zsh
[4.707s] -- Installing: /home/alex/restackcell/ws_moveit2/install/tutorial_interfaces/share/tutorial_interfaces/local_setup.dsv
[4.707s] -- Installing: /home/alex/restackcell/ws_moveit2/install/tutorial_interfaces/share/tutorial_interfaces/package.dsv
[4.708s] -- Installing: /home/alex/restackcell/ws_moveit2/install/tutorial_interfaces/share/ament_index/resource_index/packages/tutorial_interfaces
[4.708s] -- Installing: /home/alex/restackcell/ws_moveit2/install/tutorial_interfaces/share/tutorial_interfaces/cmake/export_tutorial_interfaces__rosidl_generator_cExport.cmake
[4.708s] -- Installing: /home/alex/restackcell/ws_moveit2/install/tutorial_interfaces/share/tutorial_interfaces/cmake/export_tutorial_interfaces__rosidl_generator_cExport-noconfig.cmake
[4.708s] -- Installing: /home/alex/restackcell/ws_moveit2/install/tutorial_interfaces/share/tutorial_interfaces/cmake/export_tutorial_interfaces__rosidl_typesupport_fastrtps_cExport.cmake
[4.708s] -- Installing: /home/alex/restackcell/ws_moveit2/install/tutorial_interfaces/share/tutorial_interfaces/cmake/export_tutorial_interfaces__rosidl_typesupport_fastrtps_cExport-noconfig.cmake
[4.708s] -- Installing: /home/alex/restackcell/ws_moveit2/install/tutorial_interfaces/share/tutorial_interfaces/cmake/tutorial_interfaces__rosidl_typesupport_introspection_cExport.cmake
[4.708s] -- Installing: /home/alex/restackcell/ws_moveit2/install/tutorial_interfaces/share/tutorial_interfaces/cmake/tutorial_interfaces__rosidl_typesupport_introspection_cExport-noconfig.cmake
[4.709s] -- Installing: /home/alex/restackcell/ws_moveit2/install/tutorial_interfaces/share/tutorial_interfaces/cmake/tutorial_interfaces__rosidl_typesupport_cExport.cmake
[4.709s] -- Installing: /home/alex/restackcell/ws_moveit2/install/tutorial_interfaces/share/tutorial_interfaces/cmake/tutorial_interfaces__rosidl_typesupport_cExport-noconfig.cmake
[4.709s] -- Installing: /home/alex/restackcell/ws_moveit2/install/tutorial_interfaces/share/tutorial_interfaces/cmake/export_tutorial_interfaces__rosidl_generator_cppExport.cmake
[4.709s] -- Installing: /home/alex/restackcell/ws_moveit2/install/tutorial_interfaces/share/tutorial_interfaces/cmake/export_tutorial_interfaces__rosidl_typesupport_fastrtps_cppExport.cmake
[4.709s] -- Installing: /home/alex/restackcell/ws_moveit2/install/tutorial_interfaces/share/tutorial_interfaces/cmake/export_tutorial_interfaces__rosidl_typesupport_fastrtps_cppExport-noconfig.cmake
[4.709s] -- Installing: /home/alex/restackcell/ws_moveit2/install/tutorial_interfaces/share/tutorial_interfaces/cmake/tutorial_interfaces__rosidl_typesupport_introspection_cppExport.cmake
[4.709s] -- Installing: /home/alex/restackcell/ws_moveit2/install/tutorial_interfaces/share/tutorial_interfaces/cmake/tutorial_interfaces__rosidl_typesupport_introspection_cppExport-noconfig.cmake
[4.710s] -- Installing: /home/alex/restackcell/ws_moveit2/install/tutorial_interfaces/share/tutorial_interfaces/cmake/tutorial_interfaces__rosidl_typesupport_cppExport.cmake
[4.710s] -- Installing: /home/alex/restackcell/ws_moveit2/install/tutorial_interfaces/share/tutorial_interfaces/cmake/tutorial_interfaces__rosidl_typesupport_cppExport-noconfig.cmake
[4.710s] -- Installing: /home/alex/restackcell/ws_moveit2/install/tutorial_interfaces/share/tutorial_interfaces/cmake/export_tutorial_interfaces__rosidl_generator_pyExport.cmake
[4.710s] -- Installing: /home/alex/restackcell/ws_moveit2/install/tutorial_interfaces/share/tutorial_interfaces/cmake/export_tutorial_interfaces__rosidl_generator_pyExport-noconfig.cmake
[4.710s] -- Installing: /home/alex/restackcell/ws_moveit2/install/tutorial_interfaces/share/tutorial_interfaces/cmake/rosidl_cmake-extras.cmake
[4.710s] -- Installing: /home/alex/restackcell/ws_moveit2/install/tutorial_interfaces/share/tutorial_interfaces/cmake/ament_cmake_export_include_directories-extras.cmake
[4.710s] -- Installing: /home/alex/restackcell/ws_moveit2/install/tutorial_interfaces/share/tutorial_interfaces/cmake/ament_cmake_export_libraries-extras.cmake
[4.711s] -- Installing: /home/alex/restackcell/ws_moveit2/install/tutorial_interfaces/share/tutorial_interfaces/cmake/ament_cmake_export_targets-extras.cmake
[4.711s] -- Installing: /home/alex/restackcell/ws_moveit2/install/tutorial_interfaces/share/tutorial_interfaces/cmake/rosidl_cmake_export_typesupport_targets-extras.cmake
[4.711s] -- Installing: /home/alex/restackcell/ws_moveit2/install/tutorial_interfaces/share/tutorial_interfaces/cmake/ament_cmake_export_dependencies-extras.cmake
[4.711s] -- Installing: /home/alex/restackcell/ws_moveit2/install/tutorial_interfaces/share/tutorial_interfaces/cmake/rosidl_cmake_export_typesupport_libraries-extras.cmake
[4.711s] -- Installing: /home/alex/restackcell/ws_moveit2/install/tutorial_interfaces/share/tutorial_interfaces/cmake/tutorial_interfacesConfig.cmake
[4.711s] -- Installing: /home/alex/restackcell/ws_moveit2/install/tutorial_interfaces/share/tutorial_interfaces/cmake/tutorial_interfacesConfig-version.cmake
[4.711s] -- Installing: /home/alex/restackcell/ws_moveit2/install/tutorial_interfaces/share/tutorial_interfaces/package.xml
[4.714s] Invoked command in '/home/alex/restackcell/ws_moveit2/build/tutorial_interfaces' returned '0': CMAKE_PREFIX_PATH=${CMAKE_PREFIX_PATH}:/home/alex/ws_moveit2/install/moveit_configs_utils:/home/alex/ws_moveit2/install/launch_param_builder:/opt/ros/humble /usr/bin/cmake --install /home/alex/restackcell/ws_moveit2/build/tutorial_interfaces
