[0.049s] Invoking command in '/home/alex/ws_moveit2/build/moveit_visual_tools': AMENT_PREFIX_PATH=/home/alex/ws_moveit2/install/moveit_ros_planning:/home/alex/ws_moveit2/install/moveit_ros_occupancy_map_monitor:/home/alex/ws_moveit2/install/moveit_core:/home/alex/ws_moveit2/install/srdfdom:/home/alex/ws_moveit2/install/moveit_common:${AMENT_PREFIX_PATH} CMAKE_PREFIX_PATH=/home/alex/ws_moveit2/install/moveit_ros_planning:/home/alex/ws_moveit2/install/moveit_ros_occupancy_map_monitor:/home/alex/ws_moveit2/install/moveit_core:/home/alex/ws_moveit2/install/srdfdom:/home/alex/ws_moveit2/install/moveit_common:/opt/ros/humble LD_LIBRARY_PATH=/home/alex/ws_moveit2/install/moveit_ros_planning/lib:/home/alex/ws_moveit2/install/moveit_ros_occupancy_map_monitor/lib:/home/alex/ws_moveit2/install/moveit_core/lib:/home/alex/ws_moveit2/install/srdfdom/lib:${LD_LIBRARY_PATH} PATH=/home/alex/ws_moveit2/install/moveit_core/bin:${PATH} PYTHONPATH=/home/alex/ws_moveit2/install/srdfdom/local/lib/python3.10/dist-packages:${PYTHONPATH} /usr/bin/cmake --build /home/alex/ws_moveit2/build/moveit_visual_tools -- -j16 -l16
[0.111s] [ 50%] [32mBuilding CXX object CMakeFiles/moveit_visual_tools.dir/src/moveit_visual_tools.cpp.o[0m
[0.111s] [ 50%] [32mBuilding CXX object CMakeFiles/moveit_visual_tools.dir/src/imarker_robot_state.cpp.o[0m
[0.111s] [ 50%] [32mBuilding CXX object CMakeFiles/moveit_visual_tools.dir/src/imarker_end_effector.cpp.o[0m
[13.073s] [ 66%] [32m[1mLinking CXX shared library libmoveit_visual_tools.so[0m
[13.371s] [ 66%] Built target moveit_visual_tools
[13.400s] [ 83%] [32mBuilding CXX object CMakeFiles/moveit_visual_tools_demo.dir/src/moveit_visual_tools_demo.cpp.o[0m
[21.546s] [100%] [32m[1mLinking CXX executable moveit_visual_tools_demo[0m
[21.828s] [100%] Built target moveit_visual_tools_demo
[21.841s] Invoked command in '/home/alex/ws_moveit2/build/moveit_visual_tools' returned '0': AMENT_PREFIX_PATH=/home/alex/ws_moveit2/install/moveit_ros_planning:/home/alex/ws_moveit2/install/moveit_ros_occupancy_map_monitor:/home/alex/ws_moveit2/install/moveit_core:/home/alex/ws_moveit2/install/srdfdom:/home/alex/ws_moveit2/install/moveit_common:${AMENT_PREFIX_PATH} CMAKE_PREFIX_PATH=/home/alex/ws_moveit2/install/moveit_ros_planning:/home/alex/ws_moveit2/install/moveit_ros_occupancy_map_monitor:/home/alex/ws_moveit2/install/moveit_core:/home/alex/ws_moveit2/install/srdfdom:/home/alex/ws_moveit2/install/moveit_common:/opt/ros/humble LD_LIBRARY_PATH=/home/alex/ws_moveit2/install/moveit_ros_planning/lib:/home/alex/ws_moveit2/install/moveit_ros_occupancy_map_monitor/lib:/home/alex/ws_moveit2/install/moveit_core/lib:/home/alex/ws_moveit2/install/srdfdom/lib:${LD_LIBRARY_PATH} PATH=/home/alex/ws_moveit2/install/moveit_core/bin:${PATH} PYTHONPATH=/home/alex/ws_moveit2/install/srdfdom/local/lib/python3.10/dist-packages:${PYTHONPATH} /usr/bin/cmake --build /home/alex/ws_moveit2/build/moveit_visual_tools -- -j16 -l16
[21.883s] Invoking command in '/home/alex/ws_moveit2/build/moveit_visual_tools': AMENT_PREFIX_PATH=/home/alex/ws_moveit2/install/moveit_ros_planning:/home/alex/ws_moveit2/install/moveit_ros_occupancy_map_monitor:/home/alex/ws_moveit2/install/moveit_core:/home/alex/ws_moveit2/install/srdfdom:/home/alex/ws_moveit2/install/moveit_common:${AMENT_PREFIX_PATH} CMAKE_PREFIX_PATH=/home/alex/ws_moveit2/install/moveit_ros_planning:/home/alex/ws_moveit2/install/moveit_ros_occupancy_map_monitor:/home/alex/ws_moveit2/install/moveit_core:/home/alex/ws_moveit2/install/srdfdom:/home/alex/ws_moveit2/install/moveit_common:/opt/ros/humble LD_LIBRARY_PATH=/home/alex/ws_moveit2/install/moveit_ros_planning/lib:/home/alex/ws_moveit2/install/moveit_ros_occupancy_map_monitor/lib:/home/alex/ws_moveit2/install/moveit_core/lib:/home/alex/ws_moveit2/install/srdfdom/lib:${LD_LIBRARY_PATH} PATH=/home/alex/ws_moveit2/install/moveit_core/bin:${PATH} PYTHONPATH=/home/alex/ws_moveit2/install/srdfdom/local/lib/python3.10/dist-packages:${PYTHONPATH} /usr/bin/cmake --install /home/alex/ws_moveit2/build/moveit_visual_tools
[21.891s] -- Install configuration: "Release"
[21.891s] -- Installing: /home/alex/ws_moveit2/install/moveit_visual_tools/share/moveit_visual_tools/environment/library_path.sh
[21.891s] -- Installing: /home/alex/ws_moveit2/install/moveit_visual_tools/share/moveit_visual_tools/environment/library_path.dsv
[21.892s] -- Installing: /home/alex/ws_moveit2/install/moveit_visual_tools/lib/libmoveit_visual_tools.so
[21.893s] -- Set runtime path of "/home/alex/ws_moveit2/install/moveit_visual_tools/lib/libmoveit_visual_tools.so" to ""
[21.893s] -- Installing: /home/alex/ws_moveit2/install/moveit_visual_tools/lib/moveit_visual_tools/moveit_visual_tools_demo
[21.893s] -- Set runtime path of "/home/alex/ws_moveit2/install/moveit_visual_tools/lib/moveit_visual_tools/moveit_visual_tools_demo" to ""
[21.894s] -- Installing: /home/alex/ws_moveit2/install/moveit_visual_tools/include
[21.894s] -- Installing: /home/alex/ws_moveit2/install/moveit_visual_tools/include/moveit_visual_tools
[21.894s] -- Installing: /home/alex/ws_moveit2/install/moveit_visual_tools/include/moveit_visual_tools/moveit_visual_tools.h
[21.894s] -- Installing: /home/alex/ws_moveit2/install/moveit_visual_tools/include/moveit_visual_tools/imarker_end_effector.h
[21.894s] -- Installing: /home/alex/ws_moveit2/install/moveit_visual_tools/include/moveit_visual_tools/imarker_robot_state.h
[21.894s] -- Installing: /home/alex/ws_moveit2/install/moveit_visual_tools/share/moveit_visual_tools/launch
[21.894s] -- Installing: /home/alex/ws_moveit2/install/moveit_visual_tools/share/moveit_visual_tools/launch/demo.rviz
[21.895s] -- Installing: /home/alex/ws_moveit2/install/moveit_visual_tools/share/moveit_visual_tools/launch/demo_rviz.launch.py
[21.895s] -- Installing: /home/alex/ws_moveit2/install/moveit_visual_tools/share/moveit_visual_tools/resources
[21.895s] -- Installing: /home/alex/ws_moveit2/install/moveit_visual_tools/share/moveit_visual_tools/resources/rrbot.srdf
[21.895s] -- Installing: /home/alex/ws_moveit2/install/moveit_visual_tools/share/moveit_visual_tools/resources/demo_mesh.stl
[21.896s] -- Installing: /home/alex/ws_moveit2/install/moveit_visual_tools/share/moveit_visual_tools/resources/screenshot.png
[21.896s] -- Installing: /home/alex/ws_moveit2/install/moveit_visual_tools/share/moveit_visual_tools/resources/demo.png
[21.897s] -- Installing: /home/alex/ws_moveit2/install/moveit_visual_tools/share/moveit_visual_tools/resources/rrbot.urdf
[21.897s] -- Installing: /home/alex/ws_moveit2/install/moveit_visual_tools/share/ament_index/resource_index/package_run_dependencies/moveit_visual_tools
[21.897s] -- Installing: /home/alex/ws_moveit2/install/moveit_visual_tools/share/ament_index/resource_index/parent_prefix_path/moveit_visual_tools
[21.898s] -- Installing: /home/alex/ws_moveit2/install/moveit_visual_tools/share/moveit_visual_tools/environment/ament_prefix_path.sh
[21.898s] -- Installing: /home/alex/ws_moveit2/install/moveit_visual_tools/share/moveit_visual_tools/environment/ament_prefix_path.dsv
[21.898s] -- Installing: /home/alex/ws_moveit2/install/moveit_visual_tools/share/moveit_visual_tools/environment/path.sh
[21.898s] -- Installing: /home/alex/ws_moveit2/install/moveit_visual_tools/share/moveit_visual_tools/environment/path.dsv
[21.899s] -- Installing: /home/alex/ws_moveit2/install/moveit_visual_tools/share/moveit_visual_tools/local_setup.bash
[21.899s] -- Installing: /home/alex/ws_moveit2/install/moveit_visual_tools/share/moveit_visual_tools/local_setup.sh
[21.899s] -- Installing: /home/alex/ws_moveit2/install/moveit_visual_tools/share/moveit_visual_tools/local_setup.zsh
[21.899s] -- Installing: /home/alex/ws_moveit2/install/moveit_visual_tools/share/moveit_visual_tools/local_setup.dsv
[21.900s] -- Installing: /home/alex/ws_moveit2/install/moveit_visual_tools/share/moveit_visual_tools/package.dsv
[21.900s] -- Installing: /home/alex/ws_moveit2/install/moveit_visual_tools/share/ament_index/resource_index/packages/moveit_visual_tools
[21.901s] -- Installing: /home/alex/ws_moveit2/install/moveit_visual_tools/share/moveit_visual_tools/cmake/export_moveit_visual_toolsExport.cmake
[21.901s] -- Installing: /home/alex/ws_moveit2/install/moveit_visual_tools/share/moveit_visual_tools/cmake/export_moveit_visual_toolsExport-release.cmake
[21.901s] -- Installing: /home/alex/ws_moveit2/install/moveit_visual_tools/share/moveit_visual_tools/cmake/ament_cmake_export_targets-extras.cmake
[21.901s] -- Installing: /home/alex/ws_moveit2/install/moveit_visual_tools/share/moveit_visual_tools/cmake/ament_cmake_export_dependencies-extras.cmake
[21.902s] -- Installing: /home/alex/ws_moveit2/install/moveit_visual_tools/share/moveit_visual_tools/cmake/moveit_visual_toolsConfig.cmake
[21.902s] -- Installing: /home/alex/ws_moveit2/install/moveit_visual_tools/share/moveit_visual_tools/cmake/moveit_visual_toolsConfig-version.cmake
[21.902s] -- Installing: /home/alex/ws_moveit2/install/moveit_visual_tools/share/moveit_visual_tools/package.xml
[21.904s] Invoked command in '/home/alex/ws_moveit2/build/moveit_visual_tools' returned '0': AMENT_PREFIX_PATH=/home/alex/ws_moveit2/install/moveit_ros_planning:/home/alex/ws_moveit2/install/moveit_ros_occupancy_map_monitor:/home/alex/ws_moveit2/install/moveit_core:/home/alex/ws_moveit2/install/srdfdom:/home/alex/ws_moveit2/install/moveit_common:${AMENT_PREFIX_PATH} CMAKE_PREFIX_PATH=/home/alex/ws_moveit2/install/moveit_ros_planning:/home/alex/ws_moveit2/install/moveit_ros_occupancy_map_monitor:/home/alex/ws_moveit2/install/moveit_core:/home/alex/ws_moveit2/install/srdfdom:/home/alex/ws_moveit2/install/moveit_common:/opt/ros/humble LD_LIBRARY_PATH=/home/alex/ws_moveit2/install/moveit_ros_planning/lib:/home/alex/ws_moveit2/install/moveit_ros_occupancy_map_monitor/lib:/home/alex/ws_moveit2/install/moveit_core/lib:/home/alex/ws_moveit2/install/srdfdom/lib:${LD_LIBRARY_PATH} PATH=/home/alex/ws_moveit2/install/moveit_core/bin:${PATH} PYTHONPATH=/home/alex/ws_moveit2/install/srdfdom/local/lib/python3.10/dist-packages:${PYTHONPATH} /usr/bin/cmake --install /home/alex/ws_moveit2/build/moveit_visual_tools
