[0.566s] Invoking command in '/home/aw/restackcell/ws_moveit2/src/opcua-asyncio': PYTHONPATH=/home/aw/restackcell/ws_moveit2/build/asyncua/prefix_override:/home/aw/restackcell/ws_moveit2/install/asyncua/lib/python3.10/site-packages:${PYTHONPATH} /usr/bin/python3 -W ignore:setup.py install is deprecated setup.py egg_info --egg-base ../../build/asyncua build --build-base /home/aw/restackcell/ws_moveit2/build/asyncua/build install --record /home/aw/restackcell/ws_moveit2/build/asyncua/install.log --single-version-externally-managed
[0.757s] running egg_info
[0.757s] writing ../../build/asyncua/asyncua.egg-info/PKG-INFO
[0.758s] writing dependency_links to ../../build/asyncua/asyncua.egg-info/dependency_links.txt
[0.758s] writing entry points to ../../build/asyncua/asyncua.egg-info/entry_points.txt
[0.758s] writing requirements to ../../build/asyncua/asyncua.egg-info/requires.txt
[0.758s] writing top-level names to ../../build/asyncua/asyncua.egg-info/top_level.txt
[0.763s] reading manifest file '../../build/asyncua/asyncua.egg-info/SOURCES.txt'
[0.763s] adding license file 'COPYING'
[0.765s] writing manifest file '../../build/asyncua/asyncua.egg-info/SOURCES.txt'
[0.765s] running build
[0.765s] running build_py
[0.770s] running install
[0.771s] running install_lib
[0.776s] running install_egg_info
[0.777s] removing '/home/aw/restackcell/ws_moveit2/install/asyncua/lib/python3.10/site-packages/asyncua-1.1.0-py3.10.egg-info' (and everything under it)
[0.777s] Copying ../../build/asyncua/asyncua.egg-info to /home/aw/restackcell/ws_moveit2/install/asyncua/lib/python3.10/site-packages/asyncua-1.1.0-py3.10.egg-info
[0.778s] running install_scripts
[0.796s] Installing uabrowse script to /home/aw/restackcell/ws_moveit2/install/asyncua/bin
[0.797s] Installing uacall script to /home/aw/restackcell/ws_moveit2/install/asyncua/bin
[0.797s] Installing uaclient script to /home/aw/restackcell/ws_moveit2/install/asyncua/bin
[0.797s] Installing uadiscover script to /home/aw/restackcell/ws_moveit2/install/asyncua/bin
[0.797s] Installing uageneratestructs script to /home/aw/restackcell/ws_moveit2/install/asyncua/bin
[0.797s] Installing uahistoryread script to /home/aw/restackcell/ws_moveit2/install/asyncua/bin
[0.797s] Installing uals script to /home/aw/restackcell/ws_moveit2/install/asyncua/bin
[0.798s] Installing uaread script to /home/aw/restackcell/ws_moveit2/install/asyncua/bin
[0.798s] Installing uaserver script to /home/aw/restackcell/ws_moveit2/install/asyncua/bin
[0.798s] Installing uasubscribe script to /home/aw/restackcell/ws_moveit2/install/asyncua/bin
[0.798s] Installing uawrite script to /home/aw/restackcell/ws_moveit2/install/asyncua/bin
[0.798s] writing list of installed files to '/home/aw/restackcell/ws_moveit2/build/asyncua/install.log'
[0.824s] Invoked command in '/home/aw/restackcell/ws_moveit2/src/opcua-asyncio' returned '0': PYTHONPATH=/home/aw/restackcell/ws_moveit2/build/asyncua/prefix_override:/home/aw/restackcell/ws_moveit2/install/asyncua/lib/python3.10/site-packages:${PYTHONPATH} /usr/bin/python3 -W ignore:setup.py install is deprecated setup.py egg_info --egg-base ../../build/asyncua build --build-base /home/aw/restackcell/ws_moveit2/build/asyncua/build install --record /home/aw/restackcell/ws_moveit2/build/asyncua/install.log --single-version-externally-managed
