[0.083s] Invoking command in '/home/alex/ws_moveit2/src/hello_moveit/build/hello_moveit': CMAKE_PREFIX_PATH=${CMAKE_PREFIX_PATH}:/home/alex/ws_moveit2/install/moveit_configs_utils:/home/alex/ws_moveit2/install/launch_param_builder:/opt/ros/humble /usr/bin/cmake --build /home/alex/ws_moveit2/src/hello_moveit/build/hello_moveit -- -j16 -l16
[0.162s] [35m[1mConsolidate compiler generated dependencies of target hello_moveit[0m
[0.204s] [ 50%] [32mBuilding CXX object CMakeFiles/hello_moveit.dir/src/hello_moveit.cpp.o[0m
[6.784s] [01m[K/home/alex/ws_moveit2/src/hello_moveit/src/hello_moveit.cpp:[m[K In function ‘[01m[Kint main(int, char**)[m[K’:
[6.784s] [01m[K/home/alex/ws_moveit2/src/hello_moveit/src/hello_moveit.cpp:46:14:[m[K [01;35m[Kwarning: [m[Kvariable ‘[01m[Kdraw_trajectory_tool_path[m[K’ set but not used [[01;35m[K]8;;https://gcc.gnu.org/onlinedocs/gcc/Warning-Options.html#index-Wunused-but-set-variable-Wunused-but-set-variable]8;;[m[K]
[6.784s]    46 |   auto const [01;35m[Kdraw_trajectory_tool_path[m[K =
[6.784s]       |              [01;35m[K^~~~~~~~~~~~~~~~~~~~~~~~~[m[K
[9.347s] [100%] [32m[1mLinking CXX executable hello_moveit[0m
[9.768s] [100%] Built target hello_moveit
[9.785s] Invoked command in '/home/alex/ws_moveit2/src/hello_moveit/build/hello_moveit' returned '0': CMAKE_PREFIX_PATH=${CMAKE_PREFIX_PATH}:/home/alex/ws_moveit2/install/moveit_configs_utils:/home/alex/ws_moveit2/install/launch_param_builder:/opt/ros/humble /usr/bin/cmake --build /home/alex/ws_moveit2/src/hello_moveit/build/hello_moveit -- -j16 -l16
[9.861s] Invoking command in '/home/alex/ws_moveit2/src/hello_moveit/build/hello_moveit': CMAKE_PREFIX_PATH=${CMAKE_PREFIX_PATH}:/home/alex/ws_moveit2/install/moveit_configs_utils:/home/alex/ws_moveit2/install/launch_param_builder:/opt/ros/humble /usr/bin/cmake --install /home/alex/ws_moveit2/src/hello_moveit/build/hello_moveit
[9.873s] -- Install configuration: ""
[9.873s] -- Execute custom install script
[9.874s] -- Up-to-date symlink: /home/alex/ws_moveit2/src/hello_moveit/install/hello_moveit/lib/hello_moveit/hello_moveit
[9.874s] -- Up-to-date symlink: /home/alex/ws_moveit2/src/hello_moveit/install/hello_moveit/share/ament_index/resource_index/package_run_dependencies/hello_moveit
[9.874s] -- Up-to-date symlink: /home/alex/ws_moveit2/src/hello_moveit/install/hello_moveit/share/ament_index/resource_index/parent_prefix_path/hello_moveit
[9.874s] -- Up-to-date symlink: /home/alex/ws_moveit2/src/hello_moveit/install/hello_moveit/share/hello_moveit/environment/ament_prefix_path.sh
[9.874s] -- Up-to-date symlink: /home/alex/ws_moveit2/src/hello_moveit/install/hello_moveit/share/hello_moveit/environment/ament_prefix_path.dsv
[9.874s] -- Up-to-date symlink: /home/alex/ws_moveit2/src/hello_moveit/install/hello_moveit/share/hello_moveit/environment/path.sh
[9.874s] -- Up-to-date symlink: /home/alex/ws_moveit2/src/hello_moveit/install/hello_moveit/share/hello_moveit/environment/path.dsv
[9.875s] -- Up-to-date symlink: /home/alex/ws_moveit2/src/hello_moveit/install/hello_moveit/share/hello_moveit/local_setup.bash
[9.875s] -- Up-to-date symlink: /home/alex/ws_moveit2/src/hello_moveit/install/hello_moveit/share/hello_moveit/local_setup.sh
[9.875s] -- Up-to-date symlink: /home/alex/ws_moveit2/src/hello_moveit/install/hello_moveit/share/hello_moveit/local_setup.zsh
[9.875s] -- Up-to-date symlink: /home/alex/ws_moveit2/src/hello_moveit/install/hello_moveit/share/hello_moveit/local_setup.dsv
[9.875s] -- Symlinking: /home/alex/ws_moveit2/src/hello_moveit/install/hello_moveit/share/hello_moveit/package.dsv
[9.890s] -- Up-to-date symlink: /home/alex/ws_moveit2/src/hello_moveit/install/hello_moveit/share/ament_index/resource_index/packages/hello_moveit
[9.890s] -- Up-to-date symlink: /home/alex/ws_moveit2/src/hello_moveit/install/hello_moveit/share/hello_moveit/cmake/hello_moveitConfig.cmake
[9.890s] -- Up-to-date symlink: /home/alex/ws_moveit2/src/hello_moveit/install/hello_moveit/share/hello_moveit/cmake/hello_moveitConfig-version.cmake
[9.890s] -- Up-to-date symlink: /home/alex/ws_moveit2/src/hello_moveit/install/hello_moveit/share/hello_moveit/package.xml
[9.894s] Invoked command in '/home/alex/ws_moveit2/src/hello_moveit/build/hello_moveit' returned '0': CMAKE_PREFIX_PATH=${CMAKE_PREFIX_PATH}:/home/alex/ws_moveit2/install/moveit_configs_utils:/home/alex/ws_moveit2/install/launch_param_builder:/opt/ros/humble /usr/bin/cmake --install /home/alex/ws_moveit2/src/hello_moveit/build/hello_moveit
