[0.670s] Invoking command in '/home/autopilot/ws/restackcell/ws_moveit2/build/moveit_backend': CMAKE_PREFIX_PATH=/opt/ros/humble:/home/autopilot/ws/restackcell/ws_moveit2/install/wzlscheduler_interfaces LD_LIBRARY_PATH=/home/autopilot/ws/restackcell/ws_moveit2/install/wzlscheduler_interfaces/lib:${LD_LIBRARY_PATH} PKG_CONFIG_PATH=/home/autopilot/ws/restackcell/ws_moveit2/install/wzlscheduler_interfaces/lib/aarch64-linux-gnu/pkgconfig:/home/autopilot/ws/restackcell/ws_moveit2/install/wzlscheduler_interfaces/lib/pkgconfig PYTHONPATH=/home/autopilot/ws/restackcell/ws_moveit2/install/wzlscheduler_interfaces/local/lib/python3.10/dist-packages:${PYTHONPATH} ROS_PACKAGE_PATH=/home/autopilot/ws/restackcell/ws_moveit2/install/wzlscheduler_interfaces/share /usr/bin/cmake --build /home/autopilot/ws/restackcell/ws_moveit2/build/moveit_backend -- -j4 -l4
[0.947s] [ 50%] Built target moveit_panda
[1.025s] [100%] Built target moveit_ur
[1.090s] Invoked command in '/home/autopilot/ws/restackcell/ws_moveit2/build/moveit_backend' returned '0': CMAKE_PREFIX_PATH=/opt/ros/humble:/home/autopilot/ws/restackcell/ws_moveit2/install/wzlscheduler_interfaces LD_LIBRARY_PATH=/home/autopilot/ws/restackcell/ws_moveit2/install/wzlscheduler_interfaces/lib:${LD_LIBRARY_PATH} PKG_CONFIG_PATH=/home/autopilot/ws/restackcell/ws_moveit2/install/wzlscheduler_interfaces/lib/aarch64-linux-gnu/pkgconfig:/home/autopilot/ws/restackcell/ws_moveit2/install/wzlscheduler_interfaces/lib/pkgconfig PYTHONPATH=/home/autopilot/ws/restackcell/ws_moveit2/install/wzlscheduler_interfaces/local/lib/python3.10/dist-packages:${PYTHONPATH} ROS_PACKAGE_PATH=/home/autopilot/ws/restackcell/ws_moveit2/install/wzlscheduler_interfaces/share /usr/bin/cmake --build /home/autopilot/ws/restackcell/ws_moveit2/build/moveit_backend -- -j4 -l4
[1.185s] Invoking command in '/home/autopilot/ws/restackcell/ws_moveit2/build/moveit_backend': CMAKE_PREFIX_PATH=/opt/ros/humble:/home/autopilot/ws/restackcell/ws_moveit2/install/wzlscheduler_interfaces LD_LIBRARY_PATH=/home/autopilot/ws/restackcell/ws_moveit2/install/wzlscheduler_interfaces/lib:${LD_LIBRARY_PATH} PKG_CONFIG_PATH=/home/autopilot/ws/restackcell/ws_moveit2/install/wzlscheduler_interfaces/lib/aarch64-linux-gnu/pkgconfig:/home/autopilot/ws/restackcell/ws_moveit2/install/wzlscheduler_interfaces/lib/pkgconfig PYTHONPATH=/home/autopilot/ws/restackcell/ws_moveit2/install/wzlscheduler_interfaces/local/lib/python3.10/dist-packages:${PYTHONPATH} ROS_PACKAGE_PATH=/home/autopilot/ws/restackcell/ws_moveit2/install/wzlscheduler_interfaces/share /usr/bin/cmake --install /home/autopilot/ws/restackcell/ws_moveit2/build/moveit_backend
[1.200s] -- Install configuration: ""
[1.202s] -- Up-to-date: /home/autopilot/ws/restackcell/ws_moveit2/install/moveit_backend/lib/moveit_backend/moveit_panda
[1.209s] -- Up-to-date: /home/autopilot/ws/restackcell/ws_moveit2/install/moveit_backend/lib/moveit_backend/moveit_ur
[1.210s] -- Up-to-date: /home/autopilot/ws/restackcell/ws_moveit2/install/moveit_backend/share/moveit_backend/config
[1.210s] -- Up-to-date: /home/autopilot/ws/restackcell/ws_moveit2/install/moveit_backend/share/moveit_backend/config/visual_parameters.yaml
[1.210s] -- Up-to-date: /home/autopilot/ws/restackcell/ws_moveit2/install/moveit_backend/share/moveit_backend/config/default_kinematics.yaml
[1.210s] -- Up-to-date: /home/autopilot/ws/restackcell/ws_moveit2/install/moveit_backend/share/moveit_backend/config/ur16e copy
[1.212s] -- Up-to-date: /home/autopilot/ws/restackcell/ws_moveit2/install/moveit_backend/share/moveit_backend/config/ur16e copy/visual_parameters.yaml
[1.212s] -- Up-to-date: /home/autopilot/ws/restackcell/ws_moveit2/install/moveit_backend/share/moveit_backend/config/ur16e copy/default_kinematics.yaml
[1.213s] -- Up-to-date: /home/autopilot/ws/restackcell/ws_moveit2/install/moveit_backend/share/moveit_backend/config/ur16e copy/joint_limits.yaml
[1.213s] -- Up-to-date: /home/autopilot/ws/restackcell/ws_moveit2/install/moveit_backend/share/moveit_backend/config/ur16e copy/physical_parameters.yaml
[1.213s] -- Up-to-date: /home/autopilot/ws/restackcell/ws_moveit2/install/moveit_backend/share/moveit_backend/config/joint_limits.yaml
[1.213s] -- Up-to-date: /home/autopilot/ws/restackcell/ws_moveit2/install/moveit_backend/share/moveit_backend/config/pilz_cartesian_limits.yaml
[1.216s] -- Up-to-date: /home/autopilot/ws/restackcell/ws_moveit2/install/moveit_backend/share/moveit_backend/config/pilz_industrial_motion_planner_planning.yaml
[1.216s] -- Up-to-date: /home/autopilot/ws/restackcell/ws_moveit2/install/moveit_backend/share/moveit_backend/config/physical_parameters.yaml
[1.216s] -- Up-to-date: /home/autopilot/ws/restackcell/ws_moveit2/install/moveit_backend/share/moveit_backend/meshes
[1.217s] -- Up-to-date: /home/autopilot/ws/restackcell/ws_moveit2/install/moveit_backend/share/moveit_backend/meshes/ur20
[1.217s] -- Up-to-date: /home/autopilot/ws/restackcell/ws_moveit2/install/moveit_backend/share/moveit_backend/meshes/ur20/collision
[1.217s] -- Up-to-date: /home/autopilot/ws/restackcell/ws_moveit2/install/moveit_backend/share/moveit_backend/meshes/ur20/collision/forearm.stl
[1.217s] -- Up-to-date: /home/autopilot/ws/restackcell/ws_moveit2/install/moveit_backend/share/moveit_backend/meshes/ur20/collision/base.stl
[1.217s] -- Up-to-date: /home/autopilot/ws/restackcell/ws_moveit2/install/moveit_backend/share/moveit_backend/meshes/ur20/collision/wrist2.stl
[1.218s] -- Up-to-date: /home/autopilot/ws/restackcell/ws_moveit2/install/moveit_backend/share/moveit_backend/meshes/ur20/collision/wrist3.stl
[1.218s] -- Up-to-date: /home/autopilot/ws/restackcell/ws_moveit2/install/moveit_backend/share/moveit_backend/meshes/ur20/collision/wrist1.stl
[1.218s] -- Up-to-date: /home/autopilot/ws/restackcell/ws_moveit2/install/moveit_backend/share/moveit_backend/meshes/ur20/collision/shoulder.stl
[1.219s] -- Up-to-date: /home/autopilot/ws/restackcell/ws_moveit2/install/moveit_backend/share/moveit_backend/meshes/ur20/collision/upperarm.stl
[1.219s] -- Up-to-date: /home/autopilot/ws/restackcell/ws_moveit2/install/moveit_backend/share/moveit_backend/meshes/ur20/LICENSE.txt
[1.219s] -- Up-to-date: /home/autopilot/ws/restackcell/ws_moveit2/install/moveit_backend/share/moveit_backend/meshes/ur20/visual
[1.219s] -- Up-to-date: /home/autopilot/ws/restackcell/ws_moveit2/install/moveit_backend/share/moveit_backend/meshes/ur20/visual/UR20_DIFF_8bit_2K.png
[1.219s] -- Up-to-date: /home/autopilot/ws/restackcell/ws_moveit2/install/moveit_backend/share/moveit_backend/meshes/ur20/visual/upperarm.dae
[1.219s] -- Up-to-date: /home/autopilot/ws/restackcell/ws_moveit2/install/moveit_backend/share/moveit_backend/meshes/ur20/visual/forearm.dae
[1.219s] -- Up-to-date: /home/autopilot/ws/restackcell/ws_moveit2/install/moveit_backend/share/moveit_backend/meshes/ur20/visual/shoulder.dae
[1.236s] -- Up-to-date: /home/autopilot/ws/restackcell/ws_moveit2/install/moveit_backend/share/moveit_backend/meshes/ur20/visual/wrist3.dae
[1.237s] -- Up-to-date: /home/autopilot/ws/restackcell/ws_moveit2/install/moveit_backend/share/moveit_backend/meshes/ur20/visual/wrist1.dae
[1.237s] -- Up-to-date: /home/autopilot/ws/restackcell/ws_moveit2/install/moveit_backend/share/moveit_backend/meshes/ur20/visual/wrist2.dae
[1.237s] -- Up-to-date: /home/autopilot/ws/restackcell/ws_moveit2/install/moveit_backend/share/moveit_backend/meshes/ur20/visual/base.dae
[1.237s] -- Up-to-date: /home/autopilot/ws/restackcell/ws_moveit2/install/moveit_backend/share/moveit_backend/meshes/ur5e
[1.237s] -- Up-to-date: /home/autopilot/ws/restackcell/ws_moveit2/install/moveit_backend/share/moveit_backend/meshes/ur5e/collision
[1.237s] -- Up-to-date: /home/autopilot/ws/restackcell/ws_moveit2/install/moveit_backend/share/moveit_backend/meshes/ur5e/collision/forearm.stl
[1.238s] -- Up-to-date: /home/autopilot/ws/restackcell/ws_moveit2/install/moveit_backend/share/moveit_backend/meshes/ur5e/collision/base.stl
[1.238s] -- Up-to-date: /home/autopilot/ws/restackcell/ws_moveit2/install/moveit_backend/share/moveit_backend/meshes/ur5e/collision/wrist2.stl
[1.238s] -- Up-to-date: /home/autopilot/ws/restackcell/ws_moveit2/install/moveit_backend/share/moveit_backend/meshes/ur5e/collision/wrist3.stl
[1.238s] -- Up-to-date: /home/autopilot/ws/restackcell/ws_moveit2/install/moveit_backend/share/moveit_backend/meshes/ur5e/collision/wrist1.stl
[1.238s] -- Up-to-date: /home/autopilot/ws/restackcell/ws_moveit2/install/moveit_backend/share/moveit_backend/meshes/ur5e/collision/shoulder.stl
[1.238s] -- Up-to-date: /home/autopilot/ws/restackcell/ws_moveit2/install/moveit_backend/share/moveit_backend/meshes/ur5e/collision/upperarm.stl
[1.238s] -- Up-to-date: /home/autopilot/ws/restackcell/ws_moveit2/install/moveit_backend/share/moveit_backend/meshes/ur5e/visual
[1.239s] -- Up-to-date: /home/autopilot/ws/restackcell/ws_moveit2/install/moveit_backend/share/moveit_backend/meshes/ur5e/visual/upperarm.dae
[1.240s] -- Up-to-date: /home/autopilot/ws/restackcell/ws_moveit2/install/moveit_backend/share/moveit_backend/meshes/ur5e/visual/forearm.dae
[1.240s] -- Up-to-date: /home/autopilot/ws/restackcell/ws_moveit2/install/moveit_backend/share/moveit_backend/meshes/ur5e/visual/shoulder.dae
[1.240s] -- Up-to-date: /home/autopilot/ws/restackcell/ws_moveit2/install/moveit_backend/share/moveit_backend/meshes/ur5e/visual/wrist3.dae
[1.241s] -- Up-to-date: /home/autopilot/ws/restackcell/ws_moveit2/install/moveit_backend/share/moveit_backend/meshes/ur5e/visual/wrist1.dae
[1.241s] -- Up-to-date: /home/autopilot/ws/restackcell/ws_moveit2/install/moveit_backend/share/moveit_backend/meshes/ur5e/visual/wrist2.dae
[1.241s] -- Up-to-date: /home/autopilot/ws/restackcell/ws_moveit2/install/moveit_backend/share/moveit_backend/meshes/ur5e/visual/base.dae
[1.241s] -- Up-to-date: /home/autopilot/ws/restackcell/ws_moveit2/install/moveit_backend/share/moveit_backend/meshes/ur3
[1.241s] -- Up-to-date: /home/autopilot/ws/restackcell/ws_moveit2/install/moveit_backend/share/moveit_backend/meshes/ur3/collision
[1.241s] -- Up-to-date: /home/autopilot/ws/restackcell/ws_moveit2/install/moveit_backend/share/moveit_backend/meshes/ur3/collision/forearm.stl
[1.241s] -- Up-to-date: /home/autopilot/ws/restackcell/ws_moveit2/install/moveit_backend/share/moveit_backend/meshes/ur3/collision/base.stl
[1.242s] -- Up-to-date: /home/autopilot/ws/restackcell/ws_moveit2/install/moveit_backend/share/moveit_backend/meshes/ur3/collision/wrist2.stl
[1.242s] -- Up-to-date: /home/autopilot/ws/restackcell/ws_moveit2/install/moveit_backend/share/moveit_backend/meshes/ur3/collision/wrist3.stl
[1.244s] -- Up-to-date: /home/autopilot/ws/restackcell/ws_moveit2/install/moveit_backend/share/moveit_backend/meshes/ur3/collision/wrist1.stl
[1.245s] -- Up-to-date: /home/autopilot/ws/restackcell/ws_moveit2/install/moveit_backend/share/moveit_backend/meshes/ur3/collision/shoulder.stl
[1.245s] -- Up-to-date: /home/autopilot/ws/restackcell/ws_moveit2/install/moveit_backend/share/moveit_backend/meshes/ur3/collision/upperarm.stl
[1.245s] -- Up-to-date: /home/autopilot/ws/restackcell/ws_moveit2/install/moveit_backend/share/moveit_backend/meshes/ur3/visual
[1.245s] -- Up-to-date: /home/autopilot/ws/restackcell/ws_moveit2/install/moveit_backend/share/moveit_backend/meshes/ur3/visual/upperarm.dae
[1.245s] -- Up-to-date: /home/autopilot/ws/restackcell/ws_moveit2/install/moveit_backend/share/moveit_backend/meshes/ur3/visual/forearm.dae
[1.245s] -- Up-to-date: /home/autopilot/ws/restackcell/ws_moveit2/install/moveit_backend/share/moveit_backend/meshes/ur3/visual/shoulder.dae
[1.245s] -- Up-to-date: /home/autopilot/ws/restackcell/ws_moveit2/install/moveit_backend/share/moveit_backend/meshes/ur3/visual/wrist3.dae
[1.246s] -- Up-to-date: /home/autopilot/ws/restackcell/ws_moveit2/install/moveit_backend/share/moveit_backend/meshes/ur3/visual/wrist1.dae
[1.246s] -- Up-to-date: /home/autopilot/ws/restackcell/ws_moveit2/install/moveit_backend/share/moveit_backend/meshes/ur3/visual/wrist2.dae
[1.246s] -- Up-to-date: /home/autopilot/ws/restackcell/ws_moveit2/install/moveit_backend/share/moveit_backend/meshes/ur3/visual/base.dae
[1.246s] -- Up-to-date: /home/autopilot/ws/restackcell/ws_moveit2/install/moveit_backend/share/moveit_backend/meshes/ur16e
[1.246s] -- Up-to-date: /home/autopilot/ws/restackcell/ws_moveit2/install/moveit_backend/share/moveit_backend/meshes/ur16e/collision
[1.246s] -- Up-to-date: /home/autopilot/ws/restackcell/ws_moveit2/install/moveit_backend/share/moveit_backend/meshes/ur16e/collision/forearm.stl
[1.246s] -- Up-to-date: /home/autopilot/ws/restackcell/ws_moveit2/install/moveit_backend/share/moveit_backend/meshes/ur16e/collision/upperarm.stl
[1.247s] -- Up-to-date: /home/autopilot/ws/restackcell/ws_moveit2/install/moveit_backend/share/moveit_backend/meshes/ur16e/visual
[1.247s] -- Up-to-date: /home/autopilot/ws/restackcell/ws_moveit2/install/moveit_backend/share/moveit_backend/meshes/ur16e/visual/upperarm.dae
[1.247s] -- Up-to-date: /home/autopilot/ws/restackcell/ws_moveit2/install/moveit_backend/share/moveit_backend/meshes/ur16e/visual/forearm.dae
[1.247s] -- Up-to-date: /home/autopilot/ws/restackcell/ws_moveit2/install/moveit_backend/share/moveit_backend/meshes/ur3e
[1.247s] -- Up-to-date: /home/autopilot/ws/restackcell/ws_moveit2/install/moveit_backend/share/moveit_backend/meshes/ur3e/collision
[1.247s] -- Up-to-date: /home/autopilot/ws/restackcell/ws_moveit2/install/moveit_backend/share/moveit_backend/meshes/ur3e/collision/forearm.stl
[1.247s] -- Up-to-date: /home/autopilot/ws/restackcell/ws_moveit2/install/moveit_backend/share/moveit_backend/meshes/ur3e/collision/base.stl
[1.248s] -- Up-to-date: /home/autopilot/ws/restackcell/ws_moveit2/install/moveit_backend/share/moveit_backend/meshes/ur3e/collision/wrist2.stl
[1.248s] -- Up-to-date: /home/autopilot/ws/restackcell/ws_moveit2/install/moveit_backend/share/moveit_backend/meshes/ur3e/collision/wrist3.stl
[1.248s] -- Up-to-date: /home/autopilot/ws/restackcell/ws_moveit2/install/moveit_backend/share/moveit_backend/meshes/ur3e/collision/wrist1.stl
[1.248s] -- Up-to-date: /home/autopilot/ws/restackcell/ws_moveit2/install/moveit_backend/share/moveit_backend/meshes/ur3e/collision/shoulder.stl
[1.253s] -- Up-to-date: /home/autopilot/ws/restackcell/ws_moveit2/install/moveit_backend/share/moveit_backend/meshes/ur3e/collision/upperarm.stl
[1.253s] -- Up-to-date: /home/autopilot/ws/restackcell/ws_moveit2/install/moveit_backend/share/moveit_backend/meshes/ur3e/visual
[1.253s] -- Up-to-date: /home/autopilot/ws/restackcell/ws_moveit2/install/moveit_backend/share/moveit_backend/meshes/ur3e/visual/upperarm.dae
[1.253s] -- Up-to-date: /home/autopilot/ws/restackcell/ws_moveit2/install/moveit_backend/share/moveit_backend/meshes/ur3e/visual/forearm.dae
[1.254s] -- Up-to-date: /home/autopilot/ws/restackcell/ws_moveit2/install/moveit_backend/share/moveit_backend/meshes/ur3e/visual/shoulder.dae
[1.254s] -- Up-to-date: /home/autopilot/ws/restackcell/ws_moveit2/install/moveit_backend/share/moveit_backend/meshes/ur3e/visual/wrist3.dae
[1.254s] -- Up-to-date: /home/autopilot/ws/restackcell/ws_moveit2/install/moveit_backend/share/moveit_backend/meshes/ur3e/visual/wrist1.dae
[1.254s] -- Up-to-date: /home/autopilot/ws/restackcell/ws_moveit2/install/moveit_backend/share/moveit_backend/meshes/ur3e/visual/wrist2.dae
[1.254s] -- Up-to-date: /home/autopilot/ws/restackcell/ws_moveit2/install/moveit_backend/share/moveit_backend/meshes/ur3e/visual/base.dae
[1.254s] -- Up-to-date: /home/autopilot/ws/restackcell/ws_moveit2/install/moveit_backend/share/moveit_backend/meshes/ur30
[1.262s] -- Up-to-date: /home/autopilot/ws/restackcell/ws_moveit2/install/moveit_backend/share/moveit_backend/meshes/ur30/collision
[1.262s] -- Up-to-date: /home/autopilot/ws/restackcell/ws_moveit2/install/moveit_backend/share/moveit_backend/meshes/ur30/collision/forearm.stl
[1.263s] -- Up-to-date: /home/autopilot/ws/restackcell/ws_moveit2/install/moveit_backend/share/moveit_backend/meshes/ur30/collision/upperarm.stl
[1.263s] -- Up-to-date: /home/autopilot/ws/restackcell/ws_moveit2/install/moveit_backend/share/moveit_backend/meshes/ur30/LICENSE.txt
[1.264s] -- Up-to-date: /home/autopilot/ws/restackcell/ws_moveit2/install/moveit_backend/share/moveit_backend/meshes/ur30/visual
[1.264s] -- Up-to-date: /home/autopilot/ws/restackcell/ws_moveit2/install/moveit_backend/share/moveit_backend/meshes/ur30/visual/upperarm.dae
[1.265s] -- Up-to-date: /home/autopilot/ws/restackcell/ws_moveit2/install/moveit_backend/share/moveit_backend/meshes/ur30/visual/forearm.dae
[1.266s] -- Up-to-date: /home/autopilot/ws/restackcell/ws_moveit2/install/moveit_backend/share/moveit_backend/meshes/ur30/visual/UR30_DIFF_8bit_2K.png
[1.267s] -- Up-to-date: /home/autopilot/ws/restackcell/ws_moveit2/install/moveit_backend/share/moveit_backend/meshes/ur10e
[1.267s] -- Up-to-date: /home/autopilot/ws/restackcell/ws_moveit2/install/moveit_backend/share/moveit_backend/meshes/ur10e/collision
[1.267s] -- Up-to-date: /home/autopilot/ws/restackcell/ws_moveit2/install/moveit_backend/share/moveit_backend/meshes/ur10e/collision/forearm.stl
[1.267s] -- Up-to-date: /home/autopilot/ws/restackcell/ws_moveit2/install/moveit_backend/share/moveit_backend/meshes/ur10e/collision/base.stl
[1.268s] -- Up-to-date: /home/autopilot/ws/restackcell/ws_moveit2/install/moveit_backend/share/moveit_backend/meshes/ur10e/collision/wrist2.stl
[1.268s] -- Up-to-date: /home/autopilot/ws/restackcell/ws_moveit2/install/moveit_backend/share/moveit_backend/meshes/ur10e/collision/wrist3.stl
[1.268s] -- Up-to-date: /home/autopilot/ws/restackcell/ws_moveit2/install/moveit_backend/share/moveit_backend/meshes/ur10e/collision/wrist1.stl
[1.268s] -- Up-to-date: /home/autopilot/ws/restackcell/ws_moveit2/install/moveit_backend/share/moveit_backend/meshes/ur10e/collision/shoulder.stl
[1.268s] -- Up-to-date: /home/autopilot/ws/restackcell/ws_moveit2/install/moveit_backend/share/moveit_backend/meshes/ur10e/collision/upperarm.stl
[1.268s] -- Up-to-date: /home/autopilot/ws/restackcell/ws_moveit2/install/moveit_backend/share/moveit_backend/meshes/ur10e/visual
[1.268s] -- Up-to-date: /home/autopilot/ws/restackcell/ws_moveit2/install/moveit_backend/share/moveit_backend/meshes/ur10e/visual/upperarm.dae
[1.269s] -- Up-to-date: /home/autopilot/ws/restackcell/ws_moveit2/install/moveit_backend/share/moveit_backend/meshes/ur10e/visual/forearm.dae
[1.269s] -- Up-to-date: /home/autopilot/ws/restackcell/ws_moveit2/install/moveit_backend/share/moveit_backend/meshes/ur10e/visual/shoulder.dae
[1.269s] -- Up-to-date: /home/autopilot/ws/restackcell/ws_moveit2/install/moveit_backend/share/moveit_backend/meshes/ur10e/visual/wrist3.dae
[1.269s] -- Up-to-date: /home/autopilot/ws/restackcell/ws_moveit2/install/moveit_backend/share/moveit_backend/meshes/ur10e/visual/wrist1.dae
[1.269s] -- Up-to-date: /home/autopilot/ws/restackcell/ws_moveit2/install/moveit_backend/share/moveit_backend/meshes/ur10e/visual/wrist2.dae
[1.269s] -- Up-to-date: /home/autopilot/ws/restackcell/ws_moveit2/install/moveit_backend/share/moveit_backend/meshes/ur10e/visual/base.dae
[1.269s] -- Up-to-date: /home/autopilot/ws/restackcell/ws_moveit2/install/moveit_backend/share/moveit_backend/meshes/ur10
[1.269s] -- Up-to-date: /home/autopilot/ws/restackcell/ws_moveit2/install/moveit_backend/share/moveit_backend/meshes/ur10/collision
[1.270s] -- Up-to-date: /home/autopilot/ws/restackcell/ws_moveit2/install/moveit_backend/share/moveit_backend/meshes/ur10/collision/forearm.stl
[1.270s] -- Up-to-date: /home/autopilot/ws/restackcell/ws_moveit2/install/moveit_backend/share/moveit_backend/meshes/ur10/collision/base.stl
[1.270s] -- Up-to-date: /home/autopilot/ws/restackcell/ws_moveit2/install/moveit_backend/share/moveit_backend/meshes/ur10/collision/wrist2.stl
[1.270s] -- Up-to-date: /home/autopilot/ws/restackcell/ws_moveit2/install/moveit_backend/share/moveit_backend/meshes/ur10/collision/wrist3.stl
[1.270s] -- Up-to-date: /home/autopilot/ws/restackcell/ws_moveit2/install/moveit_backend/share/moveit_backend/meshes/ur10/collision/wrist1.stl
[1.270s] -- Up-to-date: /home/autopilot/ws/restackcell/ws_moveit2/install/moveit_backend/share/moveit_backend/meshes/ur10/collision/shoulder.stl
[1.270s] -- Up-to-date: /home/autopilot/ws/restackcell/ws_moveit2/install/moveit_backend/share/moveit_backend/meshes/ur10/collision/upperarm.stl
[1.271s] -- Up-to-date: /home/autopilot/ws/restackcell/ws_moveit2/install/moveit_backend/share/moveit_backend/meshes/ur10/visual
[1.271s] -- Up-to-date: /home/autopilot/ws/restackcell/ws_moveit2/install/moveit_backend/share/moveit_backend/meshes/ur10/visual/upperarm.dae
[1.271s] -- Up-to-date: /home/autopilot/ws/restackcell/ws_moveit2/install/moveit_backend/share/moveit_backend/meshes/ur10/visual/forearm.dae
[1.271s] -- Up-to-date: /home/autopilot/ws/restackcell/ws_moveit2/install/moveit_backend/share/moveit_backend/meshes/ur10/visual/shoulder.dae
[1.271s] -- Up-to-date: /home/autopilot/ws/restackcell/ws_moveit2/install/moveit_backend/share/moveit_backend/meshes/ur10/visual/wrist3.dae
[1.271s] -- Up-to-date: /home/autopilot/ws/restackcell/ws_moveit2/install/moveit_backend/share/moveit_backend/meshes/ur10/visual/wrist1.dae
[1.271s] -- Up-to-date: /home/autopilot/ws/restackcell/ws_moveit2/install/moveit_backend/share/moveit_backend/meshes/ur10/visual/wrist2.dae
[1.272s] -- Up-to-date: /home/autopilot/ws/restackcell/ws_moveit2/install/moveit_backend/share/moveit_backend/meshes/ur10/visual/base.dae
[1.273s] -- Up-to-date: /home/autopilot/ws/restackcell/ws_moveit2/install/moveit_backend/share/moveit_backend/meshes/ur5
[1.274s] -- Up-to-date: /home/autopilot/ws/restackcell/ws_moveit2/install/moveit_backend/share/moveit_backend/meshes/ur5/collision
[1.274s] -- Up-to-date: /home/autopilot/ws/restackcell/ws_moveit2/install/moveit_backend/share/moveit_backend/meshes/ur5/collision/forearm.stl
[1.274s] -- Up-to-date: /home/autopilot/ws/restackcell/ws_moveit2/install/moveit_backend/share/moveit_backend/meshes/ur5/collision/base.stl
[1.274s] -- Up-to-date: /home/autopilot/ws/restackcell/ws_moveit2/install/moveit_backend/share/moveit_backend/meshes/ur5/collision/wrist2.stl
[1.274s] -- Up-to-date: /home/autopilot/ws/restackcell/ws_moveit2/install/moveit_backend/share/moveit_backend/meshes/ur5/collision/wrist3.stl
[1.274s] -- Up-to-date: /home/autopilot/ws/restackcell/ws_moveit2/install/moveit_backend/share/moveit_backend/meshes/ur5/collision/wrist1.stl
[1.274s] -- Up-to-date: /home/autopilot/ws/restackcell/ws_moveit2/install/moveit_backend/share/moveit_backend/meshes/ur5/collision/shoulder.stl
[1.275s] -- Up-to-date: /home/autopilot/ws/restackcell/ws_moveit2/install/moveit_backend/share/moveit_backend/meshes/ur5/collision/upperarm.stl
[1.275s] -- Up-to-date: /home/autopilot/ws/restackcell/ws_moveit2/install/moveit_backend/share/moveit_backend/meshes/ur5/visual
[1.275s] -- Up-to-date: /home/autopilot/ws/restackcell/ws_moveit2/install/moveit_backend/share/moveit_backend/meshes/ur5/visual/upperarm.dae
[1.275s] -- Up-to-date: /home/autopilot/ws/restackcell/ws_moveit2/install/moveit_backend/share/moveit_backend/meshes/ur5/visual/forearm.dae
[1.275s] -- Up-to-date: /home/autopilot/ws/restackcell/ws_moveit2/install/moveit_backend/share/moveit_backend/meshes/ur5/visual/shoulder.dae
[1.275s] -- Up-to-date: /home/autopilot/ws/restackcell/ws_moveit2/install/moveit_backend/share/moveit_backend/meshes/ur5/visual/wrist3.dae
[1.275s] -- Up-to-date: /home/autopilot/ws/restackcell/ws_moveit2/install/moveit_backend/share/moveit_backend/meshes/ur5/visual/wrist1.dae
[1.276s] -- Up-to-date: /home/autopilot/ws/restackcell/ws_moveit2/install/moveit_backend/share/moveit_backend/meshes/ur5/visual/wrist2.dae
[1.276s] -- Up-to-date: /home/autopilot/ws/restackcell/ws_moveit2/install/moveit_backend/share/moveit_backend/meshes/ur5/visual/base.dae
[1.276s] -- Up-to-date: /home/autopilot/ws/restackcell/ws_moveit2/install/moveit_backend/share/moveit_backend/urdf
[1.276s] -- Up-to-date: /home/autopilot/ws/restackcell/ws_moveit2/install/moveit_backend/share/moveit_backend/urdf/ur.ros2_control.xacro
[1.276s] -- Up-to-date: /home/autopilot/ws/restackcell/ws_moveit2/install/moveit_backend/share/moveit_backend/urdf/ur.urdf.xacro
[1.276s] -- Up-to-date: /home/autopilot/ws/restackcell/ws_moveit2/install/moveit_backend/share/moveit_backend/urdf/inc
[1.277s] -- Up-to-date: /home/autopilot/ws/restackcell/ws_moveit2/install/moveit_backend/share/moveit_backend/urdf/inc/ur_transmissions.xacro
[1.277s] -- Up-to-date: /home/autopilot/ws/restackcell/ws_moveit2/install/moveit_backend/share/moveit_backend/urdf/inc/ur_common.xacro
[1.277s] -- Up-to-date: /home/autopilot/ws/restackcell/ws_moveit2/install/moveit_backend/share/moveit_backend/urdf/ur_macro.xacro
[1.277s] -- Up-to-date: /home/autopilot/ws/restackcell/ws_moveit2/install/moveit_backend/install/moveit_backend/config
[1.277s] -- Up-to-date: /home/autopilot/ws/restackcell/ws_moveit2/install/moveit_backend/install/moveit_backend/config/visual_parameters.yaml
[1.278s] -- Up-to-date: /home/autopilot/ws/restackcell/ws_moveit2/install/moveit_backend/install/moveit_backend/config/default_kinematics.yaml
[1.278s] -- Up-to-date: /home/autopilot/ws/restackcell/ws_moveit2/install/moveit_backend/install/moveit_backend/config/ur16e copy
[1.278s] -- Up-to-date: /home/autopilot/ws/restackcell/ws_moveit2/install/moveit_backend/install/moveit_backend/config/ur16e copy/visual_parameters.yaml
[1.278s] -- Up-to-date: /home/autopilot/ws/restackcell/ws_moveit2/install/moveit_backend/install/moveit_backend/config/ur16e copy/default_kinematics.yaml
[1.278s] -- Up-to-date: /home/autopilot/ws/restackcell/ws_moveit2/install/moveit_backend/install/moveit_backend/config/ur16e copy/joint_limits.yaml
[1.278s] -- Up-to-date: /home/autopilot/ws/restackcell/ws_moveit2/install/moveit_backend/install/moveit_backend/config/ur16e copy/physical_parameters.yaml
[1.279s] -- Up-to-date: /home/autopilot/ws/restackcell/ws_moveit2/install/moveit_backend/install/moveit_backend/config/joint_limits.yaml
[1.279s] -- Up-to-date: /home/autopilot/ws/restackcell/ws_moveit2/install/moveit_backend/install/moveit_backend/config/pilz_cartesian_limits.yaml
[1.279s] -- Up-to-date: /home/autopilot/ws/restackcell/ws_moveit2/install/moveit_backend/install/moveit_backend/config/pilz_industrial_motion_planner_planning.yaml
[1.279s] -- Up-to-date: /home/autopilot/ws/restackcell/ws_moveit2/install/moveit_backend/install/moveit_backend/config/physical_parameters.yaml
[1.279s] -- Up-to-date: /home/autopilot/ws/restackcell/ws_moveit2/install/moveit_backend/install/moveit_backend/meshes
[1.279s] -- Up-to-date: /home/autopilot/ws/restackcell/ws_moveit2/install/moveit_backend/install/moveit_backend/meshes/ur20
[1.279s] -- Up-to-date: /home/autopilot/ws/restackcell/ws_moveit2/install/moveit_backend/install/moveit_backend/meshes/ur20/collision
[1.280s] -- Up-to-date: /home/autopilot/ws/restackcell/ws_moveit2/install/moveit_backend/install/moveit_backend/meshes/ur20/collision/forearm.stl
[1.280s] -- Up-to-date: /home/autopilot/ws/restackcell/ws_moveit2/install/moveit_backend/install/moveit_backend/meshes/ur20/collision/base.stl
[1.280s] -- Up-to-date: /home/autopilot/ws/restackcell/ws_moveit2/install/moveit_backend/install/moveit_backend/meshes/ur20/collision/wrist2.stl
[1.280s] -- Up-to-date: /home/autopilot/ws/restackcell/ws_moveit2/install/moveit_backend/install/moveit_backend/meshes/ur20/collision/wrist3.stl
[1.280s] -- Up-to-date: /home/autopilot/ws/restackcell/ws_moveit2/install/moveit_backend/install/moveit_backend/meshes/ur20/collision/wrist1.stl
[1.280s] -- Up-to-date: /home/autopilot/ws/restackcell/ws_moveit2/install/moveit_backend/install/moveit_backend/meshes/ur20/collision/shoulder.stl
[1.295s] -- Up-to-date: /home/autopilot/ws/restackcell/ws_moveit2/install/moveit_backend/install/moveit_backend/meshes/ur20/collision/upperarm.stl
[1.295s] -- Up-to-date: /home/autopilot/ws/restackcell/ws_moveit2/install/moveit_backend/install/moveit_backend/meshes/ur20/LICENSE.txt
[1.296s] -- Up-to-date: /home/autopilot/ws/restackcell/ws_moveit2/install/moveit_backend/install/moveit_backend/meshes/ur20/visual
[1.296s] -- Up-to-date: /home/autopilot/ws/restackcell/ws_moveit2/install/moveit_backend/install/moveit_backend/meshes/ur20/visual/UR20_DIFF_8bit_2K.png
[1.296s] -- Up-to-date: /home/autopilot/ws/restackcell/ws_moveit2/install/moveit_backend/install/moveit_backend/meshes/ur20/visual/upperarm.dae
[1.296s] -- Up-to-date: /home/autopilot/ws/restackcell/ws_moveit2/install/moveit_backend/install/moveit_backend/meshes/ur20/visual/forearm.dae
[1.296s] -- Up-to-date: /home/autopilot/ws/restackcell/ws_moveit2/install/moveit_backend/install/moveit_backend/meshes/ur20/visual/shoulder.dae
[1.297s] -- Up-to-date: /home/autopilot/ws/restackcell/ws_moveit2/install/moveit_backend/install/moveit_backend/meshes/ur20/visual/wrist3.dae
[1.297s] -- Up-to-date: /home/autopilot/ws/restackcell/ws_moveit2/install/moveit_backend/install/moveit_backend/meshes/ur20/visual/wrist1.dae
[1.297s] -- Up-to-date: /home/autopilot/ws/restackcell/ws_moveit2/install/moveit_backend/install/moveit_backend/meshes/ur20/visual/wrist2.dae
[1.297s] -- Up-to-date: /home/autopilot/ws/restackcell/ws_moveit2/install/moveit_backend/install/moveit_backend/meshes/ur20/visual/base.dae
[1.297s] -- Up-to-date: /home/autopilot/ws/restackcell/ws_moveit2/install/moveit_backend/install/moveit_backend/meshes/ur5e
[1.297s] -- Up-to-date: /home/autopilot/ws/restackcell/ws_moveit2/install/moveit_backend/install/moveit_backend/meshes/ur5e/collision
[1.297s] -- Up-to-date: /home/autopilot/ws/restackcell/ws_moveit2/install/moveit_backend/install/moveit_backend/meshes/ur5e/collision/forearm.stl
[1.298s] -- Up-to-date: /home/autopilot/ws/restackcell/ws_moveit2/install/moveit_backend/install/moveit_backend/meshes/ur5e/collision/base.stl
[1.298s] -- Up-to-date: /home/autopilot/ws/restackcell/ws_moveit2/install/moveit_backend/install/moveit_backend/meshes/ur5e/collision/wrist2.stl
[1.298s] -- Up-to-date: /home/autopilot/ws/restackcell/ws_moveit2/install/moveit_backend/install/moveit_backend/meshes/ur5e/collision/wrist3.stl
[1.298s] -- Up-to-date: /home/autopilot/ws/restackcell/ws_moveit2/install/moveit_backend/install/moveit_backend/meshes/ur5e/collision/wrist1.stl
[1.298s] -- Up-to-date: /home/autopilot/ws/restackcell/ws_moveit2/install/moveit_backend/install/moveit_backend/meshes/ur5e/collision/shoulder.stl
[1.298s] -- Up-to-date: /home/autopilot/ws/restackcell/ws_moveit2/install/moveit_backend/install/moveit_backend/meshes/ur5e/collision/upperarm.stl
[1.298s] -- Up-to-date: /home/autopilot/ws/restackcell/ws_moveit2/install/moveit_backend/install/moveit_backend/meshes/ur5e/visual
[1.299s] -- Up-to-date: /home/autopilot/ws/restackcell/ws_moveit2/install/moveit_backend/install/moveit_backend/meshes/ur5e/visual/upperarm.dae
[1.299s] -- Up-to-date: /home/autopilot/ws/restackcell/ws_moveit2/install/moveit_backend/install/moveit_backend/meshes/ur5e/visual/forearm.dae
[1.299s] -- Up-to-date: /home/autopilot/ws/restackcell/ws_moveit2/install/moveit_backend/install/moveit_backend/meshes/ur5e/visual/shoulder.dae
[1.299s] -- Up-to-date: /home/autopilot/ws/restackcell/ws_moveit2/install/moveit_backend/install/moveit_backend/meshes/ur5e/visual/wrist3.dae
[1.299s] -- Up-to-date: /home/autopilot/ws/restackcell/ws_moveit2/install/moveit_backend/install/moveit_backend/meshes/ur5e/visual/wrist1.dae
[1.299s] -- Up-to-date: /home/autopilot/ws/restackcell/ws_moveit2/install/moveit_backend/install/moveit_backend/meshes/ur5e/visual/wrist2.dae
[1.300s] -- Up-to-date: /home/autopilot/ws/restackcell/ws_moveit2/install/moveit_backend/install/moveit_backend/meshes/ur5e/visual/base.dae
[1.300s] -- Up-to-date: /home/autopilot/ws/restackcell/ws_moveit2/install/moveit_backend/install/moveit_backend/meshes/ur3
[1.300s] -- Up-to-date: /home/autopilot/ws/restackcell/ws_moveit2/install/moveit_backend/install/moveit_backend/meshes/ur3/collision
[1.325s] -- Up-to-date: /home/autopilot/ws/restackcell/ws_moveit2/install/moveit_backend/install/moveit_backend/meshes/ur3/collision/forearm.stl
[1.325s] -- Up-to-date: /home/autopilot/ws/restackcell/ws_moveit2/install/moveit_backend/install/moveit_backend/meshes/ur3/collision/base.stl
[1.325s] -- Up-to-date: /home/autopilot/ws/restackcell/ws_moveit2/install/moveit_backend/install/moveit_backend/meshes/ur3/collision/wrist2.stl
[1.325s] -- Up-to-date: /home/autopilot/ws/restackcell/ws_moveit2/install/moveit_backend/install/moveit_backend/meshes/ur3/collision/wrist3.stl
[1.326s] -- Up-to-date: /home/autopilot/ws/restackcell/ws_moveit2/install/moveit_backend/install/moveit_backend/meshes/ur3/collision/wrist1.stl
[1.326s] -- Up-to-date: /home/autopilot/ws/restackcell/ws_moveit2/install/moveit_backend/install/moveit_backend/meshes/ur3/collision/shoulder.stl
[1.326s] -- Up-to-date: /home/autopilot/ws/restackcell/ws_moveit2/install/moveit_backend/install/moveit_backend/meshes/ur3/collision/upperarm.stl
[1.326s] -- Up-to-date: /home/autopilot/ws/restackcell/ws_moveit2/install/moveit_backend/install/moveit_backend/meshes/ur3/visual
[1.326s] -- Up-to-date: /home/autopilot/ws/restackcell/ws_moveit2/install/moveit_backend/install/moveit_backend/meshes/ur3/visual/upperarm.dae
[1.326s] -- Up-to-date: /home/autopilot/ws/restackcell/ws_moveit2/install/moveit_backend/install/moveit_backend/meshes/ur3/visual/forearm.dae
[1.327s] -- Up-to-date: /home/autopilot/ws/restackcell/ws_moveit2/install/moveit_backend/install/moveit_backend/meshes/ur3/visual/shoulder.dae
[1.327s] -- Up-to-date: /home/autopilot/ws/restackcell/ws_moveit2/install/moveit_backend/install/moveit_backend/meshes/ur3/visual/wrist3.dae
[1.331s] -- Up-to-date: /home/autopilot/ws/restackcell/ws_moveit2/install/moveit_backend/install/moveit_backend/meshes/ur3/visual/wrist1.dae
[1.331s] -- Up-to-date: /home/autopilot/ws/restackcell/ws_moveit2/install/moveit_backend/install/moveit_backend/meshes/ur3/visual/wrist2.dae
[1.332s] -- Up-to-date: /home/autopilot/ws/restackcell/ws_moveit2/install/moveit_backend/install/moveit_backend/meshes/ur3/visual/base.dae
[1.332s] -- Up-to-date: /home/autopilot/ws/restackcell/ws_moveit2/install/moveit_backend/install/moveit_backend/meshes/ur16e
[1.332s] -- Up-to-date: /home/autopilot/ws/restackcell/ws_moveit2/install/moveit_backend/install/moveit_backend/meshes/ur16e/collision
[1.333s] -- Up-to-date: /home/autopilot/ws/restackcell/ws_moveit2/install/moveit_backend/install/moveit_backend/meshes/ur16e/collision/forearm.stl
[1.333s] -- Up-to-date: /home/autopilot/ws/restackcell/ws_moveit2/install/moveit_backend/install/moveit_backend/meshes/ur16e/collision/upperarm.stl
[1.333s] -- Up-to-date: /home/autopilot/ws/restackcell/ws_moveit2/install/moveit_backend/install/moveit_backend/meshes/ur16e/visual
[1.333s] -- Up-to-date: /home/autopilot/ws/restackcell/ws_moveit2/install/moveit_backend/install/moveit_backend/meshes/ur16e/visual/upperarm.dae
[1.333s] -- Up-to-date: /home/autopilot/ws/restackcell/ws_moveit2/install/moveit_backend/install/moveit_backend/meshes/ur16e/visual/forearm.dae
[1.333s] -- Up-to-date: /home/autopilot/ws/restackcell/ws_moveit2/install/moveit_backend/install/moveit_backend/meshes/ur3e
[1.333s] -- Up-to-date: /home/autopilot/ws/restackcell/ws_moveit2/install/moveit_backend/install/moveit_backend/meshes/ur3e/collision
[1.334s] -- Up-to-date: /home/autopilot/ws/restackcell/ws_moveit2/install/moveit_backend/install/moveit_backend/meshes/ur3e/collision/forearm.stl
[1.334s] -- Up-to-date: /home/autopilot/ws/restackcell/ws_moveit2/install/moveit_backend/install/moveit_backend/meshes/ur3e/collision/base.stl
[1.334s] -- Up-to-date: /home/autopilot/ws/restackcell/ws_moveit2/install/moveit_backend/install/moveit_backend/meshes/ur3e/collision/wrist2.stl
[1.334s] -- Up-to-date: /home/autopilot/ws/restackcell/ws_moveit2/install/moveit_backend/install/moveit_backend/meshes/ur3e/collision/wrist3.stl
[1.334s] -- Up-to-date: /home/autopilot/ws/restackcell/ws_moveit2/install/moveit_backend/install/moveit_backend/meshes/ur3e/collision/wrist1.stl
[1.334s] -- Up-to-date: /home/autopilot/ws/restackcell/ws_moveit2/install/moveit_backend/install/moveit_backend/meshes/ur3e/collision/shoulder.stl
[1.334s] -- Up-to-date: /home/autopilot/ws/restackcell/ws_moveit2/install/moveit_backend/install/moveit_backend/meshes/ur3e/collision/upperarm.stl
[1.334s] -- Up-to-date: /home/autopilot/ws/restackcell/ws_moveit2/install/moveit_backend/install/moveit_backend/meshes/ur3e/visual
[1.335s] -- Up-to-date: /home/autopilot/ws/restackcell/ws_moveit2/install/moveit_backend/install/moveit_backend/meshes/ur3e/visual/upperarm.dae
[1.335s] -- Up-to-date: /home/autopilot/ws/restackcell/ws_moveit2/install/moveit_backend/install/moveit_backend/meshes/ur3e/visual/forearm.dae
[1.335s] -- Up-to-date: /home/autopilot/ws/restackcell/ws_moveit2/install/moveit_backend/install/moveit_backend/meshes/ur3e/visual/shoulder.dae
[1.335s] -- Up-to-date: /home/autopilot/ws/restackcell/ws_moveit2/install/moveit_backend/install/moveit_backend/meshes/ur3e/visual/wrist3.dae
[1.335s] -- Up-to-date: /home/autopilot/ws/restackcell/ws_moveit2/install/moveit_backend/install/moveit_backend/meshes/ur3e/visual/wrist1.dae
[1.335s] -- Up-to-date: /home/autopilot/ws/restackcell/ws_moveit2/install/moveit_backend/install/moveit_backend/meshes/ur3e/visual/wrist2.dae
[1.385s] -- Up-to-date: /home/autopilot/ws/restackcell/ws_moveit2/install/moveit_backend/install/moveit_backend/meshes/ur3e/visual/base.dae
[1.385s] -- Up-to-date: /home/autopilot/ws/restackcell/ws_moveit2/install/moveit_backend/install/moveit_backend/meshes/ur30
[1.385s] -- Up-to-date: /home/autopilot/ws/restackcell/ws_moveit2/install/moveit_backend/install/moveit_backend/meshes/ur30/collision
[1.385s] -- Up-to-date: /home/autopilot/ws/restackcell/ws_moveit2/install/moveit_backend/install/moveit_backend/meshes/ur30/collision/forearm.stl
[1.385s] -- Up-to-date: /home/autopilot/ws/restackcell/ws_moveit2/install/moveit_backend/install/moveit_backend/meshes/ur30/collision/upperarm.stl
[1.386s] -- Up-to-date: /home/autopilot/ws/restackcell/ws_moveit2/install/moveit_backend/install/moveit_backend/meshes/ur30/LICENSE.txt
[1.386s] -- Up-to-date: /home/autopilot/ws/restackcell/ws_moveit2/install/moveit_backend/install/moveit_backend/meshes/ur30/visual
[1.386s] -- Up-to-date: /home/autopilot/ws/restackcell/ws_moveit2/install/moveit_backend/install/moveit_backend/meshes/ur30/visual/upperarm.dae
[1.386s] -- Up-to-date: /home/autopilot/ws/restackcell/ws_moveit2/install/moveit_backend/install/moveit_backend/meshes/ur30/visual/forearm.dae
[1.386s] -- Up-to-date: /home/autopilot/ws/restackcell/ws_moveit2/install/moveit_backend/install/moveit_backend/meshes/ur30/visual/UR30_DIFF_8bit_2K.png
[1.386s] -- Up-to-date: /home/autopilot/ws/restackcell/ws_moveit2/install/moveit_backend/install/moveit_backend/meshes/ur10e
[1.386s] -- Up-to-date: /home/autopilot/ws/restackcell/ws_moveit2/install/moveit_backend/install/moveit_backend/meshes/ur10e/collision
[1.387s] -- Up-to-date: /home/autopilot/ws/restackcell/ws_moveit2/install/moveit_backend/install/moveit_backend/meshes/ur10e/collision/forearm.stl
[1.387s] -- Up-to-date: /home/autopilot/ws/restackcell/ws_moveit2/install/moveit_backend/install/moveit_backend/meshes/ur10e/collision/base.stl
[1.387s] -- Up-to-date: /home/autopilot/ws/restackcell/ws_moveit2/install/moveit_backend/install/moveit_backend/meshes/ur10e/collision/wrist2.stl
[1.387s] -- Up-to-date: /home/autopilot/ws/restackcell/ws_moveit2/install/moveit_backend/install/moveit_backend/meshes/ur10e/collision/wrist3.stl
[1.387s] -- Up-to-date: /home/autopilot/ws/restackcell/ws_moveit2/install/moveit_backend/install/moveit_backend/meshes/ur10e/collision/wrist1.stl
[1.387s] -- Up-to-date: /home/autopilot/ws/restackcell/ws_moveit2/install/moveit_backend/install/moveit_backend/meshes/ur10e/collision/shoulder.stl
[1.387s] -- Up-to-date: /home/autopilot/ws/restackcell/ws_moveit2/install/moveit_backend/install/moveit_backend/meshes/ur10e/collision/upperarm.stl
[1.388s] -- Up-to-date: /home/autopilot/ws/restackcell/ws_moveit2/install/moveit_backend/install/moveit_backend/meshes/ur10e/visual
[1.388s] -- Up-to-date: /home/autopilot/ws/restackcell/ws_moveit2/install/moveit_backend/install/moveit_backend/meshes/ur10e/visual/upperarm.dae
[1.388s] -- Up-to-date: /home/autopilot/ws/restackcell/ws_moveit2/install/moveit_backend/install/moveit_backend/meshes/ur10e/visual/forearm.dae
[1.388s] -- Up-to-date: /home/autopilot/ws/restackcell/ws_moveit2/install/moveit_backend/install/moveit_backend/meshes/ur10e/visual/shoulder.dae
[1.388s] -- Up-to-date: /home/autopilot/ws/restackcell/ws_moveit2/install/moveit_backend/install/moveit_backend/meshes/ur10e/visual/wrist3.dae
[1.389s] -- Up-to-date: /home/autopilot/ws/restackcell/ws_moveit2/install/moveit_backend/install/moveit_backend/meshes/ur10e/visual/wrist1.dae
[1.389s] -- Up-to-date: /home/autopilot/ws/restackcell/ws_moveit2/install/moveit_backend/install/moveit_backend/meshes/ur10e/visual/wrist2.dae
[1.389s] -- Up-to-date: /home/autopilot/ws/restackcell/ws_moveit2/install/moveit_backend/install/moveit_backend/meshes/ur10e/visual/base.dae
[1.389s] -- Up-to-date: /home/autopilot/ws/restackcell/ws_moveit2/install/moveit_backend/install/moveit_backend/meshes/ur10
[1.389s] -- Up-to-date: /home/autopilot/ws/restackcell/ws_moveit2/install/moveit_backend/install/moveit_backend/meshes/ur10/collision
[1.389s] -- Up-to-date: /home/autopilot/ws/restackcell/ws_moveit2/install/moveit_backend/install/moveit_backend/meshes/ur10/collision/forearm.stl
[1.390s] -- Up-to-date: /home/autopilot/ws/restackcell/ws_moveit2/install/moveit_backend/install/moveit_backend/meshes/ur10/collision/base.stl
[1.390s] -- Up-to-date: /home/autopilot/ws/restackcell/ws_moveit2/install/moveit_backend/install/moveit_backend/meshes/ur10/collision/wrist2.stl
[1.390s] -- Up-to-date: /home/autopilot/ws/restackcell/ws_moveit2/install/moveit_backend/install/moveit_backend/meshes/ur10/collision/wrist3.stl
[1.390s] -- Up-to-date: /home/autopilot/ws/restackcell/ws_moveit2/install/moveit_backend/install/moveit_backend/meshes/ur10/collision/wrist1.stl
[1.390s] -- Up-to-date: /home/autopilot/ws/restackcell/ws_moveit2/install/moveit_backend/install/moveit_backend/meshes/ur10/collision/shoulder.stl
[1.390s] -- Up-to-date: /home/autopilot/ws/restackcell/ws_moveit2/install/moveit_backend/install/moveit_backend/meshes/ur10/collision/upperarm.stl
[1.390s] -- Up-to-date: /home/autopilot/ws/restackcell/ws_moveit2/install/moveit_backend/install/moveit_backend/meshes/ur10/visual
[1.390s] -- Up-to-date: /home/autopilot/ws/restackcell/ws_moveit2/install/moveit_backend/install/moveit_backend/meshes/ur10/visual/upperarm.dae
[1.391s] -- Up-to-date: /home/autopilot/ws/restackcell/ws_moveit2/install/moveit_backend/install/moveit_backend/meshes/ur10/visual/forearm.dae
[1.391s] -- Up-to-date: /home/autopilot/ws/restackcell/ws_moveit2/install/moveit_backend/install/moveit_backend/meshes/ur10/visual/shoulder.dae
[1.391s] -- Up-to-date: /home/autopilot/ws/restackcell/ws_moveit2/install/moveit_backend/install/moveit_backend/meshes/ur10/visual/wrist3.dae
[1.391s] -- Up-to-date: /home/autopilot/ws/restackcell/ws_moveit2/install/moveit_backend/install/moveit_backend/meshes/ur10/visual/wrist1.dae
[1.391s] -- Up-to-date: /home/autopilot/ws/restackcell/ws_moveit2/install/moveit_backend/install/moveit_backend/meshes/ur10/visual/wrist2.dae
[1.391s] -- Up-to-date: /home/autopilot/ws/restackcell/ws_moveit2/install/moveit_backend/install/moveit_backend/meshes/ur10/visual/base.dae
[1.391s] -- Up-to-date: /home/autopilot/ws/restackcell/ws_moveit2/install/moveit_backend/install/moveit_backend/meshes/ur5
[1.392s] -- Up-to-date: /home/autopilot/ws/restackcell/ws_moveit2/install/moveit_backend/install/moveit_backend/meshes/ur5/collision
[1.392s] -- Up-to-date: /home/autopilot/ws/restackcell/ws_moveit2/install/moveit_backend/install/moveit_backend/meshes/ur5/collision/forearm.stl
[1.392s] -- Up-to-date: /home/autopilot/ws/restackcell/ws_moveit2/install/moveit_backend/install/moveit_backend/meshes/ur5/collision/base.stl
[1.392s] -- Up-to-date: /home/autopilot/ws/restackcell/ws_moveit2/install/moveit_backend/install/moveit_backend/meshes/ur5/collision/wrist2.stl
[1.392s] -- Up-to-date: /home/autopilot/ws/restackcell/ws_moveit2/install/moveit_backend/install/moveit_backend/meshes/ur5/collision/wrist3.stl
[1.392s] -- Up-to-date: /home/autopilot/ws/restackcell/ws_moveit2/install/moveit_backend/install/moveit_backend/meshes/ur5/collision/wrist1.stl
[1.392s] -- Up-to-date: /home/autopilot/ws/restackcell/ws_moveit2/install/moveit_backend/install/moveit_backend/meshes/ur5/collision/shoulder.stl
[1.393s] -- Up-to-date: /home/autopilot/ws/restackcell/ws_moveit2/install/moveit_backend/install/moveit_backend/meshes/ur5/collision/upperarm.stl
[1.393s] -- Up-to-date: /home/autopilot/ws/restackcell/ws_moveit2/install/moveit_backend/install/moveit_backend/meshes/ur5/visual
[1.393s] -- Up-to-date: /home/autopilot/ws/restackcell/ws_moveit2/install/moveit_backend/install/moveit_backend/meshes/ur5/visual/upperarm.dae
[1.393s] -- Up-to-date: /home/autopilot/ws/restackcell/ws_moveit2/install/moveit_backend/install/moveit_backend/meshes/ur5/visual/forearm.dae
[1.393s] -- Up-to-date: /home/autopilot/ws/restackcell/ws_moveit2/install/moveit_backend/install/moveit_backend/meshes/ur5/visual/shoulder.dae
[1.393s] -- Up-to-date: /home/autopilot/ws/restackcell/ws_moveit2/install/moveit_backend/install/moveit_backend/meshes/ur5/visual/wrist3.dae
[1.393s] -- Up-to-date: /home/autopilot/ws/restackcell/ws_moveit2/install/moveit_backend/install/moveit_backend/meshes/ur5/visual/wrist1.dae
[1.393s] -- Up-to-date: /home/autopilot/ws/restackcell/ws_moveit2/install/moveit_backend/install/moveit_backend/meshes/ur5/visual/wrist2.dae
[1.394s] -- Up-to-date: /home/autopilot/ws/restackcell/ws_moveit2/install/moveit_backend/install/moveit_backend/meshes/ur5/visual/base.dae
[1.394s] -- Up-to-date: /home/autopilot/ws/restackcell/ws_moveit2/install/moveit_backend/install/moveit_backend/urdf
[1.394s] -- Up-to-date: /home/autopilot/ws/restackcell/ws_moveit2/install/moveit_backend/install/moveit_backend/urdf/ur.ros2_control.xacro
[1.394s] -- Up-to-date: /home/autopilot/ws/restackcell/ws_moveit2/install/moveit_backend/install/moveit_backend/urdf/ur.urdf.xacro
[1.394s] -- Up-to-date: /home/autopilot/ws/restackcell/ws_moveit2/install/moveit_backend/install/moveit_backend/urdf/inc
[1.394s] -- Up-to-date: /home/autopilot/ws/restackcell/ws_moveit2/install/moveit_backend/install/moveit_backend/urdf/inc/ur_transmissions.xacro
[1.394s] -- Up-to-date: /home/autopilot/ws/restackcell/ws_moveit2/install/moveit_backend/install/moveit_backend/urdf/inc/ur_common.xacro
[1.395s] -- Up-to-date: /home/autopilot/ws/restackcell/ws_moveit2/install/moveit_backend/install/moveit_backend/urdf/ur_macro.xacro
[1.395s] -- Up-to-date: /home/autopilot/ws/restackcell/ws_moveit2/install/moveit_backend/share/ament_index/resource_index/package_run_dependencies/moveit_backend
[1.395s] -- Up-to-date: /home/autopilot/ws/restackcell/ws_moveit2/install/moveit_backend/share/ament_index/resource_index/parent_prefix_path/moveit_backend
[1.395s] -- Up-to-date: /home/autopilot/ws/restackcell/ws_moveit2/install/moveit_backend/share/moveit_backend/environment/ament_prefix_path.sh
[1.397s] -- Up-to-date: /home/autopilot/ws/restackcell/ws_moveit2/install/moveit_backend/share/moveit_backend/environment/ament_prefix_path.dsv
[1.398s] -- Up-to-date: /home/autopilot/ws/restackcell/ws_moveit2/install/moveit_backend/share/moveit_backend/environment/path.sh
[1.398s] -- Up-to-date: /home/autopilot/ws/restackcell/ws_moveit2/install/moveit_backend/share/moveit_backend/environment/path.dsv
[1.398s] -- Up-to-date: /home/autopilot/ws/restackcell/ws_moveit2/install/moveit_backend/share/moveit_backend/local_setup.bash
[1.398s] -- Up-to-date: /home/autopilot/ws/restackcell/ws_moveit2/install/moveit_backend/share/moveit_backend/local_setup.sh
[1.398s] -- Up-to-date: /home/autopilot/ws/restackcell/ws_moveit2/install/moveit_backend/share/moveit_backend/local_setup.zsh
[1.398s] -- Up-to-date: /home/autopilot/ws/restackcell/ws_moveit2/install/moveit_backend/share/moveit_backend/local_setup.dsv
[1.398s] -- Installing: /home/autopilot/ws/restackcell/ws_moveit2/install/moveit_backend/share/moveit_backend/package.dsv
[1.398s] -- Up-to-date: /home/autopilot/ws/restackcell/ws_moveit2/install/moveit_backend/share/ament_index/resource_index/packages/moveit_backend
[1.399s] -- Up-to-date: /home/autopilot/ws/restackcell/ws_moveit2/install/moveit_backend/share/moveit_backend/cmake/moveit_backendConfig.cmake
[1.399s] -- Up-to-date: /home/autopilot/ws/restackcell/ws_moveit2/install/moveit_backend/share/moveit_backend/cmake/moveit_backendConfig-version.cmake
[1.399s] -- Up-to-date: /home/autopilot/ws/restackcell/ws_moveit2/install/moveit_backend/share/moveit_backend/package.xml
[1.399s] Invoked command in '/home/autopilot/ws/restackcell/ws_moveit2/build/moveit_backend' returned '0': CMAKE_PREFIX_PATH=/opt/ros/humble:/home/autopilot/ws/restackcell/ws_moveit2/install/wzlscheduler_interfaces LD_LIBRARY_PATH=/home/autopilot/ws/restackcell/ws_moveit2/install/wzlscheduler_interfaces/lib:${LD_LIBRARY_PATH} PKG_CONFIG_PATH=/home/autopilot/ws/restackcell/ws_moveit2/install/wzlscheduler_interfaces/lib/aarch64-linux-gnu/pkgconfig:/home/autopilot/ws/restackcell/ws_moveit2/install/wzlscheduler_interfaces/lib/pkgconfig PYTHONPATH=/home/autopilot/ws/restackcell/ws_moveit2/install/wzlscheduler_interfaces/local/lib/python3.10/dist-packages:${PYTHONPATH} ROS_PACKAGE_PATH=/home/autopilot/ws/restackcell/ws_moveit2/install/wzlscheduler_interfaces/share /usr/bin/cmake --install /home/autopilot/ws/restackcell/ws_moveit2/build/moveit_backend
