[0.317s] Invoking command in '/home/alex/restackcell/ws_moveit2/build/tutorial_interfaces': CMAKE_PREFIX_PATH=${CMAKE_PREFIX_PATH}:/home/alex/ws_moveit2/install/moveit_configs_utils:/home/alex/ws_moveit2/install/launch_param_builder:/opt/ros/humble /usr/bin/cmake --build /home/alex/restackcell/ws_moveit2/build/tutorial_interfaces -- -j16 -l16
[0.663s] [  7%] Built target tutorial_interfaces__cpp
[0.663s] [ 12%] Built target tutorial_interfaces__rosidl_generator_c
[0.663s] [ 12%] Built target ament_cmake_python_copy_tutorial_interfaces
[0.663s] [ 43%] Built target tutorial_interfaces__rosidl_typesupport_c
[0.663s] [ 43%] Built target tutorial_interfaces__rosidl_typesupport_introspection_cpp
[0.663s] [ 43%] Built target tutorial_interfaces__rosidl_typesupport_introspection_c
[0.663s] [ 53%] Built target tutorial_interfaces__rosidl_typesupport_fastrtps_cpp
[0.663s] [ 64%] Built target tutorial_interfaces__rosidl_typesupport_cpp
[0.663s] [ 74%] Built target tutorial_interfaces__rosidl_typesupport_fastrtps_c
[0.663s] [ 74%] Built target tutorial_interfaces
[0.663s] [ 76%] Built target tutorial_interfaces__py
[0.663s] [ 84%] Built target tutorial_interfaces__rosidl_generator_py
[0.664s] [ 92%] Built target tutorial_interfaces__rosidl_typesupport_fastrtps_c__pyext
[0.664s] [ 94%] Built target tutorial_interfaces__rosidl_typesupport_introspection_c__pyext
[0.664s] [100%] Built target tutorial_interfaces__rosidl_typesupport_c__pyext
[0.670s] running egg_info
[0.671s] writing tutorial_interfaces.egg-info/PKG-INFO
[0.671s] writing dependency_links to tutorial_interfaces.egg-info/dependency_links.txt
[0.671s] writing top-level names to tutorial_interfaces.egg-info/top_level.txt
[0.673s] reading manifest file 'tutorial_interfaces.egg-info/SOURCES.txt'
[0.674s] writing manifest file 'tutorial_interfaces.egg-info/SOURCES.txt'
[0.715s] [100%] Built target ament_cmake_python_build_tutorial_interfaces_egg
[0.733s] Invoked command in '/home/alex/restackcell/ws_moveit2/build/tutorial_interfaces' returned '0': CMAKE_PREFIX_PATH=${CMAKE_PREFIX_PATH}:/home/alex/ws_moveit2/install/moveit_configs_utils:/home/alex/ws_moveit2/install/launch_param_builder:/opt/ros/humble /usr/bin/cmake --build /home/alex/restackcell/ws_moveit2/build/tutorial_interfaces -- -j16 -l16
[0.971s] Invoking command in '/home/alex/restackcell/ws_moveit2/build/tutorial_interfaces': CMAKE_PREFIX_PATH=${CMAKE_PREFIX_PATH}:/home/alex/ws_moveit2/install/moveit_configs_utils:/home/alex/ws_moveit2/install/launch_param_builder:/opt/ros/humble /usr/bin/cmake --install /home/alex/restackcell/ws_moveit2/build/tutorial_interfaces
[0.983s] -- Install configuration: ""
[0.983s] -- Up-to-date: /home/alex/restackcell/ws_moveit2/install/tutorial_interfaces/share/ament_index/resource_index/rosidl_interfaces/tutorial_interfaces
[0.983s] -- Up-to-date: /home/alex/restackcell/ws_moveit2/install/tutorial_interfaces/include/tutorial_interfaces/tutorial_interfaces
[0.984s] -- Up-to-date: /home/alex/restackcell/ws_moveit2/install/tutorial_interfaces/include/tutorial_interfaces/tutorial_interfaces/srv
[0.984s] -- Up-to-date: /home/alex/restackcell/ws_moveit2/install/tutorial_interfaces/include/tutorial_interfaces/tutorial_interfaces/srv/add_three_ints.h
[0.984s] -- Up-to-date: /home/alex/restackcell/ws_moveit2/install/tutorial_interfaces/include/tutorial_interfaces/tutorial_interfaces/srv/detail
[0.984s] -- Up-to-date: /home/alex/restackcell/ws_moveit2/install/tutorial_interfaces/include/tutorial_interfaces/tutorial_interfaces/srv/detail/add_three_ints__functions.h
[0.984s] -- Up-to-date: /home/alex/restackcell/ws_moveit2/install/tutorial_interfaces/include/tutorial_interfaces/tutorial_interfaces/srv/detail/add_three_ints__struct.h
[0.984s] -- Up-to-date: /home/alex/restackcell/ws_moveit2/install/tutorial_interfaces/include/tutorial_interfaces/tutorial_interfaces/srv/detail/add_three_ints__functions.c
[0.984s] -- Up-to-date: /home/alex/restackcell/ws_moveit2/install/tutorial_interfaces/include/tutorial_interfaces/tutorial_interfaces/srv/detail/add_three_ints__type_support.h
[0.984s] -- Up-to-date: /home/alex/restackcell/ws_moveit2/install/tutorial_interfaces/include/tutorial_interfaces/tutorial_interfaces/msg
[0.984s] -- Up-to-date: /home/alex/restackcell/ws_moveit2/install/tutorial_interfaces/include/tutorial_interfaces/tutorial_interfaces/msg/num.h
[0.984s] -- Up-to-date: /home/alex/restackcell/ws_moveit2/install/tutorial_interfaces/include/tutorial_interfaces/tutorial_interfaces/msg/rosidl_generator_c__visibility_control.h
[0.984s] -- Up-to-date: /home/alex/restackcell/ws_moveit2/install/tutorial_interfaces/include/tutorial_interfaces/tutorial_interfaces/msg/detail
[0.985s] -- Up-to-date: /home/alex/restackcell/ws_moveit2/install/tutorial_interfaces/include/tutorial_interfaces/tutorial_interfaces/msg/detail/num__functions.h
[0.985s] -- Up-to-date: /home/alex/restackcell/ws_moveit2/install/tutorial_interfaces/include/tutorial_interfaces/tutorial_interfaces/msg/detail/num__type_support.h
[0.985s] -- Up-to-date: /home/alex/restackcell/ws_moveit2/install/tutorial_interfaces/include/tutorial_interfaces/tutorial_interfaces/msg/detail/num__struct.h
[0.985s] -- Up-to-date: /home/alex/restackcell/ws_moveit2/install/tutorial_interfaces/include/tutorial_interfaces/tutorial_interfaces/msg/detail/num__functions.c
[0.985s] -- Up-to-date: /home/alex/restackcell/ws_moveit2/install/tutorial_interfaces/share/tutorial_interfaces/environment/library_path.sh
[0.985s] -- Up-to-date: /home/alex/restackcell/ws_moveit2/install/tutorial_interfaces/share/tutorial_interfaces/environment/library_path.dsv
[0.985s] -- Up-to-date: /home/alex/restackcell/ws_moveit2/install/tutorial_interfaces/lib/libtutorial_interfaces__rosidl_generator_c.so
[0.985s] -- Up-to-date: /home/alex/restackcell/ws_moveit2/install/tutorial_interfaces/include/tutorial_interfaces/tutorial_interfaces
[0.985s] -- Up-to-date: /home/alex/restackcell/ws_moveit2/install/tutorial_interfaces/include/tutorial_interfaces/tutorial_interfaces/srv
[0.986s] -- Up-to-date: /home/alex/restackcell/ws_moveit2/install/tutorial_interfaces/include/tutorial_interfaces/tutorial_interfaces/srv/detail
[0.986s] -- Up-to-date: /home/alex/restackcell/ws_moveit2/install/tutorial_interfaces/include/tutorial_interfaces/tutorial_interfaces/srv/detail/add_three_ints__rosidl_typesupport_fastrtps_c.h
[0.986s] -- Up-to-date: /home/alex/restackcell/ws_moveit2/install/tutorial_interfaces/include/tutorial_interfaces/tutorial_interfaces/msg
[0.986s] -- Up-to-date: /home/alex/restackcell/ws_moveit2/install/tutorial_interfaces/include/tutorial_interfaces/tutorial_interfaces/msg/rosidl_typesupport_fastrtps_c__visibility_control.h
[0.986s] -- Up-to-date: /home/alex/restackcell/ws_moveit2/install/tutorial_interfaces/include/tutorial_interfaces/tutorial_interfaces/msg/detail
[0.986s] -- Up-to-date: /home/alex/restackcell/ws_moveit2/install/tutorial_interfaces/include/tutorial_interfaces/tutorial_interfaces/msg/detail/num__rosidl_typesupport_fastrtps_c.h
[0.987s] -- Up-to-date: /home/alex/restackcell/ws_moveit2/install/tutorial_interfaces/lib/libtutorial_interfaces__rosidl_typesupport_fastrtps_c.so
[0.987s] -- Up-to-date: /home/alex/restackcell/ws_moveit2/install/tutorial_interfaces/include/tutorial_interfaces/tutorial_interfaces
[0.987s] -- Up-to-date: /home/alex/restackcell/ws_moveit2/install/tutorial_interfaces/include/tutorial_interfaces/tutorial_interfaces/srv
[0.987s] -- Up-to-date: /home/alex/restackcell/ws_moveit2/install/tutorial_interfaces/include/tutorial_interfaces/tutorial_interfaces/srv/detail
[0.987s] -- Up-to-date: /home/alex/restackcell/ws_moveit2/install/tutorial_interfaces/include/tutorial_interfaces/tutorial_interfaces/srv/detail/add_three_ints__type_support.c
[0.987s] -- Up-to-date: /home/alex/restackcell/ws_moveit2/install/tutorial_interfaces/include/tutorial_interfaces/tutorial_interfaces/srv/detail/add_three_ints__rosidl_typesupport_introspection_c.h
[0.987s] -- Up-to-date: /home/alex/restackcell/ws_moveit2/install/tutorial_interfaces/include/tutorial_interfaces/tutorial_interfaces/msg
[0.988s] -- Up-to-date: /home/alex/restackcell/ws_moveit2/install/tutorial_interfaces/include/tutorial_interfaces/tutorial_interfaces/msg/rosidl_typesupport_introspection_c__visibility_control.h
[0.988s] -- Up-to-date: /home/alex/restackcell/ws_moveit2/install/tutorial_interfaces/include/tutorial_interfaces/tutorial_interfaces/msg/detail
[0.988s] -- Up-to-date: /home/alex/restackcell/ws_moveit2/install/tutorial_interfaces/include/tutorial_interfaces/tutorial_interfaces/msg/detail/num__rosidl_typesupport_introspection_c.h
[0.988s] -- Up-to-date: /home/alex/restackcell/ws_moveit2/install/tutorial_interfaces/include/tutorial_interfaces/tutorial_interfaces/msg/detail/num__type_support.c
[0.988s] -- Up-to-date: /home/alex/restackcell/ws_moveit2/install/tutorial_interfaces/lib/libtutorial_interfaces__rosidl_typesupport_introspection_c.so
[0.988s] -- Up-to-date: /home/alex/restackcell/ws_moveit2/install/tutorial_interfaces/lib/libtutorial_interfaces__rosidl_typesupport_c.so
[0.988s] -- Up-to-date: /home/alex/restackcell/ws_moveit2/install/tutorial_interfaces/include/tutorial_interfaces/tutorial_interfaces
[0.988s] -- Up-to-date: /home/alex/restackcell/ws_moveit2/install/tutorial_interfaces/include/tutorial_interfaces/tutorial_interfaces/srv
[0.989s] -- Up-to-date: /home/alex/restackcell/ws_moveit2/install/tutorial_interfaces/include/tutorial_interfaces/tutorial_interfaces/srv/add_three_ints.hpp
[0.989s] -- Up-to-date: /home/alex/restackcell/ws_moveit2/install/tutorial_interfaces/include/tutorial_interfaces/tutorial_interfaces/srv/detail
[0.989s] -- Up-to-date: /home/alex/restackcell/ws_moveit2/install/tutorial_interfaces/include/tutorial_interfaces/tutorial_interfaces/srv/detail/add_three_ints__traits.hpp
[0.989s] -- Up-to-date: /home/alex/restackcell/ws_moveit2/install/tutorial_interfaces/include/tutorial_interfaces/tutorial_interfaces/srv/detail/add_three_ints__builder.hpp
[0.989s] -- Up-to-date: /home/alex/restackcell/ws_moveit2/install/tutorial_interfaces/include/tutorial_interfaces/tutorial_interfaces/srv/detail/add_three_ints__struct.hpp
[0.989s] -- Up-to-date: /home/alex/restackcell/ws_moveit2/install/tutorial_interfaces/include/tutorial_interfaces/tutorial_interfaces/msg
[0.989s] -- Up-to-date: /home/alex/restackcell/ws_moveit2/install/tutorial_interfaces/include/tutorial_interfaces/tutorial_interfaces/msg/num.hpp
[0.989s] -- Up-to-date: /home/alex/restackcell/ws_moveit2/install/tutorial_interfaces/include/tutorial_interfaces/tutorial_interfaces/msg/detail
[0.989s] -- Up-to-date: /home/alex/restackcell/ws_moveit2/install/tutorial_interfaces/include/tutorial_interfaces/tutorial_interfaces/msg/detail/num__struct.hpp
[0.989s] -- Up-to-date: /home/alex/restackcell/ws_moveit2/install/tutorial_interfaces/include/tutorial_interfaces/tutorial_interfaces/msg/detail/num__traits.hpp
[0.989s] -- Up-to-date: /home/alex/restackcell/ws_moveit2/install/tutorial_interfaces/include/tutorial_interfaces/tutorial_interfaces/msg/detail/num__builder.hpp
[0.989s] -- Up-to-date: /home/alex/restackcell/ws_moveit2/install/tutorial_interfaces/include/tutorial_interfaces/tutorial_interfaces
[0.990s] -- Up-to-date: /home/alex/restackcell/ws_moveit2/install/tutorial_interfaces/include/tutorial_interfaces/tutorial_interfaces/srv
[0.990s] -- Up-to-date: /home/alex/restackcell/ws_moveit2/install/tutorial_interfaces/include/tutorial_interfaces/tutorial_interfaces/srv/detail
[0.990s] -- Up-to-date: /home/alex/restackcell/ws_moveit2/install/tutorial_interfaces/include/tutorial_interfaces/tutorial_interfaces/srv/detail/dds_fastrtps
[0.990s] -- Up-to-date: /home/alex/restackcell/ws_moveit2/install/tutorial_interfaces/include/tutorial_interfaces/tutorial_interfaces/srv/detail/add_three_ints__rosidl_typesupport_fastrtps_cpp.hpp
[0.991s] -- Up-to-date: /home/alex/restackcell/ws_moveit2/install/tutorial_interfaces/include/tutorial_interfaces/tutorial_interfaces/msg
[0.991s] -- Up-to-date: /home/alex/restackcell/ws_moveit2/install/tutorial_interfaces/include/tutorial_interfaces/tutorial_interfaces/msg/rosidl_typesupport_fastrtps_cpp__visibility_control.h
[0.991s] -- Up-to-date: /home/alex/restackcell/ws_moveit2/install/tutorial_interfaces/include/tutorial_interfaces/tutorial_interfaces/msg/detail
[0.991s] -- Up-to-date: /home/alex/restackcell/ws_moveit2/install/tutorial_interfaces/include/tutorial_interfaces/tutorial_interfaces/msg/detail/dds_fastrtps
[0.991s] -- Up-to-date: /home/alex/restackcell/ws_moveit2/install/tutorial_interfaces/include/tutorial_interfaces/tutorial_interfaces/msg/detail/num__rosidl_typesupport_fastrtps_cpp.hpp
[0.991s] -- Up-to-date: /home/alex/restackcell/ws_moveit2/install/tutorial_interfaces/lib/libtutorial_interfaces__rosidl_typesupport_fastrtps_cpp.so
[0.991s] -- Up-to-date: /home/alex/restackcell/ws_moveit2/install/tutorial_interfaces/include/tutorial_interfaces/tutorial_interfaces
[0.991s] -- Up-to-date: /home/alex/restackcell/ws_moveit2/install/tutorial_interfaces/include/tutorial_interfaces/tutorial_interfaces/srv
[0.991s] -- Up-to-date: /home/alex/restackcell/ws_moveit2/install/tutorial_interfaces/include/tutorial_interfaces/tutorial_interfaces/srv/detail
[0.991s] -- Up-to-date: /home/alex/restackcell/ws_moveit2/install/tutorial_interfaces/include/tutorial_interfaces/tutorial_interfaces/srv/detail/add_three_ints__rosidl_typesupport_introspection_cpp.hpp
[0.992s] -- Up-to-date: /home/alex/restackcell/ws_moveit2/install/tutorial_interfaces/include/tutorial_interfaces/tutorial_interfaces/srv/detail/add_three_ints__type_support.cpp
[0.992s] -- Up-to-date: /home/alex/restackcell/ws_moveit2/install/tutorial_interfaces/include/tutorial_interfaces/tutorial_interfaces/msg
[0.992s] -- Up-to-date: /home/alex/restackcell/ws_moveit2/install/tutorial_interfaces/include/tutorial_interfaces/tutorial_interfaces/msg/detail
[0.992s] -- Up-to-date: /home/alex/restackcell/ws_moveit2/install/tutorial_interfaces/include/tutorial_interfaces/tutorial_interfaces/msg/detail/num__type_support.cpp
[0.992s] -- Up-to-date: /home/alex/restackcell/ws_moveit2/install/tutorial_interfaces/include/tutorial_interfaces/tutorial_interfaces/msg/detail/num__rosidl_typesupport_introspection_cpp.hpp
[0.992s] -- Up-to-date: /home/alex/restackcell/ws_moveit2/install/tutorial_interfaces/lib/libtutorial_interfaces__rosidl_typesupport_introspection_cpp.so
[0.992s] -- Up-to-date: /home/alex/restackcell/ws_moveit2/install/tutorial_interfaces/lib/libtutorial_interfaces__rosidl_typesupport_cpp.so
[0.992s] -- Up-to-date: /home/alex/restackcell/ws_moveit2/install/tutorial_interfaces/share/tutorial_interfaces/environment/pythonpath.sh
[0.992s] -- Up-to-date: /home/alex/restackcell/ws_moveit2/install/tutorial_interfaces/share/tutorial_interfaces/environment/pythonpath.dsv
[0.992s] -- Up-to-date: /home/alex/restackcell/ws_moveit2/install/tutorial_interfaces/local/lib/python3.10/dist-packages/tutorial_interfaces-0.0.0-py3.10.egg-info
[0.993s] -- Installing: /home/alex/restackcell/ws_moveit2/install/tutorial_interfaces/local/lib/python3.10/dist-packages/tutorial_interfaces-0.0.0-py3.10.egg-info/top_level.txt
[0.993s] -- Installing: /home/alex/restackcell/ws_moveit2/install/tutorial_interfaces/local/lib/python3.10/dist-packages/tutorial_interfaces-0.0.0-py3.10.egg-info/PKG-INFO
[0.993s] -- Installing: /home/alex/restackcell/ws_moveit2/install/tutorial_interfaces/local/lib/python3.10/dist-packages/tutorial_interfaces-0.0.0-py3.10.egg-info/SOURCES.txt
[0.993s] -- Installing: /home/alex/restackcell/ws_moveit2/install/tutorial_interfaces/local/lib/python3.10/dist-packages/tutorial_interfaces-0.0.0-py3.10.egg-info/dependency_links.txt
[0.993s] -- Up-to-date: /home/alex/restackcell/ws_moveit2/install/tutorial_interfaces/local/lib/python3.10/dist-packages/tutorial_interfaces
[0.993s] -- Up-to-date: /home/alex/restackcell/ws_moveit2/install/tutorial_interfaces/local/lib/python3.10/dist-packages/tutorial_interfaces/tutorial_interfaces_s__rosidl_typesupport_introspection_c.cpython-310-x86_64-linux-gnu.so
[0.994s] -- Up-to-date: /home/alex/restackcell/ws_moveit2/install/tutorial_interfaces/local/lib/python3.10/dist-packages/tutorial_interfaces/libtutorial_interfaces__rosidl_generator_py.so
[0.994s] -- Up-to-date: /home/alex/restackcell/ws_moveit2/install/tutorial_interfaces/local/lib/python3.10/dist-packages/tutorial_interfaces/__init__.py
[0.994s] -- Up-to-date: /home/alex/restackcell/ws_moveit2/install/tutorial_interfaces/local/lib/python3.10/dist-packages/tutorial_interfaces/_tutorial_interfaces_s.ep.rosidl_typesupport_c.c
[0.994s] -- Up-to-date: /home/alex/restackcell/ws_moveit2/install/tutorial_interfaces/local/lib/python3.10/dist-packages/tutorial_interfaces/_tutorial_interfaces_s.ep.rosidl_typesupport_fastrtps_c.c
[0.994s] -- Up-to-date: /home/alex/restackcell/ws_moveit2/install/tutorial_interfaces/local/lib/python3.10/dist-packages/tutorial_interfaces/srv
[0.994s] -- Up-to-date: /home/alex/restackcell/ws_moveit2/install/tutorial_interfaces/local/lib/python3.10/dist-packages/tutorial_interfaces/srv/_add_three_ints_s.c
[0.994s] -- Up-to-date: /home/alex/restackcell/ws_moveit2/install/tutorial_interfaces/local/lib/python3.10/dist-packages/tutorial_interfaces/srv/_add_three_ints.py
[0.995s] -- Up-to-date: /home/alex/restackcell/ws_moveit2/install/tutorial_interfaces/local/lib/python3.10/dist-packages/tutorial_interfaces/srv/__init__.py
[0.995s] -- Up-to-date: /home/alex/restackcell/ws_moveit2/install/tutorial_interfaces/local/lib/python3.10/dist-packages/tutorial_interfaces/_tutorial_interfaces_s.ep.rosidl_typesupport_introspection_c.c
[0.995s] -- Up-to-date: /home/alex/restackcell/ws_moveit2/install/tutorial_interfaces/local/lib/python3.10/dist-packages/tutorial_interfaces/tutorial_interfaces_s__rosidl_typesupport_c.cpython-310-x86_64-linux-gnu.so
[0.995s] -- Up-to-date: /home/alex/restackcell/ws_moveit2/install/tutorial_interfaces/local/lib/python3.10/dist-packages/tutorial_interfaces/msg
[0.995s] -- Up-to-date: /home/alex/restackcell/ws_moveit2/install/tutorial_interfaces/local/lib/python3.10/dist-packages/tutorial_interfaces/msg/__init__.py
[0.995s] -- Up-to-date: /home/alex/restackcell/ws_moveit2/install/tutorial_interfaces/local/lib/python3.10/dist-packages/tutorial_interfaces/msg/_num.py
[0.995s] -- Up-to-date: /home/alex/restackcell/ws_moveit2/install/tutorial_interfaces/local/lib/python3.10/dist-packages/tutorial_interfaces/msg/_num_s.c
[0.995s] -- Up-to-date: /home/alex/restackcell/ws_moveit2/install/tutorial_interfaces/local/lib/python3.10/dist-packages/tutorial_interfaces/tutorial_interfaces_s__rosidl_typesupport_fastrtps_c.cpython-310-x86_64-linux-gnu.so
[1.023s] Listing '/home/alex/restackcell/ws_moveit2/install/tutorial_interfaces/local/lib/python3.10/dist-packages/tutorial_interfaces'...
[1.023s] Listing '/home/alex/restackcell/ws_moveit2/install/tutorial_interfaces/local/lib/python3.10/dist-packages/tutorial_interfaces/msg'...
[1.023s] Listing '/home/alex/restackcell/ws_moveit2/install/tutorial_interfaces/local/lib/python3.10/dist-packages/tutorial_interfaces/srv'...
[1.028s] -- Up-to-date: /home/alex/restackcell/ws_moveit2/install/tutorial_interfaces/local/lib/python3.10/dist-packages/tutorial_interfaces/tutorial_interfaces_s__rosidl_typesupport_fastrtps_c.cpython-310-x86_64-linux-gnu.so
[1.028s] -- Up-to-date: /home/alex/restackcell/ws_moveit2/install/tutorial_interfaces/local/lib/python3.10/dist-packages/tutorial_interfaces/tutorial_interfaces_s__rosidl_typesupport_introspection_c.cpython-310-x86_64-linux-gnu.so
[1.028s] -- Up-to-date: /home/alex/restackcell/ws_moveit2/install/tutorial_interfaces/local/lib/python3.10/dist-packages/tutorial_interfaces/tutorial_interfaces_s__rosidl_typesupport_c.cpython-310-x86_64-linux-gnu.so
[1.029s] -- Up-to-date: /home/alex/restackcell/ws_moveit2/install/tutorial_interfaces/lib/libtutorial_interfaces__rosidl_generator_py.so
[1.029s] -- Up-to-date: /home/alex/restackcell/ws_moveit2/install/tutorial_interfaces/share/tutorial_interfaces/msg/Num.idl
[1.029s] -- Up-to-date: /home/alex/restackcell/ws_moveit2/install/tutorial_interfaces/share/tutorial_interfaces/srv/AddThreeInts.idl
[1.029s] -- Up-to-date: /home/alex/restackcell/ws_moveit2/install/tutorial_interfaces/share/tutorial_interfaces/msg/Num.msg
[1.029s] -- Up-to-date: /home/alex/restackcell/ws_moveit2/install/tutorial_interfaces/share/tutorial_interfaces/srv/AddThreeInts.srv
[1.029s] -- Up-to-date: /home/alex/restackcell/ws_moveit2/install/tutorial_interfaces/share/tutorial_interfaces/srv/AddThreeInts_Request.msg
[1.029s] -- Up-to-date: /home/alex/restackcell/ws_moveit2/install/tutorial_interfaces/share/tutorial_interfaces/srv/AddThreeInts_Response.msg
[1.029s] -- Up-to-date: /home/alex/restackcell/ws_moveit2/install/tutorial_interfaces/share/ament_index/resource_index/package_run_dependencies/tutorial_interfaces
[1.029s] -- Up-to-date: /home/alex/restackcell/ws_moveit2/install/tutorial_interfaces/share/ament_index/resource_index/parent_prefix_path/tutorial_interfaces
[1.030s] -- Up-to-date: /home/alex/restackcell/ws_moveit2/install/tutorial_interfaces/share/tutorial_interfaces/environment/ament_prefix_path.sh
[1.030s] -- Up-to-date: /home/alex/restackcell/ws_moveit2/install/tutorial_interfaces/share/tutorial_interfaces/environment/ament_prefix_path.dsv
[1.030s] -- Up-to-date: /home/alex/restackcell/ws_moveit2/install/tutorial_interfaces/share/tutorial_interfaces/environment/path.sh
[1.030s] -- Up-to-date: /home/alex/restackcell/ws_moveit2/install/tutorial_interfaces/share/tutorial_interfaces/environment/path.dsv
[1.030s] -- Up-to-date: /home/alex/restackcell/ws_moveit2/install/tutorial_interfaces/share/tutorial_interfaces/local_setup.bash
[1.031s] -- Up-to-date: /home/alex/restackcell/ws_moveit2/install/tutorial_interfaces/share/tutorial_interfaces/local_setup.sh
[1.031s] -- Up-to-date: /home/alex/restackcell/ws_moveit2/install/tutorial_interfaces/share/tutorial_interfaces/local_setup.zsh
[1.031s] -- Up-to-date: /home/alex/restackcell/ws_moveit2/install/tutorial_interfaces/share/tutorial_interfaces/local_setup.dsv
[1.031s] -- Installing: /home/alex/restackcell/ws_moveit2/install/tutorial_interfaces/share/tutorial_interfaces/package.dsv
[1.031s] -- Up-to-date: /home/alex/restackcell/ws_moveit2/install/tutorial_interfaces/share/ament_index/resource_index/packages/tutorial_interfaces
[1.031s] -- Up-to-date: /home/alex/restackcell/ws_moveit2/install/tutorial_interfaces/share/tutorial_interfaces/cmake/export_tutorial_interfaces__rosidl_generator_cExport.cmake
[1.031s] -- Up-to-date: /home/alex/restackcell/ws_moveit2/install/tutorial_interfaces/share/tutorial_interfaces/cmake/export_tutorial_interfaces__rosidl_generator_cExport-noconfig.cmake
[1.031s] -- Up-to-date: /home/alex/restackcell/ws_moveit2/install/tutorial_interfaces/share/tutorial_interfaces/cmake/export_tutorial_interfaces__rosidl_typesupport_fastrtps_cExport.cmake
[1.031s] -- Up-to-date: /home/alex/restackcell/ws_moveit2/install/tutorial_interfaces/share/tutorial_interfaces/cmake/export_tutorial_interfaces__rosidl_typesupport_fastrtps_cExport-noconfig.cmake
[1.031s] -- Up-to-date: /home/alex/restackcell/ws_moveit2/install/tutorial_interfaces/share/tutorial_interfaces/cmake/tutorial_interfaces__rosidl_typesupport_introspection_cExport.cmake
[1.031s] -- Up-to-date: /home/alex/restackcell/ws_moveit2/install/tutorial_interfaces/share/tutorial_interfaces/cmake/tutorial_interfaces__rosidl_typesupport_introspection_cExport-noconfig.cmake
[1.031s] -- Up-to-date: /home/alex/restackcell/ws_moveit2/install/tutorial_interfaces/share/tutorial_interfaces/cmake/tutorial_interfaces__rosidl_typesupport_cExport.cmake
[1.031s] -- Up-to-date: /home/alex/restackcell/ws_moveit2/install/tutorial_interfaces/share/tutorial_interfaces/cmake/tutorial_interfaces__rosidl_typesupport_cExport-noconfig.cmake
[1.031s] -- Up-to-date: /home/alex/restackcell/ws_moveit2/install/tutorial_interfaces/share/tutorial_interfaces/cmake/export_tutorial_interfaces__rosidl_generator_cppExport.cmake
[1.031s] -- Up-to-date: /home/alex/restackcell/ws_moveit2/install/tutorial_interfaces/share/tutorial_interfaces/cmake/export_tutorial_interfaces__rosidl_typesupport_fastrtps_cppExport.cmake
[1.032s] -- Up-to-date: /home/alex/restackcell/ws_moveit2/install/tutorial_interfaces/share/tutorial_interfaces/cmake/export_tutorial_interfaces__rosidl_typesupport_fastrtps_cppExport-noconfig.cmake
[1.032s] -- Up-to-date: /home/alex/restackcell/ws_moveit2/install/tutorial_interfaces/share/tutorial_interfaces/cmake/tutorial_interfaces__rosidl_typesupport_introspection_cppExport.cmake
[1.032s] -- Up-to-date: /home/alex/restackcell/ws_moveit2/install/tutorial_interfaces/share/tutorial_interfaces/cmake/tutorial_interfaces__rosidl_typesupport_introspection_cppExport-noconfig.cmake
[1.032s] -- Up-to-date: /home/alex/restackcell/ws_moveit2/install/tutorial_interfaces/share/tutorial_interfaces/cmake/tutorial_interfaces__rosidl_typesupport_cppExport.cmake
[1.032s] -- Up-to-date: /home/alex/restackcell/ws_moveit2/install/tutorial_interfaces/share/tutorial_interfaces/cmake/tutorial_interfaces__rosidl_typesupport_cppExport-noconfig.cmake
[1.033s] -- Up-to-date: /home/alex/restackcell/ws_moveit2/install/tutorial_interfaces/share/tutorial_interfaces/cmake/export_tutorial_interfaces__rosidl_generator_pyExport.cmake
[1.033s] -- Up-to-date: /home/alex/restackcell/ws_moveit2/install/tutorial_interfaces/share/tutorial_interfaces/cmake/export_tutorial_interfaces__rosidl_generator_pyExport-noconfig.cmake
[1.033s] -- Up-to-date: /home/alex/restackcell/ws_moveit2/install/tutorial_interfaces/share/tutorial_interfaces/cmake/rosidl_cmake-extras.cmake
[1.033s] -- Up-to-date: /home/alex/restackcell/ws_moveit2/install/tutorial_interfaces/share/tutorial_interfaces/cmake/ament_cmake_export_include_directories-extras.cmake
[1.033s] -- Up-to-date: /home/alex/restackcell/ws_moveit2/install/tutorial_interfaces/share/tutorial_interfaces/cmake/ament_cmake_export_libraries-extras.cmake
[1.033s] -- Up-to-date: /home/alex/restackcell/ws_moveit2/install/tutorial_interfaces/share/tutorial_interfaces/cmake/ament_cmake_export_targets-extras.cmake
[1.033s] -- Up-to-date: /home/alex/restackcell/ws_moveit2/install/tutorial_interfaces/share/tutorial_interfaces/cmake/rosidl_cmake_export_typesupport_targets-extras.cmake
[1.033s] -- Up-to-date: /home/alex/restackcell/ws_moveit2/install/tutorial_interfaces/share/tutorial_interfaces/cmake/ament_cmake_export_dependencies-extras.cmake
[1.033s] -- Up-to-date: /home/alex/restackcell/ws_moveit2/install/tutorial_interfaces/share/tutorial_interfaces/cmake/rosidl_cmake_export_typesupport_libraries-extras.cmake
[1.033s] -- Up-to-date: /home/alex/restackcell/ws_moveit2/install/tutorial_interfaces/share/tutorial_interfaces/cmake/tutorial_interfacesConfig.cmake
[1.033s] -- Up-to-date: /home/alex/restackcell/ws_moveit2/install/tutorial_interfaces/share/tutorial_interfaces/cmake/tutorial_interfacesConfig-version.cmake
[1.033s] -- Up-to-date: /home/alex/restackcell/ws_moveit2/install/tutorial_interfaces/share/tutorial_interfaces/package.xml
[1.088s] Invoked command in '/home/alex/restackcell/ws_moveit2/build/tutorial_interfaces' returned '0': CMAKE_PREFIX_PATH=${CMAKE_PREFIX_PATH}:/home/alex/ws_moveit2/install/moveit_configs_utils:/home/alex/ws_moveit2/install/launch_param_builder:/opt/ros/humble /usr/bin/cmake --install /home/alex/restackcell/ws_moveit2/build/tutorial_interfaces
