[0.709s] Invoking command in '/home/alex/restackcell/ws_moveit2/src/interface_opcua': PYTHONPATH=/home/alex/restackcell/ws_moveit2/build/interface_opcua/prefix_override:/home/alex/restackcell/ws_moveit2/install/interface_opcua/lib/python3.10/site-packages:${PYTHONPATH} /usr/bin/python3 -W ignore:setup.py install is deprecated setup.py egg_info --egg-base ../../build/interface_opcua build --build-base /home/alex/restackcell/ws_moveit2/build/interface_opcua/build install --record /home/alex/restackcell/ws_moveit2/build/interface_opcua/install.log --single-version-externally-managed install_data
[0.967s] running egg_info
[0.968s] writing ../../build/interface_opcua/interface_opcua.egg-info/PKG-INFO
[0.968s] writing dependency_links to ../../build/interface_opcua/interface_opcua.egg-info/dependency_links.txt
[0.968s] writing entry points to ../../build/interface_opcua/interface_opcua.egg-info/entry_points.txt
[0.969s] writing requirements to ../../build/interface_opcua/interface_opcua.egg-info/requires.txt
[0.969s] writing top-level names to ../../build/interface_opcua/interface_opcua.egg-info/top_level.txt
[0.970s] reading manifest file '../../build/interface_opcua/interface_opcua.egg-info/SOURCES.txt'
[0.970s] adding license file 'LICENSE'
[0.970s] writing manifest file '../../build/interface_opcua/interface_opcua.egg-info/SOURCES.txt'
[0.970s] running build
[0.970s] running build_py
[0.971s] running install
[0.971s] running install_lib
[0.972s] running install_data
[0.972s] running install_egg_info
[0.973s] removing '/home/alex/restackcell/ws_moveit2/install/interface_opcua/lib/python3.10/site-packages/interface_opcua-0.0.0-py3.10.egg-info' (and everything under it)
[0.973s] Copying ../../build/interface_opcua/interface_opcua.egg-info to /home/alex/restackcell/ws_moveit2/install/interface_opcua/lib/python3.10/site-packages/interface_opcua-0.0.0-py3.10.egg-info
[0.974s] running install_scripts
[0.993s] Installing service script to /home/alex/restackcell/ws_moveit2/install/interface_opcua/lib/interface_opcua
[0.994s] writing list of installed files to '/home/alex/restackcell/ws_moveit2/build/interface_opcua/install.log'
[1.035s] Invoked command in '/home/alex/restackcell/ws_moveit2/src/interface_opcua' returned '0': PYTHONPATH=/home/alex/restackcell/ws_moveit2/build/interface_opcua/prefix_override:/home/alex/restackcell/ws_moveit2/install/interface_opcua/lib/python3.10/site-packages:${PYTHONPATH} /usr/bin/python3 -W ignore:setup.py install is deprecated setup.py egg_info --egg-base ../../build/interface_opcua build --build-base /home/alex/restackcell/ws_moveit2/build/interface_opcua/build install --record /home/alex/restackcell/ws_moveit2/build/interface_opcua/install.log --single-version-externally-managed install_data
