[0.258s] Invoking command in '/home/alex/ws_moveit2/build/rosparam_shortcuts': CMAKE_PREFIX_PATH=/opt/ros/humble /usr/bin/cmake /home/alex/ws_moveit2/src/rosparam_shortcuts -DCMAKE_BUILD_TYPE=Release -DCMAKE_INSTALL_PREFIX=/home/alex/ws_moveit2/install/rosparam_shortcuts
[0.304s] -- The C compiler identification is GNU 11.4.0
[0.353s] -- The CXX compiler identification is GNU 11.4.0
[0.359s] -- Detecting C compiler ABI info
[0.419s] -- Detecting C compiler ABI info - done
[0.423s] -- Check for working C compiler: /usr/bin/cc - skipped
[0.423s] -- Detecting C compile features
[0.423s] -- Detecting C compile features - done
[0.426s] -- Detecting CXX compiler ABI info
[0.516s] -- Detecting CXX compiler ABI info - done
[0.516s] -- Check for working CXX compiler: /usr/bin/c++ - skipped
[0.516s] -- Detecting CXX compile features
[0.516s] -- Detecting CXX compile features - done
[0.516s] -- Found ament_cmake: 1.3.5 (/opt/ros/humble/share/ament_cmake/cmake)
[0.647s] -- Found Python3: /usr/bin/python3.10 (found version "3.10.12") found components: Interpreter 
[0.723s] -- Found eigen3_cmake_module: 0.1.1 (/opt/ros/humble/share/eigen3_cmake_module/cmake)
[0.728s] -- Found Eigen3: TRUE (found version "3.4.0") 
[0.729s] -- Found geometry_msgs: 4.2.3 (/opt/ros/humble/share/geometry_msgs/cmake)
[0.757s] -- Found rosidl_generator_c: 3.1.5 (/opt/ros/humble/share/rosidl_generator_c/cmake)
[0.761s] -- Found rosidl_adapter: 3.1.5 (/opt/ros/humble/share/rosidl_adapter/cmake)
[0.767s] -- Found rosidl_generator_cpp: 3.1.5 (/opt/ros/humble/share/rosidl_generator_cpp/cmake)
[0.778s] -- Using all available rosidl_typesupport_c: rosidl_typesupport_fastrtps_c;rosidl_typesupport_introspection_c
[0.793s] -- Using all available rosidl_typesupport_cpp: rosidl_typesupport_fastrtps_cpp;rosidl_typesupport_introspection_cpp
[0.884s] -- Found rclcpp: 16.0.6 (/opt/ros/humble/share/rclcpp/cmake)
[0.926s] -- Found rmw_implementation_cmake: 6.1.1 (/opt/ros/humble/share/rmw_implementation_cmake/cmake)
[0.928s] -- Found rmw_fastrtps_cpp: 6.2.4 (/opt/ros/humble/share/rmw_fastrtps_cpp/cmake)
[1.022s] -- Found OpenSSL: /usr/lib/x86_64-linux-gnu/libcrypto.so (found version "3.0.2")  
[1.046s] -- Found FastRTPS: /opt/ros/humble/include  
[1.084s] -- Using RMW implementation 'rmw_fastrtps_cpp' as default
[1.092s] -- Looking for pthread.h
[1.158s] -- Looking for pthread.h - found
[1.158s] -- Performing Test CMAKE_HAVE_LIBC_PTHREAD
[1.223s] -- Performing Test CMAKE_HAVE_LIBC_PTHREAD - Success
[1.224s] -- Found Threads: TRUE  
[1.311s] -- Found tf2_eigen: 0.25.4 (/opt/ros/humble/share/tf2_eigen/cmake)
[1.583s] -- Found ament_lint_auto: 0.12.8 (/opt/ros/humble/share/ament_lint_auto/cmake)
[1.585s] -- Found ament_cmake_gtest: 1.3.5 (/opt/ros/humble/share/ament_cmake_gtest/cmake)
[1.586s] -- Found ros_testing: 0.4.0 (/opt/ros/humble/share/ros_testing/cmake)
[1.587s] -- Found launch_testing_ament_cmake: 1.0.4 (/opt/ros/humble/share/launch_testing_ament_cmake/cmake)
[1.588s] -- Found python_cmake_module: 0.10.0 (/opt/ros/humble/share/python_cmake_module/cmake)
[1.607s] -- Found PythonInterp: /usr/bin/python3 (found suitable version "3.10.12", minimum required is "3.6") 
[1.611s] -- Found PythonLibs: /usr/lib/x86_64-linux-gnu/libpython3.10.so (found suitable version "3.10.12", minimum required is "3.5") 
[1.611s] -- Using PYTHON_EXECUTABLE: /usr/bin/python3
[1.612s] -- Using PYTHON_INCLUDE_DIRS: /usr/include/python3.10
[1.612s] -- Using PYTHON_LIBRARIES: /usr/lib/x86_64-linux-gnu/libpython3.10.so
[1.635s] -- Found PythonExtra: .so  
[1.728s] -- Found gtest sources under '/opt/ros/humble/src/gtest_vendor': C++ tests using 'Google Test' will be built
[1.737s] -- Added test 'copyright' to check source files copyright and LICENSE
[1.739s] -- Added test 'lint_cmake' to check CMake code style
[1.740s] -- Added test 'pep257' to check Python code against some of the docstring style conventions in PEP 257
[1.741s] -- Added test 'xmllint' to check XML markup files
[1.743s] -- Configuring done
[1.772s] -- Generating done
[1.775s] -- Build files have been written to: /home/alex/ws_moveit2/build/rosparam_shortcuts
[1.791s] Invoked command in '/home/alex/ws_moveit2/build/rosparam_shortcuts' returned '0': CMAKE_PREFIX_PATH=/opt/ros/humble /usr/bin/cmake /home/alex/ws_moveit2/src/rosparam_shortcuts -DCMAKE_BUILD_TYPE=Release -DCMAKE_INSTALL_PREFIX=/home/alex/ws_moveit2/install/rosparam_shortcuts
[1.793s] Invoking command in '/home/alex/ws_moveit2/build/rosparam_shortcuts': CMAKE_PREFIX_PATH=/opt/ros/humble /usr/bin/cmake --build /home/alex/ws_moveit2/build/rosparam_shortcuts -- -j16 -l16
[1.847s] [  7%] [32mBuilding CXX object CMakeFiles/rosparam_shortcuts.dir/src/node_parameters.cpp.o[0m
[1.849s] [ 15%] [32mBuilding CXX object CMakeFiles/rosparam_shortcuts.dir/src/rosparam_shortcuts.cpp.o[0m
[1.849s] [ 23%] [32mBuilding CXX object gtest/CMakeFiles/gtest.dir/src/gtest-all.cc.o[0m
[1.849s] [ 30%] [32mBuilding CXX object gtest/CMakeFiles/gtest_main.dir/src/gtest_main.cc.o[0m
[2.619s] [ 38%] [32m[1mLinking CXX static library libgtest_main.a[0m
[2.652s] [ 38%] Built target gtest_main
[8.840s] [ 46%] [32m[1mLinking CXX shared library librosparam_shortcuts.so[0m
[8.959s] [ 46%] Built target rosparam_shortcuts
[8.979s] [ 61%] [32mBuilding CXX object CMakeFiles/rosparam_shortcuts_node_parameters_example.dir/src/node_parameters_example.cpp.o[0m
[8.979s] [ 61%] [32mBuilding CXX object CMakeFiles/rosparam_shortcuts_example.dir/src/example.cpp.o[0m
[9.319s] [ 69%] [32m[1mLinking CXX static library libgtest.a[0m
[9.360s] [ 69%] Built target gtest
[9.381s] [ 76%] [32mBuilding CXX object CMakeFiles/test_node_parameters.dir/test/test_node_parameters.cpp.o[0m
[12.271s] [ 84%] [32m[1mLinking CXX executable example[0m
[12.291s] [ 92%] [32m[1mLinking CXX executable node_parameters_example[0m
[12.372s] [ 92%] Built target rosparam_shortcuts_example
[12.394s] [ 92%] Built target rosparam_shortcuts_node_parameters_example
[13.790s] [100%] [32m[1mLinking CXX executable test_node_parameters[0m
[13.897s] [100%] Built target test_node_parameters
[13.910s] Invoked command in '/home/alex/ws_moveit2/build/rosparam_shortcuts' returned '0': CMAKE_PREFIX_PATH=/opt/ros/humble /usr/bin/cmake --build /home/alex/ws_moveit2/build/rosparam_shortcuts -- -j16 -l16
[13.963s] Invoking command in '/home/alex/ws_moveit2/build/rosparam_shortcuts': CMAKE_PREFIX_PATH=/opt/ros/humble /usr/bin/cmake --install /home/alex/ws_moveit2/build/rosparam_shortcuts
[13.970s] -- Install configuration: "Release"
[13.970s] -- Installing: /home/alex/ws_moveit2/install/rosparam_shortcuts/lib/librosparam_shortcuts.so
[13.970s] -- Set runtime path of "/home/alex/ws_moveit2/install/rosparam_shortcuts/lib/librosparam_shortcuts.so" to ""
[13.971s] -- Installing: /home/alex/ws_moveit2/install/rosparam_shortcuts/lib/rosparam_shortcuts/example
[13.971s] -- Set runtime path of "/home/alex/ws_moveit2/install/rosparam_shortcuts/lib/rosparam_shortcuts/example" to ""
[13.971s] -- Installing: /home/alex/ws_moveit2/install/rosparam_shortcuts/lib/rosparam_shortcuts/node_parameters_example
[13.971s] -- Set runtime path of "/home/alex/ws_moveit2/install/rosparam_shortcuts/lib/rosparam_shortcuts/node_parameters_example" to ""
[13.971s] -- Installing: /home/alex/ws_moveit2/install/rosparam_shortcuts/include
[13.971s] -- Installing: /home/alex/ws_moveit2/install/rosparam_shortcuts/include/rosparam_shortcuts
[13.971s] -- Installing: /home/alex/ws_moveit2/install/rosparam_shortcuts/include/rosparam_shortcuts/node_parameters.h
[13.971s] -- Installing: /home/alex/ws_moveit2/install/rosparam_shortcuts/include/rosparam_shortcuts/rosparam_shortcuts.h
[13.972s] -- Installing: /home/alex/ws_moveit2/install/rosparam_shortcuts/share/rosparam_shortcuts/launch
[13.972s] -- Installing: /home/alex/ws_moveit2/install/rosparam_shortcuts/share/rosparam_shortcuts/launch/example.launch.py
[13.972s] -- Installing: /home/alex/ws_moveit2/install/rosparam_shortcuts/share/rosparam_shortcuts/config
[13.972s] -- Installing: /home/alex/ws_moveit2/install/rosparam_shortcuts/share/rosparam_shortcuts/config/example.yaml
[13.972s] -- Installing: /home/alex/ws_moveit2/install/rosparam_shortcuts/share/rosparam_shortcuts/environment/library_path.sh
[13.972s] -- Installing: /home/alex/ws_moveit2/install/rosparam_shortcuts/share/rosparam_shortcuts/environment/library_path.dsv
[13.972s] -- Installing: /home/alex/ws_moveit2/install/rosparam_shortcuts/share/ament_index/resource_index/package_run_dependencies/rosparam_shortcuts
[13.972s] -- Installing: /home/alex/ws_moveit2/install/rosparam_shortcuts/share/ament_index/resource_index/parent_prefix_path/rosparam_shortcuts
[13.973s] -- Installing: /home/alex/ws_moveit2/install/rosparam_shortcuts/share/rosparam_shortcuts/environment/ament_prefix_path.sh
[13.973s] -- Installing: /home/alex/ws_moveit2/install/rosparam_shortcuts/share/rosparam_shortcuts/environment/ament_prefix_path.dsv
[13.973s] -- Installing: /home/alex/ws_moveit2/install/rosparam_shortcuts/share/rosparam_shortcuts/environment/path.sh
[13.973s] -- Installing: /home/alex/ws_moveit2/install/rosparam_shortcuts/share/rosparam_shortcuts/environment/path.dsv
[13.973s] -- Installing: /home/alex/ws_moveit2/install/rosparam_shortcuts/share/rosparam_shortcuts/local_setup.bash
[13.973s] -- Installing: /home/alex/ws_moveit2/install/rosparam_shortcuts/share/rosparam_shortcuts/local_setup.sh
[13.973s] -- Installing: /home/alex/ws_moveit2/install/rosparam_shortcuts/share/rosparam_shortcuts/local_setup.zsh
[13.973s] -- Installing: /home/alex/ws_moveit2/install/rosparam_shortcuts/share/rosparam_shortcuts/local_setup.dsv
[13.974s] -- Installing: /home/alex/ws_moveit2/install/rosparam_shortcuts/share/rosparam_shortcuts/package.dsv
[13.974s] -- Installing: /home/alex/ws_moveit2/install/rosparam_shortcuts/share/ament_index/resource_index/packages/rosparam_shortcuts
[13.974s] -- Installing: /home/alex/ws_moveit2/install/rosparam_shortcuts/share/rosparam_shortcuts/cmake/export_rosparam_shortcutsExport.cmake
[13.974s] -- Installing: /home/alex/ws_moveit2/install/rosparam_shortcuts/share/rosparam_shortcuts/cmake/export_rosparam_shortcutsExport-release.cmake
[13.974s] -- Installing: /home/alex/ws_moveit2/install/rosparam_shortcuts/share/rosparam_shortcuts/cmake/ament_cmake_export_targets-extras.cmake
[13.974s] -- Installing: /home/alex/ws_moveit2/install/rosparam_shortcuts/share/rosparam_shortcuts/cmake/ament_cmake_export_dependencies-extras.cmake
[13.974s] -- Installing: /home/alex/ws_moveit2/install/rosparam_shortcuts/share/rosparam_shortcuts/cmake/rosparam_shortcutsConfig.cmake
[13.974s] -- Installing: /home/alex/ws_moveit2/install/rosparam_shortcuts/share/rosparam_shortcuts/cmake/rosparam_shortcutsConfig-version.cmake
[13.975s] -- Installing: /home/alex/ws_moveit2/install/rosparam_shortcuts/share/rosparam_shortcuts/package.xml
[13.977s] Invoked command in '/home/alex/ws_moveit2/build/rosparam_shortcuts' returned '0': CMAKE_PREFIX_PATH=/opt/ros/humble /usr/bin/cmake --install /home/alex/ws_moveit2/build/rosparam_shortcuts
