[0.055s] Invoking command in '/home/alex/ws_moveit2/build/moveit_kinematics': AMENT_PREFIX_PATH=/home/alex/ws_moveit2/install/moveit_ros_planning:/home/alex/ws_moveit2/install/moveit_ros_occupancy_map_monitor:/home/alex/ws_moveit2/install/moveit_core:/home/alex/ws_moveit2/install/moveit_resources_panda_moveit_config:/home/alex/ws_moveit2/install/moveit_resources_fanuc_moveit_config:/home/alex/ws_moveit2/install/moveit_configs_utils:/home/alex/ws_moveit2/install/srdfdom:/home/alex/ws_moveit2/install/moveit_resources_panda_description:/home/alex/ws_moveit2/install/moveit_resources_fanuc_description:/home/alex/ws_moveit2/install/moveit_common:/home/alex/ws_moveit2/install/launch_param_builder:${AMENT_PREFIX_PATH} CMAKE_PREFIX_PATH=/home/alex/ws_moveit2/install/moveit_ros_planning:/home/alex/ws_moveit2/install/moveit_ros_occupancy_map_monitor:/home/alex/ws_moveit2/install/moveit_core:/home/alex/ws_moveit2/install/moveit_resources_panda_moveit_config:/home/alex/ws_moveit2/install/moveit_resources_fanuc_moveit_config:/home/alex/ws_moveit2/install/srdfdom:/home/alex/ws_moveit2/install/moveit_resources_panda_description:/home/alex/ws_moveit2/install/moveit_resources_fanuc_description:/home/alex/ws_moveit2/install/moveit_common:/opt/ros/humble LD_LIBRARY_PATH=/home/alex/ws_moveit2/install/moveit_ros_planning/lib:/home/alex/ws_moveit2/install/moveit_ros_occupancy_map_monitor/lib:/home/alex/ws_moveit2/install/moveit_core/lib:/home/alex/ws_moveit2/install/srdfdom/lib:${LD_LIBRARY_PATH} PATH=/home/alex/ws_moveit2/install/moveit_core/bin:${PATH} PYTHONPATH=/home/alex/ws_moveit2/install/moveit_configs_utils/lib/python3.10/site-packages:/home/alex/ws_moveit2/install/srdfdom/local/lib/python3.10/dist-packages:/home/alex/ws_moveit2/install/launch_param_builder/lib/python3.10/site-packages:${PYTHONPATH} /usr/bin/cmake --build /home/alex/ws_moveit2/build/moveit_kinematics -- -j16 -l16
[0.104s] [35m[1mConsolidate compiler generated dependencies of target gtest_main[0m
[0.114s] [ 36%] [32mBuilding CXX object kdl_kinematics_plugin/CMakeFiles/moveit_kdl_kinematics_plugin.dir/src/kdl_kinematics_plugin.cpp.o[0m
[0.114s] [ 36%] [32mBuilding CXX object gtest/CMakeFiles/gtest.dir/src/gtest-all.cc.o[0m
[0.114s] [ 36%] [32mBuilding CXX object lma_kinematics_plugin/CMakeFiles/moveit_lma_kinematics_plugin.dir/src/lma_kinematics_plugin.cpp.o[0m
[0.114s] [ 36%] [32mBuilding CXX object srv_kinematics_plugin/CMakeFiles/moveit_srv_kinematics_plugin.dir/src/srv_kinematics_plugin.cpp.o[0m
[0.114s] [ 36%] [32mBuilding CXX object cached_ik_kinematics_plugin/CMakeFiles/moveit_cached_ik_kinematics_base.dir/src/ik_cache.cpp.o[0m
[0.115s] [ 36%] [32mBuilding CXX object test/CMakeFiles/benchmark_ik.dir/benchmark_ik.cpp.o[0m
[0.115s] [ 36%] [32mBuilding CXX object kdl_kinematics_plugin/CMakeFiles/moveit_kdl_kinematics_plugin.dir/src/chainiksolver_vel_mimic_svd.cpp.o[0m
[0.116s] [ 47%] Built target gtest_main
[5.791s] [ 52%] [32m[1mLinking CXX static library libgtest.a[0m
[5.834s] [ 52%] Built target gtest
[7.302s] [ 57%] [32m[1mLinking CXX shared library libmoveit_lma_kinematics_plugin.so[0m
[7.580s] [ 57%] Built target moveit_lma_kinematics_plugin
[7.695s] [ 63%] [32m[1mLinking CXX shared library libmoveit_srv_kinematics_plugin.so[0m
[7.854s] [ 63%] Built target moveit_srv_kinematics_plugin
[7.992s] [ 68%] [32m[1mLinking CXX shared library libmoveit_cached_ik_kinematics_base.so[0m
[8.152s] [ 73%] [32m[1mLinking CXX shared library libmoveit_kdl_kinematics_plugin.so[0m
[8.156s] [ 73%] Built target moveit_cached_ik_kinematics_base
[8.302s] [ 73%] Built target moveit_kdl_kinematics_plugin
[8.332s] [ 84%] [32mBuilding CXX object test/CMakeFiles/test_kinematics_plugin.dir/test_kinematics_plugin.cpp.o[0m
[8.332s] [ 84%] [32mBuilding CXX object cached_ik_kinematics_plugin/CMakeFiles/moveit_cached_ik_kinematics_plugin.dir/src/cached_ik_kinematics_plugin.cpp.o[0m
[8.725s] [ 89%] [32m[1mLinking CXX executable benchmark_ik[0m
[8.990s] [ 89%] Built target benchmark_ik
[14.286s] [ 94%] [32m[1mLinking CXX shared library libmoveit_cached_ik_kinematics_plugin.so[0m
[14.441s] [ 94%] Built target moveit_cached_ik_kinematics_plugin
[21.825s] [100%] [32m[1mLinking CXX executable test_kinematics_plugin[0m
[22.096s] [100%] Built target test_kinematics_plugin
[22.108s] Invoked command in '/home/alex/ws_moveit2/build/moveit_kinematics' returned '0': AMENT_PREFIX_PATH=/home/alex/ws_moveit2/install/moveit_ros_planning:/home/alex/ws_moveit2/install/moveit_ros_occupancy_map_monitor:/home/alex/ws_moveit2/install/moveit_core:/home/alex/ws_moveit2/install/moveit_resources_panda_moveit_config:/home/alex/ws_moveit2/install/moveit_resources_fanuc_moveit_config:/home/alex/ws_moveit2/install/moveit_configs_utils:/home/alex/ws_moveit2/install/srdfdom:/home/alex/ws_moveit2/install/moveit_resources_panda_description:/home/alex/ws_moveit2/install/moveit_resources_fanuc_description:/home/alex/ws_moveit2/install/moveit_common:/home/alex/ws_moveit2/install/launch_param_builder:${AMENT_PREFIX_PATH} CMAKE_PREFIX_PATH=/home/alex/ws_moveit2/install/moveit_ros_planning:/home/alex/ws_moveit2/install/moveit_ros_occupancy_map_monitor:/home/alex/ws_moveit2/install/moveit_core:/home/alex/ws_moveit2/install/moveit_resources_panda_moveit_config:/home/alex/ws_moveit2/install/moveit_resources_fanuc_moveit_config:/home/alex/ws_moveit2/install/srdfdom:/home/alex/ws_moveit2/install/moveit_resources_panda_description:/home/alex/ws_moveit2/install/moveit_resources_fanuc_description:/home/alex/ws_moveit2/install/moveit_common:/opt/ros/humble LD_LIBRARY_PATH=/home/alex/ws_moveit2/install/moveit_ros_planning/lib:/home/alex/ws_moveit2/install/moveit_ros_occupancy_map_monitor/lib:/home/alex/ws_moveit2/install/moveit_core/lib:/home/alex/ws_moveit2/install/srdfdom/lib:${LD_LIBRARY_PATH} PATH=/home/alex/ws_moveit2/install/moveit_core/bin:${PATH} PYTHONPATH=/home/alex/ws_moveit2/install/moveit_configs_utils/lib/python3.10/site-packages:/home/alex/ws_moveit2/install/srdfdom/local/lib/python3.10/dist-packages:/home/alex/ws_moveit2/install/launch_param_builder/lib/python3.10/site-packages:${PYTHONPATH} /usr/bin/cmake --build /home/alex/ws_moveit2/build/moveit_kinematics -- -j16 -l16
[22.146s] Invoking command in '/home/alex/ws_moveit2/build/moveit_kinematics': AMENT_PREFIX_PATH=/home/alex/ws_moveit2/install/moveit_ros_planning:/home/alex/ws_moveit2/install/moveit_ros_occupancy_map_monitor:/home/alex/ws_moveit2/install/moveit_core:/home/alex/ws_moveit2/install/moveit_resources_panda_moveit_config:/home/alex/ws_moveit2/install/moveit_resources_fanuc_moveit_config:/home/alex/ws_moveit2/install/moveit_configs_utils:/home/alex/ws_moveit2/install/srdfdom:/home/alex/ws_moveit2/install/moveit_resources_panda_description:/home/alex/ws_moveit2/install/moveit_resources_fanuc_description:/home/alex/ws_moveit2/install/moveit_common:/home/alex/ws_moveit2/install/launch_param_builder:${AMENT_PREFIX_PATH} CMAKE_PREFIX_PATH=/home/alex/ws_moveit2/install/moveit_ros_planning:/home/alex/ws_moveit2/install/moveit_ros_occupancy_map_monitor:/home/alex/ws_moveit2/install/moveit_core:/home/alex/ws_moveit2/install/moveit_resources_panda_moveit_config:/home/alex/ws_moveit2/install/moveit_resources_fanuc_moveit_config:/home/alex/ws_moveit2/install/srdfdom:/home/alex/ws_moveit2/install/moveit_resources_panda_description:/home/alex/ws_moveit2/install/moveit_resources_fanuc_description:/home/alex/ws_moveit2/install/moveit_common:/opt/ros/humble LD_LIBRARY_PATH=/home/alex/ws_moveit2/install/moveit_ros_planning/lib:/home/alex/ws_moveit2/install/moveit_ros_occupancy_map_monitor/lib:/home/alex/ws_moveit2/install/moveit_core/lib:/home/alex/ws_moveit2/install/srdfdom/lib:${LD_LIBRARY_PATH} PATH=/home/alex/ws_moveit2/install/moveit_core/bin:${PATH} PYTHONPATH=/home/alex/ws_moveit2/install/moveit_configs_utils/lib/python3.10/site-packages:/home/alex/ws_moveit2/install/srdfdom/local/lib/python3.10/dist-packages:/home/alex/ws_moveit2/install/launch_param_builder/lib/python3.10/site-packages:${PYTHONPATH} /usr/bin/cmake --install /home/alex/ws_moveit2/build/moveit_kinematics
[22.154s] -- Install configuration: "Release"
[22.154s] -- Installing: /home/alex/ws_moveit2/install/moveit_kinematics/share/moveit_kinematics/kdl_kinematics_plugin_description.xml
[22.154s] -- Installing: /home/alex/ws_moveit2/install/moveit_kinematics/share/moveit_kinematics/lma_kinematics_plugin_description.xml
[22.154s] -- Installing: /home/alex/ws_moveit2/install/moveit_kinematics/share/moveit_kinematics/srv_kinematics_plugin_description.xml
[22.155s] -- Installing: /home/alex/ws_moveit2/install/moveit_kinematics/share/moveit_kinematics/cached_ik_kinematics_plugin_description.xml
[22.155s] -- Installing: /home/alex/ws_moveit2/install/moveit_kinematics/include
[22.155s] -- Installing: /home/alex/ws_moveit2/install/moveit_kinematics/include/moveit
[22.155s] -- Installing: /home/alex/ws_moveit2/install/moveit_kinematics/include/moveit/cached_ik_kinematics_plugin
[22.155s] -- Installing: /home/alex/ws_moveit2/install/moveit_kinematics/include/moveit/cached_ik_kinematics_plugin/cached_ik_kinematics_plugin-inl.h
[22.156s] -- Installing: /home/alex/ws_moveit2/install/moveit_kinematics/include/moveit/cached_ik_kinematics_plugin/detail
[22.156s] -- Installing: /home/alex/ws_moveit2/install/moveit_kinematics/include/moveit/cached_ik_kinematics_plugin/detail/GreedyKCenters.h
[22.156s] -- Installing: /home/alex/ws_moveit2/install/moveit_kinematics/include/moveit/cached_ik_kinematics_plugin/detail/NearestNeighbors.h
[22.156s] -- Installing: /home/alex/ws_moveit2/install/moveit_kinematics/include/moveit/cached_ik_kinematics_plugin/detail/NearestNeighborsGNAT.h
[22.156s] -- Installing: /home/alex/ws_moveit2/install/moveit_kinematics/include/moveit/cached_ik_kinematics_plugin/cached_ik_kinematics_plugin.h
[22.156s] -- Installing: /home/alex/ws_moveit2/install/moveit_kinematics/share/moveit_kinematics/launch
[22.156s] -- Installing: /home/alex/ws_moveit2/install/moveit_kinematics/share/moveit_kinematics/launch/measure_ik_call_cost.launch
[22.157s] -- Installing: /home/alex/ws_moveit2/install/moveit_kinematics/lib/moveit_kinematics/auto_create_ikfast_moveit_plugin.sh
[22.157s] -- Installing: /home/alex/ws_moveit2/install/moveit_kinematics/lib/moveit_kinematics/create_ikfast_moveit_plugin.py
[22.157s] -- Installing: /home/alex/ws_moveit2/install/moveit_kinematics/lib/moveit_kinematics/round_collada_numbers.py
[22.158s] -- Installing: /home/alex/ws_moveit2/install/moveit_kinematics/share/moveit_kinematics/ikfast_kinematics_plugin/templates
[22.158s] -- Installing: /home/alex/ws_moveit2/install/moveit_kinematics/share/moveit_kinematics/ikfast_kinematics_plugin/templates/CMakeLists.txt
[22.158s] -- Installing: /home/alex/ws_moveit2/install/moveit_kinematics/share/moveit_kinematics/ikfast_kinematics_plugin/templates/ikfast.h
[22.158s] -- Installing: /home/alex/ws_moveit2/install/moveit_kinematics/share/moveit_kinematics/ikfast_kinematics_plugin/templates/ikfast61_moveit_plugin_template.cpp
[22.159s] -- Up-to-date: /home/alex/ws_moveit2/install/moveit_kinematics/include
[22.159s] -- Up-to-date: /home/alex/ws_moveit2/install/moveit_kinematics/include/moveit
[22.159s] -- Installing: /home/alex/ws_moveit2/install/moveit_kinematics/include/moveit/kdl_kinematics_plugin
[22.159s] -- Installing: /home/alex/ws_moveit2/install/moveit_kinematics/include/moveit/kdl_kinematics_plugin/joint_mimic.hpp
[22.159s] -- Installing: /home/alex/ws_moveit2/install/moveit_kinematics/include/moveit/kdl_kinematics_plugin/kdl_kinematics_plugin.h
[22.159s] -- Installing: /home/alex/ws_moveit2/install/moveit_kinematics/include/moveit/kdl_kinematics_plugin/chainiksolver_vel_mimic_svd.hpp
[22.160s] -- Up-to-date: /home/alex/ws_moveit2/install/moveit_kinematics/include
[22.160s] -- Up-to-date: /home/alex/ws_moveit2/install/moveit_kinematics/include/moveit
[22.160s] -- Installing: /home/alex/ws_moveit2/install/moveit_kinematics/include/moveit/lma_kinematics_plugin
[22.160s] -- Installing: /home/alex/ws_moveit2/install/moveit_kinematics/include/moveit/lma_kinematics_plugin/lma_kinematics_plugin.h
[22.160s] -- Up-to-date: /home/alex/ws_moveit2/install/moveit_kinematics/include
[22.160s] -- Up-to-date: /home/alex/ws_moveit2/install/moveit_kinematics/include/moveit
[22.160s] -- Installing: /home/alex/ws_moveit2/install/moveit_kinematics/include/moveit/srv_kinematics_plugin
[22.160s] -- Installing: /home/alex/ws_moveit2/install/moveit_kinematics/include/moveit/srv_kinematics_plugin/srv_kinematics_plugin.h
[22.161s] -- Installing: /home/alex/ws_moveit2/install/moveit_kinematics/share/moveit_kinematics/config
[22.161s] -- Installing: /home/alex/ws_moveit2/install/moveit_kinematics/share/moveit_kinematics/config/fanuc-kdl-singular-test.yaml
[22.161s] -- Installing: /home/alex/ws_moveit2/install/moveit_kinematics/share/moveit_kinematics/config/panda-kdl-singular-test.yaml
[22.162s] -- Installing: /home/alex/ws_moveit2/install/moveit_kinematics/share/moveit_kinematics/config/fanuc-kdl-test.yaml
[22.162s] -- Installing: /home/alex/ws_moveit2/install/moveit_kinematics/share/moveit_kinematics/config/panda-lma-test.yaml
[22.162s] -- Installing: /home/alex/ws_moveit2/install/moveit_kinematics/share/moveit_kinematics/config/fanuc-lma-singular-test.yaml
[22.162s] -- Installing: /home/alex/ws_moveit2/install/moveit_kinematics/share/moveit_kinematics/config/fanuc-lma-test.yaml
[22.162s] -- Installing: /home/alex/ws_moveit2/install/moveit_kinematics/share/moveit_kinematics/config/panda-lma-singular-test.yaml
[22.163s] -- Installing: /home/alex/ws_moveit2/install/moveit_kinematics/share/moveit_kinematics/config/panda-kdl-test.yaml
[22.163s] -- Up-to-date: /home/alex/ws_moveit2/install/moveit_kinematics/share/moveit_kinematics/launch
[22.163s] -- Installing: /home/alex/ws_moveit2/install/moveit_kinematics/share/moveit_kinematics/launch/fanuc-kdl-singular.test.py
[22.163s] -- Installing: /home/alex/ws_moveit2/install/moveit_kinematics/share/moveit_kinematics/launch/panda-lma.test.py
[22.164s] -- Installing: /home/alex/ws_moveit2/install/moveit_kinematics/share/moveit_kinematics/launch/fanuc-kdl.test.py
[22.164s] -- Installing: /home/alex/ws_moveit2/install/moveit_kinematics/share/moveit_kinematics/launch/fanuc-lma.test.py
[22.164s] -- Installing: /home/alex/ws_moveit2/install/moveit_kinematics/share/moveit_kinematics/launch/panda-kdl.test.py
[22.164s] -- Installing: /home/alex/ws_moveit2/install/moveit_kinematics/share/moveit_kinematics/launch/fanuc-lma-singular.test.py
[22.164s] -- Installing: /home/alex/ws_moveit2/install/moveit_kinematics/share/moveit_kinematics/launch/panda-lma-singular.test.py
[22.165s] -- Installing: /home/alex/ws_moveit2/install/moveit_kinematics/share/moveit_kinematics/launch/panda-kdl-singular.test.py
[22.165s] -- Installing: /home/alex/ws_moveit2/install/moveit_kinematics/lib/moveit_kinematics/benchmark_ik
[22.165s] -- Set runtime path of "/home/alex/ws_moveit2/install/moveit_kinematics/lib/moveit_kinematics/benchmark_ik" to ""
[22.165s] -- Installing: /home/alex/ws_moveit2/install/moveit_kinematics/lib/moveit_kinematics/test_kinematics_plugin
[22.167s] -- Set runtime path of "/home/alex/ws_moveit2/install/moveit_kinematics/lib/moveit_kinematics/test_kinematics_plugin" to ""
[22.167s] -- Installing: /home/alex/ws_moveit2/install/moveit_kinematics/lib/libmoveit_cached_ik_kinematics_base.so.2.5.5
[22.167s] -- Set runtime path of "/home/alex/ws_moveit2/install/moveit_kinematics/lib/libmoveit_cached_ik_kinematics_base.so.2.5.5" to ""
[22.168s] -- Installing: /home/alex/ws_moveit2/install/moveit_kinematics/lib/libmoveit_cached_ik_kinematics_base.so
[22.168s] -- Installing: /home/alex/ws_moveit2/install/moveit_kinematics/lib/libmoveit_cached_ik_kinematics_plugin.so.2.5.5
[22.168s] -- Set runtime path of "/home/alex/ws_moveit2/install/moveit_kinematics/lib/libmoveit_cached_ik_kinematics_plugin.so.2.5.5" to ""
[22.168s] -- Installing: /home/alex/ws_moveit2/install/moveit_kinematics/lib/libmoveit_cached_ik_kinematics_plugin.so
[22.168s] -- Installing: /home/alex/ws_moveit2/install/moveit_kinematics/lib/libmoveit_kdl_kinematics_plugin.so
[22.169s] -- Set runtime path of "/home/alex/ws_moveit2/install/moveit_kinematics/lib/libmoveit_kdl_kinematics_plugin.so" to ""
[22.169s] -- Installing: /home/alex/ws_moveit2/install/moveit_kinematics/lib/libmoveit_lma_kinematics_plugin.so.2.5.5
[22.169s] -- Set runtime path of "/home/alex/ws_moveit2/install/moveit_kinematics/lib/libmoveit_lma_kinematics_plugin.so.2.5.5" to ""
[22.169s] -- Installing: /home/alex/ws_moveit2/install/moveit_kinematics/lib/libmoveit_lma_kinematics_plugin.so
[22.170s] -- Installing: /home/alex/ws_moveit2/install/moveit_kinematics/lib/libmoveit_srv_kinematics_plugin.so.2.5.5
[22.170s] -- Set runtime path of "/home/alex/ws_moveit2/install/moveit_kinematics/lib/libmoveit_srv_kinematics_plugin.so.2.5.5" to ""
[22.170s] -- Installing: /home/alex/ws_moveit2/install/moveit_kinematics/lib/libmoveit_srv_kinematics_plugin.so
[22.170s] -- Installing: /home/alex/ws_moveit2/install/moveit_kinematics/share/moveit_kinematics/environment/library_path.sh
[22.170s] -- Installing: /home/alex/ws_moveit2/install/moveit_kinematics/share/moveit_kinematics/environment/library_path.dsv
[22.171s] -- Installing: /home/alex/ws_moveit2/install/moveit_kinematics/share/ament_index/resource_index/package_run_dependencies/moveit_kinematics
[22.171s] -- Installing: /home/alex/ws_moveit2/install/moveit_kinematics/share/ament_index/resource_index/parent_prefix_path/moveit_kinematics
[22.171s] -- Installing: /home/alex/ws_moveit2/install/moveit_kinematics/share/moveit_kinematics/environment/ament_prefix_path.sh
[22.172s] -- Installing: /home/alex/ws_moveit2/install/moveit_kinematics/share/moveit_kinematics/environment/ament_prefix_path.dsv
[22.172s] -- Installing: /home/alex/ws_moveit2/install/moveit_kinematics/share/moveit_kinematics/environment/path.sh
[22.172s] -- Installing: /home/alex/ws_moveit2/install/moveit_kinematics/share/moveit_kinematics/environment/path.dsv
[22.173s] -- Installing: /home/alex/ws_moveit2/install/moveit_kinematics/share/moveit_kinematics/local_setup.bash
[22.173s] -- Installing: /home/alex/ws_moveit2/install/moveit_kinematics/share/moveit_kinematics/local_setup.sh
[22.173s] -- Installing: /home/alex/ws_moveit2/install/moveit_kinematics/share/moveit_kinematics/local_setup.zsh
[22.173s] -- Installing: /home/alex/ws_moveit2/install/moveit_kinematics/share/moveit_kinematics/local_setup.dsv
[22.174s] -- Installing: /home/alex/ws_moveit2/install/moveit_kinematics/share/moveit_kinematics/package.dsv
[22.174s] -- Installing: /home/alex/ws_moveit2/install/moveit_kinematics/share/ament_index/resource_index/packages/moveit_kinematics
[22.174s] -- Installing: /home/alex/ws_moveit2/install/moveit_kinematics/share/ament_index/resource_index/moveit_core__pluginlib__plugin/moveit_kinematics
[22.175s] -- Installing: /home/alex/ws_moveit2/install/moveit_kinematics/share/moveit_kinematics/cmake/export_moveit_kinematicsExport.cmake
[22.175s] -- Installing: /home/alex/ws_moveit2/install/moveit_kinematics/share/moveit_kinematics/cmake/export_moveit_kinematicsExport-release.cmake
[22.175s] -- Installing: /home/alex/ws_moveit2/install/moveit_kinematics/share/moveit_kinematics/cmake/ConfigExtras.cmake
[22.176s] -- Installing: /home/alex/ws_moveit2/install/moveit_kinematics/share/moveit_kinematics/cmake/ament_cmake_export_targets-extras.cmake
[22.176s] -- Installing: /home/alex/ws_moveit2/install/moveit_kinematics/share/moveit_kinematics/cmake/ament_cmake_export_dependencies-extras.cmake
[22.176s] -- Installing: /home/alex/ws_moveit2/install/moveit_kinematics/share/moveit_kinematics/cmake/moveit_kinematicsConfig.cmake
[22.177s] -- Installing: /home/alex/ws_moveit2/install/moveit_kinematics/share/moveit_kinematics/cmake/moveit_kinematicsConfig-version.cmake
[22.177s] -- Installing: /home/alex/ws_moveit2/install/moveit_kinematics/share/moveit_kinematics/package.xml
[22.179s] Invoked command in '/home/alex/ws_moveit2/build/moveit_kinematics' returned '0': AMENT_PREFIX_PATH=/home/alex/ws_moveit2/install/moveit_ros_planning:/home/alex/ws_moveit2/install/moveit_ros_occupancy_map_monitor:/home/alex/ws_moveit2/install/moveit_core:/home/alex/ws_moveit2/install/moveit_resources_panda_moveit_config:/home/alex/ws_moveit2/install/moveit_resources_fanuc_moveit_config:/home/alex/ws_moveit2/install/moveit_configs_utils:/home/alex/ws_moveit2/install/srdfdom:/home/alex/ws_moveit2/install/moveit_resources_panda_description:/home/alex/ws_moveit2/install/moveit_resources_fanuc_description:/home/alex/ws_moveit2/install/moveit_common:/home/alex/ws_moveit2/install/launch_param_builder:${AMENT_PREFIX_PATH} CMAKE_PREFIX_PATH=/home/alex/ws_moveit2/install/moveit_ros_planning:/home/alex/ws_moveit2/install/moveit_ros_occupancy_map_monitor:/home/alex/ws_moveit2/install/moveit_core:/home/alex/ws_moveit2/install/moveit_resources_panda_moveit_config:/home/alex/ws_moveit2/install/moveit_resources_fanuc_moveit_config:/home/alex/ws_moveit2/install/srdfdom:/home/alex/ws_moveit2/install/moveit_resources_panda_description:/home/alex/ws_moveit2/install/moveit_resources_fanuc_description:/home/alex/ws_moveit2/install/moveit_common:/opt/ros/humble LD_LIBRARY_PATH=/home/alex/ws_moveit2/install/moveit_ros_planning/lib:/home/alex/ws_moveit2/install/moveit_ros_occupancy_map_monitor/lib:/home/alex/ws_moveit2/install/moveit_core/lib:/home/alex/ws_moveit2/install/srdfdom/lib:${LD_LIBRARY_PATH} PATH=/home/alex/ws_moveit2/install/moveit_core/bin:${PATH} PYTHONPATH=/home/alex/ws_moveit2/install/moveit_configs_utils/lib/python3.10/site-packages:/home/alex/ws_moveit2/install/srdfdom/local/lib/python3.10/dist-packages:/home/alex/ws_moveit2/install/launch_param_builder/lib/python3.10/site-packages:${PYTHONPATH} /usr/bin/cmake --install /home/alex/ws_moveit2/build/moveit_kinematics
