[1.014s] Invoking command in '/home/autopilot/ws/restackcell/ws_moveit2/build/moveit_backend': CMAKE_PREFIX_PATH=/home/autopilot/ws/restackcell/ws_moveit2/install/robo_planner_py:/home/autopilot/ws/restackcell/ws_moveit2/install/grid_snapper:/home/autopilot/ws/restackcell/ws_moveit2/install/opcua_client:/home/autopilot/ws/restackcell/ws_moveit2/install/interface_opcua:/opt/ros/humble:/home/autopilot/ws/restackcell/ws_moveit2/install/wzlscheduler_interfaces:/home/autopilot/ws/restackcell/ws_moveit2/install/robo_planner:/home/autopilot/ws/restackcell/ws_moveit2/install/pcl_segmentation:/home/autopilot/ws/restackcell/ws_moveit2/install/moveit_backend:/home/autopilot/ws/restackcell/ws_moveit2/install/mockup_robot:/home/autopilot/ws/restackcell/ws_moveit2/install/ur_pilz:/home/autopilot/ws/restackcell/ws_moveit2/install/robo_planner_msgs:/home/autopilot/ws/restackcell/ws_moveit2/install/opcua_interfaces PYTHONPATH=/home/autopilot/ws/restackcell/ws_moveit2/install/wzlscheduler_interfaces/local/lib/python3.10/dist-packages:/home/autopilot/ws/restackcell/ws_moveit2/install/robo_planner_py/lib/python3.10/site-packages:/home/autopilot/ws/restackcell/ws_moveit2/install/grid_snapper/lib/python3.10/site-packages:/home/autopilot/ws/restackcell/ws_moveit2/install/robo_planner_msgs/local/lib/python3.10/dist-packages:/home/autopilot/ws/restackcell/ws_moveit2/install/opcua_client/lib/python3.10/site-packages:/home/autopilot/ws/restackcell/ws_moveit2/install/opcua_interfaces/local/lib/python3.10/dist-packages:/home/autopilot/ws/restackcell/ws_moveit2/install/interface_opcua/lib/python3.10/site-packages:/opt/ros/humble/lib/python3.10/site-packages:/opt/ros/humble/local/lib/python3.10/dist-packages /usr/bin/cmake --build /home/autopilot/ws/restackcell/ws_moveit2/build/moveit_backend -- -j8 -l8
[1.694s] [35m[1mConsolidate compiler generated dependencies of target moveit_ur[0m
[1.694s] [ 50%] Built target moveit_panda
[1.694s] [100%] Built target moveit_ur
[1.713s] Invoked command in '/home/autopilot/ws/restackcell/ws_moveit2/build/moveit_backend' returned '0': CMAKE_PREFIX_PATH=/home/autopilot/ws/restackcell/ws_moveit2/install/robo_planner_py:/home/autopilot/ws/restackcell/ws_moveit2/install/grid_snapper:/home/autopilot/ws/restackcell/ws_moveit2/install/opcua_client:/home/autopilot/ws/restackcell/ws_moveit2/install/interface_opcua:/opt/ros/humble:/home/autopilot/ws/restackcell/ws_moveit2/install/wzlscheduler_interfaces:/home/autopilot/ws/restackcell/ws_moveit2/install/robo_planner:/home/autopilot/ws/restackcell/ws_moveit2/install/pcl_segmentation:/home/autopilot/ws/restackcell/ws_moveit2/install/moveit_backend:/home/autopilot/ws/restackcell/ws_moveit2/install/mockup_robot:/home/autopilot/ws/restackcell/ws_moveit2/install/ur_pilz:/home/autopilot/ws/restackcell/ws_moveit2/install/robo_planner_msgs:/home/autopilot/ws/restackcell/ws_moveit2/install/opcua_interfaces PYTHONPATH=/home/autopilot/ws/restackcell/ws_moveit2/install/wzlscheduler_interfaces/local/lib/python3.10/dist-packages:/home/autopilot/ws/restackcell/ws_moveit2/install/robo_planner_py/lib/python3.10/site-packages:/home/autopilot/ws/restackcell/ws_moveit2/install/grid_snapper/lib/python3.10/site-packages:/home/autopilot/ws/restackcell/ws_moveit2/install/robo_planner_msgs/local/lib/python3.10/dist-packages:/home/autopilot/ws/restackcell/ws_moveit2/install/opcua_client/lib/python3.10/site-packages:/home/autopilot/ws/restackcell/ws_moveit2/install/opcua_interfaces/local/lib/python3.10/dist-packages:/home/autopilot/ws/restackcell/ws_moveit2/install/interface_opcua/lib/python3.10/site-packages:/opt/ros/humble/lib/python3.10/site-packages:/opt/ros/humble/local/lib/python3.10/dist-packages /usr/bin/cmake --build /home/autopilot/ws/restackcell/ws_moveit2/build/moveit_backend -- -j8 -l8
[1.851s] Invoking command in '/home/autopilot/ws/restackcell/ws_moveit2/build/moveit_backend': CMAKE_PREFIX_PATH=/home/autopilot/ws/restackcell/ws_moveit2/install/robo_planner_py:/home/autopilot/ws/restackcell/ws_moveit2/install/grid_snapper:/home/autopilot/ws/restackcell/ws_moveit2/install/opcua_client:/home/autopilot/ws/restackcell/ws_moveit2/install/interface_opcua:/opt/ros/humble:/home/autopilot/ws/restackcell/ws_moveit2/install/wzlscheduler_interfaces:/home/autopilot/ws/restackcell/ws_moveit2/install/robo_planner:/home/autopilot/ws/restackcell/ws_moveit2/install/pcl_segmentation:/home/autopilot/ws/restackcell/ws_moveit2/install/moveit_backend:/home/autopilot/ws/restackcell/ws_moveit2/install/mockup_robot:/home/autopilot/ws/restackcell/ws_moveit2/install/ur_pilz:/home/autopilot/ws/restackcell/ws_moveit2/install/robo_planner_msgs:/home/autopilot/ws/restackcell/ws_moveit2/install/opcua_interfaces PYTHONPATH=/home/autopilot/ws/restackcell/ws_moveit2/install/wzlscheduler_interfaces/local/lib/python3.10/dist-packages:/home/autopilot/ws/restackcell/ws_moveit2/install/robo_planner_py/lib/python3.10/site-packages:/home/autopilot/ws/restackcell/ws_moveit2/install/grid_snapper/lib/python3.10/site-packages:/home/autopilot/ws/restackcell/ws_moveit2/install/robo_planner_msgs/local/lib/python3.10/dist-packages:/home/autopilot/ws/restackcell/ws_moveit2/install/opcua_client/lib/python3.10/site-packages:/home/autopilot/ws/restackcell/ws_moveit2/install/opcua_interfaces/local/lib/python3.10/dist-packages:/home/autopilot/ws/restackcell/ws_moveit2/install/interface_opcua/lib/python3.10/site-packages:/opt/ros/humble/lib/python3.10/site-packages:/opt/ros/humble/local/lib/python3.10/dist-packages /usr/bin/cmake --install /home/autopilot/ws/restackcell/ws_moveit2/build/moveit_backend
[1.889s] -- Install configuration: ""
[1.890s] -- Up-to-date: /home/autopilot/ws/restackcell/ws_moveit2/install/moveit_backend/lib/moveit_backend/moveit_panda
[1.890s] -- Up-to-date: /home/autopilot/ws/restackcell/ws_moveit2/install/moveit_backend/lib/moveit_backend/moveit_ur
[1.891s] -- Up-to-date: /home/autopilot/ws/restackcell/ws_moveit2/install/moveit_backend/share/moveit_backend/config
[1.891s] -- Up-to-date: /home/autopilot/ws/restackcell/ws_moveit2/install/moveit_backend/share/moveit_backend/config/visual_parameters.yaml
[1.891s] -- Up-to-date: /home/autopilot/ws/restackcell/ws_moveit2/install/moveit_backend/share/moveit_backend/config/default_kinematics.yaml
[1.892s] -- Up-to-date: /home/autopilot/ws/restackcell/ws_moveit2/install/moveit_backend/share/moveit_backend/config/ur16e copy
[1.892s] -- Up-to-date: /home/autopilot/ws/restackcell/ws_moveit2/install/moveit_backend/share/moveit_backend/config/ur16e copy/visual_parameters.yaml
[1.893s] -- Up-to-date: /home/autopilot/ws/restackcell/ws_moveit2/install/moveit_backend/share/moveit_backend/config/ur16e copy/default_kinematics.yaml
[1.893s] -- Up-to-date: /home/autopilot/ws/restackcell/ws_moveit2/install/moveit_backend/share/moveit_backend/config/ur16e copy/joint_limits.yaml
[1.893s] -- Up-to-date: /home/autopilot/ws/restackcell/ws_moveit2/install/moveit_backend/share/moveit_backend/config/ur16e copy/physical_parameters.yaml
[1.893s] -- Up-to-date: /home/autopilot/ws/restackcell/ws_moveit2/install/moveit_backend/share/moveit_backend/config/joint_limits.yaml
[1.893s] -- Up-to-date: /home/autopilot/ws/restackcell/ws_moveit2/install/moveit_backend/share/moveit_backend/config/pilz_cartesian_limits.yaml
[1.893s] -- Up-to-date: /home/autopilot/ws/restackcell/ws_moveit2/install/moveit_backend/share/moveit_backend/config/pilz_industrial_motion_planner_planning.yaml
[1.893s] -- Up-to-date: /home/autopilot/ws/restackcell/ws_moveit2/install/moveit_backend/share/moveit_backend/config/physical_parameters.yaml
[1.893s] -- Up-to-date: /home/autopilot/ws/restackcell/ws_moveit2/install/moveit_backend/share/moveit_backend/meshes
[1.893s] -- Up-to-date: /home/autopilot/ws/restackcell/ws_moveit2/install/moveit_backend/share/moveit_backend/meshes/ur20
[1.894s] -- Up-to-date: /home/autopilot/ws/restackcell/ws_moveit2/install/moveit_backend/share/moveit_backend/meshes/ur20/collision
[1.894s] -- Up-to-date: /home/autopilot/ws/restackcell/ws_moveit2/install/moveit_backend/share/moveit_backend/meshes/ur20/collision/forearm.stl
[1.894s] -- Up-to-date: /home/autopilot/ws/restackcell/ws_moveit2/install/moveit_backend/share/moveit_backend/meshes/ur20/collision/base.stl
[1.894s] -- Up-to-date: /home/autopilot/ws/restackcell/ws_moveit2/install/moveit_backend/share/moveit_backend/meshes/ur20/collision/wrist2.stl
[1.894s] -- Up-to-date: /home/autopilot/ws/restackcell/ws_moveit2/install/moveit_backend/share/moveit_backend/meshes/ur20/collision/wrist3.stl
[1.894s] -- Up-to-date: /home/autopilot/ws/restackcell/ws_moveit2/install/moveit_backend/share/moveit_backend/meshes/ur20/collision/wrist1.stl
[1.894s] -- Up-to-date: /home/autopilot/ws/restackcell/ws_moveit2/install/moveit_backend/share/moveit_backend/meshes/ur20/collision/shoulder.stl
[1.894s] -- Up-to-date: /home/autopilot/ws/restackcell/ws_moveit2/install/moveit_backend/share/moveit_backend/meshes/ur20/collision/upperarm.stl
[1.894s] -- Up-to-date: /home/autopilot/ws/restackcell/ws_moveit2/install/moveit_backend/share/moveit_backend/meshes/ur20/LICENSE.txt
[1.894s] -- Up-to-date: /home/autopilot/ws/restackcell/ws_moveit2/install/moveit_backend/share/moveit_backend/meshes/ur20/visual
[1.895s] -- Up-to-date: /home/autopilot/ws/restackcell/ws_moveit2/install/moveit_backend/share/moveit_backend/meshes/ur20/visual/UR20_DIFF_8bit_2K.png
[1.895s] -- Up-to-date: /home/autopilot/ws/restackcell/ws_moveit2/install/moveit_backend/share/moveit_backend/meshes/ur20/visual/upperarm.dae
[1.895s] -- Up-to-date: /home/autopilot/ws/restackcell/ws_moveit2/install/moveit_backend/share/moveit_backend/meshes/ur20/visual/forearm.dae
[1.895s] -- Up-to-date: /home/autopilot/ws/restackcell/ws_moveit2/install/moveit_backend/share/moveit_backend/meshes/ur20/visual/shoulder.dae
[1.895s] -- Up-to-date: /home/autopilot/ws/restackcell/ws_moveit2/install/moveit_backend/share/moveit_backend/meshes/ur20/visual/wrist3.dae
[1.895s] -- Up-to-date: /home/autopilot/ws/restackcell/ws_moveit2/install/moveit_backend/share/moveit_backend/meshes/ur20/visual/wrist1.dae
[1.895s] -- Up-to-date: /home/autopilot/ws/restackcell/ws_moveit2/install/moveit_backend/share/moveit_backend/meshes/ur20/visual/wrist2.dae
[1.895s] -- Up-to-date: /home/autopilot/ws/restackcell/ws_moveit2/install/moveit_backend/share/moveit_backend/meshes/ur20/visual/base.dae
[1.895s] -- Up-to-date: /home/autopilot/ws/restackcell/ws_moveit2/install/moveit_backend/share/moveit_backend/meshes/ur5e
[1.895s] -- Up-to-date: /home/autopilot/ws/restackcell/ws_moveit2/install/moveit_backend/share/moveit_backend/meshes/ur5e/collision
[1.895s] -- Up-to-date: /home/autopilot/ws/restackcell/ws_moveit2/install/moveit_backend/share/moveit_backend/meshes/ur5e/collision/forearm.stl
[1.896s] -- Up-to-date: /home/autopilot/ws/restackcell/ws_moveit2/install/moveit_backend/share/moveit_backend/meshes/ur5e/collision/base.stl
[1.896s] -- Up-to-date: /home/autopilot/ws/restackcell/ws_moveit2/install/moveit_backend/share/moveit_backend/meshes/ur5e/collision/wrist2.stl
[1.896s] -- Up-to-date: /home/autopilot/ws/restackcell/ws_moveit2/install/moveit_backend/share/moveit_backend/meshes/ur5e/collision/wrist3.stl
[1.896s] -- Up-to-date: /home/autopilot/ws/restackcell/ws_moveit2/install/moveit_backend/share/moveit_backend/meshes/ur5e/collision/wrist1.stl
[1.897s] -- Up-to-date: /home/autopilot/ws/restackcell/ws_moveit2/install/moveit_backend/share/moveit_backend/meshes/ur5e/collision/shoulder.stl
[1.897s] -- Up-to-date: /home/autopilot/ws/restackcell/ws_moveit2/install/moveit_backend/share/moveit_backend/meshes/ur5e/collision/upperarm.stl
[1.897s] -- Up-to-date: /home/autopilot/ws/restackcell/ws_moveit2/install/moveit_backend/share/moveit_backend/meshes/ur5e/visual
[1.897s] -- Up-to-date: /home/autopilot/ws/restackcell/ws_moveit2/install/moveit_backend/share/moveit_backend/meshes/ur5e/visual/upperarm.dae
[1.897s] -- Up-to-date: /home/autopilot/ws/restackcell/ws_moveit2/install/moveit_backend/share/moveit_backend/meshes/ur5e/visual/forearm.dae
[1.897s] -- Up-to-date: /home/autopilot/ws/restackcell/ws_moveit2/install/moveit_backend/share/moveit_backend/meshes/ur5e/visual/shoulder.dae
[1.897s] -- Up-to-date: /home/autopilot/ws/restackcell/ws_moveit2/install/moveit_backend/share/moveit_backend/meshes/ur5e/visual/wrist3.dae
[1.897s] -- Up-to-date: /home/autopilot/ws/restackcell/ws_moveit2/install/moveit_backend/share/moveit_backend/meshes/ur5e/visual/wrist1.dae
[1.898s] -- Up-to-date: /home/autopilot/ws/restackcell/ws_moveit2/install/moveit_backend/share/moveit_backend/meshes/ur5e/visual/wrist2.dae
[1.898s] -- Up-to-date: /home/autopilot/ws/restackcell/ws_moveit2/install/moveit_backend/share/moveit_backend/meshes/ur5e/visual/base.dae
[1.898s] -- Up-to-date: /home/autopilot/ws/restackcell/ws_moveit2/install/moveit_backend/share/moveit_backend/meshes/ur3
[1.899s] -- Up-to-date: /home/autopilot/ws/restackcell/ws_moveit2/install/moveit_backend/share/moveit_backend/meshes/ur3/collision
[1.899s] -- Up-to-date: /home/autopilot/ws/restackcell/ws_moveit2/install/moveit_backend/share/moveit_backend/meshes/ur3/collision/forearm.stl
[1.899s] -- Up-to-date: /home/autopilot/ws/restackcell/ws_moveit2/install/moveit_backend/share/moveit_backend/meshes/ur3/collision/base.stl
[1.899s] -- Up-to-date: /home/autopilot/ws/restackcell/ws_moveit2/install/moveit_backend/share/moveit_backend/meshes/ur3/collision/wrist2.stl
[1.899s] -- Up-to-date: /home/autopilot/ws/restackcell/ws_moveit2/install/moveit_backend/share/moveit_backend/meshes/ur3/collision/wrist3.stl
[1.899s] -- Up-to-date: /home/autopilot/ws/restackcell/ws_moveit2/install/moveit_backend/share/moveit_backend/meshes/ur3/collision/wrist1.stl
[1.900s] -- Up-to-date: /home/autopilot/ws/restackcell/ws_moveit2/install/moveit_backend/share/moveit_backend/meshes/ur3/collision/shoulder.stl
[1.900s] -- Up-to-date: /home/autopilot/ws/restackcell/ws_moveit2/install/moveit_backend/share/moveit_backend/meshes/ur3/collision/upperarm.stl
[1.900s] -- Up-to-date: /home/autopilot/ws/restackcell/ws_moveit2/install/moveit_backend/share/moveit_backend/meshes/ur3/visual
[1.900s] -- Up-to-date: /home/autopilot/ws/restackcell/ws_moveit2/install/moveit_backend/share/moveit_backend/meshes/ur3/visual/upperarm.dae
[1.901s] -- Up-to-date: /home/autopilot/ws/restackcell/ws_moveit2/install/moveit_backend/share/moveit_backend/meshes/ur3/visual/forearm.dae
[1.901s] -- Up-to-date: /home/autopilot/ws/restackcell/ws_moveit2/install/moveit_backend/share/moveit_backend/meshes/ur3/visual/shoulder.dae
[1.901s] -- Up-to-date: /home/autopilot/ws/restackcell/ws_moveit2/install/moveit_backend/share/moveit_backend/meshes/ur3/visual/wrist3.dae
[1.901s] -- Up-to-date: /home/autopilot/ws/restackcell/ws_moveit2/install/moveit_backend/share/moveit_backend/meshes/ur3/visual/wrist1.dae
[1.901s] -- Up-to-date: /home/autopilot/ws/restackcell/ws_moveit2/install/moveit_backend/share/moveit_backend/meshes/ur3/visual/wrist2.dae
[1.901s] -- Up-to-date: /home/autopilot/ws/restackcell/ws_moveit2/install/moveit_backend/share/moveit_backend/meshes/ur3/visual/base.dae
[1.901s] -- Up-to-date: /home/autopilot/ws/restackcell/ws_moveit2/install/moveit_backend/share/moveit_backend/meshes/ur16e
[1.901s] -- Up-to-date: /home/autopilot/ws/restackcell/ws_moveit2/install/moveit_backend/share/moveit_backend/meshes/ur16e/collision
[1.902s] -- Up-to-date: /home/autopilot/ws/restackcell/ws_moveit2/install/moveit_backend/share/moveit_backend/meshes/ur16e/collision/forearm.stl
[1.902s] -- Up-to-date: /home/autopilot/ws/restackcell/ws_moveit2/install/moveit_backend/share/moveit_backend/meshes/ur16e/collision/upperarm.stl
[1.908s] -- Up-to-date: /home/autopilot/ws/restackcell/ws_moveit2/install/moveit_backend/share/moveit_backend/meshes/ur16e/visual
[1.909s] -- Up-to-date: /home/autopilot/ws/restackcell/ws_moveit2/install/moveit_backend/share/moveit_backend/meshes/ur16e/visual/upperarm.dae
[1.909s] -- Up-to-date: /home/autopilot/ws/restackcell/ws_moveit2/install/moveit_backend/share/moveit_backend/meshes/ur16e/visual/forearm.dae
[1.909s] -- Up-to-date: /home/autopilot/ws/restackcell/ws_moveit2/install/moveit_backend/share/moveit_backend/meshes/ur3e
[1.909s] -- Up-to-date: /home/autopilot/ws/restackcell/ws_moveit2/install/moveit_backend/share/moveit_backend/meshes/ur3e/collision
[1.909s] -- Up-to-date: /home/autopilot/ws/restackcell/ws_moveit2/install/moveit_backend/share/moveit_backend/meshes/ur3e/collision/forearm.stl
[1.909s] -- Up-to-date: /home/autopilot/ws/restackcell/ws_moveit2/install/moveit_backend/share/moveit_backend/meshes/ur3e/collision/base.stl
[1.910s] -- Up-to-date: /home/autopilot/ws/restackcell/ws_moveit2/install/moveit_backend/share/moveit_backend/meshes/ur3e/collision/wrist2.stl
[1.910s] -- Up-to-date: /home/autopilot/ws/restackcell/ws_moveit2/install/moveit_backend/share/moveit_backend/meshes/ur3e/collision/wrist3.stl
[1.910s] -- Up-to-date: /home/autopilot/ws/restackcell/ws_moveit2/install/moveit_backend/share/moveit_backend/meshes/ur3e/collision/wrist1.stl
[1.910s] -- Up-to-date: /home/autopilot/ws/restackcell/ws_moveit2/install/moveit_backend/share/moveit_backend/meshes/ur3e/collision/shoulder.stl
[1.910s] -- Up-to-date: /home/autopilot/ws/restackcell/ws_moveit2/install/moveit_backend/share/moveit_backend/meshes/ur3e/collision/upperarm.stl
[1.910s] -- Up-to-date: /home/autopilot/ws/restackcell/ws_moveit2/install/moveit_backend/share/moveit_backend/meshes/ur3e/visual
[1.913s] -- Up-to-date: /home/autopilot/ws/restackcell/ws_moveit2/install/moveit_backend/share/moveit_backend/meshes/ur3e/visual/upperarm.dae
[1.931s] -- Up-to-date: /home/autopilot/ws/restackcell/ws_moveit2/install/moveit_backend/share/moveit_backend/meshes/ur3e/visual/forearm.dae
[1.931s] -- Up-to-date: /home/autopilot/ws/restackcell/ws_moveit2/install/moveit_backend/share/moveit_backend/meshes/ur3e/visual/shoulder.dae
[1.931s] -- Up-to-date: /home/autopilot/ws/restackcell/ws_moveit2/install/moveit_backend/share/moveit_backend/meshes/ur3e/visual/wrist3.dae
[1.931s] -- Up-to-date: /home/autopilot/ws/restackcell/ws_moveit2/install/moveit_backend/share/moveit_backend/meshes/ur3e/visual/wrist1.dae
[1.932s] -- Up-to-date: /home/autopilot/ws/restackcell/ws_moveit2/install/moveit_backend/share/moveit_backend/meshes/ur3e/visual/wrist2.dae
[1.932s] -- Up-to-date: /home/autopilot/ws/restackcell/ws_moveit2/install/moveit_backend/share/moveit_backend/meshes/ur3e/visual/base.dae
[1.932s] -- Up-to-date: /home/autopilot/ws/restackcell/ws_moveit2/install/moveit_backend/share/moveit_backend/meshes/ur30
[1.932s] -- Up-to-date: /home/autopilot/ws/restackcell/ws_moveit2/install/moveit_backend/share/moveit_backend/meshes/ur30/collision
[1.933s] -- Up-to-date: /home/autopilot/ws/restackcell/ws_moveit2/install/moveit_backend/share/moveit_backend/meshes/ur30/collision/forearm.stl
[1.933s] -- Up-to-date: /home/autopilot/ws/restackcell/ws_moveit2/install/moveit_backend/share/moveit_backend/meshes/ur30/collision/upperarm.stl
[1.933s] -- Up-to-date: /home/autopilot/ws/restackcell/ws_moveit2/install/moveit_backend/share/moveit_backend/meshes/ur30/LICENSE.txt
[1.933s] -- Up-to-date: /home/autopilot/ws/restackcell/ws_moveit2/install/moveit_backend/share/moveit_backend/meshes/ur30/visual
[1.934s] -- Up-to-date: /home/autopilot/ws/restackcell/ws_moveit2/install/moveit_backend/share/moveit_backend/meshes/ur30/visual/upperarm.dae
[1.936s] -- Up-to-date: /home/autopilot/ws/restackcell/ws_moveit2/install/moveit_backend/share/moveit_backend/meshes/ur30/visual/forearm.dae
[1.936s] -- Up-to-date: /home/autopilot/ws/restackcell/ws_moveit2/install/moveit_backend/share/moveit_backend/meshes/ur30/visual/UR30_DIFF_8bit_2K.png
[1.936s] -- Up-to-date: /home/autopilot/ws/restackcell/ws_moveit2/install/moveit_backend/share/moveit_backend/meshes/ur10e
[1.937s] -- Up-to-date: /home/autopilot/ws/restackcell/ws_moveit2/install/moveit_backend/share/moveit_backend/meshes/ur10e/collision
[1.937s] -- Up-to-date: /home/autopilot/ws/restackcell/ws_moveit2/install/moveit_backend/share/moveit_backend/meshes/ur10e/collision/forearm.stl
[1.937s] -- Up-to-date: /home/autopilot/ws/restackcell/ws_moveit2/install/moveit_backend/share/moveit_backend/meshes/ur10e/collision/base.stl
[1.937s] -- Up-to-date: /home/autopilot/ws/restackcell/ws_moveit2/install/moveit_backend/share/moveit_backend/meshes/ur10e/collision/wrist2.stl
[1.940s] -- Up-to-date: /home/autopilot/ws/restackcell/ws_moveit2/install/moveit_backend/share/moveit_backend/meshes/ur10e/collision/wrist3.stl
[1.940s] -- Up-to-date: /home/autopilot/ws/restackcell/ws_moveit2/install/moveit_backend/share/moveit_backend/meshes/ur10e/collision/wrist1.stl
[1.941s] -- Up-to-date: /home/autopilot/ws/restackcell/ws_moveit2/install/moveit_backend/share/moveit_backend/meshes/ur10e/collision/shoulder.stl
[1.941s] -- Up-to-date: /home/autopilot/ws/restackcell/ws_moveit2/install/moveit_backend/share/moveit_backend/meshes/ur10e/collision/upperarm.stl
[1.944s] -- Up-to-date: /home/autopilot/ws/restackcell/ws_moveit2/install/moveit_backend/share/moveit_backend/meshes/ur10e/visual
[1.944s] -- Up-to-date: /home/autopilot/ws/restackcell/ws_moveit2/install/moveit_backend/share/moveit_backend/meshes/ur10e/visual/upperarm.dae
[1.945s] -- Up-to-date: /home/autopilot/ws/restackcell/ws_moveit2/install/moveit_backend/share/moveit_backend/meshes/ur10e/visual/forearm.dae
[1.945s] -- Up-to-date: /home/autopilot/ws/restackcell/ws_moveit2/install/moveit_backend/share/moveit_backend/meshes/ur10e/visual/shoulder.dae
[1.945s] -- Up-to-date: /home/autopilot/ws/restackcell/ws_moveit2/install/moveit_backend/share/moveit_backend/meshes/ur10e/visual/wrist3.dae
[1.945s] -- Up-to-date: /home/autopilot/ws/restackcell/ws_moveit2/install/moveit_backend/share/moveit_backend/meshes/ur10e/visual/wrist1.dae
[1.945s] -- Up-to-date: /home/autopilot/ws/restackcell/ws_moveit2/install/moveit_backend/share/moveit_backend/meshes/ur10e/visual/wrist2.dae
[1.945s] -- Up-to-date: /home/autopilot/ws/restackcell/ws_moveit2/install/moveit_backend/share/moveit_backend/meshes/ur10e/visual/base.dae
[1.946s] -- Up-to-date: /home/autopilot/ws/restackcell/ws_moveit2/install/moveit_backend/share/moveit_backend/meshes/ur10
[1.946s] -- Up-to-date: /home/autopilot/ws/restackcell/ws_moveit2/install/moveit_backend/share/moveit_backend/meshes/ur10/collision
[1.946s] -- Up-to-date: /home/autopilot/ws/restackcell/ws_moveit2/install/moveit_backend/share/moveit_backend/meshes/ur10/collision/forearm.stl
[1.946s] -- Up-to-date: /home/autopilot/ws/restackcell/ws_moveit2/install/moveit_backend/share/moveit_backend/meshes/ur10/collision/base.stl
[1.946s] -- Up-to-date: /home/autopilot/ws/restackcell/ws_moveit2/install/moveit_backend/share/moveit_backend/meshes/ur10/collision/wrist2.stl
[1.946s] -- Up-to-date: /home/autopilot/ws/restackcell/ws_moveit2/install/moveit_backend/share/moveit_backend/meshes/ur10/collision/wrist3.stl
[1.946s] -- Up-to-date: /home/autopilot/ws/restackcell/ws_moveit2/install/moveit_backend/share/moveit_backend/meshes/ur10/collision/wrist1.stl
[1.946s] -- Up-to-date: /home/autopilot/ws/restackcell/ws_moveit2/install/moveit_backend/share/moveit_backend/meshes/ur10/collision/shoulder.stl
[1.947s] -- Up-to-date: /home/autopilot/ws/restackcell/ws_moveit2/install/moveit_backend/share/moveit_backend/meshes/ur10/collision/upperarm.stl
[1.947s] -- Up-to-date: /home/autopilot/ws/restackcell/ws_moveit2/install/moveit_backend/share/moveit_backend/meshes/ur10/visual
[1.947s] -- Up-to-date: /home/autopilot/ws/restackcell/ws_moveit2/install/moveit_backend/share/moveit_backend/meshes/ur10/visual/upperarm.dae
[1.947s] -- Up-to-date: /home/autopilot/ws/restackcell/ws_moveit2/install/moveit_backend/share/moveit_backend/meshes/ur10/visual/forearm.dae
[1.947s] -- Up-to-date: /home/autopilot/ws/restackcell/ws_moveit2/install/moveit_backend/share/moveit_backend/meshes/ur10/visual/shoulder.dae
[1.947s] -- Up-to-date: /home/autopilot/ws/restackcell/ws_moveit2/install/moveit_backend/share/moveit_backend/meshes/ur10/visual/wrist3.dae
[1.947s] -- Up-to-date: /home/autopilot/ws/restackcell/ws_moveit2/install/moveit_backend/share/moveit_backend/meshes/ur10/visual/wrist1.dae
[1.947s] -- Up-to-date: /home/autopilot/ws/restackcell/ws_moveit2/install/moveit_backend/share/moveit_backend/meshes/ur10/visual/wrist2.dae
[1.947s] -- Up-to-date: /home/autopilot/ws/restackcell/ws_moveit2/install/moveit_backend/share/moveit_backend/meshes/ur10/visual/base.dae
[1.947s] -- Up-to-date: /home/autopilot/ws/restackcell/ws_moveit2/install/moveit_backend/share/moveit_backend/meshes/ur5
[1.971s] -- Up-to-date: /home/autopilot/ws/restackcell/ws_moveit2/install/moveit_backend/share/moveit_backend/meshes/ur5/collision
[1.971s] -- Up-to-date: /home/autopilot/ws/restackcell/ws_moveit2/install/moveit_backend/share/moveit_backend/meshes/ur5/collision/forearm.stl
[1.971s] -- Up-to-date: /home/autopilot/ws/restackcell/ws_moveit2/install/moveit_backend/share/moveit_backend/meshes/ur5/collision/base.stl
[1.972s] -- Up-to-date: /home/autopilot/ws/restackcell/ws_moveit2/install/moveit_backend/share/moveit_backend/meshes/ur5/collision/wrist2.stl
[1.972s] -- Up-to-date: /home/autopilot/ws/restackcell/ws_moveit2/install/moveit_backend/share/moveit_backend/meshes/ur5/collision/wrist3.stl
[1.972s] -- Up-to-date: /home/autopilot/ws/restackcell/ws_moveit2/install/moveit_backend/share/moveit_backend/meshes/ur5/collision/wrist1.stl
[1.972s] -- Up-to-date: /home/autopilot/ws/restackcell/ws_moveit2/install/moveit_backend/share/moveit_backend/meshes/ur5/collision/shoulder.stl
[1.972s] -- Up-to-date: /home/autopilot/ws/restackcell/ws_moveit2/install/moveit_backend/share/moveit_backend/meshes/ur5/collision/upperarm.stl
[1.972s] -- Up-to-date: /home/autopilot/ws/restackcell/ws_moveit2/install/moveit_backend/share/moveit_backend/meshes/ur5/visual
[1.972s] -- Up-to-date: /home/autopilot/ws/restackcell/ws_moveit2/install/moveit_backend/share/moveit_backend/meshes/ur5/visual/upperarm.dae
[1.972s] -- Up-to-date: /home/autopilot/ws/restackcell/ws_moveit2/install/moveit_backend/share/moveit_backend/meshes/ur5/visual/forearm.dae
[1.973s] -- Up-to-date: /home/autopilot/ws/restackcell/ws_moveit2/install/moveit_backend/share/moveit_backend/meshes/ur5/visual/shoulder.dae
[1.973s] -- Up-to-date: /home/autopilot/ws/restackcell/ws_moveit2/install/moveit_backend/share/moveit_backend/meshes/ur5/visual/wrist3.dae
[1.973s] -- Up-to-date: /home/autopilot/ws/restackcell/ws_moveit2/install/moveit_backend/share/moveit_backend/meshes/ur5/visual/wrist1.dae
[1.973s] -- Up-to-date: /home/autopilot/ws/restackcell/ws_moveit2/install/moveit_backend/share/moveit_backend/meshes/ur5/visual/wrist2.dae
[1.973s] -- Up-to-date: /home/autopilot/ws/restackcell/ws_moveit2/install/moveit_backend/share/moveit_backend/meshes/ur5/visual/base.dae
[1.974s] -- Up-to-date: /home/autopilot/ws/restackcell/ws_moveit2/install/moveit_backend/share/moveit_backend/urdf
[1.974s] -- Up-to-date: /home/autopilot/ws/restackcell/ws_moveit2/install/moveit_backend/share/moveit_backend/urdf/ur.ros2_control.xacro
[1.974s] -- Up-to-date: /home/autopilot/ws/restackcell/ws_moveit2/install/moveit_backend/share/moveit_backend/urdf/ur.urdf.xacro
[1.974s] -- Up-to-date: /home/autopilot/ws/restackcell/ws_moveit2/install/moveit_backend/share/moveit_backend/urdf/inc
[1.974s] -- Up-to-date: /home/autopilot/ws/restackcell/ws_moveit2/install/moveit_backend/share/moveit_backend/urdf/inc/ur_transmissions.xacro
[1.974s] -- Up-to-date: /home/autopilot/ws/restackcell/ws_moveit2/install/moveit_backend/share/moveit_backend/urdf/inc/ur_common.xacro
[1.974s] -- Up-to-date: /home/autopilot/ws/restackcell/ws_moveit2/install/moveit_backend/share/moveit_backend/urdf/ur_macro.xacro
[1.974s] -- Up-to-date: /home/autopilot/ws/restackcell/ws_moveit2/install/moveit_backend/install/moveit_backend/config
[1.975s] -- Up-to-date: /home/autopilot/ws/restackcell/ws_moveit2/install/moveit_backend/install/moveit_backend/config/visual_parameters.yaml
[1.975s] -- Up-to-date: /home/autopilot/ws/restackcell/ws_moveit2/install/moveit_backend/install/moveit_backend/config/default_kinematics.yaml
[1.975s] -- Up-to-date: /home/autopilot/ws/restackcell/ws_moveit2/install/moveit_backend/install/moveit_backend/config/ur16e copy
[1.975s] -- Up-to-date: /home/autopilot/ws/restackcell/ws_moveit2/install/moveit_backend/install/moveit_backend/config/ur16e copy/visual_parameters.yaml
[1.975s] -- Up-to-date: /home/autopilot/ws/restackcell/ws_moveit2/install/moveit_backend/install/moveit_backend/config/ur16e copy/default_kinematics.yaml
[1.975s] -- Up-to-date: /home/autopilot/ws/restackcell/ws_moveit2/install/moveit_backend/install/moveit_backend/config/ur16e copy/joint_limits.yaml
[1.975s] -- Up-to-date: /home/autopilot/ws/restackcell/ws_moveit2/install/moveit_backend/install/moveit_backend/config/ur16e copy/physical_parameters.yaml
[1.975s] -- Up-to-date: /home/autopilot/ws/restackcell/ws_moveit2/install/moveit_backend/install/moveit_backend/config/joint_limits.yaml
[1.976s] -- Up-to-date: /home/autopilot/ws/restackcell/ws_moveit2/install/moveit_backend/install/moveit_backend/config/pilz_cartesian_limits.yaml
[1.976s] -- Up-to-date: /home/autopilot/ws/restackcell/ws_moveit2/install/moveit_backend/install/moveit_backend/config/pilz_industrial_motion_planner_planning.yaml
[1.976s] -- Up-to-date: /home/autopilot/ws/restackcell/ws_moveit2/install/moveit_backend/install/moveit_backend/config/physical_parameters.yaml
[1.989s] -- Up-to-date: /home/autopilot/ws/restackcell/ws_moveit2/install/moveit_backend/install/moveit_backend/meshes
[1.989s] -- Up-to-date: /home/autopilot/ws/restackcell/ws_moveit2/install/moveit_backend/install/moveit_backend/meshes/ur20
[1.989s] -- Up-to-date: /home/autopilot/ws/restackcell/ws_moveit2/install/moveit_backend/install/moveit_backend/meshes/ur20/collision
[1.989s] -- Up-to-date: /home/autopilot/ws/restackcell/ws_moveit2/install/moveit_backend/install/moveit_backend/meshes/ur20/collision/forearm.stl
[1.989s] -- Up-to-date: /home/autopilot/ws/restackcell/ws_moveit2/install/moveit_backend/install/moveit_backend/meshes/ur20/collision/base.stl
[1.990s] -- Up-to-date: /home/autopilot/ws/restackcell/ws_moveit2/install/moveit_backend/install/moveit_backend/meshes/ur20/collision/wrist2.stl
[1.990s] -- Up-to-date: /home/autopilot/ws/restackcell/ws_moveit2/install/moveit_backend/install/moveit_backend/meshes/ur20/collision/wrist3.stl
[1.990s] -- Up-to-date: /home/autopilot/ws/restackcell/ws_moveit2/install/moveit_backend/install/moveit_backend/meshes/ur20/collision/wrist1.stl
[1.990s] -- Up-to-date: /home/autopilot/ws/restackcell/ws_moveit2/install/moveit_backend/install/moveit_backend/meshes/ur20/collision/shoulder.stl
[1.990s] -- Up-to-date: /home/autopilot/ws/restackcell/ws_moveit2/install/moveit_backend/install/moveit_backend/meshes/ur20/collision/upperarm.stl
[1.990s] -- Up-to-date: /home/autopilot/ws/restackcell/ws_moveit2/install/moveit_backend/install/moveit_backend/meshes/ur20/LICENSE.txt
[1.990s] -- Up-to-date: /home/autopilot/ws/restackcell/ws_moveit2/install/moveit_backend/install/moveit_backend/meshes/ur20/visual
[1.990s] -- Up-to-date: /home/autopilot/ws/restackcell/ws_moveit2/install/moveit_backend/install/moveit_backend/meshes/ur20/visual/UR20_DIFF_8bit_2K.png
[1.991s] -- Up-to-date: /home/autopilot/ws/restackcell/ws_moveit2/install/moveit_backend/install/moveit_backend/meshes/ur20/visual/upperarm.dae
[1.991s] -- Up-to-date: /home/autopilot/ws/restackcell/ws_moveit2/install/moveit_backend/install/moveit_backend/meshes/ur20/visual/forearm.dae
[1.991s] -- Up-to-date: /home/autopilot/ws/restackcell/ws_moveit2/install/moveit_backend/install/moveit_backend/meshes/ur20/visual/shoulder.dae
[1.991s] -- Up-to-date: /home/autopilot/ws/restackcell/ws_moveit2/install/moveit_backend/install/moveit_backend/meshes/ur20/visual/wrist3.dae
[1.991s] -- Up-to-date: /home/autopilot/ws/restackcell/ws_moveit2/install/moveit_backend/install/moveit_backend/meshes/ur20/visual/wrist1.dae
[1.991s] -- Up-to-date: /home/autopilot/ws/restackcell/ws_moveit2/install/moveit_backend/install/moveit_backend/meshes/ur20/visual/wrist2.dae
[1.991s] -- Up-to-date: /home/autopilot/ws/restackcell/ws_moveit2/install/moveit_backend/install/moveit_backend/meshes/ur20/visual/base.dae
[1.991s] -- Up-to-date: /home/autopilot/ws/restackcell/ws_moveit2/install/moveit_backend/install/moveit_backend/meshes/ur5e
[1.991s] -- Up-to-date: /home/autopilot/ws/restackcell/ws_moveit2/install/moveit_backend/install/moveit_backend/meshes/ur5e/collision
[1.992s] -- Up-to-date: /home/autopilot/ws/restackcell/ws_moveit2/install/moveit_backend/install/moveit_backend/meshes/ur5e/collision/forearm.stl
[1.992s] -- Up-to-date: /home/autopilot/ws/restackcell/ws_moveit2/install/moveit_backend/install/moveit_backend/meshes/ur5e/collision/base.stl
[1.992s] -- Up-to-date: /home/autopilot/ws/restackcell/ws_moveit2/install/moveit_backend/install/moveit_backend/meshes/ur5e/collision/wrist2.stl
[1.992s] -- Up-to-date: /home/autopilot/ws/restackcell/ws_moveit2/install/moveit_backend/install/moveit_backend/meshes/ur5e/collision/wrist3.stl
[1.992s] -- Up-to-date: /home/autopilot/ws/restackcell/ws_moveit2/install/moveit_backend/install/moveit_backend/meshes/ur5e/collision/wrist1.stl
[1.992s] -- Up-to-date: /home/autopilot/ws/restackcell/ws_moveit2/install/moveit_backend/install/moveit_backend/meshes/ur5e/collision/shoulder.stl
[1.992s] -- Up-to-date: /home/autopilot/ws/restackcell/ws_moveit2/install/moveit_backend/install/moveit_backend/meshes/ur5e/collision/upperarm.stl
[1.992s] -- Up-to-date: /home/autopilot/ws/restackcell/ws_moveit2/install/moveit_backend/install/moveit_backend/meshes/ur5e/visual
[1.993s] -- Up-to-date: /home/autopilot/ws/restackcell/ws_moveit2/install/moveit_backend/install/moveit_backend/meshes/ur5e/visual/upperarm.dae
[1.993s] -- Up-to-date: /home/autopilot/ws/restackcell/ws_moveit2/install/moveit_backend/install/moveit_backend/meshes/ur5e/visual/forearm.dae
[1.993s] -- Up-to-date: /home/autopilot/ws/restackcell/ws_moveit2/install/moveit_backend/install/moveit_backend/meshes/ur5e/visual/shoulder.dae
[1.993s] -- Up-to-date: /home/autopilot/ws/restackcell/ws_moveit2/install/moveit_backend/install/moveit_backend/meshes/ur5e/visual/wrist3.dae
[1.993s] -- Up-to-date: /home/autopilot/ws/restackcell/ws_moveit2/install/moveit_backend/install/moveit_backend/meshes/ur5e/visual/wrist1.dae
[1.993s] -- Up-to-date: /home/autopilot/ws/restackcell/ws_moveit2/install/moveit_backend/install/moveit_backend/meshes/ur5e/visual/wrist2.dae
[1.993s] -- Up-to-date: /home/autopilot/ws/restackcell/ws_moveit2/install/moveit_backend/install/moveit_backend/meshes/ur5e/visual/base.dae
[1.993s] -- Up-to-date: /home/autopilot/ws/restackcell/ws_moveit2/install/moveit_backend/install/moveit_backend/meshes/ur3
[1.994s] -- Up-to-date: /home/autopilot/ws/restackcell/ws_moveit2/install/moveit_backend/install/moveit_backend/meshes/ur3/collision
[1.994s] -- Up-to-date: /home/autopilot/ws/restackcell/ws_moveit2/install/moveit_backend/install/moveit_backend/meshes/ur3/collision/forearm.stl
[1.994s] -- Up-to-date: /home/autopilot/ws/restackcell/ws_moveit2/install/moveit_backend/install/moveit_backend/meshes/ur3/collision/base.stl
[1.994s] -- Up-to-date: /home/autopilot/ws/restackcell/ws_moveit2/install/moveit_backend/install/moveit_backend/meshes/ur3/collision/wrist2.stl
[1.995s] -- Up-to-date: /home/autopilot/ws/restackcell/ws_moveit2/install/moveit_backend/install/moveit_backend/meshes/ur3/collision/wrist3.stl
[1.995s] -- Up-to-date: /home/autopilot/ws/restackcell/ws_moveit2/install/moveit_backend/install/moveit_backend/meshes/ur3/collision/wrist1.stl
[1.995s] -- Up-to-date: /home/autopilot/ws/restackcell/ws_moveit2/install/moveit_backend/install/moveit_backend/meshes/ur3/collision/shoulder.stl
[1.995s] -- Up-to-date: /home/autopilot/ws/restackcell/ws_moveit2/install/moveit_backend/install/moveit_backend/meshes/ur3/collision/upperarm.stl
[1.996s] -- Up-to-date: /home/autopilot/ws/restackcell/ws_moveit2/install/moveit_backend/install/moveit_backend/meshes/ur3/visual
[1.996s] -- Up-to-date: /home/autopilot/ws/restackcell/ws_moveit2/install/moveit_backend/install/moveit_backend/meshes/ur3/visual/upperarm.dae
[1.996s] -- Up-to-date: /home/autopilot/ws/restackcell/ws_moveit2/install/moveit_backend/install/moveit_backend/meshes/ur3/visual/forearm.dae
[1.996s] -- Up-to-date: /home/autopilot/ws/restackcell/ws_moveit2/install/moveit_backend/install/moveit_backend/meshes/ur3/visual/shoulder.dae
[1.997s] -- Up-to-date: /home/autopilot/ws/restackcell/ws_moveit2/install/moveit_backend/install/moveit_backend/meshes/ur3/visual/wrist3.dae
[1.997s] -- Up-to-date: /home/autopilot/ws/restackcell/ws_moveit2/install/moveit_backend/install/moveit_backend/meshes/ur3/visual/wrist1.dae
[1.997s] -- Up-to-date: /home/autopilot/ws/restackcell/ws_moveit2/install/moveit_backend/install/moveit_backend/meshes/ur3/visual/wrist2.dae
[1.997s] -- Up-to-date: /home/autopilot/ws/restackcell/ws_moveit2/install/moveit_backend/install/moveit_backend/meshes/ur3/visual/base.dae
[1.998s] -- Up-to-date: /home/autopilot/ws/restackcell/ws_moveit2/install/moveit_backend/install/moveit_backend/meshes/ur16e
[1.998s] -- Up-to-date: /home/autopilot/ws/restackcell/ws_moveit2/install/moveit_backend/install/moveit_backend/meshes/ur16e/collision
[1.998s] -- Up-to-date: /home/autopilot/ws/restackcell/ws_moveit2/install/moveit_backend/install/moveit_backend/meshes/ur16e/collision/forearm.stl
[2.018s] -- Up-to-date: /home/autopilot/ws/restackcell/ws_moveit2/install/moveit_backend/install/moveit_backend/meshes/ur16e/collision/upperarm.stl
[2.018s] -- Up-to-date: /home/autopilot/ws/restackcell/ws_moveit2/install/moveit_backend/install/moveit_backend/meshes/ur16e/visual
[2.018s] -- Up-to-date: /home/autopilot/ws/restackcell/ws_moveit2/install/moveit_backend/install/moveit_backend/meshes/ur16e/visual/upperarm.dae
[2.019s] -- Up-to-date: /home/autopilot/ws/restackcell/ws_moveit2/install/moveit_backend/install/moveit_backend/meshes/ur16e/visual/forearm.dae
[2.019s] -- Up-to-date: /home/autopilot/ws/restackcell/ws_moveit2/install/moveit_backend/install/moveit_backend/meshes/ur3e
[2.019s] -- Up-to-date: /home/autopilot/ws/restackcell/ws_moveit2/install/moveit_backend/install/moveit_backend/meshes/ur3e/collision
[2.019s] -- Up-to-date: /home/autopilot/ws/restackcell/ws_moveit2/install/moveit_backend/install/moveit_backend/meshes/ur3e/collision/forearm.stl
[2.019s] -- Up-to-date: /home/autopilot/ws/restackcell/ws_moveit2/install/moveit_backend/install/moveit_backend/meshes/ur3e/collision/base.stl
[2.019s] -- Up-to-date: /home/autopilot/ws/restackcell/ws_moveit2/install/moveit_backend/install/moveit_backend/meshes/ur3e/collision/wrist2.stl
[2.019s] -- Up-to-date: /home/autopilot/ws/restackcell/ws_moveit2/install/moveit_backend/install/moveit_backend/meshes/ur3e/collision/wrist3.stl
[2.019s] -- Up-to-date: /home/autopilot/ws/restackcell/ws_moveit2/install/moveit_backend/install/moveit_backend/meshes/ur3e/collision/wrist1.stl
[2.019s] -- Up-to-date: /home/autopilot/ws/restackcell/ws_moveit2/install/moveit_backend/install/moveit_backend/meshes/ur3e/collision/shoulder.stl
[2.019s] -- Up-to-date: /home/autopilot/ws/restackcell/ws_moveit2/install/moveit_backend/install/moveit_backend/meshes/ur3e/collision/upperarm.stl
[2.020s] -- Up-to-date: /home/autopilot/ws/restackcell/ws_moveit2/install/moveit_backend/install/moveit_backend/meshes/ur3e/visual
[2.020s] -- Up-to-date: /home/autopilot/ws/restackcell/ws_moveit2/install/moveit_backend/install/moveit_backend/meshes/ur3e/visual/upperarm.dae
[2.020s] -- Up-to-date: /home/autopilot/ws/restackcell/ws_moveit2/install/moveit_backend/install/moveit_backend/meshes/ur3e/visual/forearm.dae
[2.020s] -- Up-to-date: /home/autopilot/ws/restackcell/ws_moveit2/install/moveit_backend/install/moveit_backend/meshes/ur3e/visual/shoulder.dae
[2.020s] -- Up-to-date: /home/autopilot/ws/restackcell/ws_moveit2/install/moveit_backend/install/moveit_backend/meshes/ur3e/visual/wrist3.dae
[2.020s] -- Up-to-date: /home/autopilot/ws/restackcell/ws_moveit2/install/moveit_backend/install/moveit_backend/meshes/ur3e/visual/wrist1.dae
[2.020s] -- Up-to-date: /home/autopilot/ws/restackcell/ws_moveit2/install/moveit_backend/install/moveit_backend/meshes/ur3e/visual/wrist2.dae
[2.020s] -- Up-to-date: /home/autopilot/ws/restackcell/ws_moveit2/install/moveit_backend/install/moveit_backend/meshes/ur3e/visual/base.dae
[2.020s] -- Up-to-date: /home/autopilot/ws/restackcell/ws_moveit2/install/moveit_backend/install/moveit_backend/meshes/ur30
[2.020s] -- Up-to-date: /home/autopilot/ws/restackcell/ws_moveit2/install/moveit_backend/install/moveit_backend/meshes/ur30/collision
[2.021s] -- Up-to-date: /home/autopilot/ws/restackcell/ws_moveit2/install/moveit_backend/install/moveit_backend/meshes/ur30/collision/forearm.stl
[2.021s] -- Up-to-date: /home/autopilot/ws/restackcell/ws_moveit2/install/moveit_backend/install/moveit_backend/meshes/ur30/collision/upperarm.stl
[2.021s] -- Up-to-date: /home/autopilot/ws/restackcell/ws_moveit2/install/moveit_backend/install/moveit_backend/meshes/ur30/LICENSE.txt
[2.021s] -- Up-to-date: /home/autopilot/ws/restackcell/ws_moveit2/install/moveit_backend/install/moveit_backend/meshes/ur30/visual
[2.021s] -- Up-to-date: /home/autopilot/ws/restackcell/ws_moveit2/install/moveit_backend/install/moveit_backend/meshes/ur30/visual/upperarm.dae
[2.021s] -- Up-to-date: /home/autopilot/ws/restackcell/ws_moveit2/install/moveit_backend/install/moveit_backend/meshes/ur30/visual/forearm.dae
[2.021s] -- Up-to-date: /home/autopilot/ws/restackcell/ws_moveit2/install/moveit_backend/install/moveit_backend/meshes/ur30/visual/UR30_DIFF_8bit_2K.png
[2.021s] -- Up-to-date: /home/autopilot/ws/restackcell/ws_moveit2/install/moveit_backend/install/moveit_backend/meshes/ur10e
[2.021s] -- Up-to-date: /home/autopilot/ws/restackcell/ws_moveit2/install/moveit_backend/install/moveit_backend/meshes/ur10e/collision
[2.021s] -- Up-to-date: /home/autopilot/ws/restackcell/ws_moveit2/install/moveit_backend/install/moveit_backend/meshes/ur10e/collision/forearm.stl
[2.021s] -- Up-to-date: /home/autopilot/ws/restackcell/ws_moveit2/install/moveit_backend/install/moveit_backend/meshes/ur10e/collision/base.stl
[2.022s] -- Up-to-date: /home/autopilot/ws/restackcell/ws_moveit2/install/moveit_backend/install/moveit_backend/meshes/ur10e/collision/wrist2.stl
[2.022s] -- Up-to-date: /home/autopilot/ws/restackcell/ws_moveit2/install/moveit_backend/install/moveit_backend/meshes/ur10e/collision/wrist3.stl
[2.022s] -- Up-to-date: /home/autopilot/ws/restackcell/ws_moveit2/install/moveit_backend/install/moveit_backend/meshes/ur10e/collision/wrist1.stl
[2.022s] -- Up-to-date: /home/autopilot/ws/restackcell/ws_moveit2/install/moveit_backend/install/moveit_backend/meshes/ur10e/collision/shoulder.stl
[2.022s] -- Up-to-date: /home/autopilot/ws/restackcell/ws_moveit2/install/moveit_backend/install/moveit_backend/meshes/ur10e/collision/upperarm.stl
[2.022s] -- Up-to-date: /home/autopilot/ws/restackcell/ws_moveit2/install/moveit_backend/install/moveit_backend/meshes/ur10e/visual
[2.022s] -- Up-to-date: /home/autopilot/ws/restackcell/ws_moveit2/install/moveit_backend/install/moveit_backend/meshes/ur10e/visual/upperarm.dae
[2.022s] -- Up-to-date: /home/autopilot/ws/restackcell/ws_moveit2/install/moveit_backend/install/moveit_backend/meshes/ur10e/visual/forearm.dae
[2.022s] -- Up-to-date: /home/autopilot/ws/restackcell/ws_moveit2/install/moveit_backend/install/moveit_backend/meshes/ur10e/visual/shoulder.dae
[2.022s] -- Up-to-date: /home/autopilot/ws/restackcell/ws_moveit2/install/moveit_backend/install/moveit_backend/meshes/ur10e/visual/wrist3.dae
[2.023s] -- Up-to-date: /home/autopilot/ws/restackcell/ws_moveit2/install/moveit_backend/install/moveit_backend/meshes/ur10e/visual/wrist1.dae
[2.023s] -- Up-to-date: /home/autopilot/ws/restackcell/ws_moveit2/install/moveit_backend/install/moveit_backend/meshes/ur10e/visual/wrist2.dae
[2.023s] -- Up-to-date: /home/autopilot/ws/restackcell/ws_moveit2/install/moveit_backend/install/moveit_backend/meshes/ur10e/visual/base.dae
[2.023s] -- Up-to-date: /home/autopilot/ws/restackcell/ws_moveit2/install/moveit_backend/install/moveit_backend/meshes/ur10
[2.023s] -- Up-to-date: /home/autopilot/ws/restackcell/ws_moveit2/install/moveit_backend/install/moveit_backend/meshes/ur10/collision
[2.023s] -- Up-to-date: /home/autopilot/ws/restackcell/ws_moveit2/install/moveit_backend/install/moveit_backend/meshes/ur10/collision/forearm.stl
[2.023s] -- Up-to-date: /home/autopilot/ws/restackcell/ws_moveit2/install/moveit_backend/install/moveit_backend/meshes/ur10/collision/base.stl
[2.023s] -- Up-to-date: /home/autopilot/ws/restackcell/ws_moveit2/install/moveit_backend/install/moveit_backend/meshes/ur10/collision/wrist2.stl
[2.023s] -- Up-to-date: /home/autopilot/ws/restackcell/ws_moveit2/install/moveit_backend/install/moveit_backend/meshes/ur10/collision/wrist3.stl
[2.023s] -- Up-to-date: /home/autopilot/ws/restackcell/ws_moveit2/install/moveit_backend/install/moveit_backend/meshes/ur10/collision/wrist1.stl
[2.023s] -- Up-to-date: /home/autopilot/ws/restackcell/ws_moveit2/install/moveit_backend/install/moveit_backend/meshes/ur10/collision/shoulder.stl
[2.024s] -- Up-to-date: /home/autopilot/ws/restackcell/ws_moveit2/install/moveit_backend/install/moveit_backend/meshes/ur10/collision/upperarm.stl
[2.024s] -- Up-to-date: /home/autopilot/ws/restackcell/ws_moveit2/install/moveit_backend/install/moveit_backend/meshes/ur10/visual
[2.024s] -- Up-to-date: /home/autopilot/ws/restackcell/ws_moveit2/install/moveit_backend/install/moveit_backend/meshes/ur10/visual/upperarm.dae
[2.024s] -- Up-to-date: /home/autopilot/ws/restackcell/ws_moveit2/install/moveit_backend/install/moveit_backend/meshes/ur10/visual/forearm.dae
[2.024s] -- Up-to-date: /home/autopilot/ws/restackcell/ws_moveit2/install/moveit_backend/install/moveit_backend/meshes/ur10/visual/shoulder.dae
[2.024s] -- Up-to-date: /home/autopilot/ws/restackcell/ws_moveit2/install/moveit_backend/install/moveit_backend/meshes/ur10/visual/wrist3.dae
[2.024s] -- Up-to-date: /home/autopilot/ws/restackcell/ws_moveit2/install/moveit_backend/install/moveit_backend/meshes/ur10/visual/wrist1.dae
[2.024s] -- Up-to-date: /home/autopilot/ws/restackcell/ws_moveit2/install/moveit_backend/install/moveit_backend/meshes/ur10/visual/wrist2.dae
[2.024s] -- Up-to-date: /home/autopilot/ws/restackcell/ws_moveit2/install/moveit_backend/install/moveit_backend/meshes/ur10/visual/base.dae
[2.024s] -- Up-to-date: /home/autopilot/ws/restackcell/ws_moveit2/install/moveit_backend/install/moveit_backend/meshes/ur5
[2.024s] -- Up-to-date: /home/autopilot/ws/restackcell/ws_moveit2/install/moveit_backend/install/moveit_backend/meshes/ur5/collision
[2.025s] -- Up-to-date: /home/autopilot/ws/restackcell/ws_moveit2/install/moveit_backend/install/moveit_backend/meshes/ur5/collision/forearm.stl
[2.025s] -- Up-to-date: /home/autopilot/ws/restackcell/ws_moveit2/install/moveit_backend/install/moveit_backend/meshes/ur5/collision/base.stl
[2.025s] -- Up-to-date: /home/autopilot/ws/restackcell/ws_moveit2/install/moveit_backend/install/moveit_backend/meshes/ur5/collision/wrist2.stl
[2.025s] -- Up-to-date: /home/autopilot/ws/restackcell/ws_moveit2/install/moveit_backend/install/moveit_backend/meshes/ur5/collision/wrist3.stl
[2.025s] -- Up-to-date: /home/autopilot/ws/restackcell/ws_moveit2/install/moveit_backend/install/moveit_backend/meshes/ur5/collision/wrist1.stl
[2.025s] -- Up-to-date: /home/autopilot/ws/restackcell/ws_moveit2/install/moveit_backend/install/moveit_backend/meshes/ur5/collision/shoulder.stl
[2.025s] -- Up-to-date: /home/autopilot/ws/restackcell/ws_moveit2/install/moveit_backend/install/moveit_backend/meshes/ur5/collision/upperarm.stl
[2.025s] -- Up-to-date: /home/autopilot/ws/restackcell/ws_moveit2/install/moveit_backend/install/moveit_backend/meshes/ur5/visual
[2.025s] -- Up-to-date: /home/autopilot/ws/restackcell/ws_moveit2/install/moveit_backend/install/moveit_backend/meshes/ur5/visual/upperarm.dae
[2.025s] -- Up-to-date: /home/autopilot/ws/restackcell/ws_moveit2/install/moveit_backend/install/moveit_backend/meshes/ur5/visual/forearm.dae
[2.025s] -- Up-to-date: /home/autopilot/ws/restackcell/ws_moveit2/install/moveit_backend/install/moveit_backend/meshes/ur5/visual/shoulder.dae
[2.026s] -- Up-to-date: /home/autopilot/ws/restackcell/ws_moveit2/install/moveit_backend/install/moveit_backend/meshes/ur5/visual/wrist3.dae
[2.028s] -- Up-to-date: /home/autopilot/ws/restackcell/ws_moveit2/install/moveit_backend/install/moveit_backend/meshes/ur5/visual/wrist1.dae
[2.028s] -- Up-to-date: /home/autopilot/ws/restackcell/ws_moveit2/install/moveit_backend/install/moveit_backend/meshes/ur5/visual/wrist2.dae
[2.028s] -- Up-to-date: /home/autopilot/ws/restackcell/ws_moveit2/install/moveit_backend/install/moveit_backend/meshes/ur5/visual/base.dae
[2.028s] -- Up-to-date: /home/autopilot/ws/restackcell/ws_moveit2/install/moveit_backend/install/moveit_backend/urdf
[2.028s] -- Up-to-date: /home/autopilot/ws/restackcell/ws_moveit2/install/moveit_backend/install/moveit_backend/urdf/ur.ros2_control.xacro
[2.029s] -- Up-to-date: /home/autopilot/ws/restackcell/ws_moveit2/install/moveit_backend/install/moveit_backend/urdf/ur.urdf.xacro
[2.029s] -- Up-to-date: /home/autopilot/ws/restackcell/ws_moveit2/install/moveit_backend/install/moveit_backend/urdf/inc
[2.029s] -- Up-to-date: /home/autopilot/ws/restackcell/ws_moveit2/install/moveit_backend/install/moveit_backend/urdf/inc/ur_transmissions.xacro
[2.029s] -- Up-to-date: /home/autopilot/ws/restackcell/ws_moveit2/install/moveit_backend/install/moveit_backend/urdf/inc/ur_common.xacro
[2.029s] -- Up-to-date: /home/autopilot/ws/restackcell/ws_moveit2/install/moveit_backend/install/moveit_backend/urdf/ur_macro.xacro
[2.029s] -- Up-to-date: /home/autopilot/ws/restackcell/ws_moveit2/install/moveit_backend/share/ament_index/resource_index/package_run_dependencies/moveit_backend
[2.029s] -- Up-to-date: /home/autopilot/ws/restackcell/ws_moveit2/install/moveit_backend/share/ament_index/resource_index/parent_prefix_path/moveit_backend
[2.029s] -- Up-to-date: /home/autopilot/ws/restackcell/ws_moveit2/install/moveit_backend/share/moveit_backend/environment/ament_prefix_path.sh
[2.030s] -- Up-to-date: /home/autopilot/ws/restackcell/ws_moveit2/install/moveit_backend/share/moveit_backend/environment/ament_prefix_path.dsv
[2.030s] -- Up-to-date: /home/autopilot/ws/restackcell/ws_moveit2/install/moveit_backend/share/moveit_backend/environment/path.sh
[2.030s] -- Up-to-date: /home/autopilot/ws/restackcell/ws_moveit2/install/moveit_backend/share/moveit_backend/environment/path.dsv
[2.030s] -- Up-to-date: /home/autopilot/ws/restackcell/ws_moveit2/install/moveit_backend/share/moveit_backend/local_setup.bash
[2.030s] -- Up-to-date: /home/autopilot/ws/restackcell/ws_moveit2/install/moveit_backend/share/moveit_backend/local_setup.sh
[2.030s] -- Up-to-date: /home/autopilot/ws/restackcell/ws_moveit2/install/moveit_backend/share/moveit_backend/local_setup.zsh
[2.030s] -- Up-to-date: /home/autopilot/ws/restackcell/ws_moveit2/install/moveit_backend/share/moveit_backend/local_setup.dsv
[2.030s] -- Installing: /home/autopilot/ws/restackcell/ws_moveit2/install/moveit_backend/share/moveit_backend/package.dsv
[2.030s] -- Up-to-date: /home/autopilot/ws/restackcell/ws_moveit2/install/moveit_backend/share/ament_index/resource_index/packages/moveit_backend
[2.031s] -- Up-to-date: /home/autopilot/ws/restackcell/ws_moveit2/install/moveit_backend/share/moveit_backend/cmake/moveit_backendConfig.cmake
[2.031s] -- Up-to-date: /home/autopilot/ws/restackcell/ws_moveit2/install/moveit_backend/share/moveit_backend/cmake/moveit_backendConfig-version.cmake
[2.031s] -- Up-to-date: /home/autopilot/ws/restackcell/ws_moveit2/install/moveit_backend/share/moveit_backend/package.xml
[2.032s] Invoked command in '/home/autopilot/ws/restackcell/ws_moveit2/build/moveit_backend' returned '0': CMAKE_PREFIX_PATH=/home/autopilot/ws/restackcell/ws_moveit2/install/robo_planner_py:/home/autopilot/ws/restackcell/ws_moveit2/install/grid_snapper:/home/autopilot/ws/restackcell/ws_moveit2/install/opcua_client:/home/autopilot/ws/restackcell/ws_moveit2/install/interface_opcua:/opt/ros/humble:/home/autopilot/ws/restackcell/ws_moveit2/install/wzlscheduler_interfaces:/home/autopilot/ws/restackcell/ws_moveit2/install/robo_planner:/home/autopilot/ws/restackcell/ws_moveit2/install/pcl_segmentation:/home/autopilot/ws/restackcell/ws_moveit2/install/moveit_backend:/home/autopilot/ws/restackcell/ws_moveit2/install/mockup_robot:/home/autopilot/ws/restackcell/ws_moveit2/install/ur_pilz:/home/autopilot/ws/restackcell/ws_moveit2/install/robo_planner_msgs:/home/autopilot/ws/restackcell/ws_moveit2/install/opcua_interfaces PYTHONPATH=/home/autopilot/ws/restackcell/ws_moveit2/install/wzlscheduler_interfaces/local/lib/python3.10/dist-packages:/home/autopilot/ws/restackcell/ws_moveit2/install/robo_planner_py/lib/python3.10/site-packages:/home/autopilot/ws/restackcell/ws_moveit2/install/grid_snapper/lib/python3.10/site-packages:/home/autopilot/ws/restackcell/ws_moveit2/install/robo_planner_msgs/local/lib/python3.10/dist-packages:/home/autopilot/ws/restackcell/ws_moveit2/install/opcua_client/lib/python3.10/site-packages:/home/autopilot/ws/restackcell/ws_moveit2/install/opcua_interfaces/local/lib/python3.10/dist-packages:/home/autopilot/ws/restackcell/ws_moveit2/install/interface_opcua/lib/python3.10/site-packages:/opt/ros/humble/lib/python3.10/site-packages:/opt/ros/humble/local/lib/python3.10/dist-packages /usr/bin/cmake --install /home/autopilot/ws/restackcell/ws_moveit2/build/moveit_backend
