[2.797s] Invoking command in '/home/autopilot/ws/restackcell/ws_moveit2/src/opcua_client': AMENT_PREFIX_PATH=/home/autopilot/ws/restackcell/ws_moveit2/install/opcua_interfaces:${AMENT_PREFIX_PATH} CMAKE_PREFIX_PATH=/home/autopilot/ws/restackcell/ws_moveit2/install/opcua_interfaces LD_LIBRARY_PATH=/home/autopilot/ws/restackcell/ws_moveit2/install/opcua_interfaces/lib:${LD_LIBRARY_PATH} PYTHONPATH=/home/autopilot/ws/restackcell/ws_moveit2/build/opcua_client/prefix_override:/usr/lib/python3/dist-packages/colcon_core/task/python/colcon_distutils_commands:/home/autopilot/ws/restackcell/ws_moveit2/install/opcua_client/lib/python3.10/site-packages:/home/autopilot/ws/restackcell/ws_moveit2/install/opcua_interfaces/local/lib/python3.10/dist-packages:${PYTHONPATH} /usr/bin/python3 -W ignore:setup.py install is deprecated setup.py egg_info --egg-base ../../build/opcua_client build --build-base /home/autopilot/ws/restackcell/ws_moveit2/build/opcua_client/build install --record /home/autopilot/ws/restackcell/ws_moveit2/build/opcua_client/install.log --single-version-externally-managed install_data
[3.753s] running egg_info
[3.754s] writing ../../build/opcua_client/opcua_client.egg-info/PKG-INFO
[3.756s] writing dependency_links to ../../build/opcua_client/opcua_client.egg-info/dependency_links.txt
[3.756s] writing entry points to ../../build/opcua_client/opcua_client.egg-info/entry_points.txt
[3.756s] writing requirements to ../../build/opcua_client/opcua_client.egg-info/requires.txt
[3.757s] writing top-level names to ../../build/opcua_client/opcua_client.egg-info/top_level.txt
[3.762s] reading manifest file '../../build/opcua_client/opcua_client.egg-info/SOURCES.txt'
[3.765s] writing manifest file '../../build/opcua_client/opcua_client.egg-info/SOURCES.txt'
[3.766s] running build
[3.767s] running build_py
[3.768s] running install
[3.769s] running install_lib
[3.773s] running install_data
[3.774s] running install_egg_info
[3.783s] removing '/home/autopilot/ws/restackcell/ws_moveit2/install/opcua_client/lib/python3.10/site-packages/opcua_client-0.0.0-py3.10.egg-info' (and everything under it)
[3.786s] Copying ../../build/opcua_client/opcua_client.egg-info to /home/autopilot/ws/restackcell/ws_moveit2/install/opcua_client/lib/python3.10/site-packages/opcua_client-0.0.0-py3.10.egg-info
[3.789s] running install_scripts
[3.847s] Installing client_node script to /home/autopilot/ws/restackcell/ws_moveit2/install/opcua_client/lib/opcua_client
[3.850s] Installing publisher_to_client script to /home/autopilot/ws/restackcell/ws_moveit2/install/opcua_client/lib/opcua_client
[3.854s] writing list of installed files to '/home/autopilot/ws/restackcell/ws_moveit2/build/opcua_client/install.log'
[3.934s] Invoked command in '/home/autopilot/ws/restackcell/ws_moveit2/src/opcua_client' returned '0': AMENT_PREFIX_PATH=/home/autopilot/ws/restackcell/ws_moveit2/install/opcua_interfaces:${AMENT_PREFIX_PATH} CMAKE_PREFIX_PATH=/home/autopilot/ws/restackcell/ws_moveit2/install/opcua_interfaces LD_LIBRARY_PATH=/home/autopilot/ws/restackcell/ws_moveit2/install/opcua_interfaces/lib:${LD_LIBRARY_PATH} PYTHONPATH=/home/autopilot/ws/restackcell/ws_moveit2/build/opcua_client/prefix_override:/usr/lib/python3/dist-packages/colcon_core/task/python/colcon_distutils_commands:/home/autopilot/ws/restackcell/ws_moveit2/install/opcua_client/lib/python3.10/site-packages:/home/autopilot/ws/restackcell/ws_moveit2/install/opcua_interfaces/local/lib/python3.10/dist-packages:${PYTHONPATH} /usr/bin/python3 -W ignore:setup.py install is deprecated setup.py egg_info --egg-base ../../build/opcua_client build --build-base /home/autopilot/ws/restackcell/ws_moveit2/build/opcua_client/build install --record /home/autopilot/ws/restackcell/ws_moveit2/build/opcua_client/install.log --single-version-externally-managed install_data
