[1.085s] Invoking command in '/home/autopilot/ws/restackcell/ws_moveit2/build/moveit_backend': CMAKE_PREFIX_PATH=/home/autopilot/ws/restackcell/ws_moveit2/install/robo_planner_py:/home/autopilot/ws/restackcell/ws_moveit2/install/grid_snapper:/home/autopilot/ws/restackcell/ws_moveit2/install/opcua_client:/home/autopilot/ws/restackcell/ws_moveit2/install/interface_opcua:/opt/ros/humble:/home/autopilot/ws/restackcell/ws_moveit2/install/wzlscheduler_interfaces:/home/autopilot/ws/restackcell/ws_moveit2/install/robo_planner:/home/autopilot/ws/restackcell/ws_moveit2/install/pcl_segmentation:/home/autopilot/ws/restackcell/ws_moveit2/install/moveit_backend:/home/autopilot/ws/restackcell/ws_moveit2/install/mockup_robot:/home/autopilot/ws/restackcell/ws_moveit2/install/ur_pilz:/home/autopilot/ws/restackcell/ws_moveit2/install/robo_planner_msgs:/home/autopilot/ws/restackcell/ws_moveit2/install/opcua_interfaces PYTHONPATH=/home/autopilot/ws/restackcell/ws_moveit2/install/wzlscheduler_interfaces/local/lib/python3.10/dist-packages:/home/autopilot/ws/restackcell/ws_moveit2/install/robo_planner_py/lib/python3.10/site-packages:/home/autopilot/ws/restackcell/ws_moveit2/install/grid_snapper/lib/python3.10/site-packages:/home/autopilot/ws/restackcell/ws_moveit2/install/robo_planner_msgs/local/lib/python3.10/dist-packages:/home/autopilot/ws/restackcell/ws_moveit2/install/opcua_client/lib/python3.10/site-packages:/home/autopilot/ws/restackcell/ws_moveit2/install/opcua_interfaces/local/lib/python3.10/dist-packages:/home/autopilot/ws/restackcell/ws_moveit2/install/interface_opcua/lib/python3.10/site-packages:/opt/ros/humble/lib/python3.10/site-packages:/opt/ros/humble/local/lib/python3.10/dist-packages /usr/bin/cmake --build /home/autopilot/ws/restackcell/ws_moveit2/build/moveit_backend -- -j4 -l4
[1.461s] [ 50%] Built target moveit_panda
[1.685s] [100%] Built target moveit_ur
[1.757s] Invoked command in '/home/autopilot/ws/restackcell/ws_moveit2/build/moveit_backend' returned '0': CMAKE_PREFIX_PATH=/home/autopilot/ws/restackcell/ws_moveit2/install/robo_planner_py:/home/autopilot/ws/restackcell/ws_moveit2/install/grid_snapper:/home/autopilot/ws/restackcell/ws_moveit2/install/opcua_client:/home/autopilot/ws/restackcell/ws_moveit2/install/interface_opcua:/opt/ros/humble:/home/autopilot/ws/restackcell/ws_moveit2/install/wzlscheduler_interfaces:/home/autopilot/ws/restackcell/ws_moveit2/install/robo_planner:/home/autopilot/ws/restackcell/ws_moveit2/install/pcl_segmentation:/home/autopilot/ws/restackcell/ws_moveit2/install/moveit_backend:/home/autopilot/ws/restackcell/ws_moveit2/install/mockup_robot:/home/autopilot/ws/restackcell/ws_moveit2/install/ur_pilz:/home/autopilot/ws/restackcell/ws_moveit2/install/robo_planner_msgs:/home/autopilot/ws/restackcell/ws_moveit2/install/opcua_interfaces PYTHONPATH=/home/autopilot/ws/restackcell/ws_moveit2/install/wzlscheduler_interfaces/local/lib/python3.10/dist-packages:/home/autopilot/ws/restackcell/ws_moveit2/install/robo_planner_py/lib/python3.10/site-packages:/home/autopilot/ws/restackcell/ws_moveit2/install/grid_snapper/lib/python3.10/site-packages:/home/autopilot/ws/restackcell/ws_moveit2/install/robo_planner_msgs/local/lib/python3.10/dist-packages:/home/autopilot/ws/restackcell/ws_moveit2/install/opcua_client/lib/python3.10/site-packages:/home/autopilot/ws/restackcell/ws_moveit2/install/opcua_interfaces/local/lib/python3.10/dist-packages:/home/autopilot/ws/restackcell/ws_moveit2/install/interface_opcua/lib/python3.10/site-packages:/opt/ros/humble/lib/python3.10/site-packages:/opt/ros/humble/local/lib/python3.10/dist-packages /usr/bin/cmake --build /home/autopilot/ws/restackcell/ws_moveit2/build/moveit_backend -- -j4 -l4
[1.963s] Invoking command in '/home/autopilot/ws/restackcell/ws_moveit2/build/moveit_backend': CMAKE_PREFIX_PATH=/home/autopilot/ws/restackcell/ws_moveit2/install/robo_planner_py:/home/autopilot/ws/restackcell/ws_moveit2/install/grid_snapper:/home/autopilot/ws/restackcell/ws_moveit2/install/opcua_client:/home/autopilot/ws/restackcell/ws_moveit2/install/interface_opcua:/opt/ros/humble:/home/autopilot/ws/restackcell/ws_moveit2/install/wzlscheduler_interfaces:/home/autopilot/ws/restackcell/ws_moveit2/install/robo_planner:/home/autopilot/ws/restackcell/ws_moveit2/install/pcl_segmentation:/home/autopilot/ws/restackcell/ws_moveit2/install/moveit_backend:/home/autopilot/ws/restackcell/ws_moveit2/install/mockup_robot:/home/autopilot/ws/restackcell/ws_moveit2/install/ur_pilz:/home/autopilot/ws/restackcell/ws_moveit2/install/robo_planner_msgs:/home/autopilot/ws/restackcell/ws_moveit2/install/opcua_interfaces PYTHONPATH=/home/autopilot/ws/restackcell/ws_moveit2/install/wzlscheduler_interfaces/local/lib/python3.10/dist-packages:/home/autopilot/ws/restackcell/ws_moveit2/install/robo_planner_py/lib/python3.10/site-packages:/home/autopilot/ws/restackcell/ws_moveit2/install/grid_snapper/lib/python3.10/site-packages:/home/autopilot/ws/restackcell/ws_moveit2/install/robo_planner_msgs/local/lib/python3.10/dist-packages:/home/autopilot/ws/restackcell/ws_moveit2/install/opcua_client/lib/python3.10/site-packages:/home/autopilot/ws/restackcell/ws_moveit2/install/opcua_interfaces/local/lib/python3.10/dist-packages:/home/autopilot/ws/restackcell/ws_moveit2/install/interface_opcua/lib/python3.10/site-packages:/opt/ros/humble/lib/python3.10/site-packages:/opt/ros/humble/local/lib/python3.10/dist-packages /usr/bin/cmake --install /home/autopilot/ws/restackcell/ws_moveit2/build/moveit_backend
[1.986s] -- Install configuration: ""
[1.987s] -- Up-to-date: /home/autopilot/ws/restackcell/ws_moveit2/install/moveit_backend/lib/moveit_backend/moveit_panda
[1.990s] -- Up-to-date: /home/autopilot/ws/restackcell/ws_moveit2/install/moveit_backend/lib/moveit_backend/moveit_ur
[1.990s] -- Up-to-date: /home/autopilot/ws/restackcell/ws_moveit2/install/moveit_backend/share/moveit_backend/config
[1.990s] -- Up-to-date: /home/autopilot/ws/restackcell/ws_moveit2/install/moveit_backend/share/moveit_backend/config/visual_parameters.yaml
[1.990s] -- Up-to-date: /home/autopilot/ws/restackcell/ws_moveit2/install/moveit_backend/share/moveit_backend/config/default_kinematics.yaml
[1.991s] -- Up-to-date: /home/autopilot/ws/restackcell/ws_moveit2/install/moveit_backend/share/moveit_backend/config/ur16e copy
[1.991s] -- Up-to-date: /home/autopilot/ws/restackcell/ws_moveit2/install/moveit_backend/share/moveit_backend/config/ur16e copy/visual_parameters.yaml
[1.991s] -- Up-to-date: /home/autopilot/ws/restackcell/ws_moveit2/install/moveit_backend/share/moveit_backend/config/ur16e copy/default_kinematics.yaml
[1.991s] -- Up-to-date: /home/autopilot/ws/restackcell/ws_moveit2/install/moveit_backend/share/moveit_backend/config/ur16e copy/joint_limits.yaml
[1.992s] -- Up-to-date: /home/autopilot/ws/restackcell/ws_moveit2/install/moveit_backend/share/moveit_backend/config/ur16e copy/physical_parameters.yaml
[1.992s] -- Up-to-date: /home/autopilot/ws/restackcell/ws_moveit2/install/moveit_backend/share/moveit_backend/config/joint_limits.yaml
[1.992s] -- Up-to-date: /home/autopilot/ws/restackcell/ws_moveit2/install/moveit_backend/share/moveit_backend/config/pilz_cartesian_limits.yaml
[1.992s] -- Up-to-date: /home/autopilot/ws/restackcell/ws_moveit2/install/moveit_backend/share/moveit_backend/config/pilz_industrial_motion_planner_planning.yaml
[1.992s] -- Up-to-date: /home/autopilot/ws/restackcell/ws_moveit2/install/moveit_backend/share/moveit_backend/config/physical_parameters.yaml
[1.992s] -- Up-to-date: /home/autopilot/ws/restackcell/ws_moveit2/install/moveit_backend/share/moveit_backend/meshes
[1.992s] -- Up-to-date: /home/autopilot/ws/restackcell/ws_moveit2/install/moveit_backend/share/moveit_backend/meshes/ur20
[1.992s] -- Up-to-date: /home/autopilot/ws/restackcell/ws_moveit2/install/moveit_backend/share/moveit_backend/meshes/ur20/collision
[1.993s] -- Up-to-date: /home/autopilot/ws/restackcell/ws_moveit2/install/moveit_backend/share/moveit_backend/meshes/ur20/collision/forearm.stl
[1.993s] -- Up-to-date: /home/autopilot/ws/restackcell/ws_moveit2/install/moveit_backend/share/moveit_backend/meshes/ur20/collision/base.stl
[1.993s] -- Up-to-date: /home/autopilot/ws/restackcell/ws_moveit2/install/moveit_backend/share/moveit_backend/meshes/ur20/collision/wrist2.stl
[1.993s] -- Up-to-date: /home/autopilot/ws/restackcell/ws_moveit2/install/moveit_backend/share/moveit_backend/meshes/ur20/collision/wrist3.stl
[1.993s] -- Up-to-date: /home/autopilot/ws/restackcell/ws_moveit2/install/moveit_backend/share/moveit_backend/meshes/ur20/collision/wrist1.stl
[1.993s] -- Up-to-date: /home/autopilot/ws/restackcell/ws_moveit2/install/moveit_backend/share/moveit_backend/meshes/ur20/collision/shoulder.stl
[1.993s] -- Up-to-date: /home/autopilot/ws/restackcell/ws_moveit2/install/moveit_backend/share/moveit_backend/meshes/ur20/collision/upperarm.stl
[1.994s] -- Up-to-date: /home/autopilot/ws/restackcell/ws_moveit2/install/moveit_backend/share/moveit_backend/meshes/ur20/LICENSE.txt
[1.994s] -- Up-to-date: /home/autopilot/ws/restackcell/ws_moveit2/install/moveit_backend/share/moveit_backend/meshes/ur20/visual
[1.994s] -- Up-to-date: /home/autopilot/ws/restackcell/ws_moveit2/install/moveit_backend/share/moveit_backend/meshes/ur20/visual/UR20_DIFF_8bit_2K.png
[1.994s] -- Up-to-date: /home/autopilot/ws/restackcell/ws_moveit2/install/moveit_backend/share/moveit_backend/meshes/ur20/visual/upperarm.dae
[1.994s] -- Up-to-date: /home/autopilot/ws/restackcell/ws_moveit2/install/moveit_backend/share/moveit_backend/meshes/ur20/visual/forearm.dae
[1.994s] -- Up-to-date: /home/autopilot/ws/restackcell/ws_moveit2/install/moveit_backend/share/moveit_backend/meshes/ur20/visual/shoulder.dae
[1.994s] -- Up-to-date: /home/autopilot/ws/restackcell/ws_moveit2/install/moveit_backend/share/moveit_backend/meshes/ur20/visual/wrist3.dae
[1.995s] -- Up-to-date: /home/autopilot/ws/restackcell/ws_moveit2/install/moveit_backend/share/moveit_backend/meshes/ur20/visual/wrist1.dae
[1.995s] -- Up-to-date: /home/autopilot/ws/restackcell/ws_moveit2/install/moveit_backend/share/moveit_backend/meshes/ur20/visual/wrist2.dae
[1.995s] -- Up-to-date: /home/autopilot/ws/restackcell/ws_moveit2/install/moveit_backend/share/moveit_backend/meshes/ur20/visual/base.dae
[1.995s] -- Up-to-date: /home/autopilot/ws/restackcell/ws_moveit2/install/moveit_backend/share/moveit_backend/meshes/ur5e
[1.995s] -- Up-to-date: /home/autopilot/ws/restackcell/ws_moveit2/install/moveit_backend/share/moveit_backend/meshes/ur5e/collision
[1.996s] -- Up-to-date: /home/autopilot/ws/restackcell/ws_moveit2/install/moveit_backend/share/moveit_backend/meshes/ur5e/collision/forearm.stl
[1.996s] -- Up-to-date: /home/autopilot/ws/restackcell/ws_moveit2/install/moveit_backend/share/moveit_backend/meshes/ur5e/collision/base.stl
[1.996s] -- Up-to-date: /home/autopilot/ws/restackcell/ws_moveit2/install/moveit_backend/share/moveit_backend/meshes/ur5e/collision/wrist2.stl
[1.996s] -- Up-to-date: /home/autopilot/ws/restackcell/ws_moveit2/install/moveit_backend/share/moveit_backend/meshes/ur5e/collision/wrist3.stl
[1.996s] -- Up-to-date: /home/autopilot/ws/restackcell/ws_moveit2/install/moveit_backend/share/moveit_backend/meshes/ur5e/collision/wrist1.stl
[1.996s] -- Up-to-date: /home/autopilot/ws/restackcell/ws_moveit2/install/moveit_backend/share/moveit_backend/meshes/ur5e/collision/shoulder.stl
[1.996s] -- Up-to-date: /home/autopilot/ws/restackcell/ws_moveit2/install/moveit_backend/share/moveit_backend/meshes/ur5e/collision/upperarm.stl
[1.997s] -- Up-to-date: /home/autopilot/ws/restackcell/ws_moveit2/install/moveit_backend/share/moveit_backend/meshes/ur5e/visual
[1.997s] -- Up-to-date: /home/autopilot/ws/restackcell/ws_moveit2/install/moveit_backend/share/moveit_backend/meshes/ur5e/visual/upperarm.dae
[1.997s] -- Up-to-date: /home/autopilot/ws/restackcell/ws_moveit2/install/moveit_backend/share/moveit_backend/meshes/ur5e/visual/forearm.dae
[1.997s] -- Up-to-date: /home/autopilot/ws/restackcell/ws_moveit2/install/moveit_backend/share/moveit_backend/meshes/ur5e/visual/shoulder.dae
[1.997s] -- Up-to-date: /home/autopilot/ws/restackcell/ws_moveit2/install/moveit_backend/share/moveit_backend/meshes/ur5e/visual/wrist3.dae
[1.997s] -- Up-to-date: /home/autopilot/ws/restackcell/ws_moveit2/install/moveit_backend/share/moveit_backend/meshes/ur5e/visual/wrist1.dae
[1.997s] -- Up-to-date: /home/autopilot/ws/restackcell/ws_moveit2/install/moveit_backend/share/moveit_backend/meshes/ur5e/visual/wrist2.dae
[1.998s] -- Up-to-date: /home/autopilot/ws/restackcell/ws_moveit2/install/moveit_backend/share/moveit_backend/meshes/ur5e/visual/base.dae
[1.998s] -- Up-to-date: /home/autopilot/ws/restackcell/ws_moveit2/install/moveit_backend/share/moveit_backend/meshes/ur3
[1.998s] -- Up-to-date: /home/autopilot/ws/restackcell/ws_moveit2/install/moveit_backend/share/moveit_backend/meshes/ur3/collision
[1.998s] -- Up-to-date: /home/autopilot/ws/restackcell/ws_moveit2/install/moveit_backend/share/moveit_backend/meshes/ur3/collision/forearm.stl
[1.998s] -- Up-to-date: /home/autopilot/ws/restackcell/ws_moveit2/install/moveit_backend/share/moveit_backend/meshes/ur3/collision/base.stl
[1.998s] -- Up-to-date: /home/autopilot/ws/restackcell/ws_moveit2/install/moveit_backend/share/moveit_backend/meshes/ur3/collision/wrist2.stl
[1.998s] -- Up-to-date: /home/autopilot/ws/restackcell/ws_moveit2/install/moveit_backend/share/moveit_backend/meshes/ur3/collision/wrist3.stl
[1.999s] -- Up-to-date: /home/autopilot/ws/restackcell/ws_moveit2/install/moveit_backend/share/moveit_backend/meshes/ur3/collision/wrist1.stl
[1.999s] -- Up-to-date: /home/autopilot/ws/restackcell/ws_moveit2/install/moveit_backend/share/moveit_backend/meshes/ur3/collision/shoulder.stl
[1.999s] -- Up-to-date: /home/autopilot/ws/restackcell/ws_moveit2/install/moveit_backend/share/moveit_backend/meshes/ur3/collision/upperarm.stl
[1.999s] -- Up-to-date: /home/autopilot/ws/restackcell/ws_moveit2/install/moveit_backend/share/moveit_backend/meshes/ur3/visual
[1.999s] -- Up-to-date: /home/autopilot/ws/restackcell/ws_moveit2/install/moveit_backend/share/moveit_backend/meshes/ur3/visual/upperarm.dae
[1.999s] -- Up-to-date: /home/autopilot/ws/restackcell/ws_moveit2/install/moveit_backend/share/moveit_backend/meshes/ur3/visual/forearm.dae
[1.999s] -- Up-to-date: /home/autopilot/ws/restackcell/ws_moveit2/install/moveit_backend/share/moveit_backend/meshes/ur3/visual/shoulder.dae
[2.000s] -- Up-to-date: /home/autopilot/ws/restackcell/ws_moveit2/install/moveit_backend/share/moveit_backend/meshes/ur3/visual/wrist3.dae
[2.000s] -- Up-to-date: /home/autopilot/ws/restackcell/ws_moveit2/install/moveit_backend/share/moveit_backend/meshes/ur3/visual/wrist1.dae
[2.000s] -- Up-to-date: /home/autopilot/ws/restackcell/ws_moveit2/install/moveit_backend/share/moveit_backend/meshes/ur3/visual/wrist2.dae
[2.000s] -- Up-to-date: /home/autopilot/ws/restackcell/ws_moveit2/install/moveit_backend/share/moveit_backend/meshes/ur3/visual/base.dae
[2.000s] -- Up-to-date: /home/autopilot/ws/restackcell/ws_moveit2/install/moveit_backend/share/moveit_backend/meshes/ur16e
[2.000s] -- Up-to-date: /home/autopilot/ws/restackcell/ws_moveit2/install/moveit_backend/share/moveit_backend/meshes/ur16e/collision
[2.000s] -- Up-to-date: /home/autopilot/ws/restackcell/ws_moveit2/install/moveit_backend/share/moveit_backend/meshes/ur16e/collision/forearm.stl
[2.000s] -- Up-to-date: /home/autopilot/ws/restackcell/ws_moveit2/install/moveit_backend/share/moveit_backend/meshes/ur16e/collision/upperarm.stl
[2.001s] -- Up-to-date: /home/autopilot/ws/restackcell/ws_moveit2/install/moveit_backend/share/moveit_backend/meshes/ur16e/visual
[2.001s] -- Up-to-date: /home/autopilot/ws/restackcell/ws_moveit2/install/moveit_backend/share/moveit_backend/meshes/ur16e/visual/upperarm.dae
[2.001s] -- Up-to-date: /home/autopilot/ws/restackcell/ws_moveit2/install/moveit_backend/share/moveit_backend/meshes/ur16e/visual/forearm.dae
[2.001s] -- Up-to-date: /home/autopilot/ws/restackcell/ws_moveit2/install/moveit_backend/share/moveit_backend/meshes/ur3e
[2.001s] -- Up-to-date: /home/autopilot/ws/restackcell/ws_moveit2/install/moveit_backend/share/moveit_backend/meshes/ur3e/collision
[2.006s] -- Up-to-date: /home/autopilot/ws/restackcell/ws_moveit2/install/moveit_backend/share/moveit_backend/meshes/ur3e/collision/forearm.stl
[2.007s] -- Up-to-date: /home/autopilot/ws/restackcell/ws_moveit2/install/moveit_backend/share/moveit_backend/meshes/ur3e/collision/base.stl
[2.007s] -- Up-to-date: /home/autopilot/ws/restackcell/ws_moveit2/install/moveit_backend/share/moveit_backend/meshes/ur3e/collision/wrist2.stl
[2.012s] -- Up-to-date: /home/autopilot/ws/restackcell/ws_moveit2/install/moveit_backend/share/moveit_backend/meshes/ur3e/collision/wrist3.stl
[2.012s] -- Up-to-date: /home/autopilot/ws/restackcell/ws_moveit2/install/moveit_backend/share/moveit_backend/meshes/ur3e/collision/wrist1.stl
[2.012s] -- Up-to-date: /home/autopilot/ws/restackcell/ws_moveit2/install/moveit_backend/share/moveit_backend/meshes/ur3e/collision/shoulder.stl
[2.013s] -- Up-to-date: /home/autopilot/ws/restackcell/ws_moveit2/install/moveit_backend/share/moveit_backend/meshes/ur3e/collision/upperarm.stl
[2.013s] -- Up-to-date: /home/autopilot/ws/restackcell/ws_moveit2/install/moveit_backend/share/moveit_backend/meshes/ur3e/visual
[2.031s] -- Up-to-date: /home/autopilot/ws/restackcell/ws_moveit2/install/moveit_backend/share/moveit_backend/meshes/ur3e/visual/upperarm.dae
[2.031s] -- Up-to-date: /home/autopilot/ws/restackcell/ws_moveit2/install/moveit_backend/share/moveit_backend/meshes/ur3e/visual/forearm.dae
[2.034s] -- Up-to-date: /home/autopilot/ws/restackcell/ws_moveit2/install/moveit_backend/share/moveit_backend/meshes/ur3e/visual/shoulder.dae
[2.035s] -- Up-to-date: /home/autopilot/ws/restackcell/ws_moveit2/install/moveit_backend/share/moveit_backend/meshes/ur3e/visual/wrist3.dae
[2.035s] -- Up-to-date: /home/autopilot/ws/restackcell/ws_moveit2/install/moveit_backend/share/moveit_backend/meshes/ur3e/visual/wrist1.dae
[2.035s] -- Up-to-date: /home/autopilot/ws/restackcell/ws_moveit2/install/moveit_backend/share/moveit_backend/meshes/ur3e/visual/wrist2.dae
[2.035s] -- Up-to-date: /home/autopilot/ws/restackcell/ws_moveit2/install/moveit_backend/share/moveit_backend/meshes/ur3e/visual/base.dae
[2.035s] -- Up-to-date: /home/autopilot/ws/restackcell/ws_moveit2/install/moveit_backend/share/moveit_backend/meshes/ur30
[2.035s] -- Up-to-date: /home/autopilot/ws/restackcell/ws_moveit2/install/moveit_backend/share/moveit_backend/meshes/ur30/collision
[2.036s] -- Up-to-date: /home/autopilot/ws/restackcell/ws_moveit2/install/moveit_backend/share/moveit_backend/meshes/ur30/collision/forearm.stl
[2.036s] -- Up-to-date: /home/autopilot/ws/restackcell/ws_moveit2/install/moveit_backend/share/moveit_backend/meshes/ur30/collision/upperarm.stl
[2.038s] -- Up-to-date: /home/autopilot/ws/restackcell/ws_moveit2/install/moveit_backend/share/moveit_backend/meshes/ur30/LICENSE.txt
[2.038s] -- Up-to-date: /home/autopilot/ws/restackcell/ws_moveit2/install/moveit_backend/share/moveit_backend/meshes/ur30/visual
[2.039s] -- Up-to-date: /home/autopilot/ws/restackcell/ws_moveit2/install/moveit_backend/share/moveit_backend/meshes/ur30/visual/upperarm.dae
[2.039s] -- Up-to-date: /home/autopilot/ws/restackcell/ws_moveit2/install/moveit_backend/share/moveit_backend/meshes/ur30/visual/forearm.dae
[2.039s] -- Up-to-date: /home/autopilot/ws/restackcell/ws_moveit2/install/moveit_backend/share/moveit_backend/meshes/ur30/visual/UR30_DIFF_8bit_2K.png
[2.039s] -- Up-to-date: /home/autopilot/ws/restackcell/ws_moveit2/install/moveit_backend/share/moveit_backend/meshes/ur10e
[2.039s] -- Up-to-date: /home/autopilot/ws/restackcell/ws_moveit2/install/moveit_backend/share/moveit_backend/meshes/ur10e/collision
[2.046s] -- Up-to-date: /home/autopilot/ws/restackcell/ws_moveit2/install/moveit_backend/share/moveit_backend/meshes/ur10e/collision/forearm.stl
[2.046s] -- Up-to-date: /home/autopilot/ws/restackcell/ws_moveit2/install/moveit_backend/share/moveit_backend/meshes/ur10e/collision/base.stl
[2.046s] -- Up-to-date: /home/autopilot/ws/restackcell/ws_moveit2/install/moveit_backend/share/moveit_backend/meshes/ur10e/collision/wrist2.stl
[2.047s] -- Up-to-date: /home/autopilot/ws/restackcell/ws_moveit2/install/moveit_backend/share/moveit_backend/meshes/ur10e/collision/wrist3.stl
[2.047s] -- Up-to-date: /home/autopilot/ws/restackcell/ws_moveit2/install/moveit_backend/share/moveit_backend/meshes/ur10e/collision/wrist1.stl
[2.047s] -- Up-to-date: /home/autopilot/ws/restackcell/ws_moveit2/install/moveit_backend/share/moveit_backend/meshes/ur10e/collision/shoulder.stl
[2.047s] -- Up-to-date: /home/autopilot/ws/restackcell/ws_moveit2/install/moveit_backend/share/moveit_backend/meshes/ur10e/collision/upperarm.stl
[2.047s] -- Up-to-date: /home/autopilot/ws/restackcell/ws_moveit2/install/moveit_backend/share/moveit_backend/meshes/ur10e/visual
[2.047s] -- Up-to-date: /home/autopilot/ws/restackcell/ws_moveit2/install/moveit_backend/share/moveit_backend/meshes/ur10e/visual/upperarm.dae
[2.051s] -- Up-to-date: /home/autopilot/ws/restackcell/ws_moveit2/install/moveit_backend/share/moveit_backend/meshes/ur10e/visual/forearm.dae
[2.051s] -- Up-to-date: /home/autopilot/ws/restackcell/ws_moveit2/install/moveit_backend/share/moveit_backend/meshes/ur10e/visual/shoulder.dae
[2.051s] -- Up-to-date: /home/autopilot/ws/restackcell/ws_moveit2/install/moveit_backend/share/moveit_backend/meshes/ur10e/visual/wrist3.dae
[2.051s] -- Up-to-date: /home/autopilot/ws/restackcell/ws_moveit2/install/moveit_backend/share/moveit_backend/meshes/ur10e/visual/wrist1.dae
[2.052s] -- Up-to-date: /home/autopilot/ws/restackcell/ws_moveit2/install/moveit_backend/share/moveit_backend/meshes/ur10e/visual/wrist2.dae
[2.052s] -- Up-to-date: /home/autopilot/ws/restackcell/ws_moveit2/install/moveit_backend/share/moveit_backend/meshes/ur10e/visual/base.dae
[2.052s] -- Up-to-date: /home/autopilot/ws/restackcell/ws_moveit2/install/moveit_backend/share/moveit_backend/meshes/ur10
[2.052s] -- Up-to-date: /home/autopilot/ws/restackcell/ws_moveit2/install/moveit_backend/share/moveit_backend/meshes/ur10/collision
[2.052s] -- Up-to-date: /home/autopilot/ws/restackcell/ws_moveit2/install/moveit_backend/share/moveit_backend/meshes/ur10/collision/forearm.stl
[2.052s] -- Up-to-date: /home/autopilot/ws/restackcell/ws_moveit2/install/moveit_backend/share/moveit_backend/meshes/ur10/collision/base.stl
[2.052s] -- Up-to-date: /home/autopilot/ws/restackcell/ws_moveit2/install/moveit_backend/share/moveit_backend/meshes/ur10/collision/wrist2.stl
[2.053s] -- Up-to-date: /home/autopilot/ws/restackcell/ws_moveit2/install/moveit_backend/share/moveit_backend/meshes/ur10/collision/wrist3.stl
[2.053s] -- Up-to-date: /home/autopilot/ws/restackcell/ws_moveit2/install/moveit_backend/share/moveit_backend/meshes/ur10/collision/wrist1.stl
[2.053s] -- Up-to-date: /home/autopilot/ws/restackcell/ws_moveit2/install/moveit_backend/share/moveit_backend/meshes/ur10/collision/shoulder.stl
[2.053s] -- Up-to-date: /home/autopilot/ws/restackcell/ws_moveit2/install/moveit_backend/share/moveit_backend/meshes/ur10/collision/upperarm.stl
[2.053s] -- Up-to-date: /home/autopilot/ws/restackcell/ws_moveit2/install/moveit_backend/share/moveit_backend/meshes/ur10/visual
[2.053s] -- Up-to-date: /home/autopilot/ws/restackcell/ws_moveit2/install/moveit_backend/share/moveit_backend/meshes/ur10/visual/upperarm.dae
[2.053s] -- Up-to-date: /home/autopilot/ws/restackcell/ws_moveit2/install/moveit_backend/share/moveit_backend/meshes/ur10/visual/forearm.dae
[2.054s] -- Up-to-date: /home/autopilot/ws/restackcell/ws_moveit2/install/moveit_backend/share/moveit_backend/meshes/ur10/visual/shoulder.dae
[2.054s] -- Up-to-date: /home/autopilot/ws/restackcell/ws_moveit2/install/moveit_backend/share/moveit_backend/meshes/ur10/visual/wrist3.dae
[2.054s] -- Up-to-date: /home/autopilot/ws/restackcell/ws_moveit2/install/moveit_backend/share/moveit_backend/meshes/ur10/visual/wrist1.dae
[2.054s] -- Up-to-date: /home/autopilot/ws/restackcell/ws_moveit2/install/moveit_backend/share/moveit_backend/meshes/ur10/visual/wrist2.dae
[2.054s] -- Up-to-date: /home/autopilot/ws/restackcell/ws_moveit2/install/moveit_backend/share/moveit_backend/meshes/ur10/visual/base.dae
[2.054s] -- Up-to-date: /home/autopilot/ws/restackcell/ws_moveit2/install/moveit_backend/share/moveit_backend/meshes/ur5
[2.054s] -- Up-to-date: /home/autopilot/ws/restackcell/ws_moveit2/install/moveit_backend/share/moveit_backend/meshes/ur5/collision
[2.055s] -- Up-to-date: /home/autopilot/ws/restackcell/ws_moveit2/install/moveit_backend/share/moveit_backend/meshes/ur5/collision/forearm.stl
[2.055s] -- Up-to-date: /home/autopilot/ws/restackcell/ws_moveit2/install/moveit_backend/share/moveit_backend/meshes/ur5/collision/base.stl
[2.055s] -- Up-to-date: /home/autopilot/ws/restackcell/ws_moveit2/install/moveit_backend/share/moveit_backend/meshes/ur5/collision/wrist2.stl
[2.055s] -- Up-to-date: /home/autopilot/ws/restackcell/ws_moveit2/install/moveit_backend/share/moveit_backend/meshes/ur5/collision/wrist3.stl
[2.055s] -- Up-to-date: /home/autopilot/ws/restackcell/ws_moveit2/install/moveit_backend/share/moveit_backend/meshes/ur5/collision/wrist1.stl
[2.055s] -- Up-to-date: /home/autopilot/ws/restackcell/ws_moveit2/install/moveit_backend/share/moveit_backend/meshes/ur5/collision/shoulder.stl
[2.055s] -- Up-to-date: /home/autopilot/ws/restackcell/ws_moveit2/install/moveit_backend/share/moveit_backend/meshes/ur5/collision/upperarm.stl
[2.056s] -- Up-to-date: /home/autopilot/ws/restackcell/ws_moveit2/install/moveit_backend/share/moveit_backend/meshes/ur5/visual
[2.056s] -- Up-to-date: /home/autopilot/ws/restackcell/ws_moveit2/install/moveit_backend/share/moveit_backend/meshes/ur5/visual/upperarm.dae
[2.056s] -- Up-to-date: /home/autopilot/ws/restackcell/ws_moveit2/install/moveit_backend/share/moveit_backend/meshes/ur5/visual/forearm.dae
[2.056s] -- Up-to-date: /home/autopilot/ws/restackcell/ws_moveit2/install/moveit_backend/share/moveit_backend/meshes/ur5/visual/shoulder.dae
[2.056s] -- Up-to-date: /home/autopilot/ws/restackcell/ws_moveit2/install/moveit_backend/share/moveit_backend/meshes/ur5/visual/wrist3.dae
[2.056s] -- Up-to-date: /home/autopilot/ws/restackcell/ws_moveit2/install/moveit_backend/share/moveit_backend/meshes/ur5/visual/wrist1.dae
[2.056s] -- Up-to-date: /home/autopilot/ws/restackcell/ws_moveit2/install/moveit_backend/share/moveit_backend/meshes/ur5/visual/wrist2.dae
[2.077s] -- Up-to-date: /home/autopilot/ws/restackcell/ws_moveit2/install/moveit_backend/share/moveit_backend/meshes/ur5/visual/base.dae
[2.077s] -- Up-to-date: /home/autopilot/ws/restackcell/ws_moveit2/install/moveit_backend/share/moveit_backend/urdf
[2.078s] -- Up-to-date: /home/autopilot/ws/restackcell/ws_moveit2/install/moveit_backend/share/moveit_backend/urdf/ur.ros2_control.xacro
[2.078s] -- Up-to-date: /home/autopilot/ws/restackcell/ws_moveit2/install/moveit_backend/share/moveit_backend/urdf/ur.urdf.xacro
[2.078s] -- Up-to-date: /home/autopilot/ws/restackcell/ws_moveit2/install/moveit_backend/share/moveit_backend/urdf/inc
[2.078s] -- Up-to-date: /home/autopilot/ws/restackcell/ws_moveit2/install/moveit_backend/share/moveit_backend/urdf/inc/ur_transmissions.xacro
[2.078s] -- Up-to-date: /home/autopilot/ws/restackcell/ws_moveit2/install/moveit_backend/share/moveit_backend/urdf/inc/ur_common.xacro
[2.078s] -- Up-to-date: /home/autopilot/ws/restackcell/ws_moveit2/install/moveit_backend/share/moveit_backend/urdf/ur_macro.xacro
[2.079s] -- Up-to-date: /home/autopilot/ws/restackcell/ws_moveit2/install/moveit_backend/install/moveit_backend/config
[2.079s] -- Up-to-date: /home/autopilot/ws/restackcell/ws_moveit2/install/moveit_backend/install/moveit_backend/config/visual_parameters.yaml
[2.079s] -- Up-to-date: /home/autopilot/ws/restackcell/ws_moveit2/install/moveit_backend/install/moveit_backend/config/default_kinematics.yaml
[2.079s] -- Up-to-date: /home/autopilot/ws/restackcell/ws_moveit2/install/moveit_backend/install/moveit_backend/config/ur16e copy
[2.079s] -- Up-to-date: /home/autopilot/ws/restackcell/ws_moveit2/install/moveit_backend/install/moveit_backend/config/ur16e copy/visual_parameters.yaml
[2.079s] -- Up-to-date: /home/autopilot/ws/restackcell/ws_moveit2/install/moveit_backend/install/moveit_backend/config/ur16e copy/default_kinematics.yaml
[2.079s] -- Up-to-date: /home/autopilot/ws/restackcell/ws_moveit2/install/moveit_backend/install/moveit_backend/config/ur16e copy/joint_limits.yaml
[2.080s] -- Up-to-date: /home/autopilot/ws/restackcell/ws_moveit2/install/moveit_backend/install/moveit_backend/config/ur16e copy/physical_parameters.yaml
[2.080s] -- Up-to-date: /home/autopilot/ws/restackcell/ws_moveit2/install/moveit_backend/install/moveit_backend/config/joint_limits.yaml
[2.080s] -- Up-to-date: /home/autopilot/ws/restackcell/ws_moveit2/install/moveit_backend/install/moveit_backend/config/pilz_cartesian_limits.yaml
[2.080s] -- Up-to-date: /home/autopilot/ws/restackcell/ws_moveit2/install/moveit_backend/install/moveit_backend/config/pilz_industrial_motion_planner_planning.yaml
[2.080s] -- Up-to-date: /home/autopilot/ws/restackcell/ws_moveit2/install/moveit_backend/install/moveit_backend/config/physical_parameters.yaml
[2.080s] -- Up-to-date: /home/autopilot/ws/restackcell/ws_moveit2/install/moveit_backend/install/moveit_backend/meshes
[2.080s] -- Up-to-date: /home/autopilot/ws/restackcell/ws_moveit2/install/moveit_backend/install/moveit_backend/meshes/ur20
[2.080s] -- Up-to-date: /home/autopilot/ws/restackcell/ws_moveit2/install/moveit_backend/install/moveit_backend/meshes/ur20/collision
[2.081s] -- Up-to-date: /home/autopilot/ws/restackcell/ws_moveit2/install/moveit_backend/install/moveit_backend/meshes/ur20/collision/forearm.stl
[2.081s] -- Up-to-date: /home/autopilot/ws/restackcell/ws_moveit2/install/moveit_backend/install/moveit_backend/meshes/ur20/collision/base.stl
[2.081s] -- Up-to-date: /home/autopilot/ws/restackcell/ws_moveit2/install/moveit_backend/install/moveit_backend/meshes/ur20/collision/wrist2.stl
[2.081s] -- Up-to-date: /home/autopilot/ws/restackcell/ws_moveit2/install/moveit_backend/install/moveit_backend/meshes/ur20/collision/wrist3.stl
[2.081s] -- Up-to-date: /home/autopilot/ws/restackcell/ws_moveit2/install/moveit_backend/install/moveit_backend/meshes/ur20/collision/wrist1.stl
[2.081s] -- Up-to-date: /home/autopilot/ws/restackcell/ws_moveit2/install/moveit_backend/install/moveit_backend/meshes/ur20/collision/shoulder.stl
[2.082s] -- Up-to-date: /home/autopilot/ws/restackcell/ws_moveit2/install/moveit_backend/install/moveit_backend/meshes/ur20/collision/upperarm.stl
[2.082s] -- Up-to-date: /home/autopilot/ws/restackcell/ws_moveit2/install/moveit_backend/install/moveit_backend/meshes/ur20/LICENSE.txt
[2.082s] -- Up-to-date: /home/autopilot/ws/restackcell/ws_moveit2/install/moveit_backend/install/moveit_backend/meshes/ur20/visual
[2.082s] -- Up-to-date: /home/autopilot/ws/restackcell/ws_moveit2/install/moveit_backend/install/moveit_backend/meshes/ur20/visual/UR20_DIFF_8bit_2K.png
[2.082s] -- Up-to-date: /home/autopilot/ws/restackcell/ws_moveit2/install/moveit_backend/install/moveit_backend/meshes/ur20/visual/upperarm.dae
[2.082s] -- Up-to-date: /home/autopilot/ws/restackcell/ws_moveit2/install/moveit_backend/install/moveit_backend/meshes/ur20/visual/forearm.dae
[2.086s] -- Up-to-date: /home/autopilot/ws/restackcell/ws_moveit2/install/moveit_backend/install/moveit_backend/meshes/ur20/visual/shoulder.dae
[2.087s] -- Up-to-date: /home/autopilot/ws/restackcell/ws_moveit2/install/moveit_backend/install/moveit_backend/meshes/ur20/visual/wrist3.dae
[2.087s] -- Up-to-date: /home/autopilot/ws/restackcell/ws_moveit2/install/moveit_backend/install/moveit_backend/meshes/ur20/visual/wrist1.dae
[2.088s] -- Up-to-date: /home/autopilot/ws/restackcell/ws_moveit2/install/moveit_backend/install/moveit_backend/meshes/ur20/visual/wrist2.dae
[2.088s] -- Up-to-date: /home/autopilot/ws/restackcell/ws_moveit2/install/moveit_backend/install/moveit_backend/meshes/ur20/visual/base.dae
[2.088s] -- Up-to-date: /home/autopilot/ws/restackcell/ws_moveit2/install/moveit_backend/install/moveit_backend/meshes/ur5e
[2.088s] -- Up-to-date: /home/autopilot/ws/restackcell/ws_moveit2/install/moveit_backend/install/moveit_backend/meshes/ur5e/collision
[2.088s] -- Up-to-date: /home/autopilot/ws/restackcell/ws_moveit2/install/moveit_backend/install/moveit_backend/meshes/ur5e/collision/forearm.stl
[2.088s] -- Up-to-date: /home/autopilot/ws/restackcell/ws_moveit2/install/moveit_backend/install/moveit_backend/meshes/ur5e/collision/base.stl
[2.088s] -- Up-to-date: /home/autopilot/ws/restackcell/ws_moveit2/install/moveit_backend/install/moveit_backend/meshes/ur5e/collision/wrist2.stl
[2.089s] -- Up-to-date: /home/autopilot/ws/restackcell/ws_moveit2/install/moveit_backend/install/moveit_backend/meshes/ur5e/collision/wrist3.stl
[2.089s] -- Up-to-date: /home/autopilot/ws/restackcell/ws_moveit2/install/moveit_backend/install/moveit_backend/meshes/ur5e/collision/wrist1.stl
[2.093s] -- Up-to-date: /home/autopilot/ws/restackcell/ws_moveit2/install/moveit_backend/install/moveit_backend/meshes/ur5e/collision/shoulder.stl
[2.093s] -- Up-to-date: /home/autopilot/ws/restackcell/ws_moveit2/install/moveit_backend/install/moveit_backend/meshes/ur5e/collision/upperarm.stl
[2.093s] -- Up-to-date: /home/autopilot/ws/restackcell/ws_moveit2/install/moveit_backend/install/moveit_backend/meshes/ur5e/visual
[2.094s] -- Up-to-date: /home/autopilot/ws/restackcell/ws_moveit2/install/moveit_backend/install/moveit_backend/meshes/ur5e/visual/upperarm.dae
[2.094s] -- Up-to-date: /home/autopilot/ws/restackcell/ws_moveit2/install/moveit_backend/install/moveit_backend/meshes/ur5e/visual/forearm.dae
[2.094s] -- Up-to-date: /home/autopilot/ws/restackcell/ws_moveit2/install/moveit_backend/install/moveit_backend/meshes/ur5e/visual/shoulder.dae
[2.094s] -- Up-to-date: /home/autopilot/ws/restackcell/ws_moveit2/install/moveit_backend/install/moveit_backend/meshes/ur5e/visual/wrist3.dae
[2.094s] -- Up-to-date: /home/autopilot/ws/restackcell/ws_moveit2/install/moveit_backend/install/moveit_backend/meshes/ur5e/visual/wrist1.dae
[2.094s] -- Up-to-date: /home/autopilot/ws/restackcell/ws_moveit2/install/moveit_backend/install/moveit_backend/meshes/ur5e/visual/wrist2.dae
[2.095s] -- Up-to-date: /home/autopilot/ws/restackcell/ws_moveit2/install/moveit_backend/install/moveit_backend/meshes/ur5e/visual/base.dae
[2.095s] -- Up-to-date: /home/autopilot/ws/restackcell/ws_moveit2/install/moveit_backend/install/moveit_backend/meshes/ur3
[2.095s] -- Up-to-date: /home/autopilot/ws/restackcell/ws_moveit2/install/moveit_backend/install/moveit_backend/meshes/ur3/collision
[2.098s] -- Up-to-date: /home/autopilot/ws/restackcell/ws_moveit2/install/moveit_backend/install/moveit_backend/meshes/ur3/collision/forearm.stl
[2.098s] -- Up-to-date: /home/autopilot/ws/restackcell/ws_moveit2/install/moveit_backend/install/moveit_backend/meshes/ur3/collision/base.stl
[2.098s] -- Up-to-date: /home/autopilot/ws/restackcell/ws_moveit2/install/moveit_backend/install/moveit_backend/meshes/ur3/collision/wrist2.stl
[2.098s] -- Up-to-date: /home/autopilot/ws/restackcell/ws_moveit2/install/moveit_backend/install/moveit_backend/meshes/ur3/collision/wrist3.stl
[2.098s] -- Up-to-date: /home/autopilot/ws/restackcell/ws_moveit2/install/moveit_backend/install/moveit_backend/meshes/ur3/collision/wrist1.stl
[2.098s] -- Up-to-date: /home/autopilot/ws/restackcell/ws_moveit2/install/moveit_backend/install/moveit_backend/meshes/ur3/collision/shoulder.stl
[2.099s] -- Up-to-date: /home/autopilot/ws/restackcell/ws_moveit2/install/moveit_backend/install/moveit_backend/meshes/ur3/collision/upperarm.stl
[2.099s] -- Up-to-date: /home/autopilot/ws/restackcell/ws_moveit2/install/moveit_backend/install/moveit_backend/meshes/ur3/visual
[2.099s] -- Up-to-date: /home/autopilot/ws/restackcell/ws_moveit2/install/moveit_backend/install/moveit_backend/meshes/ur3/visual/upperarm.dae
[2.099s] -- Up-to-date: /home/autopilot/ws/restackcell/ws_moveit2/install/moveit_backend/install/moveit_backend/meshes/ur3/visual/forearm.dae
[2.099s] -- Up-to-date: /home/autopilot/ws/restackcell/ws_moveit2/install/moveit_backend/install/moveit_backend/meshes/ur3/visual/shoulder.dae
[2.099s] -- Up-to-date: /home/autopilot/ws/restackcell/ws_moveit2/install/moveit_backend/install/moveit_backend/meshes/ur3/visual/wrist3.dae
[2.099s] -- Up-to-date: /home/autopilot/ws/restackcell/ws_moveit2/install/moveit_backend/install/moveit_backend/meshes/ur3/visual/wrist1.dae
[2.100s] -- Up-to-date: /home/autopilot/ws/restackcell/ws_moveit2/install/moveit_backend/install/moveit_backend/meshes/ur3/visual/wrist2.dae
[2.100s] -- Up-to-date: /home/autopilot/ws/restackcell/ws_moveit2/install/moveit_backend/install/moveit_backend/meshes/ur3/visual/base.dae
[2.100s] -- Up-to-date: /home/autopilot/ws/restackcell/ws_moveit2/install/moveit_backend/install/moveit_backend/meshes/ur16e
[2.100s] -- Up-to-date: /home/autopilot/ws/restackcell/ws_moveit2/install/moveit_backend/install/moveit_backend/meshes/ur16e/collision
[2.100s] -- Up-to-date: /home/autopilot/ws/restackcell/ws_moveit2/install/moveit_backend/install/moveit_backend/meshes/ur16e/collision/forearm.stl
[2.100s] -- Up-to-date: /home/autopilot/ws/restackcell/ws_moveit2/install/moveit_backend/install/moveit_backend/meshes/ur16e/collision/upperarm.stl
[2.100s] -- Up-to-date: /home/autopilot/ws/restackcell/ws_moveit2/install/moveit_backend/install/moveit_backend/meshes/ur16e/visual
[2.101s] -- Up-to-date: /home/autopilot/ws/restackcell/ws_moveit2/install/moveit_backend/install/moveit_backend/meshes/ur16e/visual/upperarm.dae
[2.101s] -- Up-to-date: /home/autopilot/ws/restackcell/ws_moveit2/install/moveit_backend/install/moveit_backend/meshes/ur16e/visual/forearm.dae
[2.101s] -- Up-to-date: /home/autopilot/ws/restackcell/ws_moveit2/install/moveit_backend/install/moveit_backend/meshes/ur3e
[2.101s] -- Up-to-date: /home/autopilot/ws/restackcell/ws_moveit2/install/moveit_backend/install/moveit_backend/meshes/ur3e/collision
[2.101s] -- Up-to-date: /home/autopilot/ws/restackcell/ws_moveit2/install/moveit_backend/install/moveit_backend/meshes/ur3e/collision/forearm.stl
[2.101s] -- Up-to-date: /home/autopilot/ws/restackcell/ws_moveit2/install/moveit_backend/install/moveit_backend/meshes/ur3e/collision/base.stl
[2.101s] -- Up-to-date: /home/autopilot/ws/restackcell/ws_moveit2/install/moveit_backend/install/moveit_backend/meshes/ur3e/collision/wrist2.stl
[2.102s] -- Up-to-date: /home/autopilot/ws/restackcell/ws_moveit2/install/moveit_backend/install/moveit_backend/meshes/ur3e/collision/wrist3.stl
[2.102s] -- Up-to-date: /home/autopilot/ws/restackcell/ws_moveit2/install/moveit_backend/install/moveit_backend/meshes/ur3e/collision/wrist1.stl
[2.102s] -- Up-to-date: /home/autopilot/ws/restackcell/ws_moveit2/install/moveit_backend/install/moveit_backend/meshes/ur3e/collision/shoulder.stl
[2.102s] -- Up-to-date: /home/autopilot/ws/restackcell/ws_moveit2/install/moveit_backend/install/moveit_backend/meshes/ur3e/collision/upperarm.stl
[2.102s] -- Up-to-date: /home/autopilot/ws/restackcell/ws_moveit2/install/moveit_backend/install/moveit_backend/meshes/ur3e/visual
[2.102s] -- Up-to-date: /home/autopilot/ws/restackcell/ws_moveit2/install/moveit_backend/install/moveit_backend/meshes/ur3e/visual/upperarm.dae
[2.102s] -- Up-to-date: /home/autopilot/ws/restackcell/ws_moveit2/install/moveit_backend/install/moveit_backend/meshes/ur3e/visual/forearm.dae
[2.102s] -- Up-to-date: /home/autopilot/ws/restackcell/ws_moveit2/install/moveit_backend/install/moveit_backend/meshes/ur3e/visual/shoulder.dae
[2.103s] -- Up-to-date: /home/autopilot/ws/restackcell/ws_moveit2/install/moveit_backend/install/moveit_backend/meshes/ur3e/visual/wrist3.dae
[2.103s] -- Up-to-date: /home/autopilot/ws/restackcell/ws_moveit2/install/moveit_backend/install/moveit_backend/meshes/ur3e/visual/wrist1.dae
[2.103s] -- Up-to-date: /home/autopilot/ws/restackcell/ws_moveit2/install/moveit_backend/install/moveit_backend/meshes/ur3e/visual/wrist2.dae
[2.103s] -- Up-to-date: /home/autopilot/ws/restackcell/ws_moveit2/install/moveit_backend/install/moveit_backend/meshes/ur3e/visual/base.dae
[2.103s] -- Up-to-date: /home/autopilot/ws/restackcell/ws_moveit2/install/moveit_backend/install/moveit_backend/meshes/ur30
[2.103s] -- Up-to-date: /home/autopilot/ws/restackcell/ws_moveit2/install/moveit_backend/install/moveit_backend/meshes/ur30/collision
[2.103s] -- Up-to-date: /home/autopilot/ws/restackcell/ws_moveit2/install/moveit_backend/install/moveit_backend/meshes/ur30/collision/forearm.stl
[2.104s] -- Up-to-date: /home/autopilot/ws/restackcell/ws_moveit2/install/moveit_backend/install/moveit_backend/meshes/ur30/collision/upperarm.stl
[2.104s] -- Up-to-date: /home/autopilot/ws/restackcell/ws_moveit2/install/moveit_backend/install/moveit_backend/meshes/ur30/LICENSE.txt
[2.104s] -- Up-to-date: /home/autopilot/ws/restackcell/ws_moveit2/install/moveit_backend/install/moveit_backend/meshes/ur30/visual
[2.104s] -- Up-to-date: /home/autopilot/ws/restackcell/ws_moveit2/install/moveit_backend/install/moveit_backend/meshes/ur30/visual/upperarm.dae
[2.104s] -- Up-to-date: /home/autopilot/ws/restackcell/ws_moveit2/install/moveit_backend/install/moveit_backend/meshes/ur30/visual/forearm.dae
[2.104s] -- Up-to-date: /home/autopilot/ws/restackcell/ws_moveit2/install/moveit_backend/install/moveit_backend/meshes/ur30/visual/UR30_DIFF_8bit_2K.png
[2.104s] -- Up-to-date: /home/autopilot/ws/restackcell/ws_moveit2/install/moveit_backend/install/moveit_backend/meshes/ur10e
[2.105s] -- Up-to-date: /home/autopilot/ws/restackcell/ws_moveit2/install/moveit_backend/install/moveit_backend/meshes/ur10e/collision
[2.105s] -- Up-to-date: /home/autopilot/ws/restackcell/ws_moveit2/install/moveit_backend/install/moveit_backend/meshes/ur10e/collision/forearm.stl
[2.105s] -- Up-to-date: /home/autopilot/ws/restackcell/ws_moveit2/install/moveit_backend/install/moveit_backend/meshes/ur10e/collision/base.stl
[2.134s] -- Up-to-date: /home/autopilot/ws/restackcell/ws_moveit2/install/moveit_backend/install/moveit_backend/meshes/ur10e/collision/wrist2.stl
[2.135s] -- Up-to-date: /home/autopilot/ws/restackcell/ws_moveit2/install/moveit_backend/install/moveit_backend/meshes/ur10e/collision/wrist3.stl
[2.135s] -- Up-to-date: /home/autopilot/ws/restackcell/ws_moveit2/install/moveit_backend/install/moveit_backend/meshes/ur10e/collision/wrist1.stl
[2.135s] -- Up-to-date: /home/autopilot/ws/restackcell/ws_moveit2/install/moveit_backend/install/moveit_backend/meshes/ur10e/collision/shoulder.stl
[2.135s] -- Up-to-date: /home/autopilot/ws/restackcell/ws_moveit2/install/moveit_backend/install/moveit_backend/meshes/ur10e/collision/upperarm.stl
[2.135s] -- Up-to-date: /home/autopilot/ws/restackcell/ws_moveit2/install/moveit_backend/install/moveit_backend/meshes/ur10e/visual
[2.135s] -- Up-to-date: /home/autopilot/ws/restackcell/ws_moveit2/install/moveit_backend/install/moveit_backend/meshes/ur10e/visual/upperarm.dae
[2.136s] -- Up-to-date: /home/autopilot/ws/restackcell/ws_moveit2/install/moveit_backend/install/moveit_backend/meshes/ur10e/visual/forearm.dae
[2.136s] -- Up-to-date: /home/autopilot/ws/restackcell/ws_moveit2/install/moveit_backend/install/moveit_backend/meshes/ur10e/visual/shoulder.dae
[2.136s] -- Up-to-date: /home/autopilot/ws/restackcell/ws_moveit2/install/moveit_backend/install/moveit_backend/meshes/ur10e/visual/wrist3.dae
[2.136s] -- Up-to-date: /home/autopilot/ws/restackcell/ws_moveit2/install/moveit_backend/install/moveit_backend/meshes/ur10e/visual/wrist1.dae
[2.136s] -- Up-to-date: /home/autopilot/ws/restackcell/ws_moveit2/install/moveit_backend/install/moveit_backend/meshes/ur10e/visual/wrist2.dae
[2.136s] -- Up-to-date: /home/autopilot/ws/restackcell/ws_moveit2/install/moveit_backend/install/moveit_backend/meshes/ur10e/visual/base.dae
[2.141s] -- Up-to-date: /home/autopilot/ws/restackcell/ws_moveit2/install/moveit_backend/install/moveit_backend/meshes/ur10
[2.141s] -- Up-to-date: /home/autopilot/ws/restackcell/ws_moveit2/install/moveit_backend/install/moveit_backend/meshes/ur10/collision
[2.142s] -- Up-to-date: /home/autopilot/ws/restackcell/ws_moveit2/install/moveit_backend/install/moveit_backend/meshes/ur10/collision/forearm.stl
[2.142s] -- Up-to-date: /home/autopilot/ws/restackcell/ws_moveit2/install/moveit_backend/install/moveit_backend/meshes/ur10/collision/base.stl
[2.142s] -- Up-to-date: /home/autopilot/ws/restackcell/ws_moveit2/install/moveit_backend/install/moveit_backend/meshes/ur10/collision/wrist2.stl
[2.142s] -- Up-to-date: /home/autopilot/ws/restackcell/ws_moveit2/install/moveit_backend/install/moveit_backend/meshes/ur10/collision/wrist3.stl
[2.142s] -- Up-to-date: /home/autopilot/ws/restackcell/ws_moveit2/install/moveit_backend/install/moveit_backend/meshes/ur10/collision/wrist1.stl
[2.142s] -- Up-to-date: /home/autopilot/ws/restackcell/ws_moveit2/install/moveit_backend/install/moveit_backend/meshes/ur10/collision/shoulder.stl
[2.143s] -- Up-to-date: /home/autopilot/ws/restackcell/ws_moveit2/install/moveit_backend/install/moveit_backend/meshes/ur10/collision/upperarm.stl
[2.143s] -- Up-to-date: /home/autopilot/ws/restackcell/ws_moveit2/install/moveit_backend/install/moveit_backend/meshes/ur10/visual
[2.143s] -- Up-to-date: /home/autopilot/ws/restackcell/ws_moveit2/install/moveit_backend/install/moveit_backend/meshes/ur10/visual/upperarm.dae
[2.143s] -- Up-to-date: /home/autopilot/ws/restackcell/ws_moveit2/install/moveit_backend/install/moveit_backend/meshes/ur10/visual/forearm.dae
[2.143s] -- Up-to-date: /home/autopilot/ws/restackcell/ws_moveit2/install/moveit_backend/install/moveit_backend/meshes/ur10/visual/shoulder.dae
[2.143s] -- Up-to-date: /home/autopilot/ws/restackcell/ws_moveit2/install/moveit_backend/install/moveit_backend/meshes/ur10/visual/wrist3.dae
[2.143s] -- Up-to-date: /home/autopilot/ws/restackcell/ws_moveit2/install/moveit_backend/install/moveit_backend/meshes/ur10/visual/wrist1.dae
[2.144s] -- Up-to-date: /home/autopilot/ws/restackcell/ws_moveit2/install/moveit_backend/install/moveit_backend/meshes/ur10/visual/wrist2.dae
[2.144s] -- Up-to-date: /home/autopilot/ws/restackcell/ws_moveit2/install/moveit_backend/install/moveit_backend/meshes/ur10/visual/base.dae
[2.144s] -- Up-to-date: /home/autopilot/ws/restackcell/ws_moveit2/install/moveit_backend/install/moveit_backend/meshes/ur5
[2.147s] -- Up-to-date: /home/autopilot/ws/restackcell/ws_moveit2/install/moveit_backend/install/moveit_backend/meshes/ur5/collision
[2.147s] -- Up-to-date: /home/autopilot/ws/restackcell/ws_moveit2/install/moveit_backend/install/moveit_backend/meshes/ur5/collision/forearm.stl
[2.147s] -- Up-to-date: /home/autopilot/ws/restackcell/ws_moveit2/install/moveit_backend/install/moveit_backend/meshes/ur5/collision/base.stl
[2.147s] -- Up-to-date: /home/autopilot/ws/restackcell/ws_moveit2/install/moveit_backend/install/moveit_backend/meshes/ur5/collision/wrist2.stl
[2.147s] -- Up-to-date: /home/autopilot/ws/restackcell/ws_moveit2/install/moveit_backend/install/moveit_backend/meshes/ur5/collision/wrist3.stl
[2.147s] -- Up-to-date: /home/autopilot/ws/restackcell/ws_moveit2/install/moveit_backend/install/moveit_backend/meshes/ur5/collision/wrist1.stl
[2.148s] -- Up-to-date: /home/autopilot/ws/restackcell/ws_moveit2/install/moveit_backend/install/moveit_backend/meshes/ur5/collision/shoulder.stl
[2.148s] -- Up-to-date: /home/autopilot/ws/restackcell/ws_moveit2/install/moveit_backend/install/moveit_backend/meshes/ur5/collision/upperarm.stl
[2.148s] -- Up-to-date: /home/autopilot/ws/restackcell/ws_moveit2/install/moveit_backend/install/moveit_backend/meshes/ur5/visual
[2.148s] -- Up-to-date: /home/autopilot/ws/restackcell/ws_moveit2/install/moveit_backend/install/moveit_backend/meshes/ur5/visual/upperarm.dae
[2.150s] -- Up-to-date: /home/autopilot/ws/restackcell/ws_moveit2/install/moveit_backend/install/moveit_backend/meshes/ur5/visual/forearm.dae
[2.150s] -- Up-to-date: /home/autopilot/ws/restackcell/ws_moveit2/install/moveit_backend/install/moveit_backend/meshes/ur5/visual/shoulder.dae
[2.151s] -- Up-to-date: /home/autopilot/ws/restackcell/ws_moveit2/install/moveit_backend/install/moveit_backend/meshes/ur5/visual/wrist3.dae
[2.151s] -- Up-to-date: /home/autopilot/ws/restackcell/ws_moveit2/install/moveit_backend/install/moveit_backend/meshes/ur5/visual/wrist1.dae
[2.151s] -- Up-to-date: /home/autopilot/ws/restackcell/ws_moveit2/install/moveit_backend/install/moveit_backend/meshes/ur5/visual/wrist2.dae
[2.151s] -- Up-to-date: /home/autopilot/ws/restackcell/ws_moveit2/install/moveit_backend/install/moveit_backend/meshes/ur5/visual/base.dae
[2.151s] -- Up-to-date: /home/autopilot/ws/restackcell/ws_moveit2/install/moveit_backend/install/moveit_backend/urdf
[2.151s] -- Up-to-date: /home/autopilot/ws/restackcell/ws_moveit2/install/moveit_backend/install/moveit_backend/urdf/ur.ros2_control.xacro
[2.152s] -- Up-to-date: /home/autopilot/ws/restackcell/ws_moveit2/install/moveit_backend/install/moveit_backend/urdf/ur.urdf.xacro
[2.152s] -- Up-to-date: /home/autopilot/ws/restackcell/ws_moveit2/install/moveit_backend/install/moveit_backend/urdf/inc
[2.152s] -- Up-to-date: /home/autopilot/ws/restackcell/ws_moveit2/install/moveit_backend/install/moveit_backend/urdf/inc/ur_transmissions.xacro
[2.152s] -- Up-to-date: /home/autopilot/ws/restackcell/ws_moveit2/install/moveit_backend/install/moveit_backend/urdf/inc/ur_common.xacro
[2.152s] -- Up-to-date: /home/autopilot/ws/restackcell/ws_moveit2/install/moveit_backend/install/moveit_backend/urdf/ur_macro.xacro
[2.152s] -- Up-to-date: /home/autopilot/ws/restackcell/ws_moveit2/install/moveit_backend/share/ament_index/resource_index/package_run_dependencies/moveit_backend
[2.154s] -- Up-to-date: /home/autopilot/ws/restackcell/ws_moveit2/install/moveit_backend/share/ament_index/resource_index/parent_prefix_path/moveit_backend
[2.155s] -- Up-to-date: /home/autopilot/ws/restackcell/ws_moveit2/install/moveit_backend/share/moveit_backend/environment/ament_prefix_path.sh
[2.155s] -- Up-to-date: /home/autopilot/ws/restackcell/ws_moveit2/install/moveit_backend/share/moveit_backend/environment/ament_prefix_path.dsv
[2.155s] -- Up-to-date: /home/autopilot/ws/restackcell/ws_moveit2/install/moveit_backend/share/moveit_backend/environment/path.sh
[2.155s] -- Up-to-date: /home/autopilot/ws/restackcell/ws_moveit2/install/moveit_backend/share/moveit_backend/environment/path.dsv
[2.155s] -- Up-to-date: /home/autopilot/ws/restackcell/ws_moveit2/install/moveit_backend/share/moveit_backend/local_setup.bash
[2.155s] -- Up-to-date: /home/autopilot/ws/restackcell/ws_moveit2/install/moveit_backend/share/moveit_backend/local_setup.sh
[2.155s] -- Up-to-date: /home/autopilot/ws/restackcell/ws_moveit2/install/moveit_backend/share/moveit_backend/local_setup.zsh
[2.156s] -- Up-to-date: /home/autopilot/ws/restackcell/ws_moveit2/install/moveit_backend/share/moveit_backend/local_setup.dsv
[2.156s] -- Installing: /home/autopilot/ws/restackcell/ws_moveit2/install/moveit_backend/share/moveit_backend/package.dsv
[2.156s] -- Up-to-date: /home/autopilot/ws/restackcell/ws_moveit2/install/moveit_backend/share/ament_index/resource_index/packages/moveit_backend
[2.158s] -- Up-to-date: /home/autopilot/ws/restackcell/ws_moveit2/install/moveit_backend/share/moveit_backend/cmake/moveit_backendConfig.cmake
[2.159s] -- Up-to-date: /home/autopilot/ws/restackcell/ws_moveit2/install/moveit_backend/share/moveit_backend/cmake/moveit_backendConfig-version.cmake
[2.159s] -- Up-to-date: /home/autopilot/ws/restackcell/ws_moveit2/install/moveit_backend/share/moveit_backend/package.xml
[2.894s] Invoked command in '/home/autopilot/ws/restackcell/ws_moveit2/build/moveit_backend' returned '0': CMAKE_PREFIX_PATH=/home/autopilot/ws/restackcell/ws_moveit2/install/robo_planner_py:/home/autopilot/ws/restackcell/ws_moveit2/install/grid_snapper:/home/autopilot/ws/restackcell/ws_moveit2/install/opcua_client:/home/autopilot/ws/restackcell/ws_moveit2/install/interface_opcua:/opt/ros/humble:/home/autopilot/ws/restackcell/ws_moveit2/install/wzlscheduler_interfaces:/home/autopilot/ws/restackcell/ws_moveit2/install/robo_planner:/home/autopilot/ws/restackcell/ws_moveit2/install/pcl_segmentation:/home/autopilot/ws/restackcell/ws_moveit2/install/moveit_backend:/home/autopilot/ws/restackcell/ws_moveit2/install/mockup_robot:/home/autopilot/ws/restackcell/ws_moveit2/install/ur_pilz:/home/autopilot/ws/restackcell/ws_moveit2/install/robo_planner_msgs:/home/autopilot/ws/restackcell/ws_moveit2/install/opcua_interfaces PYTHONPATH=/home/autopilot/ws/restackcell/ws_moveit2/install/wzlscheduler_interfaces/local/lib/python3.10/dist-packages:/home/autopilot/ws/restackcell/ws_moveit2/install/robo_planner_py/lib/python3.10/site-packages:/home/autopilot/ws/restackcell/ws_moveit2/install/grid_snapper/lib/python3.10/site-packages:/home/autopilot/ws/restackcell/ws_moveit2/install/robo_planner_msgs/local/lib/python3.10/dist-packages:/home/autopilot/ws/restackcell/ws_moveit2/install/opcua_client/lib/python3.10/site-packages:/home/autopilot/ws/restackcell/ws_moveit2/install/opcua_interfaces/local/lib/python3.10/dist-packages:/home/autopilot/ws/restackcell/ws_moveit2/install/interface_opcua/lib/python3.10/site-packages:/opt/ros/humble/lib/python3.10/site-packages:/opt/ros/humble/local/lib/python3.10/dist-packages /usr/bin/cmake --install /home/autopilot/ws/restackcell/ws_moveit2/build/moveit_backend
