[0.122s] Invoking command in '/home/autopilot/ws/restackcell/ws_moveit2/build/ur_pilz': CMAKE_PREFIX_PATH=/home/autopilot/ws/restackcell/ws_moveit2/install/robo_planner:/home/autopilot/ws/restackcell/ws_moveit2/install/pcl_segmentation:/home/autopilot/ws/restackcell/ws_moveit2/install/moveit_backend:/home/autopilot/ws/restackcell/ws_moveit2/install/mockup_robot:/home/autopilot/ws/restackcell/ws_moveit2/install/robo_planner_py:/home/autopilot/ws/restackcell/ws_moveit2/install/grid_snapper:/home/autopilot/ws/restackcell/ws_moveit2/install/opcua_client:/home/autopilot/ws/restackcell/ws_moveit2/install/interface_opcua:/opt/ros/humble:/home/autopilot/ws/restackcell/ws_moveit2/install/wzlscheduler_interfaces:/home/autopilot/ws/restackcell/ws_moveit2/install/ur_pilz:/home/autopilot/ws/restackcell/ws_moveit2/install/robo_planner_msgs:/home/autopilot/ws/restackcell/ws_moveit2/install/opcua_interfaces /usr/bin/cmake --build /home/autopilot/ws/restackcell/ws_moveit2/build/ur_pilz -- -j4 -l4
[1.495s] Invoked command in '/home/autopilot/ws/restackcell/ws_moveit2/build/ur_pilz' returned '0': CMAKE_PREFIX_PATH=/home/autopilot/ws/restackcell/ws_moveit2/install/robo_planner:/home/autopilot/ws/restackcell/ws_moveit2/install/pcl_segmentation:/home/autopilot/ws/restackcell/ws_moveit2/install/moveit_backend:/home/autopilot/ws/restackcell/ws_moveit2/install/mockup_robot:/home/autopilot/ws/restackcell/ws_moveit2/install/robo_planner_py:/home/autopilot/ws/restackcell/ws_moveit2/install/grid_snapper:/home/autopilot/ws/restackcell/ws_moveit2/install/opcua_client:/home/autopilot/ws/restackcell/ws_moveit2/install/interface_opcua:/opt/ros/humble:/home/autopilot/ws/restackcell/ws_moveit2/install/wzlscheduler_interfaces:/home/autopilot/ws/restackcell/ws_moveit2/install/ur_pilz:/home/autopilot/ws/restackcell/ws_moveit2/install/robo_planner_msgs:/home/autopilot/ws/restackcell/ws_moveit2/install/opcua_interfaces /usr/bin/cmake --build /home/autopilot/ws/restackcell/ws_moveit2/build/ur_pilz -- -j4 -l4
[1.681s] Invoking command in '/home/autopilot/ws/restackcell/ws_moveit2/build/ur_pilz': CMAKE_PREFIX_PATH=/home/autopilot/ws/restackcell/ws_moveit2/install/robo_planner:/home/autopilot/ws/restackcell/ws_moveit2/install/pcl_segmentation:/home/autopilot/ws/restackcell/ws_moveit2/install/moveit_backend:/home/autopilot/ws/restackcell/ws_moveit2/install/mockup_robot:/home/autopilot/ws/restackcell/ws_moveit2/install/robo_planner_py:/home/autopilot/ws/restackcell/ws_moveit2/install/grid_snapper:/home/autopilot/ws/restackcell/ws_moveit2/install/opcua_client:/home/autopilot/ws/restackcell/ws_moveit2/install/interface_opcua:/opt/ros/humble:/home/autopilot/ws/restackcell/ws_moveit2/install/wzlscheduler_interfaces:/home/autopilot/ws/restackcell/ws_moveit2/install/ur_pilz:/home/autopilot/ws/restackcell/ws_moveit2/install/robo_planner_msgs:/home/autopilot/ws/restackcell/ws_moveit2/install/opcua_interfaces /usr/bin/cmake --install /home/autopilot/ws/restackcell/ws_moveit2/build/ur_pilz
[1.715s] -- Install configuration: ""
[1.715s] -- Up-to-date: /home/autopilot/ws/restackcell/ws_moveit2/install/ur_pilz/share/ur_pilz/launch
[1.715s] -- Up-to-date: /home/autopilot/ws/restackcell/ws_moveit2/install/ur_pilz/share/ur_pilz/launch/install
[1.715s] -- Up-to-date: /home/autopilot/ws/restackcell/ws_moveit2/install/ur_pilz/share/ur_pilz/launch/install/.colcon_install_layout
[1.716s] -- Up-to-date: /home/autopilot/ws/restackcell/ws_moveit2/install/ur_pilz/share/ur_pilz/launch/install/_local_setup_util_ps1.py
[1.722s] -- Up-to-date: /home/autopilot/ws/restackcell/ws_moveit2/install/ur_pilz/share/ur_pilz/launch/install/local_setup.zsh
[1.722s] -- Up-to-date: /home/autopilot/ws/restackcell/ws_moveit2/install/ur_pilz/share/ur_pilz/launch/install/local_setup.sh
[1.722s] -- Up-to-date: /home/autopilot/ws/restackcell/ws_moveit2/install/ur_pilz/share/ur_pilz/launch/install/setup.bash
[1.722s] -- Up-to-date: /home/autopilot/ws/restackcell/ws_moveit2/install/ur_pilz/share/ur_pilz/launch/install/_local_setup_util_sh.py
[1.722s] -- Up-to-date: /home/autopilot/ws/restackcell/ws_moveit2/install/ur_pilz/share/ur_pilz/launch/install/setup.ps1
[1.723s] -- Up-to-date: /home/autopilot/ws/restackcell/ws_moveit2/install/ur_pilz/share/ur_pilz/launch/install/setup.zsh
[1.723s] -- Up-to-date: /home/autopilot/ws/restackcell/ws_moveit2/install/ur_pilz/share/ur_pilz/launch/install/local_setup.ps1
[1.723s] -- Up-to-date: /home/autopilot/ws/restackcell/ws_moveit2/install/ur_pilz/share/ur_pilz/launch/install/local_setup.bash
[1.723s] -- Up-to-date: /home/autopilot/ws/restackcell/ws_moveit2/install/ur_pilz/share/ur_pilz/launch/install/COLCON_IGNORE
[1.723s] -- Up-to-date: /home/autopilot/ws/restackcell/ws_moveit2/install/ur_pilz/share/ur_pilz/launch/install/setup.sh
[1.723s] -- Up-to-date: /home/autopilot/ws/restackcell/ws_moveit2/install/ur_pilz/share/ur_pilz/launch/log
[1.724s] -- Up-to-date: /home/autopilot/ws/restackcell/ws_moveit2/install/ur_pilz/share/ur_pilz/launch/log/build_2024-09-23_14-40-11
[1.724s] -- Up-to-date: /home/autopilot/ws/restackcell/ws_moveit2/install/ur_pilz/share/ur_pilz/launch/log/build_2024-09-23_14-40-11/logger_all.log
[1.725s] -- Up-to-date: /home/autopilot/ws/restackcell/ws_moveit2/install/ur_pilz/share/ur_pilz/launch/log/build_2024-09-23_14-40-11/events.log
[1.725s] -- Up-to-date: /home/autopilot/ws/restackcell/ws_moveit2/install/ur_pilz/share/ur_pilz/launch/log/latest
[1.725s] -- Up-to-date: /home/autopilot/ws/restackcell/ws_moveit2/install/ur_pilz/share/ur_pilz/launch/log/COLCON_IGNORE
[1.725s] -- Up-to-date: /home/autopilot/ws/restackcell/ws_moveit2/install/ur_pilz/share/ur_pilz/launch/log/latest_build
[1.725s] -- Up-to-date: /home/autopilot/ws/restackcell/ws_moveit2/install/ur_pilz/share/ur_pilz/launch/ur_pilz.launch.py
[1.725s] -- Up-to-date: /home/autopilot/ws/restackcell/ws_moveit2/install/ur_pilz/share/ur_pilz/launch/build
[1.725s] -- Up-to-date: /home/autopilot/ws/restackcell/ws_moveit2/install/ur_pilz/share/ur_pilz/launch/build/COLCON_IGNORE
[1.726s] -- Up-to-date: /home/autopilot/ws/restackcell/ws_moveit2/install/ur_pilz/share/ur_pilz/launch/build/.built_by
[1.726s] -- Up-to-date: /home/autopilot/ws/restackcell/ws_moveit2/install/ur_pilz/share/ur_pilz/config
[1.726s] -- Up-to-date: /home/autopilot/ws/restackcell/ws_moveit2/install/ur_pilz/share/ur_pilz/config/joint_limits.yaml
[1.726s] -- Up-to-date: /home/autopilot/ws/restackcell/ws_moveit2/install/ur_pilz/share/ur_pilz/config/pilz_cartesian_limits.yaml
[1.726s] -- Up-to-date: /home/autopilot/ws/restackcell/ws_moveit2/install/ur_pilz/share/ur_pilz/config/pilz_industrial_motion_planner_planning.yaml
[1.726s] -- Up-to-date: /home/autopilot/ws/restackcell/ws_moveit2/install/ur_pilz/share/ament_index/resource_index/package_run_dependencies/ur_pilz
[1.726s] -- Up-to-date: /home/autopilot/ws/restackcell/ws_moveit2/install/ur_pilz/share/ament_index/resource_index/parent_prefix_path/ur_pilz
[1.727s] -- Up-to-date: /home/autopilot/ws/restackcell/ws_moveit2/install/ur_pilz/share/ur_pilz/environment/ament_prefix_path.sh
[1.737s] -- Up-to-date: /home/autopilot/ws/restackcell/ws_moveit2/install/ur_pilz/share/ur_pilz/environment/ament_prefix_path.dsv
[1.737s] -- Up-to-date: /home/autopilot/ws/restackcell/ws_moveit2/install/ur_pilz/share/ur_pilz/environment/path.sh
[1.738s] -- Up-to-date: /home/autopilot/ws/restackcell/ws_moveit2/install/ur_pilz/share/ur_pilz/environment/path.dsv
[1.738s] -- Up-to-date: /home/autopilot/ws/restackcell/ws_moveit2/install/ur_pilz/share/ur_pilz/local_setup.bash
[1.738s] -- Up-to-date: /home/autopilot/ws/restackcell/ws_moveit2/install/ur_pilz/share/ur_pilz/local_setup.sh
[1.738s] -- Up-to-date: /home/autopilot/ws/restackcell/ws_moveit2/install/ur_pilz/share/ur_pilz/local_setup.zsh
[1.738s] -- Up-to-date: /home/autopilot/ws/restackcell/ws_moveit2/install/ur_pilz/share/ur_pilz/local_setup.dsv
[1.739s] -- Installing: /home/autopilot/ws/restackcell/ws_moveit2/install/ur_pilz/share/ur_pilz/package.dsv
[1.739s] -- Up-to-date: /home/autopilot/ws/restackcell/ws_moveit2/install/ur_pilz/share/ament_index/resource_index/packages/ur_pilz
[1.739s] -- Up-to-date: /home/autopilot/ws/restackcell/ws_moveit2/install/ur_pilz/share/ur_pilz/cmake/ur_pilzConfig.cmake
[1.739s] -- Up-to-date: /home/autopilot/ws/restackcell/ws_moveit2/install/ur_pilz/share/ur_pilz/cmake/ur_pilzConfig-version.cmake
[1.739s] -- Up-to-date: /home/autopilot/ws/restackcell/ws_moveit2/install/ur_pilz/share/ur_pilz/package.xml
[1.740s] Invoked command in '/home/autopilot/ws/restackcell/ws_moveit2/build/ur_pilz' returned '0': CMAKE_PREFIX_PATH=/home/autopilot/ws/restackcell/ws_moveit2/install/robo_planner:/home/autopilot/ws/restackcell/ws_moveit2/install/pcl_segmentation:/home/autopilot/ws/restackcell/ws_moveit2/install/moveit_backend:/home/autopilot/ws/restackcell/ws_moveit2/install/mockup_robot:/home/autopilot/ws/restackcell/ws_moveit2/install/robo_planner_py:/home/autopilot/ws/restackcell/ws_moveit2/install/grid_snapper:/home/autopilot/ws/restackcell/ws_moveit2/install/opcua_client:/home/autopilot/ws/restackcell/ws_moveit2/install/interface_opcua:/opt/ros/humble:/home/autopilot/ws/restackcell/ws_moveit2/install/wzlscheduler_interfaces:/home/autopilot/ws/restackcell/ws_moveit2/install/ur_pilz:/home/autopilot/ws/restackcell/ws_moveit2/install/robo_planner_msgs:/home/autopilot/ws/restackcell/ws_moveit2/install/opcua_interfaces /usr/bin/cmake --install /home/autopilot/ws/restackcell/ws_moveit2/build/ur_pilz
