[0.091s] Invoking command in '/home/autopilot/ws/restackcell/build/robo_planner': AMENT_PREFIX_PATH=/home/autopilot/ws/restackcell/install/opcua_interfaces:${AMENT_PREFIX_PATH} CMAKE_PREFIX_PATH=/opt/ros/humble:/home/autopilot/ws/restackcell/install/wzlscheduler_interfaces:/home/autopilot/ws/restackcell/install/opcua_interfaces LD_LIBRARY_PATH=/home/autopilot/ws/restackcell/install/wzlscheduler_interfaces/lib:/home/autopilot/ws/restackcell/install/opcua_interfaces/lib:${LD_LIBRARY_PATH} PKG_CONFIG_PATH=/home/autopilot/ws/restackcell/install/wzlscheduler_interfaces/lib/aarch64-linux-gnu/pkgconfig:/home/autopilot/ws/restackcell/install/wzlscheduler_interfaces/lib/pkgconfig PYTHONPATH=/home/autopilot/ws/restackcell/install/wzlscheduler_interfaces/local/lib/python3.10/dist-packages:/home/autopilot/ws/restackcell/install/opcua_interfaces/local/lib/python3.10/dist-packages:${PYTHONPATH} ROS_PACKAGE_PATH=/home/autopilot/ws/restackcell/install/wzlscheduler_interfaces/share /usr/bin/cmake --build /home/autopilot/ws/restackcell/build/robo_planner -- -j4 -l4
[0.300s] [35m[1mConsolidate compiler generated dependencies of target robo_planner[0m
[0.530s] [100%] Built target robo_planner
[0.914s] Invoked command in '/home/autopilot/ws/restackcell/build/robo_planner' returned '0': AMENT_PREFIX_PATH=/home/autopilot/ws/restackcell/install/opcua_interfaces:${AMENT_PREFIX_PATH} CMAKE_PREFIX_PATH=/opt/ros/humble:/home/autopilot/ws/restackcell/install/wzlscheduler_interfaces:/home/autopilot/ws/restackcell/install/opcua_interfaces LD_LIBRARY_PATH=/home/autopilot/ws/restackcell/install/wzlscheduler_interfaces/lib:/home/autopilot/ws/restackcell/install/opcua_interfaces/lib:${LD_LIBRARY_PATH} PKG_CONFIG_PATH=/home/autopilot/ws/restackcell/install/wzlscheduler_interfaces/lib/aarch64-linux-gnu/pkgconfig:/home/autopilot/ws/restackcell/install/wzlscheduler_interfaces/lib/pkgconfig PYTHONPATH=/home/autopilot/ws/restackcell/install/wzlscheduler_interfaces/local/lib/python3.10/dist-packages:/home/autopilot/ws/restackcell/install/opcua_interfaces/local/lib/python3.10/dist-packages:${PYTHONPATH} ROS_PACKAGE_PATH=/home/autopilot/ws/restackcell/install/wzlscheduler_interfaces/share /usr/bin/cmake --build /home/autopilot/ws/restackcell/build/robo_planner -- -j4 -l4
[1.213s] Invoking command in '/home/autopilot/ws/restackcell/build/robo_planner': AMENT_PREFIX_PATH=/home/autopilot/ws/restackcell/install/opcua_interfaces:${AMENT_PREFIX_PATH} CMAKE_PREFIX_PATH=/opt/ros/humble:/home/autopilot/ws/restackcell/install/wzlscheduler_interfaces:/home/autopilot/ws/restackcell/install/opcua_interfaces LD_LIBRARY_PATH=/home/autopilot/ws/restackcell/install/wzlscheduler_interfaces/lib:/home/autopilot/ws/restackcell/install/opcua_interfaces/lib:${LD_LIBRARY_PATH} PKG_CONFIG_PATH=/home/autopilot/ws/restackcell/install/wzlscheduler_interfaces/lib/aarch64-linux-gnu/pkgconfig:/home/autopilot/ws/restackcell/install/wzlscheduler_interfaces/lib/pkgconfig PYTHONPATH=/home/autopilot/ws/restackcell/install/wzlscheduler_interfaces/local/lib/python3.10/dist-packages:/home/autopilot/ws/restackcell/install/opcua_interfaces/local/lib/python3.10/dist-packages:${PYTHONPATH} ROS_PACKAGE_PATH=/home/autopilot/ws/restackcell/install/wzlscheduler_interfaces/share /usr/bin/cmake --install /home/autopilot/ws/restackcell/build/robo_planner
[1.251s] -- Install configuration: ""
[1.251s] -- Up-to-date: /home/autopilot/ws/restackcell/install/robo_planner/lib/robo_planner/robo_planner
[1.252s] -- Up-to-date: /home/autopilot/ws/restackcell/install/robo_planner/share/robo_planner/launch
[1.253s] -- Up-to-date: /home/autopilot/ws/restackcell/install/robo_planner/share/robo_planner/launch/__pycache__
[1.253s] -- Up-to-date: /home/autopilot/ws/restackcell/install/robo_planner/share/robo_planner/launch/__pycache__/ur_planner.cpython-310.pyc
[1.253s] -- Up-to-date: /home/autopilot/ws/restackcell/install/robo_planner/share/robo_planner/launch/__pycache__/hello_moveit_ur_launch.cpython-310.pyc
[1.253s] -- Up-to-date: /home/autopilot/ws/restackcell/install/robo_planner/share/robo_planner/launch/__pycache__/mockup_robot.cpython-310.pyc
[1.253s] -- Up-to-date: /home/autopilot/ws/restackcell/install/robo_planner/share/robo_planner/launch/__pycache__/ur_planner_pilz.cpython-310.pyc
[1.253s] -- Up-to-date: /home/autopilot/ws/restackcell/install/robo_planner/share/robo_planner/launch/ur_moveit_pilz.launch.py
[1.254s] -- Up-to-date: /home/autopilot/ws/restackcell/install/robo_planner/share/robo_planner/launch/ur_planner_launch.py
[1.254s] -- Up-to-date: /home/autopilot/ws/restackcell/install/robo_planner/share/robo_planner/launch/ur_simulation.py
[1.259s] -- Up-to-date: /home/autopilot/ws/restackcell/install/robo_planner/share/robo_planner/launch/mockup_robot.py
[1.259s] -- Up-to-date: /home/autopilot/ws/restackcell/install/robo_planner/share/robo_planner/launch/ur_planner_pilz_launch.py
[1.259s] -- Up-to-date: /home/autopilot/ws/restackcell/install/robo_planner/share/robo_planner/launch/hello_moveit_ur_launch.py
[1.260s] -- Up-to-date: /home/autopilot/ws/restackcell/install/robo_planner/share/robo_planner/config
[1.260s] -- Up-to-date: /home/autopilot/ws/restackcell/install/robo_planner/share/robo_planner/config/share
[1.260s] -- Up-to-date: /home/autopilot/ws/restackcell/install/robo_planner/share/robo_planner/config/share/ur_description
[1.260s] -- Up-to-date: /home/autopilot/ws/restackcell/install/robo_planner/share/robo_planner/config/share/ur_description/package.dsv
[1.260s] -- Up-to-date: /home/autopilot/ws/restackcell/install/robo_planner/share/robo_planner/config/share/ur_description/urdf
[1.260s] -- Up-to-date: /home/autopilot/ws/restackcell/install/robo_planner/share/robo_planner/config/share/ur_description/urdf/ur_macro.xacro_restack
[1.260s] -- Up-to-date: /home/autopilot/ws/restackcell/install/robo_planner/share/robo_planner/config/share/ur_description/urdf/ur_macro.xacro2
[1.260s] -- Up-to-date: /home/autopilot/ws/restackcell/install/robo_planner/share/robo_planner/config/share/ur_description/urdf/ur.ros2_control.xacro
[1.261s] -- Up-to-date: /home/autopilot/ws/restackcell/install/robo_planner/share/robo_planner/config/share/ur_description/urdf/ur.urdf.xacro
[1.261s] -- Up-to-date: /home/autopilot/ws/restackcell/install/robo_planner/share/robo_planner/config/share/ur_description/urdf/ur_macro.xacro_original
[1.261s] -- Up-to-date: /home/autopilot/ws/restackcell/install/robo_planner/share/robo_planner/config/share/ur_description/urdf/inc
[1.261s] -- Up-to-date: /home/autopilot/ws/restackcell/install/robo_planner/share/robo_planner/config/share/ur_description/urdf/inc/ur_transmissions.xacro
[1.261s] -- Up-to-date: /home/autopilot/ws/restackcell/install/robo_planner/share/robo_planner/config/share/ur_description/urdf/inc/ur_common.xacro
[1.261s] -- Up-to-date: /home/autopilot/ws/restackcell/install/robo_planner/share/robo_planner/config/share/ur_description/urdf/ur_macro.xacro
[1.261s] -- Up-to-date: /home/autopilot/ws/restackcell/install/robo_planner/share/robo_planner/config/share/ur_description/local_setup.zsh
[1.261s] -- Up-to-date: /home/autopilot/ws/restackcell/install/robo_planner/share/robo_planner/config/share/ur_description/rviz
[1.262s] -- Up-to-date: /home/autopilot/ws/restackcell/install/robo_planner/share/robo_planner/config/share/ur_description/rviz/view_robot.rviz
[1.262s] -- Up-to-date: /home/autopilot/ws/restackcell/install/robo_planner/share/robo_planner/config/share/ur_description/local_setup.sh
[1.262s] -- Up-to-date: /home/autopilot/ws/restackcell/install/robo_planner/share/robo_planner/config/share/ur_description/cmake
[1.262s] -- Up-to-date: /home/autopilot/ws/restackcell/install/robo_planner/share/robo_planner/config/share/ur_description/cmake/ur_descriptionConfig-version.cmake
[1.262s] -- Up-to-date: /home/autopilot/ws/restackcell/install/robo_planner/share/robo_planner/config/share/ur_description/cmake/ur_descriptionConfig.cmake
[1.262s] -- Up-to-date: /home/autopilot/ws/restackcell/install/robo_planner/share/robo_planner/config/share/ur_description/local_setup.dsv
[1.262s] -- Up-to-date: /home/autopilot/ws/restackcell/install/robo_planner/share/robo_planner/config/share/ur_description/config
[1.263s] -- Up-to-date: /home/autopilot/ws/restackcell/install/robo_planner/share/robo_planner/config/share/ur_description/config/ur20
[1.263s] -- Up-to-date: /home/autopilot/ws/restackcell/install/robo_planner/share/robo_planner/config/share/ur_description/config/ur20/visual_parameters.yaml
[1.263s] -- Up-to-date: /home/autopilot/ws/restackcell/install/robo_planner/share/robo_planner/config/share/ur_description/config/ur20/default_kinematics.yaml
[1.263s] -- Up-to-date: /home/autopilot/ws/restackcell/install/robo_planner/share/robo_planner/config/share/ur_description/config/ur20/joint_limits.yaml
[1.263s] -- Up-to-date: /home/autopilot/ws/restackcell/install/robo_planner/share/robo_planner/config/share/ur_description/config/ur20/physical_parameters.yaml
[1.263s] -- Up-to-date: /home/autopilot/ws/restackcell/install/robo_planner/share/robo_planner/config/share/ur_description/config/ur5e
[1.263s] -- Up-to-date: /home/autopilot/ws/restackcell/install/robo_planner/share/robo_planner/config/share/ur_description/config/ur5e/visual_parameters.yaml
[1.263s] -- Up-to-date: /home/autopilot/ws/restackcell/install/robo_planner/share/robo_planner/config/share/ur_description/config/ur5e/default_kinematics.yaml
[1.264s] -- Up-to-date: /home/autopilot/ws/restackcell/install/robo_planner/share/robo_planner/config/share/ur_description/config/ur5e/joint_limits.yaml
[1.264s] -- Up-to-date: /home/autopilot/ws/restackcell/install/robo_planner/share/robo_planner/config/share/ur_description/config/ur5e/physical_parameters.yaml
[1.264s] -- Up-to-date: /home/autopilot/ws/restackcell/install/robo_planner/share/robo_planner/config/share/ur_description/config/ur3
[1.264s] -- Up-to-date: /home/autopilot/ws/restackcell/install/robo_planner/share/robo_planner/config/share/ur_description/config/ur3/visual_parameters.yaml
[1.264s] -- Up-to-date: /home/autopilot/ws/restackcell/install/robo_planner/share/robo_planner/config/share/ur_description/config/ur3/default_kinematics.yaml
[1.264s] -- Up-to-date: /home/autopilot/ws/restackcell/install/robo_planner/share/robo_planner/config/share/ur_description/config/ur3/joint_limits.yaml
[1.264s] -- Up-to-date: /home/autopilot/ws/restackcell/install/robo_planner/share/robo_planner/config/share/ur_description/config/ur3/physical_parameters.yaml
[1.265s] -- Up-to-date: /home/autopilot/ws/restackcell/install/robo_planner/share/robo_planner/config/share/ur_description/config/ur16e
[1.265s] -- Up-to-date: /home/autopilot/ws/restackcell/install/robo_planner/share/robo_planner/config/share/ur_description/config/ur16e/visual_parameters.yaml
[1.265s] -- Up-to-date: /home/autopilot/ws/restackcell/install/robo_planner/share/robo_planner/config/share/ur_description/config/ur16e/default_kinematics.yaml
[1.265s] -- Up-to-date: /home/autopilot/ws/restackcell/install/robo_planner/share/robo_planner/config/share/ur_description/config/ur16e/joint_limits_old.yaml
[1.265s] -- Up-to-date: /home/autopilot/ws/restackcell/install/robo_planner/share/robo_planner/config/share/ur_description/config/ur16e/default_kinematics_calibrated.yaml
[1.265s] -- Up-to-date: /home/autopilot/ws/restackcell/install/robo_planner/share/robo_planner/config/share/ur_description/config/ur16e/joint_limits.yaml
[1.266s] -- Up-to-date: /home/autopilot/ws/restackcell/install/robo_planner/share/robo_planner/config/share/ur_description/config/ur16e/pilz_cartesian_limits.yaml
[1.266s] -- Up-to-date: /home/autopilot/ws/restackcell/install/robo_planner/share/robo_planner/config/share/ur_description/config/ur16e/default_kinematics_original.yaml
[1.266s] -- Up-to-date: /home/autopilot/ws/restackcell/install/robo_planner/share/robo_planner/config/share/ur_description/config/ur16e/physical_parameters.yaml
[1.266s] -- Up-to-date: /home/autopilot/ws/restackcell/install/robo_planner/share/robo_planner/config/share/ur_description/config/ur3e
[1.266s] -- Up-to-date: /home/autopilot/ws/restackcell/install/robo_planner/share/robo_planner/config/share/ur_description/config/ur3e/visual_parameters.yaml
[1.266s] -- Up-to-date: /home/autopilot/ws/restackcell/install/robo_planner/share/robo_planner/config/share/ur_description/config/ur3e/default_kinematics.yaml
[1.266s] -- Up-to-date: /home/autopilot/ws/restackcell/install/robo_planner/share/robo_planner/config/share/ur_description/config/ur3e/joint_limits.yaml
[1.267s] -- Up-to-date: /home/autopilot/ws/restackcell/install/robo_planner/share/robo_planner/config/share/ur_description/config/ur3e/physical_parameters.yaml
[1.267s] -- Up-to-date: /home/autopilot/ws/restackcell/install/robo_planner/share/robo_planner/config/share/ur_description/config/initial_positions.yaml
[1.267s] -- Up-to-date: /home/autopilot/ws/restackcell/install/robo_planner/share/robo_planner/config/share/ur_description/config/ur30
[1.267s] -- Up-to-date: /home/autopilot/ws/restackcell/install/robo_planner/share/robo_planner/config/share/ur_description/config/ur30/visual_parameters.yaml
[1.267s] -- Up-to-date: /home/autopilot/ws/restackcell/install/robo_planner/share/robo_planner/config/share/ur_description/config/ur30/default_kinematics.yaml
[1.267s] -- Up-to-date: /home/autopilot/ws/restackcell/install/robo_planner/share/robo_planner/config/share/ur_description/config/ur30/joint_limits.yaml
[1.279s] -- Up-to-date: /home/autopilot/ws/restackcell/install/robo_planner/share/robo_planner/config/share/ur_description/config/ur30/physical_parameters.yaml
[1.280s] -- Up-to-date: /home/autopilot/ws/restackcell/install/robo_planner/share/robo_planner/config/share/ur_description/config/ur16e_old
[1.280s] -- Up-to-date: /home/autopilot/ws/restackcell/install/robo_planner/share/robo_planner/config/share/ur_description/config/ur16e_old/visual_parameters.yaml
[1.280s] -- Up-to-date: /home/autopilot/ws/restackcell/install/robo_planner/share/robo_planner/config/share/ur_description/config/ur16e_old/default_kinematics.yaml
[1.280s] -- Up-to-date: /home/autopilot/ws/restackcell/install/robo_planner/share/robo_planner/config/share/ur_description/config/ur16e_old/joint_limits.yaml
[1.281s] -- Up-to-date: /home/autopilot/ws/restackcell/install/robo_planner/share/robo_planner/config/share/ur_description/config/ur16e_old/physical_parameters.yaml
[1.281s] -- Up-to-date: /home/autopilot/ws/restackcell/install/robo_planner/share/robo_planner/config/share/ur_description/config/ur10e
[1.281s] -- Up-to-date: /home/autopilot/ws/restackcell/install/robo_planner/share/robo_planner/config/share/ur_description/config/ur10e/visual_parameters.yaml
[1.281s] -- Up-to-date: /home/autopilot/ws/restackcell/install/robo_planner/share/robo_planner/config/share/ur_description/config/ur10e/default_kinematics.yaml
[1.282s] -- Up-to-date: /home/autopilot/ws/restackcell/install/robo_planner/share/robo_planner/config/share/ur_description/config/ur10e/joint_limits.yaml
[1.282s] -- Up-to-date: /home/autopilot/ws/restackcell/install/robo_planner/share/robo_planner/config/share/ur_description/config/ur10e/physical_parameters.yaml
[1.282s] -- Up-to-date: /home/autopilot/ws/restackcell/install/robo_planner/share/robo_planner/config/share/ur_description/config/pilz_cartesian_limits.yaml
[1.282s] -- Up-to-date: /home/autopilot/ws/restackcell/install/robo_planner/share/robo_planner/config/share/ur_description/config/pilz_industrial_motion_planner_planning.yaml
[1.283s] -- Up-to-date: /home/autopilot/ws/restackcell/install/robo_planner/share/robo_planner/config/share/ur_description/config/ur10
[1.283s] -- Up-to-date: /home/autopilot/ws/restackcell/install/robo_planner/share/robo_planner/config/share/ur_description/config/ur10/visual_parameters.yaml
[1.283s] -- Up-to-date: /home/autopilot/ws/restackcell/install/robo_planner/share/robo_planner/config/share/ur_description/config/ur10/default_kinematics.yaml
[1.283s] -- Up-to-date: /home/autopilot/ws/restackcell/install/robo_planner/share/robo_planner/config/share/ur_description/config/ur10/joint_limits.yaml
[1.284s] -- Up-to-date: /home/autopilot/ws/restackcell/install/robo_planner/share/robo_planner/config/share/ur_description/config/ur10/physical_parameters.yaml
[1.284s] -- Up-to-date: /home/autopilot/ws/restackcell/install/robo_planner/share/robo_planner/config/share/ur_description/config/ur5
[1.284s] -- Up-to-date: /home/autopilot/ws/restackcell/install/robo_planner/share/robo_planner/config/share/ur_description/config/ur5/visual_parameters.yaml
[1.284s] -- Up-to-date: /home/autopilot/ws/restackcell/install/robo_planner/share/robo_planner/config/share/ur_description/config/ur5/default_kinematics.yaml
[1.285s] -- Up-to-date: /home/autopilot/ws/restackcell/install/robo_planner/share/robo_planner/config/share/ur_description/config/ur5/joint_limits.yaml
[1.285s] -- Up-to-date: /home/autopilot/ws/restackcell/install/robo_planner/share/robo_planner/config/share/ur_description/config/ur5/physical_parameters.yaml
[1.285s] -- Up-to-date: /home/autopilot/ws/restackcell/install/robo_planner/share/robo_planner/config/share/ur_description/launch
[1.285s] -- Up-to-date: /home/autopilot/ws/restackcell/install/robo_planner/share/robo_planner/config/share/ur_description/launch/view_ur.launch.py
[1.285s] -- Up-to-date: /home/autopilot/ws/restackcell/install/robo_planner/share/robo_planner/config/share/ur_description/meshes
[1.286s] -- Up-to-date: /home/autopilot/ws/restackcell/install/robo_planner/share/robo_planner/config/share/ur_description/meshes/ur20
[1.286s] -- Up-to-date: /home/autopilot/ws/restackcell/install/robo_planner/share/robo_planner/config/share/ur_description/meshes/ur20/collision
[1.286s] -- Up-to-date: /home/autopilot/ws/restackcell/install/robo_planner/share/robo_planner/config/share/ur_description/meshes/ur20/collision/forearm.stl
[1.286s] -- Up-to-date: /home/autopilot/ws/restackcell/install/robo_planner/share/robo_planner/config/share/ur_description/meshes/ur20/collision/base.stl
[1.287s] -- Up-to-date: /home/autopilot/ws/restackcell/install/robo_planner/share/robo_planner/config/share/ur_description/meshes/ur20/collision/wrist2.stl
[1.287s] -- Up-to-date: /home/autopilot/ws/restackcell/install/robo_planner/share/robo_planner/config/share/ur_description/meshes/ur20/collision/wrist3.stl
[1.287s] -- Up-to-date: /home/autopilot/ws/restackcell/install/robo_planner/share/robo_planner/config/share/ur_description/meshes/ur20/collision/wrist1.stl
[1.295s] -- Up-to-date: /home/autopilot/ws/restackcell/install/robo_planner/share/robo_planner/config/share/ur_description/meshes/ur20/collision/shoulder.stl
[1.296s] -- Up-to-date: /home/autopilot/ws/restackcell/install/robo_planner/share/robo_planner/config/share/ur_description/meshes/ur20/collision/upperarm.stl
[1.296s] -- Up-to-date: /home/autopilot/ws/restackcell/install/robo_planner/share/robo_planner/config/share/ur_description/meshes/ur20/LICENSE.txt
[1.296s] -- Up-to-date: /home/autopilot/ws/restackcell/install/robo_planner/share/robo_planner/config/share/ur_description/meshes/ur20/visual
[1.296s] -- Up-to-date: /home/autopilot/ws/restackcell/install/robo_planner/share/robo_planner/config/share/ur_description/meshes/ur20/visual/UR20_DIFF_8bit_2K.png
[1.296s] -- Up-to-date: /home/autopilot/ws/restackcell/install/robo_planner/share/robo_planner/config/share/ur_description/meshes/ur20/visual/upperarm.dae
[1.296s] -- Up-to-date: /home/autopilot/ws/restackcell/install/robo_planner/share/robo_planner/config/share/ur_description/meshes/ur20/visual/forearm.dae
[1.296s] -- Up-to-date: /home/autopilot/ws/restackcell/install/robo_planner/share/robo_planner/config/share/ur_description/meshes/ur20/visual/shoulder.dae
[1.297s] -- Up-to-date: /home/autopilot/ws/restackcell/install/robo_planner/share/robo_planner/config/share/ur_description/meshes/ur20/visual/wrist3.dae
[1.297s] -- Up-to-date: /home/autopilot/ws/restackcell/install/robo_planner/share/robo_planner/config/share/ur_description/meshes/ur20/visual/wrist1.dae
[1.297s] -- Up-to-date: /home/autopilot/ws/restackcell/install/robo_planner/share/robo_planner/config/share/ur_description/meshes/ur20/visual/wrist2.dae
[1.297s] -- Up-to-date: /home/autopilot/ws/restackcell/install/robo_planner/share/robo_planner/config/share/ur_description/meshes/ur20/visual/base.dae
[1.297s] -- Up-to-date: /home/autopilot/ws/restackcell/install/robo_planner/share/robo_planner/config/share/ur_description/meshes/ur5e
[1.297s] -- Up-to-date: /home/autopilot/ws/restackcell/install/robo_planner/share/robo_planner/config/share/ur_description/meshes/ur5e/collision
[1.298s] -- Up-to-date: /home/autopilot/ws/restackcell/install/robo_planner/share/robo_planner/config/share/ur_description/meshes/ur5e/collision/forearm.stl
[1.298s] -- Up-to-date: /home/autopilot/ws/restackcell/install/robo_planner/share/robo_planner/config/share/ur_description/meshes/ur5e/collision/base.stl
[1.298s] -- Up-to-date: /home/autopilot/ws/restackcell/install/robo_planner/share/robo_planner/config/share/ur_description/meshes/ur5e/collision/wrist2.stl
[1.298s] -- Up-to-date: /home/autopilot/ws/restackcell/install/robo_planner/share/robo_planner/config/share/ur_description/meshes/ur5e/collision/wrist3.stl
[1.298s] -- Up-to-date: /home/autopilot/ws/restackcell/install/robo_planner/share/robo_planner/config/share/ur_description/meshes/ur5e/collision/wrist1.stl
[1.298s] -- Up-to-date: /home/autopilot/ws/restackcell/install/robo_planner/share/robo_planner/config/share/ur_description/meshes/ur5e/collision/shoulder.stl
[1.298s] -- Up-to-date: /home/autopilot/ws/restackcell/install/robo_planner/share/robo_planner/config/share/ur_description/meshes/ur5e/collision/upperarm.stl
[1.298s] -- Up-to-date: /home/autopilot/ws/restackcell/install/robo_planner/share/robo_planner/config/share/ur_description/meshes/ur5e/visual
[1.299s] -- Up-to-date: /home/autopilot/ws/restackcell/install/robo_planner/share/robo_planner/config/share/ur_description/meshes/ur5e/visual/upperarm.dae
[1.299s] -- Up-to-date: /home/autopilot/ws/restackcell/install/robo_planner/share/robo_planner/config/share/ur_description/meshes/ur5e/visual/forearm.dae
[1.299s] -- Up-to-date: /home/autopilot/ws/restackcell/install/robo_planner/share/robo_planner/config/share/ur_description/meshes/ur5e/visual/shoulder.dae
[1.299s] -- Up-to-date: /home/autopilot/ws/restackcell/install/robo_planner/share/robo_planner/config/share/ur_description/meshes/ur5e/visual/wrist3.dae
[1.299s] -- Up-to-date: /home/autopilot/ws/restackcell/install/robo_planner/share/robo_planner/config/share/ur_description/meshes/ur5e/visual/wrist1.dae
[1.299s] -- Up-to-date: /home/autopilot/ws/restackcell/install/robo_planner/share/robo_planner/config/share/ur_description/meshes/ur5e/visual/wrist2.dae
[1.299s] -- Up-to-date: /home/autopilot/ws/restackcell/install/robo_planner/share/robo_planner/config/share/ur_description/meshes/ur5e/visual/base.dae
[1.300s] -- Up-to-date: /home/autopilot/ws/restackcell/install/robo_planner/share/robo_planner/config/share/ur_description/meshes/ur3
[1.300s] -- Up-to-date: /home/autopilot/ws/restackcell/install/robo_planner/share/robo_planner/config/share/ur_description/meshes/ur3/collision
[1.300s] -- Up-to-date: /home/autopilot/ws/restackcell/install/robo_planner/share/robo_planner/config/share/ur_description/meshes/ur3/collision/forearm.stl
[1.300s] -- Up-to-date: /home/autopilot/ws/restackcell/install/robo_planner/share/robo_planner/config/share/ur_description/meshes/ur3/collision/base.stl
[1.301s] -- Up-to-date: /home/autopilot/ws/restackcell/install/robo_planner/share/robo_planner/config/share/ur_description/meshes/ur3/collision/wrist2.stl
[1.301s] -- Up-to-date: /home/autopilot/ws/restackcell/install/robo_planner/share/robo_planner/config/share/ur_description/meshes/ur3/collision/wrist3.stl
[1.301s] -- Up-to-date: /home/autopilot/ws/restackcell/install/robo_planner/share/robo_planner/config/share/ur_description/meshes/ur3/collision/wrist1.stl
[1.301s] -- Up-to-date: /home/autopilot/ws/restackcell/install/robo_planner/share/robo_planner/config/share/ur_description/meshes/ur3/collision/shoulder.stl
[1.301s] -- Up-to-date: /home/autopilot/ws/restackcell/install/robo_planner/share/robo_planner/config/share/ur_description/meshes/ur3/collision/upperarm.stl
[1.301s] -- Up-to-date: /home/autopilot/ws/restackcell/install/robo_planner/share/robo_planner/config/share/ur_description/meshes/ur3/visual
[1.301s] -- Up-to-date: /home/autopilot/ws/restackcell/install/robo_planner/share/robo_planner/config/share/ur_description/meshes/ur3/visual/upperarm.dae
[1.302s] -- Up-to-date: /home/autopilot/ws/restackcell/install/robo_planner/share/robo_planner/config/share/ur_description/meshes/ur3/visual/forearm.dae
[1.302s] -- Up-to-date: /home/autopilot/ws/restackcell/install/robo_planner/share/robo_planner/config/share/ur_description/meshes/ur3/visual/shoulder.dae
[1.302s] -- Up-to-date: /home/autopilot/ws/restackcell/install/robo_planner/share/robo_planner/config/share/ur_description/meshes/ur3/visual/wrist3.dae
[1.302s] -- Up-to-date: /home/autopilot/ws/restackcell/install/robo_planner/share/robo_planner/config/share/ur_description/meshes/ur3/visual/wrist1.dae
[1.302s] -- Up-to-date: /home/autopilot/ws/restackcell/install/robo_planner/share/robo_planner/config/share/ur_description/meshes/ur3/visual/wrist2.dae
[1.303s] -- Up-to-date: /home/autopilot/ws/restackcell/install/robo_planner/share/robo_planner/config/share/ur_description/meshes/ur3/visual/base.dae
[1.303s] -- Up-to-date: /home/autopilot/ws/restackcell/install/robo_planner/share/robo_planner/config/share/ur_description/meshes/ur16e
[1.303s] -- Up-to-date: /home/autopilot/ws/restackcell/install/robo_planner/share/robo_planner/config/share/ur_description/meshes/ur16e/collision
[1.303s] -- Up-to-date: /home/autopilot/ws/restackcell/install/robo_planner/share/robo_planner/config/share/ur_description/meshes/ur16e/collision/forearm.stl
[1.303s] -- Up-to-date: /home/autopilot/ws/restackcell/install/robo_planner/share/robo_planner/config/share/ur_description/meshes/ur16e/collision/restackcell_gripper.STL
[1.303s] -- Up-to-date: /home/autopilot/ws/restackcell/install/robo_planner/share/robo_planner/config/share/ur_description/meshes/ur16e/collision/upperarm.stl
[1.303s] -- Up-to-date: /home/autopilot/ws/restackcell/install/robo_planner/share/robo_planner/config/share/ur_description/meshes/ur16e/visual
[1.304s] -- Up-to-date: /home/autopilot/ws/restackcell/install/robo_planner/share/robo_planner/config/share/ur_description/meshes/ur16e/visual/upperarm.dae
[1.304s] -- Up-to-date: /home/autopilot/ws/restackcell/install/robo_planner/share/robo_planner/config/share/ur_description/meshes/ur16e/visual/forearm.dae
[1.304s] -- Up-to-date: /home/autopilot/ws/restackcell/install/robo_planner/share/robo_planner/config/share/ur_description/meshes/ur16e/visual/restackcell_gripper.STL
[1.304s] -- Up-to-date: /home/autopilot/ws/restackcell/install/robo_planner/share/robo_planner/config/share/ur_description/meshes/ur3e
[1.304s] -- Up-to-date: /home/autopilot/ws/restackcell/install/robo_planner/share/robo_planner/config/share/ur_description/meshes/ur3e/collision
[1.304s] -- Up-to-date: /home/autopilot/ws/restackcell/install/robo_planner/share/robo_planner/config/share/ur_description/meshes/ur3e/collision/forearm.stl
[1.304s] -- Up-to-date: /home/autopilot/ws/restackcell/install/robo_planner/share/robo_planner/config/share/ur_description/meshes/ur3e/collision/base.stl
[1.304s] -- Up-to-date: /home/autopilot/ws/restackcell/install/robo_planner/share/robo_planner/config/share/ur_description/meshes/ur3e/collision/wrist2.stl
[1.305s] -- Up-to-date: /home/autopilot/ws/restackcell/install/robo_planner/share/robo_planner/config/share/ur_description/meshes/ur3e/collision/wrist3.stl
[1.315s] -- Up-to-date: /home/autopilot/ws/restackcell/install/robo_planner/share/robo_planner/config/share/ur_description/meshes/ur3e/collision/wrist1.stl
[1.316s] -- Up-to-date: /home/autopilot/ws/restackcell/install/robo_planner/share/robo_planner/config/share/ur_description/meshes/ur3e/collision/shoulder.stl
[1.316s] -- Up-to-date: /home/autopilot/ws/restackcell/install/robo_planner/share/robo_planner/config/share/ur_description/meshes/ur3e/collision/upperarm.stl
[1.316s] -- Up-to-date: /home/autopilot/ws/restackcell/install/robo_planner/share/robo_planner/config/share/ur_description/meshes/ur3e/visual
[1.316s] -- Up-to-date: /home/autopilot/ws/restackcell/install/robo_planner/share/robo_planner/config/share/ur_description/meshes/ur3e/visual/upperarm.dae
[1.316s] -- Up-to-date: /home/autopilot/ws/restackcell/install/robo_planner/share/robo_planner/config/share/ur_description/meshes/ur3e/visual/forearm.dae
[1.316s] -- Up-to-date: /home/autopilot/ws/restackcell/install/robo_planner/share/robo_planner/config/share/ur_description/meshes/ur3e/visual/shoulder.dae
[1.316s] -- Up-to-date: /home/autopilot/ws/restackcell/install/robo_planner/share/robo_planner/config/share/ur_description/meshes/ur3e/visual/wrist3.dae
[1.317s] -- Up-to-date: /home/autopilot/ws/restackcell/install/robo_planner/share/robo_planner/config/share/ur_description/meshes/ur3e/visual/wrist1.dae
[1.317s] -- Up-to-date: /home/autopilot/ws/restackcell/install/robo_planner/share/robo_planner/config/share/ur_description/meshes/ur3e/visual/wrist2.dae
[1.317s] -- Up-to-date: /home/autopilot/ws/restackcell/install/robo_planner/share/robo_planner/config/share/ur_description/meshes/ur3e/visual/base.dae
[1.317s] -- Up-to-date: /home/autopilot/ws/restackcell/install/robo_planner/share/robo_planner/config/share/ur_description/meshes/ur30
[1.318s] -- Up-to-date: /home/autopilot/ws/restackcell/install/robo_planner/share/robo_planner/config/share/ur_description/meshes/ur30/collision
[1.318s] -- Up-to-date: /home/autopilot/ws/restackcell/install/robo_planner/share/robo_planner/config/share/ur_description/meshes/ur30/collision/forearm.stl
[1.318s] -- Up-to-date: /home/autopilot/ws/restackcell/install/robo_planner/share/robo_planner/config/share/ur_description/meshes/ur30/collision/upperarm.stl
[1.318s] -- Up-to-date: /home/autopilot/ws/restackcell/install/robo_planner/share/robo_planner/config/share/ur_description/meshes/ur30/LICENSE.txt
[1.318s] -- Up-to-date: /home/autopilot/ws/restackcell/install/robo_planner/share/robo_planner/config/share/ur_description/meshes/ur30/visual
[1.318s] -- Up-to-date: /home/autopilot/ws/restackcell/install/robo_planner/share/robo_planner/config/share/ur_description/meshes/ur30/visual/upperarm.dae
[1.318s] -- Up-to-date: /home/autopilot/ws/restackcell/install/robo_planner/share/robo_planner/config/share/ur_description/meshes/ur30/visual/forearm.dae
[1.319s] -- Up-to-date: /home/autopilot/ws/restackcell/install/robo_planner/share/robo_planner/config/share/ur_description/meshes/ur30/visual/UR30_DIFF_8bit_2K.png
[1.319s] -- Up-to-date: /home/autopilot/ws/restackcell/install/robo_planner/share/robo_planner/config/share/ur_description/meshes/ur10e
[1.319s] -- Up-to-date: /home/autopilot/ws/restackcell/install/robo_planner/share/robo_planner/config/share/ur_description/meshes/ur10e/collision
[1.319s] -- Up-to-date: /home/autopilot/ws/restackcell/install/robo_planner/share/robo_planner/config/share/ur_description/meshes/ur10e/collision/forearm.stl
[1.319s] -- Up-to-date: /home/autopilot/ws/restackcell/install/robo_planner/share/robo_planner/config/share/ur_description/meshes/ur10e/collision/base.stl
[1.319s] -- Up-to-date: /home/autopilot/ws/restackcell/install/robo_planner/share/robo_planner/config/share/ur_description/meshes/ur10e/collision/wrist2.stl
[1.319s] -- Up-to-date: /home/autopilot/ws/restackcell/install/robo_planner/share/robo_planner/config/share/ur_description/meshes/ur10e/collision/wrist3.stl
[1.319s] -- Up-to-date: /home/autopilot/ws/restackcell/install/robo_planner/share/robo_planner/config/share/ur_description/meshes/ur10e/collision/wrist1.stl
[1.320s] -- Up-to-date: /home/autopilot/ws/restackcell/install/robo_planner/share/robo_planner/config/share/ur_description/meshes/ur10e/collision/shoulder.stl
[1.320s] -- Up-to-date: /home/autopilot/ws/restackcell/install/robo_planner/share/robo_planner/config/share/ur_description/meshes/ur10e/collision/upperarm.stl
[1.320s] -- Up-to-date: /home/autopilot/ws/restackcell/install/robo_planner/share/robo_planner/config/share/ur_description/meshes/ur10e/visual
[1.320s] -- Up-to-date: /home/autopilot/ws/restackcell/install/robo_planner/share/robo_planner/config/share/ur_description/meshes/ur10e/visual/upperarm.dae
[1.320s] -- Up-to-date: /home/autopilot/ws/restackcell/install/robo_planner/share/robo_planner/config/share/ur_description/meshes/ur10e/visual/forearm.dae
[1.320s] -- Up-to-date: /home/autopilot/ws/restackcell/install/robo_planner/share/robo_planner/config/share/ur_description/meshes/ur10e/visual/shoulder.dae
[1.320s] -- Up-to-date: /home/autopilot/ws/restackcell/install/robo_planner/share/robo_planner/config/share/ur_description/meshes/ur10e/visual/wrist3.dae
[1.321s] -- Up-to-date: /home/autopilot/ws/restackcell/install/robo_planner/share/robo_planner/config/share/ur_description/meshes/ur10e/visual/wrist1.dae
[1.321s] -- Up-to-date: /home/autopilot/ws/restackcell/install/robo_planner/share/robo_planner/config/share/ur_description/meshes/ur10e/visual/wrist2.dae
[1.321s] -- Up-to-date: /home/autopilot/ws/restackcell/install/robo_planner/share/robo_planner/config/share/ur_description/meshes/ur10e/visual/base.dae
[1.321s] -- Up-to-date: /home/autopilot/ws/restackcell/install/robo_planner/share/robo_planner/config/share/ur_description/meshes/ur10
[1.321s] -- Up-to-date: /home/autopilot/ws/restackcell/install/robo_planner/share/robo_planner/config/share/ur_description/meshes/ur10/collision
[1.321s] -- Up-to-date: /home/autopilot/ws/restackcell/install/robo_planner/share/robo_planner/config/share/ur_description/meshes/ur10/collision/forearm.stl
[1.321s] -- Up-to-date: /home/autopilot/ws/restackcell/install/robo_planner/share/robo_planner/config/share/ur_description/meshes/ur10/collision/base.stl
[1.322s] -- Up-to-date: /home/autopilot/ws/restackcell/install/robo_planner/share/robo_planner/config/share/ur_description/meshes/ur10/collision/wrist2.stl
[1.322s] -- Up-to-date: /home/autopilot/ws/restackcell/install/robo_planner/share/robo_planner/config/share/ur_description/meshes/ur10/collision/wrist3.stl
[1.322s] -- Up-to-date: /home/autopilot/ws/restackcell/install/robo_planner/share/robo_planner/config/share/ur_description/meshes/ur10/collision/wrist1.stl
[1.322s] -- Up-to-date: /home/autopilot/ws/restackcell/install/robo_planner/share/robo_planner/config/share/ur_description/meshes/ur10/collision/shoulder.stl
[1.322s] -- Up-to-date: /home/autopilot/ws/restackcell/install/robo_planner/share/robo_planner/config/share/ur_description/meshes/ur10/collision/upperarm.stl
[1.322s] -- Up-to-date: /home/autopilot/ws/restackcell/install/robo_planner/share/robo_planner/config/share/ur_description/meshes/ur10/visual
[1.322s] -- Up-to-date: /home/autopilot/ws/restackcell/install/robo_planner/share/robo_planner/config/share/ur_description/meshes/ur10/visual/upperarm.dae
[1.322s] -- Up-to-date: /home/autopilot/ws/restackcell/install/robo_planner/share/robo_planner/config/share/ur_description/meshes/ur10/visual/forearm.dae
[1.323s] -- Up-to-date: /home/autopilot/ws/restackcell/install/robo_planner/share/robo_planner/config/share/ur_description/meshes/ur10/visual/shoulder.dae
[1.323s] -- Up-to-date: /home/autopilot/ws/restackcell/install/robo_planner/share/robo_planner/config/share/ur_description/meshes/ur10/visual/wrist3.dae
[1.323s] -- Up-to-date: /home/autopilot/ws/restackcell/install/robo_planner/share/robo_planner/config/share/ur_description/meshes/ur10/visual/wrist1.dae
[1.323s] -- Up-to-date: /home/autopilot/ws/restackcell/install/robo_planner/share/robo_planner/config/share/ur_description/meshes/ur10/visual/wrist2.dae
[1.323s] -- Up-to-date: /home/autopilot/ws/restackcell/install/robo_planner/share/robo_planner/config/share/ur_description/meshes/ur10/visual/base.dae
[1.342s] -- Up-to-date: /home/autopilot/ws/restackcell/install/robo_planner/share/robo_planner/config/share/ur_description/meshes/ur5
[1.342s] -- Up-to-date: /home/autopilot/ws/restackcell/install/robo_planner/share/robo_planner/config/share/ur_description/meshes/ur5/collision
[1.343s] -- Up-to-date: /home/autopilot/ws/restackcell/install/robo_planner/share/robo_planner/config/share/ur_description/meshes/ur5/collision/forearm.stl
[1.343s] -- Up-to-date: /home/autopilot/ws/restackcell/install/robo_planner/share/robo_planner/config/share/ur_description/meshes/ur5/collision/base.stl
[1.343s] -- Up-to-date: /home/autopilot/ws/restackcell/install/robo_planner/share/robo_planner/config/share/ur_description/meshes/ur5/collision/wrist2.stl
[1.343s] -- Up-to-date: /home/autopilot/ws/restackcell/install/robo_planner/share/robo_planner/config/share/ur_description/meshes/ur5/collision/wrist3.stl
[1.343s] -- Up-to-date: /home/autopilot/ws/restackcell/install/robo_planner/share/robo_planner/config/share/ur_description/meshes/ur5/collision/wrist1.stl
[1.344s] -- Up-to-date: /home/autopilot/ws/restackcell/install/robo_planner/share/robo_planner/config/share/ur_description/meshes/ur5/collision/shoulder.stl
[1.344s] -- Up-to-date: /home/autopilot/ws/restackcell/install/robo_planner/share/robo_planner/config/share/ur_description/meshes/ur5/collision/upperarm.stl
[1.344s] -- Up-to-date: /home/autopilot/ws/restackcell/install/robo_planner/share/robo_planner/config/share/ur_description/meshes/ur5/visual
[1.344s] -- Up-to-date: /home/autopilot/ws/restackcell/install/robo_planner/share/robo_planner/config/share/ur_description/meshes/ur5/visual/upperarm.dae
[1.344s] -- Up-to-date: /home/autopilot/ws/restackcell/install/robo_planner/share/robo_planner/config/share/ur_description/meshes/ur5/visual/forearm.dae
[1.345s] -- Up-to-date: /home/autopilot/ws/restackcell/install/robo_planner/share/robo_planner/config/share/ur_description/meshes/ur5/visual/shoulder.dae
[1.345s] -- Up-to-date: /home/autopilot/ws/restackcell/install/robo_planner/share/robo_planner/config/share/ur_description/meshes/ur5/visual/wrist3.dae
[1.345s] -- Up-to-date: /home/autopilot/ws/restackcell/install/robo_planner/share/robo_planner/config/share/ur_description/meshes/ur5/visual/wrist1.dae
[1.345s] -- Up-to-date: /home/autopilot/ws/restackcell/install/robo_planner/share/robo_planner/config/share/ur_description/meshes/ur5/visual/wrist2.dae
[1.345s] -- Up-to-date: /home/autopilot/ws/restackcell/install/robo_planner/share/robo_planner/config/share/ur_description/meshes/ur5/visual/base.dae
[1.345s] -- Up-to-date: /home/autopilot/ws/restackcell/install/robo_planner/share/robo_planner/config/share/ur_description/local_setup.bash
[1.345s] -- Up-to-date: /home/autopilot/ws/restackcell/install/robo_planner/share/robo_planner/config/share/ur_description/test
[1.346s] -- Up-to-date: /home/autopilot/ws/restackcell/install/robo_planner/share/robo_planner/config/share/ur_description/test/__pycache__
[1.346s] -- Up-to-date: /home/autopilot/ws/restackcell/install/robo_planner/share/robo_planner/config/share/ur_description/test/__pycache__/test_ur_urdf_xacro.cpython-310-pytest-6.2.5.pyc
[1.346s] -- Up-to-date: /home/autopilot/ws/restackcell/install/robo_planner/share/robo_planner/config/share/ur_description/test/__pycache__/test_view_ur_launch.cpython-310-pytest-6.2.5.pyc
[1.346s] -- Up-to-date: /home/autopilot/ws/restackcell/install/robo_planner/share/robo_planner/config/share/ur_description/test/test_ur_urdf_xacro.py
[1.346s] -- Up-to-date: /home/autopilot/ws/restackcell/install/robo_planner/share/robo_planner/config/share/ur_description/test/test_view_ur_launch.py
[1.346s] -- Up-to-date: /home/autopilot/ws/restackcell/install/robo_planner/share/robo_planner/config/share/ur_description/environment
[1.346s] -- Up-to-date: /home/autopilot/ws/restackcell/install/robo_planner/share/robo_planner/config/share/ur_description/environment/ament_prefix_path.sh
[1.347s] -- Up-to-date: /home/autopilot/ws/restackcell/install/robo_planner/share/robo_planner/config/share/ur_description/environment/path.dsv
[1.347s] -- Up-to-date: /home/autopilot/ws/restackcell/install/robo_planner/share/robo_planner/config/share/ur_description/environment/ament_prefix_path.dsv
[1.347s] -- Up-to-date: /home/autopilot/ws/restackcell/install/robo_planner/share/robo_planner/config/share/ur_description/environment/path.sh
[1.347s] -- Up-to-date: /home/autopilot/ws/restackcell/install/robo_planner/share/robo_planner/config/share/ur_description/package.xml
[1.347s] -- Up-to-date: /home/autopilot/ws/restackcell/install/robo_planner/share/robo_planner/config/share/ur_moveit_config
[1.347s] -- Up-to-date: /home/autopilot/ws/restackcell/install/robo_planner/share/robo_planner/config/share/ur_moveit_config/package.dsv
[1.347s] -- Up-to-date: /home/autopilot/ws/restackcell/install/robo_planner/share/robo_planner/config/share/ur_moveit_config/local_setup.zsh
[1.347s] -- Up-to-date: /home/autopilot/ws/restackcell/install/robo_planner/share/robo_planner/config/share/ur_moveit_config/rviz
[1.348s] -- Up-to-date: /home/autopilot/ws/restackcell/install/robo_planner/share/robo_planner/config/share/ur_moveit_config/rviz/view_robot.rviz
[1.348s] -- Up-to-date: /home/autopilot/ws/restackcell/install/robo_planner/share/robo_planner/config/share/ur_moveit_config/local_setup.sh
[1.348s] -- Up-to-date: /home/autopilot/ws/restackcell/install/robo_planner/share/robo_planner/config/share/ur_moveit_config/cmake
[1.348s] -- Up-to-date: /home/autopilot/ws/restackcell/install/robo_planner/share/robo_planner/config/share/ur_moveit_config/cmake/ur_moveit_configConfig-version.cmake
[1.348s] -- Up-to-date: /home/autopilot/ws/restackcell/install/robo_planner/share/robo_planner/config/share/ur_moveit_config/cmake/ur_moveit_configConfig.cmake
[1.348s] -- Up-to-date: /home/autopilot/ws/restackcell/install/robo_planner/share/robo_planner/config/share/ur_moveit_config/local_setup.dsv
[1.348s] -- Up-to-date: /home/autopilot/ws/restackcell/install/robo_planner/share/robo_planner/config/share/ur_moveit_config/config
[1.349s] -- Up-to-date: /home/autopilot/ws/restackcell/install/robo_planner/share/robo_planner/config/share/ur_moveit_config/config/ur_servo.yaml
[1.349s] -- Installing: /home/autopilot/ws/restackcell/install/robo_planner/share/robo_planner/config/share/ur_moveit_config/config/ompl_planning.yaml
[1.349s] -- Up-to-date: /home/autopilot/ws/restackcell/install/robo_planner/share/robo_planner/config/share/ur_moveit_config/config/controllers.yaml
[1.349s] -- Up-to-date: /home/autopilot/ws/restackcell/install/robo_planner/share/robo_planner/config/share/ur_moveit_config/config/pilz_cartesian_limits.yaml
[1.349s] -- Up-to-date: /home/autopilot/ws/restackcell/install/robo_planner/share/robo_planner/config/share/ur_moveit_config/config/pilz_industrial_motion_planner_planning.yaml
[1.349s] -- Up-to-date: /home/autopilot/ws/restackcell/install/robo_planner/share/robo_planner/config/share/ur_moveit_config/config/kinematics.yaml
[1.349s] -- Up-to-date: /home/autopilot/ws/restackcell/install/robo_planner/share/robo_planner/config/share/ur_moveit_config/launch
[1.350s] -- Up-to-date: /home/autopilot/ws/restackcell/install/robo_planner/share/robo_planner/config/share/ur_moveit_config/launch/ur_moveit.launch.py
[1.350s] -- Up-to-date: /home/autopilot/ws/restackcell/install/robo_planner/share/robo_planner/config/share/ur_moveit_config/local_setup.bash
[1.350s] -- Up-to-date: /home/autopilot/ws/restackcell/install/robo_planner/share/robo_planner/config/share/ur_moveit_config/environment
[1.350s] -- Up-to-date: /home/autopilot/ws/restackcell/install/robo_planner/share/robo_planner/config/share/ur_moveit_config/environment/pythonpath.sh
[1.350s] -- Up-to-date: /home/autopilot/ws/restackcell/install/robo_planner/share/robo_planner/config/share/ur_moveit_config/environment/ament_prefix_path.sh
[1.350s] -- Up-to-date: /home/autopilot/ws/restackcell/install/robo_planner/share/robo_planner/config/share/ur_moveit_config/environment/path.dsv
[1.350s] -- Up-to-date: /home/autopilot/ws/restackcell/install/robo_planner/share/robo_planner/config/share/ur_moveit_config/environment/ament_prefix_path.dsv
[1.350s] -- Up-to-date: /home/autopilot/ws/restackcell/install/robo_planner/share/robo_planner/config/share/ur_moveit_config/environment/pythonpath.dsv
[1.351s] -- Up-to-date: /home/autopilot/ws/restackcell/install/robo_planner/share/robo_planner/config/share/ur_moveit_config/environment/path.sh
[1.351s] -- Up-to-date: /home/autopilot/ws/restackcell/install/robo_planner/share/robo_planner/config/share/ur_moveit_config/package.xml
[1.351s] -- Up-to-date: /home/autopilot/ws/restackcell/install/robo_planner/share/robo_planner/config/share/ur_moveit_config/srdf
[1.351s] -- Up-to-date: /home/autopilot/ws/restackcell/install/robo_planner/share/robo_planner/config/share/ur_moveit_config/srdf/ur_macro.srdf.xacro
[1.351s] -- Up-to-date: /home/autopilot/ws/restackcell/install/robo_planner/share/robo_planner/config/share/ur_moveit_config/srdf/ur.srdf.xacro
[1.361s] -- Up-to-date: /home/autopilot/ws/restackcell/install/robo_planner/share/robo_planner/config/visual_parameters.yaml
[1.361s] -- Up-to-date: /home/autopilot/ws/restackcell/install/robo_planner/share/robo_planner/config/default_kinematics.yaml
[1.361s] -- Up-to-date: /home/autopilot/ws/restackcell/install/robo_planner/share/robo_planner/config/joint_limits.yaml
[1.361s] -- Up-to-date: /home/autopilot/ws/restackcell/install/robo_planner/share/robo_planner/config/pilz_cartesian_limits.yaml
[1.362s] -- Up-to-date: /home/autopilot/ws/restackcell/install/robo_planner/share/robo_planner/config/pilz_industrial_motion_planner_planning.yaml
[1.362s] -- Up-to-date: /home/autopilot/ws/restackcell/install/robo_planner/share/robo_planner/config/physical_parameters.yaml
[1.362s] -- Up-to-date: /home/autopilot/ws/restackcell/install/robo_planner/share/ament_index/resource_index/package_run_dependencies/robo_planner
[1.362s] -- Up-to-date: /home/autopilot/ws/restackcell/install/robo_planner/share/ament_index/resource_index/parent_prefix_path/robo_planner
[1.362s] -- Up-to-date: /home/autopilot/ws/restackcell/install/robo_planner/share/robo_planner/environment/ament_prefix_path.sh
[1.362s] -- Up-to-date: /home/autopilot/ws/restackcell/install/robo_planner/share/robo_planner/environment/ament_prefix_path.dsv
[1.362s] -- Up-to-date: /home/autopilot/ws/restackcell/install/robo_planner/share/robo_planner/environment/path.sh
[1.363s] -- Up-to-date: /home/autopilot/ws/restackcell/install/robo_planner/share/robo_planner/environment/path.dsv
[1.363s] -- Up-to-date: /home/autopilot/ws/restackcell/install/robo_planner/share/robo_planner/local_setup.bash
[1.363s] -- Up-to-date: /home/autopilot/ws/restackcell/install/robo_planner/share/robo_planner/local_setup.sh
[1.363s] -- Up-to-date: /home/autopilot/ws/restackcell/install/robo_planner/share/robo_planner/local_setup.zsh
[1.363s] -- Up-to-date: /home/autopilot/ws/restackcell/install/robo_planner/share/robo_planner/local_setup.dsv
[1.363s] -- Installing: /home/autopilot/ws/restackcell/install/robo_planner/share/robo_planner/package.dsv
[1.363s] -- Up-to-date: /home/autopilot/ws/restackcell/install/robo_planner/share/ament_index/resource_index/packages/robo_planner
[1.364s] -- Up-to-date: /home/autopilot/ws/restackcell/install/robo_planner/share/robo_planner/cmake/robo_plannerConfig.cmake
[1.364s] -- Up-to-date: /home/autopilot/ws/restackcell/install/robo_planner/share/robo_planner/cmake/robo_plannerConfig-version.cmake
[1.364s] -- Up-to-date: /home/autopilot/ws/restackcell/install/robo_planner/share/robo_planner/package.xml
[1.364s] Invoked command in '/home/autopilot/ws/restackcell/build/robo_planner' returned '0': AMENT_PREFIX_PATH=/home/autopilot/ws/restackcell/install/opcua_interfaces:${AMENT_PREFIX_PATH} CMAKE_PREFIX_PATH=/opt/ros/humble:/home/autopilot/ws/restackcell/install/wzlscheduler_interfaces:/home/autopilot/ws/restackcell/install/opcua_interfaces LD_LIBRARY_PATH=/home/autopilot/ws/restackcell/install/wzlscheduler_interfaces/lib:/home/autopilot/ws/restackcell/install/opcua_interfaces/lib:${LD_LIBRARY_PATH} PKG_CONFIG_PATH=/home/autopilot/ws/restackcell/install/wzlscheduler_interfaces/lib/aarch64-linux-gnu/pkgconfig:/home/autopilot/ws/restackcell/install/wzlscheduler_interfaces/lib/pkgconfig PYTHONPATH=/home/autopilot/ws/restackcell/install/wzlscheduler_interfaces/local/lib/python3.10/dist-packages:/home/autopilot/ws/restackcell/install/opcua_interfaces/local/lib/python3.10/dist-packages:${PYTHONPATH} ROS_PACKAGE_PATH=/home/autopilot/ws/restackcell/install/wzlscheduler_interfaces/share /usr/bin/cmake --install /home/autopilot/ws/restackcell/build/robo_planner
