[0.177s] DEBUG:colcon:Command line arguments: ['/usr/bin/colcon', 'build', '--packages-select', 'robo_planner']
[0.177s] DEBUG:colcon:Parsed command line arguments: Namespace(log_base=None, log_level=None, verb_name='build', build_base='build', install_base='install', merge_install=False, symlink_install=False, test_result_base=None, continue_on_error=False, executor='parallel', parallel_workers=8, event_handlers=None, ignore_user_meta=False, metas=['./colcon.meta'], base_paths=['.'], packages_ignore=None, packages_ignore_regex=None, paths=None, packages_up_to=None, packages_up_to_regex=None, packages_above=None, packages_above_and_dependencies=None, packages_above_depth=None, packages_select_by_dep=None, packages_skip_by_dep=None, packages_skip_up_to=None, packages_select_build_failed=False, packages_skip_build_finished=False, packages_select_test_failures=False, packages_skip_test_passed=False, packages_select=['robo_planner'], packages_skip=None, packages_select_regex=None, packages_skip_regex=None, packages_start=None, packages_end=None, allow_overriding=[], cmake_args=None, cmake_target=None, cmake_target_skip_unavailable=False, cmake_clean_cache=False, cmake_clean_first=False, cmake_force_configure=False, ament_cmake_args=None, catkin_cmake_args=None, catkin_skip_building_tests=False, mixin_files=None, mixin=None, verb_parser=<colcon_mixin.mixin.mixin_argument.MixinArgumentDecorator object at 0xffff9b64f7c0>, verb_extension=<colcon_core.verb.build.BuildVerb object at 0xffff9b64f280>, main=<bound method BuildVerb.main of <colcon_core.verb.build.BuildVerb object at 0xffff9b64f280>>, mixin_verb=('build',))
[0.467s] Level 1:colcon.colcon_core.package_discovery:discover_packages(colcon_meta) check parameters
[0.468s] Level 1:colcon.colcon_core.package_discovery:discover_packages(recursive) check parameters
[0.468s] Level 1:colcon.colcon_core.package_discovery:discover_packages(ignore) check parameters
[0.468s] Level 1:colcon.colcon_core.package_discovery:discover_packages(path) check parameters
[0.468s] Level 1:colcon.colcon_core.package_discovery:discover_packages(colcon_meta) discover
[0.468s] Level 1:colcon.colcon_core.package_discovery:discover_packages(recursive) discover
[0.468s] INFO:colcon.colcon_core.package_discovery:Crawling recursively for packages in '/home/autopilot/ws/restackcell/ws_moveit2'
[0.468s] Level 1:colcon.colcon_core.package_identification:_identify(.) by extensions ['ignore', 'ignore_ament_install']
[0.468s] Level 1:colcon.colcon_core.package_identification:_identify(.) by extension 'ignore'
[0.468s] Level 1:colcon.colcon_core.package_identification:_identify(.) by extension 'ignore_ament_install'
[0.469s] Level 1:colcon.colcon_core.package_identification:_identify(.) by extensions ['colcon_pkg']
[0.469s] Level 1:colcon.colcon_core.package_identification:_identify(.) by extension 'colcon_pkg'
[0.469s] Level 1:colcon.colcon_core.package_identification:_identify(.) by extensions ['colcon_meta']
[0.469s] Level 1:colcon.colcon_core.package_identification:_identify(.) by extension 'colcon_meta'
[0.469s] Level 1:colcon.colcon_core.package_identification:_identify(.) by extensions ['ros']
[0.469s] Level 1:colcon.colcon_core.package_identification:_identify(.) by extension 'ros'
[0.486s] Level 1:colcon.colcon_core.package_identification:_identify(.) by extensions ['cmake', 'python']
[0.486s] Level 1:colcon.colcon_core.package_identification:_identify(.) by extension 'cmake'
[0.486s] Level 1:colcon.colcon_core.package_identification:_identify(.) by extension 'python'
[0.486s] Level 1:colcon.colcon_core.package_identification:_identify(.) by extensions ['python_setup_py']
[0.486s] Level 1:colcon.colcon_core.package_identification:_identify(.) by extension 'python_setup_py'
[0.487s] Level 1:colcon.colcon_core.package_identification:_identify(build) by extensions ['ignore', 'ignore_ament_install']
[0.487s] Level 1:colcon.colcon_core.package_identification:_identify(build) by extension 'ignore'
[0.487s] Level 1:colcon.colcon_core.package_identification:_identify(build) ignored
[0.487s] Level 1:colcon.colcon_core.package_identification:_identify(install) by extensions ['ignore', 'ignore_ament_install']
[0.487s] Level 1:colcon.colcon_core.package_identification:_identify(install) by extension 'ignore'
[0.487s] Level 1:colcon.colcon_core.package_identification:_identify(install) ignored
[0.488s] Level 1:colcon.colcon_core.package_identification:_identify(log) by extensions ['ignore', 'ignore_ament_install']
[0.488s] Level 1:colcon.colcon_core.package_identification:_identify(log) by extension 'ignore'
[0.488s] Level 1:colcon.colcon_core.package_identification:_identify(log) ignored
[0.488s] Level 1:colcon.colcon_core.package_identification:_identify(src) by extensions ['ignore', 'ignore_ament_install']
[0.488s] Level 1:colcon.colcon_core.package_identification:_identify(src) by extension 'ignore'
[0.489s] Level 1:colcon.colcon_core.package_identification:_identify(src) by extension 'ignore_ament_install'
[0.489s] Level 1:colcon.colcon_core.package_identification:_identify(src) by extensions ['colcon_pkg']
[0.489s] Level 1:colcon.colcon_core.package_identification:_identify(src) by extension 'colcon_pkg'
[0.489s] Level 1:colcon.colcon_core.package_identification:_identify(src) by extensions ['colcon_meta']
[0.489s] Level 1:colcon.colcon_core.package_identification:_identify(src) by extension 'colcon_meta'
[0.489s] Level 1:colcon.colcon_core.package_identification:_identify(src) by extensions ['ros']
[0.489s] Level 1:colcon.colcon_core.package_identification:_identify(src) by extension 'ros'
[0.489s] Level 1:colcon.colcon_core.package_identification:_identify(src) by extensions ['cmake', 'python']
[0.489s] Level 1:colcon.colcon_core.package_identification:_identify(src) by extension 'cmake'
[0.489s] Level 1:colcon.colcon_core.package_identification:_identify(src) by extension 'python'
[0.489s] Level 1:colcon.colcon_core.package_identification:_identify(src) by extensions ['python_setup_py']
[0.489s] Level 1:colcon.colcon_core.package_identification:_identify(src) by extension 'python_setup_py'
[0.490s] Level 1:colcon.colcon_core.package_identification:_identify(src/grid_snapper) by extensions ['ignore', 'ignore_ament_install']
[0.490s] Level 1:colcon.colcon_core.package_identification:_identify(src/grid_snapper) by extension 'ignore'
[0.490s] Level 1:colcon.colcon_core.package_identification:_identify(src/grid_snapper) by extension 'ignore_ament_install'
[0.490s] Level 1:colcon.colcon_core.package_identification:_identify(src/grid_snapper) by extensions ['colcon_pkg']
[0.490s] Level 1:colcon.colcon_core.package_identification:_identify(src/grid_snapper) by extension 'colcon_pkg'
[0.490s] Level 1:colcon.colcon_core.package_identification:_identify(src/grid_snapper) by extensions ['colcon_meta']
[0.490s] Level 1:colcon.colcon_core.package_identification:_identify(src/grid_snapper) by extension 'colcon_meta'
[0.490s] Level 1:colcon.colcon_core.package_identification:_identify(src/grid_snapper) by extensions ['ros']
[0.490s] Level 1:colcon.colcon_core.package_identification:_identify(src/grid_snapper) by extension 'ros'
[0.494s] DEBUG:colcon.colcon_core.package_identification:Package 'src/grid_snapper' with type 'ros.ament_python' and name 'grid_snapper'
[0.494s] Level 1:colcon.colcon_core.package_identification:_identify(src/interface_opcua) by extensions ['ignore', 'ignore_ament_install']
[0.494s] Level 1:colcon.colcon_core.package_identification:_identify(src/interface_opcua) by extension 'ignore'
[0.495s] Level 1:colcon.colcon_core.package_identification:_identify(src/interface_opcua) by extension 'ignore_ament_install'
[0.495s] Level 1:colcon.colcon_core.package_identification:_identify(src/interface_opcua) by extensions ['colcon_pkg']
[0.495s] Level 1:colcon.colcon_core.package_identification:_identify(src/interface_opcua) by extension 'colcon_pkg'
[0.495s] Level 1:colcon.colcon_core.package_identification:_identify(src/interface_opcua) by extensions ['colcon_meta']
[0.495s] Level 1:colcon.colcon_core.package_identification:_identify(src/interface_opcua) by extension 'colcon_meta'
[0.495s] Level 1:colcon.colcon_core.package_identification:_identify(src/interface_opcua) by extensions ['ros']
[0.495s] Level 1:colcon.colcon_core.package_identification:_identify(src/interface_opcua) by extension 'ros'
[0.496s] DEBUG:colcon.colcon_core.package_identification:Package 'src/interface_opcua' with type 'ros.ament_python' and name 'interface_opcua'
[0.496s] Level 1:colcon.colcon_core.package_identification:_identify(src/mockup_robot) by extensions ['ignore', 'ignore_ament_install']
[0.496s] Level 1:colcon.colcon_core.package_identification:_identify(src/mockup_robot) by extension 'ignore'
[0.496s] Level 1:colcon.colcon_core.package_identification:_identify(src/mockup_robot) by extension 'ignore_ament_install'
[0.497s] Level 1:colcon.colcon_core.package_identification:_identify(src/mockup_robot) by extensions ['colcon_pkg']
[0.497s] Level 1:colcon.colcon_core.package_identification:_identify(src/mockup_robot) by extension 'colcon_pkg'
[0.497s] Level 1:colcon.colcon_core.package_identification:_identify(src/mockup_robot) by extensions ['colcon_meta']
[0.497s] Level 1:colcon.colcon_core.package_identification:_identify(src/mockup_robot) by extension 'colcon_meta'
[0.497s] Level 1:colcon.colcon_core.package_identification:_identify(src/mockup_robot) by extensions ['ros']
[0.497s] Level 1:colcon.colcon_core.package_identification:_identify(src/mockup_robot) by extension 'ros'
[0.498s] DEBUG:colcon.colcon_core.package_identification:Package 'src/mockup_robot' with type 'ros.ament_cmake' and name 'mockup_robot'
[0.498s] Level 1:colcon.colcon_core.package_identification:_identify(src/moveit_backend) by extensions ['ignore', 'ignore_ament_install']
[0.498s] Level 1:colcon.colcon_core.package_identification:_identify(src/moveit_backend) by extension 'ignore'
[0.498s] Level 1:colcon.colcon_core.package_identification:_identify(src/moveit_backend) by extension 'ignore_ament_install'
[0.498s] Level 1:colcon.colcon_core.package_identification:_identify(src/moveit_backend) by extensions ['colcon_pkg']
[0.498s] Level 1:colcon.colcon_core.package_identification:_identify(src/moveit_backend) by extension 'colcon_pkg'
[0.498s] Level 1:colcon.colcon_core.package_identification:_identify(src/moveit_backend) by extensions ['colcon_meta']
[0.499s] Level 1:colcon.colcon_core.package_identification:_identify(src/moveit_backend) by extension 'colcon_meta'
[0.499s] Level 1:colcon.colcon_core.package_identification:_identify(src/moveit_backend) by extensions ['ros']
[0.499s] Level 1:colcon.colcon_core.package_identification:_identify(src/moveit_backend) by extension 'ros'
[0.500s] DEBUG:colcon.colcon_core.package_identification:Package 'src/moveit_backend' with type 'ros.ament_cmake' and name 'moveit_backend'
[0.500s] Level 1:colcon.colcon_core.package_identification:_identify(src/opcua-asyncio) by extensions ['ignore', 'ignore_ament_install']
[0.500s] Level 1:colcon.colcon_core.package_identification:_identify(src/opcua-asyncio) by extension 'ignore'
[0.500s] Level 1:colcon.colcon_core.package_identification:_identify(src/opcua-asyncio) by extension 'ignore_ament_install'
[0.500s] Level 1:colcon.colcon_core.package_identification:_identify(src/opcua-asyncio) by extensions ['colcon_pkg']
[0.500s] Level 1:colcon.colcon_core.package_identification:_identify(src/opcua-asyncio) by extension 'colcon_pkg'
[0.500s] Level 1:colcon.colcon_core.package_identification:_identify(src/opcua-asyncio) by extensions ['colcon_meta']
[0.501s] Level 1:colcon.colcon_core.package_identification:_identify(src/opcua-asyncio) by extension 'colcon_meta'
[0.501s] Level 1:colcon.colcon_core.package_identification:_identify(src/opcua-asyncio) by extensions ['ros']
[0.501s] Level 1:colcon.colcon_core.package_identification:_identify(src/opcua-asyncio) by extension 'ros'
[0.501s] Level 1:colcon.colcon_core.package_identification:_identify(src/opcua-asyncio) by extensions ['cmake', 'python']
[0.501s] Level 1:colcon.colcon_core.package_identification:_identify(src/opcua-asyncio) by extension 'cmake'
[0.501s] Level 1:colcon.colcon_core.package_identification:_identify(src/opcua-asyncio) by extension 'python'
[0.501s] Level 1:colcon.colcon_core.package_identification:_identify(src/opcua-asyncio) by extensions ['python_setup_py']
[0.501s] Level 1:colcon.colcon_core.package_identification:_identify(src/opcua-asyncio) by extension 'python_setup_py'
[0.501s] Level 1:colcon.colcon_core.package_identification:_identify(src/opcua_client) by extensions ['ignore', 'ignore_ament_install']
[0.501s] Level 1:colcon.colcon_core.package_identification:_identify(src/opcua_client) by extension 'ignore'
[0.501s] Level 1:colcon.colcon_core.package_identification:_identify(src/opcua_client) by extension 'ignore_ament_install'
[0.502s] Level 1:colcon.colcon_core.package_identification:_identify(src/opcua_client) by extensions ['colcon_pkg']
[0.502s] Level 1:colcon.colcon_core.package_identification:_identify(src/opcua_client) by extension 'colcon_pkg'
[0.502s] Level 1:colcon.colcon_core.package_identification:_identify(src/opcua_client) by extensions ['colcon_meta']
[0.502s] Level 1:colcon.colcon_core.package_identification:_identify(src/opcua_client) by extension 'colcon_meta'
[0.502s] Level 1:colcon.colcon_core.package_identification:_identify(src/opcua_client) by extensions ['ros']
[0.502s] Level 1:colcon.colcon_core.package_identification:_identify(src/opcua_client) by extension 'ros'
[0.503s] DEBUG:colcon.colcon_core.package_identification:Package 'src/opcua_client' with type 'ros.ament_python' and name 'opcua_client'
[0.503s] Level 1:colcon.colcon_core.package_identification:_identify(src/opcua_interfaces) by extensions ['ignore', 'ignore_ament_install']
[0.503s] Level 1:colcon.colcon_core.package_identification:_identify(src/opcua_interfaces) by extension 'ignore'
[0.504s] Level 1:colcon.colcon_core.package_identification:_identify(src/opcua_interfaces) by extension 'ignore_ament_install'
[0.504s] Level 1:colcon.colcon_core.package_identification:_identify(src/opcua_interfaces) by extensions ['colcon_pkg']
[0.504s] Level 1:colcon.colcon_core.package_identification:_identify(src/opcua_interfaces) by extension 'colcon_pkg'
[0.504s] Level 1:colcon.colcon_core.package_identification:_identify(src/opcua_interfaces) by extensions ['colcon_meta']
[0.504s] Level 1:colcon.colcon_core.package_identification:_identify(src/opcua_interfaces) by extension 'colcon_meta'
[0.504s] Level 1:colcon.colcon_core.package_identification:_identify(src/opcua_interfaces) by extensions ['ros']
[0.504s] Level 1:colcon.colcon_core.package_identification:_identify(src/opcua_interfaces) by extension 'ros'
[0.505s] DEBUG:colcon.colcon_core.package_identification:Package 'src/opcua_interfaces' with type 'ros.ament_cmake' and name 'opcua_interfaces'
[0.505s] Level 1:colcon.colcon_core.package_identification:_identify(src/robo_planner) by extensions ['ignore', 'ignore_ament_install']
[0.505s] Level 1:colcon.colcon_core.package_identification:_identify(src/robo_planner) by extension 'ignore'
[0.505s] Level 1:colcon.colcon_core.package_identification:_identify(src/robo_planner) by extension 'ignore_ament_install'
[0.505s] Level 1:colcon.colcon_core.package_identification:_identify(src/robo_planner) by extensions ['colcon_pkg']
[0.505s] Level 1:colcon.colcon_core.package_identification:_identify(src/robo_planner) by extension 'colcon_pkg'
[0.506s] Level 1:colcon.colcon_core.package_identification:_identify(src/robo_planner) by extensions ['colcon_meta']
[0.506s] Level 1:colcon.colcon_core.package_identification:_identify(src/robo_planner) by extension 'colcon_meta'
[0.506s] Level 1:colcon.colcon_core.package_identification:_identify(src/robo_planner) by extensions ['ros']
[0.506s] Level 1:colcon.colcon_core.package_identification:_identify(src/robo_planner) by extension 'ros'
[0.507s] DEBUG:colcon.colcon_core.package_identification:Package 'src/robo_planner' with type 'ros.ament_cmake' and name 'robo_planner'
[0.508s] Level 1:colcon.colcon_core.package_identification:_identify(src/robo_planner_msgs) by extensions ['ignore', 'ignore_ament_install']
[0.508s] Level 1:colcon.colcon_core.package_identification:_identify(src/robo_planner_msgs) by extension 'ignore'
[0.508s] Level 1:colcon.colcon_core.package_identification:_identify(src/robo_planner_msgs) by extension 'ignore_ament_install'
[0.508s] Level 1:colcon.colcon_core.package_identification:_identify(src/robo_planner_msgs) by extensions ['colcon_pkg']
[0.508s] Level 1:colcon.colcon_core.package_identification:_identify(src/robo_planner_msgs) by extension 'colcon_pkg'
[0.508s] Level 1:colcon.colcon_core.package_identification:_identify(src/robo_planner_msgs) by extensions ['colcon_meta']
[0.508s] Level 1:colcon.colcon_core.package_identification:_identify(src/robo_planner_msgs) by extension 'colcon_meta'
[0.508s] Level 1:colcon.colcon_core.package_identification:_identify(src/robo_planner_msgs) by extensions ['ros']
[0.508s] Level 1:colcon.colcon_core.package_identification:_identify(src/robo_planner_msgs) by extension 'ros'
[0.509s] DEBUG:colcon.colcon_core.package_identification:Package 'src/robo_planner_msgs' with type 'ros.catkin' and name 'robo_planner_msgs'
[0.509s] Level 1:colcon.colcon_core.package_identification:_identify(src/robo_planner_py) by extensions ['ignore', 'ignore_ament_install']
[0.509s] Level 1:colcon.colcon_core.package_identification:_identify(src/robo_planner_py) by extension 'ignore'
[0.510s] Level 1:colcon.colcon_core.package_identification:_identify(src/robo_planner_py) by extension 'ignore_ament_install'
[0.510s] Level 1:colcon.colcon_core.package_identification:_identify(src/robo_planner_py) by extensions ['colcon_pkg']
[0.510s] Level 1:colcon.colcon_core.package_identification:_identify(src/robo_planner_py) by extension 'colcon_pkg'
[0.510s] Level 1:colcon.colcon_core.package_identification:_identify(src/robo_planner_py) by extensions ['colcon_meta']
[0.510s] Level 1:colcon.colcon_core.package_identification:_identify(src/robo_planner_py) by extension 'colcon_meta'
[0.510s] Level 1:colcon.colcon_core.package_identification:_identify(src/robo_planner_py) by extensions ['ros']
[0.510s] Level 1:colcon.colcon_core.package_identification:_identify(src/robo_planner_py) by extension 'ros'
[0.511s] DEBUG:colcon.colcon_core.package_identification:Package 'src/robo_planner_py' with type 'ros.ament_python' and name 'robo_planner_py'
[0.511s] Level 1:colcon.colcon_core.package_identification:_identify(src/wzlscheduler_interfaces) by extensions ['ignore', 'ignore_ament_install']
[0.511s] Level 1:colcon.colcon_core.package_identification:_identify(src/wzlscheduler_interfaces) by extension 'ignore'
[0.511s] Level 1:colcon.colcon_core.package_identification:_identify(src/wzlscheduler_interfaces) by extension 'ignore_ament_install'
[0.511s] Level 1:colcon.colcon_core.package_identification:_identify(src/wzlscheduler_interfaces) by extensions ['colcon_pkg']
[0.511s] Level 1:colcon.colcon_core.package_identification:_identify(src/wzlscheduler_interfaces) by extension 'colcon_pkg'
[0.511s] Level 1:colcon.colcon_core.package_identification:_identify(src/wzlscheduler_interfaces) by extensions ['colcon_meta']
[0.512s] Level 1:colcon.colcon_core.package_identification:_identify(src/wzlscheduler_interfaces) by extension 'colcon_meta'
[0.512s] Level 1:colcon.colcon_core.package_identification:_identify(src/wzlscheduler_interfaces) by extensions ['ros']
[0.512s] Level 1:colcon.colcon_core.package_identification:_identify(src/wzlscheduler_interfaces) by extension 'ros'
[0.512s] DEBUG:colcon.colcon_core.package_identification:Package 'src/wzlscheduler_interfaces' with type 'ros.catkin' and name 'wzlscheduler_interfaces'
[0.513s] Level 1:colcon.colcon_core.package_discovery:discover_packages(recursive) using defaults
[0.513s] Level 1:colcon.colcon_core.package_discovery:discover_packages(ignore) discover
[0.513s] Level 1:colcon.colcon_core.package_discovery:discover_packages(ignore) using defaults
[0.513s] Level 1:colcon.colcon_core.package_discovery:discover_packages(path) discover
[0.513s] Level 1:colcon.colcon_core.package_discovery:discover_packages(path) using defaults
[0.568s] INFO:colcon.colcon_core.package_selection:Skipping not selected package 'interface_opcua' in 'src/interface_opcua'
[0.569s] INFO:colcon.colcon_core.package_selection:Skipping not selected package 'opcua_interfaces' in 'src/opcua_interfaces'
[0.569s] INFO:colcon.colcon_core.package_selection:Skipping not selected package 'robo_planner_msgs' in 'src/robo_planner_msgs'
[0.569s] INFO:colcon.colcon_core.package_selection:Skipping not selected package 'wzlscheduler_interfaces' in 'src/wzlscheduler_interfaces'
[0.569s] INFO:colcon.colcon_core.package_selection:Skipping not selected package 'grid_snapper' in 'src/grid_snapper'
[0.569s] INFO:colcon.colcon_core.package_selection:Skipping not selected package 'mockup_robot' in 'src/mockup_robot'
[0.569s] INFO:colcon.colcon_core.package_selection:Skipping not selected package 'moveit_backend' in 'src/moveit_backend'
[0.569s] INFO:colcon.colcon_core.package_selection:Skipping not selected package 'opcua_client' in 'src/opcua_client'
[0.569s] INFO:colcon.colcon_core.package_selection:Skipping not selected package 'robo_planner_py' in 'src/robo_planner_py'
[0.570s] Level 1:colcon.colcon_core.package_discovery:discover_packages(prefix_path) check parameters
[0.570s] Level 1:colcon.colcon_core.package_discovery:discover_packages(prefix_path) discover
[0.574s] DEBUG:colcon.colcon_installed_package_information.package_discovery:Found 344 installed packages in /opt/ros/humble
[0.576s] Level 1:colcon.colcon_core.package_discovery:discover_packages(prefix_path) using defaults
[0.646s] Level 5:colcon.colcon_core.verb:set package 'robo_planner' build argument 'cmake_args' from command line to 'None'
[0.647s] Level 5:colcon.colcon_core.verb:set package 'robo_planner' build argument 'cmake_target' from command line to 'None'
[0.647s] Level 5:colcon.colcon_core.verb:set package 'robo_planner' build argument 'cmake_target_skip_unavailable' from command line to 'False'
[0.647s] Level 5:colcon.colcon_core.verb:set package 'robo_planner' build argument 'cmake_clean_cache' from command line to 'False'
[0.647s] Level 5:colcon.colcon_core.verb:set package 'robo_planner' build argument 'cmake_clean_first' from command line to 'False'
[0.647s] Level 5:colcon.colcon_core.verb:set package 'robo_planner' build argument 'cmake_force_configure' from command line to 'False'
[0.647s] Level 5:colcon.colcon_core.verb:set package 'robo_planner' build argument 'ament_cmake_args' from command line to 'None'
[0.647s] Level 5:colcon.colcon_core.verb:set package 'robo_planner' build argument 'catkin_cmake_args' from command line to 'None'
[0.647s] Level 5:colcon.colcon_core.verb:set package 'robo_planner' build argument 'catkin_skip_building_tests' from command line to 'False'
[0.647s] DEBUG:colcon.colcon_core.verb:Building package 'robo_planner' with the following arguments: {'ament_cmake_args': None, 'build_base': '/home/autopilot/ws/restackcell/ws_moveit2/build/robo_planner', 'catkin_cmake_args': None, 'catkin_skip_building_tests': False, 'cmake_args': None, 'cmake_clean_cache': False, 'cmake_clean_first': False, 'cmake_force_configure': False, 'cmake_target': None, 'cmake_target_skip_unavailable': False, 'install_base': '/home/autopilot/ws/restackcell/ws_moveit2/install/robo_planner', 'merge_install': False, 'path': '/home/autopilot/ws/restackcell/ws_moveit2/src/robo_planner', 'symlink_install': False, 'test_result_base': None}
[0.647s] INFO:colcon.colcon_core.executor:Executing jobs using 'parallel' executor
[0.649s] DEBUG:colcon.colcon_parallel_executor.executor.parallel:run_until_complete
[0.649s] INFO:colcon.colcon_ros.task.ament_cmake.build:Building ROS package in '/home/autopilot/ws/restackcell/ws_moveit2/src/robo_planner' with build type 'ament_cmake'
[0.650s] INFO:colcon.colcon_cmake.task.cmake.build:Building CMake package in '/home/autopilot/ws/restackcell/ws_moveit2/src/robo_planner'
[0.653s] INFO:colcon.colcon_core.plugin_system:Skipping extension 'colcon_core.shell.bat': Not used on non-Windows systems
[0.654s] INFO:colcon.colcon_core.shell:Skip shell extension 'powershell' for command environment: Not usable outside of PowerShell
[0.654s] DEBUG:colcon.colcon_core.shell:Skip shell extension 'dsv' for command environment
[0.672s] DEBUG:colcon.colcon_core.event_handler.log_command:Invoking command in '/home/autopilot/ws/restackcell/ws_moveit2/build/robo_planner': AMENT_PREFIX_PATH=/home/autopilot/ws/restackcell/ws_moveit2/install/opcua_interfaces:${AMENT_PREFIX_PATH} CMAKE_PREFIX_PATH=/opt/ros/humble:/home/autopilot/ws/restackcell/ws_moveit2/install/wzlscheduler_interfaces:/home/autopilot/ws/restackcell/ws_moveit2/install/opcua_interfaces LD_LIBRARY_PATH=/home/autopilot/ws/restackcell/ws_moveit2/install/wzlscheduler_interfaces/lib:/home/autopilot/ws/restackcell/ws_moveit2/install/opcua_interfaces/lib:${LD_LIBRARY_PATH} PKG_CONFIG_PATH=/home/autopilot/ws/restackcell/ws_moveit2/install/wzlscheduler_interfaces/lib/aarch64-linux-gnu/pkgconfig:/home/autopilot/ws/restackcell/ws_moveit2/install/wzlscheduler_interfaces/lib/pkgconfig PYTHONPATH=/home/autopilot/ws/restackcell/ws_moveit2/install/wzlscheduler_interfaces/local/lib/python3.10/dist-packages:/home/autopilot/ws/restackcell/ws_moveit2/install/opcua_interfaces/local/lib/python3.10/dist-packages:${PYTHONPATH} ROS_PACKAGE_PATH=/home/autopilot/ws/restackcell/ws_moveit2/install/wzlscheduler_interfaces/share /usr/bin/cmake --build /home/autopilot/ws/restackcell/ws_moveit2/build/robo_planner -- -j8 -l8
[0.860s] DEBUG:colcon.colcon_core.event_handler.log_command:Invoked command in '/home/autopilot/ws/restackcell/ws_moveit2/build/robo_planner' returned '0': AMENT_PREFIX_PATH=/home/autopilot/ws/restackcell/ws_moveit2/install/opcua_interfaces:${AMENT_PREFIX_PATH} CMAKE_PREFIX_PATH=/opt/ros/humble:/home/autopilot/ws/restackcell/ws_moveit2/install/wzlscheduler_interfaces:/home/autopilot/ws/restackcell/ws_moveit2/install/opcua_interfaces LD_LIBRARY_PATH=/home/autopilot/ws/restackcell/ws_moveit2/install/wzlscheduler_interfaces/lib:/home/autopilot/ws/restackcell/ws_moveit2/install/opcua_interfaces/lib:${LD_LIBRARY_PATH} PKG_CONFIG_PATH=/home/autopilot/ws/restackcell/ws_moveit2/install/wzlscheduler_interfaces/lib/aarch64-linux-gnu/pkgconfig:/home/autopilot/ws/restackcell/ws_moveit2/install/wzlscheduler_interfaces/lib/pkgconfig PYTHONPATH=/home/autopilot/ws/restackcell/ws_moveit2/install/wzlscheduler_interfaces/local/lib/python3.10/dist-packages:/home/autopilot/ws/restackcell/ws_moveit2/install/opcua_interfaces/local/lib/python3.10/dist-packages:${PYTHONPATH} ROS_PACKAGE_PATH=/home/autopilot/ws/restackcell/ws_moveit2/install/wzlscheduler_interfaces/share /usr/bin/cmake --build /home/autopilot/ws/restackcell/ws_moveit2/build/robo_planner -- -j8 -l8
[0.988s] DEBUG:colcon.colcon_core.event_handler.log_command:Invoking command in '/home/autopilot/ws/restackcell/ws_moveit2/build/robo_planner': AMENT_PREFIX_PATH=/home/autopilot/ws/restackcell/ws_moveit2/install/opcua_interfaces:${AMENT_PREFIX_PATH} CMAKE_PREFIX_PATH=/opt/ros/humble:/home/autopilot/ws/restackcell/ws_moveit2/install/wzlscheduler_interfaces:/home/autopilot/ws/restackcell/ws_moveit2/install/opcua_interfaces LD_LIBRARY_PATH=/home/autopilot/ws/restackcell/ws_moveit2/install/wzlscheduler_interfaces/lib:/home/autopilot/ws/restackcell/ws_moveit2/install/opcua_interfaces/lib:${LD_LIBRARY_PATH} PKG_CONFIG_PATH=/home/autopilot/ws/restackcell/ws_moveit2/install/wzlscheduler_interfaces/lib/aarch64-linux-gnu/pkgconfig:/home/autopilot/ws/restackcell/ws_moveit2/install/wzlscheduler_interfaces/lib/pkgconfig PYTHONPATH=/home/autopilot/ws/restackcell/ws_moveit2/install/wzlscheduler_interfaces/local/lib/python3.10/dist-packages:/home/autopilot/ws/restackcell/ws_moveit2/install/opcua_interfaces/local/lib/python3.10/dist-packages:${PYTHONPATH} ROS_PACKAGE_PATH=/home/autopilot/ws/restackcell/ws_moveit2/install/wzlscheduler_interfaces/share /usr/bin/cmake --install /home/autopilot/ws/restackcell/ws_moveit2/build/robo_planner
[1.022s] Level 1:colcon.colcon_core.environment:create_environment_scripts_only(robo_planner)
[1.039s] Level 1:colcon.colcon_core.environment:checking '/home/autopilot/ws/restackcell/ws_moveit2/install/robo_planner' for CMake module files
[1.045s] Level 1:colcon.colcon_core.environment:checking '/home/autopilot/ws/restackcell/ws_moveit2/install/robo_planner' for CMake config files
[1.048s] Level 1:colcon.colcon_core.shell:create_environment_hook('robo_planner', 'cmake_prefix_path')
[1.049s] INFO:colcon.colcon_core.shell:Creating environment hook '/home/autopilot/ws/restackcell/ws_moveit2/install/robo_planner/share/robo_planner/hook/cmake_prefix_path.ps1'
[1.052s] INFO:colcon.colcon_core.shell:Creating environment descriptor '/home/autopilot/ws/restackcell/ws_moveit2/install/robo_planner/share/robo_planner/hook/cmake_prefix_path.dsv'
[1.055s] INFO:colcon.colcon_core.shell:Creating environment hook '/home/autopilot/ws/restackcell/ws_moveit2/install/robo_planner/share/robo_planner/hook/cmake_prefix_path.sh'
[1.060s] Level 1:colcon.colcon_core.environment:checking '/home/autopilot/ws/restackcell/ws_moveit2/install/robo_planner/lib'
[1.061s] Level 1:colcon.colcon_core.environment:checking '/home/autopilot/ws/restackcell/ws_moveit2/install/robo_planner/bin'
[1.061s] Level 1:colcon.colcon_core.environment:checking '/home/autopilot/ws/restackcell/ws_moveit2/install/robo_planner/lib/pkgconfig/robo_planner.pc'
[1.062s] Level 1:colcon.colcon_core.environment:checking '/home/autopilot/ws/restackcell/ws_moveit2/install/robo_planner/lib/python3.10/site-packages'
[1.063s] Level 1:colcon.colcon_core.environment:checking '/home/autopilot/ws/restackcell/ws_moveit2/install/robo_planner/bin'
[1.065s] INFO:colcon.colcon_core.shell:Creating package script '/home/autopilot/ws/restackcell/ws_moveit2/install/robo_planner/share/robo_planner/package.ps1'
[1.068s] INFO:colcon.colcon_core.shell:Creating package descriptor '/home/autopilot/ws/restackcell/ws_moveit2/install/robo_planner/share/robo_planner/package.dsv'
[1.070s] INFO:colcon.colcon_core.shell:Creating package script '/home/autopilot/ws/restackcell/ws_moveit2/install/robo_planner/share/robo_planner/package.sh'
[1.074s] INFO:colcon.colcon_core.shell:Creating package script '/home/autopilot/ws/restackcell/ws_moveit2/install/robo_planner/share/robo_planner/package.bash'
[1.079s] INFO:colcon.colcon_core.shell:Creating package script '/home/autopilot/ws/restackcell/ws_moveit2/install/robo_planner/share/robo_planner/package.zsh'
[1.083s] Level 1:colcon.colcon_core.environment:create_file_with_runtime_dependencies(/home/autopilot/ws/restackcell/ws_moveit2/install/robo_planner/share/colcon-core/packages/robo_planner)
[1.098s] DEBUG:colcon.colcon_core.event_handler.log_command:Invoked command in '/home/autopilot/ws/restackcell/ws_moveit2/build/robo_planner' returned '0': AMENT_PREFIX_PATH=/home/autopilot/ws/restackcell/ws_moveit2/install/opcua_interfaces:${AMENT_PREFIX_PATH} CMAKE_PREFIX_PATH=/opt/ros/humble:/home/autopilot/ws/restackcell/ws_moveit2/install/wzlscheduler_interfaces:/home/autopilot/ws/restackcell/ws_moveit2/install/opcua_interfaces LD_LIBRARY_PATH=/home/autopilot/ws/restackcell/ws_moveit2/install/wzlscheduler_interfaces/lib:/home/autopilot/ws/restackcell/ws_moveit2/install/opcua_interfaces/lib:${LD_LIBRARY_PATH} PKG_CONFIG_PATH=/home/autopilot/ws/restackcell/ws_moveit2/install/wzlscheduler_interfaces/lib/aarch64-linux-gnu/pkgconfig:/home/autopilot/ws/restackcell/ws_moveit2/install/wzlscheduler_interfaces/lib/pkgconfig PYTHONPATH=/home/autopilot/ws/restackcell/ws_moveit2/install/wzlscheduler_interfaces/local/lib/python3.10/dist-packages:/home/autopilot/ws/restackcell/ws_moveit2/install/opcua_interfaces/local/lib/python3.10/dist-packages:${PYTHONPATH} ROS_PACKAGE_PATH=/home/autopilot/ws/restackcell/ws_moveit2/install/wzlscheduler_interfaces/share /usr/bin/cmake --install /home/autopilot/ws/restackcell/ws_moveit2/build/robo_planner
[1.179s] Level 1:colcon.colcon_core.environment:create_environment_scripts_only(robo_planner)
[1.180s] Level 1:colcon.colcon_core.environment:checking '/home/autopilot/ws/restackcell/ws_moveit2/install/robo_planner' for CMake module files
[1.181s] Level 1:colcon.colcon_core.environment:checking '/home/autopilot/ws/restackcell/ws_moveit2/install/robo_planner' for CMake config files
[1.182s] Level 1:colcon.colcon_core.shell:create_environment_hook('robo_planner', 'cmake_prefix_path')
[1.183s] INFO:colcon.colcon_core.shell:Creating environment hook '/home/autopilot/ws/restackcell/ws_moveit2/install/robo_planner/share/robo_planner/hook/cmake_prefix_path.ps1'
[1.184s] INFO:colcon.colcon_core.shell:Creating environment descriptor '/home/autopilot/ws/restackcell/ws_moveit2/install/robo_planner/share/robo_planner/hook/cmake_prefix_path.dsv'
[1.185s] INFO:colcon.colcon_core.shell:Creating environment hook '/home/autopilot/ws/restackcell/ws_moveit2/install/robo_planner/share/robo_planner/hook/cmake_prefix_path.sh'
[1.188s] Level 1:colcon.colcon_core.environment:checking '/home/autopilot/ws/restackcell/ws_moveit2/install/robo_planner/lib'
[1.188s] Level 1:colcon.colcon_core.environment:checking '/home/autopilot/ws/restackcell/ws_moveit2/install/robo_planner/bin'
[1.189s] Level 1:colcon.colcon_core.environment:checking '/home/autopilot/ws/restackcell/ws_moveit2/install/robo_planner/lib/pkgconfig/robo_planner.pc'
[1.189s] Level 1:colcon.colcon_core.environment:checking '/home/autopilot/ws/restackcell/ws_moveit2/install/robo_planner/lib/python3.10/site-packages'
[1.190s] Level 1:colcon.colcon_core.environment:checking '/home/autopilot/ws/restackcell/ws_moveit2/install/robo_planner/bin'
[1.191s] INFO:colcon.colcon_core.shell:Creating package script '/home/autopilot/ws/restackcell/ws_moveit2/install/robo_planner/share/robo_planner/package.ps1'
[1.192s] INFO:colcon.colcon_core.shell:Creating package descriptor '/home/autopilot/ws/restackcell/ws_moveit2/install/robo_planner/share/robo_planner/package.dsv'
[1.193s] INFO:colcon.colcon_core.shell:Creating package script '/home/autopilot/ws/restackcell/ws_moveit2/install/robo_planner/share/robo_planner/package.sh'
[1.195s] INFO:colcon.colcon_core.shell:Creating package script '/home/autopilot/ws/restackcell/ws_moveit2/install/robo_planner/share/robo_planner/package.bash'
[1.197s] INFO:colcon.colcon_core.shell:Creating package script '/home/autopilot/ws/restackcell/ws_moveit2/install/robo_planner/share/robo_planner/package.zsh'
[1.198s] Level 1:colcon.colcon_core.environment:create_file_with_runtime_dependencies(/home/autopilot/ws/restackcell/ws_moveit2/install/robo_planner/share/colcon-core/packages/robo_planner)
[1.199s] DEBUG:colcon.colcon_parallel_executor.executor.parallel:closing loop
[1.199s] DEBUG:colcon.colcon_parallel_executor.executor.parallel:loop closed
[1.200s] DEBUG:colcon.colcon_parallel_executor.executor.parallel:run_until_complete finished with '0'
[1.200s] DEBUG:colcon.colcon_core.event_reactor:joining thread
[1.213s] INFO:colcon.colcon_core.plugin_system:Skipping extension 'colcon_notification.desktop_notification.terminal_notifier': Not used on non-Darwin systems
[1.213s] INFO:colcon.colcon_core.plugin_system:Skipping extension 'colcon_notification.desktop_notification.win32': Not used on non-Windows systems
[1.213s] INFO:colcon.colcon_notification.desktop_notification:Sending desktop notification using 'notify2'
[1.246s] DEBUG:colcon.colcon_core.event_reactor:joined thread
[1.247s] INFO:colcon.colcon_core.shell:Creating prefix script '/home/autopilot/ws/restackcell/ws_moveit2/install/local_setup.ps1'
[1.250s] INFO:colcon.colcon_core.shell:Creating prefix util module '/home/autopilot/ws/restackcell/ws_moveit2/install/_local_setup_util_ps1.py'
[1.255s] INFO:colcon.colcon_core.shell:Creating prefix chain script '/home/autopilot/ws/restackcell/ws_moveit2/install/setup.ps1'
[1.257s] INFO:colcon.colcon_core.shell:Creating prefix script '/home/autopilot/ws/restackcell/ws_moveit2/install/local_setup.sh'
[1.259s] INFO:colcon.colcon_core.shell:Creating prefix util module '/home/autopilot/ws/restackcell/ws_moveit2/install/_local_setup_util_sh.py'
[1.261s] INFO:colcon.colcon_core.shell:Creating prefix chain script '/home/autopilot/ws/restackcell/ws_moveit2/install/setup.sh'
[1.264s] INFO:colcon.colcon_core.shell:Creating prefix script '/home/autopilot/ws/restackcell/ws_moveit2/install/local_setup.bash'
[1.265s] INFO:colcon.colcon_core.shell:Creating prefix chain script '/home/autopilot/ws/restackcell/ws_moveit2/install/setup.bash'
[1.267s] INFO:colcon.colcon_core.shell:Creating prefix script '/home/autopilot/ws/restackcell/ws_moveit2/install/local_setup.zsh'
[1.268s] INFO:colcon.colcon_core.shell:Creating prefix chain script '/home/autopilot/ws/restackcell/ws_moveit2/install/setup.zsh'
