[1.969s] Invoking command in '/home/autopilot/ws/restackcell/ws_moveit2/src/interface_opcua': PYTHONPATH=/home/autopilot/ws/restackcell/ws_moveit2/build/interface_opcua/prefix_override:/usr/lib/python3/dist-packages/colcon_core/task/python/colcon_distutils_commands:/home/autopilot/ws/restackcell/ws_moveit2/install/interface_opcua/lib/python3.10/site-packages:${PYTHONPATH} /usr/bin/python3 -W ignore:setup.py install is deprecated setup.py egg_info --egg-base ../../build/interface_opcua build --build-base /home/autopilot/ws/restackcell/ws_moveit2/build/interface_opcua/build install --record /home/autopilot/ws/restackcell/ws_moveit2/build/interface_opcua/install.log --single-version-externally-managed install_data
[2.457s] running egg_info
[2.460s] writing ../../build/interface_opcua/interface_opcua.egg-info/PKG-INFO
[2.462s] writing dependency_links to ../../build/interface_opcua/interface_opcua.egg-info/dependency_links.txt
[2.464s] writing entry points to ../../build/interface_opcua/interface_opcua.egg-info/entry_points.txt
[2.465s] writing requirements to ../../build/interface_opcua/interface_opcua.egg-info/requires.txt
[2.467s] writing top-level names to ../../build/interface_opcua/interface_opcua.egg-info/top_level.txt
[2.472s] reading manifest file '../../build/interface_opcua/interface_opcua.egg-info/SOURCES.txt'
[2.474s] adding license file 'LICENSE'
[2.477s] writing manifest file '../../build/interface_opcua/interface_opcua.egg-info/SOURCES.txt'
[2.479s] running build
[2.479s] running build_py
[2.481s] running install
[2.482s] running install_lib
[2.486s] running install_data
[2.486s] running install_egg_info
[2.504s] removing '/home/autopilot/ws/restackcell/ws_moveit2/install/interface_opcua/lib/python3.10/site-packages/interface_opcua-0.0.0-py3.10.egg-info' (and everything under it)
[2.506s] Copying ../../build/interface_opcua/interface_opcua.egg-info to /home/autopilot/ws/restackcell/ws_moveit2/install/interface_opcua/lib/python3.10/site-packages/interface_opcua-0.0.0-py3.10.egg-info
[2.512s] running install_scripts
[2.558s] Installing service script to /home/autopilot/ws/restackcell/ws_moveit2/install/interface_opcua/lib/interface_opcua
[2.560s] writing list of installed files to '/home/autopilot/ws/restackcell/ws_moveit2/build/interface_opcua/install.log'
[2.635s] Invoked command in '/home/autopilot/ws/restackcell/ws_moveit2/src/interface_opcua' returned '0': PYTHONPATH=/home/autopilot/ws/restackcell/ws_moveit2/build/interface_opcua/prefix_override:/usr/lib/python3/dist-packages/colcon_core/task/python/colcon_distutils_commands:/home/autopilot/ws/restackcell/ws_moveit2/install/interface_opcua/lib/python3.10/site-packages:${PYTHONPATH} /usr/bin/python3 -W ignore:setup.py install is deprecated setup.py egg_info --egg-base ../../build/interface_opcua build --build-base /home/autopilot/ws/restackcell/ws_moveit2/build/interface_opcua/build install --record /home/autopilot/ws/restackcell/ws_moveit2/build/interface_opcua/install.log --single-version-externally-managed install_data
