[35m[1mConsolidate compiler generated dependencies of target scene_scan_matching[0m
[  9%] Built target scene_scan_matching
[35m[1mConsolidate compiler generated dependencies of target clustering[0m
[ 18%] Built target clustering
[35m[1mConsolidate compiler generated dependencies of target plane_filter[0m
[ 27%] Built target plane_filter
[35m[1mConsolidate compiler generated dependencies of target classification[0m
[ 36%] Built target classification
[35m[1mConsolidate compiler generated dependencies of target matching[0m
[ 45%] Built target matching
[35m[1mConsolidate compiler generated dependencies of target pose_snapper[0m
[ 54%] Built target pose_snapper
[35m[1mConsolidate compiler generated dependencies of target transformation_robot[0m
[ 63%] Built target transformation_robot
[35m[1mConsolidate compiler generated dependencies of target hand_eye_transform_publisher[0m
[ 72%] Built target hand_eye_transform_publisher
[35m[1mConsolidate compiler generated dependencies of target test_robot_pose_publisher[0m
[ 81%] Built target test_robot_pose_publisher
[35m[1mConsolidate compiler generated dependencies of target downsampling[0m
[ 90%] Built target downsampling
[35m[1mConsolidate compiler generated dependencies of target file_publisher[0m
[100%] Built target file_publisher
-- Install configuration: ""
-- Up-to-date: /home/autopilot/ws/restackcell/ws_moveit2/install/pcl_segmentation/lib/pcl_segmentation/scene_scan_matching
-- Up-to-date: /home/autopilot/ws/restackcell/ws_moveit2/install/pcl_segmentation/lib/pcl_segmentation/file_publisher
-- Up-to-date: /home/autopilot/ws/restackcell/ws_moveit2/install/pcl_segmentation/lib/pcl_segmentation/downsampling
-- Up-to-date: /home/autopilot/ws/restackcell/ws_moveit2/install/pcl_segmentation/lib/pcl_segmentation/clustering
-- Up-to-date: /home/autopilot/ws/restackcell/ws_moveit2/install/pcl_segmentation/lib/pcl_segmentation/plane_filter
-- Up-to-date: /home/autopilot/ws/restackcell/ws_moveit2/install/pcl_segmentation/lib/pcl_segmentation/classification
-- Up-to-date: /home/autopilot/ws/restackcell/ws_moveit2/install/pcl_segmentation/lib/pcl_segmentation/matching
-- Up-to-date: /home/autopilot/ws/restackcell/ws_moveit2/install/pcl_segmentation/lib/pcl_segmentation/pose_snapper
-- Up-to-date: /home/autopilot/ws/restackcell/ws_moveit2/install/pcl_segmentation/lib/pcl_segmentation/transformation_robot
-- Up-to-date: /home/autopilot/ws/restackcell/ws_moveit2/install/pcl_segmentation/lib/pcl_segmentation/hand_eye_transform_publisher
-- Up-to-date: /home/autopilot/ws/restackcell/ws_moveit2/install/pcl_segmentation/lib/pcl_segmentation/test_robot_pose_publisher
-- Up-to-date: /home/autopilot/ws/restackcell/ws_moveit2/install/pcl_segmentation/share/ament_index/resource_index/package_run_dependencies/pcl_segmentation
-- Up-to-date: /home/autopilot/ws/restackcell/ws_moveit2/install/pcl_segmentation/share/ament_index/resource_index/parent_prefix_path/pcl_segmentation
-- Up-to-date: /home/autopilot/ws/restackcell/ws_moveit2/install/pcl_segmentation/share/pcl_segmentation/environment/ament_prefix_path.sh
-- Up-to-date: /home/autopilot/ws/restackcell/ws_moveit2/install/pcl_segmentation/share/pcl_segmentation/environment/ament_prefix_path.dsv
-- Up-to-date: /home/autopilot/ws/restackcell/ws_moveit2/install/pcl_segmentation/share/pcl_segmentation/environment/path.sh
-- Up-to-date: /home/autopilot/ws/restackcell/ws_moveit2/install/pcl_segmentation/share/pcl_segmentation/environment/path.dsv
-- Up-to-date: /home/autopilot/ws/restackcell/ws_moveit2/install/pcl_segmentation/share/pcl_segmentation/local_setup.bash
-- Up-to-date: /home/autopilot/ws/restackcell/ws_moveit2/install/pcl_segmentation/share/pcl_segmentation/local_setup.sh
-- Up-to-date: /home/autopilot/ws/restackcell/ws_moveit2/install/pcl_segmentation/share/pcl_segmentation/local_setup.zsh
-- Up-to-date: /home/autopilot/ws/restackcell/ws_moveit2/install/pcl_segmentation/share/pcl_segmentation/local_setup.dsv
-- Installing: /home/autopilot/ws/restackcell/ws_moveit2/install/pcl_segmentation/share/pcl_segmentation/package.dsv
-- Up-to-date: /home/autopilot/ws/restackcell/ws_moveit2/install/pcl_segmentation/share/ament_index/resource_index/packages/pcl_segmentation
-- Up-to-date: /home/autopilot/ws/restackcell/ws_moveit2/install/pcl_segmentation/share/pcl_segmentation/cmake/pcl_segmentationConfig.cmake
-- Up-to-date: /home/autopilot/ws/restackcell/ws_moveit2/install/pcl_segmentation/share/pcl_segmentation/cmake/pcl_segmentationConfig-version.cmake
-- Up-to-date: /home/autopilot/ws/restackcell/ws_moveit2/install/pcl_segmentation/share/pcl_segmentation/package.xml
