[0.050s] Invoking command in '/home/autopilot/ws/restackcell/ws_moveit2/build/opcua_interfaces': CMAKE_PREFIX_PATH=/home/autopilot/ws/restackcell/ws_moveit2/install/robo_planner:/home/autopilot/ws/restackcell/ws_moveit2/install/pcl_segmentation:/home/autopilot/ws/restackcell/ws_moveit2/install/moveit_backend:/home/autopilot/ws/restackcell/ws_moveit2/install/mockup_robot:/home/autopilot/ws/restackcell/ws_moveit2/install/robo_planner_py:/home/autopilot/ws/restackcell/ws_moveit2/install/grid_snapper:/home/autopilot/ws/restackcell/ws_moveit2/install/opcua_client:/home/autopilot/ws/restackcell/ws_moveit2/install/interface_opcua:/opt/ros/humble:/home/autopilot/ws/restackcell/ws_moveit2/install/wzlscheduler_interfaces:/home/autopilot/ws/restackcell/ws_moveit2/install/ur_pilz:/home/autopilot/ws/restackcell/ws_moveit2/install/robo_planner_msgs:/home/autopilot/ws/restackcell/ws_moveit2/install/opcua_interfaces /usr/bin/cmake --build /home/autopilot/ws/restackcell/ws_moveit2/build/opcua_interfaces -- -j8 -l8
[0.817s] [  2%] Built target opcua_interfaces__cpp
[0.818s] [ 12%] Built target opcua_interfaces__rosidl_generator_c
[0.818s] [ 34%] Built target opcua_interfaces__rosidl_typesupport_introspection_cpp
[0.818s] [ 34%] Built target opcua_interfaces__rosidl_typesupport_fastrtps_cpp
[0.819s] [ 44%] Built target opcua_interfaces__rosidl_typesupport_cpp
[0.820s] [ 44%] Built target ament_cmake_python_copy_opcua_interfaces
[0.820s] [ 57%] Built target opcua_interfaces__rosidl_typesupport_fastrtps_c
[0.820s] [ 65%] Built target opcua_interfaces__rosidl_typesupport_c
[0.820s] [ 76%] Built target opcua_interfaces__rosidl_typesupport_introspection_c
[0.820s] [ 76%] Built target opcua_interfaces
[0.820s] [ 78%] Built target opcua_interfaces__py
[0.820s] [ 87%] Built target opcua_interfaces__rosidl_generator_py
[0.821s] [ 91%] Built target opcua_interfaces__rosidl_typesupport_introspection_c__pyext
[0.821s] [ 95%] Built target opcua_interfaces__rosidl_typesupport_fastrtps_c__pyext
[0.821s] [100%] Built target opcua_interfaces__rosidl_typesupport_c__pyext
[0.978s] running egg_info
[0.979s] writing opcua_interfaces.egg-info/PKG-INFO
[0.996s] writing dependency_links to opcua_interfaces.egg-info/dependency_links.txt
[0.996s] writing top-level names to opcua_interfaces.egg-info/top_level.txt
[1.011s] reading manifest file 'opcua_interfaces.egg-info/SOURCES.txt'
[1.016s] writing manifest file 'opcua_interfaces.egg-info/SOURCES.txt'
[1.161s] [100%] Built target ament_cmake_python_build_opcua_interfaces_egg
[1.211s] Invoked command in '/home/autopilot/ws/restackcell/ws_moveit2/build/opcua_interfaces' returned '0': CMAKE_PREFIX_PATH=/home/autopilot/ws/restackcell/ws_moveit2/install/robo_planner:/home/autopilot/ws/restackcell/ws_moveit2/install/pcl_segmentation:/home/autopilot/ws/restackcell/ws_moveit2/install/moveit_backend:/home/autopilot/ws/restackcell/ws_moveit2/install/mockup_robot:/home/autopilot/ws/restackcell/ws_moveit2/install/robo_planner_py:/home/autopilot/ws/restackcell/ws_moveit2/install/grid_snapper:/home/autopilot/ws/restackcell/ws_moveit2/install/opcua_client:/home/autopilot/ws/restackcell/ws_moveit2/install/interface_opcua:/opt/ros/humble:/home/autopilot/ws/restackcell/ws_moveit2/install/wzlscheduler_interfaces:/home/autopilot/ws/restackcell/ws_moveit2/install/ur_pilz:/home/autopilot/ws/restackcell/ws_moveit2/install/robo_planner_msgs:/home/autopilot/ws/restackcell/ws_moveit2/install/opcua_interfaces /usr/bin/cmake --build /home/autopilot/ws/restackcell/ws_moveit2/build/opcua_interfaces -- -j8 -l8
[1.513s] Invoking command in '/home/autopilot/ws/restackcell/ws_moveit2/build/opcua_interfaces': CMAKE_PREFIX_PATH=/home/autopilot/ws/restackcell/ws_moveit2/install/robo_planner:/home/autopilot/ws/restackcell/ws_moveit2/install/pcl_segmentation:/home/autopilot/ws/restackcell/ws_moveit2/install/moveit_backend:/home/autopilot/ws/restackcell/ws_moveit2/install/mockup_robot:/home/autopilot/ws/restackcell/ws_moveit2/install/robo_planner_py:/home/autopilot/ws/restackcell/ws_moveit2/install/grid_snapper:/home/autopilot/ws/restackcell/ws_moveit2/install/opcua_client:/home/autopilot/ws/restackcell/ws_moveit2/install/interface_opcua:/opt/ros/humble:/home/autopilot/ws/restackcell/ws_moveit2/install/wzlscheduler_interfaces:/home/autopilot/ws/restackcell/ws_moveit2/install/ur_pilz:/home/autopilot/ws/restackcell/ws_moveit2/install/robo_planner_msgs:/home/autopilot/ws/restackcell/ws_moveit2/install/opcua_interfaces /usr/bin/cmake --install /home/autopilot/ws/restackcell/ws_moveit2/build/opcua_interfaces
[1.530s] -- Install configuration: ""
[1.530s] -- Up-to-date: /home/autopilot/ws/restackcell/ws_moveit2/install/opcua_interfaces/share/ament_index/resource_index/rosidl_interfaces/opcua_interfaces
[1.533s] -- Up-to-date: /home/autopilot/ws/restackcell/ws_moveit2/install/opcua_interfaces/include/opcua_interfaces/opcua_interfaces
[1.533s] -- Up-to-date: /home/autopilot/ws/restackcell/ws_moveit2/install/opcua_interfaces/include/opcua_interfaces/opcua_interfaces/msg
[1.534s] -- Up-to-date: /home/autopilot/ws/restackcell/ws_moveit2/install/opcua_interfaces/include/opcua_interfaces/opcua_interfaces/msg/actuator_read.h
[1.534s] -- Up-to-date: /home/autopilot/ws/restackcell/ws_moveit2/install/opcua_interfaces/include/opcua_interfaces/opcua_interfaces/msg/rosidl_generator_c__visibility_control.h
[1.535s] -- Up-to-date: /home/autopilot/ws/restackcell/ws_moveit2/install/opcua_interfaces/include/opcua_interfaces/opcua_interfaces/msg/detail
[1.535s] -- Up-to-date: /home/autopilot/ws/restackcell/ws_moveit2/install/opcua_interfaces/include/opcua_interfaces/opcua_interfaces/msg/detail/actuator_read__functions.h
[1.535s] -- Up-to-date: /home/autopilot/ws/restackcell/ws_moveit2/install/opcua_interfaces/include/opcua_interfaces/opcua_interfaces/msg/detail/actuator_read__type_support.h
[1.535s] -- Up-to-date: /home/autopilot/ws/restackcell/ws_moveit2/install/opcua_interfaces/include/opcua_interfaces/opcua_interfaces/msg/detail/actuator_read__functions.c
[1.535s] -- Up-to-date: /home/autopilot/ws/restackcell/ws_moveit2/install/opcua_interfaces/include/opcua_interfaces/opcua_interfaces/msg/detail/actuator_read_request__struct.h
[1.536s] -- Up-to-date: /home/autopilot/ws/restackcell/ws_moveit2/install/opcua_interfaces/include/opcua_interfaces/opcua_interfaces/msg/detail/actuator_read_request__functions.h
[1.538s] -- Up-to-date: /home/autopilot/ws/restackcell/ws_moveit2/install/opcua_interfaces/include/opcua_interfaces/opcua_interfaces/msg/detail/actuator_write__functions.h
[1.541s] -- Up-to-date: /home/autopilot/ws/restackcell/ws_moveit2/install/opcua_interfaces/include/opcua_interfaces/opcua_interfaces/msg/detail/actuator_write__functions.c
[1.542s] -- Up-to-date: /home/autopilot/ws/restackcell/ws_moveit2/install/opcua_interfaces/include/opcua_interfaces/opcua_interfaces/msg/detail/actuator_write__type_support.h
[1.545s] -- Up-to-date: /home/autopilot/ws/restackcell/ws_moveit2/install/opcua_interfaces/include/opcua_interfaces/opcua_interfaces/msg/detail/actuator_read_request__functions.c
[1.548s] -- Up-to-date: /home/autopilot/ws/restackcell/ws_moveit2/install/opcua_interfaces/include/opcua_interfaces/opcua_interfaces/msg/detail/actuator_read_request__type_support.h
[1.548s] -- Up-to-date: /home/autopilot/ws/restackcell/ws_moveit2/install/opcua_interfaces/include/opcua_interfaces/opcua_interfaces/msg/detail/actuator_read__struct.h
[1.548s] -- Up-to-date: /home/autopilot/ws/restackcell/ws_moveit2/install/opcua_interfaces/include/opcua_interfaces/opcua_interfaces/msg/detail/actuator_write__struct.h
[1.549s] -- Up-to-date: /home/autopilot/ws/restackcell/ws_moveit2/install/opcua_interfaces/include/opcua_interfaces/opcua_interfaces/msg/actuator_write.h
[1.549s] -- Up-to-date: /home/autopilot/ws/restackcell/ws_moveit2/install/opcua_interfaces/include/opcua_interfaces/opcua_interfaces/msg/actuator_read_request.h
[1.549s] -- Up-to-date: /home/autopilot/ws/restackcell/ws_moveit2/install/opcua_interfaces/share/opcua_interfaces/environment/library_path.sh
[1.549s] -- Up-to-date: /home/autopilot/ws/restackcell/ws_moveit2/install/opcua_interfaces/share/opcua_interfaces/environment/library_path.dsv
[1.550s] -- Up-to-date: /home/autopilot/ws/restackcell/ws_moveit2/install/opcua_interfaces/lib/libopcua_interfaces__rosidl_generator_c.so
[1.550s] -- Up-to-date: /home/autopilot/ws/restackcell/ws_moveit2/install/opcua_interfaces/include/opcua_interfaces/opcua_interfaces
[1.550s] -- Up-to-date: /home/autopilot/ws/restackcell/ws_moveit2/install/opcua_interfaces/include/opcua_interfaces/opcua_interfaces/msg
[1.550s] -- Up-to-date: /home/autopilot/ws/restackcell/ws_moveit2/install/opcua_interfaces/include/opcua_interfaces/opcua_interfaces/msg/rosidl_typesupport_fastrtps_c__visibility_control.h
[1.550s] -- Up-to-date: /home/autopilot/ws/restackcell/ws_moveit2/install/opcua_interfaces/include/opcua_interfaces/opcua_interfaces/msg/detail
[1.550s] -- Up-to-date: /home/autopilot/ws/restackcell/ws_moveit2/install/opcua_interfaces/include/opcua_interfaces/opcua_interfaces/msg/detail/actuator_read_request__rosidl_typesupport_fastrtps_c.h
[1.550s] -- Up-to-date: /home/autopilot/ws/restackcell/ws_moveit2/install/opcua_interfaces/include/opcua_interfaces/opcua_interfaces/msg/detail/actuator_read__rosidl_typesupport_fastrtps_c.h
[1.551s] -- Up-to-date: /home/autopilot/ws/restackcell/ws_moveit2/install/opcua_interfaces/include/opcua_interfaces/opcua_interfaces/msg/detail/actuator_write__rosidl_typesupport_fastrtps_c.h
[1.551s] -- Up-to-date: /home/autopilot/ws/restackcell/ws_moveit2/install/opcua_interfaces/lib/libopcua_interfaces__rosidl_typesupport_fastrtps_c.so
[1.551s] -- Up-to-date: /home/autopilot/ws/restackcell/ws_moveit2/install/opcua_interfaces/include/opcua_interfaces/opcua_interfaces
[1.553s] -- Up-to-date: /home/autopilot/ws/restackcell/ws_moveit2/install/opcua_interfaces/include/opcua_interfaces/opcua_interfaces/msg
[1.553s] -- Up-to-date: /home/autopilot/ws/restackcell/ws_moveit2/install/opcua_interfaces/include/opcua_interfaces/opcua_interfaces/msg/rosidl_typesupport_introspection_c__visibility_control.h
[1.554s] -- Up-to-date: /home/autopilot/ws/restackcell/ws_moveit2/install/opcua_interfaces/include/opcua_interfaces/opcua_interfaces/msg/detail
[1.554s] -- Up-to-date: /home/autopilot/ws/restackcell/ws_moveit2/install/opcua_interfaces/include/opcua_interfaces/opcua_interfaces/msg/detail/actuator_write__type_support.c
[1.554s] -- Up-to-date: /home/autopilot/ws/restackcell/ws_moveit2/install/opcua_interfaces/include/opcua_interfaces/opcua_interfaces/msg/detail/actuator_read_request__type_support.c
[1.555s] -- Up-to-date: /home/autopilot/ws/restackcell/ws_moveit2/install/opcua_interfaces/include/opcua_interfaces/opcua_interfaces/msg/detail/actuator_write__rosidl_typesupport_introspection_c.h
[1.555s] -- Up-to-date: /home/autopilot/ws/restackcell/ws_moveit2/install/opcua_interfaces/include/opcua_interfaces/opcua_interfaces/msg/detail/actuator_read_request__rosidl_typesupport_introspection_c.h
[1.556s] -- Up-to-date: /home/autopilot/ws/restackcell/ws_moveit2/install/opcua_interfaces/include/opcua_interfaces/opcua_interfaces/msg/detail/actuator_read__rosidl_typesupport_introspection_c.h
[1.556s] -- Up-to-date: /home/autopilot/ws/restackcell/ws_moveit2/install/opcua_interfaces/include/opcua_interfaces/opcua_interfaces/msg/detail/actuator_read__type_support.c
[1.556s] -- Up-to-date: /home/autopilot/ws/restackcell/ws_moveit2/install/opcua_interfaces/lib/libopcua_interfaces__rosidl_typesupport_introspection_c.so
[1.556s] -- Up-to-date: /home/autopilot/ws/restackcell/ws_moveit2/install/opcua_interfaces/lib/libopcua_interfaces__rosidl_typesupport_c.so
[1.556s] -- Up-to-date: /home/autopilot/ws/restackcell/ws_moveit2/install/opcua_interfaces/include/opcua_interfaces/opcua_interfaces
[1.556s] -- Up-to-date: /home/autopilot/ws/restackcell/ws_moveit2/install/opcua_interfaces/include/opcua_interfaces/opcua_interfaces/msg
[1.557s] -- Up-to-date: /home/autopilot/ws/restackcell/ws_moveit2/install/opcua_interfaces/include/opcua_interfaces/opcua_interfaces/msg/actuator_read_request.hpp
[1.557s] -- Up-to-date: /home/autopilot/ws/restackcell/ws_moveit2/install/opcua_interfaces/include/opcua_interfaces/opcua_interfaces/msg/actuator_read.hpp
[1.557s] -- Up-to-date: /home/autopilot/ws/restackcell/ws_moveit2/install/opcua_interfaces/include/opcua_interfaces/opcua_interfaces/msg/detail
[1.557s] -- Up-to-date: /home/autopilot/ws/restackcell/ws_moveit2/install/opcua_interfaces/include/opcua_interfaces/opcua_interfaces/msg/detail/actuator_write__struct.hpp
[1.557s] -- Up-to-date: /home/autopilot/ws/restackcell/ws_moveit2/install/opcua_interfaces/include/opcua_interfaces/opcua_interfaces/msg/detail/actuator_read_request__traits.hpp
[1.558s] -- Up-to-date: /home/autopilot/ws/restackcell/ws_moveit2/install/opcua_interfaces/include/opcua_interfaces/opcua_interfaces/msg/detail/actuator_read__traits.hpp
[1.558s] -- Up-to-date: /home/autopilot/ws/restackcell/ws_moveit2/install/opcua_interfaces/include/opcua_interfaces/opcua_interfaces/msg/detail/actuator_write__builder.hpp
[1.558s] -- Up-to-date: /home/autopilot/ws/restackcell/ws_moveit2/install/opcua_interfaces/include/opcua_interfaces/opcua_interfaces/msg/detail/actuator_read_request__builder.hpp
[1.558s] -- Up-to-date: /home/autopilot/ws/restackcell/ws_moveit2/install/opcua_interfaces/include/opcua_interfaces/opcua_interfaces/msg/detail/actuator_read__struct.hpp
[1.558s] -- Up-to-date: /home/autopilot/ws/restackcell/ws_moveit2/install/opcua_interfaces/include/opcua_interfaces/opcua_interfaces/msg/detail/actuator_read_request__struct.hpp
[1.558s] -- Up-to-date: /home/autopilot/ws/restackcell/ws_moveit2/install/opcua_interfaces/include/opcua_interfaces/opcua_interfaces/msg/detail/actuator_write__traits.hpp
[1.558s] -- Up-to-date: /home/autopilot/ws/restackcell/ws_moveit2/install/opcua_interfaces/include/opcua_interfaces/opcua_interfaces/msg/detail/actuator_read__builder.hpp
[1.558s] -- Up-to-date: /home/autopilot/ws/restackcell/ws_moveit2/install/opcua_interfaces/include/opcua_interfaces/opcua_interfaces/msg/actuator_write.hpp
[1.560s] -- Up-to-date: /home/autopilot/ws/restackcell/ws_moveit2/install/opcua_interfaces/include/opcua_interfaces/opcua_interfaces
[1.560s] -- Up-to-date: /home/autopilot/ws/restackcell/ws_moveit2/install/opcua_interfaces/include/opcua_interfaces/opcua_interfaces/msg
[1.560s] -- Up-to-date: /home/autopilot/ws/restackcell/ws_moveit2/install/opcua_interfaces/include/opcua_interfaces/opcua_interfaces/msg/rosidl_typesupport_fastrtps_cpp__visibility_control.h
[1.560s] -- Up-to-date: /home/autopilot/ws/restackcell/ws_moveit2/install/opcua_interfaces/include/opcua_interfaces/opcua_interfaces/msg/detail
[1.560s] -- Up-to-date: /home/autopilot/ws/restackcell/ws_moveit2/install/opcua_interfaces/include/opcua_interfaces/opcua_interfaces/msg/detail/actuator_read_request__rosidl_typesupport_fastrtps_cpp.hpp
[1.560s] -- Up-to-date: /home/autopilot/ws/restackcell/ws_moveit2/install/opcua_interfaces/include/opcua_interfaces/opcua_interfaces/msg/detail/actuator_read__rosidl_typesupport_fastrtps_cpp.hpp
[1.561s] -- Up-to-date: /home/autopilot/ws/restackcell/ws_moveit2/install/opcua_interfaces/include/opcua_interfaces/opcua_interfaces/msg/detail/dds_fastrtps
[1.561s] -- Up-to-date: /home/autopilot/ws/restackcell/ws_moveit2/install/opcua_interfaces/include/opcua_interfaces/opcua_interfaces/msg/detail/actuator_write__rosidl_typesupport_fastrtps_cpp.hpp
[1.561s] -- Up-to-date: /home/autopilot/ws/restackcell/ws_moveit2/install/opcua_interfaces/lib/libopcua_interfaces__rosidl_typesupport_fastrtps_cpp.so
[1.561s] -- Up-to-date: /home/autopilot/ws/restackcell/ws_moveit2/install/opcua_interfaces/include/opcua_interfaces/opcua_interfaces
[1.561s] -- Up-to-date: /home/autopilot/ws/restackcell/ws_moveit2/install/opcua_interfaces/include/opcua_interfaces/opcua_interfaces/msg
[1.562s] -- Up-to-date: /home/autopilot/ws/restackcell/ws_moveit2/install/opcua_interfaces/include/opcua_interfaces/opcua_interfaces/msg/detail
[1.562s] -- Up-to-date: /home/autopilot/ws/restackcell/ws_moveit2/install/opcua_interfaces/include/opcua_interfaces/opcua_interfaces/msg/detail/actuator_read__type_support.cpp
[1.562s] -- Up-to-date: /home/autopilot/ws/restackcell/ws_moveit2/install/opcua_interfaces/include/opcua_interfaces/opcua_interfaces/msg/detail/actuator_read_request__rosidl_typesupport_introspection_cpp.hpp
[1.562s] -- Up-to-date: /home/autopilot/ws/restackcell/ws_moveit2/install/opcua_interfaces/include/opcua_interfaces/opcua_interfaces/msg/detail/actuator_write__rosidl_typesupport_introspection_cpp.hpp
[1.562s] -- Up-to-date: /home/autopilot/ws/restackcell/ws_moveit2/install/opcua_interfaces/include/opcua_interfaces/opcua_interfaces/msg/detail/actuator_read_request__type_support.cpp
[1.562s] -- Up-to-date: /home/autopilot/ws/restackcell/ws_moveit2/install/opcua_interfaces/include/opcua_interfaces/opcua_interfaces/msg/detail/actuator_write__type_support.cpp
[1.562s] -- Up-to-date: /home/autopilot/ws/restackcell/ws_moveit2/install/opcua_interfaces/include/opcua_interfaces/opcua_interfaces/msg/detail/actuator_read__rosidl_typesupport_introspection_cpp.hpp
[1.563s] -- Up-to-date: /home/autopilot/ws/restackcell/ws_moveit2/install/opcua_interfaces/lib/libopcua_interfaces__rosidl_typesupport_introspection_cpp.so
[1.563s] -- Up-to-date: /home/autopilot/ws/restackcell/ws_moveit2/install/opcua_interfaces/lib/libopcua_interfaces__rosidl_typesupport_cpp.so
[1.563s] -- Up-to-date: /home/autopilot/ws/restackcell/ws_moveit2/install/opcua_interfaces/share/opcua_interfaces/environment/pythonpath.sh
[1.563s] -- Up-to-date: /home/autopilot/ws/restackcell/ws_moveit2/install/opcua_interfaces/share/opcua_interfaces/environment/pythonpath.dsv
[1.563s] -- Up-to-date: /home/autopilot/ws/restackcell/ws_moveit2/install/opcua_interfaces/local/lib/python3.10/dist-packages/opcua_interfaces-0.0.0-py3.10.egg-info
[1.564s] -- Installing: /home/autopilot/ws/restackcell/ws_moveit2/install/opcua_interfaces/local/lib/python3.10/dist-packages/opcua_interfaces-0.0.0-py3.10.egg-info/SOURCES.txt
[1.564s] -- Installing: /home/autopilot/ws/restackcell/ws_moveit2/install/opcua_interfaces/local/lib/python3.10/dist-packages/opcua_interfaces-0.0.0-py3.10.egg-info/PKG-INFO
[1.564s] -- Installing: /home/autopilot/ws/restackcell/ws_moveit2/install/opcua_interfaces/local/lib/python3.10/dist-packages/opcua_interfaces-0.0.0-py3.10.egg-info/top_level.txt
[1.564s] -- Installing: /home/autopilot/ws/restackcell/ws_moveit2/install/opcua_interfaces/local/lib/python3.10/dist-packages/opcua_interfaces-0.0.0-py3.10.egg-info/dependency_links.txt
[1.564s] -- Up-to-date: /home/autopilot/ws/restackcell/ws_moveit2/install/opcua_interfaces/local/lib/python3.10/dist-packages/opcua_interfaces
[1.564s] -- Up-to-date: /home/autopilot/ws/restackcell/ws_moveit2/install/opcua_interfaces/local/lib/python3.10/dist-packages/opcua_interfaces/_opcua_interfaces_s.ep.rosidl_typesupport_fastrtps_c.c
[1.564s] -- Up-to-date: /home/autopilot/ws/restackcell/ws_moveit2/install/opcua_interfaces/local/lib/python3.10/dist-packages/opcua_interfaces/__init__.py
[1.564s] -- Up-to-date: /home/autopilot/ws/restackcell/ws_moveit2/install/opcua_interfaces/local/lib/python3.10/dist-packages/opcua_interfaces/msg
[1.564s] -- Up-to-date: /home/autopilot/ws/restackcell/ws_moveit2/install/opcua_interfaces/local/lib/python3.10/dist-packages/opcua_interfaces/msg/_actuator_read_request_s.c
[1.565s] -- Up-to-date: /home/autopilot/ws/restackcell/ws_moveit2/install/opcua_interfaces/local/lib/python3.10/dist-packages/opcua_interfaces/msg/_actuator_write_s.c
[1.565s] -- Up-to-date: /home/autopilot/ws/restackcell/ws_moveit2/install/opcua_interfaces/local/lib/python3.10/dist-packages/opcua_interfaces/msg/__init__.py
[1.565s] -- Up-to-date: /home/autopilot/ws/restackcell/ws_moveit2/install/opcua_interfaces/local/lib/python3.10/dist-packages/opcua_interfaces/msg/_actuator_write.py
[1.565s] -- Up-to-date: /home/autopilot/ws/restackcell/ws_moveit2/install/opcua_interfaces/local/lib/python3.10/dist-packages/opcua_interfaces/msg/_actuator_read_request.py
[1.565s] -- Up-to-date: /home/autopilot/ws/restackcell/ws_moveit2/install/opcua_interfaces/local/lib/python3.10/dist-packages/opcua_interfaces/msg/_actuator_read.py
[1.565s] -- Up-to-date: /home/autopilot/ws/restackcell/ws_moveit2/install/opcua_interfaces/local/lib/python3.10/dist-packages/opcua_interfaces/msg/_actuator_read_s.c
[1.566s] -- Up-to-date: /home/autopilot/ws/restackcell/ws_moveit2/install/opcua_interfaces/local/lib/python3.10/dist-packages/opcua_interfaces/_opcua_interfaces_s.ep.rosidl_typesupport_introspection_c.c
[1.566s] -- Up-to-date: /home/autopilot/ws/restackcell/ws_moveit2/install/opcua_interfaces/local/lib/python3.10/dist-packages/opcua_interfaces/_opcua_interfaces_s.ep.rosidl_typesupport_c.c
[1.566s] -- Up-to-date: /home/autopilot/ws/restackcell/ws_moveit2/install/opcua_interfaces/local/lib/python3.10/dist-packages/opcua_interfaces/opcua_interfaces_s__rosidl_typesupport_introspection_c.cpython-310-aarch64-linux-gnu.so
[1.566s] -- Up-to-date: /home/autopilot/ws/restackcell/ws_moveit2/install/opcua_interfaces/local/lib/python3.10/dist-packages/opcua_interfaces/opcua_interfaces_s__rosidl_typesupport_c.cpython-310-aarch64-linux-gnu.so
[1.566s] -- Up-to-date: /home/autopilot/ws/restackcell/ws_moveit2/install/opcua_interfaces/local/lib/python3.10/dist-packages/opcua_interfaces/opcua_interfaces_s__rosidl_typesupport_fastrtps_c.cpython-310-aarch64-linux-gnu.so
[1.566s] -- Up-to-date: /home/autopilot/ws/restackcell/ws_moveit2/install/opcua_interfaces/local/lib/python3.10/dist-packages/opcua_interfaces/libopcua_interfaces__rosidl_generator_py.so
[1.626s] Listing '/home/autopilot/ws/restackcell/ws_moveit2/install/opcua_interfaces/local/lib/python3.10/dist-packages/opcua_interfaces'...
[1.626s] Listing '/home/autopilot/ws/restackcell/ws_moveit2/install/opcua_interfaces/local/lib/python3.10/dist-packages/opcua_interfaces/msg'...
[1.637s] -- Up-to-date: /home/autopilot/ws/restackcell/ws_moveit2/install/opcua_interfaces/local/lib/python3.10/dist-packages/opcua_interfaces/opcua_interfaces_s__rosidl_typesupport_fastrtps_c.cpython-310-aarch64-linux-gnu.so
[1.637s] -- Up-to-date: /home/autopilot/ws/restackcell/ws_moveit2/install/opcua_interfaces/local/lib/python3.10/dist-packages/opcua_interfaces/opcua_interfaces_s__rosidl_typesupport_introspection_c.cpython-310-aarch64-linux-gnu.so
[1.638s] -- Up-to-date: /home/autopilot/ws/restackcell/ws_moveit2/install/opcua_interfaces/local/lib/python3.10/dist-packages/opcua_interfaces/opcua_interfaces_s__rosidl_typesupport_c.cpython-310-aarch64-linux-gnu.so
[1.638s] -- Up-to-date: /home/autopilot/ws/restackcell/ws_moveit2/install/opcua_interfaces/lib/libopcua_interfaces__rosidl_generator_py.so
[1.638s] -- Up-to-date: /home/autopilot/ws/restackcell/ws_moveit2/install/opcua_interfaces/share/opcua_interfaces/msg/ActuatorWrite.idl
[1.638s] -- Up-to-date: /home/autopilot/ws/restackcell/ws_moveit2/install/opcua_interfaces/share/opcua_interfaces/msg/ActuatorRead.idl
[1.639s] -- Up-to-date: /home/autopilot/ws/restackcell/ws_moveit2/install/opcua_interfaces/share/opcua_interfaces/msg/ActuatorReadRequest.idl
[1.639s] -- Up-to-date: /home/autopilot/ws/restackcell/ws_moveit2/install/opcua_interfaces/share/opcua_interfaces/msg/ActuatorWrite.msg
[1.639s] -- Up-to-date: /home/autopilot/ws/restackcell/ws_moveit2/install/opcua_interfaces/share/opcua_interfaces/msg/ActuatorRead.msg
[1.639s] -- Up-to-date: /home/autopilot/ws/restackcell/ws_moveit2/install/opcua_interfaces/share/opcua_interfaces/msg/ActuatorReadRequest.msg
[1.639s] -- Up-to-date: /home/autopilot/ws/restackcell/ws_moveit2/install/opcua_interfaces/share/ament_index/resource_index/package_run_dependencies/opcua_interfaces
[1.639s] -- Up-to-date: /home/autopilot/ws/restackcell/ws_moveit2/install/opcua_interfaces/share/ament_index/resource_index/parent_prefix_path/opcua_interfaces
[1.639s] -- Up-to-date: /home/autopilot/ws/restackcell/ws_moveit2/install/opcua_interfaces/share/opcua_interfaces/environment/ament_prefix_path.sh
[1.639s] -- Up-to-date: /home/autopilot/ws/restackcell/ws_moveit2/install/opcua_interfaces/share/opcua_interfaces/environment/ament_prefix_path.dsv
[1.639s] -- Up-to-date: /home/autopilot/ws/restackcell/ws_moveit2/install/opcua_interfaces/share/opcua_interfaces/environment/path.sh
[1.639s] -- Up-to-date: /home/autopilot/ws/restackcell/ws_moveit2/install/opcua_interfaces/share/opcua_interfaces/environment/path.dsv
[1.640s] -- Up-to-date: /home/autopilot/ws/restackcell/ws_moveit2/install/opcua_interfaces/share/opcua_interfaces/local_setup.bash
[1.640s] -- Up-to-date: /home/autopilot/ws/restackcell/ws_moveit2/install/opcua_interfaces/share/opcua_interfaces/local_setup.sh
[1.640s] -- Up-to-date: /home/autopilot/ws/restackcell/ws_moveit2/install/opcua_interfaces/share/opcua_interfaces/local_setup.zsh
[1.640s] -- Up-to-date: /home/autopilot/ws/restackcell/ws_moveit2/install/opcua_interfaces/share/opcua_interfaces/local_setup.dsv
[1.641s] -- Installing: /home/autopilot/ws/restackcell/ws_moveit2/install/opcua_interfaces/share/opcua_interfaces/package.dsv
[1.641s] -- Up-to-date: /home/autopilot/ws/restackcell/ws_moveit2/install/opcua_interfaces/share/ament_index/resource_index/packages/opcua_interfaces
[1.641s] -- Up-to-date: /home/autopilot/ws/restackcell/ws_moveit2/install/opcua_interfaces/share/opcua_interfaces/cmake/export_opcua_interfaces__rosidl_generator_cExport.cmake
[1.641s] -- Up-to-date: /home/autopilot/ws/restackcell/ws_moveit2/install/opcua_interfaces/share/opcua_interfaces/cmake/export_opcua_interfaces__rosidl_generator_cExport-noconfig.cmake
[1.641s] -- Up-to-date: /home/autopilot/ws/restackcell/ws_moveit2/install/opcua_interfaces/share/opcua_interfaces/cmake/export_opcua_interfaces__rosidl_typesupport_fastrtps_cExport.cmake
[1.641s] -- Up-to-date: /home/autopilot/ws/restackcell/ws_moveit2/install/opcua_interfaces/share/opcua_interfaces/cmake/export_opcua_interfaces__rosidl_typesupport_fastrtps_cExport-noconfig.cmake
[1.641s] -- Up-to-date: /home/autopilot/ws/restackcell/ws_moveit2/install/opcua_interfaces/share/opcua_interfaces/cmake/opcua_interfaces__rosidl_typesupport_introspection_cExport.cmake
[1.641s] -- Up-to-date: /home/autopilot/ws/restackcell/ws_moveit2/install/opcua_interfaces/share/opcua_interfaces/cmake/opcua_interfaces__rosidl_typesupport_introspection_cExport-noconfig.cmake
[1.641s] -- Up-to-date: /home/autopilot/ws/restackcell/ws_moveit2/install/opcua_interfaces/share/opcua_interfaces/cmake/opcua_interfaces__rosidl_typesupport_cExport.cmake
[1.641s] -- Up-to-date: /home/autopilot/ws/restackcell/ws_moveit2/install/opcua_interfaces/share/opcua_interfaces/cmake/opcua_interfaces__rosidl_typesupport_cExport-noconfig.cmake
[1.642s] -- Up-to-date: /home/autopilot/ws/restackcell/ws_moveit2/install/opcua_interfaces/share/opcua_interfaces/cmake/export_opcua_interfaces__rosidl_generator_cppExport.cmake
[1.643s] -- Up-to-date: /home/autopilot/ws/restackcell/ws_moveit2/install/opcua_interfaces/share/opcua_interfaces/cmake/export_opcua_interfaces__rosidl_typesupport_fastrtps_cppExport.cmake
[1.643s] -- Up-to-date: /home/autopilot/ws/restackcell/ws_moveit2/install/opcua_interfaces/share/opcua_interfaces/cmake/export_opcua_interfaces__rosidl_typesupport_fastrtps_cppExport-noconfig.cmake
[1.643s] -- Up-to-date: /home/autopilot/ws/restackcell/ws_moveit2/install/opcua_interfaces/share/opcua_interfaces/cmake/opcua_interfaces__rosidl_typesupport_introspection_cppExport.cmake
[1.643s] -- Up-to-date: /home/autopilot/ws/restackcell/ws_moveit2/install/opcua_interfaces/share/opcua_interfaces/cmake/opcua_interfaces__rosidl_typesupport_introspection_cppExport-noconfig.cmake
[1.643s] -- Up-to-date: /home/autopilot/ws/restackcell/ws_moveit2/install/opcua_interfaces/share/opcua_interfaces/cmake/opcua_interfaces__rosidl_typesupport_cppExport.cmake
[1.644s] -- Up-to-date: /home/autopilot/ws/restackcell/ws_moveit2/install/opcua_interfaces/share/opcua_interfaces/cmake/opcua_interfaces__rosidl_typesupport_cppExport-noconfig.cmake
[1.644s] -- Up-to-date: /home/autopilot/ws/restackcell/ws_moveit2/install/opcua_interfaces/share/opcua_interfaces/cmake/export_opcua_interfaces__rosidl_generator_pyExport.cmake
[1.644s] -- Up-to-date: /home/autopilot/ws/restackcell/ws_moveit2/install/opcua_interfaces/share/opcua_interfaces/cmake/export_opcua_interfaces__rosidl_generator_pyExport-noconfig.cmake
[1.644s] -- Up-to-date: /home/autopilot/ws/restackcell/ws_moveit2/install/opcua_interfaces/share/opcua_interfaces/cmake/rosidl_cmake-extras.cmake
[1.644s] -- Up-to-date: /home/autopilot/ws/restackcell/ws_moveit2/install/opcua_interfaces/share/opcua_interfaces/cmake/ament_cmake_export_include_directories-extras.cmake
[1.644s] -- Up-to-date: /home/autopilot/ws/restackcell/ws_moveit2/install/opcua_interfaces/share/opcua_interfaces/cmake/ament_cmake_export_libraries-extras.cmake
[1.644s] -- Up-to-date: /home/autopilot/ws/restackcell/ws_moveit2/install/opcua_interfaces/share/opcua_interfaces/cmake/ament_cmake_export_targets-extras.cmake
[1.657s] -- Up-to-date: /home/autopilot/ws/restackcell/ws_moveit2/install/opcua_interfaces/share/opcua_interfaces/cmake/rosidl_cmake_export_typesupport_targets-extras.cmake
[1.657s] -- Up-to-date: /home/autopilot/ws/restackcell/ws_moveit2/install/opcua_interfaces/share/opcua_interfaces/cmake/ament_cmake_export_dependencies-extras.cmake
[1.657s] -- Up-to-date: /home/autopilot/ws/restackcell/ws_moveit2/install/opcua_interfaces/share/opcua_interfaces/cmake/rosidl_cmake_export_typesupport_libraries-extras.cmake
[1.657s] -- Up-to-date: /home/autopilot/ws/restackcell/ws_moveit2/install/opcua_interfaces/share/opcua_interfaces/cmake/opcua_interfacesConfig.cmake
[1.657s] -- Up-to-date: /home/autopilot/ws/restackcell/ws_moveit2/install/opcua_interfaces/share/opcua_interfaces/cmake/opcua_interfacesConfig-version.cmake
[1.657s] -- Up-to-date: /home/autopilot/ws/restackcell/ws_moveit2/install/opcua_interfaces/share/opcua_interfaces/package.xml
[1.658s] Invoked command in '/home/autopilot/ws/restackcell/ws_moveit2/build/opcua_interfaces' returned '0': CMAKE_PREFIX_PATH=/home/autopilot/ws/restackcell/ws_moveit2/install/robo_planner:/home/autopilot/ws/restackcell/ws_moveit2/install/pcl_segmentation:/home/autopilot/ws/restackcell/ws_moveit2/install/moveit_backend:/home/autopilot/ws/restackcell/ws_moveit2/install/mockup_robot:/home/autopilot/ws/restackcell/ws_moveit2/install/robo_planner_py:/home/autopilot/ws/restackcell/ws_moveit2/install/grid_snapper:/home/autopilot/ws/restackcell/ws_moveit2/install/opcua_client:/home/autopilot/ws/restackcell/ws_moveit2/install/interface_opcua:/opt/ros/humble:/home/autopilot/ws/restackcell/ws_moveit2/install/wzlscheduler_interfaces:/home/autopilot/ws/restackcell/ws_moveit2/install/ur_pilz:/home/autopilot/ws/restackcell/ws_moveit2/install/robo_planner_msgs:/home/autopilot/ws/restackcell/ws_moveit2/install/opcua_interfaces /usr/bin/cmake --install /home/autopilot/ws/restackcell/ws_moveit2/build/opcua_interfaces
