[0.744s] Invoking command in '/home/autopilot/ws/restackcell/ws_moveit2/build/moveit_backend': CMAKE_PREFIX_PATH=/home/autopilot/ws/restackcell/ws_moveit2/install/robo_planner_py:/home/autopilot/ws/restackcell/ws_moveit2/install/grid_snapper:/home/autopilot/ws/restackcell/ws_moveit2/install/opcua_client:/home/autopilot/ws/restackcell/ws_moveit2/install/interface_opcua:/opt/ros/humble:/home/autopilot/ws/restackcell/ws_moveit2/install/wzlscheduler_interfaces:/home/autopilot/ws/restackcell/ws_moveit2/install/robo_planner:/home/autopilot/ws/restackcell/ws_moveit2/install/pcl_segmentation:/home/autopilot/ws/restackcell/ws_moveit2/install/moveit_backend:/home/autopilot/ws/restackcell/ws_moveit2/install/mockup_robot:/home/autopilot/ws/restackcell/ws_moveit2/install/ur_pilz:/home/autopilot/ws/restackcell/ws_moveit2/install/robo_planner_msgs:/home/autopilot/ws/restackcell/ws_moveit2/install/opcua_interfaces PYTHONPATH=/home/autopilot/ws/restackcell/ws_moveit2/install/wzlscheduler_interfaces/local/lib/python3.10/dist-packages:/home/autopilot/ws/restackcell/ws_moveit2/install/robo_planner_py/lib/python3.10/site-packages:/home/autopilot/ws/restackcell/ws_moveit2/install/grid_snapper/lib/python3.10/site-packages:/home/autopilot/ws/restackcell/ws_moveit2/install/robo_planner_msgs/local/lib/python3.10/dist-packages:/home/autopilot/ws/restackcell/ws_moveit2/install/opcua_client/lib/python3.10/site-packages:/home/autopilot/ws/restackcell/ws_moveit2/install/opcua_interfaces/local/lib/python3.10/dist-packages:/home/autopilot/ws/restackcell/ws_moveit2/install/interface_opcua/lib/python3.10/site-packages:/opt/ros/humble/lib/python3.10/site-packages:/opt/ros/humble/local/lib/python3.10/dist-packages /usr/bin/cmake --build /home/autopilot/ws/restackcell/ws_moveit2/build/moveit_backend -- -j4 -l4
[0.994s] [ 50%] Built target moveit_ur
[0.999s] [100%] Built target moveit_panda
[1.039s] Invoked command in '/home/autopilot/ws/restackcell/ws_moveit2/build/moveit_backend' returned '0': CMAKE_PREFIX_PATH=/home/autopilot/ws/restackcell/ws_moveit2/install/robo_planner_py:/home/autopilot/ws/restackcell/ws_moveit2/install/grid_snapper:/home/autopilot/ws/restackcell/ws_moveit2/install/opcua_client:/home/autopilot/ws/restackcell/ws_moveit2/install/interface_opcua:/opt/ros/humble:/home/autopilot/ws/restackcell/ws_moveit2/install/wzlscheduler_interfaces:/home/autopilot/ws/restackcell/ws_moveit2/install/robo_planner:/home/autopilot/ws/restackcell/ws_moveit2/install/pcl_segmentation:/home/autopilot/ws/restackcell/ws_moveit2/install/moveit_backend:/home/autopilot/ws/restackcell/ws_moveit2/install/mockup_robot:/home/autopilot/ws/restackcell/ws_moveit2/install/ur_pilz:/home/autopilot/ws/restackcell/ws_moveit2/install/robo_planner_msgs:/home/autopilot/ws/restackcell/ws_moveit2/install/opcua_interfaces PYTHONPATH=/home/autopilot/ws/restackcell/ws_moveit2/install/wzlscheduler_interfaces/local/lib/python3.10/dist-packages:/home/autopilot/ws/restackcell/ws_moveit2/install/robo_planner_py/lib/python3.10/site-packages:/home/autopilot/ws/restackcell/ws_moveit2/install/grid_snapper/lib/python3.10/site-packages:/home/autopilot/ws/restackcell/ws_moveit2/install/robo_planner_msgs/local/lib/python3.10/dist-packages:/home/autopilot/ws/restackcell/ws_moveit2/install/opcua_client/lib/python3.10/site-packages:/home/autopilot/ws/restackcell/ws_moveit2/install/opcua_interfaces/local/lib/python3.10/dist-packages:/home/autopilot/ws/restackcell/ws_moveit2/install/interface_opcua/lib/python3.10/site-packages:/opt/ros/humble/lib/python3.10/site-packages:/opt/ros/humble/local/lib/python3.10/dist-packages /usr/bin/cmake --build /home/autopilot/ws/restackcell/ws_moveit2/build/moveit_backend -- -j4 -l4
[1.218s] Invoking command in '/home/autopilot/ws/restackcell/ws_moveit2/build/moveit_backend': CMAKE_PREFIX_PATH=/home/autopilot/ws/restackcell/ws_moveit2/install/robo_planner_py:/home/autopilot/ws/restackcell/ws_moveit2/install/grid_snapper:/home/autopilot/ws/restackcell/ws_moveit2/install/opcua_client:/home/autopilot/ws/restackcell/ws_moveit2/install/interface_opcua:/opt/ros/humble:/home/autopilot/ws/restackcell/ws_moveit2/install/wzlscheduler_interfaces:/home/autopilot/ws/restackcell/ws_moveit2/install/robo_planner:/home/autopilot/ws/restackcell/ws_moveit2/install/pcl_segmentation:/home/autopilot/ws/restackcell/ws_moveit2/install/moveit_backend:/home/autopilot/ws/restackcell/ws_moveit2/install/mockup_robot:/home/autopilot/ws/restackcell/ws_moveit2/install/ur_pilz:/home/autopilot/ws/restackcell/ws_moveit2/install/robo_planner_msgs:/home/autopilot/ws/restackcell/ws_moveit2/install/opcua_interfaces PYTHONPATH=/home/autopilot/ws/restackcell/ws_moveit2/install/wzlscheduler_interfaces/local/lib/python3.10/dist-packages:/home/autopilot/ws/restackcell/ws_moveit2/install/robo_planner_py/lib/python3.10/site-packages:/home/autopilot/ws/restackcell/ws_moveit2/install/grid_snapper/lib/python3.10/site-packages:/home/autopilot/ws/restackcell/ws_moveit2/install/robo_planner_msgs/local/lib/python3.10/dist-packages:/home/autopilot/ws/restackcell/ws_moveit2/install/opcua_client/lib/python3.10/site-packages:/home/autopilot/ws/restackcell/ws_moveit2/install/opcua_interfaces/local/lib/python3.10/dist-packages:/home/autopilot/ws/restackcell/ws_moveit2/install/interface_opcua/lib/python3.10/site-packages:/opt/ros/humble/lib/python3.10/site-packages:/opt/ros/humble/local/lib/python3.10/dist-packages /usr/bin/cmake --install /home/autopilot/ws/restackcell/ws_moveit2/build/moveit_backend
[1.253s] -- Install configuration: ""
[1.254s] -- Up-to-date: /home/autopilot/ws/restackcell/ws_moveit2/install/moveit_backend/lib/moveit_backend/moveit_panda
[1.255s] -- Up-to-date: /home/autopilot/ws/restackcell/ws_moveit2/install/moveit_backend/lib/moveit_backend/moveit_ur
[1.256s] -- Up-to-date: /home/autopilot/ws/restackcell/ws_moveit2/install/moveit_backend/share/moveit_backend/config
[1.257s] -- Up-to-date: /home/autopilot/ws/restackcell/ws_moveit2/install/moveit_backend/share/moveit_backend/config/visual_parameters.yaml
[1.258s] -- Up-to-date: /home/autopilot/ws/restackcell/ws_moveit2/install/moveit_backend/share/moveit_backend/config/default_kinematics.yaml
[1.258s] -- Up-to-date: /home/autopilot/ws/restackcell/ws_moveit2/install/moveit_backend/share/moveit_backend/config/ur16e copy
[1.258s] -- Up-to-date: /home/autopilot/ws/restackcell/ws_moveit2/install/moveit_backend/share/moveit_backend/config/ur16e copy/visual_parameters.yaml
[1.258s] -- Up-to-date: /home/autopilot/ws/restackcell/ws_moveit2/install/moveit_backend/share/moveit_backend/config/ur16e copy/default_kinematics.yaml
[1.259s] -- Up-to-date: /home/autopilot/ws/restackcell/ws_moveit2/install/moveit_backend/share/moveit_backend/config/ur16e copy/joint_limits.yaml
[1.259s] -- Up-to-date: /home/autopilot/ws/restackcell/ws_moveit2/install/moveit_backend/share/moveit_backend/config/ur16e copy/physical_parameters.yaml
[1.259s] -- Up-to-date: /home/autopilot/ws/restackcell/ws_moveit2/install/moveit_backend/share/moveit_backend/config/joint_limits.yaml
[1.259s] -- Up-to-date: /home/autopilot/ws/restackcell/ws_moveit2/install/moveit_backend/share/moveit_backend/config/pilz_cartesian_limits.yaml
[1.259s] -- Up-to-date: /home/autopilot/ws/restackcell/ws_moveit2/install/moveit_backend/share/moveit_backend/config/pilz_industrial_motion_planner_planning.yaml
[1.260s] -- Up-to-date: /home/autopilot/ws/restackcell/ws_moveit2/install/moveit_backend/share/moveit_backend/config/physical_parameters.yaml
[1.260s] -- Up-to-date: /home/autopilot/ws/restackcell/ws_moveit2/install/moveit_backend/share/moveit_backend/meshes
[1.261s] -- Up-to-date: /home/autopilot/ws/restackcell/ws_moveit2/install/moveit_backend/share/moveit_backend/meshes/ur20
[1.261s] -- Up-to-date: /home/autopilot/ws/restackcell/ws_moveit2/install/moveit_backend/share/moveit_backend/meshes/ur20/collision
[1.262s] -- Up-to-date: /home/autopilot/ws/restackcell/ws_moveit2/install/moveit_backend/share/moveit_backend/meshes/ur20/collision/forearm.stl
[1.263s] -- Up-to-date: /home/autopilot/ws/restackcell/ws_moveit2/install/moveit_backend/share/moveit_backend/meshes/ur20/collision/base.stl
[1.263s] -- Up-to-date: /home/autopilot/ws/restackcell/ws_moveit2/install/moveit_backend/share/moveit_backend/meshes/ur20/collision/wrist2.stl
[1.264s] -- Up-to-date: /home/autopilot/ws/restackcell/ws_moveit2/install/moveit_backend/share/moveit_backend/meshes/ur20/collision/wrist3.stl
[1.264s] -- Up-to-date: /home/autopilot/ws/restackcell/ws_moveit2/install/moveit_backend/share/moveit_backend/meshes/ur20/collision/wrist1.stl
[1.264s] -- Up-to-date: /home/autopilot/ws/restackcell/ws_moveit2/install/moveit_backend/share/moveit_backend/meshes/ur20/collision/shoulder.stl
[1.264s] -- Up-to-date: /home/autopilot/ws/restackcell/ws_moveit2/install/moveit_backend/share/moveit_backend/meshes/ur20/collision/upperarm.stl
[1.266s] -- Up-to-date: /home/autopilot/ws/restackcell/ws_moveit2/install/moveit_backend/share/moveit_backend/meshes/ur20/LICENSE.txt
[1.267s] -- Up-to-date: /home/autopilot/ws/restackcell/ws_moveit2/install/moveit_backend/share/moveit_backend/meshes/ur20/visual
[1.269s] -- Up-to-date: /home/autopilot/ws/restackcell/ws_moveit2/install/moveit_backend/share/moveit_backend/meshes/ur20/visual/UR20_DIFF_8bit_2K.png
[1.270s] -- Up-to-date: /home/autopilot/ws/restackcell/ws_moveit2/install/moveit_backend/share/moveit_backend/meshes/ur20/visual/upperarm.dae
[1.270s] -- Up-to-date: /home/autopilot/ws/restackcell/ws_moveit2/install/moveit_backend/share/moveit_backend/meshes/ur20/visual/forearm.dae
[1.271s] -- Up-to-date: /home/autopilot/ws/restackcell/ws_moveit2/install/moveit_backend/share/moveit_backend/meshes/ur20/visual/shoulder.dae
[1.271s] -- Up-to-date: /home/autopilot/ws/restackcell/ws_moveit2/install/moveit_backend/share/moveit_backend/meshes/ur20/visual/wrist3.dae
[1.272s] -- Up-to-date: /home/autopilot/ws/restackcell/ws_moveit2/install/moveit_backend/share/moveit_backend/meshes/ur20/visual/wrist1.dae
[1.273s] -- Up-to-date: /home/autopilot/ws/restackcell/ws_moveit2/install/moveit_backend/share/moveit_backend/meshes/ur20/visual/wrist2.dae
[1.274s] -- Up-to-date: /home/autopilot/ws/restackcell/ws_moveit2/install/moveit_backend/share/moveit_backend/meshes/ur20/visual/base.dae
[1.274s] -- Up-to-date: /home/autopilot/ws/restackcell/ws_moveit2/install/moveit_backend/share/moveit_backend/meshes/ur5e
[1.274s] -- Up-to-date: /home/autopilot/ws/restackcell/ws_moveit2/install/moveit_backend/share/moveit_backend/meshes/ur5e/collision
[1.275s] -- Up-to-date: /home/autopilot/ws/restackcell/ws_moveit2/install/moveit_backend/share/moveit_backend/meshes/ur5e/collision/forearm.stl
[1.275s] -- Up-to-date: /home/autopilot/ws/restackcell/ws_moveit2/install/moveit_backend/share/moveit_backend/meshes/ur5e/collision/base.stl
[1.277s] -- Up-to-date: /home/autopilot/ws/restackcell/ws_moveit2/install/moveit_backend/share/moveit_backend/meshes/ur5e/collision/wrist2.stl
[1.277s] -- Up-to-date: /home/autopilot/ws/restackcell/ws_moveit2/install/moveit_backend/share/moveit_backend/meshes/ur5e/collision/wrist3.stl
[1.279s] -- Up-to-date: /home/autopilot/ws/restackcell/ws_moveit2/install/moveit_backend/share/moveit_backend/meshes/ur5e/collision/wrist1.stl
[1.279s] -- Up-to-date: /home/autopilot/ws/restackcell/ws_moveit2/install/moveit_backend/share/moveit_backend/meshes/ur5e/collision/shoulder.stl
[1.280s] -- Up-to-date: /home/autopilot/ws/restackcell/ws_moveit2/install/moveit_backend/share/moveit_backend/meshes/ur5e/collision/upperarm.stl
[1.280s] -- Up-to-date: /home/autopilot/ws/restackcell/ws_moveit2/install/moveit_backend/share/moveit_backend/meshes/ur5e/visual
[1.281s] -- Up-to-date: /home/autopilot/ws/restackcell/ws_moveit2/install/moveit_backend/share/moveit_backend/meshes/ur5e/visual/upperarm.dae
[1.281s] -- Up-to-date: /home/autopilot/ws/restackcell/ws_moveit2/install/moveit_backend/share/moveit_backend/meshes/ur5e/visual/forearm.dae
[1.283s] -- Up-to-date: /home/autopilot/ws/restackcell/ws_moveit2/install/moveit_backend/share/moveit_backend/meshes/ur5e/visual/shoulder.dae
[1.285s] -- Up-to-date: /home/autopilot/ws/restackcell/ws_moveit2/install/moveit_backend/share/moveit_backend/meshes/ur5e/visual/wrist3.dae
[1.295s] -- Up-to-date: /home/autopilot/ws/restackcell/ws_moveit2/install/moveit_backend/share/moveit_backend/meshes/ur5e/visual/wrist1.dae
[1.296s] -- Up-to-date: /home/autopilot/ws/restackcell/ws_moveit2/install/moveit_backend/share/moveit_backend/meshes/ur5e/visual/wrist2.dae
[1.296s] -- Up-to-date: /home/autopilot/ws/restackcell/ws_moveit2/install/moveit_backend/share/moveit_backend/meshes/ur5e/visual/base.dae
[1.296s] -- Up-to-date: /home/autopilot/ws/restackcell/ws_moveit2/install/moveit_backend/share/moveit_backend/meshes/ur3
[1.296s] -- Up-to-date: /home/autopilot/ws/restackcell/ws_moveit2/install/moveit_backend/share/moveit_backend/meshes/ur3/collision
[1.297s] -- Up-to-date: /home/autopilot/ws/restackcell/ws_moveit2/install/moveit_backend/share/moveit_backend/meshes/ur3/collision/forearm.stl
[1.297s] -- Up-to-date: /home/autopilot/ws/restackcell/ws_moveit2/install/moveit_backend/share/moveit_backend/meshes/ur3/collision/base.stl
[1.297s] -- Up-to-date: /home/autopilot/ws/restackcell/ws_moveit2/install/moveit_backend/share/moveit_backend/meshes/ur3/collision/wrist2.stl
[1.297s] -- Up-to-date: /home/autopilot/ws/restackcell/ws_moveit2/install/moveit_backend/share/moveit_backend/meshes/ur3/collision/wrist3.stl
[1.297s] -- Up-to-date: /home/autopilot/ws/restackcell/ws_moveit2/install/moveit_backend/share/moveit_backend/meshes/ur3/collision/wrist1.stl
[1.297s] -- Up-to-date: /home/autopilot/ws/restackcell/ws_moveit2/install/moveit_backend/share/moveit_backend/meshes/ur3/collision/shoulder.stl
[1.298s] -- Up-to-date: /home/autopilot/ws/restackcell/ws_moveit2/install/moveit_backend/share/moveit_backend/meshes/ur3/collision/upperarm.stl
[1.298s] -- Up-to-date: /home/autopilot/ws/restackcell/ws_moveit2/install/moveit_backend/share/moveit_backend/meshes/ur3/visual
[1.298s] -- Up-to-date: /home/autopilot/ws/restackcell/ws_moveit2/install/moveit_backend/share/moveit_backend/meshes/ur3/visual/upperarm.dae
[1.299s] -- Up-to-date: /home/autopilot/ws/restackcell/ws_moveit2/install/moveit_backend/share/moveit_backend/meshes/ur3/visual/forearm.dae
[1.300s] -- Up-to-date: /home/autopilot/ws/restackcell/ws_moveit2/install/moveit_backend/share/moveit_backend/meshes/ur3/visual/shoulder.dae
[1.300s] -- Up-to-date: /home/autopilot/ws/restackcell/ws_moveit2/install/moveit_backend/share/moveit_backend/meshes/ur3/visual/wrist3.dae
[1.300s] -- Up-to-date: /home/autopilot/ws/restackcell/ws_moveit2/install/moveit_backend/share/moveit_backend/meshes/ur3/visual/wrist1.dae
[1.301s] -- Up-to-date: /home/autopilot/ws/restackcell/ws_moveit2/install/moveit_backend/share/moveit_backend/meshes/ur3/visual/wrist2.dae
[1.301s] -- Up-to-date: /home/autopilot/ws/restackcell/ws_moveit2/install/moveit_backend/share/moveit_backend/meshes/ur3/visual/base.dae
[1.303s] -- Up-to-date: /home/autopilot/ws/restackcell/ws_moveit2/install/moveit_backend/share/moveit_backend/meshes/ur16e
[1.303s] -- Up-to-date: /home/autopilot/ws/restackcell/ws_moveit2/install/moveit_backend/share/moveit_backend/meshes/ur16e/collision
[1.304s] -- Up-to-date: /home/autopilot/ws/restackcell/ws_moveit2/install/moveit_backend/share/moveit_backend/meshes/ur16e/collision/forearm.stl
[1.304s] -- Up-to-date: /home/autopilot/ws/restackcell/ws_moveit2/install/moveit_backend/share/moveit_backend/meshes/ur16e/collision/upperarm.stl
[1.304s] -- Up-to-date: /home/autopilot/ws/restackcell/ws_moveit2/install/moveit_backend/share/moveit_backend/meshes/ur16e/visual
[1.305s] -- Up-to-date: /home/autopilot/ws/restackcell/ws_moveit2/install/moveit_backend/share/moveit_backend/meshes/ur16e/visual/upperarm.dae
[1.306s] -- Up-to-date: /home/autopilot/ws/restackcell/ws_moveit2/install/moveit_backend/share/moveit_backend/meshes/ur16e/visual/forearm.dae
[1.306s] -- Up-to-date: /home/autopilot/ws/restackcell/ws_moveit2/install/moveit_backend/share/moveit_backend/meshes/ur3e
[1.307s] -- Up-to-date: /home/autopilot/ws/restackcell/ws_moveit2/install/moveit_backend/share/moveit_backend/meshes/ur3e/collision
[1.307s] -- Up-to-date: /home/autopilot/ws/restackcell/ws_moveit2/install/moveit_backend/share/moveit_backend/meshes/ur3e/collision/forearm.stl
[1.308s] -- Up-to-date: /home/autopilot/ws/restackcell/ws_moveit2/install/moveit_backend/share/moveit_backend/meshes/ur3e/collision/base.stl
[1.308s] -- Up-to-date: /home/autopilot/ws/restackcell/ws_moveit2/install/moveit_backend/share/moveit_backend/meshes/ur3e/collision/wrist2.stl
[1.309s] -- Up-to-date: /home/autopilot/ws/restackcell/ws_moveit2/install/moveit_backend/share/moveit_backend/meshes/ur3e/collision/wrist3.stl
[1.310s] -- Up-to-date: /home/autopilot/ws/restackcell/ws_moveit2/install/moveit_backend/share/moveit_backend/meshes/ur3e/collision/wrist1.stl
[1.310s] -- Up-to-date: /home/autopilot/ws/restackcell/ws_moveit2/install/moveit_backend/share/moveit_backend/meshes/ur3e/collision/shoulder.stl
[1.310s] -- Up-to-date: /home/autopilot/ws/restackcell/ws_moveit2/install/moveit_backend/share/moveit_backend/meshes/ur3e/collision/upperarm.stl
[1.310s] -- Up-to-date: /home/autopilot/ws/restackcell/ws_moveit2/install/moveit_backend/share/moveit_backend/meshes/ur3e/visual
[1.311s] -- Up-to-date: /home/autopilot/ws/restackcell/ws_moveit2/install/moveit_backend/share/moveit_backend/meshes/ur3e/visual/upperarm.dae
[1.312s] -- Up-to-date: /home/autopilot/ws/restackcell/ws_moveit2/install/moveit_backend/share/moveit_backend/meshes/ur3e/visual/forearm.dae
[1.312s] -- Up-to-date: /home/autopilot/ws/restackcell/ws_moveit2/install/moveit_backend/share/moveit_backend/meshes/ur3e/visual/shoulder.dae
[1.312s] -- Up-to-date: /home/autopilot/ws/restackcell/ws_moveit2/install/moveit_backend/share/moveit_backend/meshes/ur3e/visual/wrist3.dae
[1.313s] -- Up-to-date: /home/autopilot/ws/restackcell/ws_moveit2/install/moveit_backend/share/moveit_backend/meshes/ur3e/visual/wrist1.dae
[1.314s] -- Up-to-date: /home/autopilot/ws/restackcell/ws_moveit2/install/moveit_backend/share/moveit_backend/meshes/ur3e/visual/wrist2.dae
[1.314s] -- Up-to-date: /home/autopilot/ws/restackcell/ws_moveit2/install/moveit_backend/share/moveit_backend/meshes/ur3e/visual/base.dae
[1.316s] -- Up-to-date: /home/autopilot/ws/restackcell/ws_moveit2/install/moveit_backend/share/moveit_backend/meshes/ur30
[1.317s] -- Up-to-date: /home/autopilot/ws/restackcell/ws_moveit2/install/moveit_backend/share/moveit_backend/meshes/ur30/collision
[1.317s] -- Up-to-date: /home/autopilot/ws/restackcell/ws_moveit2/install/moveit_backend/share/moveit_backend/meshes/ur30/collision/forearm.stl
[1.317s] -- Up-to-date: /home/autopilot/ws/restackcell/ws_moveit2/install/moveit_backend/share/moveit_backend/meshes/ur30/collision/upperarm.stl
[1.319s] -- Up-to-date: /home/autopilot/ws/restackcell/ws_moveit2/install/moveit_backend/share/moveit_backend/meshes/ur30/LICENSE.txt
[1.320s] -- Up-to-date: /home/autopilot/ws/restackcell/ws_moveit2/install/moveit_backend/share/moveit_backend/meshes/ur30/visual
[1.320s] -- Up-to-date: /home/autopilot/ws/restackcell/ws_moveit2/install/moveit_backend/share/moveit_backend/meshes/ur30/visual/upperarm.dae
[1.321s] -- Up-to-date: /home/autopilot/ws/restackcell/ws_moveit2/install/moveit_backend/share/moveit_backend/meshes/ur30/visual/forearm.dae
[1.322s] -- Up-to-date: /home/autopilot/ws/restackcell/ws_moveit2/install/moveit_backend/share/moveit_backend/meshes/ur30/visual/UR30_DIFF_8bit_2K.png
[1.323s] -- Up-to-date: /home/autopilot/ws/restackcell/ws_moveit2/install/moveit_backend/share/moveit_backend/meshes/ur10e
[1.324s] -- Up-to-date: /home/autopilot/ws/restackcell/ws_moveit2/install/moveit_backend/share/moveit_backend/meshes/ur10e/collision
[1.324s] -- Up-to-date: /home/autopilot/ws/restackcell/ws_moveit2/install/moveit_backend/share/moveit_backend/meshes/ur10e/collision/forearm.stl
[1.325s] -- Up-to-date: /home/autopilot/ws/restackcell/ws_moveit2/install/moveit_backend/share/moveit_backend/meshes/ur10e/collision/base.stl
[1.326s] -- Up-to-date: /home/autopilot/ws/restackcell/ws_moveit2/install/moveit_backend/share/moveit_backend/meshes/ur10e/collision/wrist2.stl
[1.327s] -- Up-to-date: /home/autopilot/ws/restackcell/ws_moveit2/install/moveit_backend/share/moveit_backend/meshes/ur10e/collision/wrist3.stl
[1.328s] -- Up-to-date: /home/autopilot/ws/restackcell/ws_moveit2/install/moveit_backend/share/moveit_backend/meshes/ur10e/collision/wrist1.stl
[1.328s] -- Up-to-date: /home/autopilot/ws/restackcell/ws_moveit2/install/moveit_backend/share/moveit_backend/meshes/ur10e/collision/shoulder.stl
[1.329s] -- Up-to-date: /home/autopilot/ws/restackcell/ws_moveit2/install/moveit_backend/share/moveit_backend/meshes/ur10e/collision/upperarm.stl
[1.330s] -- Up-to-date: /home/autopilot/ws/restackcell/ws_moveit2/install/moveit_backend/share/moveit_backend/meshes/ur10e/visual
[1.331s] -- Up-to-date: /home/autopilot/ws/restackcell/ws_moveit2/install/moveit_backend/share/moveit_backend/meshes/ur10e/visual/upperarm.dae
[1.332s] -- Up-to-date: /home/autopilot/ws/restackcell/ws_moveit2/install/moveit_backend/share/moveit_backend/meshes/ur10e/visual/forearm.dae
[1.332s] -- Up-to-date: /home/autopilot/ws/restackcell/ws_moveit2/install/moveit_backend/share/moveit_backend/meshes/ur10e/visual/shoulder.dae
[1.333s] -- Up-to-date: /home/autopilot/ws/restackcell/ws_moveit2/install/moveit_backend/share/moveit_backend/meshes/ur10e/visual/wrist3.dae
[1.333s] -- Up-to-date: /home/autopilot/ws/restackcell/ws_moveit2/install/moveit_backend/share/moveit_backend/meshes/ur10e/visual/wrist1.dae
[1.334s] -- Up-to-date: /home/autopilot/ws/restackcell/ws_moveit2/install/moveit_backend/share/moveit_backend/meshes/ur10e/visual/wrist2.dae
[1.334s] -- Up-to-date: /home/autopilot/ws/restackcell/ws_moveit2/install/moveit_backend/share/moveit_backend/meshes/ur10e/visual/base.dae
[1.334s] -- Up-to-date: /home/autopilot/ws/restackcell/ws_moveit2/install/moveit_backend/share/moveit_backend/meshes/ur10
[1.335s] -- Up-to-date: /home/autopilot/ws/restackcell/ws_moveit2/install/moveit_backend/share/moveit_backend/meshes/ur10/collision
[1.337s] -- Up-to-date: /home/autopilot/ws/restackcell/ws_moveit2/install/moveit_backend/share/moveit_backend/meshes/ur10/collision/forearm.stl
[1.359s] -- Up-to-date: /home/autopilot/ws/restackcell/ws_moveit2/install/moveit_backend/share/moveit_backend/meshes/ur10/collision/base.stl
[1.360s] -- Up-to-date: /home/autopilot/ws/restackcell/ws_moveit2/install/moveit_backend/share/moveit_backend/meshes/ur10/collision/wrist2.stl
[1.361s] -- Up-to-date: /home/autopilot/ws/restackcell/ws_moveit2/install/moveit_backend/share/moveit_backend/meshes/ur10/collision/wrist3.stl
[1.362s] -- Up-to-date: /home/autopilot/ws/restackcell/ws_moveit2/install/moveit_backend/share/moveit_backend/meshes/ur10/collision/wrist1.stl
[1.362s] -- Up-to-date: /home/autopilot/ws/restackcell/ws_moveit2/install/moveit_backend/share/moveit_backend/meshes/ur10/collision/shoulder.stl
[1.363s] -- Up-to-date: /home/autopilot/ws/restackcell/ws_moveit2/install/moveit_backend/share/moveit_backend/meshes/ur10/collision/upperarm.stl
[1.364s] -- Up-to-date: /home/autopilot/ws/restackcell/ws_moveit2/install/moveit_backend/share/moveit_backend/meshes/ur10/visual
[1.368s] -- Up-to-date: /home/autopilot/ws/restackcell/ws_moveit2/install/moveit_backend/share/moveit_backend/meshes/ur10/visual/upperarm.dae
[1.368s] -- Up-to-date: /home/autopilot/ws/restackcell/ws_moveit2/install/moveit_backend/share/moveit_backend/meshes/ur10/visual/forearm.dae
[1.368s] -- Up-to-date: /home/autopilot/ws/restackcell/ws_moveit2/install/moveit_backend/share/moveit_backend/meshes/ur10/visual/shoulder.dae
[1.370s] -- Up-to-date: /home/autopilot/ws/restackcell/ws_moveit2/install/moveit_backend/share/moveit_backend/meshes/ur10/visual/wrist3.dae
[1.370s] -- Up-to-date: /home/autopilot/ws/restackcell/ws_moveit2/install/moveit_backend/share/moveit_backend/meshes/ur10/visual/wrist1.dae
[1.370s] -- Up-to-date: /home/autopilot/ws/restackcell/ws_moveit2/install/moveit_backend/share/moveit_backend/meshes/ur10/visual/wrist2.dae
[1.370s] -- Up-to-date: /home/autopilot/ws/restackcell/ws_moveit2/install/moveit_backend/share/moveit_backend/meshes/ur10/visual/base.dae
[1.370s] -- Up-to-date: /home/autopilot/ws/restackcell/ws_moveit2/install/moveit_backend/share/moveit_backend/meshes/ur5
[1.370s] -- Up-to-date: /home/autopilot/ws/restackcell/ws_moveit2/install/moveit_backend/share/moveit_backend/meshes/ur5/collision
[1.371s] -- Up-to-date: /home/autopilot/ws/restackcell/ws_moveit2/install/moveit_backend/share/moveit_backend/meshes/ur5/collision/forearm.stl
[1.372s] -- Up-to-date: /home/autopilot/ws/restackcell/ws_moveit2/install/moveit_backend/share/moveit_backend/meshes/ur5/collision/base.stl
[1.372s] -- Up-to-date: /home/autopilot/ws/restackcell/ws_moveit2/install/moveit_backend/share/moveit_backend/meshes/ur5/collision/wrist2.stl
[1.372s] -- Up-to-date: /home/autopilot/ws/restackcell/ws_moveit2/install/moveit_backend/share/moveit_backend/meshes/ur5/collision/wrist3.stl
[1.372s] -- Up-to-date: /home/autopilot/ws/restackcell/ws_moveit2/install/moveit_backend/share/moveit_backend/meshes/ur5/collision/wrist1.stl
[1.374s] -- Up-to-date: /home/autopilot/ws/restackcell/ws_moveit2/install/moveit_backend/share/moveit_backend/meshes/ur5/collision/shoulder.stl
[1.375s] -- Up-to-date: /home/autopilot/ws/restackcell/ws_moveit2/install/moveit_backend/share/moveit_backend/meshes/ur5/collision/upperarm.stl
[1.376s] -- Up-to-date: /home/autopilot/ws/restackcell/ws_moveit2/install/moveit_backend/share/moveit_backend/meshes/ur5/visual
[1.376s] -- Up-to-date: /home/autopilot/ws/restackcell/ws_moveit2/install/moveit_backend/share/moveit_backend/meshes/ur5/visual/upperarm.dae
[1.377s] -- Up-to-date: /home/autopilot/ws/restackcell/ws_moveit2/install/moveit_backend/share/moveit_backend/meshes/ur5/visual/forearm.dae
[1.378s] -- Up-to-date: /home/autopilot/ws/restackcell/ws_moveit2/install/moveit_backend/share/moveit_backend/meshes/ur5/visual/shoulder.dae
[1.378s] -- Up-to-date: /home/autopilot/ws/restackcell/ws_moveit2/install/moveit_backend/share/moveit_backend/meshes/ur5/visual/wrist3.dae
[1.379s] -- Up-to-date: /home/autopilot/ws/restackcell/ws_moveit2/install/moveit_backend/share/moveit_backend/meshes/ur5/visual/wrist1.dae
[1.380s] -- Up-to-date: /home/autopilot/ws/restackcell/ws_moveit2/install/moveit_backend/share/moveit_backend/meshes/ur5/visual/wrist2.dae
[1.380s] -- Up-to-date: /home/autopilot/ws/restackcell/ws_moveit2/install/moveit_backend/share/moveit_backend/meshes/ur5/visual/base.dae
[1.381s] -- Up-to-date: /home/autopilot/ws/restackcell/ws_moveit2/install/moveit_backend/share/moveit_backend/urdf
[1.382s] -- Up-to-date: /home/autopilot/ws/restackcell/ws_moveit2/install/moveit_backend/share/moveit_backend/urdf/ur.ros2_control.xacro
[1.382s] -- Up-to-date: /home/autopilot/ws/restackcell/ws_moveit2/install/moveit_backend/share/moveit_backend/urdf/ur.urdf.xacro
[1.389s] -- Up-to-date: /home/autopilot/ws/restackcell/ws_moveit2/install/moveit_backend/share/moveit_backend/urdf/inc
[1.389s] -- Up-to-date: /home/autopilot/ws/restackcell/ws_moveit2/install/moveit_backend/share/moveit_backend/urdf/inc/ur_transmissions.xacro
[1.390s] -- Up-to-date: /home/autopilot/ws/restackcell/ws_moveit2/install/moveit_backend/share/moveit_backend/urdf/inc/ur_common.xacro
[1.390s] -- Up-to-date: /home/autopilot/ws/restackcell/ws_moveit2/install/moveit_backend/share/moveit_backend/urdf/ur_macro.xacro
[1.390s] -- Up-to-date: /home/autopilot/ws/restackcell/ws_moveit2/install/moveit_backend/install/moveit_backend/config
[1.390s] -- Up-to-date: /home/autopilot/ws/restackcell/ws_moveit2/install/moveit_backend/install/moveit_backend/config/visual_parameters.yaml
[1.390s] -- Up-to-date: /home/autopilot/ws/restackcell/ws_moveit2/install/moveit_backend/install/moveit_backend/config/default_kinematics.yaml
[1.390s] -- Up-to-date: /home/autopilot/ws/restackcell/ws_moveit2/install/moveit_backend/install/moveit_backend/config/ur16e copy
[1.391s] -- Up-to-date: /home/autopilot/ws/restackcell/ws_moveit2/install/moveit_backend/install/moveit_backend/config/ur16e copy/visual_parameters.yaml
[1.391s] -- Up-to-date: /home/autopilot/ws/restackcell/ws_moveit2/install/moveit_backend/install/moveit_backend/config/ur16e copy/default_kinematics.yaml
[1.391s] -- Up-to-date: /home/autopilot/ws/restackcell/ws_moveit2/install/moveit_backend/install/moveit_backend/config/ur16e copy/joint_limits.yaml
[1.391s] -- Up-to-date: /home/autopilot/ws/restackcell/ws_moveit2/install/moveit_backend/install/moveit_backend/config/ur16e copy/physical_parameters.yaml
[1.391s] -- Up-to-date: /home/autopilot/ws/restackcell/ws_moveit2/install/moveit_backend/install/moveit_backend/config/joint_limits.yaml
[1.391s] -- Up-to-date: /home/autopilot/ws/restackcell/ws_moveit2/install/moveit_backend/install/moveit_backend/config/pilz_cartesian_limits.yaml
[1.391s] -- Up-to-date: /home/autopilot/ws/restackcell/ws_moveit2/install/moveit_backend/install/moveit_backend/config/pilz_industrial_motion_planner_planning.yaml
[1.392s] -- Up-to-date: /home/autopilot/ws/restackcell/ws_moveit2/install/moveit_backend/install/moveit_backend/config/physical_parameters.yaml
[1.394s] -- Up-to-date: /home/autopilot/ws/restackcell/ws_moveit2/install/moveit_backend/install/moveit_backend/meshes
[1.394s] -- Up-to-date: /home/autopilot/ws/restackcell/ws_moveit2/install/moveit_backend/install/moveit_backend/meshes/ur20
[1.395s] -- Up-to-date: /home/autopilot/ws/restackcell/ws_moveit2/install/moveit_backend/install/moveit_backend/meshes/ur20/collision
[1.395s] -- Up-to-date: /home/autopilot/ws/restackcell/ws_moveit2/install/moveit_backend/install/moveit_backend/meshes/ur20/collision/forearm.stl
[1.395s] -- Up-to-date: /home/autopilot/ws/restackcell/ws_moveit2/install/moveit_backend/install/moveit_backend/meshes/ur20/collision/base.stl
[1.396s] -- Up-to-date: /home/autopilot/ws/restackcell/ws_moveit2/install/moveit_backend/install/moveit_backend/meshes/ur20/collision/wrist2.stl
[1.396s] -- Up-to-date: /home/autopilot/ws/restackcell/ws_moveit2/install/moveit_backend/install/moveit_backend/meshes/ur20/collision/wrist3.stl
[1.396s] -- Up-to-date: /home/autopilot/ws/restackcell/ws_moveit2/install/moveit_backend/install/moveit_backend/meshes/ur20/collision/wrist1.stl
[1.396s] -- Up-to-date: /home/autopilot/ws/restackcell/ws_moveit2/install/moveit_backend/install/moveit_backend/meshes/ur20/collision/shoulder.stl
[1.396s] -- Up-to-date: /home/autopilot/ws/restackcell/ws_moveit2/install/moveit_backend/install/moveit_backend/meshes/ur20/collision/upperarm.stl
[1.397s] -- Up-to-date: /home/autopilot/ws/restackcell/ws_moveit2/install/moveit_backend/install/moveit_backend/meshes/ur20/LICENSE.txt
[1.397s] -- Up-to-date: /home/autopilot/ws/restackcell/ws_moveit2/install/moveit_backend/install/moveit_backend/meshes/ur20/visual
[1.397s] -- Up-to-date: /home/autopilot/ws/restackcell/ws_moveit2/install/moveit_backend/install/moveit_backend/meshes/ur20/visual/UR20_DIFF_8bit_2K.png
[1.397s] -- Up-to-date: /home/autopilot/ws/restackcell/ws_moveit2/install/moveit_backend/install/moveit_backend/meshes/ur20/visual/upperarm.dae
[1.398s] -- Up-to-date: /home/autopilot/ws/restackcell/ws_moveit2/install/moveit_backend/install/moveit_backend/meshes/ur20/visual/forearm.dae
[1.398s] -- Up-to-date: /home/autopilot/ws/restackcell/ws_moveit2/install/moveit_backend/install/moveit_backend/meshes/ur20/visual/shoulder.dae
[1.398s] -- Up-to-date: /home/autopilot/ws/restackcell/ws_moveit2/install/moveit_backend/install/moveit_backend/meshes/ur20/visual/wrist3.dae
[1.398s] -- Up-to-date: /home/autopilot/ws/restackcell/ws_moveit2/install/moveit_backend/install/moveit_backend/meshes/ur20/visual/wrist1.dae
[1.399s] -- Up-to-date: /home/autopilot/ws/restackcell/ws_moveit2/install/moveit_backend/install/moveit_backend/meshes/ur20/visual/wrist2.dae
[1.399s] -- Up-to-date: /home/autopilot/ws/restackcell/ws_moveit2/install/moveit_backend/install/moveit_backend/meshes/ur20/visual/base.dae
[1.399s] -- Up-to-date: /home/autopilot/ws/restackcell/ws_moveit2/install/moveit_backend/install/moveit_backend/meshes/ur5e
[1.400s] -- Up-to-date: /home/autopilot/ws/restackcell/ws_moveit2/install/moveit_backend/install/moveit_backend/meshes/ur5e/collision
[1.400s] -- Up-to-date: /home/autopilot/ws/restackcell/ws_moveit2/install/moveit_backend/install/moveit_backend/meshes/ur5e/collision/forearm.stl
[1.400s] -- Up-to-date: /home/autopilot/ws/restackcell/ws_moveit2/install/moveit_backend/install/moveit_backend/meshes/ur5e/collision/base.stl
[1.401s] -- Up-to-date: /home/autopilot/ws/restackcell/ws_moveit2/install/moveit_backend/install/moveit_backend/meshes/ur5e/collision/wrist2.stl
[1.402s] -- Up-to-date: /home/autopilot/ws/restackcell/ws_moveit2/install/moveit_backend/install/moveit_backend/meshes/ur5e/collision/wrist3.stl
[1.402s] -- Up-to-date: /home/autopilot/ws/restackcell/ws_moveit2/install/moveit_backend/install/moveit_backend/meshes/ur5e/collision/wrist1.stl
[1.403s] -- Up-to-date: /home/autopilot/ws/restackcell/ws_moveit2/install/moveit_backend/install/moveit_backend/meshes/ur5e/collision/shoulder.stl
[1.404s] -- Up-to-date: /home/autopilot/ws/restackcell/ws_moveit2/install/moveit_backend/install/moveit_backend/meshes/ur5e/collision/upperarm.stl
[1.404s] -- Up-to-date: /home/autopilot/ws/restackcell/ws_moveit2/install/moveit_backend/install/moveit_backend/meshes/ur5e/visual
[1.404s] -- Up-to-date: /home/autopilot/ws/restackcell/ws_moveit2/install/moveit_backend/install/moveit_backend/meshes/ur5e/visual/upperarm.dae
[1.406s] -- Up-to-date: /home/autopilot/ws/restackcell/ws_moveit2/install/moveit_backend/install/moveit_backend/meshes/ur5e/visual/forearm.dae
[1.406s] -- Up-to-date: /home/autopilot/ws/restackcell/ws_moveit2/install/moveit_backend/install/moveit_backend/meshes/ur5e/visual/shoulder.dae
[1.406s] -- Up-to-date: /home/autopilot/ws/restackcell/ws_moveit2/install/moveit_backend/install/moveit_backend/meshes/ur5e/visual/wrist3.dae
[1.407s] -- Up-to-date: /home/autopilot/ws/restackcell/ws_moveit2/install/moveit_backend/install/moveit_backend/meshes/ur5e/visual/wrist1.dae
[1.408s] -- Up-to-date: /home/autopilot/ws/restackcell/ws_moveit2/install/moveit_backend/install/moveit_backend/meshes/ur5e/visual/wrist2.dae
[1.409s] -- Up-to-date: /home/autopilot/ws/restackcell/ws_moveit2/install/moveit_backend/install/moveit_backend/meshes/ur5e/visual/base.dae
[1.410s] -- Up-to-date: /home/autopilot/ws/restackcell/ws_moveit2/install/moveit_backend/install/moveit_backend/meshes/ur3
[1.411s] -- Up-to-date: /home/autopilot/ws/restackcell/ws_moveit2/install/moveit_backend/install/moveit_backend/meshes/ur3/collision
[1.411s] -- Up-to-date: /home/autopilot/ws/restackcell/ws_moveit2/install/moveit_backend/install/moveit_backend/meshes/ur3/collision/forearm.stl
[1.412s] -- Up-to-date: /home/autopilot/ws/restackcell/ws_moveit2/install/moveit_backend/install/moveit_backend/meshes/ur3/collision/base.stl
[1.412s] -- Up-to-date: /home/autopilot/ws/restackcell/ws_moveit2/install/moveit_backend/install/moveit_backend/meshes/ur3/collision/wrist2.stl
[1.414s] -- Up-to-date: /home/autopilot/ws/restackcell/ws_moveit2/install/moveit_backend/install/moveit_backend/meshes/ur3/collision/wrist3.stl
[1.414s] -- Up-to-date: /home/autopilot/ws/restackcell/ws_moveit2/install/moveit_backend/install/moveit_backend/meshes/ur3/collision/wrist1.stl
[1.415s] -- Up-to-date: /home/autopilot/ws/restackcell/ws_moveit2/install/moveit_backend/install/moveit_backend/meshes/ur3/collision/shoulder.stl
[1.415s] -- Up-to-date: /home/autopilot/ws/restackcell/ws_moveit2/install/moveit_backend/install/moveit_backend/meshes/ur3/collision/upperarm.stl
[1.416s] -- Up-to-date: /home/autopilot/ws/restackcell/ws_moveit2/install/moveit_backend/install/moveit_backend/meshes/ur3/visual
[1.418s] -- Up-to-date: /home/autopilot/ws/restackcell/ws_moveit2/install/moveit_backend/install/moveit_backend/meshes/ur3/visual/upperarm.dae
[1.418s] -- Up-to-date: /home/autopilot/ws/restackcell/ws_moveit2/install/moveit_backend/install/moveit_backend/meshes/ur3/visual/forearm.dae
[1.419s] -- Up-to-date: /home/autopilot/ws/restackcell/ws_moveit2/install/moveit_backend/install/moveit_backend/meshes/ur3/visual/shoulder.dae
[1.419s] -- Up-to-date: /home/autopilot/ws/restackcell/ws_moveit2/install/moveit_backend/install/moveit_backend/meshes/ur3/visual/wrist3.dae
[1.420s] -- Up-to-date: /home/autopilot/ws/restackcell/ws_moveit2/install/moveit_backend/install/moveit_backend/meshes/ur3/visual/wrist1.dae
[1.420s] -- Up-to-date: /home/autopilot/ws/restackcell/ws_moveit2/install/moveit_backend/install/moveit_backend/meshes/ur3/visual/wrist2.dae
[1.421s] -- Up-to-date: /home/autopilot/ws/restackcell/ws_moveit2/install/moveit_backend/install/moveit_backend/meshes/ur3/visual/base.dae
[1.422s] -- Up-to-date: /home/autopilot/ws/restackcell/ws_moveit2/install/moveit_backend/install/moveit_backend/meshes/ur16e
[1.422s] -- Up-to-date: /home/autopilot/ws/restackcell/ws_moveit2/install/moveit_backend/install/moveit_backend/meshes/ur16e/collision
[1.424s] -- Up-to-date: /home/autopilot/ws/restackcell/ws_moveit2/install/moveit_backend/install/moveit_backend/meshes/ur16e/collision/forearm.stl
[1.425s] -- Up-to-date: /home/autopilot/ws/restackcell/ws_moveit2/install/moveit_backend/install/moveit_backend/meshes/ur16e/collision/upperarm.stl
[1.425s] -- Up-to-date: /home/autopilot/ws/restackcell/ws_moveit2/install/moveit_backend/install/moveit_backend/meshes/ur16e/visual
[1.426s] -- Up-to-date: /home/autopilot/ws/restackcell/ws_moveit2/install/moveit_backend/install/moveit_backend/meshes/ur16e/visual/upperarm.dae
[1.427s] -- Up-to-date: /home/autopilot/ws/restackcell/ws_moveit2/install/moveit_backend/install/moveit_backend/meshes/ur16e/visual/forearm.dae
[1.428s] -- Up-to-date: /home/autopilot/ws/restackcell/ws_moveit2/install/moveit_backend/install/moveit_backend/meshes/ur3e
[1.428s] -- Up-to-date: /home/autopilot/ws/restackcell/ws_moveit2/install/moveit_backend/install/moveit_backend/meshes/ur3e/collision
[1.429s] -- Up-to-date: /home/autopilot/ws/restackcell/ws_moveit2/install/moveit_backend/install/moveit_backend/meshes/ur3e/collision/forearm.stl
[1.430s] -- Up-to-date: /home/autopilot/ws/restackcell/ws_moveit2/install/moveit_backend/install/moveit_backend/meshes/ur3e/collision/base.stl
[1.431s] -- Up-to-date: /home/autopilot/ws/restackcell/ws_moveit2/install/moveit_backend/install/moveit_backend/meshes/ur3e/collision/wrist2.stl
[1.431s] -- Up-to-date: /home/autopilot/ws/restackcell/ws_moveit2/install/moveit_backend/install/moveit_backend/meshes/ur3e/collision/wrist3.stl
[1.432s] -- Up-to-date: /home/autopilot/ws/restackcell/ws_moveit2/install/moveit_backend/install/moveit_backend/meshes/ur3e/collision/wrist1.stl
[1.432s] -- Up-to-date: /home/autopilot/ws/restackcell/ws_moveit2/install/moveit_backend/install/moveit_backend/meshes/ur3e/collision/shoulder.stl
[1.434s] -- Up-to-date: /home/autopilot/ws/restackcell/ws_moveit2/install/moveit_backend/install/moveit_backend/meshes/ur3e/collision/upperarm.stl
[1.434s] -- Up-to-date: /home/autopilot/ws/restackcell/ws_moveit2/install/moveit_backend/install/moveit_backend/meshes/ur3e/visual
[1.435s] -- Up-to-date: /home/autopilot/ws/restackcell/ws_moveit2/install/moveit_backend/install/moveit_backend/meshes/ur3e/visual/upperarm.dae
[1.436s] -- Up-to-date: /home/autopilot/ws/restackcell/ws_moveit2/install/moveit_backend/install/moveit_backend/meshes/ur3e/visual/forearm.dae
[1.437s] -- Up-to-date: /home/autopilot/ws/restackcell/ws_moveit2/install/moveit_backend/install/moveit_backend/meshes/ur3e/visual/shoulder.dae
[1.439s] -- Up-to-date: /home/autopilot/ws/restackcell/ws_moveit2/install/moveit_backend/install/moveit_backend/meshes/ur3e/visual/wrist3.dae
[1.439s] -- Up-to-date: /home/autopilot/ws/restackcell/ws_moveit2/install/moveit_backend/install/moveit_backend/meshes/ur3e/visual/wrist1.dae
[1.440s] -- Up-to-date: /home/autopilot/ws/restackcell/ws_moveit2/install/moveit_backend/install/moveit_backend/meshes/ur3e/visual/wrist2.dae
[1.440s] -- Up-to-date: /home/autopilot/ws/restackcell/ws_moveit2/install/moveit_backend/install/moveit_backend/meshes/ur3e/visual/base.dae
[1.441s] -- Up-to-date: /home/autopilot/ws/restackcell/ws_moveit2/install/moveit_backend/install/moveit_backend/meshes/ur30
[1.441s] -- Up-to-date: /home/autopilot/ws/restackcell/ws_moveit2/install/moveit_backend/install/moveit_backend/meshes/ur30/collision
[1.443s] -- Up-to-date: /home/autopilot/ws/restackcell/ws_moveit2/install/moveit_backend/install/moveit_backend/meshes/ur30/collision/forearm.stl
[1.443s] -- Up-to-date: /home/autopilot/ws/restackcell/ws_moveit2/install/moveit_backend/install/moveit_backend/meshes/ur30/collision/upperarm.stl
[1.445s] -- Up-to-date: /home/autopilot/ws/restackcell/ws_moveit2/install/moveit_backend/install/moveit_backend/meshes/ur30/LICENSE.txt
[1.446s] -- Up-to-date: /home/autopilot/ws/restackcell/ws_moveit2/install/moveit_backend/install/moveit_backend/meshes/ur30/visual
[1.446s] -- Up-to-date: /home/autopilot/ws/restackcell/ws_moveit2/install/moveit_backend/install/moveit_backend/meshes/ur30/visual/upperarm.dae
[1.448s] -- Up-to-date: /home/autopilot/ws/restackcell/ws_moveit2/install/moveit_backend/install/moveit_backend/meshes/ur30/visual/forearm.dae
[1.448s] -- Up-to-date: /home/autopilot/ws/restackcell/ws_moveit2/install/moveit_backend/install/moveit_backend/meshes/ur30/visual/UR30_DIFF_8bit_2K.png
[1.449s] -- Up-to-date: /home/autopilot/ws/restackcell/ws_moveit2/install/moveit_backend/install/moveit_backend/meshes/ur10e
[1.449s] -- Up-to-date: /home/autopilot/ws/restackcell/ws_moveit2/install/moveit_backend/install/moveit_backend/meshes/ur10e/collision
[1.450s] -- Up-to-date: /home/autopilot/ws/restackcell/ws_moveit2/install/moveit_backend/install/moveit_backend/meshes/ur10e/collision/forearm.stl
[1.450s] -- Up-to-date: /home/autopilot/ws/restackcell/ws_moveit2/install/moveit_backend/install/moveit_backend/meshes/ur10e/collision/base.stl
[1.452s] -- Up-to-date: /home/autopilot/ws/restackcell/ws_moveit2/install/moveit_backend/install/moveit_backend/meshes/ur10e/collision/wrist2.stl
[1.452s] -- Up-to-date: /home/autopilot/ws/restackcell/ws_moveit2/install/moveit_backend/install/moveit_backend/meshes/ur10e/collision/wrist3.stl
[1.452s] -- Up-to-date: /home/autopilot/ws/restackcell/ws_moveit2/install/moveit_backend/install/moveit_backend/meshes/ur10e/collision/wrist1.stl
[1.453s] -- Up-to-date: /home/autopilot/ws/restackcell/ws_moveit2/install/moveit_backend/install/moveit_backend/meshes/ur10e/collision/shoulder.stl
[1.455s] -- Up-to-date: /home/autopilot/ws/restackcell/ws_moveit2/install/moveit_backend/install/moveit_backend/meshes/ur10e/collision/upperarm.stl
[1.455s] -- Up-to-date: /home/autopilot/ws/restackcell/ws_moveit2/install/moveit_backend/install/moveit_backend/meshes/ur10e/visual
[1.455s] -- Up-to-date: /home/autopilot/ws/restackcell/ws_moveit2/install/moveit_backend/install/moveit_backend/meshes/ur10e/visual/upperarm.dae
[1.455s] -- Up-to-date: /home/autopilot/ws/restackcell/ws_moveit2/install/moveit_backend/install/moveit_backend/meshes/ur10e/visual/forearm.dae
[1.455s] -- Up-to-date: /home/autopilot/ws/restackcell/ws_moveit2/install/moveit_backend/install/moveit_backend/meshes/ur10e/visual/shoulder.dae
[1.456s] -- Up-to-date: /home/autopilot/ws/restackcell/ws_moveit2/install/moveit_backend/install/moveit_backend/meshes/ur10e/visual/wrist3.dae
[1.461s] -- Up-to-date: /home/autopilot/ws/restackcell/ws_moveit2/install/moveit_backend/install/moveit_backend/meshes/ur10e/visual/wrist1.dae
[1.464s] -- Up-to-date: /home/autopilot/ws/restackcell/ws_moveit2/install/moveit_backend/install/moveit_backend/meshes/ur10e/visual/wrist2.dae
[1.465s] -- Up-to-date: /home/autopilot/ws/restackcell/ws_moveit2/install/moveit_backend/install/moveit_backend/meshes/ur10e/visual/base.dae
[1.465s] -- Up-to-date: /home/autopilot/ws/restackcell/ws_moveit2/install/moveit_backend/install/moveit_backend/meshes/ur10
[1.466s] -- Up-to-date: /home/autopilot/ws/restackcell/ws_moveit2/install/moveit_backend/install/moveit_backend/meshes/ur10/collision
[1.466s] -- Up-to-date: /home/autopilot/ws/restackcell/ws_moveit2/install/moveit_backend/install/moveit_backend/meshes/ur10/collision/forearm.stl
[1.468s] -- Up-to-date: /home/autopilot/ws/restackcell/ws_moveit2/install/moveit_backend/install/moveit_backend/meshes/ur10/collision/base.stl
[1.468s] -- Up-to-date: /home/autopilot/ws/restackcell/ws_moveit2/install/moveit_backend/install/moveit_backend/meshes/ur10/collision/wrist2.stl
[1.470s] -- Up-to-date: /home/autopilot/ws/restackcell/ws_moveit2/install/moveit_backend/install/moveit_backend/meshes/ur10/collision/wrist3.stl
[1.471s] -- Up-to-date: /home/autopilot/ws/restackcell/ws_moveit2/install/moveit_backend/install/moveit_backend/meshes/ur10/collision/wrist1.stl
[1.472s] -- Up-to-date: /home/autopilot/ws/restackcell/ws_moveit2/install/moveit_backend/install/moveit_backend/meshes/ur10/collision/shoulder.stl
[1.472s] -- Up-to-date: /home/autopilot/ws/restackcell/ws_moveit2/install/moveit_backend/install/moveit_backend/meshes/ur10/collision/upperarm.stl
[1.476s] -- Up-to-date: /home/autopilot/ws/restackcell/ws_moveit2/install/moveit_backend/install/moveit_backend/meshes/ur10/visual
[1.476s] -- Up-to-date: /home/autopilot/ws/restackcell/ws_moveit2/install/moveit_backend/install/moveit_backend/meshes/ur10/visual/upperarm.dae
[1.476s] -- Up-to-date: /home/autopilot/ws/restackcell/ws_moveit2/install/moveit_backend/install/moveit_backend/meshes/ur10/visual/forearm.dae
[1.478s] -- Up-to-date: /home/autopilot/ws/restackcell/ws_moveit2/install/moveit_backend/install/moveit_backend/meshes/ur10/visual/shoulder.dae
[1.478s] -- Up-to-date: /home/autopilot/ws/restackcell/ws_moveit2/install/moveit_backend/install/moveit_backend/meshes/ur10/visual/wrist3.dae
[1.478s] -- Up-to-date: /home/autopilot/ws/restackcell/ws_moveit2/install/moveit_backend/install/moveit_backend/meshes/ur10/visual/wrist1.dae
[1.478s] -- Up-to-date: /home/autopilot/ws/restackcell/ws_moveit2/install/moveit_backend/install/moveit_backend/meshes/ur10/visual/wrist2.dae
[1.479s] -- Up-to-date: /home/autopilot/ws/restackcell/ws_moveit2/install/moveit_backend/install/moveit_backend/meshes/ur10/visual/base.dae
[1.479s] -- Up-to-date: /home/autopilot/ws/restackcell/ws_moveit2/install/moveit_backend/install/moveit_backend/meshes/ur5
[1.486s] -- Up-to-date: /home/autopilot/ws/restackcell/ws_moveit2/install/moveit_backend/install/moveit_backend/meshes/ur5/collision
[1.487s] -- Up-to-date: /home/autopilot/ws/restackcell/ws_moveit2/install/moveit_backend/install/moveit_backend/meshes/ur5/collision/forearm.stl
[1.487s] -- Up-to-date: /home/autopilot/ws/restackcell/ws_moveit2/install/moveit_backend/install/moveit_backend/meshes/ur5/collision/base.stl
[1.488s] -- Up-to-date: /home/autopilot/ws/restackcell/ws_moveit2/install/moveit_backend/install/moveit_backend/meshes/ur5/collision/wrist2.stl
[1.488s] -- Up-to-date: /home/autopilot/ws/restackcell/ws_moveit2/install/moveit_backend/install/moveit_backend/meshes/ur5/collision/wrist3.stl
[1.488s] -- Up-to-date: /home/autopilot/ws/restackcell/ws_moveit2/install/moveit_backend/install/moveit_backend/meshes/ur5/collision/wrist1.stl
[1.488s] -- Up-to-date: /home/autopilot/ws/restackcell/ws_moveit2/install/moveit_backend/install/moveit_backend/meshes/ur5/collision/shoulder.stl
[1.488s] -- Up-to-date: /home/autopilot/ws/restackcell/ws_moveit2/install/moveit_backend/install/moveit_backend/meshes/ur5/collision/upperarm.stl
[1.489s] -- Up-to-date: /home/autopilot/ws/restackcell/ws_moveit2/install/moveit_backend/install/moveit_backend/meshes/ur5/visual
[1.494s] -- Up-to-date: /home/autopilot/ws/restackcell/ws_moveit2/install/moveit_backend/install/moveit_backend/meshes/ur5/visual/upperarm.dae
[1.494s] -- Up-to-date: /home/autopilot/ws/restackcell/ws_moveit2/install/moveit_backend/install/moveit_backend/meshes/ur5/visual/forearm.dae
[1.495s] -- Up-to-date: /home/autopilot/ws/restackcell/ws_moveit2/install/moveit_backend/install/moveit_backend/meshes/ur5/visual/shoulder.dae
[1.495s] -- Up-to-date: /home/autopilot/ws/restackcell/ws_moveit2/install/moveit_backend/install/moveit_backend/meshes/ur5/visual/wrist3.dae
[1.495s] -- Up-to-date: /home/autopilot/ws/restackcell/ws_moveit2/install/moveit_backend/install/moveit_backend/meshes/ur5/visual/wrist1.dae
[1.496s] -- Up-to-date: /home/autopilot/ws/restackcell/ws_moveit2/install/moveit_backend/install/moveit_backend/meshes/ur5/visual/wrist2.dae
[1.496s] -- Up-to-date: /home/autopilot/ws/restackcell/ws_moveit2/install/moveit_backend/install/moveit_backend/meshes/ur5/visual/base.dae
[1.496s] -- Up-to-date: /home/autopilot/ws/restackcell/ws_moveit2/install/moveit_backend/install/moveit_backend/urdf
[1.496s] -- Up-to-date: /home/autopilot/ws/restackcell/ws_moveit2/install/moveit_backend/install/moveit_backend/urdf/ur.ros2_control.xacro
[1.497s] -- Up-to-date: /home/autopilot/ws/restackcell/ws_moveit2/install/moveit_backend/install/moveit_backend/urdf/ur.urdf.xacro
[1.498s] -- Up-to-date: /home/autopilot/ws/restackcell/ws_moveit2/install/moveit_backend/install/moveit_backend/urdf/inc
[1.504s] -- Up-to-date: /home/autopilot/ws/restackcell/ws_moveit2/install/moveit_backend/install/moveit_backend/urdf/inc/ur_transmissions.xacro
[1.504s] -- Up-to-date: /home/autopilot/ws/restackcell/ws_moveit2/install/moveit_backend/install/moveit_backend/urdf/inc/ur_common.xacro
[1.504s] -- Up-to-date: /home/autopilot/ws/restackcell/ws_moveit2/install/moveit_backend/install/moveit_backend/urdf/ur_macro.xacro
[1.505s] -- Up-to-date: /home/autopilot/ws/restackcell/ws_moveit2/install/moveit_backend/share/ament_index/resource_index/package_run_dependencies/moveit_backend
[1.505s] -- Up-to-date: /home/autopilot/ws/restackcell/ws_moveit2/install/moveit_backend/share/ament_index/resource_index/parent_prefix_path/moveit_backend
[1.505s] -- Up-to-date: /home/autopilot/ws/restackcell/ws_moveit2/install/moveit_backend/share/moveit_backend/environment/ament_prefix_path.sh
[1.506s] -- Up-to-date: /home/autopilot/ws/restackcell/ws_moveit2/install/moveit_backend/share/moveit_backend/environment/ament_prefix_path.dsv
[1.506s] -- Up-to-date: /home/autopilot/ws/restackcell/ws_moveit2/install/moveit_backend/share/moveit_backend/environment/path.sh
[1.506s] -- Up-to-date: /home/autopilot/ws/restackcell/ws_moveit2/install/moveit_backend/share/moveit_backend/environment/path.dsv
[1.507s] -- Up-to-date: /home/autopilot/ws/restackcell/ws_moveit2/install/moveit_backend/share/moveit_backend/local_setup.bash
[1.516s] -- Up-to-date: /home/autopilot/ws/restackcell/ws_moveit2/install/moveit_backend/share/moveit_backend/local_setup.sh
[1.516s] -- Up-to-date: /home/autopilot/ws/restackcell/ws_moveit2/install/moveit_backend/share/moveit_backend/local_setup.zsh
[1.517s] -- Up-to-date: /home/autopilot/ws/restackcell/ws_moveit2/install/moveit_backend/share/moveit_backend/local_setup.dsv
[1.517s] -- Installing: /home/autopilot/ws/restackcell/ws_moveit2/install/moveit_backend/share/moveit_backend/package.dsv
[1.518s] -- Up-to-date: /home/autopilot/ws/restackcell/ws_moveit2/install/moveit_backend/share/ament_index/resource_index/packages/moveit_backend
[1.518s] -- Up-to-date: /home/autopilot/ws/restackcell/ws_moveit2/install/moveit_backend/share/moveit_backend/cmake/moveit_backendConfig.cmake
[1.518s] -- Up-to-date: /home/autopilot/ws/restackcell/ws_moveit2/install/moveit_backend/share/moveit_backend/cmake/moveit_backendConfig-version.cmake
[1.518s] -- Up-to-date: /home/autopilot/ws/restackcell/ws_moveit2/install/moveit_backend/share/moveit_backend/package.xml
[1.519s] Invoked command in '/home/autopilot/ws/restackcell/ws_moveit2/build/moveit_backend' returned '0': CMAKE_PREFIX_PATH=/home/autopilot/ws/restackcell/ws_moveit2/install/robo_planner_py:/home/autopilot/ws/restackcell/ws_moveit2/install/grid_snapper:/home/autopilot/ws/restackcell/ws_moveit2/install/opcua_client:/home/autopilot/ws/restackcell/ws_moveit2/install/interface_opcua:/opt/ros/humble:/home/autopilot/ws/restackcell/ws_moveit2/install/wzlscheduler_interfaces:/home/autopilot/ws/restackcell/ws_moveit2/install/robo_planner:/home/autopilot/ws/restackcell/ws_moveit2/install/pcl_segmentation:/home/autopilot/ws/restackcell/ws_moveit2/install/moveit_backend:/home/autopilot/ws/restackcell/ws_moveit2/install/mockup_robot:/home/autopilot/ws/restackcell/ws_moveit2/install/ur_pilz:/home/autopilot/ws/restackcell/ws_moveit2/install/robo_planner_msgs:/home/autopilot/ws/restackcell/ws_moveit2/install/opcua_interfaces PYTHONPATH=/home/autopilot/ws/restackcell/ws_moveit2/install/wzlscheduler_interfaces/local/lib/python3.10/dist-packages:/home/autopilot/ws/restackcell/ws_moveit2/install/robo_planner_py/lib/python3.10/site-packages:/home/autopilot/ws/restackcell/ws_moveit2/install/grid_snapper/lib/python3.10/site-packages:/home/autopilot/ws/restackcell/ws_moveit2/install/robo_planner_msgs/local/lib/python3.10/dist-packages:/home/autopilot/ws/restackcell/ws_moveit2/install/opcua_client/lib/python3.10/site-packages:/home/autopilot/ws/restackcell/ws_moveit2/install/opcua_interfaces/local/lib/python3.10/dist-packages:/home/autopilot/ws/restackcell/ws_moveit2/install/interface_opcua/lib/python3.10/site-packages:/opt/ros/humble/lib/python3.10/site-packages:/opt/ros/humble/local/lib/python3.10/dist-packages /usr/bin/cmake --install /home/autopilot/ws/restackcell/ws_moveit2/build/moveit_backend
