[0.786s] Invoking command in '/home/autopilot/ws/restackcell/ws_moveit2/build/robo_planner_msgs': /usr/bin/cmake --build /home/autopilot/ws/restackcell/ws_moveit2/build/robo_planner_msgs -- -j8 -l8
[0.955s] [ 12%] Built target robo_planner_msgs__rosidl_generator_c
[1.000s] [ 12%] Built target ament_cmake_python_copy_robo_planner_msgs
[1.009s] [ 12%] Built target robo_planner_msgs__cpp
[1.027s] [ 24%] Built target robo_planner_msgs__rosidl_typesupport_introspection_c
[1.056s] [ 36%] Built target robo_planner_msgs__rosidl_typesupport_fastrtps_c
[1.069s] [ 48%] Built target robo_planner_msgs__rosidl_typesupport_cpp
[1.072s] [ 60%] Built target robo_planner_msgs__rosidl_typesupport_c
[1.120s] [ 72%] Built target robo_planner_msgs__rosidl_typesupport_fastrtps_cpp
[1.129s] [ 84%] Built target robo_planner_msgs__rosidl_typesupport_introspection_cpp
[1.177s] [ 84%] Built target robo_planner_msgs
[1.224s] [ 85%] Built target robo_planner_msgs__py
[1.295s] [ 96%] Built target robo_planner_msgs__rosidl_generator_py
[1.363s] [ 97%] Built target robo_planner_msgs__rosidl_typesupport_fastrtps_c__pyext
[1.388s] [ 99%] Built target robo_planner_msgs__rosidl_typesupport_introspection_c__pyext
[1.392s] [100%] Built target robo_planner_msgs__rosidl_typesupport_c__pyext
[1.868s] running egg_info
[1.871s] writing robo_planner_msgs.egg-info/PKG-INFO
[1.872s] writing dependency_links to robo_planner_msgs.egg-info/dependency_links.txt
[1.874s] writing top-level names to robo_planner_msgs.egg-info/top_level.txt
[1.882s] reading manifest file 'robo_planner_msgs.egg-info/SOURCES.txt'
[1.883s] writing manifest file 'robo_planner_msgs.egg-info/SOURCES.txt'
[1.962s] [100%] Built target ament_cmake_python_build_robo_planner_msgs_egg
[2.002s] Invoked command in '/home/autopilot/ws/restackcell/ws_moveit2/build/robo_planner_msgs' returned '0': /usr/bin/cmake --build /home/autopilot/ws/restackcell/ws_moveit2/build/robo_planner_msgs -- -j8 -l8
[3.481s] Invoking command in '/home/autopilot/ws/restackcell/ws_moveit2/build/robo_planner_msgs': /usr/bin/cmake --install /home/autopilot/ws/restackcell/ws_moveit2/build/robo_planner_msgs
[3.497s] -- Install configuration: ""
[3.497s] -- Up-to-date: /home/autopilot/ws/restackcell/ws_moveit2/install/robo_planner_msgs/share/ament_index/resource_index/rosidl_interfaces/robo_planner_msgs
[3.498s] -- Up-to-date: /home/autopilot/ws/restackcell/ws_moveit2/install/robo_planner_msgs/include/robo_planner_msgs/robo_planner_msgs
[3.499s] -- Up-to-date: /home/autopilot/ws/restackcell/ws_moveit2/install/robo_planner_msgs/include/robo_planner_msgs/robo_planner_msgs/msg
[3.500s] -- Up-to-date: /home/autopilot/ws/restackcell/ws_moveit2/install/robo_planner_msgs/include/robo_planner_msgs/robo_planner_msgs/msg/scene_object_set_pose.h
[3.500s] -- Up-to-date: /home/autopilot/ws/restackcell/ws_moveit2/install/robo_planner_msgs/include/robo_planner_msgs/robo_planner_msgs/msg/labeled_point_clouds.h
[3.501s] -- Up-to-date: /home/autopilot/ws/restackcell/ws_moveit2/install/robo_planner_msgs/include/robo_planner_msgs/robo_planner_msgs/msg/scene_object_add.h
[3.501s] -- Up-to-date: /home/autopilot/ws/restackcell/ws_moveit2/install/robo_planner_msgs/include/robo_planner_msgs/robo_planner_msgs/msg/rosidl_generator_c__visibility_control.h
[3.503s] -- Up-to-date: /home/autopilot/ws/restackcell/ws_moveit2/install/robo_planner_msgs/include/robo_planner_msgs/robo_planner_msgs/msg/labeled_point_cloud.h
[3.505s] -- Up-to-date: /home/autopilot/ws/restackcell/ws_moveit2/install/robo_planner_msgs/include/robo_planner_msgs/robo_planner_msgs/msg/scene_object_remove.h
[3.507s] -- Up-to-date: /home/autopilot/ws/restackcell/ws_moveit2/install/robo_planner_msgs/include/robo_planner_msgs/robo_planner_msgs/msg/detail
[3.507s] -- Up-to-date: /home/autopilot/ws/restackcell/ws_moveit2/install/robo_planner_msgs/include/robo_planner_msgs/robo_planner_msgs/msg/detail/scene_object_add__functions.c
[3.508s] -- Up-to-date: /home/autopilot/ws/restackcell/ws_moveit2/install/robo_planner_msgs/include/robo_planner_msgs/robo_planner_msgs/msg/detail/scene_object_set_pose__functions.c
[3.509s] -- Up-to-date: /home/autopilot/ws/restackcell/ws_moveit2/install/robo_planner_msgs/include/robo_planner_msgs/robo_planner_msgs/msg/detail/labeled_point_clouds__type_support.h
[3.509s] -- Up-to-date: /home/autopilot/ws/restackcell/ws_moveit2/install/robo_planner_msgs/include/robo_planner_msgs/robo_planner_msgs/msg/detail/scene_object_remove__functions.c
[3.509s] -- Up-to-date: /home/autopilot/ws/restackcell/ws_moveit2/install/robo_planner_msgs/include/robo_planner_msgs/robo_planner_msgs/msg/detail/labeled_point_clouds__struct.h
[3.509s] -- Up-to-date: /home/autopilot/ws/restackcell/ws_moveit2/install/robo_planner_msgs/include/robo_planner_msgs/robo_planner_msgs/msg/detail/scene_object_remove__struct.h
[3.510s] -- Up-to-date: /home/autopilot/ws/restackcell/ws_moveit2/install/robo_planner_msgs/include/robo_planner_msgs/robo_planner_msgs/msg/detail/scene_object_add__functions.h
[3.510s] -- Up-to-date: /home/autopilot/ws/restackcell/ws_moveit2/install/robo_planner_msgs/include/robo_planner_msgs/robo_planner_msgs/msg/detail/labeled_point_cloud__functions.c
[3.510s] -- Up-to-date: /home/autopilot/ws/restackcell/ws_moveit2/install/robo_planner_msgs/include/robo_planner_msgs/robo_planner_msgs/msg/detail/scene_object_add__type_support.h
[3.511s] -- Up-to-date: /home/autopilot/ws/restackcell/ws_moveit2/install/robo_planner_msgs/include/robo_planner_msgs/robo_planner_msgs/msg/detail/labeled_point_clouds__functions.c
[3.512s] -- Up-to-date: /home/autopilot/ws/restackcell/ws_moveit2/install/robo_planner_msgs/include/robo_planner_msgs/robo_planner_msgs/msg/detail/scene_object_remove__type_support.h
[3.513s] -- Up-to-date: /home/autopilot/ws/restackcell/ws_moveit2/install/robo_planner_msgs/include/robo_planner_msgs/robo_planner_msgs/msg/detail/labeled_point_cloud__functions.h
[3.515s] -- Up-to-date: /home/autopilot/ws/restackcell/ws_moveit2/install/robo_planner_msgs/include/robo_planner_msgs/robo_planner_msgs/msg/detail/labeled_point_clouds__functions.h
[3.515s] -- Up-to-date: /home/autopilot/ws/restackcell/ws_moveit2/install/robo_planner_msgs/include/robo_planner_msgs/robo_planner_msgs/msg/detail/scene_object_set_pose__struct.h
[3.515s] -- Up-to-date: /home/autopilot/ws/restackcell/ws_moveit2/install/robo_planner_msgs/include/robo_planner_msgs/robo_planner_msgs/msg/detail/scene_object_add__struct.h
[3.515s] -- Up-to-date: /home/autopilot/ws/restackcell/ws_moveit2/install/robo_planner_msgs/include/robo_planner_msgs/robo_planner_msgs/msg/detail/labeled_point_cloud__struct.h
[3.516s] -- Up-to-date: /home/autopilot/ws/restackcell/ws_moveit2/install/robo_planner_msgs/include/robo_planner_msgs/robo_planner_msgs/msg/detail/scene_object_set_pose__type_support.h
[3.518s] -- Up-to-date: /home/autopilot/ws/restackcell/ws_moveit2/install/robo_planner_msgs/include/robo_planner_msgs/robo_planner_msgs/msg/detail/labeled_point_cloud__type_support.h
[3.518s] -- Up-to-date: /home/autopilot/ws/restackcell/ws_moveit2/install/robo_planner_msgs/include/robo_planner_msgs/robo_planner_msgs/msg/detail/scene_object_set_pose__functions.h
[3.519s] -- Up-to-date: /home/autopilot/ws/restackcell/ws_moveit2/install/robo_planner_msgs/include/robo_planner_msgs/robo_planner_msgs/msg/detail/scene_object_remove__functions.h
[3.522s] -- Up-to-date: /home/autopilot/ws/restackcell/ws_moveit2/install/robo_planner_msgs/include/robo_planner_msgs/robo_planner_msgs/srv
[3.526s] -- Up-to-date: /home/autopilot/ws/restackcell/ws_moveit2/install/robo_planner_msgs/include/robo_planner_msgs/robo_planner_msgs/srv/gripper_change_pick.h
[3.526s] -- Up-to-date: /home/autopilot/ws/restackcell/ws_moveit2/install/robo_planner_msgs/include/robo_planner_msgs/robo_planner_msgs/srv/pick.h
[3.526s] -- Up-to-date: /home/autopilot/ws/restackcell/ws_moveit2/install/robo_planner_msgs/include/robo_planner_msgs/robo_planner_msgs/srv/follow_trajectory.h
[3.530s] -- Up-to-date: /home/autopilot/ws/restackcell/ws_moveit2/install/robo_planner_msgs/include/robo_planner_msgs/robo_planner_msgs/srv/place.h
[3.531s] -- Up-to-date: /home/autopilot/ws/restackcell/ws_moveit2/install/robo_planner_msgs/include/robo_planner_msgs/robo_planner_msgs/srv/open_door.h
[3.531s] -- Up-to-date: /home/autopilot/ws/restackcell/ws_moveit2/install/robo_planner_msgs/include/robo_planner_msgs/robo_planner_msgs/srv/set_robot_value_velocity.h
[3.531s] -- Up-to-date: /home/autopilot/ws/restackcell/ws_moveit2/install/robo_planner_msgs/include/robo_planner_msgs/robo_planner_msgs/srv/detail
[3.531s] -- Up-to-date: /home/autopilot/ws/restackcell/ws_moveit2/install/robo_planner_msgs/include/robo_planner_msgs/robo_planner_msgs/srv/detail/gripper_close__functions.c
[3.531s] -- Up-to-date: /home/autopilot/ws/restackcell/ws_moveit2/install/robo_planner_msgs/include/robo_planner_msgs/robo_planner_msgs/srv/detail/follow_trajectory__type_support.h
[3.531s] -- Up-to-date: /home/autopilot/ws/restackcell/ws_moveit2/install/robo_planner_msgs/include/robo_planner_msgs/robo_planner_msgs/srv/detail/set_robot_value_velocity__struct.h
[3.531s] -- Up-to-date: /home/autopilot/ws/restackcell/ws_moveit2/install/robo_planner_msgs/include/robo_planner_msgs/robo_planner_msgs/srv/detail/gripper_change__functions.h
[3.531s] -- Up-to-date: /home/autopilot/ws/restackcell/ws_moveit2/install/robo_planner_msgs/include/robo_planner_msgs/robo_planner_msgs/srv/detail/set_robot_value_velocity__functions.h
[3.532s] -- Up-to-date: /home/autopilot/ws/restackcell/ws_moveit2/install/robo_planner_msgs/include/robo_planner_msgs/robo_planner_msgs/srv/detail/gripper_change_pick__functions.c
[3.532s] -- Up-to-date: /home/autopilot/ws/restackcell/ws_moveit2/install/robo_planner_msgs/include/robo_planner_msgs/robo_planner_msgs/srv/detail/gripper_change_pick__type_support.h
[3.532s] -- Up-to-date: /home/autopilot/ws/restackcell/ws_moveit2/install/robo_planner_msgs/include/robo_planner_msgs/robo_planner_msgs/srv/detail/place__struct.h
[3.532s] -- Up-to-date: /home/autopilot/ws/restackcell/ws_moveit2/install/robo_planner_msgs/include/robo_planner_msgs/robo_planner_msgs/srv/detail/gripper_close__functions.h
[3.532s] -- Up-to-date: /home/autopilot/ws/restackcell/ws_moveit2/install/robo_planner_msgs/include/robo_planner_msgs/robo_planner_msgs/srv/detail/gripper_open__functions.h
[3.532s] -- Up-to-date: /home/autopilot/ws/restackcell/ws_moveit2/install/robo_planner_msgs/include/robo_planner_msgs/robo_planner_msgs/srv/detail/pick_and_place__functions.h
[3.532s] -- Up-to-date: /home/autopilot/ws/restackcell/ws_moveit2/install/robo_planner_msgs/include/robo_planner_msgs/robo_planner_msgs/srv/detail/open_door__functions.c
[3.532s] -- Up-to-date: /home/autopilot/ws/restackcell/ws_moveit2/install/robo_planner_msgs/include/robo_planner_msgs/robo_planner_msgs/srv/detail/gripper_change_place__functions.h
[3.532s] -- Up-to-date: /home/autopilot/ws/restackcell/ws_moveit2/install/robo_planner_msgs/include/robo_planner_msgs/robo_planner_msgs/srv/detail/pick__functions.h
[3.532s] -- Up-to-date: /home/autopilot/ws/restackcell/ws_moveit2/install/robo_planner_msgs/include/robo_planner_msgs/robo_planner_msgs/srv/detail/gripper_change_pick__struct.h
[3.533s] -- Up-to-date: /home/autopilot/ws/restackcell/ws_moveit2/install/robo_planner_msgs/include/robo_planner_msgs/robo_planner_msgs/srv/detail/open_door__type_support.h
[3.533s] -- Up-to-date: /home/autopilot/ws/restackcell/ws_moveit2/install/robo_planner_msgs/include/robo_planner_msgs/robo_planner_msgs/srv/detail/open_door__struct.h
[3.533s] -- Up-to-date: /home/autopilot/ws/restackcell/ws_moveit2/install/robo_planner_msgs/include/robo_planner_msgs/robo_planner_msgs/srv/detail/gripper_close__struct.h
[3.533s] -- Up-to-date: /home/autopilot/ws/restackcell/ws_moveit2/install/robo_planner_msgs/include/robo_planner_msgs/robo_planner_msgs/srv/detail/move_to_pose__struct.h
[3.533s] -- Up-to-date: /home/autopilot/ws/restackcell/ws_moveit2/install/robo_planner_msgs/include/robo_planner_msgs/robo_planner_msgs/srv/detail/place__type_support.h
[3.533s] -- Up-to-date: /home/autopilot/ws/restackcell/ws_moveit2/install/robo_planner_msgs/include/robo_planner_msgs/robo_planner_msgs/srv/detail/set_robot_value_velocity__functions.c
[3.533s] -- Up-to-date: /home/autopilot/ws/restackcell/ws_moveit2/install/robo_planner_msgs/include/robo_planner_msgs/robo_planner_msgs/srv/detail/gripper_change__type_support.h
[3.533s] -- Up-to-date: /home/autopilot/ws/restackcell/ws_moveit2/install/robo_planner_msgs/include/robo_planner_msgs/robo_planner_msgs/srv/detail/place__functions.c
[3.533s] -- Up-to-date: /home/autopilot/ws/restackcell/ws_moveit2/install/robo_planner_msgs/include/robo_planner_msgs/robo_planner_msgs/srv/detail/gripper_open__functions.c
[3.533s] -- Up-to-date: /home/autopilot/ws/restackcell/ws_moveit2/install/robo_planner_msgs/include/robo_planner_msgs/robo_planner_msgs/srv/detail/gripper_change__functions.c
[3.534s] -- Up-to-date: /home/autopilot/ws/restackcell/ws_moveit2/install/robo_planner_msgs/include/robo_planner_msgs/robo_planner_msgs/srv/detail/pick_and_place__functions.c
[3.534s] -- Up-to-date: /home/autopilot/ws/restackcell/ws_moveit2/install/robo_planner_msgs/include/robo_planner_msgs/robo_planner_msgs/srv/detail/gripper_change_place__functions.c
[3.534s] -- Up-to-date: /home/autopilot/ws/restackcell/ws_moveit2/install/robo_planner_msgs/include/robo_planner_msgs/robo_planner_msgs/srv/detail/move_to_pose__type_support.h
[3.534s] -- Up-to-date: /home/autopilot/ws/restackcell/ws_moveit2/install/robo_planner_msgs/include/robo_planner_msgs/robo_planner_msgs/srv/detail/pick__struct.h
[3.534s] -- Up-to-date: /home/autopilot/ws/restackcell/ws_moveit2/install/robo_planner_msgs/include/robo_planner_msgs/robo_planner_msgs/srv/detail/gripper_open__type_support.h
[3.534s] -- Up-to-date: /home/autopilot/ws/restackcell/ws_moveit2/install/robo_planner_msgs/include/robo_planner_msgs/robo_planner_msgs/srv/detail/gripper_change_place__struct.h
[3.534s] -- Up-to-date: /home/autopilot/ws/restackcell/ws_moveit2/install/robo_planner_msgs/include/robo_planner_msgs/robo_planner_msgs/srv/detail/open_door__functions.h
[3.534s] -- Up-to-date: /home/autopilot/ws/restackcell/ws_moveit2/install/robo_planner_msgs/include/robo_planner_msgs/robo_planner_msgs/srv/detail/gripper_change_place__type_support.h
[3.534s] -- Up-to-date: /home/autopilot/ws/restackcell/ws_moveit2/install/robo_planner_msgs/include/robo_planner_msgs/robo_planner_msgs/srv/detail/move_to_pose__functions.c
[3.534s] -- Up-to-date: /home/autopilot/ws/restackcell/ws_moveit2/install/robo_planner_msgs/include/robo_planner_msgs/robo_planner_msgs/srv/detail/pick__type_support.h
[3.535s] -- Up-to-date: /home/autopilot/ws/restackcell/ws_moveit2/install/robo_planner_msgs/include/robo_planner_msgs/robo_planner_msgs/srv/detail/gripper_close__type_support.h
[3.535s] -- Up-to-date: /home/autopilot/ws/restackcell/ws_moveit2/install/robo_planner_msgs/include/robo_planner_msgs/robo_planner_msgs/srv/detail/follow_trajectory__functions.c
[3.535s] -- Up-to-date: /home/autopilot/ws/restackcell/ws_moveit2/install/robo_planner_msgs/include/robo_planner_msgs/robo_planner_msgs/srv/detail/follow_trajectory__struct.h
[3.535s] -- Up-to-date: /home/autopilot/ws/restackcell/ws_moveit2/install/robo_planner_msgs/include/robo_planner_msgs/robo_planner_msgs/srv/detail/gripper_open__struct.h
[3.535s] -- Up-to-date: /home/autopilot/ws/restackcell/ws_moveit2/install/robo_planner_msgs/include/robo_planner_msgs/robo_planner_msgs/srv/detail/pick__functions.c
[3.535s] -- Up-to-date: /home/autopilot/ws/restackcell/ws_moveit2/install/robo_planner_msgs/include/robo_planner_msgs/robo_planner_msgs/srv/detail/place__functions.h
[3.535s] -- Up-to-date: /home/autopilot/ws/restackcell/ws_moveit2/install/robo_planner_msgs/include/robo_planner_msgs/robo_planner_msgs/srv/detail/move_to_pose__functions.h
[3.535s] -- Up-to-date: /home/autopilot/ws/restackcell/ws_moveit2/install/robo_planner_msgs/include/robo_planner_msgs/robo_planner_msgs/srv/detail/pick_and_place__struct.h
[3.535s] -- Up-to-date: /home/autopilot/ws/restackcell/ws_moveit2/install/robo_planner_msgs/include/robo_planner_msgs/robo_planner_msgs/srv/detail/gripper_change_pick__functions.h
[3.535s] -- Up-to-date: /home/autopilot/ws/restackcell/ws_moveit2/install/robo_planner_msgs/include/robo_planner_msgs/robo_planner_msgs/srv/detail/gripper_change__struct.h
[3.536s] -- Up-to-date: /home/autopilot/ws/restackcell/ws_moveit2/install/robo_planner_msgs/include/robo_planner_msgs/robo_planner_msgs/srv/detail/pick_and_place__type_support.h
[3.536s] -- Up-to-date: /home/autopilot/ws/restackcell/ws_moveit2/install/robo_planner_msgs/include/robo_planner_msgs/robo_planner_msgs/srv/detail/follow_trajectory__functions.h
[3.536s] -- Up-to-date: /home/autopilot/ws/restackcell/ws_moveit2/install/robo_planner_msgs/include/robo_planner_msgs/robo_planner_msgs/srv/detail/set_robot_value_velocity__type_support.h
[3.536s] -- Up-to-date: /home/autopilot/ws/restackcell/ws_moveit2/install/robo_planner_msgs/include/robo_planner_msgs/robo_planner_msgs/srv/pick_and_place.h
[3.536s] -- Up-to-date: /home/autopilot/ws/restackcell/ws_moveit2/install/robo_planner_msgs/include/robo_planner_msgs/robo_planner_msgs/srv/gripper_open.h
[3.536s] -- Up-to-date: /home/autopilot/ws/restackcell/ws_moveit2/install/robo_planner_msgs/include/robo_planner_msgs/robo_planner_msgs/srv/gripper_close.h
[3.536s] -- Up-to-date: /home/autopilot/ws/restackcell/ws_moveit2/install/robo_planner_msgs/include/robo_planner_msgs/robo_planner_msgs/srv/gripper_change.h
[3.536s] -- Up-to-date: /home/autopilot/ws/restackcell/ws_moveit2/install/robo_planner_msgs/include/robo_planner_msgs/robo_planner_msgs/srv/move_to_pose.h
[3.536s] -- Up-to-date: /home/autopilot/ws/restackcell/ws_moveit2/install/robo_planner_msgs/include/robo_planner_msgs/robo_planner_msgs/srv/gripper_change_place.h
[3.536s] -- Up-to-date: /home/autopilot/ws/restackcell/ws_moveit2/install/robo_planner_msgs/share/robo_planner_msgs/environment/library_path.sh
[3.537s] -- Up-to-date: /home/autopilot/ws/restackcell/ws_moveit2/install/robo_planner_msgs/share/robo_planner_msgs/environment/library_path.dsv
[3.537s] -- Up-to-date: /home/autopilot/ws/restackcell/ws_moveit2/install/robo_planner_msgs/lib/librobo_planner_msgs__rosidl_generator_c.so
[3.537s] -- Up-to-date: /home/autopilot/ws/restackcell/ws_moveit2/install/robo_planner_msgs/include/robo_planner_msgs/robo_planner_msgs
[3.537s] -- Up-to-date: /home/autopilot/ws/restackcell/ws_moveit2/install/robo_planner_msgs/include/robo_planner_msgs/robo_planner_msgs/msg
[3.537s] -- Up-to-date: /home/autopilot/ws/restackcell/ws_moveit2/install/robo_planner_msgs/include/robo_planner_msgs/robo_planner_msgs/msg/rosidl_typesupport_fastrtps_c__visibility_control.h
[3.537s] -- Up-to-date: /home/autopilot/ws/restackcell/ws_moveit2/install/robo_planner_msgs/include/robo_planner_msgs/robo_planner_msgs/msg/detail
[3.537s] -- Up-to-date: /home/autopilot/ws/restackcell/ws_moveit2/install/robo_planner_msgs/include/robo_planner_msgs/robo_planner_msgs/msg/detail/scene_object_remove__rosidl_typesupport_fastrtps_c.h
[3.537s] -- Up-to-date: /home/autopilot/ws/restackcell/ws_moveit2/install/robo_planner_msgs/include/robo_planner_msgs/robo_planner_msgs/msg/detail/scene_object_add__rosidl_typesupport_fastrtps_c.h
[3.537s] -- Up-to-date: /home/autopilot/ws/restackcell/ws_moveit2/install/robo_planner_msgs/include/robo_planner_msgs/robo_planner_msgs/msg/detail/labeled_point_clouds__rosidl_typesupport_fastrtps_c.h
[3.537s] -- Up-to-date: /home/autopilot/ws/restackcell/ws_moveit2/install/robo_planner_msgs/include/robo_planner_msgs/robo_planner_msgs/msg/detail/labeled_point_cloud__rosidl_typesupport_fastrtps_c.h
[3.537s] -- Up-to-date: /home/autopilot/ws/restackcell/ws_moveit2/install/robo_planner_msgs/include/robo_planner_msgs/robo_planner_msgs/msg/detail/scene_object_set_pose__rosidl_typesupport_fastrtps_c.h
[3.538s] -- Up-to-date: /home/autopilot/ws/restackcell/ws_moveit2/install/robo_planner_msgs/include/robo_planner_msgs/robo_planner_msgs/srv
[3.538s] -- Up-to-date: /home/autopilot/ws/restackcell/ws_moveit2/install/robo_planner_msgs/include/robo_planner_msgs/robo_planner_msgs/srv/detail
[3.538s] -- Up-to-date: /home/autopilot/ws/restackcell/ws_moveit2/install/robo_planner_msgs/include/robo_planner_msgs/robo_planner_msgs/srv/detail/gripper_change_place__rosidl_typesupport_fastrtps_c.h
[3.538s] -- Up-to-date: /home/autopilot/ws/restackcell/ws_moveit2/install/robo_planner_msgs/include/robo_planner_msgs/robo_planner_msgs/srv/detail/place__rosidl_typesupport_fastrtps_c.h
[3.538s] -- Up-to-date: /home/autopilot/ws/restackcell/ws_moveit2/install/robo_planner_msgs/include/robo_planner_msgs/robo_planner_msgs/srv/detail/set_robot_value_velocity__rosidl_typesupport_fastrtps_c.h
[3.538s] -- Up-to-date: /home/autopilot/ws/restackcell/ws_moveit2/install/robo_planner_msgs/include/robo_planner_msgs/robo_planner_msgs/srv/detail/move_to_pose__rosidl_typesupport_fastrtps_c.h
[3.538s] -- Up-to-date: /home/autopilot/ws/restackcell/ws_moveit2/install/robo_planner_msgs/include/robo_planner_msgs/robo_planner_msgs/srv/detail/pick_and_place__rosidl_typesupport_fastrtps_c.h
[3.538s] -- Up-to-date: /home/autopilot/ws/restackcell/ws_moveit2/install/robo_planner_msgs/include/robo_planner_msgs/robo_planner_msgs/srv/detail/follow_trajectory__rosidl_typesupport_fastrtps_c.h
[3.538s] -- Up-to-date: /home/autopilot/ws/restackcell/ws_moveit2/install/robo_planner_msgs/include/robo_planner_msgs/robo_planner_msgs/srv/detail/gripper_open__rosidl_typesupport_fastrtps_c.h
[3.539s] -- Up-to-date: /home/autopilot/ws/restackcell/ws_moveit2/install/robo_planner_msgs/include/robo_planner_msgs/robo_planner_msgs/srv/detail/gripper_change__rosidl_typesupport_fastrtps_c.h
[3.539s] -- Up-to-date: /home/autopilot/ws/restackcell/ws_moveit2/install/robo_planner_msgs/include/robo_planner_msgs/robo_planner_msgs/srv/detail/open_door__rosidl_typesupport_fastrtps_c.h
[3.539s] -- Up-to-date: /home/autopilot/ws/restackcell/ws_moveit2/install/robo_planner_msgs/include/robo_planner_msgs/robo_planner_msgs/srv/detail/gripper_change_pick__rosidl_typesupport_fastrtps_c.h
[3.539s] -- Up-to-date: /home/autopilot/ws/restackcell/ws_moveit2/install/robo_planner_msgs/include/robo_planner_msgs/robo_planner_msgs/srv/detail/gripper_close__rosidl_typesupport_fastrtps_c.h
[3.539s] -- Up-to-date: /home/autopilot/ws/restackcell/ws_moveit2/install/robo_planner_msgs/include/robo_planner_msgs/robo_planner_msgs/srv/detail/pick__rosidl_typesupport_fastrtps_c.h
[3.539s] -- Up-to-date: /home/autopilot/ws/restackcell/ws_moveit2/install/robo_planner_msgs/lib/librobo_planner_msgs__rosidl_typesupport_fastrtps_c.so
[3.539s] -- Up-to-date: /home/autopilot/ws/restackcell/ws_moveit2/install/robo_planner_msgs/include/robo_planner_msgs/robo_planner_msgs
[3.539s] -- Up-to-date: /home/autopilot/ws/restackcell/ws_moveit2/install/robo_planner_msgs/include/robo_planner_msgs/robo_planner_msgs/msg
[3.540s] -- Up-to-date: /home/autopilot/ws/restackcell/ws_moveit2/install/robo_planner_msgs/include/robo_planner_msgs/robo_planner_msgs/msg/rosidl_typesupport_introspection_c__visibility_control.h
[3.542s] -- Up-to-date: /home/autopilot/ws/restackcell/ws_moveit2/install/robo_planner_msgs/include/robo_planner_msgs/robo_planner_msgs/msg/detail
[3.542s] -- Up-to-date: /home/autopilot/ws/restackcell/ws_moveit2/install/robo_planner_msgs/include/robo_planner_msgs/robo_planner_msgs/msg/detail/labeled_point_clouds__type_support.c
[3.542s] -- Up-to-date: /home/autopilot/ws/restackcell/ws_moveit2/install/robo_planner_msgs/include/robo_planner_msgs/robo_planner_msgs/msg/detail/labeled_point_cloud__rosidl_typesupport_introspection_c.h
[3.542s] -- Up-to-date: /home/autopilot/ws/restackcell/ws_moveit2/install/robo_planner_msgs/include/robo_planner_msgs/robo_planner_msgs/msg/detail/labeled_point_clouds__rosidl_typesupport_introspection_c.h
[3.542s] -- Up-to-date: /home/autopilot/ws/restackcell/ws_moveit2/install/robo_planner_msgs/include/robo_planner_msgs/robo_planner_msgs/msg/detail/scene_object_add__rosidl_typesupport_introspection_c.h
[3.542s] -- Up-to-date: /home/autopilot/ws/restackcell/ws_moveit2/install/robo_planner_msgs/include/robo_planner_msgs/robo_planner_msgs/msg/detail/scene_object_set_pose__type_support.c
[3.542s] -- Up-to-date: /home/autopilot/ws/restackcell/ws_moveit2/install/robo_planner_msgs/include/robo_planner_msgs/robo_planner_msgs/msg/detail/scene_object_remove__rosidl_typesupport_introspection_c.h
[3.543s] -- Up-to-date: /home/autopilot/ws/restackcell/ws_moveit2/install/robo_planner_msgs/include/robo_planner_msgs/robo_planner_msgs/msg/detail/scene_object_remove__type_support.c
[3.543s] -- Up-to-date: /home/autopilot/ws/restackcell/ws_moveit2/install/robo_planner_msgs/include/robo_planner_msgs/robo_planner_msgs/msg/detail/labeled_point_cloud__type_support.c
[3.543s] -- Up-to-date: /home/autopilot/ws/restackcell/ws_moveit2/install/robo_planner_msgs/include/robo_planner_msgs/robo_planner_msgs/msg/detail/scene_object_add__type_support.c
[3.543s] -- Up-to-date: /home/autopilot/ws/restackcell/ws_moveit2/install/robo_planner_msgs/include/robo_planner_msgs/robo_planner_msgs/msg/detail/scene_object_set_pose__rosidl_typesupport_introspection_c.h
[3.543s] -- Up-to-date: /home/autopilot/ws/restackcell/ws_moveit2/install/robo_planner_msgs/include/robo_planner_msgs/robo_planner_msgs/srv
[3.543s] -- Up-to-date: /home/autopilot/ws/restackcell/ws_moveit2/install/robo_planner_msgs/include/robo_planner_msgs/robo_planner_msgs/srv/detail
[3.544s] -- Up-to-date: /home/autopilot/ws/restackcell/ws_moveit2/install/robo_planner_msgs/include/robo_planner_msgs/robo_planner_msgs/srv/detail/follow_trajectory__rosidl_typesupport_introspection_c.h
[3.544s] -- Up-to-date: /home/autopilot/ws/restackcell/ws_moveit2/install/robo_planner_msgs/include/robo_planner_msgs/robo_planner_msgs/srv/detail/gripper_close__type_support.c
[3.544s] -- Up-to-date: /home/autopilot/ws/restackcell/ws_moveit2/install/robo_planner_msgs/include/robo_planner_msgs/robo_planner_msgs/srv/detail/gripper_change__type_support.c
[3.544s] -- Up-to-date: /home/autopilot/ws/restackcell/ws_moveit2/install/robo_planner_msgs/include/robo_planner_msgs/robo_planner_msgs/srv/detail/pick_and_place__rosidl_typesupport_introspection_c.h
[3.544s] -- Up-to-date: /home/autopilot/ws/restackcell/ws_moveit2/install/robo_planner_msgs/include/robo_planner_msgs/robo_planner_msgs/srv/detail/pick_and_place__type_support.c
[3.544s] -- Up-to-date: /home/autopilot/ws/restackcell/ws_moveit2/install/robo_planner_msgs/include/robo_planner_msgs/robo_planner_msgs/srv/detail/set_robot_value_velocity__rosidl_typesupport_introspection_c.h
[3.544s] -- Up-to-date: /home/autopilot/ws/restackcell/ws_moveit2/install/robo_planner_msgs/include/robo_planner_msgs/robo_planner_msgs/srv/detail/set_robot_value_velocity__type_support.c
[3.545s] -- Up-to-date: /home/autopilot/ws/restackcell/ws_moveit2/install/robo_planner_msgs/include/robo_planner_msgs/robo_planner_msgs/srv/detail/move_to_pose__rosidl_typesupport_introspection_c.h
[3.545s] -- Up-to-date: /home/autopilot/ws/restackcell/ws_moveit2/install/robo_planner_msgs/include/robo_planner_msgs/robo_planner_msgs/srv/detail/open_door__type_support.c
[3.545s] -- Up-to-date: /home/autopilot/ws/restackcell/ws_moveit2/install/robo_planner_msgs/include/robo_planner_msgs/robo_planner_msgs/srv/detail/gripper_open__rosidl_typesupport_introspection_c.h
[3.545s] -- Up-to-date: /home/autopilot/ws/restackcell/ws_moveit2/install/robo_planner_msgs/include/robo_planner_msgs/robo_planner_msgs/srv/detail/gripper_change_pick__rosidl_typesupport_introspection_c.h
[3.545s] -- Up-to-date: /home/autopilot/ws/restackcell/ws_moveit2/install/robo_planner_msgs/include/robo_planner_msgs/robo_planner_msgs/srv/detail/place__type_support.c
[3.545s] -- Up-to-date: /home/autopilot/ws/restackcell/ws_moveit2/install/robo_planner_msgs/include/robo_planner_msgs/robo_planner_msgs/srv/detail/gripper_change_pick__type_support.c
[3.545s] -- Up-to-date: /home/autopilot/ws/restackcell/ws_moveit2/install/robo_planner_msgs/include/robo_planner_msgs/robo_planner_msgs/srv/detail/pick__type_support.c
[3.545s] -- Up-to-date: /home/autopilot/ws/restackcell/ws_moveit2/install/robo_planner_msgs/include/robo_planner_msgs/robo_planner_msgs/srv/detail/gripper_open__type_support.c
[3.545s] -- Up-to-date: /home/autopilot/ws/restackcell/ws_moveit2/install/robo_planner_msgs/include/robo_planner_msgs/robo_planner_msgs/srv/detail/gripper_close__rosidl_typesupport_introspection_c.h
[3.546s] -- Up-to-date: /home/autopilot/ws/restackcell/ws_moveit2/install/robo_planner_msgs/include/robo_planner_msgs/robo_planner_msgs/srv/detail/open_door__rosidl_typesupport_introspection_c.h
[3.546s] -- Up-to-date: /home/autopilot/ws/restackcell/ws_moveit2/install/robo_planner_msgs/include/robo_planner_msgs/robo_planner_msgs/srv/detail/gripper_change_place__type_support.c
[3.546s] -- Up-to-date: /home/autopilot/ws/restackcell/ws_moveit2/install/robo_planner_msgs/include/robo_planner_msgs/robo_planner_msgs/srv/detail/gripper_change__rosidl_typesupport_introspection_c.h
[3.546s] -- Up-to-date: /home/autopilot/ws/restackcell/ws_moveit2/install/robo_planner_msgs/include/robo_planner_msgs/robo_planner_msgs/srv/detail/place__rosidl_typesupport_introspection_c.h
[3.546s] -- Up-to-date: /home/autopilot/ws/restackcell/ws_moveit2/install/robo_planner_msgs/include/robo_planner_msgs/robo_planner_msgs/srv/detail/gripper_change_place__rosidl_typesupport_introspection_c.h
[3.546s] -- Up-to-date: /home/autopilot/ws/restackcell/ws_moveit2/install/robo_planner_msgs/include/robo_planner_msgs/robo_planner_msgs/srv/detail/pick__rosidl_typesupport_introspection_c.h
[3.546s] -- Up-to-date: /home/autopilot/ws/restackcell/ws_moveit2/install/robo_planner_msgs/include/robo_planner_msgs/robo_planner_msgs/srv/detail/follow_trajectory__type_support.c
[3.546s] -- Up-to-date: /home/autopilot/ws/restackcell/ws_moveit2/install/robo_planner_msgs/include/robo_planner_msgs/robo_planner_msgs/srv/detail/move_to_pose__type_support.c
[3.546s] -- Up-to-date: /home/autopilot/ws/restackcell/ws_moveit2/install/robo_planner_msgs/lib/librobo_planner_msgs__rosidl_typesupport_introspection_c.so
[3.546s] -- Up-to-date: /home/autopilot/ws/restackcell/ws_moveit2/install/robo_planner_msgs/lib/librobo_planner_msgs__rosidl_typesupport_c.so
[3.547s] -- Up-to-date: /home/autopilot/ws/restackcell/ws_moveit2/install/robo_planner_msgs/include/robo_planner_msgs/robo_planner_msgs
[3.547s] -- Up-to-date: /home/autopilot/ws/restackcell/ws_moveit2/install/robo_planner_msgs/include/robo_planner_msgs/robo_planner_msgs/msg
[3.547s] -- Up-to-date: /home/autopilot/ws/restackcell/ws_moveit2/install/robo_planner_msgs/include/robo_planner_msgs/robo_planner_msgs/msg/labeled_point_cloud.hpp
[3.547s] -- Up-to-date: /home/autopilot/ws/restackcell/ws_moveit2/install/robo_planner_msgs/include/robo_planner_msgs/robo_planner_msgs/msg/scene_object_set_pose.hpp
[3.547s] -- Up-to-date: /home/autopilot/ws/restackcell/ws_moveit2/install/robo_planner_msgs/include/robo_planner_msgs/robo_planner_msgs/msg/detail
[3.547s] -- Up-to-date: /home/autopilot/ws/restackcell/ws_moveit2/install/robo_planner_msgs/include/robo_planner_msgs/robo_planner_msgs/msg/detail/scene_object_set_pose__builder.hpp
[3.547s] -- Up-to-date: /home/autopilot/ws/restackcell/ws_moveit2/install/robo_planner_msgs/include/robo_planner_msgs/robo_planner_msgs/msg/detail/labeled_point_cloud__struct.hpp
[3.547s] -- Up-to-date: /home/autopilot/ws/restackcell/ws_moveit2/install/robo_planner_msgs/include/robo_planner_msgs/robo_planner_msgs/msg/detail/scene_object_remove__builder.hpp
[3.547s] -- Up-to-date: /home/autopilot/ws/restackcell/ws_moveit2/install/robo_planner_msgs/include/robo_planner_msgs/robo_planner_msgs/msg/detail/scene_object_remove__struct.hpp
[3.547s] -- Up-to-date: /home/autopilot/ws/restackcell/ws_moveit2/install/robo_planner_msgs/include/robo_planner_msgs/robo_planner_msgs/msg/detail/labeled_point_clouds__builder.hpp
[3.548s] -- Up-to-date: /home/autopilot/ws/restackcell/ws_moveit2/install/robo_planner_msgs/include/robo_planner_msgs/robo_planner_msgs/msg/detail/labeled_point_clouds__struct.hpp
[3.548s] -- Up-to-date: /home/autopilot/ws/restackcell/ws_moveit2/install/robo_planner_msgs/include/robo_planner_msgs/robo_planner_msgs/msg/detail/scene_object_set_pose__struct.hpp
[3.548s] -- Up-to-date: /home/autopilot/ws/restackcell/ws_moveit2/install/robo_planner_msgs/include/robo_planner_msgs/robo_planner_msgs/msg/detail/labeled_point_cloud__traits.hpp
[3.548s] -- Up-to-date: /home/autopilot/ws/restackcell/ws_moveit2/install/robo_planner_msgs/include/robo_planner_msgs/robo_planner_msgs/msg/detail/labeled_point_cloud__builder.hpp
[3.548s] -- Up-to-date: /home/autopilot/ws/restackcell/ws_moveit2/install/robo_planner_msgs/include/robo_planner_msgs/robo_planner_msgs/msg/detail/scene_object_add__builder.hpp
[3.548s] -- Up-to-date: /home/autopilot/ws/restackcell/ws_moveit2/install/robo_planner_msgs/include/robo_planner_msgs/robo_planner_msgs/msg/detail/labeled_point_clouds__traits.hpp
[3.548s] -- Up-to-date: /home/autopilot/ws/restackcell/ws_moveit2/install/robo_planner_msgs/include/robo_planner_msgs/robo_planner_msgs/msg/detail/scene_object_add__struct.hpp
[3.548s] -- Up-to-date: /home/autopilot/ws/restackcell/ws_moveit2/install/robo_planner_msgs/include/robo_planner_msgs/robo_planner_msgs/msg/detail/scene_object_set_pose__traits.hpp
[3.548s] -- Up-to-date: /home/autopilot/ws/restackcell/ws_moveit2/install/robo_planner_msgs/include/robo_planner_msgs/robo_planner_msgs/msg/detail/scene_object_remove__traits.hpp
[3.548s] -- Up-to-date: /home/autopilot/ws/restackcell/ws_moveit2/install/robo_planner_msgs/include/robo_planner_msgs/robo_planner_msgs/msg/detail/scene_object_add__traits.hpp
[3.549s] -- Up-to-date: /home/autopilot/ws/restackcell/ws_moveit2/install/robo_planner_msgs/include/robo_planner_msgs/robo_planner_msgs/msg/scene_object_remove.hpp
[3.549s] -- Up-to-date: /home/autopilot/ws/restackcell/ws_moveit2/install/robo_planner_msgs/include/robo_planner_msgs/robo_planner_msgs/msg/scene_object_add.hpp
[3.549s] -- Up-to-date: /home/autopilot/ws/restackcell/ws_moveit2/install/robo_planner_msgs/include/robo_planner_msgs/robo_planner_msgs/msg/labeled_point_clouds.hpp
[3.549s] -- Up-to-date: /home/autopilot/ws/restackcell/ws_moveit2/install/robo_planner_msgs/include/robo_planner_msgs/robo_planner_msgs/srv
[3.549s] -- Up-to-date: /home/autopilot/ws/restackcell/ws_moveit2/install/robo_planner_msgs/include/robo_planner_msgs/robo_planner_msgs/srv/gripper_change_pick.hpp
[3.549s] -- Up-to-date: /home/autopilot/ws/restackcell/ws_moveit2/install/robo_planner_msgs/include/robo_planner_msgs/robo_planner_msgs/srv/follow_trajectory.hpp
[3.549s] -- Up-to-date: /home/autopilot/ws/restackcell/ws_moveit2/install/robo_planner_msgs/include/robo_planner_msgs/robo_planner_msgs/srv/set_robot_value_velocity.hpp
[3.549s] -- Up-to-date: /home/autopilot/ws/restackcell/ws_moveit2/install/robo_planner_msgs/include/robo_planner_msgs/robo_planner_msgs/srv/gripper_open.hpp
[3.549s] -- Up-to-date: /home/autopilot/ws/restackcell/ws_moveit2/install/robo_planner_msgs/include/robo_planner_msgs/robo_planner_msgs/srv/pick.hpp
[3.549s] -- Up-to-date: /home/autopilot/ws/restackcell/ws_moveit2/install/robo_planner_msgs/include/robo_planner_msgs/robo_planner_msgs/srv/gripper_change_place.hpp
[3.549s] -- Up-to-date: /home/autopilot/ws/restackcell/ws_moveit2/install/robo_planner_msgs/include/robo_planner_msgs/robo_planner_msgs/srv/open_door.hpp
[3.550s] -- Up-to-date: /home/autopilot/ws/restackcell/ws_moveit2/install/robo_planner_msgs/include/robo_planner_msgs/robo_planner_msgs/srv/detail
[3.550s] -- Up-to-date: /home/autopilot/ws/restackcell/ws_moveit2/install/robo_planner_msgs/include/robo_planner_msgs/robo_planner_msgs/srv/detail/gripper_change_pick__traits.hpp
[3.550s] -- Up-to-date: /home/autopilot/ws/restackcell/ws_moveit2/install/robo_planner_msgs/include/robo_planner_msgs/robo_planner_msgs/srv/detail/gripper_close__builder.hpp
[3.550s] -- Up-to-date: /home/autopilot/ws/restackcell/ws_moveit2/install/robo_planner_msgs/include/robo_planner_msgs/robo_planner_msgs/srv/detail/pick__traits.hpp
[3.550s] -- Up-to-date: /home/autopilot/ws/restackcell/ws_moveit2/install/robo_planner_msgs/include/robo_planner_msgs/robo_planner_msgs/srv/detail/gripper_open__struct.hpp
[3.550s] -- Up-to-date: /home/autopilot/ws/restackcell/ws_moveit2/install/robo_planner_msgs/include/robo_planner_msgs/robo_planner_msgs/srv/detail/gripper_open__traits.hpp
[3.550s] -- Up-to-date: /home/autopilot/ws/restackcell/ws_moveit2/install/robo_planner_msgs/include/robo_planner_msgs/robo_planner_msgs/srv/detail/move_to_pose__struct.hpp
[3.550s] -- Up-to-date: /home/autopilot/ws/restackcell/ws_moveit2/install/robo_planner_msgs/include/robo_planner_msgs/robo_planner_msgs/srv/detail/gripper_change_pick__struct.hpp
[3.550s] -- Up-to-date: /home/autopilot/ws/restackcell/ws_moveit2/install/robo_planner_msgs/include/robo_planner_msgs/robo_planner_msgs/srv/detail/follow_trajectory__traits.hpp
[3.550s] -- Up-to-date: /home/autopilot/ws/restackcell/ws_moveit2/install/robo_planner_msgs/include/robo_planner_msgs/robo_planner_msgs/srv/detail/pick_and_place__builder.hpp
[3.551s] -- Up-to-date: /home/autopilot/ws/restackcell/ws_moveit2/install/robo_planner_msgs/include/robo_planner_msgs/robo_planner_msgs/srv/detail/gripper_change__struct.hpp
[3.551s] -- Up-to-date: /home/autopilot/ws/restackcell/ws_moveit2/install/robo_planner_msgs/include/robo_planner_msgs/robo_planner_msgs/srv/detail/set_robot_value_velocity__traits.hpp
[3.551s] -- Up-to-date: /home/autopilot/ws/restackcell/ws_moveit2/install/robo_planner_msgs/include/robo_planner_msgs/robo_planner_msgs/srv/detail/open_door__builder.hpp
[3.551s] -- Up-to-date: /home/autopilot/ws/restackcell/ws_moveit2/install/robo_planner_msgs/include/robo_planner_msgs/robo_planner_msgs/srv/detail/gripper_change__builder.hpp
[3.551s] -- Up-to-date: /home/autopilot/ws/restackcell/ws_moveit2/install/robo_planner_msgs/include/robo_planner_msgs/robo_planner_msgs/srv/detail/open_door__struct.hpp
[3.551s] -- Up-to-date: /home/autopilot/ws/restackcell/ws_moveit2/install/robo_planner_msgs/include/robo_planner_msgs/robo_planner_msgs/srv/detail/follow_trajectory__struct.hpp
[3.551s] -- Up-to-date: /home/autopilot/ws/restackcell/ws_moveit2/install/robo_planner_msgs/include/robo_planner_msgs/robo_planner_msgs/srv/detail/place__struct.hpp
[3.551s] -- Up-to-date: /home/autopilot/ws/restackcell/ws_moveit2/install/robo_planner_msgs/include/robo_planner_msgs/robo_planner_msgs/srv/detail/pick_and_place__struct.hpp
[3.551s] -- Up-to-date: /home/autopilot/ws/restackcell/ws_moveit2/install/robo_planner_msgs/include/robo_planner_msgs/robo_planner_msgs/srv/detail/gripper_change_pick__builder.hpp
[3.551s] -- Up-to-date: /home/autopilot/ws/restackcell/ws_moveit2/install/robo_planner_msgs/include/robo_planner_msgs/robo_planner_msgs/srv/detail/gripper_change_place__traits.hpp
[3.551s] -- Up-to-date: /home/autopilot/ws/restackcell/ws_moveit2/install/robo_planner_msgs/include/robo_planner_msgs/robo_planner_msgs/srv/detail/place__builder.hpp
[3.552s] -- Up-to-date: /home/autopilot/ws/restackcell/ws_moveit2/install/robo_planner_msgs/include/robo_planner_msgs/robo_planner_msgs/srv/detail/gripper_change__traits.hpp
[3.552s] -- Up-to-date: /home/autopilot/ws/restackcell/ws_moveit2/install/robo_planner_msgs/include/robo_planner_msgs/robo_planner_msgs/srv/detail/set_robot_value_velocity__builder.hpp
[3.552s] -- Up-to-date: /home/autopilot/ws/restackcell/ws_moveit2/install/robo_planner_msgs/include/robo_planner_msgs/robo_planner_msgs/srv/detail/move_to_pose__traits.hpp
[3.552s] -- Up-to-date: /home/autopilot/ws/restackcell/ws_moveit2/install/robo_planner_msgs/include/robo_planner_msgs/robo_planner_msgs/srv/detail/gripper_change_place__struct.hpp
[3.552s] -- Up-to-date: /home/autopilot/ws/restackcell/ws_moveit2/install/robo_planner_msgs/include/robo_planner_msgs/robo_planner_msgs/srv/detail/pick_and_place__traits.hpp
[3.552s] -- Up-to-date: /home/autopilot/ws/restackcell/ws_moveit2/install/robo_planner_msgs/include/robo_planner_msgs/robo_planner_msgs/srv/detail/set_robot_value_velocity__struct.hpp
[3.552s] -- Up-to-date: /home/autopilot/ws/restackcell/ws_moveit2/install/robo_planner_msgs/include/robo_planner_msgs/robo_planner_msgs/srv/detail/pick__builder.hpp
[3.552s] -- Up-to-date: /home/autopilot/ws/restackcell/ws_moveit2/install/robo_planner_msgs/include/robo_planner_msgs/robo_planner_msgs/srv/detail/place__traits.hpp
[3.552s] -- Up-to-date: /home/autopilot/ws/restackcell/ws_moveit2/install/robo_planner_msgs/include/robo_planner_msgs/robo_planner_msgs/srv/detail/gripper_close__struct.hpp
[3.552s] -- Up-to-date: /home/autopilot/ws/restackcell/ws_moveit2/install/robo_planner_msgs/include/robo_planner_msgs/robo_planner_msgs/srv/detail/gripper_open__builder.hpp
[3.553s] -- Up-to-date: /home/autopilot/ws/restackcell/ws_moveit2/install/robo_planner_msgs/include/robo_planner_msgs/robo_planner_msgs/srv/detail/open_door__traits.hpp
[3.553s] -- Up-to-date: /home/autopilot/ws/restackcell/ws_moveit2/install/robo_planner_msgs/include/robo_planner_msgs/robo_planner_msgs/srv/detail/move_to_pose__builder.hpp
[3.553s] -- Up-to-date: /home/autopilot/ws/restackcell/ws_moveit2/install/robo_planner_msgs/include/robo_planner_msgs/robo_planner_msgs/srv/detail/gripper_change_place__builder.hpp
[3.553s] -- Up-to-date: /home/autopilot/ws/restackcell/ws_moveit2/install/robo_planner_msgs/include/robo_planner_msgs/robo_planner_msgs/srv/detail/pick__struct.hpp
[3.553s] -- Up-to-date: /home/autopilot/ws/restackcell/ws_moveit2/install/robo_planner_msgs/include/robo_planner_msgs/robo_planner_msgs/srv/detail/gripper_close__traits.hpp
[3.553s] -- Up-to-date: /home/autopilot/ws/restackcell/ws_moveit2/install/robo_planner_msgs/include/robo_planner_msgs/robo_planner_msgs/srv/detail/follow_trajectory__builder.hpp
[3.553s] -- Up-to-date: /home/autopilot/ws/restackcell/ws_moveit2/install/robo_planner_msgs/include/robo_planner_msgs/robo_planner_msgs/srv/gripper_change.hpp
[3.553s] -- Up-to-date: /home/autopilot/ws/restackcell/ws_moveit2/install/robo_planner_msgs/include/robo_planner_msgs/robo_planner_msgs/srv/pick_and_place.hpp
[3.553s] -- Up-to-date: /home/autopilot/ws/restackcell/ws_moveit2/install/robo_planner_msgs/include/robo_planner_msgs/robo_planner_msgs/srv/place.hpp
[3.553s] -- Up-to-date: /home/autopilot/ws/restackcell/ws_moveit2/install/robo_planner_msgs/include/robo_planner_msgs/robo_planner_msgs/srv/move_to_pose.hpp
[3.554s] -- Up-to-date: /home/autopilot/ws/restackcell/ws_moveit2/install/robo_planner_msgs/include/robo_planner_msgs/robo_planner_msgs/srv/gripper_close.hpp
[3.554s] -- Up-to-date: /home/autopilot/ws/restackcell/ws_moveit2/install/robo_planner_msgs/include/robo_planner_msgs/robo_planner_msgs
[3.554s] -- Up-to-date: /home/autopilot/ws/restackcell/ws_moveit2/install/robo_planner_msgs/include/robo_planner_msgs/robo_planner_msgs/msg
[3.554s] -- Up-to-date: /home/autopilot/ws/restackcell/ws_moveit2/install/robo_planner_msgs/include/robo_planner_msgs/robo_planner_msgs/msg/rosidl_typesupport_fastrtps_cpp__visibility_control.h
[3.554s] -- Up-to-date: /home/autopilot/ws/restackcell/ws_moveit2/install/robo_planner_msgs/include/robo_planner_msgs/robo_planner_msgs/msg/detail
[3.554s] -- Up-to-date: /home/autopilot/ws/restackcell/ws_moveit2/install/robo_planner_msgs/include/robo_planner_msgs/robo_planner_msgs/msg/detail/labeled_point_clouds__rosidl_typesupport_fastrtps_cpp.hpp
[3.554s] -- Up-to-date: /home/autopilot/ws/restackcell/ws_moveit2/install/robo_planner_msgs/include/robo_planner_msgs/robo_planner_msgs/msg/detail/scene_object_remove__rosidl_typesupport_fastrtps_cpp.hpp
[3.554s] -- Up-to-date: /home/autopilot/ws/restackcell/ws_moveit2/install/robo_planner_msgs/include/robo_planner_msgs/robo_planner_msgs/msg/detail/labeled_point_cloud__rosidl_typesupport_fastrtps_cpp.hpp
[3.554s] -- Up-to-date: /home/autopilot/ws/restackcell/ws_moveit2/install/robo_planner_msgs/include/robo_planner_msgs/robo_planner_msgs/msg/detail/scene_object_set_pose__rosidl_typesupport_fastrtps_cpp.hpp
[3.554s] -- Up-to-date: /home/autopilot/ws/restackcell/ws_moveit2/install/robo_planner_msgs/include/robo_planner_msgs/robo_planner_msgs/msg/detail/dds_fastrtps
[3.555s] -- Up-to-date: /home/autopilot/ws/restackcell/ws_moveit2/install/robo_planner_msgs/include/robo_planner_msgs/robo_planner_msgs/msg/detail/scene_object_add__rosidl_typesupport_fastrtps_cpp.hpp
[3.555s] -- Up-to-date: /home/autopilot/ws/restackcell/ws_moveit2/install/robo_planner_msgs/include/robo_planner_msgs/robo_planner_msgs/srv
[3.555s] -- Up-to-date: /home/autopilot/ws/restackcell/ws_moveit2/install/robo_planner_msgs/include/robo_planner_msgs/robo_planner_msgs/srv/detail
[3.555s] -- Up-to-date: /home/autopilot/ws/restackcell/ws_moveit2/install/robo_planner_msgs/include/robo_planner_msgs/robo_planner_msgs/srv/detail/gripper_change__rosidl_typesupport_fastrtps_cpp.hpp
[3.555s] -- Up-to-date: /home/autopilot/ws/restackcell/ws_moveit2/install/robo_planner_msgs/include/robo_planner_msgs/robo_planner_msgs/srv/detail/pick_and_place__rosidl_typesupport_fastrtps_cpp.hpp
[3.555s] -- Up-to-date: /home/autopilot/ws/restackcell/ws_moveit2/install/robo_planner_msgs/include/robo_planner_msgs/robo_planner_msgs/srv/detail/place__rosidl_typesupport_fastrtps_cpp.hpp
[3.555s] -- Up-to-date: /home/autopilot/ws/restackcell/ws_moveit2/install/robo_planner_msgs/include/robo_planner_msgs/robo_planner_msgs/srv/detail/move_to_pose__rosidl_typesupport_fastrtps_cpp.hpp
[3.555s] -- Up-to-date: /home/autopilot/ws/restackcell/ws_moveit2/install/robo_planner_msgs/include/robo_planner_msgs/robo_planner_msgs/srv/detail/set_robot_value_velocity__rosidl_typesupport_fastrtps_cpp.hpp
[3.555s] -- Up-to-date: /home/autopilot/ws/restackcell/ws_moveit2/install/robo_planner_msgs/include/robo_planner_msgs/robo_planner_msgs/srv/detail/follow_trajectory__rosidl_typesupport_fastrtps_cpp.hpp
[3.555s] -- Up-to-date: /home/autopilot/ws/restackcell/ws_moveit2/install/robo_planner_msgs/include/robo_planner_msgs/robo_planner_msgs/srv/detail/gripper_close__rosidl_typesupport_fastrtps_cpp.hpp
[3.555s] -- Up-to-date: /home/autopilot/ws/restackcell/ws_moveit2/install/robo_planner_msgs/include/robo_planner_msgs/robo_planner_msgs/srv/detail/gripper_change_pick__rosidl_typesupport_fastrtps_cpp.hpp
[3.556s] -- Up-to-date: /home/autopilot/ws/restackcell/ws_moveit2/install/robo_planner_msgs/include/robo_planner_msgs/robo_planner_msgs/srv/detail/dds_fastrtps
[3.556s] -- Up-to-date: /home/autopilot/ws/restackcell/ws_moveit2/install/robo_planner_msgs/include/robo_planner_msgs/robo_planner_msgs/srv/detail/open_door__rosidl_typesupport_fastrtps_cpp.hpp
[3.556s] -- Up-to-date: /home/autopilot/ws/restackcell/ws_moveit2/install/robo_planner_msgs/include/robo_planner_msgs/robo_planner_msgs/srv/detail/pick__rosidl_typesupport_fastrtps_cpp.hpp
[3.556s] -- Up-to-date: /home/autopilot/ws/restackcell/ws_moveit2/install/robo_planner_msgs/include/robo_planner_msgs/robo_planner_msgs/srv/detail/gripper_change_place__rosidl_typesupport_fastrtps_cpp.hpp
[3.556s] -- Up-to-date: /home/autopilot/ws/restackcell/ws_moveit2/install/robo_planner_msgs/include/robo_planner_msgs/robo_planner_msgs/srv/detail/gripper_open__rosidl_typesupport_fastrtps_cpp.hpp
[3.556s] -- Up-to-date: /home/autopilot/ws/restackcell/ws_moveit2/install/robo_planner_msgs/lib/librobo_planner_msgs__rosidl_typesupport_fastrtps_cpp.so
[3.556s] -- Up-to-date: /home/autopilot/ws/restackcell/ws_moveit2/install/robo_planner_msgs/include/robo_planner_msgs/robo_planner_msgs
[3.556s] -- Up-to-date: /home/autopilot/ws/restackcell/ws_moveit2/install/robo_planner_msgs/include/robo_planner_msgs/robo_planner_msgs/msg
[3.556s] -- Up-to-date: /home/autopilot/ws/restackcell/ws_moveit2/install/robo_planner_msgs/include/robo_planner_msgs/robo_planner_msgs/msg/detail
[3.556s] -- Up-to-date: /home/autopilot/ws/restackcell/ws_moveit2/install/robo_planner_msgs/include/robo_planner_msgs/robo_planner_msgs/msg/detail/labeled_point_cloud__type_support.cpp
[3.557s] -- Up-to-date: /home/autopilot/ws/restackcell/ws_moveit2/install/robo_planner_msgs/include/robo_planner_msgs/robo_planner_msgs/msg/detail/labeled_point_clouds__rosidl_typesupport_introspection_cpp.hpp
[3.557s] -- Up-to-date: /home/autopilot/ws/restackcell/ws_moveit2/install/robo_planner_msgs/include/robo_planner_msgs/robo_planner_msgs/msg/detail/scene_object_add__type_support.cpp
[3.557s] -- Up-to-date: /home/autopilot/ws/restackcell/ws_moveit2/install/robo_planner_msgs/include/robo_planner_msgs/robo_planner_msgs/msg/detail/labeled_point_cloud__rosidl_typesupport_introspection_cpp.hpp
[3.557s] -- Up-to-date: /home/autopilot/ws/restackcell/ws_moveit2/install/robo_planner_msgs/include/robo_planner_msgs/robo_planner_msgs/msg/detail/scene_object_add__rosidl_typesupport_introspection_cpp.hpp
[3.557s] -- Up-to-date: /home/autopilot/ws/restackcell/ws_moveit2/install/robo_planner_msgs/include/robo_planner_msgs/robo_planner_msgs/msg/detail/scene_object_set_pose__rosidl_typesupport_introspection_cpp.hpp
[3.557s] -- Up-to-date: /home/autopilot/ws/restackcell/ws_moveit2/install/robo_planner_msgs/include/robo_planner_msgs/robo_planner_msgs/msg/detail/scene_object_remove__type_support.cpp
[3.557s] -- Up-to-date: /home/autopilot/ws/restackcell/ws_moveit2/install/robo_planner_msgs/include/robo_planner_msgs/robo_planner_msgs/msg/detail/scene_object_remove__rosidl_typesupport_introspection_cpp.hpp
[3.557s] -- Up-to-date: /home/autopilot/ws/restackcell/ws_moveit2/install/robo_planner_msgs/include/robo_planner_msgs/robo_planner_msgs/msg/detail/scene_object_set_pose__type_support.cpp
[3.557s] -- Up-to-date: /home/autopilot/ws/restackcell/ws_moveit2/install/robo_planner_msgs/include/robo_planner_msgs/robo_planner_msgs/msg/detail/labeled_point_clouds__type_support.cpp
[3.557s] -- Up-to-date: /home/autopilot/ws/restackcell/ws_moveit2/install/robo_planner_msgs/include/robo_planner_msgs/robo_planner_msgs/srv
[3.558s] -- Up-to-date: /home/autopilot/ws/restackcell/ws_moveit2/install/robo_planner_msgs/include/robo_planner_msgs/robo_planner_msgs/srv/detail
[3.558s] -- Up-to-date: /home/autopilot/ws/restackcell/ws_moveit2/install/robo_planner_msgs/include/robo_planner_msgs/robo_planner_msgs/srv/detail/open_door__rosidl_typesupport_introspection_cpp.hpp
[3.558s] -- Up-to-date: /home/autopilot/ws/restackcell/ws_moveit2/install/robo_planner_msgs/include/robo_planner_msgs/robo_planner_msgs/srv/detail/gripper_change_place__type_support.cpp
[3.558s] -- Up-to-date: /home/autopilot/ws/restackcell/ws_moveit2/install/robo_planner_msgs/include/robo_planner_msgs/robo_planner_msgs/srv/detail/move_to_pose__type_support.cpp
[3.558s] -- Up-to-date: /home/autopilot/ws/restackcell/ws_moveit2/install/robo_planner_msgs/include/robo_planner_msgs/robo_planner_msgs/srv/detail/gripper_change__type_support.cpp
[3.558s] -- Up-to-date: /home/autopilot/ws/restackcell/ws_moveit2/install/robo_planner_msgs/include/robo_planner_msgs/robo_planner_msgs/srv/detail/pick_and_place__rosidl_typesupport_introspection_cpp.hpp
[3.558s] -- Up-to-date: /home/autopilot/ws/restackcell/ws_moveit2/install/robo_planner_msgs/include/robo_planner_msgs/robo_planner_msgs/srv/detail/gripper_open__type_support.cpp
[3.558s] -- Up-to-date: /home/autopilot/ws/restackcell/ws_moveit2/install/robo_planner_msgs/include/robo_planner_msgs/robo_planner_msgs/srv/detail/place__type_support.cpp
[3.558s] -- Up-to-date: /home/autopilot/ws/restackcell/ws_moveit2/install/robo_planner_msgs/include/robo_planner_msgs/robo_planner_msgs/srv/detail/pick_and_place__type_support.cpp
[3.558s] -- Up-to-date: /home/autopilot/ws/restackcell/ws_moveit2/install/robo_planner_msgs/include/robo_planner_msgs/robo_planner_msgs/srv/detail/gripper_close__rosidl_typesupport_introspection_cpp.hpp
[3.558s] -- Up-to-date: /home/autopilot/ws/restackcell/ws_moveit2/install/robo_planner_msgs/include/robo_planner_msgs/robo_planner_msgs/srv/detail/open_door__type_support.cpp
[3.560s] -- Up-to-date: /home/autopilot/ws/restackcell/ws_moveit2/install/robo_planner_msgs/include/robo_planner_msgs/robo_planner_msgs/srv/detail/move_to_pose__rosidl_typesupport_introspection_cpp.hpp
[3.560s] -- Up-to-date: /home/autopilot/ws/restackcell/ws_moveit2/install/robo_planner_msgs/include/robo_planner_msgs/robo_planner_msgs/srv/detail/pick__type_support.cpp
[3.561s] -- Up-to-date: /home/autopilot/ws/restackcell/ws_moveit2/install/robo_planner_msgs/include/robo_planner_msgs/robo_planner_msgs/srv/detail/follow_trajectory__type_support.cpp
[3.561s] -- Up-to-date: /home/autopilot/ws/restackcell/ws_moveit2/install/robo_planner_msgs/include/robo_planner_msgs/robo_planner_msgs/srv/detail/set_robot_value_velocity__rosidl_typesupport_introspection_cpp.hpp
[3.561s] -- Up-to-date: /home/autopilot/ws/restackcell/ws_moveit2/install/robo_planner_msgs/include/robo_planner_msgs/robo_planner_msgs/srv/detail/gripper_close__type_support.cpp
[3.561s] -- Up-to-date: /home/autopilot/ws/restackcell/ws_moveit2/install/robo_planner_msgs/include/robo_planner_msgs/robo_planner_msgs/srv/detail/gripper_open__rosidl_typesupport_introspection_cpp.hpp
[3.561s] -- Up-to-date: /home/autopilot/ws/restackcell/ws_moveit2/install/robo_planner_msgs/include/robo_planner_msgs/robo_planner_msgs/srv/detail/pick__rosidl_typesupport_introspection_cpp.hpp
[3.561s] -- Up-to-date: /home/autopilot/ws/restackcell/ws_moveit2/install/robo_planner_msgs/include/robo_planner_msgs/robo_planner_msgs/srv/detail/gripper_change_place__rosidl_typesupport_introspection_cpp.hpp
[3.561s] -- Up-to-date: /home/autopilot/ws/restackcell/ws_moveit2/install/robo_planner_msgs/include/robo_planner_msgs/robo_planner_msgs/srv/detail/set_robot_value_velocity__type_support.cpp
[3.561s] -- Up-to-date: /home/autopilot/ws/restackcell/ws_moveit2/install/robo_planner_msgs/include/robo_planner_msgs/robo_planner_msgs/srv/detail/place__rosidl_typesupport_introspection_cpp.hpp
[3.561s] -- Up-to-date: /home/autopilot/ws/restackcell/ws_moveit2/install/robo_planner_msgs/include/robo_planner_msgs/robo_planner_msgs/srv/detail/gripper_change_pick__type_support.cpp
[3.562s] -- Up-to-date: /home/autopilot/ws/restackcell/ws_moveit2/install/robo_planner_msgs/include/robo_planner_msgs/robo_planner_msgs/srv/detail/follow_trajectory__rosidl_typesupport_introspection_cpp.hpp
[3.562s] -- Up-to-date: /home/autopilot/ws/restackcell/ws_moveit2/install/robo_planner_msgs/include/robo_planner_msgs/robo_planner_msgs/srv/detail/gripper_change__rosidl_typesupport_introspection_cpp.hpp
[3.562s] -- Up-to-date: /home/autopilot/ws/restackcell/ws_moveit2/install/robo_planner_msgs/include/robo_planner_msgs/robo_planner_msgs/srv/detail/gripper_change_pick__rosidl_typesupport_introspection_cpp.hpp
[3.562s] -- Up-to-date: /home/autopilot/ws/restackcell/ws_moveit2/install/robo_planner_msgs/lib/librobo_planner_msgs__rosidl_typesupport_introspection_cpp.so
[3.562s] -- Up-to-date: /home/autopilot/ws/restackcell/ws_moveit2/install/robo_planner_msgs/lib/librobo_planner_msgs__rosidl_typesupport_cpp.so
[3.562s] -- Up-to-date: /home/autopilot/ws/restackcell/ws_moveit2/install/robo_planner_msgs/share/robo_planner_msgs/environment/pythonpath.sh
[3.562s] -- Up-to-date: /home/autopilot/ws/restackcell/ws_moveit2/install/robo_planner_msgs/share/robo_planner_msgs/environment/pythonpath.dsv
[3.562s] -- Up-to-date: /home/autopilot/ws/restackcell/ws_moveit2/install/robo_planner_msgs/local/lib/python3.10/dist-packages/robo_planner_msgs-0.0.0-py3.10.egg-info
[3.562s] -- Installing: /home/autopilot/ws/restackcell/ws_moveit2/install/robo_planner_msgs/local/lib/python3.10/dist-packages/robo_planner_msgs-0.0.0-py3.10.egg-info/SOURCES.txt
[3.562s] -- Installing: /home/autopilot/ws/restackcell/ws_moveit2/install/robo_planner_msgs/local/lib/python3.10/dist-packages/robo_planner_msgs-0.0.0-py3.10.egg-info/PKG-INFO
[3.563s] -- Installing: /home/autopilot/ws/restackcell/ws_moveit2/install/robo_planner_msgs/local/lib/python3.10/dist-packages/robo_planner_msgs-0.0.0-py3.10.egg-info/top_level.txt
[3.563s] -- Installing: /home/autopilot/ws/restackcell/ws_moveit2/install/robo_planner_msgs/local/lib/python3.10/dist-packages/robo_planner_msgs-0.0.0-py3.10.egg-info/dependency_links.txt
[3.563s] -- Up-to-date: /home/autopilot/ws/restackcell/ws_moveit2/install/robo_planner_msgs/local/lib/python3.10/dist-packages/robo_planner_msgs
[3.563s] -- Up-to-date: /home/autopilot/ws/restackcell/ws_moveit2/install/robo_planner_msgs/local/lib/python3.10/dist-packages/robo_planner_msgs/_robo_planner_msgs_s.ep.rosidl_typesupport_introspection_c.c
[3.563s] -- Up-to-date: /home/autopilot/ws/restackcell/ws_moveit2/install/robo_planner_msgs/local/lib/python3.10/dist-packages/robo_planner_msgs/__init__.py
[3.563s] -- Up-to-date: /home/autopilot/ws/restackcell/ws_moveit2/install/robo_planner_msgs/local/lib/python3.10/dist-packages/robo_planner_msgs/robo_planner_msgs_s__rosidl_typesupport_c.cpython-310-aarch64-linux-gnu.so
[3.563s] -- Up-to-date: /home/autopilot/ws/restackcell/ws_moveit2/install/robo_planner_msgs/local/lib/python3.10/dist-packages/robo_planner_msgs/msg
[3.563s] -- Up-to-date: /home/autopilot/ws/restackcell/ws_moveit2/install/robo_planner_msgs/local/lib/python3.10/dist-packages/robo_planner_msgs/msg/_labeled_point_clouds_s.c
[3.563s] -- Up-to-date: /home/autopilot/ws/restackcell/ws_moveit2/install/robo_planner_msgs/local/lib/python3.10/dist-packages/robo_planner_msgs/msg/_labeled_point_cloud_s.c
[3.563s] -- Up-to-date: /home/autopilot/ws/restackcell/ws_moveit2/install/robo_planner_msgs/local/lib/python3.10/dist-packages/robo_planner_msgs/msg/_scene_object_add_s.c
[3.564s] -- Up-to-date: /home/autopilot/ws/restackcell/ws_moveit2/install/robo_planner_msgs/local/lib/python3.10/dist-packages/robo_planner_msgs/msg/__init__.py
[3.564s] -- Up-to-date: /home/autopilot/ws/restackcell/ws_moveit2/install/robo_planner_msgs/local/lib/python3.10/dist-packages/robo_planner_msgs/msg/_scene_object_add.py
[3.564s] -- Up-to-date: /home/autopilot/ws/restackcell/ws_moveit2/install/robo_planner_msgs/local/lib/python3.10/dist-packages/robo_planner_msgs/msg/_labeled_point_clouds.py
[3.564s] -- Up-to-date: /home/autopilot/ws/restackcell/ws_moveit2/install/robo_planner_msgs/local/lib/python3.10/dist-packages/robo_planner_msgs/msg/_scene_object_set_pose.py
[3.564s] -- Up-to-date: /home/autopilot/ws/restackcell/ws_moveit2/install/robo_planner_msgs/local/lib/python3.10/dist-packages/robo_planner_msgs/msg/_scene_object_remove.py
[3.564s] -- Up-to-date: /home/autopilot/ws/restackcell/ws_moveit2/install/robo_planner_msgs/local/lib/python3.10/dist-packages/robo_planner_msgs/msg/_scene_object_set_pose_s.c
[3.564s] -- Up-to-date: /home/autopilot/ws/restackcell/ws_moveit2/install/robo_planner_msgs/local/lib/python3.10/dist-packages/robo_planner_msgs/msg/_labeled_point_cloud.py
[3.564s] -- Up-to-date: /home/autopilot/ws/restackcell/ws_moveit2/install/robo_planner_msgs/local/lib/python3.10/dist-packages/robo_planner_msgs/msg/_scene_object_remove_s.c
[3.564s] -- Up-to-date: /home/autopilot/ws/restackcell/ws_moveit2/install/robo_planner_msgs/local/lib/python3.10/dist-packages/robo_planner_msgs/robo_planner_msgs_s__rosidl_typesupport_introspection_c.cpython-310-aarch64-linux-gnu.so
[3.564s] -- Up-to-date: /home/autopilot/ws/restackcell/ws_moveit2/install/robo_planner_msgs/local/lib/python3.10/dist-packages/robo_planner_msgs/_robo_planner_msgs_s.ep.rosidl_typesupport_c.c
[3.565s] -- Up-to-date: /home/autopilot/ws/restackcell/ws_moveit2/install/robo_planner_msgs/local/lib/python3.10/dist-packages/robo_planner_msgs/librobo_planner_msgs__rosidl_generator_py.so
[3.565s] -- Up-to-date: /home/autopilot/ws/restackcell/ws_moveit2/install/robo_planner_msgs/local/lib/python3.10/dist-packages/robo_planner_msgs/_robo_planner_msgs_s.ep.rosidl_typesupport_fastrtps_c.c
[3.565s] -- Up-to-date: /home/autopilot/ws/restackcell/ws_moveit2/install/robo_planner_msgs/local/lib/python3.10/dist-packages/robo_planner_msgs/robo_planner_msgs_s__rosidl_typesupport_fastrtps_c.cpython-310-aarch64-linux-gnu.so
[3.565s] -- Up-to-date: /home/autopilot/ws/restackcell/ws_moveit2/install/robo_planner_msgs/local/lib/python3.10/dist-packages/robo_planner_msgs/srv
[3.565s] -- Up-to-date: /home/autopilot/ws/restackcell/ws_moveit2/install/robo_planner_msgs/local/lib/python3.10/dist-packages/robo_planner_msgs/srv/_set_robot_value_velocity_s.c
[3.565s] -- Up-to-date: /home/autopilot/ws/restackcell/ws_moveit2/install/robo_planner_msgs/local/lib/python3.10/dist-packages/robo_planner_msgs/srv/_move_to_pose_s.c
[3.565s] -- Up-to-date: /home/autopilot/ws/restackcell/ws_moveit2/install/robo_planner_msgs/local/lib/python3.10/dist-packages/robo_planner_msgs/srv/_pick_s.c
[3.565s] -- Up-to-date: /home/autopilot/ws/restackcell/ws_moveit2/install/robo_planner_msgs/local/lib/python3.10/dist-packages/robo_planner_msgs/srv/_place.py
[3.565s] -- Up-to-date: /home/autopilot/ws/restackcell/ws_moveit2/install/robo_planner_msgs/local/lib/python3.10/dist-packages/robo_planner_msgs/srv/_gripper_change.py
[3.565s] -- Up-to-date: /home/autopilot/ws/restackcell/ws_moveit2/install/robo_planner_msgs/local/lib/python3.10/dist-packages/robo_planner_msgs/srv/_gripper_close.py
[3.566s] -- Up-to-date: /home/autopilot/ws/restackcell/ws_moveit2/install/robo_planner_msgs/local/lib/python3.10/dist-packages/robo_planner_msgs/srv/__init__.py
[3.566s] -- Up-to-date: /home/autopilot/ws/restackcell/ws_moveit2/install/robo_planner_msgs/local/lib/python3.10/dist-packages/robo_planner_msgs/srv/_gripper_change_pick.py
[3.566s] -- Up-to-date: /home/autopilot/ws/restackcell/ws_moveit2/install/robo_planner_msgs/local/lib/python3.10/dist-packages/robo_planner_msgs/srv/_pick_and_place.py
[3.566s] -- Up-to-date: /home/autopilot/ws/restackcell/ws_moveit2/install/robo_planner_msgs/local/lib/python3.10/dist-packages/robo_planner_msgs/srv/_gripper_change_s.c
[3.566s] -- Up-to-date: /home/autopilot/ws/restackcell/ws_moveit2/install/robo_planner_msgs/local/lib/python3.10/dist-packages/robo_planner_msgs/srv/_open_door.py
[3.566s] -- Up-to-date: /home/autopilot/ws/restackcell/ws_moveit2/install/robo_planner_msgs/local/lib/python3.10/dist-packages/robo_planner_msgs/srv/_follow_trajectory_s.c
[3.566s] -- Up-to-date: /home/autopilot/ws/restackcell/ws_moveit2/install/robo_planner_msgs/local/lib/python3.10/dist-packages/robo_planner_msgs/srv/_pick.py
[3.566s] -- Up-to-date: /home/autopilot/ws/restackcell/ws_moveit2/install/robo_planner_msgs/local/lib/python3.10/dist-packages/robo_planner_msgs/srv/_open_door_s.c
[3.566s] -- Up-to-date: /home/autopilot/ws/restackcell/ws_moveit2/install/robo_planner_msgs/local/lib/python3.10/dist-packages/robo_planner_msgs/srv/_gripper_change_place.py
[3.566s] -- Up-to-date: /home/autopilot/ws/restackcell/ws_moveit2/install/robo_planner_msgs/local/lib/python3.10/dist-packages/robo_planner_msgs/srv/_follow_trajectory.py
[3.567s] -- Up-to-date: /home/autopilot/ws/restackcell/ws_moveit2/install/robo_planner_msgs/local/lib/python3.10/dist-packages/robo_planner_msgs/srv/_gripper_change_place_s.c
[3.567s] -- Up-to-date: /home/autopilot/ws/restackcell/ws_moveit2/install/robo_planner_msgs/local/lib/python3.10/dist-packages/robo_planner_msgs/srv/_pick_and_place_s.c
[3.567s] -- Up-to-date: /home/autopilot/ws/restackcell/ws_moveit2/install/robo_planner_msgs/local/lib/python3.10/dist-packages/robo_planner_msgs/srv/_gripper_change_pick_s.c
[3.567s] -- Up-to-date: /home/autopilot/ws/restackcell/ws_moveit2/install/robo_planner_msgs/local/lib/python3.10/dist-packages/robo_planner_msgs/srv/_gripper_open.py
[3.567s] -- Up-to-date: /home/autopilot/ws/restackcell/ws_moveit2/install/robo_planner_msgs/local/lib/python3.10/dist-packages/robo_planner_msgs/srv/_gripper_close_s.c
[3.567s] -- Up-to-date: /home/autopilot/ws/restackcell/ws_moveit2/install/robo_planner_msgs/local/lib/python3.10/dist-packages/robo_planner_msgs/srv/_move_to_pose.py
[3.567s] -- Up-to-date: /home/autopilot/ws/restackcell/ws_moveit2/install/robo_planner_msgs/local/lib/python3.10/dist-packages/robo_planner_msgs/srv/_gripper_open_s.c
[3.567s] -- Up-to-date: /home/autopilot/ws/restackcell/ws_moveit2/install/robo_planner_msgs/local/lib/python3.10/dist-packages/robo_planner_msgs/srv/_place_s.c
[3.567s] -- Up-to-date: /home/autopilot/ws/restackcell/ws_moveit2/install/robo_planner_msgs/local/lib/python3.10/dist-packages/robo_planner_msgs/srv/_set_robot_value_velocity.py
[3.585s] Listing '/home/autopilot/ws/restackcell/ws_moveit2/install/robo_planner_msgs/local/lib/python3.10/dist-packages/robo_planner_msgs'...
[3.586s] Listing '/home/autopilot/ws/restackcell/ws_moveit2/install/robo_planner_msgs/local/lib/python3.10/dist-packages/robo_planner_msgs/msg'...
[3.586s] Listing '/home/autopilot/ws/restackcell/ws_moveit2/install/robo_planner_msgs/local/lib/python3.10/dist-packages/robo_planner_msgs/srv'...
[3.597s] -- Up-to-date: /home/autopilot/ws/restackcell/ws_moveit2/install/robo_planner_msgs/local/lib/python3.10/dist-packages/robo_planner_msgs/robo_planner_msgs_s__rosidl_typesupport_fastrtps_c.cpython-310-aarch64-linux-gnu.so
[3.597s] -- Up-to-date: /home/autopilot/ws/restackcell/ws_moveit2/install/robo_planner_msgs/local/lib/python3.10/dist-packages/robo_planner_msgs/robo_planner_msgs_s__rosidl_typesupport_introspection_c.cpython-310-aarch64-linux-gnu.so
[3.597s] -- Up-to-date: /home/autopilot/ws/restackcell/ws_moveit2/install/robo_planner_msgs/local/lib/python3.10/dist-packages/robo_planner_msgs/robo_planner_msgs_s__rosidl_typesupport_c.cpython-310-aarch64-linux-gnu.so
[3.598s] -- Up-to-date: /home/autopilot/ws/restackcell/ws_moveit2/install/robo_planner_msgs/lib/librobo_planner_msgs__rosidl_generator_py.so
[3.598s] -- Up-to-date: /home/autopilot/ws/restackcell/ws_moveit2/install/robo_planner_msgs/share/robo_planner_msgs/srv/FollowTrajectory.idl
[3.598s] -- Up-to-date: /home/autopilot/ws/restackcell/ws_moveit2/install/robo_planner_msgs/share/robo_planner_msgs/srv/GripperClose.idl
[3.598s] -- Up-to-date: /home/autopilot/ws/restackcell/ws_moveit2/install/robo_planner_msgs/share/robo_planner_msgs/srv/GripperOpen.idl
[3.599s] -- Up-to-date: /home/autopilot/ws/restackcell/ws_moveit2/install/robo_planner_msgs/share/robo_planner_msgs/srv/MoveToPose.idl
[3.599s] -- Up-to-date: /home/autopilot/ws/restackcell/ws_moveit2/install/robo_planner_msgs/share/robo_planner_msgs/srv/OpenDoor.idl
[3.599s] -- Up-to-date: /home/autopilot/ws/restackcell/ws_moveit2/install/robo_planner_msgs/share/robo_planner_msgs/srv/SetRobotValueVelocity.idl
[3.599s] -- Up-to-date: /home/autopilot/ws/restackcell/ws_moveit2/install/robo_planner_msgs/share/robo_planner_msgs/srv/GripperChange.idl
[3.599s] -- Up-to-date: /home/autopilot/ws/restackcell/ws_moveit2/install/robo_planner_msgs/share/robo_planner_msgs/srv/GripperChangePick.idl
[3.599s] -- Up-to-date: /home/autopilot/ws/restackcell/ws_moveit2/install/robo_planner_msgs/share/robo_planner_msgs/srv/GripperChangePlace.idl
[3.599s] -- Up-to-date: /home/autopilot/ws/restackcell/ws_moveit2/install/robo_planner_msgs/share/robo_planner_msgs/srv/Pick.idl
[3.600s] -- Up-to-date: /home/autopilot/ws/restackcell/ws_moveit2/install/robo_planner_msgs/share/robo_planner_msgs/srv/PickAndPlace.idl
[3.600s] -- Up-to-date: /home/autopilot/ws/restackcell/ws_moveit2/install/robo_planner_msgs/share/robo_planner_msgs/srv/Place.idl
[3.600s] -- Up-to-date: /home/autopilot/ws/restackcell/ws_moveit2/install/robo_planner_msgs/share/robo_planner_msgs/msg/LabeledPointCloud.idl
[3.600s] -- Up-to-date: /home/autopilot/ws/restackcell/ws_moveit2/install/robo_planner_msgs/share/robo_planner_msgs/msg/LabeledPointClouds.idl
[3.600s] -- Up-to-date: /home/autopilot/ws/restackcell/ws_moveit2/install/robo_planner_msgs/share/robo_planner_msgs/msg/SceneObjectRemove.idl
[3.600s] -- Up-to-date: /home/autopilot/ws/restackcell/ws_moveit2/install/robo_planner_msgs/share/robo_planner_msgs/msg/SceneObjectAdd.idl
[3.600s] -- Up-to-date: /home/autopilot/ws/restackcell/ws_moveit2/install/robo_planner_msgs/share/robo_planner_msgs/msg/SceneObjectSetPose.idl
[3.600s] -- Up-to-date: /home/autopilot/ws/restackcell/ws_moveit2/install/robo_planner_msgs/share/robo_planner_msgs/Atomic/FollowTrajectory.srv
[3.601s] -- Up-to-date: /home/autopilot/ws/restackcell/ws_moveit2/install/robo_planner_msgs/share/robo_planner_msgs/Atomic/FollowTrajectory_Request.msg
[3.601s] -- Up-to-date: /home/autopilot/ws/restackcell/ws_moveit2/install/robo_planner_msgs/share/robo_planner_msgs/Atomic/FollowTrajectory_Response.msg
[3.601s] -- Up-to-date: /home/autopilot/ws/restackcell/ws_moveit2/install/robo_planner_msgs/share/robo_planner_msgs/Atomic/GripperClose.srv
[3.601s] -- Up-to-date: /home/autopilot/ws/restackcell/ws_moveit2/install/robo_planner_msgs/share/robo_planner_msgs/Atomic/GripperClose_Request.msg
[3.601s] -- Up-to-date: /home/autopilot/ws/restackcell/ws_moveit2/install/robo_planner_msgs/share/robo_planner_msgs/Atomic/GripperClose_Response.msg
[3.601s] -- Up-to-date: /home/autopilot/ws/restackcell/ws_moveit2/install/robo_planner_msgs/share/robo_planner_msgs/Atomic/GripperOpen.srv
[3.601s] -- Up-to-date: /home/autopilot/ws/restackcell/ws_moveit2/install/robo_planner_msgs/share/robo_planner_msgs/Atomic/GripperOpen_Request.msg
[3.601s] -- Up-to-date: /home/autopilot/ws/restackcell/ws_moveit2/install/robo_planner_msgs/share/robo_planner_msgs/Atomic/GripperOpen_Response.msg
[3.602s] -- Up-to-date: /home/autopilot/ws/restackcell/ws_moveit2/install/robo_planner_msgs/share/robo_planner_msgs/Atomic/MoveToPose.srv
[3.602s] -- Up-to-date: /home/autopilot/ws/restackcell/ws_moveit2/install/robo_planner_msgs/share/robo_planner_msgs/Atomic/MoveToPose_Request.msg
[3.602s] -- Up-to-date: /home/autopilot/ws/restackcell/ws_moveit2/install/robo_planner_msgs/share/robo_planner_msgs/Atomic/MoveToPose_Response.msg
[3.602s] -- Up-to-date: /home/autopilot/ws/restackcell/ws_moveit2/install/robo_planner_msgs/share/robo_planner_msgs/Atomic/OpenDoor.srv
[3.602s] -- Up-to-date: /home/autopilot/ws/restackcell/ws_moveit2/install/robo_planner_msgs/share/robo_planner_msgs/Atomic/OpenDoor_Request.msg
[3.603s] -- Up-to-date: /home/autopilot/ws/restackcell/ws_moveit2/install/robo_planner_msgs/share/robo_planner_msgs/Atomic/OpenDoor_Response.msg
[3.603s] -- Up-to-date: /home/autopilot/ws/restackcell/ws_moveit2/install/robo_planner_msgs/share/robo_planner_msgs/Atomic/SetRobotValueVelocity.srv
[3.604s] -- Up-to-date: /home/autopilot/ws/restackcell/ws_moveit2/install/robo_planner_msgs/share/robo_planner_msgs/Atomic/SetRobotValueVelocity_Request.msg
[3.604s] -- Up-to-date: /home/autopilot/ws/restackcell/ws_moveit2/install/robo_planner_msgs/share/robo_planner_msgs/Atomic/SetRobotValueVelocity_Response.msg
[3.604s] -- Up-to-date: /home/autopilot/ws/restackcell/ws_moveit2/install/robo_planner_msgs/share/robo_planner_msgs/Composed/GripperChange.srv
[3.604s] -- Up-to-date: /home/autopilot/ws/restackcell/ws_moveit2/install/robo_planner_msgs/share/robo_planner_msgs/Composed/GripperChange_Request.msg
[3.604s] -- Up-to-date: /home/autopilot/ws/restackcell/ws_moveit2/install/robo_planner_msgs/share/robo_planner_msgs/Composed/GripperChange_Response.msg
[3.604s] -- Up-to-date: /home/autopilot/ws/restackcell/ws_moveit2/install/robo_planner_msgs/share/robo_planner_msgs/Composed/GripperChangePick.srv
[3.605s] -- Up-to-date: /home/autopilot/ws/restackcell/ws_moveit2/install/robo_planner_msgs/share/robo_planner_msgs/Composed/GripperChangePick_Request.msg
[3.605s] -- Up-to-date: /home/autopilot/ws/restackcell/ws_moveit2/install/robo_planner_msgs/share/robo_planner_msgs/Composed/GripperChangePick_Response.msg
[3.605s] -- Up-to-date: /home/autopilot/ws/restackcell/ws_moveit2/install/robo_planner_msgs/share/robo_planner_msgs/Composed/GripperChangePlace.srv
[3.605s] -- Up-to-date: /home/autopilot/ws/restackcell/ws_moveit2/install/robo_planner_msgs/share/robo_planner_msgs/Composed/GripperChangePlace_Request.msg
[3.605s] -- Up-to-date: /home/autopilot/ws/restackcell/ws_moveit2/install/robo_planner_msgs/share/robo_planner_msgs/Composed/GripperChangePlace_Response.msg
[3.606s] -- Up-to-date: /home/autopilot/ws/restackcell/ws_moveit2/install/robo_planner_msgs/share/robo_planner_msgs/Composed/Pick.srv
[3.606s] -- Up-to-date: /home/autopilot/ws/restackcell/ws_moveit2/install/robo_planner_msgs/share/robo_planner_msgs/Composed/Pick_Request.msg
[3.606s] -- Up-to-date: /home/autopilot/ws/restackcell/ws_moveit2/install/robo_planner_msgs/share/robo_planner_msgs/Composed/Pick_Response.msg
[3.606s] -- Up-to-date: /home/autopilot/ws/restackcell/ws_moveit2/install/robo_planner_msgs/share/robo_planner_msgs/Composed/PickAndPlace.srv
[3.606s] -- Up-to-date: /home/autopilot/ws/restackcell/ws_moveit2/install/robo_planner_msgs/share/robo_planner_msgs/Composed/PickAndPlace_Request.msg
[3.606s] -- Up-to-date: /home/autopilot/ws/restackcell/ws_moveit2/install/robo_planner_msgs/share/robo_planner_msgs/Composed/PickAndPlace_Response.msg
[3.606s] -- Up-to-date: /home/autopilot/ws/restackcell/ws_moveit2/install/robo_planner_msgs/share/robo_planner_msgs/Composed/Place.srv
[3.607s] -- Up-to-date: /home/autopilot/ws/restackcell/ws_moveit2/install/robo_planner_msgs/share/robo_planner_msgs/Composed/Place_Request.msg
[3.607s] -- Up-to-date: /home/autopilot/ws/restackcell/ws_moveit2/install/robo_planner_msgs/share/robo_planner_msgs/Composed/Place_Response.msg
[3.607s] -- Up-to-date: /home/autopilot/ws/restackcell/ws_moveit2/install/robo_planner_msgs/share/robo_planner_msgs/msg/LabeledPointCloud.msg
[3.607s] -- Up-to-date: /home/autopilot/ws/restackcell/ws_moveit2/install/robo_planner_msgs/share/robo_planner_msgs/msg/LabeledPointClouds.msg
[3.607s] -- Up-to-date: /home/autopilot/ws/restackcell/ws_moveit2/install/robo_planner_msgs/share/robo_planner_msgs/msg/SceneObjectRemove.msg
[3.607s] -- Up-to-date: /home/autopilot/ws/restackcell/ws_moveit2/install/robo_planner_msgs/share/robo_planner_msgs/msg/SceneObjectAdd.msg
[3.608s] -- Up-to-date: /home/autopilot/ws/restackcell/ws_moveit2/install/robo_planner_msgs/share/robo_planner_msgs/msg/SceneObjectSetPose.msg
[3.608s] -- Up-to-date: /home/autopilot/ws/restackcell/ws_moveit2/install/robo_planner_msgs/share/ament_index/resource_index/package_run_dependencies/robo_planner_msgs
[3.608s] -- Up-to-date: /home/autopilot/ws/restackcell/ws_moveit2/install/robo_planner_msgs/share/ament_index/resource_index/parent_prefix_path/robo_planner_msgs
[3.608s] -- Up-to-date: /home/autopilot/ws/restackcell/ws_moveit2/install/robo_planner_msgs/share/robo_planner_msgs/environment/ament_prefix_path.sh
[3.608s] -- Up-to-date: /home/autopilot/ws/restackcell/ws_moveit2/install/robo_planner_msgs/share/robo_planner_msgs/environment/ament_prefix_path.dsv
[3.608s] -- Up-to-date: /home/autopilot/ws/restackcell/ws_moveit2/install/robo_planner_msgs/share/robo_planner_msgs/environment/path.sh
[3.609s] -- Up-to-date: /home/autopilot/ws/restackcell/ws_moveit2/install/robo_planner_msgs/share/robo_planner_msgs/environment/path.dsv
[3.609s] -- Up-to-date: /home/autopilot/ws/restackcell/ws_moveit2/install/robo_planner_msgs/share/robo_planner_msgs/local_setup.bash
[3.609s] -- Up-to-date: /home/autopilot/ws/restackcell/ws_moveit2/install/robo_planner_msgs/share/robo_planner_msgs/local_setup.sh
[3.609s] -- Up-to-date: /home/autopilot/ws/restackcell/ws_moveit2/install/robo_planner_msgs/share/robo_planner_msgs/local_setup.zsh
[3.609s] -- Up-to-date: /home/autopilot/ws/restackcell/ws_moveit2/install/robo_planner_msgs/share/robo_planner_msgs/local_setup.dsv
[3.609s] -- Installing: /home/autopilot/ws/restackcell/ws_moveit2/install/robo_planner_msgs/share/robo_planner_msgs/package.dsv
[3.609s] -- Up-to-date: /home/autopilot/ws/restackcell/ws_moveit2/install/robo_planner_msgs/share/ament_index/resource_index/packages/robo_planner_msgs
[3.610s] -- Up-to-date: /home/autopilot/ws/restackcell/ws_moveit2/install/robo_planner_msgs/share/robo_planner_msgs/cmake/export_robo_planner_msgs__rosidl_generator_cExport.cmake
[3.610s] -- Up-to-date: /home/autopilot/ws/restackcell/ws_moveit2/install/robo_planner_msgs/share/robo_planner_msgs/cmake/export_robo_planner_msgs__rosidl_generator_cExport-noconfig.cmake
[3.610s] -- Up-to-date: /home/autopilot/ws/restackcell/ws_moveit2/install/robo_planner_msgs/share/robo_planner_msgs/cmake/export_robo_planner_msgs__rosidl_typesupport_fastrtps_cExport.cmake
[3.610s] -- Up-to-date: /home/autopilot/ws/restackcell/ws_moveit2/install/robo_planner_msgs/share/robo_planner_msgs/cmake/export_robo_planner_msgs__rosidl_typesupport_fastrtps_cExport-noconfig.cmake
[3.610s] -- Up-to-date: /home/autopilot/ws/restackcell/ws_moveit2/install/robo_planner_msgs/share/robo_planner_msgs/cmake/robo_planner_msgs__rosidl_typesupport_introspection_cExport.cmake
[3.610s] -- Up-to-date: /home/autopilot/ws/restackcell/ws_moveit2/install/robo_planner_msgs/share/robo_planner_msgs/cmake/robo_planner_msgs__rosidl_typesupport_introspection_cExport-noconfig.cmake
[3.611s] -- Up-to-date: /home/autopilot/ws/restackcell/ws_moveit2/install/robo_planner_msgs/share/robo_planner_msgs/cmake/robo_planner_msgs__rosidl_typesupport_cExport.cmake
[3.611s] -- Up-to-date: /home/autopilot/ws/restackcell/ws_moveit2/install/robo_planner_msgs/share/robo_planner_msgs/cmake/robo_planner_msgs__rosidl_typesupport_cExport-noconfig.cmake
[3.611s] -- Up-to-date: /home/autopilot/ws/restackcell/ws_moveit2/install/robo_planner_msgs/share/robo_planner_msgs/cmake/export_robo_planner_msgs__rosidl_generator_cppExport.cmake
[3.611s] -- Up-to-date: /home/autopilot/ws/restackcell/ws_moveit2/install/robo_planner_msgs/share/robo_planner_msgs/cmake/export_robo_planner_msgs__rosidl_typesupport_fastrtps_cppExport.cmake
[3.611s] -- Up-to-date: /home/autopilot/ws/restackcell/ws_moveit2/install/robo_planner_msgs/share/robo_planner_msgs/cmake/export_robo_planner_msgs__rosidl_typesupport_fastrtps_cppExport-noconfig.cmake
[3.611s] -- Up-to-date: /home/autopilot/ws/restackcell/ws_moveit2/install/robo_planner_msgs/share/robo_planner_msgs/cmake/robo_planner_msgs__rosidl_typesupport_introspection_cppExport.cmake
[3.612s] -- Up-to-date: /home/autopilot/ws/restackcell/ws_moveit2/install/robo_planner_msgs/share/robo_planner_msgs/cmake/robo_planner_msgs__rosidl_typesupport_introspection_cppExport-noconfig.cmake
[3.612s] -- Up-to-date: /home/autopilot/ws/restackcell/ws_moveit2/install/robo_planner_msgs/share/robo_planner_msgs/cmake/robo_planner_msgs__rosidl_typesupport_cppExport.cmake
[3.612s] -- Up-to-date: /home/autopilot/ws/restackcell/ws_moveit2/install/robo_planner_msgs/share/robo_planner_msgs/cmake/robo_planner_msgs__rosidl_typesupport_cppExport-noconfig.cmake
[3.612s] -- Up-to-date: /home/autopilot/ws/restackcell/ws_moveit2/install/robo_planner_msgs/share/robo_planner_msgs/cmake/export_robo_planner_msgs__rosidl_generator_pyExport.cmake
[3.612s] -- Up-to-date: /home/autopilot/ws/restackcell/ws_moveit2/install/robo_planner_msgs/share/robo_planner_msgs/cmake/export_robo_planner_msgs__rosidl_generator_pyExport-noconfig.cmake
[3.612s] -- Up-to-date: /home/autopilot/ws/restackcell/ws_moveit2/install/robo_planner_msgs/share/robo_planner_msgs/cmake/rosidl_cmake-extras.cmake
[3.612s] -- Up-to-date: /home/autopilot/ws/restackcell/ws_moveit2/install/robo_planner_msgs/share/robo_planner_msgs/cmake/ament_cmake_export_dependencies-extras.cmake
[3.612s] -- Up-to-date: /home/autopilot/ws/restackcell/ws_moveit2/install/robo_planner_msgs/share/robo_planner_msgs/cmake/ament_cmake_export_include_directories-extras.cmake
[3.612s] -- Up-to-date: /home/autopilot/ws/restackcell/ws_moveit2/install/robo_planner_msgs/share/robo_planner_msgs/cmake/ament_cmake_export_libraries-extras.cmake
[3.613s] -- Up-to-date: /home/autopilot/ws/restackcell/ws_moveit2/install/robo_planner_msgs/share/robo_planner_msgs/cmake/ament_cmake_export_targets-extras.cmake
[3.613s] -- Up-to-date: /home/autopilot/ws/restackcell/ws_moveit2/install/robo_planner_msgs/share/robo_planner_msgs/cmake/rosidl_cmake_export_typesupport_targets-extras.cmake
[3.613s] -- Up-to-date: /home/autopilot/ws/restackcell/ws_moveit2/install/robo_planner_msgs/share/robo_planner_msgs/cmake/rosidl_cmake_export_typesupport_libraries-extras.cmake
[3.613s] -- Up-to-date: /home/autopilot/ws/restackcell/ws_moveit2/install/robo_planner_msgs/share/robo_planner_msgs/cmake/robo_planner_msgsConfig.cmake
[3.613s] -- Up-to-date: /home/autopilot/ws/restackcell/ws_moveit2/install/robo_planner_msgs/share/robo_planner_msgs/cmake/robo_planner_msgsConfig-version.cmake
[3.613s] -- Up-to-date: /home/autopilot/ws/restackcell/ws_moveit2/install/robo_planner_msgs/share/robo_planner_msgs/package.xml
[3.617s] Invoked command in '/home/autopilot/ws/restackcell/ws_moveit2/build/robo_planner_msgs' returned '0': /usr/bin/cmake --install /home/autopilot/ws/restackcell/ws_moveit2/build/robo_planner_msgs
