[0.015s] Invoking command in '/home/aw/restackcell/ws_moveit2/build/robo_planner': CMAKE_PREFIX_PATH=${CMAKE_PREFIX_PATH}:/opt/ros/humble /usr/bin/cmake --build /home/aw/restackcell/ws_moveit2/build/robo_planner -- -j16 -l16
[0.041s] [35m[1mConsolidate compiler generated dependencies of target robo_planner[0m
[0.058s] [ 12%] [32mBuilding CXX object CMakeFiles/robo_planner.dir/src/Pose.cpp.o[0m
[0.058s] [ 25%] [32mBuilding CXX object CMakeFiles/robo_planner.dir/src/Part.cpp.o[0m
[0.059s] [ 37%] [32mBuilding CXX object CMakeFiles/robo_planner.dir/src/Task.cpp.o[0m
[0.059s] [ 50%] [32mBuilding CXX object CMakeFiles/robo_planner.dir/src/SceneObject.cpp.o[0m
[2.118s] In file included from [01m[K/home/aw/restackcell/ws_moveit2/src/hello_moveit/src/Pose.cpp:1[m[K:
[2.118s] [01m[K/home/aw/restackcell/ws_moveit2/src/hello_moveit/src/Pose.h:19:29:[m[K [01;31m[Kerror: [m[K‘[01m[KPose[m[K’ was not declared in this scope
[2.118s]    19 |             std::shared_ptr<[01;31m[KPose[m[K> poseRelative;
[2.118s]       |                             [01;31m[K^~~~[m[K
[2.118s] [01m[K/home/aw/restackcell/ws_moveit2/src/hello_moveit/src/Pose.h:19:33:[m[K [01;31m[Kerror: [m[Ktemplate argument 1 is invalid
[2.118s]    19 |             std::shared_ptr<Pose[01;31m[K>[m[K poseRelative;
[2.118s]       |                                 [01;31m[K^[m[K
[2.123s] [01m[K/home/aw/restackcell/ws_moveit2/src/hello_moveit/src/Pose.h:22:29:[m[K [01;31m[Kerror: [m[K‘[01m[KPose[m[K’ was not declared in this scope
[2.123s]    22 |             std::shared_ptr<[01;31m[KPose[m[K> poseAbsolute;
[2.123s]       |                             [01;31m[K^~~~[m[K
[2.123s] [01m[K/home/aw/restackcell/ws_moveit2/src/hello_moveit/src/Pose.h:22:33:[m[K [01;31m[Kerror: [m[Ktemplate argument 1 is invalid
[2.123s]    22 |             std::shared_ptr<Pose[01;31m[K>[m[K poseAbsolute;
[2.123s]       |                                 [01;31m[K^[m[K
[2.131s] [01m[K/home/aw/restackcell/ws_moveit2/src/hello_moveit/src/Pose.h:27:29:[m[K [01;31m[Kerror: [m[K‘[01m[KPose[m[K’ was not declared in this scope
[2.131s]    27 |             std::shared_ptr<[01;31m[KPose[m[K> GetPoseRelative() const { return this->poseRelative; }
[2.131s]       |                             [01;31m[K^~~~[m[K
[2.131s] [01m[K/home/aw/restackcell/ws_moveit2/src/hello_moveit/src/Pose.h:27:33:[m[K [01;31m[Kerror: [m[Ktemplate argument 1 is invalid
[2.131s]    27 |             std::shared_ptr<Pose[01;31m[K>[m[K GetPoseRelative() const { return this->poseRelative; }
[2.131s]       |                                 [01;31m[K^[m[K
[2.136s] [01m[K/home/aw/restackcell/ws_moveit2/src/hello_moveit/src/Pose.h:28:29:[m[K [01;31m[Kerror: [m[K‘[01m[KPose[m[K’ was not declared in this scope
[2.136s]    28 |             std::shared_ptr<[01;31m[KPose[m[K> GetPoseAbsolute() const { return this->poseAbsolute; }
[2.136s]       |                             [01;31m[K^~~~[m[K
[2.136s] [01m[K/home/aw/restackcell/ws_moveit2/src/hello_moveit/src/Pose.h:28:33:[m[K [01;31m[Kerror: [m[Ktemplate argument 1 is invalid
[2.136s]    28 |             std::shared_ptr<Pose[01;31m[K>[m[K GetPoseAbsolute() const { return this->poseAbsolute; }
[2.137s]       |                                 [01;31m[K^[m[K
[2.141s] [01m[K/home/aw/restackcell/ws_moveit2/src/hello_moveit/src/Pose.cpp:[m[K In member function ‘[01m[Kvoid WzlPlanner::Transform::Update(std::shared_ptr<WzlPlanner::Transform>)[m[K’:
[2.141s] [01m[K/home/aw/restackcell/ws_moveit2/src/hello_moveit/src/Pose.cpp:175:69:[m[K [01;35m[Kwarning: [m[Kunused parameter ‘[01m[Kparent[m[K’ [[01;35m[K]8;;https://gcc.gnu.org/onlinedocs/gcc/Warning-Options.html#index-Wunused-parameter-Wunused-parameter]8;;[m[K]
[2.141s]   175 | void WzlPlanner::Transform::Update([01;35m[Kconst std::shared_ptr<Transform> parent[m[K)
[2.141s]       |                                    [01;35m[K~~~~~~~~~~~~~~~~~~~~~~~~~~~~~~~~~^~~~~~[m[K
[2.152s] In file included from [01m[K/home/aw/restackcell/ws_moveit2/src/hello_moveit/src/Task.h:7[m[K,
[2.152s]                  from [01m[K/home/aw/restackcell/ws_moveit2/src/hello_moveit/src/Task.cpp:1[m[K:
[2.152s] [01m[K/home/aw/restackcell/ws_moveit2/src/hello_moveit/src/Pose.h:19:29:[m[K [01;31m[Kerror: [m[K‘[01m[KPose[m[K’ was not declared in this scope
[2.152s]    19 |             std::shared_ptr<[01;31m[KPose[m[K> poseRelative;
[2.152s]       |                             [01;31m[K^~~~[m[K
[2.152s] [01m[K/home/aw/restackcell/ws_moveit2/src/hello_moveit/src/Pose.h:19:33:[m[K [01;31m[Kerror: [m[Ktemplate argument 1 is invalid
[2.152s]    19 |             std::shared_ptr<Pose[01;31m[K>[m[K poseRelative;
[2.152s]       |                                 [01;31m[K^[m[K
[2.156s] [01m[K/home/aw/restackcell/ws_moveit2/src/hello_moveit/src/Pose.h:22:29:[m[K [01;31m[Kerror: [m[K‘[01m[KPose[m[K’ was not declared in this scope
[2.156s]    22 |             std::shared_ptr<[01;31m[KPose[m[K> poseAbsolute;
[2.156s]       |                             [01;31m[K^~~~[m[K
[2.156s] [01m[K/home/aw/restackcell/ws_moveit2/src/hello_moveit/src/Pose.h:22:33:[m[K [01;31m[Kerror: [m[Ktemplate argument 1 is invalid
[2.156s]    22 |             std::shared_ptr<Pose[01;31m[K>[m[K poseAbsolute;
[2.156s]       |                                 [01;31m[K^[m[K
[2.163s] [01m[K/home/aw/restackcell/ws_moveit2/src/hello_moveit/src/Pose.h:27:29:[m[K [01;31m[Kerror: [m[K‘[01m[KPose[m[K’ was not declared in this scope
[2.163s]    27 |             std::shared_ptr<[01;31m[KPose[m[K> GetPoseRelative() const { return this->poseRelative; }
[2.163s]       |                             [01;31m[K^~~~[m[K
[2.163s] [01m[K/home/aw/restackcell/ws_moveit2/src/hello_moveit/src/Pose.h:27:33:[m[K [01;31m[Kerror: [m[Ktemplate argument 1 is invalid
[2.163s]    27 |             std::shared_ptr<Pose[01;31m[K>[m[K GetPoseRelative() const { return this->poseRelative; }
[2.163s]       |                                 [01;31m[K^[m[K
[2.168s] [01m[K/home/aw/restackcell/ws_moveit2/src/hello_moveit/src/Pose.h:28:29:[m[K [01;31m[Kerror: [m[K‘[01m[KPose[m[K’ was not declared in this scope
[2.168s]    28 |             std::shared_ptr<[01;31m[KPose[m[K> GetPoseAbsolute() const { return this->poseAbsolute; }
[2.168s]       |                             [01;31m[K^~~~[m[K
[2.168s] [01m[K/home/aw/restackcell/ws_moveit2/src/hello_moveit/src/Pose.h:28:33:[m[K [01;31m[Kerror: [m[Ktemplate argument 1 is invalid
[2.168s]    28 |             std::shared_ptr<Pose[01;31m[K>[m[K GetPoseAbsolute() const { return this->poseAbsolute; }
[2.168s]       |                                 [01;31m[K^[m[K
[2.183s] In file included from [01m[K/home/aw/restackcell/ws_moveit2/src/hello_moveit/src/Part.h:7[m[K,
[2.183s]                  from [01m[K/home/aw/restackcell/ws_moveit2/src/hello_moveit/src/Part.cpp:1[m[K:
[2.183s] [01m[K/home/aw/restackcell/ws_moveit2/src/hello_moveit/src/Pose.h:19:29:[m[K [01;31m[Kerror: [m[K‘[01m[KPose[m[K’ was not declared in this scope
[2.183s]    19 |             std::shared_ptr<[01;31m[KPose[m[K> poseRelative;
[2.183s]       |                             [01;31m[K^~~~[m[K
[2.183s] [01m[K/home/aw/restackcell/ws_moveit2/src/hello_moveit/src/Pose.h:19:33:[m[K [01;31m[Kerror: [m[Ktemplate argument 1 is invalid
[2.183s]    19 |             std::shared_ptr<Pose[01;31m[K>[m[K poseRelative;
[2.183s]       |                                 [01;31m[K^[m[K
[2.185s] In file included from [01m[K/home/aw/restackcell/ws_moveit2/src/hello_moveit/src/SceneObject.h:7[m[K,
[2.185s]                  from [01m[K/home/aw/restackcell/ws_moveit2/src/hello_moveit/src/SceneObject.cpp:1[m[K:
[2.185s] [01m[K/home/aw/restackcell/ws_moveit2/src/hello_moveit/src/Pose.h:19:29:[m[K [01;31m[Kerror: [m[K‘[01m[KPose[m[K’ was not declared in this scope
[2.185s]    19 |             std::shared_ptr<[01;31m[KPose[m[K> poseRelative;
[2.185s]       |                             [01;31m[K^~~~[m[K
[2.185s] [01m[K/home/aw/restackcell/ws_moveit2/src/hello_moveit/src/Pose.h:19:33:[m[K [01;31m[Kerror: [m[Ktemplate argument 1 is invalid
[2.185s]    19 |             std::shared_ptr<Pose[01;31m[K>[m[K poseRelative;
[2.185s]       |                                 [01;31m[K^[m[K
[2.187s] [01m[K/home/aw/restackcell/ws_moveit2/src/hello_moveit/src/Pose.h:22:29:[m[K [01;31m[Kerror: [m[K‘[01m[KPose[m[K’ was not declared in this scope
[2.187s]    22 |             std::shared_ptr<[01;31m[KPose[m[K> poseAbsolute;
[2.187s]       |                             [01;31m[K^~~~[m[K
[2.187s] [01m[K/home/aw/restackcell/ws_moveit2/src/hello_moveit/src/Pose.h:22:33:[m[K [01;31m[Kerror: [m[Ktemplate argument 1 is invalid
[2.187s]    22 |             std::shared_ptr<Pose[01;31m[K>[m[K poseAbsolute;
[2.187s]       |                                 [01;31m[K^[m[K
[2.189s] [01m[K/home/aw/restackcell/ws_moveit2/src/hello_moveit/src/Pose.h:22:29:[m[K [01;31m[Kerror: [m[K‘[01m[KPose[m[K’ was not declared in this scope
[2.189s]    22 |             std::shared_ptr<[01;31m[KPose[m[K> poseAbsolute;
[2.189s]       |                             [01;31m[K^~~~[m[K
[2.189s] [01m[K/home/aw/restackcell/ws_moveit2/src/hello_moveit/src/Pose.h:22:33:[m[K [01;31m[Kerror: [m[Ktemplate argument 1 is invalid
[2.189s]    22 |             std::shared_ptr<Pose[01;31m[K>[m[K poseAbsolute;
[2.190s]       |                                 [01;31m[K^[m[K
[2.193s] [01m[K/home/aw/restackcell/ws_moveit2/src/hello_moveit/src/Pose.h:27:29:[m[K [01;31m[Kerror: [m[K‘[01m[KPose[m[K’ was not declared in this scope
[2.193s]    27 |             std::shared_ptr<[01;31m[KPose[m[K> GetPoseRelative() const { return this->poseRelative; }
[2.193s]       |                             [01;31m[K^~~~[m[K
[2.193s] [01m[K/home/aw/restackcell/ws_moveit2/src/hello_moveit/src/Pose.h:27:33:[m[K [01;31m[Kerror: [m[Ktemplate argument 1 is invalid
[2.194s]    27 |             std::shared_ptr<Pose[01;31m[K>[m[K GetPoseRelative() const { return this->poseRelative; }
[2.194s]       |                                 [01;31m[K^[m[K
[2.198s] [01m[K/home/aw/restackcell/ws_moveit2/src/hello_moveit/src/Pose.h:27:29:[m[K [01;31m[Kerror: [m[K‘[01m[KPose[m[K’ was not declared in this scope
[2.198s]    27 |             std::shared_ptr<[01;31m[KPose[m[K> GetPoseRelative() const { return this->poseRelative; }
[2.198s]       |                             [01;31m[K^~~~[m[K
[2.198s] [01m[K/home/aw/restackcell/ws_moveit2/src/hello_moveit/src/Pose.h:27:33:[m[K [01;31m[Kerror: [m[Ktemplate argument 1 is invalid
[2.198s]    27 |             std::shared_ptr<Pose[01;31m[K>[m[K GetPoseRelative() const { return this->poseRelative; }
[2.198s]       |                                 [01;31m[K^[m[K
[2.200s] [01m[K/home/aw/restackcell/ws_moveit2/src/hello_moveit/src/Pose.h:28:29:[m[K [01;31m[Kerror: [m[K‘[01m[KPose[m[K’ was not declared in this scope
[2.200s]    28 |             std::shared_ptr<[01;31m[KPose[m[K> GetPoseAbsolute() const { return this->poseAbsolute; }
[2.200s]       |                             [01;31m[K^~~~[m[K
[2.200s] [01m[K/home/aw/restackcell/ws_moveit2/src/hello_moveit/src/Pose.h:28:33:[m[K [01;31m[Kerror: [m[Ktemplate argument 1 is invalid
[2.200s]    28 |             std::shared_ptr<Pose[01;31m[K>[m[K GetPoseAbsolute() const { return this->poseAbsolute; }
[2.200s]       |                                 [01;31m[K^[m[K
[2.204s] [01m[K/home/aw/restackcell/ws_moveit2/src/hello_moveit/src/Pose.h:28:29:[m[K [01;31m[Kerror: [m[K‘[01m[KPose[m[K’ was not declared in this scope
[2.204s]    28 |             std::shared_ptr<[01;31m[KPose[m[K> GetPoseAbsolute() const { return this->poseAbsolute; }
[2.204s]       |                             [01;31m[K^~~~[m[K
[2.204s] [01m[K/home/aw/restackcell/ws_moveit2/src/hello_moveit/src/Pose.h:28:33:[m[K [01;31m[Kerror: [m[Ktemplate argument 1 is invalid
[2.204s]    28 |             std::shared_ptr<Pose[01;31m[K>[m[K GetPoseAbsolute() const { return this->poseAbsolute; }
[2.204s]       |                                 [01;31m[K^[m[K
[2.549s] gmake[2]: *** [CMakeFiles/robo_planner.dir/build.make:118: CMakeFiles/robo_planner.dir/src/Pose.cpp.o] Error 1
[2.549s] gmake[2]: *** Waiting for unfinished jobs....
[2.584s] gmake[2]: *** [CMakeFiles/robo_planner.dir/build.make:104: CMakeFiles/robo_planner.dir/src/Part.cpp.o] Error 1
[2.638s] gmake[2]: *** [CMakeFiles/robo_planner.dir/build.make:146: CMakeFiles/robo_planner.dir/src/SceneObject.cpp.o] Error 1
[2.644s] gmake[2]: *** [CMakeFiles/robo_planner.dir/build.make:160: CMakeFiles/robo_planner.dir/src/Task.cpp.o] Error 1
[2.644s] gmake[1]: *** [CMakeFiles/Makefile2:137: CMakeFiles/robo_planner.dir/all] Error 2
[2.644s] gmake: *** [Makefile:146: all] Error 2
[2.646s] Invoked command in '/home/aw/restackcell/ws_moveit2/build/robo_planner' returned '2': CMAKE_PREFIX_PATH=${CMAKE_PREFIX_PATH}:/opt/ros/humble /usr/bin/cmake --build /home/aw/restackcell/ws_moveit2/build/robo_planner -- -j16 -l16
