[0.016s] Invoking command in '/home/aw/restackcell/ws_moveit2/build/robo_planner': CMAKE_PREFIX_PATH=${CMAKE_PREFIX_PATH}:/home/aw/restackcell/ws_moveit2/install/moveit_configs_utils:/home/aw/restackcell/ws_moveit2/install/launch_param_builder:/opt/ros/humble /usr/bin/cmake --build /home/aw/restackcell/ws_moveit2/build/robo_planner -- -j16 -l16
[0.053s] [35m[1mConsolidate compiler generated dependencies of target robo_planner[0m
[0.075s] [ 12%] [32mBuilding CXX object CMakeFiles/robo_planner.dir/src/Main.cpp.o[0m
[4.080s] [ 25%] [32m[1mLinking CXX executable robo_planner[0m
[5.066s] [100%] Built target robo_planner
[5.075s] Invoked command in '/home/aw/restackcell/ws_moveit2/build/robo_planner' returned '0': CMAKE_PREFIX_PATH=${CMAKE_PREFIX_PATH}:/home/aw/restackcell/ws_moveit2/install/moveit_configs_utils:/home/aw/restackcell/ws_moveit2/install/launch_param_builder:/opt/ros/humble /usr/bin/cmake --build /home/aw/restackcell/ws_moveit2/build/robo_planner -- -j16 -l16
[5.122s] Invoking command in '/home/aw/restackcell/ws_moveit2/build/robo_planner': CMAKE_PREFIX_PATH=${CMAKE_PREFIX_PATH}:/home/aw/restackcell/ws_moveit2/install/moveit_configs_utils:/home/aw/restackcell/ws_moveit2/install/launch_param_builder:/opt/ros/humble /usr/bin/cmake --install /home/aw/restackcell/ws_moveit2/build/robo_planner
[5.127s] -- Install configuration: ""
[5.128s] -- Installing: /home/aw/restackcell/ws_moveit2/install/robo_planner/lib/robo_planner/robo_planner
[5.128s] -- Set runtime path of "/home/aw/restackcell/ws_moveit2/install/robo_planner/lib/robo_planner/robo_planner" to ""
[5.129s] -- Up-to-date: /home/aw/restackcell/ws_moveit2/install/robo_planner/share/ament_index/resource_index/package_run_dependencies/robo_planner
[5.129s] -- Up-to-date: /home/aw/restackcell/ws_moveit2/install/robo_planner/share/ament_index/resource_index/parent_prefix_path/robo_planner
[5.129s] -- Up-to-date: /home/aw/restackcell/ws_moveit2/install/robo_planner/share/robo_planner/environment/ament_prefix_path.sh
[5.129s] -- Up-to-date: /home/aw/restackcell/ws_moveit2/install/robo_planner/share/robo_planner/environment/ament_prefix_path.dsv
[5.129s] -- Up-to-date: /home/aw/restackcell/ws_moveit2/install/robo_planner/share/robo_planner/environment/path.sh
[5.129s] -- Up-to-date: /home/aw/restackcell/ws_moveit2/install/robo_planner/share/robo_planner/environment/path.dsv
[5.129s] -- Up-to-date: /home/aw/restackcell/ws_moveit2/install/robo_planner/share/robo_planner/local_setup.bash
[5.129s] -- Up-to-date: /home/aw/restackcell/ws_moveit2/install/robo_planner/share/robo_planner/local_setup.sh
[5.129s] -- Up-to-date: /home/aw/restackcell/ws_moveit2/install/robo_planner/share/robo_planner/local_setup.zsh
[5.129s] -- Up-to-date: /home/aw/restackcell/ws_moveit2/install/robo_planner/share/robo_planner/local_setup.dsv
[5.130s] -- Installing: /home/aw/restackcell/ws_moveit2/install/robo_planner/share/robo_planner/package.dsv
[5.130s] -- Up-to-date: /home/aw/restackcell/ws_moveit2/install/robo_planner/share/ament_index/resource_index/packages/robo_planner
[5.130s] -- Up-to-date: /home/aw/restackcell/ws_moveit2/install/robo_planner/share/robo_planner/cmake/robo_plannerConfig.cmake
[5.130s] -- Up-to-date: /home/aw/restackcell/ws_moveit2/install/robo_planner/share/robo_planner/cmake/robo_plannerConfig-version.cmake
[5.130s] -- Up-to-date: /home/aw/restackcell/ws_moveit2/install/robo_planner/share/robo_planner/package.xml
[5.131s] Invoked command in '/home/aw/restackcell/ws_moveit2/build/robo_planner' returned '0': CMAKE_PREFIX_PATH=${CMAKE_PREFIX_PATH}:/home/aw/restackcell/ws_moveit2/install/moveit_configs_utils:/home/aw/restackcell/ws_moveit2/install/launch_param_builder:/opt/ros/humble /usr/bin/cmake --install /home/aw/restackcell/ws_moveit2/build/robo_planner
