[0.667s] Invoking command in '/home/alex/restackcell/ws_moveit2/src/py_pubsub': PYTHONPATH=/home/alex/restackcell/ws_moveit2/build/py_pubsub/prefix_override:/home/alex/restackcell/ws_moveit2/install/py_pubsub/lib/python3.10/site-packages:${PYTHONPATH} /usr/bin/python3 -W ignore:setup.py install is deprecated setup.py egg_info --egg-base ../../build/py_pubsub build --build-base /home/alex/restackcell/ws_moveit2/build/py_pubsub/build install --record /home/alex/restackcell/ws_moveit2/build/py_pubsub/install.log --single-version-externally-managed install_data
[0.908s] running egg_info
[0.908s] writing ../../build/py_pubsub/py_pubsub.egg-info/PKG-INFO
[0.909s] writing dependency_links to ../../build/py_pubsub/py_pubsub.egg-info/dependency_links.txt
[0.909s] writing entry points to ../../build/py_pubsub/py_pubsub.egg-info/entry_points.txt
[0.909s] writing requirements to ../../build/py_pubsub/py_pubsub.egg-info/requires.txt
[0.909s] writing top-level names to ../../build/py_pubsub/py_pubsub.egg-info/top_level.txt
[0.911s] reading manifest file '../../build/py_pubsub/py_pubsub.egg-info/SOURCES.txt'
[0.911s] adding license file 'LICENSE'
[0.912s] writing manifest file '../../build/py_pubsub/py_pubsub.egg-info/SOURCES.txt'
[0.912s] running build
[0.912s] running build_py
[0.912s] running install
[0.913s] running install_lib
[0.914s] running install_data
[0.914s] running install_egg_info
[0.916s] removing '/home/alex/restackcell/ws_moveit2/install/py_pubsub/lib/python3.10/site-packages/py_pubsub-0.0.0-py3.10.egg-info' (and everything under it)
[0.916s] Copying ../../build/py_pubsub/py_pubsub.egg-info to /home/alex/restackcell/ws_moveit2/install/py_pubsub/lib/python3.10/site-packages/py_pubsub-0.0.0-py3.10.egg-info
[0.917s] running install_scripts
[0.939s] Installing listener script to /home/alex/restackcell/ws_moveit2/install/py_pubsub/lib/py_pubsub
[0.939s] Installing talker script to /home/alex/restackcell/ws_moveit2/install/py_pubsub/lib/py_pubsub
[0.939s] writing list of installed files to '/home/alex/restackcell/ws_moveit2/build/py_pubsub/install.log'
[0.972s] Invoked command in '/home/alex/restackcell/ws_moveit2/src/py_pubsub' returned '0': PYTHONPATH=/home/alex/restackcell/ws_moveit2/build/py_pubsub/prefix_override:/home/alex/restackcell/ws_moveit2/install/py_pubsub/lib/python3.10/site-packages:${PYTHONPATH} /usr/bin/python3 -W ignore:setup.py install is deprecated setup.py egg_info --egg-base ../../build/py_pubsub build --build-base /home/alex/restackcell/ws_moveit2/build/py_pubsub/build install --record /home/alex/restackcell/ws_moveit2/build/py_pubsub/install.log --single-version-externally-managed install_data
