[0.679s] Invoking command in '/home/alex/restackcell/ws_moveit2/src/tof_detection_module': PYTHONPATH=/home/alex/restackcell/ws_moveit2/build/tof_detection_module/prefix_override:/home/alex/restackcell/ws_moveit2/install/tof_detection_module/lib/python3.10/site-packages:${PYTHONPATH} /usr/bin/python3 -W ignore:setup.py install is deprecated setup.py egg_info --egg-base ../../build/tof_detection_module build --build-base /home/alex/restackcell/ws_moveit2/build/tof_detection_module/build install --record /home/alex/restackcell/ws_moveit2/build/tof_detection_module/install.log --single-version-externally-managed install_data
[0.937s] running egg_info
[0.937s] writing ../../build/tof_detection_module/tof_detection_module.egg-info/PKG-INFO
[0.938s] writing dependency_links to ../../build/tof_detection_module/tof_detection_module.egg-info/dependency_links.txt
[0.938s] writing entry points to ../../build/tof_detection_module/tof_detection_module.egg-info/entry_points.txt
[0.938s] writing requirements to ../../build/tof_detection_module/tof_detection_module.egg-info/requires.txt
[0.938s] writing top-level names to ../../build/tof_detection_module/tof_detection_module.egg-info/top_level.txt
[0.940s] reading manifest file '../../build/tof_detection_module/tof_detection_module.egg-info/SOURCES.txt'
[0.941s] writing manifest file '../../build/tof_detection_module/tof_detection_module.egg-info/SOURCES.txt'
[0.941s] running build
[0.941s] running build_py
[0.941s] running install
[0.942s] running install_lib
[0.943s] running install_data
[0.943s] running install_egg_info
[0.945s] removing '/home/alex/restackcell/ws_moveit2/install/tof_detection_module/lib/python3.10/site-packages/tof_detection_module-0.0.0-py3.10.egg-info' (and everything under it)
[0.945s] Copying ../../build/tof_detection_module/tof_detection_module.egg-info to /home/alex/restackcell/ws_moveit2/install/tof_detection_module/lib/python3.10/site-packages/tof_detection_module-0.0.0-py3.10.egg-info
[0.946s] running install_scripts
[0.970s] Installing camera script to /home/alex/restackcell/ws_moveit2/install/tof_detection_module/lib/tof_detection_module
[0.970s] Installing detection script to /home/alex/restackcell/ws_moveit2/install/tof_detection_module/lib/tof_detection_module
[0.971s] Installing main script to /home/alex/restackcell/ws_moveit2/install/tof_detection_module/lib/tof_detection_module
[0.971s] Installing ros_camera_publisher script to /home/alex/restackcell/ws_moveit2/install/tof_detection_module/lib/tof_detection_module
[0.971s] writing list of installed files to '/home/alex/restackcell/ws_moveit2/build/tof_detection_module/install.log'
[1.036s] Invoked command in '/home/alex/restackcell/ws_moveit2/src/tof_detection_module' returned '0': PYTHONPATH=/home/alex/restackcell/ws_moveit2/build/tof_detection_module/prefix_override:/home/alex/restackcell/ws_moveit2/install/tof_detection_module/lib/python3.10/site-packages:${PYTHONPATH} /usr/bin/python3 -W ignore:setup.py install is deprecated setup.py egg_info --egg-base ../../build/tof_detection_module build --build-base /home/alex/restackcell/ws_moveit2/build/tof_detection_module/build install --record /home/alex/restackcell/ws_moveit2/build/tof_detection_module/install.log --single-version-externally-managed install_data
