[1.919s] Invoking command in '/home/autopilot/ws/restackcell/ws_moveit2/src/opcua_client_io_link': PYTHONPATH=/home/autopilot/ws/restackcell/ws_moveit2/build/opcua_client_io_link/prefix_override:/usr/lib/python3/dist-packages/colcon_core/task/python/colcon_distutils_commands:/home/autopilot/ws/restackcell/ws_moveit2/install/opcua_client_io_link/lib/python3.10/site-packages:${PYTHONPATH} /usr/bin/python3 -W ignore:setup.py install is deprecated setup.py egg_info --egg-base ../../build/opcua_client_io_link build --build-base /home/autopilot/ws/restackcell/ws_moveit2/build/opcua_client_io_link/build install --record /home/autopilot/ws/restackcell/ws_moveit2/build/opcua_client_io_link/install.log --single-version-externally-managed install_data
[2.422s] running egg_info
[2.423s] writing ../../build/opcua_client_io_link/opcua_client_io_link.egg-info/PKG-INFO
[2.424s] writing dependency_links to ../../build/opcua_client_io_link/opcua_client_io_link.egg-info/dependency_links.txt
[2.424s] writing entry points to ../../build/opcua_client_io_link/opcua_client_io_link.egg-info/entry_points.txt
[2.425s] writing requirements to ../../build/opcua_client_io_link/opcua_client_io_link.egg-info/requires.txt
[2.425s] writing top-level names to ../../build/opcua_client_io_link/opcua_client_io_link.egg-info/top_level.txt
[2.427s] reading manifest file '../../build/opcua_client_io_link/opcua_client_io_link.egg-info/SOURCES.txt'
[2.429s] writing manifest file '../../build/opcua_client_io_link/opcua_client_io_link.egg-info/SOURCES.txt'
[2.430s] running build
[2.430s] running build_py
[2.430s] copying opcua_client_io_link/client_node_io_link.py -> /home/autopilot/ws/restackcell/ws_moveit2/build/opcua_client_io_link/build/lib/opcua_client_io_link
[2.431s] running install
[2.431s] running install_lib
[2.433s] copying /home/autopilot/ws/restackcell/ws_moveit2/build/opcua_client_io_link/build/lib/opcua_client_io_link/client_node_io_link.py -> /home/autopilot/ws/restackcell/ws_moveit2/install/opcua_client_io_link/lib/python3.10/site-packages/opcua_client_io_link
[2.434s] byte-compiling /home/autopilot/ws/restackcell/ws_moveit2/install/opcua_client_io_link/lib/python3.10/site-packages/opcua_client_io_link/client_node_io_link.py to client_node_io_link.cpython-310.pyc
[2.436s] running install_data
[2.437s] running install_egg_info
[2.440s] removing '/home/autopilot/ws/restackcell/ws_moveit2/install/opcua_client_io_link/lib/python3.10/site-packages/opcua_client_io_link-0.0.0-py3.10.egg-info' (and everything under it)
[2.441s] Copying ../../build/opcua_client_io_link/opcua_client_io_link.egg-info to /home/autopilot/ws/restackcell/ws_moveit2/install/opcua_client_io_link/lib/python3.10/site-packages/opcua_client_io_link-0.0.0-py3.10.egg-info
[2.442s] running install_scripts
[2.479s] Installing client_node_io_link script to /home/autopilot/ws/restackcell/ws_moveit2/install/opcua_client_io_link/lib/opcua_client_io_link
[2.479s] writing list of installed files to '/home/autopilot/ws/restackcell/ws_moveit2/build/opcua_client_io_link/install.log'
[2.659s] Invoked command in '/home/autopilot/ws/restackcell/ws_moveit2/src/opcua_client_io_link' returned '0': PYTHONPATH=/home/autopilot/ws/restackcell/ws_moveit2/build/opcua_client_io_link/prefix_override:/usr/lib/python3/dist-packages/colcon_core/task/python/colcon_distutils_commands:/home/autopilot/ws/restackcell/ws_moveit2/install/opcua_client_io_link/lib/python3.10/site-packages:${PYTHONPATH} /usr/bin/python3 -W ignore:setup.py install is deprecated setup.py egg_info --egg-base ../../build/opcua_client_io_link build --build-base /home/autopilot/ws/restackcell/ws_moveit2/build/opcua_client_io_link/build install --record /home/autopilot/ws/restackcell/ws_moveit2/build/opcua_client_io_link/install.log --single-version-externally-managed install_data
