-- The C compiler identification is GNU 11.4.0
-- The CXX compiler identification is GNU 11.4.0
-- Detecting C compiler ABI info
-- Detecting C compiler ABI info - done
-- Check for working C compiler: /usr/bin/cc - skipped
-- Detecting C compile features
-- Detecting C compile features - done
-- Detecting CXX compiler ABI info
-- Detecting CXX compiler ABI info - done
-- Check for working CXX compiler: /usr/bin/c++ - skipped
-- Detecting CXX compile features
-- Detecting CXX compile features - done
-- Found ament_cmake_auto: 1.3.8 (/opt/ros/humble/share/ament_cmake_auto/cmake)
-- Found Python3: /usr/bin/python3 (found version "3.10.12") found components: Interpreter 
-- Found rclcpp: 16.0.8 (/opt/ros/humble/share/rclcpp/cmake)
-- Found rosidl_generator_c: 3.1.5 (/opt/ros/humble/share/rosidl_generator_c/cmake)
-- Found rosidl_adapter: 3.1.5 (/opt/ros/humble/share/rosidl_adapter/cmake)
-- Found rosidl_generator_cpp: 3.1.5 (/opt/ros/humble/share/rosidl_generator_cpp/cmake)
-- Using all available rosidl_typesupport_c: rosidl_typesupport_fastrtps_c;rosidl_typesupport_introspection_c
-- Using all available rosidl_typesupport_cpp: rosidl_typesupport_fastrtps_cpp;rosidl_typesupport_introspection_cpp
-- Found rmw_implementation_cmake: 6.1.1 (/opt/ros/humble/share/rmw_implementation_cmake/cmake)
-- Found rmw_fastrtps_cpp: 6.2.6 (/opt/ros/humble/share/rmw_fastrtps_cpp/cmake)
-- Found OpenSSL: /usr/lib/x86_64-linux-gnu/libcrypto.so (found version "3.0.2")  
-- Found FastRTPS: /opt/ros/humble/include  
-- Using RMW implementation 'rmw_fastrtps_cpp' as default
-- Looking for pthread.h
-- Looking for pthread.h - found
-- Performing Test CMAKE_HAVE_LIBC_PTHREAD
-- Performing Test CMAKE_HAVE_LIBC_PTHREAD - Success
-- Found Threads: TRUE  
-- Found ament_lint_auto: 0.12.10 (/opt/ros/humble/share/ament_lint_auto/cmake)
-- Found OpenCV: /usr (found version "4.5.4") 
-- Found sensor_msgs: 4.2.3 (/opt/ros/humble/share/sensor_msgs/cmake)
-- Found cv_bridge: 3.2.1 (/opt/ros/humble/share/cv_bridge/cmake)
-- Added test 'copyright' to check source files copyright and LICENSE
-- Added test 'cppcheck' to perform static code analysis on C / C++ code
-- Configured cppcheck include dirs: /home/alex/restackcell/ws_moveit2/src/lucid_vision_driver-main/include
-- Configured cppcheck exclude dirs and/or files: 
-- Added test 'cpplint' to check C / C++ code against the Google style
-- Configured cpplint exclude dirs and/or files: 
-- Added test 'flake8' to check Python code syntax and style conventions
-- Added test 'lint_cmake' to check CMake code style
-- Added test 'pep257' to check Python code against some of the docstring style conventions in PEP 257
-- Added test 'uncrustify' to check C / C++ code style
-- Configured uncrustify additional arguments: 
-- Added test 'xmllint' to check XML markup files
-- Configuring done
-- Generating done
-- Build files have been written to: /home/alex/restackcell/ws_moveit2/build/lucid_vision_driver
[ 66%] [32mBuilding CXX object CMakeFiles/arena_camera_node.dir/src/arena_cameras_handler.cpp.o[0m
[ 66%] [32mBuilding CXX object CMakeFiles/arena_camera_node.dir/src/arena_camera.cpp.o[0m
[ 66%] [32mBuilding CXX object CMakeFiles/arena_camera_node.dir/src/arena_camera_node.cpp.o[0m
[ 66%] [32mBuilding CXX object CMakeFiles/arena_camera_node_exe.dir/rclcpp_components/node_main_arena_camera_node_exe.cpp.o[0m
[ 83%] [32m[1mLinking CXX executable arena_camera_node_exe[0m
[ 83%] Built target arena_camera_node_exe
[100%] [32m[1mLinking CXX shared library libarena_camera_node.so[0m
[100%] Built target arena_camera_node
-- Install configuration: ""
-- Installing: /home/alex/restackcell/ws_moveit2/install/lucid_vision_driver/lib/lucid_vision_driver/arena_camera_node_exe
-- Set runtime path of "/home/alex/restackcell/ws_moveit2/install/lucid_vision_driver/lib/lucid_vision_driver/arena_camera_node_exe" to ""
-- Installing: /home/alex/restackcell/ws_moveit2/install/lucid_vision_driver/include
-- Installing: /home/alex/restackcell/ws_moveit2/install/lucid_vision_driver/include/arena_camera
-- Installing: /home/alex/restackcell/ws_moveit2/install/lucid_vision_driver/include/arena_camera/arena_camera.h
-- Installing: /home/alex/restackcell/ws_moveit2/install/lucid_vision_driver/include/arena_camera/arena_camera_node.h
-- Installing: /home/alex/restackcell/ws_moveit2/install/lucid_vision_driver/include/arena_camera/camera_settings.h
-- Installing: /home/alex/restackcell/ws_moveit2/install/lucid_vision_driver/include/arena_camera/arena_cameras_handler.h
-- Installing: /home/alex/restackcell/ws_moveit2/install/lucid_vision_driver/share/lucid_vision_driver/environment/library_path.sh
-- Installing: /home/alex/restackcell/ws_moveit2/install/lucid_vision_driver/share/lucid_vision_driver/environment/library_path.dsv
-- Installing: /home/alex/restackcell/ws_moveit2/install/lucid_vision_driver/lib/libarena_camera_node.so
-- Set runtime path of "/home/alex/restackcell/ws_moveit2/install/lucid_vision_driver/lib/libarena_camera_node.so" to ""
-- Installing: /home/alex/restackcell/ws_moveit2/install/lucid_vision_driver/share/lucid_vision_driver/launch
-- Installing: /home/alex/restackcell/ws_moveit2/install/lucid_vision_driver/share/lucid_vision_driver/launch/test_node_container.launch.py
-- Installing: /home/alex/restackcell/ws_moveit2/install/lucid_vision_driver/share/lucid_vision_driver/launch/__pycache__
-- Installing: /home/alex/restackcell/ws_moveit2/install/lucid_vision_driver/share/lucid_vision_driver/launch/__pycache__/test_node_container.launch.cpython-310.pyc
-- Installing: /home/alex/restackcell/ws_moveit2/install/lucid_vision_driver/share/lucid_vision_driver/config
-- Installing: /home/alex/restackcell/ws_moveit2/install/lucid_vision_driver/share/lucid_vision_driver/config/test_full_res.yaml
-- Installing: /home/alex/restackcell/ws_moveit2/install/lucid_vision_driver/share/lucid_vision_driver/config/test.yaml
-- Installing: /home/alex/restackcell/ws_moveit2/install/lucid_vision_driver/share/lucid_vision_driver/param
-- Installing: /home/alex/restackcell/ws_moveit2/install/lucid_vision_driver/share/lucid_vision_driver/param/test.param.yaml
-- Installing: /home/alex/restackcell/ws_moveit2/install/lucid_vision_driver/share/ament_index/resource_index/package_run_dependencies/lucid_vision_driver
-- Installing: /home/alex/restackcell/ws_moveit2/install/lucid_vision_driver/share/ament_index/resource_index/parent_prefix_path/lucid_vision_driver
-- Installing: /home/alex/restackcell/ws_moveit2/install/lucid_vision_driver/share/lucid_vision_driver/environment/ament_prefix_path.sh
-- Installing: /home/alex/restackcell/ws_moveit2/install/lucid_vision_driver/share/lucid_vision_driver/environment/ament_prefix_path.dsv
-- Installing: /home/alex/restackcell/ws_moveit2/install/lucid_vision_driver/share/lucid_vision_driver/environment/path.sh
-- Installing: /home/alex/restackcell/ws_moveit2/install/lucid_vision_driver/share/lucid_vision_driver/environment/path.dsv
-- Installing: /home/alex/restackcell/ws_moveit2/install/lucid_vision_driver/share/lucid_vision_driver/local_setup.bash
-- Installing: /home/alex/restackcell/ws_moveit2/install/lucid_vision_driver/share/lucid_vision_driver/local_setup.sh
-- Installing: /home/alex/restackcell/ws_moveit2/install/lucid_vision_driver/share/lucid_vision_driver/local_setup.zsh
-- Installing: /home/alex/restackcell/ws_moveit2/install/lucid_vision_driver/share/lucid_vision_driver/local_setup.dsv
-- Installing: /home/alex/restackcell/ws_moveit2/install/lucid_vision_driver/share/lucid_vision_driver/package.dsv
-- Installing: /home/alex/restackcell/ws_moveit2/install/lucid_vision_driver/share/ament_index/resource_index/packages/lucid_vision_driver
-- Installing: /home/alex/restackcell/ws_moveit2/install/lucid_vision_driver/share/ament_index/resource_index/rclcpp_components/lucid_vision_driver
-- Installing: /home/alex/restackcell/ws_moveit2/install/lucid_vision_driver/share/lucid_vision_driver/cmake/ament_cmake_export_include_directories-extras.cmake
-- Installing: /home/alex/restackcell/ws_moveit2/install/lucid_vision_driver/share/lucid_vision_driver/cmake/ament_cmake_export_dependencies-extras.cmake
-- Installing: /home/alex/restackcell/ws_moveit2/install/lucid_vision_driver/share/lucid_vision_driver/cmake/ament_cmake_export_libraries-extras.cmake
-- Installing: /home/alex/restackcell/ws_moveit2/install/lucid_vision_driver/share/lucid_vision_driver/cmake/lucid_vision_driverConfig.cmake
-- Installing: /home/alex/restackcell/ws_moveit2/install/lucid_vision_driver/share/lucid_vision_driver/cmake/lucid_vision_driverConfig-version.cmake
-- Installing: /home/alex/restackcell/ws_moveit2/install/lucid_vision_driver/share/lucid_vision_driver/package.xml
