[0.512s] Invoking command in '/home/aw/restackcell/ws_moveit2/src/interface_opcua': PYTHONPATH=/home/aw/restackcell/ws_moveit2/build/interface_opcua/prefix_override:/home/aw/restackcell/ws_moveit2/install/interface_opcua/lib/python3.10/site-packages: /usr/bin/python3 -W ignore:setup.py install is deprecated setup.py egg_info --egg-base ../../build/interface_opcua build --build-base /home/aw/restackcell/ws_moveit2/build/interface_opcua/build install --record /home/aw/restackcell/ws_moveit2/build/interface_opcua/install.log --single-version-externally-managed install_data
[0.627s] running egg_info
[0.628s] writing ../../build/interface_opcua/interface_opcua.egg-info/PKG-INFO
[0.628s] writing dependency_links to ../../build/interface_opcua/interface_opcua.egg-info/dependency_links.txt
[0.629s] writing entry points to ../../build/interface_opcua/interface_opcua.egg-info/entry_points.txt
[0.629s] writing requirements to ../../build/interface_opcua/interface_opcua.egg-info/requires.txt
[0.629s] writing top-level names to ../../build/interface_opcua/interface_opcua.egg-info/top_level.txt
[0.630s] reading manifest file '../../build/interface_opcua/interface_opcua.egg-info/SOURCES.txt'
[0.630s] adding license file 'LICENSE'
[0.631s] writing manifest file '../../build/interface_opcua/interface_opcua.egg-info/SOURCES.txt'
[0.631s] running build
[0.631s] running build_py
[0.631s] copying interface_opcua/service_member_function.py -> /home/aw/restackcell/ws_moveit2/build/interface_opcua/build/lib/interface_opcua
[0.632s] running install
[0.632s] running install_lib
[0.632s] copying /home/aw/restackcell/ws_moveit2/build/interface_opcua/build/lib/interface_opcua/service_member_function.py -> /home/aw/restackcell/ws_moveit2/install/interface_opcua/lib/python3.10/site-packages/interface_opcua
[0.632s] byte-compiling /home/aw/restackcell/ws_moveit2/install/interface_opcua/lib/python3.10/site-packages/interface_opcua/service_member_function.py to service_member_function.cpython-310.pyc
[0.633s] running install_data
[0.634s] running install_egg_info
[0.635s] removing '/home/aw/restackcell/ws_moveit2/install/interface_opcua/lib/python3.10/site-packages/interface_opcua-0.0.0-py3.10.egg-info' (and everything under it)
[0.635s] Copying ../../build/interface_opcua/interface_opcua.egg-info to /home/aw/restackcell/ws_moveit2/install/interface_opcua/lib/python3.10/site-packages/interface_opcua-0.0.0-py3.10.egg-info
[0.635s] running install_scripts
[0.651s] Installing service script to /home/aw/restackcell/ws_moveit2/install/interface_opcua/lib/interface_opcua
[0.651s] writing list of installed files to '/home/aw/restackcell/ws_moveit2/build/interface_opcua/install.log'
[0.667s] Invoked command in '/home/aw/restackcell/ws_moveit2/src/interface_opcua' returned '0': PYTHONPATH=/home/aw/restackcell/ws_moveit2/build/interface_opcua/prefix_override:/home/aw/restackcell/ws_moveit2/install/interface_opcua/lib/python3.10/site-packages: /usr/bin/python3 -W ignore:setup.py install is deprecated setup.py egg_info --egg-base ../../build/interface_opcua build --build-base /home/aw/restackcell/ws_moveit2/build/interface_opcua/build install --record /home/aw/restackcell/ws_moveit2/build/interface_opcua/install.log --single-version-externally-managed install_data
