[0.078s] Invoking command in '/home/alex/ws_moveit2/src/hello_moveit/build/hello_moveit': CMAKE_PREFIX_PATH=${CMAKE_PREFIX_PATH}:/home/alex/ws_moveit2/install/moveit_configs_utils:/home/alex/ws_moveit2/install/launch_param_builder:/opt/ros/humble /usr/bin/cmake --build /home/alex/ws_moveit2/src/hello_moveit/build/hello_moveit -- -j16 -l16
[0.150s] [35m[1mConsolidate compiler generated dependencies of target hello_moveit[0m
[0.200s] [ 33%] [32mBuilding CXX object CMakeFiles/hello_moveit.dir/src/hello_moveit.cpp.o[0m
[7.903s] [ 66%] [32m[1mLinking CXX executable hello_moveit[0m
[8.242s] [100%] Built target hello_moveit
[8.257s] Invoked command in '/home/alex/ws_moveit2/src/hello_moveit/build/hello_moveit' returned '0': CMAKE_PREFIX_PATH=${CMAKE_PREFIX_PATH}:/home/alex/ws_moveit2/install/moveit_configs_utils:/home/alex/ws_moveit2/install/launch_param_builder:/opt/ros/humble /usr/bin/cmake --build /home/alex/ws_moveit2/src/hello_moveit/build/hello_moveit -- -j16 -l16
[8.337s] Invoking command in '/home/alex/ws_moveit2/src/hello_moveit/build/hello_moveit': CMAKE_PREFIX_PATH=${CMAKE_PREFIX_PATH}:/home/alex/ws_moveit2/install/moveit_configs_utils:/home/alex/ws_moveit2/install/launch_param_builder:/opt/ros/humble /usr/bin/cmake --install /home/alex/ws_moveit2/src/hello_moveit/build/hello_moveit
[8.347s] -- Install configuration: ""
[8.348s] -- Execute custom install script
[8.348s] -- Up-to-date symlink: /home/alex/ws_moveit2/src/hello_moveit/install/hello_moveit/lib/hello_moveit/hello_moveit
[8.348s] -- Up-to-date symlink: /home/alex/ws_moveit2/src/hello_moveit/install/hello_moveit/share/ament_index/resource_index/package_run_dependencies/hello_moveit
[8.348s] -- Up-to-date symlink: /home/alex/ws_moveit2/src/hello_moveit/install/hello_moveit/share/ament_index/resource_index/parent_prefix_path/hello_moveit
[8.348s] -- Up-to-date symlink: /home/alex/ws_moveit2/src/hello_moveit/install/hello_moveit/share/hello_moveit/environment/ament_prefix_path.sh
[8.349s] -- Up-to-date symlink: /home/alex/ws_moveit2/src/hello_moveit/install/hello_moveit/share/hello_moveit/environment/ament_prefix_path.dsv
[8.349s] -- Up-to-date symlink: /home/alex/ws_moveit2/src/hello_moveit/install/hello_moveit/share/hello_moveit/environment/path.sh
[8.349s] -- Up-to-date symlink: /home/alex/ws_moveit2/src/hello_moveit/install/hello_moveit/share/hello_moveit/environment/path.dsv
[8.349s] -- Up-to-date symlink: /home/alex/ws_moveit2/src/hello_moveit/install/hello_moveit/share/hello_moveit/local_setup.bash
[8.349s] -- Up-to-date symlink: /home/alex/ws_moveit2/src/hello_moveit/install/hello_moveit/share/hello_moveit/local_setup.sh
[8.349s] -- Up-to-date symlink: /home/alex/ws_moveit2/src/hello_moveit/install/hello_moveit/share/hello_moveit/local_setup.zsh
[8.349s] -- Up-to-date symlink: /home/alex/ws_moveit2/src/hello_moveit/install/hello_moveit/share/hello_moveit/local_setup.dsv
[8.349s] -- Symlinking: /home/alex/ws_moveit2/src/hello_moveit/install/hello_moveit/share/hello_moveit/package.dsv
[8.363s] -- Up-to-date symlink: /home/alex/ws_moveit2/src/hello_moveit/install/hello_moveit/share/ament_index/resource_index/packages/hello_moveit
[8.363s] -- Up-to-date symlink: /home/alex/ws_moveit2/src/hello_moveit/install/hello_moveit/share/hello_moveit/cmake/hello_moveitConfig.cmake
[8.363s] -- Up-to-date symlink: /home/alex/ws_moveit2/src/hello_moveit/install/hello_moveit/share/hello_moveit/cmake/hello_moveitConfig-version.cmake
[8.363s] -- Up-to-date symlink: /home/alex/ws_moveit2/src/hello_moveit/install/hello_moveit/share/hello_moveit/package.xml
[8.365s] Invoked command in '/home/alex/ws_moveit2/src/hello_moveit/build/hello_moveit' returned '0': CMAKE_PREFIX_PATH=${CMAKE_PREFIX_PATH}:/home/alex/ws_moveit2/install/moveit_configs_utils:/home/alex/ws_moveit2/install/launch_param_builder:/opt/ros/humble /usr/bin/cmake --install /home/alex/ws_moveit2/src/hello_moveit/build/hello_moveit
