[0.623s] Invoking command in '/home/autopilot/ws/restackcell/ws_moveit2/build/robo_planner_msgs': /usr/bin/cmake --build /home/autopilot/ws/restackcell/ws_moveit2/build/robo_planner_msgs -- -j8 -l8
[0.888s] [ 12%] Built target robo_planner_msgs__rosidl_generator_c
[0.905s] [ 12%] Built target robo_planner_msgs__cpp
[1.008s] [ 12%] Built target ament_cmake_python_copy_robo_planner_msgs
[1.026s] [ 24%] Built target robo_planner_msgs__rosidl_typesupport_introspection_c
[1.026s] [ 36%] Built target robo_planner_msgs__rosidl_typesupport_fastrtps_c
[1.033s] [ 48%] Built target robo_planner_msgs__rosidl_typesupport_c
[1.047s] [ 61%] Built target robo_planner_msgs__rosidl_typesupport_cpp
[1.049s] [ 72%] Built target robo_planner_msgs__rosidl_typesupport_introspection_cpp
[1.063s] [ 84%] Built target robo_planner_msgs__rosidl_typesupport_fastrtps_cpp
[1.131s] [ 84%] Built target robo_planner_msgs
[1.175s] [ 85%] Built target robo_planner_msgs__py
[1.247s] [ 96%] Built target robo_planner_msgs__rosidl_generator_py
[1.305s] [ 98%] Built target robo_planner_msgs__rosidl_typesupport_introspection_c__pyext
[1.331s] [ 99%] Built target robo_planner_msgs__rosidl_typesupport_fastrtps_c__pyext
[1.337s] [100%] Built target robo_planner_msgs__rosidl_typesupport_c__pyext
[1.695s] running egg_info
[1.699s] writing robo_planner_msgs.egg-info/PKG-INFO
[1.701s] writing dependency_links to robo_planner_msgs.egg-info/dependency_links.txt
[1.703s] writing top-level names to robo_planner_msgs.egg-info/top_level.txt
[1.711s] reading manifest file 'robo_planner_msgs.egg-info/SOURCES.txt'
[1.714s] writing manifest file 'robo_planner_msgs.egg-info/SOURCES.txt'
[1.794s] [100%] Built target ament_cmake_python_build_robo_planner_msgs_egg
[1.820s] Invoked command in '/home/autopilot/ws/restackcell/ws_moveit2/build/robo_planner_msgs' returned '0': /usr/bin/cmake --build /home/autopilot/ws/restackcell/ws_moveit2/build/robo_planner_msgs -- -j8 -l8
[4.944s] Invoking command in '/home/autopilot/ws/restackcell/ws_moveit2/build/robo_planner_msgs': /usr/bin/cmake --install /home/autopilot/ws/restackcell/ws_moveit2/build/robo_planner_msgs
[4.958s] -- Install configuration: ""
[4.959s] -- Up-to-date: /home/autopilot/ws/restackcell/ws_moveit2/install/robo_planner_msgs/share/ament_index/resource_index/rosidl_interfaces/robo_planner_msgs
[4.959s] -- Up-to-date: /home/autopilot/ws/restackcell/ws_moveit2/install/robo_planner_msgs/include/robo_planner_msgs/robo_planner_msgs
[4.960s] -- Up-to-date: /home/autopilot/ws/restackcell/ws_moveit2/install/robo_planner_msgs/include/robo_planner_msgs/robo_planner_msgs/msg
[4.960s] -- Up-to-date: /home/autopilot/ws/restackcell/ws_moveit2/install/robo_planner_msgs/include/robo_planner_msgs/robo_planner_msgs/msg/scene_object_set_pose.h
[4.961s] -- Up-to-date: /home/autopilot/ws/restackcell/ws_moveit2/install/robo_planner_msgs/include/robo_planner_msgs/robo_planner_msgs/msg/labeled_point_clouds.h
[4.961s] -- Up-to-date: /home/autopilot/ws/restackcell/ws_moveit2/install/robo_planner_msgs/include/robo_planner_msgs/robo_planner_msgs/msg/scene_object_add.h
[4.961s] -- Up-to-date: /home/autopilot/ws/restackcell/ws_moveit2/install/robo_planner_msgs/include/robo_planner_msgs/robo_planner_msgs/msg/rosidl_generator_c__visibility_control.h
[4.962s] -- Up-to-date: /home/autopilot/ws/restackcell/ws_moveit2/install/robo_planner_msgs/include/robo_planner_msgs/robo_planner_msgs/msg/labeled_point_cloud.h
[4.962s] -- Up-to-date: /home/autopilot/ws/restackcell/ws_moveit2/install/robo_planner_msgs/include/robo_planner_msgs/robo_planner_msgs/msg/scene_object_remove.h
[4.962s] -- Up-to-date: /home/autopilot/ws/restackcell/ws_moveit2/install/robo_planner_msgs/include/robo_planner_msgs/robo_planner_msgs/msg/detail
[4.962s] -- Up-to-date: /home/autopilot/ws/restackcell/ws_moveit2/install/robo_planner_msgs/include/robo_planner_msgs/robo_planner_msgs/msg/detail/scene_object_add__functions.c
[4.963s] -- Up-to-date: /home/autopilot/ws/restackcell/ws_moveit2/install/robo_planner_msgs/include/robo_planner_msgs/robo_planner_msgs/msg/detail/scene_object_set_pose__functions.c
[4.963s] -- Up-to-date: /home/autopilot/ws/restackcell/ws_moveit2/install/robo_planner_msgs/include/robo_planner_msgs/robo_planner_msgs/msg/detail/labeled_point_clouds__type_support.h
[4.963s] -- Up-to-date: /home/autopilot/ws/restackcell/ws_moveit2/install/robo_planner_msgs/include/robo_planner_msgs/robo_planner_msgs/msg/detail/scene_object_remove__functions.c
[4.964s] -- Up-to-date: /home/autopilot/ws/restackcell/ws_moveit2/install/robo_planner_msgs/include/robo_planner_msgs/robo_planner_msgs/msg/detail/labeled_point_clouds__struct.h
[4.964s] -- Up-to-date: /home/autopilot/ws/restackcell/ws_moveit2/install/robo_planner_msgs/include/robo_planner_msgs/robo_planner_msgs/msg/detail/scene_object_remove__struct.h
[4.964s] -- Up-to-date: /home/autopilot/ws/restackcell/ws_moveit2/install/robo_planner_msgs/include/robo_planner_msgs/robo_planner_msgs/msg/detail/scene_object_add__functions.h
[4.964s] -- Up-to-date: /home/autopilot/ws/restackcell/ws_moveit2/install/robo_planner_msgs/include/robo_planner_msgs/robo_planner_msgs/msg/detail/labeled_point_cloud__functions.c
[4.964s] -- Up-to-date: /home/autopilot/ws/restackcell/ws_moveit2/install/robo_planner_msgs/include/robo_planner_msgs/robo_planner_msgs/msg/detail/scene_object_add__type_support.h
[4.965s] -- Up-to-date: /home/autopilot/ws/restackcell/ws_moveit2/install/robo_planner_msgs/include/robo_planner_msgs/robo_planner_msgs/msg/detail/labeled_point_clouds__functions.c
[4.965s] -- Up-to-date: /home/autopilot/ws/restackcell/ws_moveit2/install/robo_planner_msgs/include/robo_planner_msgs/robo_planner_msgs/msg/detail/scene_object_remove__type_support.h
[4.965s] -- Up-to-date: /home/autopilot/ws/restackcell/ws_moveit2/install/robo_planner_msgs/include/robo_planner_msgs/robo_planner_msgs/msg/detail/labeled_point_cloud__functions.h
[4.966s] -- Up-to-date: /home/autopilot/ws/restackcell/ws_moveit2/install/robo_planner_msgs/include/robo_planner_msgs/robo_planner_msgs/msg/detail/labeled_point_clouds__functions.h
[4.966s] -- Up-to-date: /home/autopilot/ws/restackcell/ws_moveit2/install/robo_planner_msgs/include/robo_planner_msgs/robo_planner_msgs/msg/detail/scene_object_set_pose__struct.h
[4.966s] -- Up-to-date: /home/autopilot/ws/restackcell/ws_moveit2/install/robo_planner_msgs/include/robo_planner_msgs/robo_planner_msgs/msg/detail/scene_object_add__struct.h
[4.966s] -- Up-to-date: /home/autopilot/ws/restackcell/ws_moveit2/install/robo_planner_msgs/include/robo_planner_msgs/robo_planner_msgs/msg/detail/labeled_point_cloud__struct.h
[4.966s] -- Up-to-date: /home/autopilot/ws/restackcell/ws_moveit2/install/robo_planner_msgs/include/robo_planner_msgs/robo_planner_msgs/msg/detail/scene_object_set_pose__type_support.h
[4.966s] -- Up-to-date: /home/autopilot/ws/restackcell/ws_moveit2/install/robo_planner_msgs/include/robo_planner_msgs/robo_planner_msgs/msg/detail/labeled_point_cloud__type_support.h
[4.966s] -- Up-to-date: /home/autopilot/ws/restackcell/ws_moveit2/install/robo_planner_msgs/include/robo_planner_msgs/robo_planner_msgs/msg/detail/scene_object_set_pose__functions.h
[4.967s] -- Up-to-date: /home/autopilot/ws/restackcell/ws_moveit2/install/robo_planner_msgs/include/robo_planner_msgs/robo_planner_msgs/msg/detail/scene_object_remove__functions.h
[4.967s] -- Up-to-date: /home/autopilot/ws/restackcell/ws_moveit2/install/robo_planner_msgs/include/robo_planner_msgs/robo_planner_msgs/srv
[4.967s] -- Up-to-date: /home/autopilot/ws/restackcell/ws_moveit2/install/robo_planner_msgs/include/robo_planner_msgs/robo_planner_msgs/srv/gripper_change_pick.h
[4.967s] -- Up-to-date: /home/autopilot/ws/restackcell/ws_moveit2/install/robo_planner_msgs/include/robo_planner_msgs/robo_planner_msgs/srv/pick.h
[4.967s] -- Up-to-date: /home/autopilot/ws/restackcell/ws_moveit2/install/robo_planner_msgs/include/robo_planner_msgs/robo_planner_msgs/srv/follow_trajectory.h
[4.968s] -- Up-to-date: /home/autopilot/ws/restackcell/ws_moveit2/install/robo_planner_msgs/include/robo_planner_msgs/robo_planner_msgs/srv/place.h
[4.968s] -- Up-to-date: /home/autopilot/ws/restackcell/ws_moveit2/install/robo_planner_msgs/include/robo_planner_msgs/robo_planner_msgs/srv/open_door.h
[4.968s] -- Up-to-date: /home/autopilot/ws/restackcell/ws_moveit2/install/robo_planner_msgs/include/robo_planner_msgs/robo_planner_msgs/srv/set_robot_value_velocity.h
[4.969s] -- Up-to-date: /home/autopilot/ws/restackcell/ws_moveit2/install/robo_planner_msgs/include/robo_planner_msgs/robo_planner_msgs/srv/detail
[4.969s] -- Up-to-date: /home/autopilot/ws/restackcell/ws_moveit2/install/robo_planner_msgs/include/robo_planner_msgs/robo_planner_msgs/srv/detail/gripper_close__functions.c
[4.969s] -- Up-to-date: /home/autopilot/ws/restackcell/ws_moveit2/install/robo_planner_msgs/include/robo_planner_msgs/robo_planner_msgs/srv/detail/follow_trajectory__type_support.h
[4.969s] -- Up-to-date: /home/autopilot/ws/restackcell/ws_moveit2/install/robo_planner_msgs/include/robo_planner_msgs/robo_planner_msgs/srv/detail/set_robot_value_velocity__struct.h
[4.969s] -- Up-to-date: /home/autopilot/ws/restackcell/ws_moveit2/install/robo_planner_msgs/include/robo_planner_msgs/robo_planner_msgs/srv/detail/gripper_change__functions.h
[4.970s] -- Up-to-date: /home/autopilot/ws/restackcell/ws_moveit2/install/robo_planner_msgs/include/robo_planner_msgs/robo_planner_msgs/srv/detail/set_robot_value_velocity__functions.h
[4.970s] -- Up-to-date: /home/autopilot/ws/restackcell/ws_moveit2/install/robo_planner_msgs/include/robo_planner_msgs/robo_planner_msgs/srv/detail/gripper_change_pick__functions.c
[4.970s] -- Up-to-date: /home/autopilot/ws/restackcell/ws_moveit2/install/robo_planner_msgs/include/robo_planner_msgs/robo_planner_msgs/srv/detail/gripper_change_pick__type_support.h
[4.977s] -- Up-to-date: /home/autopilot/ws/restackcell/ws_moveit2/install/robo_planner_msgs/include/robo_planner_msgs/robo_planner_msgs/srv/detail/place__struct.h
[4.977s] -- Up-to-date: /home/autopilot/ws/restackcell/ws_moveit2/install/robo_planner_msgs/include/robo_planner_msgs/robo_planner_msgs/srv/detail/gripper_close__functions.h
[4.978s] -- Up-to-date: /home/autopilot/ws/restackcell/ws_moveit2/install/robo_planner_msgs/include/robo_planner_msgs/robo_planner_msgs/srv/detail/gripper_open__functions.h
[4.978s] -- Up-to-date: /home/autopilot/ws/restackcell/ws_moveit2/install/robo_planner_msgs/include/robo_planner_msgs/robo_planner_msgs/srv/detail/pick_and_place__functions.h
[4.978s] -- Up-to-date: /home/autopilot/ws/restackcell/ws_moveit2/install/robo_planner_msgs/include/robo_planner_msgs/robo_planner_msgs/srv/detail/open_door__functions.c
[4.978s] -- Up-to-date: /home/autopilot/ws/restackcell/ws_moveit2/install/robo_planner_msgs/include/robo_planner_msgs/robo_planner_msgs/srv/detail/gripper_change_place__functions.h
[4.978s] -- Up-to-date: /home/autopilot/ws/restackcell/ws_moveit2/install/robo_planner_msgs/include/robo_planner_msgs/robo_planner_msgs/srv/detail/pick__functions.h
[4.978s] -- Up-to-date: /home/autopilot/ws/restackcell/ws_moveit2/install/robo_planner_msgs/include/robo_planner_msgs/robo_planner_msgs/srv/detail/gripper_change_pick__struct.h
[4.979s] -- Up-to-date: /home/autopilot/ws/restackcell/ws_moveit2/install/robo_planner_msgs/include/robo_planner_msgs/robo_planner_msgs/srv/detail/open_door__type_support.h
[4.979s] -- Up-to-date: /home/autopilot/ws/restackcell/ws_moveit2/install/robo_planner_msgs/include/robo_planner_msgs/robo_planner_msgs/srv/detail/open_door__struct.h
[4.979s] -- Up-to-date: /home/autopilot/ws/restackcell/ws_moveit2/install/robo_planner_msgs/include/robo_planner_msgs/robo_planner_msgs/srv/detail/gripper_close__struct.h
[4.979s] -- Up-to-date: /home/autopilot/ws/restackcell/ws_moveit2/install/robo_planner_msgs/include/robo_planner_msgs/robo_planner_msgs/srv/detail/move_to_pose__struct.h
[4.979s] -- Up-to-date: /home/autopilot/ws/restackcell/ws_moveit2/install/robo_planner_msgs/include/robo_planner_msgs/robo_planner_msgs/srv/detail/place__type_support.h
[4.979s] -- Up-to-date: /home/autopilot/ws/restackcell/ws_moveit2/install/robo_planner_msgs/include/robo_planner_msgs/robo_planner_msgs/srv/detail/set_robot_value_velocity__functions.c
[4.979s] -- Up-to-date: /home/autopilot/ws/restackcell/ws_moveit2/install/robo_planner_msgs/include/robo_planner_msgs/robo_planner_msgs/srv/detail/gripper_change__type_support.h
[4.980s] -- Up-to-date: /home/autopilot/ws/restackcell/ws_moveit2/install/robo_planner_msgs/include/robo_planner_msgs/robo_planner_msgs/srv/detail/place__functions.c
[4.980s] -- Up-to-date: /home/autopilot/ws/restackcell/ws_moveit2/install/robo_planner_msgs/include/robo_planner_msgs/robo_planner_msgs/srv/detail/gripper_open__functions.c
[4.980s] -- Up-to-date: /home/autopilot/ws/restackcell/ws_moveit2/install/robo_planner_msgs/include/robo_planner_msgs/robo_planner_msgs/srv/detail/gripper_change__functions.c
[4.980s] -- Up-to-date: /home/autopilot/ws/restackcell/ws_moveit2/install/robo_planner_msgs/include/robo_planner_msgs/robo_planner_msgs/srv/detail/pick_and_place__functions.c
[4.980s] -- Up-to-date: /home/autopilot/ws/restackcell/ws_moveit2/install/robo_planner_msgs/include/robo_planner_msgs/robo_planner_msgs/srv/detail/gripper_change_place__functions.c
[4.980s] -- Up-to-date: /home/autopilot/ws/restackcell/ws_moveit2/install/robo_planner_msgs/include/robo_planner_msgs/robo_planner_msgs/srv/detail/move_to_pose__type_support.h
[4.980s] -- Up-to-date: /home/autopilot/ws/restackcell/ws_moveit2/install/robo_planner_msgs/include/robo_planner_msgs/robo_planner_msgs/srv/detail/pick__struct.h
[4.981s] -- Up-to-date: /home/autopilot/ws/restackcell/ws_moveit2/install/robo_planner_msgs/include/robo_planner_msgs/robo_planner_msgs/srv/detail/gripper_open__type_support.h
[4.981s] -- Up-to-date: /home/autopilot/ws/restackcell/ws_moveit2/install/robo_planner_msgs/include/robo_planner_msgs/robo_planner_msgs/srv/detail/gripper_change_place__struct.h
[4.981s] -- Up-to-date: /home/autopilot/ws/restackcell/ws_moveit2/install/robo_planner_msgs/include/robo_planner_msgs/robo_planner_msgs/srv/detail/open_door__functions.h
[4.981s] -- Up-to-date: /home/autopilot/ws/restackcell/ws_moveit2/install/robo_planner_msgs/include/robo_planner_msgs/robo_planner_msgs/srv/detail/gripper_change_place__type_support.h
[4.981s] -- Up-to-date: /home/autopilot/ws/restackcell/ws_moveit2/install/robo_planner_msgs/include/robo_planner_msgs/robo_planner_msgs/srv/detail/move_to_pose__functions.c
[4.981s] -- Up-to-date: /home/autopilot/ws/restackcell/ws_moveit2/install/robo_planner_msgs/include/robo_planner_msgs/robo_planner_msgs/srv/detail/pick__type_support.h
[4.982s] -- Up-to-date: /home/autopilot/ws/restackcell/ws_moveit2/install/robo_planner_msgs/include/robo_planner_msgs/robo_planner_msgs/srv/detail/gripper_close__type_support.h
[4.982s] -- Up-to-date: /home/autopilot/ws/restackcell/ws_moveit2/install/robo_planner_msgs/include/robo_planner_msgs/robo_planner_msgs/srv/detail/follow_trajectory__functions.c
[4.982s] -- Up-to-date: /home/autopilot/ws/restackcell/ws_moveit2/install/robo_planner_msgs/include/robo_planner_msgs/robo_planner_msgs/srv/detail/follow_trajectory__struct.h
[4.982s] -- Up-to-date: /home/autopilot/ws/restackcell/ws_moveit2/install/robo_planner_msgs/include/robo_planner_msgs/robo_planner_msgs/srv/detail/gripper_open__struct.h
[4.982s] -- Up-to-date: /home/autopilot/ws/restackcell/ws_moveit2/install/robo_planner_msgs/include/robo_planner_msgs/robo_planner_msgs/srv/detail/pick__functions.c
[4.982s] -- Up-to-date: /home/autopilot/ws/restackcell/ws_moveit2/install/robo_planner_msgs/include/robo_planner_msgs/robo_planner_msgs/srv/detail/place__functions.h
[4.982s] -- Up-to-date: /home/autopilot/ws/restackcell/ws_moveit2/install/robo_planner_msgs/include/robo_planner_msgs/robo_planner_msgs/srv/detail/move_to_pose__functions.h
[4.983s] -- Up-to-date: /home/autopilot/ws/restackcell/ws_moveit2/install/robo_planner_msgs/include/robo_planner_msgs/robo_planner_msgs/srv/detail/pick_and_place__struct.h
[4.983s] -- Up-to-date: /home/autopilot/ws/restackcell/ws_moveit2/install/robo_planner_msgs/include/robo_planner_msgs/robo_planner_msgs/srv/detail/gripper_change_pick__functions.h
[4.983s] -- Up-to-date: /home/autopilot/ws/restackcell/ws_moveit2/install/robo_planner_msgs/include/robo_planner_msgs/robo_planner_msgs/srv/detail/gripper_change__struct.h
[4.983s] -- Up-to-date: /home/autopilot/ws/restackcell/ws_moveit2/install/robo_planner_msgs/include/robo_planner_msgs/robo_planner_msgs/srv/detail/pick_and_place__type_support.h
[4.983s] -- Up-to-date: /home/autopilot/ws/restackcell/ws_moveit2/install/robo_planner_msgs/include/robo_planner_msgs/robo_planner_msgs/srv/detail/follow_trajectory__functions.h
[4.983s] -- Up-to-date: /home/autopilot/ws/restackcell/ws_moveit2/install/robo_planner_msgs/include/robo_planner_msgs/robo_planner_msgs/srv/detail/set_robot_value_velocity__type_support.h
[4.983s] -- Up-to-date: /home/autopilot/ws/restackcell/ws_moveit2/install/robo_planner_msgs/include/robo_planner_msgs/robo_planner_msgs/srv/pick_and_place.h
[4.983s] -- Up-to-date: /home/autopilot/ws/restackcell/ws_moveit2/install/robo_planner_msgs/include/robo_planner_msgs/robo_planner_msgs/srv/gripper_open.h
[4.984s] -- Up-to-date: /home/autopilot/ws/restackcell/ws_moveit2/install/robo_planner_msgs/include/robo_planner_msgs/robo_planner_msgs/srv/gripper_close.h
[4.984s] -- Up-to-date: /home/autopilot/ws/restackcell/ws_moveit2/install/robo_planner_msgs/include/robo_planner_msgs/robo_planner_msgs/srv/gripper_change.h
[4.984s] -- Up-to-date: /home/autopilot/ws/restackcell/ws_moveit2/install/robo_planner_msgs/include/robo_planner_msgs/robo_planner_msgs/srv/move_to_pose.h
[4.984s] -- Up-to-date: /home/autopilot/ws/restackcell/ws_moveit2/install/robo_planner_msgs/include/robo_planner_msgs/robo_planner_msgs/srv/gripper_change_place.h
[4.984s] -- Up-to-date: /home/autopilot/ws/restackcell/ws_moveit2/install/robo_planner_msgs/share/robo_planner_msgs/environment/library_path.sh
[4.984s] -- Up-to-date: /home/autopilot/ws/restackcell/ws_moveit2/install/robo_planner_msgs/share/robo_planner_msgs/environment/library_path.dsv
[4.984s] -- Up-to-date: /home/autopilot/ws/restackcell/ws_moveit2/install/robo_planner_msgs/lib/librobo_planner_msgs__rosidl_generator_c.so
[4.985s] -- Up-to-date: /home/autopilot/ws/restackcell/ws_moveit2/install/robo_planner_msgs/include/robo_planner_msgs/robo_planner_msgs
[4.985s] -- Up-to-date: /home/autopilot/ws/restackcell/ws_moveit2/install/robo_planner_msgs/include/robo_planner_msgs/robo_planner_msgs/msg
[4.985s] -- Up-to-date: /home/autopilot/ws/restackcell/ws_moveit2/install/robo_planner_msgs/include/robo_planner_msgs/robo_planner_msgs/msg/rosidl_typesupport_fastrtps_c__visibility_control.h
[4.985s] -- Up-to-date: /home/autopilot/ws/restackcell/ws_moveit2/install/robo_planner_msgs/include/robo_planner_msgs/robo_planner_msgs/msg/detail
[4.985s] -- Up-to-date: /home/autopilot/ws/restackcell/ws_moveit2/install/robo_planner_msgs/include/robo_planner_msgs/robo_planner_msgs/msg/detail/scene_object_remove__rosidl_typesupport_fastrtps_c.h
[4.985s] -- Up-to-date: /home/autopilot/ws/restackcell/ws_moveit2/install/robo_planner_msgs/include/robo_planner_msgs/robo_planner_msgs/msg/detail/scene_object_add__rosidl_typesupport_fastrtps_c.h
[4.985s] -- Up-to-date: /home/autopilot/ws/restackcell/ws_moveit2/install/robo_planner_msgs/include/robo_planner_msgs/robo_planner_msgs/msg/detail/labeled_point_clouds__rosidl_typesupport_fastrtps_c.h
[4.986s] -- Up-to-date: /home/autopilot/ws/restackcell/ws_moveit2/install/robo_planner_msgs/include/robo_planner_msgs/robo_planner_msgs/msg/detail/labeled_point_cloud__rosidl_typesupport_fastrtps_c.h
[4.986s] -- Up-to-date: /home/autopilot/ws/restackcell/ws_moveit2/install/robo_planner_msgs/include/robo_planner_msgs/robo_planner_msgs/msg/detail/scene_object_set_pose__rosidl_typesupport_fastrtps_c.h
[4.986s] -- Up-to-date: /home/autopilot/ws/restackcell/ws_moveit2/install/robo_planner_msgs/include/robo_planner_msgs/robo_planner_msgs/srv
[4.986s] -- Up-to-date: /home/autopilot/ws/restackcell/ws_moveit2/install/robo_planner_msgs/include/robo_planner_msgs/robo_planner_msgs/srv/detail
[4.986s] -- Up-to-date: /home/autopilot/ws/restackcell/ws_moveit2/install/robo_planner_msgs/include/robo_planner_msgs/robo_planner_msgs/srv/detail/gripper_change_place__rosidl_typesupport_fastrtps_c.h
[4.986s] -- Up-to-date: /home/autopilot/ws/restackcell/ws_moveit2/install/robo_planner_msgs/include/robo_planner_msgs/robo_planner_msgs/srv/detail/place__rosidl_typesupport_fastrtps_c.h
[4.986s] -- Up-to-date: /home/autopilot/ws/restackcell/ws_moveit2/install/robo_planner_msgs/include/robo_planner_msgs/robo_planner_msgs/srv/detail/set_robot_value_velocity__rosidl_typesupport_fastrtps_c.h
[4.987s] -- Up-to-date: /home/autopilot/ws/restackcell/ws_moveit2/install/robo_planner_msgs/include/robo_planner_msgs/robo_planner_msgs/srv/detail/move_to_pose__rosidl_typesupport_fastrtps_c.h
[4.987s] -- Up-to-date: /home/autopilot/ws/restackcell/ws_moveit2/install/robo_planner_msgs/include/robo_planner_msgs/robo_planner_msgs/srv/detail/pick_and_place__rosidl_typesupport_fastrtps_c.h
[4.987s] -- Up-to-date: /home/autopilot/ws/restackcell/ws_moveit2/install/robo_planner_msgs/include/robo_planner_msgs/robo_planner_msgs/srv/detail/follow_trajectory__rosidl_typesupport_fastrtps_c.h
[4.987s] -- Up-to-date: /home/autopilot/ws/restackcell/ws_moveit2/install/robo_planner_msgs/include/robo_planner_msgs/robo_planner_msgs/srv/detail/gripper_open__rosidl_typesupport_fastrtps_c.h
[4.987s] -- Up-to-date: /home/autopilot/ws/restackcell/ws_moveit2/install/robo_planner_msgs/include/robo_planner_msgs/robo_planner_msgs/srv/detail/gripper_change__rosidl_typesupport_fastrtps_c.h
[4.987s] -- Up-to-date: /home/autopilot/ws/restackcell/ws_moveit2/install/robo_planner_msgs/include/robo_planner_msgs/robo_planner_msgs/srv/detail/open_door__rosidl_typesupport_fastrtps_c.h
[4.987s] -- Up-to-date: /home/autopilot/ws/restackcell/ws_moveit2/install/robo_planner_msgs/include/robo_planner_msgs/robo_planner_msgs/srv/detail/gripper_change_pick__rosidl_typesupport_fastrtps_c.h
[4.988s] -- Up-to-date: /home/autopilot/ws/restackcell/ws_moveit2/install/robo_planner_msgs/include/robo_planner_msgs/robo_planner_msgs/srv/detail/gripper_close__rosidl_typesupport_fastrtps_c.h
[4.988s] -- Up-to-date: /home/autopilot/ws/restackcell/ws_moveit2/install/robo_planner_msgs/include/robo_planner_msgs/robo_planner_msgs/srv/detail/pick__rosidl_typesupport_fastrtps_c.h
[4.988s] -- Up-to-date: /home/autopilot/ws/restackcell/ws_moveit2/install/robo_planner_msgs/lib/librobo_planner_msgs__rosidl_typesupport_fastrtps_c.so
[4.988s] -- Up-to-date: /home/autopilot/ws/restackcell/ws_moveit2/install/robo_planner_msgs/include/robo_planner_msgs/robo_planner_msgs
[4.988s] -- Up-to-date: /home/autopilot/ws/restackcell/ws_moveit2/install/robo_planner_msgs/include/robo_planner_msgs/robo_planner_msgs/msg
[4.988s] -- Up-to-date: /home/autopilot/ws/restackcell/ws_moveit2/install/robo_planner_msgs/include/robo_planner_msgs/robo_planner_msgs/msg/rosidl_typesupport_introspection_c__visibility_control.h
[4.988s] -- Up-to-date: /home/autopilot/ws/restackcell/ws_moveit2/install/robo_planner_msgs/include/robo_planner_msgs/robo_planner_msgs/msg/detail
[4.989s] -- Up-to-date: /home/autopilot/ws/restackcell/ws_moveit2/install/robo_planner_msgs/include/robo_planner_msgs/robo_planner_msgs/msg/detail/labeled_point_clouds__type_support.c
[4.989s] -- Up-to-date: /home/autopilot/ws/restackcell/ws_moveit2/install/robo_planner_msgs/include/robo_planner_msgs/robo_planner_msgs/msg/detail/labeled_point_cloud__rosidl_typesupport_introspection_c.h
[4.989s] -- Up-to-date: /home/autopilot/ws/restackcell/ws_moveit2/install/robo_planner_msgs/include/robo_planner_msgs/robo_planner_msgs/msg/detail/labeled_point_clouds__rosidl_typesupport_introspection_c.h
[4.989s] -- Up-to-date: /home/autopilot/ws/restackcell/ws_moveit2/install/robo_planner_msgs/include/robo_planner_msgs/robo_planner_msgs/msg/detail/scene_object_add__rosidl_typesupport_introspection_c.h
[4.989s] -- Up-to-date: /home/autopilot/ws/restackcell/ws_moveit2/install/robo_planner_msgs/include/robo_planner_msgs/robo_planner_msgs/msg/detail/scene_object_set_pose__type_support.c
[4.989s] -- Up-to-date: /home/autopilot/ws/restackcell/ws_moveit2/install/robo_planner_msgs/include/robo_planner_msgs/robo_planner_msgs/msg/detail/scene_object_remove__rosidl_typesupport_introspection_c.h
[4.990s] -- Up-to-date: /home/autopilot/ws/restackcell/ws_moveit2/install/robo_planner_msgs/include/robo_planner_msgs/robo_planner_msgs/msg/detail/scene_object_remove__type_support.c
[4.990s] -- Up-to-date: /home/autopilot/ws/restackcell/ws_moveit2/install/robo_planner_msgs/include/robo_planner_msgs/robo_planner_msgs/msg/detail/labeled_point_cloud__type_support.c
[4.990s] -- Up-to-date: /home/autopilot/ws/restackcell/ws_moveit2/install/robo_planner_msgs/include/robo_planner_msgs/robo_planner_msgs/msg/detail/scene_object_add__type_support.c
[4.990s] -- Up-to-date: /home/autopilot/ws/restackcell/ws_moveit2/install/robo_planner_msgs/include/robo_planner_msgs/robo_planner_msgs/msg/detail/scene_object_set_pose__rosidl_typesupport_introspection_c.h
[4.990s] -- Up-to-date: /home/autopilot/ws/restackcell/ws_moveit2/install/robo_planner_msgs/include/robo_planner_msgs/robo_planner_msgs/srv
[4.990s] -- Up-to-date: /home/autopilot/ws/restackcell/ws_moveit2/install/robo_planner_msgs/include/robo_planner_msgs/robo_planner_msgs/srv/detail
[4.990s] -- Up-to-date: /home/autopilot/ws/restackcell/ws_moveit2/install/robo_planner_msgs/include/robo_planner_msgs/robo_planner_msgs/srv/detail/follow_trajectory__rosidl_typesupport_introspection_c.h
[4.991s] -- Up-to-date: /home/autopilot/ws/restackcell/ws_moveit2/install/robo_planner_msgs/include/robo_planner_msgs/robo_planner_msgs/srv/detail/gripper_close__type_support.c
[4.991s] -- Up-to-date: /home/autopilot/ws/restackcell/ws_moveit2/install/robo_planner_msgs/include/robo_planner_msgs/robo_planner_msgs/srv/detail/gripper_change__type_support.c
[4.991s] -- Up-to-date: /home/autopilot/ws/restackcell/ws_moveit2/install/robo_planner_msgs/include/robo_planner_msgs/robo_planner_msgs/srv/detail/pick_and_place__rosidl_typesupport_introspection_c.h
[4.991s] -- Up-to-date: /home/autopilot/ws/restackcell/ws_moveit2/install/robo_planner_msgs/include/robo_planner_msgs/robo_planner_msgs/srv/detail/pick_and_place__type_support.c
[4.991s] -- Up-to-date: /home/autopilot/ws/restackcell/ws_moveit2/install/robo_planner_msgs/include/robo_planner_msgs/robo_planner_msgs/srv/detail/set_robot_value_velocity__rosidl_typesupport_introspection_c.h
[4.991s] -- Up-to-date: /home/autopilot/ws/restackcell/ws_moveit2/install/robo_planner_msgs/include/robo_planner_msgs/robo_planner_msgs/srv/detail/set_robot_value_velocity__type_support.c
[4.991s] -- Up-to-date: /home/autopilot/ws/restackcell/ws_moveit2/install/robo_planner_msgs/include/robo_planner_msgs/robo_planner_msgs/srv/detail/move_to_pose__rosidl_typesupport_introspection_c.h
[4.991s] -- Up-to-date: /home/autopilot/ws/restackcell/ws_moveit2/install/robo_planner_msgs/include/robo_planner_msgs/robo_planner_msgs/srv/detail/open_door__type_support.c
[4.992s] -- Up-to-date: /home/autopilot/ws/restackcell/ws_moveit2/install/robo_planner_msgs/include/robo_planner_msgs/robo_planner_msgs/srv/detail/gripper_open__rosidl_typesupport_introspection_c.h
[4.992s] -- Up-to-date: /home/autopilot/ws/restackcell/ws_moveit2/install/robo_planner_msgs/include/robo_planner_msgs/robo_planner_msgs/srv/detail/gripper_change_pick__rosidl_typesupport_introspection_c.h
[4.992s] -- Up-to-date: /home/autopilot/ws/restackcell/ws_moveit2/install/robo_planner_msgs/include/robo_planner_msgs/robo_planner_msgs/srv/detail/place__type_support.c
[4.992s] -- Up-to-date: /home/autopilot/ws/restackcell/ws_moveit2/install/robo_planner_msgs/include/robo_planner_msgs/robo_planner_msgs/srv/detail/gripper_change_pick__type_support.c
[4.992s] -- Up-to-date: /home/autopilot/ws/restackcell/ws_moveit2/install/robo_planner_msgs/include/robo_planner_msgs/robo_planner_msgs/srv/detail/pick__type_support.c
[4.992s] -- Up-to-date: /home/autopilot/ws/restackcell/ws_moveit2/install/robo_planner_msgs/include/robo_planner_msgs/robo_planner_msgs/srv/detail/gripper_open__type_support.c
[4.993s] -- Up-to-date: /home/autopilot/ws/restackcell/ws_moveit2/install/robo_planner_msgs/include/robo_planner_msgs/robo_planner_msgs/srv/detail/gripper_close__rosidl_typesupport_introspection_c.h
[4.993s] -- Up-to-date: /home/autopilot/ws/restackcell/ws_moveit2/install/robo_planner_msgs/include/robo_planner_msgs/robo_planner_msgs/srv/detail/open_door__rosidl_typesupport_introspection_c.h
[4.993s] -- Up-to-date: /home/autopilot/ws/restackcell/ws_moveit2/install/robo_planner_msgs/include/robo_planner_msgs/robo_planner_msgs/srv/detail/gripper_change_place__type_support.c
[4.993s] -- Up-to-date: /home/autopilot/ws/restackcell/ws_moveit2/install/robo_planner_msgs/include/robo_planner_msgs/robo_planner_msgs/srv/detail/gripper_change__rosidl_typesupport_introspection_c.h
[4.993s] -- Up-to-date: /home/autopilot/ws/restackcell/ws_moveit2/install/robo_planner_msgs/include/robo_planner_msgs/robo_planner_msgs/srv/detail/place__rosidl_typesupport_introspection_c.h
[4.993s] -- Up-to-date: /home/autopilot/ws/restackcell/ws_moveit2/install/robo_planner_msgs/include/robo_planner_msgs/robo_planner_msgs/srv/detail/gripper_change_place__rosidl_typesupport_introspection_c.h
[4.993s] -- Up-to-date: /home/autopilot/ws/restackcell/ws_moveit2/install/robo_planner_msgs/include/robo_planner_msgs/robo_planner_msgs/srv/detail/pick__rosidl_typesupport_introspection_c.h
[4.993s] -- Up-to-date: /home/autopilot/ws/restackcell/ws_moveit2/install/robo_planner_msgs/include/robo_planner_msgs/robo_planner_msgs/srv/detail/follow_trajectory__type_support.c
[4.994s] -- Up-to-date: /home/autopilot/ws/restackcell/ws_moveit2/install/robo_planner_msgs/include/robo_planner_msgs/robo_planner_msgs/srv/detail/move_to_pose__type_support.c
[4.994s] -- Up-to-date: /home/autopilot/ws/restackcell/ws_moveit2/install/robo_planner_msgs/lib/librobo_planner_msgs__rosidl_typesupport_introspection_c.so
[4.994s] -- Up-to-date: /home/autopilot/ws/restackcell/ws_moveit2/install/robo_planner_msgs/lib/librobo_planner_msgs__rosidl_typesupport_c.so
[4.994s] -- Up-to-date: /home/autopilot/ws/restackcell/ws_moveit2/install/robo_planner_msgs/include/robo_planner_msgs/robo_planner_msgs
[4.994s] -- Up-to-date: /home/autopilot/ws/restackcell/ws_moveit2/install/robo_planner_msgs/include/robo_planner_msgs/robo_planner_msgs/msg
[4.994s] -- Up-to-date: /home/autopilot/ws/restackcell/ws_moveit2/install/robo_planner_msgs/include/robo_planner_msgs/robo_planner_msgs/msg/labeled_point_cloud.hpp
[4.995s] -- Up-to-date: /home/autopilot/ws/restackcell/ws_moveit2/install/robo_planner_msgs/include/robo_planner_msgs/robo_planner_msgs/msg/scene_object_set_pose.hpp
[4.995s] -- Up-to-date: /home/autopilot/ws/restackcell/ws_moveit2/install/robo_planner_msgs/include/robo_planner_msgs/robo_planner_msgs/msg/detail
[4.995s] -- Up-to-date: /home/autopilot/ws/restackcell/ws_moveit2/install/robo_planner_msgs/include/robo_planner_msgs/robo_planner_msgs/msg/detail/scene_object_set_pose__builder.hpp
[4.995s] -- Up-to-date: /home/autopilot/ws/restackcell/ws_moveit2/install/robo_planner_msgs/include/robo_planner_msgs/robo_planner_msgs/msg/detail/labeled_point_cloud__struct.hpp
[4.995s] -- Up-to-date: /home/autopilot/ws/restackcell/ws_moveit2/install/robo_planner_msgs/include/robo_planner_msgs/robo_planner_msgs/msg/detail/scene_object_remove__builder.hpp
[4.995s] -- Up-to-date: /home/autopilot/ws/restackcell/ws_moveit2/install/robo_planner_msgs/include/robo_planner_msgs/robo_planner_msgs/msg/detail/scene_object_remove__struct.hpp
[4.995s] -- Up-to-date: /home/autopilot/ws/restackcell/ws_moveit2/install/robo_planner_msgs/include/robo_planner_msgs/robo_planner_msgs/msg/detail/labeled_point_clouds__builder.hpp
[4.995s] -- Up-to-date: /home/autopilot/ws/restackcell/ws_moveit2/install/robo_planner_msgs/include/robo_planner_msgs/robo_planner_msgs/msg/detail/labeled_point_clouds__struct.hpp
[4.996s] -- Up-to-date: /home/autopilot/ws/restackcell/ws_moveit2/install/robo_planner_msgs/include/robo_planner_msgs/robo_planner_msgs/msg/detail/scene_object_set_pose__struct.hpp
[4.996s] -- Up-to-date: /home/autopilot/ws/restackcell/ws_moveit2/install/robo_planner_msgs/include/robo_planner_msgs/robo_planner_msgs/msg/detail/labeled_point_cloud__traits.hpp
[4.996s] -- Up-to-date: /home/autopilot/ws/restackcell/ws_moveit2/install/robo_planner_msgs/include/robo_planner_msgs/robo_planner_msgs/msg/detail/labeled_point_cloud__builder.hpp
[4.996s] -- Up-to-date: /home/autopilot/ws/restackcell/ws_moveit2/install/robo_planner_msgs/include/robo_planner_msgs/robo_planner_msgs/msg/detail/scene_object_add__builder.hpp
[4.996s] -- Up-to-date: /home/autopilot/ws/restackcell/ws_moveit2/install/robo_planner_msgs/include/robo_planner_msgs/robo_planner_msgs/msg/detail/labeled_point_clouds__traits.hpp
[4.996s] -- Up-to-date: /home/autopilot/ws/restackcell/ws_moveit2/install/robo_planner_msgs/include/robo_planner_msgs/robo_planner_msgs/msg/detail/scene_object_add__struct.hpp
[4.997s] -- Up-to-date: /home/autopilot/ws/restackcell/ws_moveit2/install/robo_planner_msgs/include/robo_planner_msgs/robo_planner_msgs/msg/detail/scene_object_set_pose__traits.hpp
[4.997s] -- Up-to-date: /home/autopilot/ws/restackcell/ws_moveit2/install/robo_planner_msgs/include/robo_planner_msgs/robo_planner_msgs/msg/detail/scene_object_remove__traits.hpp
[4.997s] -- Up-to-date: /home/autopilot/ws/restackcell/ws_moveit2/install/robo_planner_msgs/include/robo_planner_msgs/robo_planner_msgs/msg/detail/scene_object_add__traits.hpp
[4.997s] -- Up-to-date: /home/autopilot/ws/restackcell/ws_moveit2/install/robo_planner_msgs/include/robo_planner_msgs/robo_planner_msgs/msg/scene_object_remove.hpp
[4.997s] -- Up-to-date: /home/autopilot/ws/restackcell/ws_moveit2/install/robo_planner_msgs/include/robo_planner_msgs/robo_planner_msgs/msg/scene_object_add.hpp
[4.997s] -- Up-to-date: /home/autopilot/ws/restackcell/ws_moveit2/install/robo_planner_msgs/include/robo_planner_msgs/robo_planner_msgs/msg/labeled_point_clouds.hpp
[4.997s] -- Up-to-date: /home/autopilot/ws/restackcell/ws_moveit2/install/robo_planner_msgs/include/robo_planner_msgs/robo_planner_msgs/srv
[4.997s] -- Up-to-date: /home/autopilot/ws/restackcell/ws_moveit2/install/robo_planner_msgs/include/robo_planner_msgs/robo_planner_msgs/srv/gripper_change_pick.hpp
[4.997s] -- Up-to-date: /home/autopilot/ws/restackcell/ws_moveit2/install/robo_planner_msgs/include/robo_planner_msgs/robo_planner_msgs/srv/follow_trajectory.hpp
[4.998s] -- Up-to-date: /home/autopilot/ws/restackcell/ws_moveit2/install/robo_planner_msgs/include/robo_planner_msgs/robo_planner_msgs/srv/set_robot_value_velocity.hpp
[4.998s] -- Up-to-date: /home/autopilot/ws/restackcell/ws_moveit2/install/robo_planner_msgs/include/robo_planner_msgs/robo_planner_msgs/srv/gripper_open.hpp
[4.998s] -- Up-to-date: /home/autopilot/ws/restackcell/ws_moveit2/install/robo_planner_msgs/include/robo_planner_msgs/robo_planner_msgs/srv/pick.hpp
[4.998s] -- Up-to-date: /home/autopilot/ws/restackcell/ws_moveit2/install/robo_planner_msgs/include/robo_planner_msgs/robo_planner_msgs/srv/gripper_change_place.hpp
[4.998s] -- Up-to-date: /home/autopilot/ws/restackcell/ws_moveit2/install/robo_planner_msgs/include/robo_planner_msgs/robo_planner_msgs/srv/open_door.hpp
[4.998s] -- Up-to-date: /home/autopilot/ws/restackcell/ws_moveit2/install/robo_planner_msgs/include/robo_planner_msgs/robo_planner_msgs/srv/detail
[4.999s] -- Up-to-date: /home/autopilot/ws/restackcell/ws_moveit2/install/robo_planner_msgs/include/robo_planner_msgs/robo_planner_msgs/srv/detail/gripper_change_pick__traits.hpp
[4.999s] -- Up-to-date: /home/autopilot/ws/restackcell/ws_moveit2/install/robo_planner_msgs/include/robo_planner_msgs/robo_planner_msgs/srv/detail/gripper_close__builder.hpp
[4.999s] -- Up-to-date: /home/autopilot/ws/restackcell/ws_moveit2/install/robo_planner_msgs/include/robo_planner_msgs/robo_planner_msgs/srv/detail/pick__traits.hpp
[5.000s] -- Up-to-date: /home/autopilot/ws/restackcell/ws_moveit2/install/robo_planner_msgs/include/robo_planner_msgs/robo_planner_msgs/srv/detail/gripper_open__struct.hpp
[5.000s] -- Up-to-date: /home/autopilot/ws/restackcell/ws_moveit2/install/robo_planner_msgs/include/robo_planner_msgs/robo_planner_msgs/srv/detail/gripper_open__traits.hpp
[5.002s] -- Up-to-date: /home/autopilot/ws/restackcell/ws_moveit2/install/robo_planner_msgs/include/robo_planner_msgs/robo_planner_msgs/srv/detail/move_to_pose__struct.hpp
[5.002s] -- Up-to-date: /home/autopilot/ws/restackcell/ws_moveit2/install/robo_planner_msgs/include/robo_planner_msgs/robo_planner_msgs/srv/detail/gripper_change_pick__struct.hpp
[5.002s] -- Up-to-date: /home/autopilot/ws/restackcell/ws_moveit2/install/robo_planner_msgs/include/robo_planner_msgs/robo_planner_msgs/srv/detail/follow_trajectory__traits.hpp
[5.002s] -- Up-to-date: /home/autopilot/ws/restackcell/ws_moveit2/install/robo_planner_msgs/include/robo_planner_msgs/robo_planner_msgs/srv/detail/pick_and_place__builder.hpp
[5.002s] -- Up-to-date: /home/autopilot/ws/restackcell/ws_moveit2/install/robo_planner_msgs/include/robo_planner_msgs/robo_planner_msgs/srv/detail/gripper_change__struct.hpp
[5.004s] -- Up-to-date: /home/autopilot/ws/restackcell/ws_moveit2/install/robo_planner_msgs/include/robo_planner_msgs/robo_planner_msgs/srv/detail/set_robot_value_velocity__traits.hpp
[5.005s] -- Up-to-date: /home/autopilot/ws/restackcell/ws_moveit2/install/robo_planner_msgs/include/robo_planner_msgs/robo_planner_msgs/srv/detail/open_door__builder.hpp
[5.006s] -- Up-to-date: /home/autopilot/ws/restackcell/ws_moveit2/install/robo_planner_msgs/include/robo_planner_msgs/robo_planner_msgs/srv/detail/gripper_change__builder.hpp
[5.006s] -- Up-to-date: /home/autopilot/ws/restackcell/ws_moveit2/install/robo_planner_msgs/include/robo_planner_msgs/robo_planner_msgs/srv/detail/open_door__struct.hpp
[5.006s] -- Up-to-date: /home/autopilot/ws/restackcell/ws_moveit2/install/robo_planner_msgs/include/robo_planner_msgs/robo_planner_msgs/srv/detail/follow_trajectory__struct.hpp
[5.007s] -- Up-to-date: /home/autopilot/ws/restackcell/ws_moveit2/install/robo_planner_msgs/include/robo_planner_msgs/robo_planner_msgs/srv/detail/place__struct.hpp
[5.007s] -- Up-to-date: /home/autopilot/ws/restackcell/ws_moveit2/install/robo_planner_msgs/include/robo_planner_msgs/robo_planner_msgs/srv/detail/pick_and_place__struct.hpp
[5.007s] -- Up-to-date: /home/autopilot/ws/restackcell/ws_moveit2/install/robo_planner_msgs/include/robo_planner_msgs/robo_planner_msgs/srv/detail/gripper_change_pick__builder.hpp
[5.007s] -- Up-to-date: /home/autopilot/ws/restackcell/ws_moveit2/install/robo_planner_msgs/include/robo_planner_msgs/robo_planner_msgs/srv/detail/gripper_change_place__traits.hpp
[5.007s] -- Up-to-date: /home/autopilot/ws/restackcell/ws_moveit2/install/robo_planner_msgs/include/robo_planner_msgs/robo_planner_msgs/srv/detail/place__builder.hpp
[5.011s] -- Up-to-date: /home/autopilot/ws/restackcell/ws_moveit2/install/robo_planner_msgs/include/robo_planner_msgs/robo_planner_msgs/srv/detail/gripper_change__traits.hpp
[5.012s] -- Up-to-date: /home/autopilot/ws/restackcell/ws_moveit2/install/robo_planner_msgs/include/robo_planner_msgs/robo_planner_msgs/srv/detail/set_robot_value_velocity__builder.hpp
[5.013s] -- Up-to-date: /home/autopilot/ws/restackcell/ws_moveit2/install/robo_planner_msgs/include/robo_planner_msgs/robo_planner_msgs/srv/detail/move_to_pose__traits.hpp
[5.013s] -- Up-to-date: /home/autopilot/ws/restackcell/ws_moveit2/install/robo_planner_msgs/include/robo_planner_msgs/robo_planner_msgs/srv/detail/gripper_change_place__struct.hpp
[5.014s] -- Up-to-date: /home/autopilot/ws/restackcell/ws_moveit2/install/robo_planner_msgs/include/robo_planner_msgs/robo_planner_msgs/srv/detail/pick_and_place__traits.hpp
[5.014s] -- Up-to-date: /home/autopilot/ws/restackcell/ws_moveit2/install/robo_planner_msgs/include/robo_planner_msgs/robo_planner_msgs/srv/detail/set_robot_value_velocity__struct.hpp
[5.014s] -- Up-to-date: /home/autopilot/ws/restackcell/ws_moveit2/install/robo_planner_msgs/include/robo_planner_msgs/robo_planner_msgs/srv/detail/pick__builder.hpp
[5.014s] -- Up-to-date: /home/autopilot/ws/restackcell/ws_moveit2/install/robo_planner_msgs/include/robo_planner_msgs/robo_planner_msgs/srv/detail/place__traits.hpp
[5.015s] -- Up-to-date: /home/autopilot/ws/restackcell/ws_moveit2/install/robo_planner_msgs/include/robo_planner_msgs/robo_planner_msgs/srv/detail/gripper_close__struct.hpp
[5.015s] -- Up-to-date: /home/autopilot/ws/restackcell/ws_moveit2/install/robo_planner_msgs/include/robo_planner_msgs/robo_planner_msgs/srv/detail/gripper_open__builder.hpp
[5.015s] -- Up-to-date: /home/autopilot/ws/restackcell/ws_moveit2/install/robo_planner_msgs/include/robo_planner_msgs/robo_planner_msgs/srv/detail/open_door__traits.hpp
[5.015s] -- Up-to-date: /home/autopilot/ws/restackcell/ws_moveit2/install/robo_planner_msgs/include/robo_planner_msgs/robo_planner_msgs/srv/detail/move_to_pose__builder.hpp
[5.016s] -- Up-to-date: /home/autopilot/ws/restackcell/ws_moveit2/install/robo_planner_msgs/include/robo_planner_msgs/robo_planner_msgs/srv/detail/gripper_change_place__builder.hpp
[5.017s] -- Up-to-date: /home/autopilot/ws/restackcell/ws_moveit2/install/robo_planner_msgs/include/robo_planner_msgs/robo_planner_msgs/srv/detail/pick__struct.hpp
[5.017s] -- Up-to-date: /home/autopilot/ws/restackcell/ws_moveit2/install/robo_planner_msgs/include/robo_planner_msgs/robo_planner_msgs/srv/detail/gripper_close__traits.hpp
[5.017s] -- Up-to-date: /home/autopilot/ws/restackcell/ws_moveit2/install/robo_planner_msgs/include/robo_planner_msgs/robo_planner_msgs/srv/detail/follow_trajectory__builder.hpp
[5.017s] -- Up-to-date: /home/autopilot/ws/restackcell/ws_moveit2/install/robo_planner_msgs/include/robo_planner_msgs/robo_planner_msgs/srv/gripper_change.hpp
[5.018s] -- Up-to-date: /home/autopilot/ws/restackcell/ws_moveit2/install/robo_planner_msgs/include/robo_planner_msgs/robo_planner_msgs/srv/pick_and_place.hpp
[5.018s] -- Up-to-date: /home/autopilot/ws/restackcell/ws_moveit2/install/robo_planner_msgs/include/robo_planner_msgs/robo_planner_msgs/srv/place.hpp
[5.018s] -- Up-to-date: /home/autopilot/ws/restackcell/ws_moveit2/install/robo_planner_msgs/include/robo_planner_msgs/robo_planner_msgs/srv/move_to_pose.hpp
[5.018s] -- Up-to-date: /home/autopilot/ws/restackcell/ws_moveit2/install/robo_planner_msgs/include/robo_planner_msgs/robo_planner_msgs/srv/gripper_close.hpp
[5.019s] -- Up-to-date: /home/autopilot/ws/restackcell/ws_moveit2/install/robo_planner_msgs/include/robo_planner_msgs/robo_planner_msgs
[5.019s] -- Up-to-date: /home/autopilot/ws/restackcell/ws_moveit2/install/robo_planner_msgs/include/robo_planner_msgs/robo_planner_msgs/msg
[5.020s] -- Up-to-date: /home/autopilot/ws/restackcell/ws_moveit2/install/robo_planner_msgs/include/robo_planner_msgs/robo_planner_msgs/msg/rosidl_typesupport_fastrtps_cpp__visibility_control.h
[5.020s] -- Up-to-date: /home/autopilot/ws/restackcell/ws_moveit2/install/robo_planner_msgs/include/robo_planner_msgs/robo_planner_msgs/msg/detail
[5.020s] -- Up-to-date: /home/autopilot/ws/restackcell/ws_moveit2/install/robo_planner_msgs/include/robo_planner_msgs/robo_planner_msgs/msg/detail/labeled_point_clouds__rosidl_typesupport_fastrtps_cpp.hpp
[5.020s] -- Up-to-date: /home/autopilot/ws/restackcell/ws_moveit2/install/robo_planner_msgs/include/robo_planner_msgs/robo_planner_msgs/msg/detail/scene_object_remove__rosidl_typesupport_fastrtps_cpp.hpp
[5.020s] -- Up-to-date: /home/autopilot/ws/restackcell/ws_moveit2/install/robo_planner_msgs/include/robo_planner_msgs/robo_planner_msgs/msg/detail/labeled_point_cloud__rosidl_typesupport_fastrtps_cpp.hpp
[5.021s] -- Up-to-date: /home/autopilot/ws/restackcell/ws_moveit2/install/robo_planner_msgs/include/robo_planner_msgs/robo_planner_msgs/msg/detail/scene_object_set_pose__rosidl_typesupport_fastrtps_cpp.hpp
[5.021s] -- Up-to-date: /home/autopilot/ws/restackcell/ws_moveit2/install/robo_planner_msgs/include/robo_planner_msgs/robo_planner_msgs/msg/detail/dds_fastrtps
[5.021s] -- Up-to-date: /home/autopilot/ws/restackcell/ws_moveit2/install/robo_planner_msgs/include/robo_planner_msgs/robo_planner_msgs/msg/detail/scene_object_add__rosidl_typesupport_fastrtps_cpp.hpp
[5.022s] -- Up-to-date: /home/autopilot/ws/restackcell/ws_moveit2/install/robo_planner_msgs/include/robo_planner_msgs/robo_planner_msgs/srv
[5.022s] -- Up-to-date: /home/autopilot/ws/restackcell/ws_moveit2/install/robo_planner_msgs/include/robo_planner_msgs/robo_planner_msgs/srv/detail
[5.023s] -- Up-to-date: /home/autopilot/ws/restackcell/ws_moveit2/install/robo_planner_msgs/include/robo_planner_msgs/robo_planner_msgs/srv/detail/gripper_change__rosidl_typesupport_fastrtps_cpp.hpp
[5.023s] -- Up-to-date: /home/autopilot/ws/restackcell/ws_moveit2/install/robo_planner_msgs/include/robo_planner_msgs/robo_planner_msgs/srv/detail/pick_and_place__rosidl_typesupport_fastrtps_cpp.hpp
[5.023s] -- Up-to-date: /home/autopilot/ws/restackcell/ws_moveit2/install/robo_planner_msgs/include/robo_planner_msgs/robo_planner_msgs/srv/detail/place__rosidl_typesupport_fastrtps_cpp.hpp
[5.024s] -- Up-to-date: /home/autopilot/ws/restackcell/ws_moveit2/install/robo_planner_msgs/include/robo_planner_msgs/robo_planner_msgs/srv/detail/move_to_pose__rosidl_typesupport_fastrtps_cpp.hpp
[5.024s] -- Up-to-date: /home/autopilot/ws/restackcell/ws_moveit2/install/robo_planner_msgs/include/robo_planner_msgs/robo_planner_msgs/srv/detail/set_robot_value_velocity__rosidl_typesupport_fastrtps_cpp.hpp
[5.025s] -- Up-to-date: /home/autopilot/ws/restackcell/ws_moveit2/install/robo_planner_msgs/include/robo_planner_msgs/robo_planner_msgs/srv/detail/follow_trajectory__rosidl_typesupport_fastrtps_cpp.hpp
[5.025s] -- Up-to-date: /home/autopilot/ws/restackcell/ws_moveit2/install/robo_planner_msgs/include/robo_planner_msgs/robo_planner_msgs/srv/detail/gripper_close__rosidl_typesupport_fastrtps_cpp.hpp
[5.025s] -- Up-to-date: /home/autopilot/ws/restackcell/ws_moveit2/install/robo_planner_msgs/include/robo_planner_msgs/robo_planner_msgs/srv/detail/gripper_change_pick__rosidl_typesupport_fastrtps_cpp.hpp
[5.026s] -- Up-to-date: /home/autopilot/ws/restackcell/ws_moveit2/install/robo_planner_msgs/include/robo_planner_msgs/robo_planner_msgs/srv/detail/dds_fastrtps
[5.026s] -- Up-to-date: /home/autopilot/ws/restackcell/ws_moveit2/install/robo_planner_msgs/include/robo_planner_msgs/robo_planner_msgs/srv/detail/open_door__rosidl_typesupport_fastrtps_cpp.hpp
[5.028s] -- Up-to-date: /home/autopilot/ws/restackcell/ws_moveit2/install/robo_planner_msgs/include/robo_planner_msgs/robo_planner_msgs/srv/detail/pick__rosidl_typesupport_fastrtps_cpp.hpp
[5.029s] -- Up-to-date: /home/autopilot/ws/restackcell/ws_moveit2/install/robo_planner_msgs/include/robo_planner_msgs/robo_planner_msgs/srv/detail/gripper_change_place__rosidl_typesupport_fastrtps_cpp.hpp
[5.029s] -- Up-to-date: /home/autopilot/ws/restackcell/ws_moveit2/install/robo_planner_msgs/include/robo_planner_msgs/robo_planner_msgs/srv/detail/gripper_open__rosidl_typesupport_fastrtps_cpp.hpp
[5.029s] -- Up-to-date: /home/autopilot/ws/restackcell/ws_moveit2/install/robo_planner_msgs/lib/librobo_planner_msgs__rosidl_typesupport_fastrtps_cpp.so
[5.029s] -- Up-to-date: /home/autopilot/ws/restackcell/ws_moveit2/install/robo_planner_msgs/include/robo_planner_msgs/robo_planner_msgs
[5.029s] -- Up-to-date: /home/autopilot/ws/restackcell/ws_moveit2/install/robo_planner_msgs/include/robo_planner_msgs/robo_planner_msgs/msg
[5.029s] -- Up-to-date: /home/autopilot/ws/restackcell/ws_moveit2/install/robo_planner_msgs/include/robo_planner_msgs/robo_planner_msgs/msg/detail
[5.029s] -- Up-to-date: /home/autopilot/ws/restackcell/ws_moveit2/install/robo_planner_msgs/include/robo_planner_msgs/robo_planner_msgs/msg/detail/labeled_point_cloud__type_support.cpp
[5.030s] -- Up-to-date: /home/autopilot/ws/restackcell/ws_moveit2/install/robo_planner_msgs/include/robo_planner_msgs/robo_planner_msgs/msg/detail/labeled_point_clouds__rosidl_typesupport_introspection_cpp.hpp
[5.030s] -- Up-to-date: /home/autopilot/ws/restackcell/ws_moveit2/install/robo_planner_msgs/include/robo_planner_msgs/robo_planner_msgs/msg/detail/scene_object_add__type_support.cpp
[5.030s] -- Up-to-date: /home/autopilot/ws/restackcell/ws_moveit2/install/robo_planner_msgs/include/robo_planner_msgs/robo_planner_msgs/msg/detail/labeled_point_cloud__rosidl_typesupport_introspection_cpp.hpp
[5.030s] -- Up-to-date: /home/autopilot/ws/restackcell/ws_moveit2/install/robo_planner_msgs/include/robo_planner_msgs/robo_planner_msgs/msg/detail/scene_object_add__rosidl_typesupport_introspection_cpp.hpp
[5.030s] -- Up-to-date: /home/autopilot/ws/restackcell/ws_moveit2/install/robo_planner_msgs/include/robo_planner_msgs/robo_planner_msgs/msg/detail/scene_object_set_pose__rosidl_typesupport_introspection_cpp.hpp
[5.030s] -- Up-to-date: /home/autopilot/ws/restackcell/ws_moveit2/install/robo_planner_msgs/include/robo_planner_msgs/robo_planner_msgs/msg/detail/scene_object_remove__type_support.cpp
[5.030s] -- Up-to-date: /home/autopilot/ws/restackcell/ws_moveit2/install/robo_planner_msgs/include/robo_planner_msgs/robo_planner_msgs/msg/detail/scene_object_remove__rosidl_typesupport_introspection_cpp.hpp
[5.030s] -- Up-to-date: /home/autopilot/ws/restackcell/ws_moveit2/install/robo_planner_msgs/include/robo_planner_msgs/robo_planner_msgs/msg/detail/scene_object_set_pose__type_support.cpp
[5.031s] -- Up-to-date: /home/autopilot/ws/restackcell/ws_moveit2/install/robo_planner_msgs/include/robo_planner_msgs/robo_planner_msgs/msg/detail/labeled_point_clouds__type_support.cpp
[5.031s] -- Up-to-date: /home/autopilot/ws/restackcell/ws_moveit2/install/robo_planner_msgs/include/robo_planner_msgs/robo_planner_msgs/srv
[5.031s] -- Up-to-date: /home/autopilot/ws/restackcell/ws_moveit2/install/robo_planner_msgs/include/robo_planner_msgs/robo_planner_msgs/srv/detail
[5.031s] -- Up-to-date: /home/autopilot/ws/restackcell/ws_moveit2/install/robo_planner_msgs/include/robo_planner_msgs/robo_planner_msgs/srv/detail/open_door__rosidl_typesupport_introspection_cpp.hpp
[5.031s] -- Up-to-date: /home/autopilot/ws/restackcell/ws_moveit2/install/robo_planner_msgs/include/robo_planner_msgs/robo_planner_msgs/srv/detail/gripper_change_place__type_support.cpp
[5.031s] -- Up-to-date: /home/autopilot/ws/restackcell/ws_moveit2/install/robo_planner_msgs/include/robo_planner_msgs/robo_planner_msgs/srv/detail/move_to_pose__type_support.cpp
[5.032s] -- Up-to-date: /home/autopilot/ws/restackcell/ws_moveit2/install/robo_planner_msgs/include/robo_planner_msgs/robo_planner_msgs/srv/detail/gripper_change__type_support.cpp
[5.032s] -- Up-to-date: /home/autopilot/ws/restackcell/ws_moveit2/install/robo_planner_msgs/include/robo_planner_msgs/robo_planner_msgs/srv/detail/pick_and_place__rosidl_typesupport_introspection_cpp.hpp
[5.032s] -- Up-to-date: /home/autopilot/ws/restackcell/ws_moveit2/install/robo_planner_msgs/include/robo_planner_msgs/robo_planner_msgs/srv/detail/gripper_open__type_support.cpp
[5.032s] -- Up-to-date: /home/autopilot/ws/restackcell/ws_moveit2/install/robo_planner_msgs/include/robo_planner_msgs/robo_planner_msgs/srv/detail/place__type_support.cpp
[5.032s] -- Up-to-date: /home/autopilot/ws/restackcell/ws_moveit2/install/robo_planner_msgs/include/robo_planner_msgs/robo_planner_msgs/srv/detail/pick_and_place__type_support.cpp
[5.032s] -- Up-to-date: /home/autopilot/ws/restackcell/ws_moveit2/install/robo_planner_msgs/include/robo_planner_msgs/robo_planner_msgs/srv/detail/gripper_close__rosidl_typesupport_introspection_cpp.hpp
[5.033s] -- Up-to-date: /home/autopilot/ws/restackcell/ws_moveit2/install/robo_planner_msgs/include/robo_planner_msgs/robo_planner_msgs/srv/detail/open_door__type_support.cpp
[5.033s] -- Up-to-date: /home/autopilot/ws/restackcell/ws_moveit2/install/robo_planner_msgs/include/robo_planner_msgs/robo_planner_msgs/srv/detail/move_to_pose__rosidl_typesupport_introspection_cpp.hpp
[5.033s] -- Up-to-date: /home/autopilot/ws/restackcell/ws_moveit2/install/robo_planner_msgs/include/robo_planner_msgs/robo_planner_msgs/srv/detail/pick__type_support.cpp
[5.033s] -- Up-to-date: /home/autopilot/ws/restackcell/ws_moveit2/install/robo_planner_msgs/include/robo_planner_msgs/robo_planner_msgs/srv/detail/follow_trajectory__type_support.cpp
[5.033s] -- Up-to-date: /home/autopilot/ws/restackcell/ws_moveit2/install/robo_planner_msgs/include/robo_planner_msgs/robo_planner_msgs/srv/detail/set_robot_value_velocity__rosidl_typesupport_introspection_cpp.hpp
[5.033s] -- Up-to-date: /home/autopilot/ws/restackcell/ws_moveit2/install/robo_planner_msgs/include/robo_planner_msgs/robo_planner_msgs/srv/detail/gripper_close__type_support.cpp
[5.033s] -- Up-to-date: /home/autopilot/ws/restackcell/ws_moveit2/install/robo_planner_msgs/include/robo_planner_msgs/robo_planner_msgs/srv/detail/gripper_open__rosidl_typesupport_introspection_cpp.hpp
[5.033s] -- Up-to-date: /home/autopilot/ws/restackcell/ws_moveit2/install/robo_planner_msgs/include/robo_planner_msgs/robo_planner_msgs/srv/detail/pick__rosidl_typesupport_introspection_cpp.hpp
[5.034s] -- Up-to-date: /home/autopilot/ws/restackcell/ws_moveit2/install/robo_planner_msgs/include/robo_planner_msgs/robo_planner_msgs/srv/detail/gripper_change_place__rosidl_typesupport_introspection_cpp.hpp
[5.034s] -- Up-to-date: /home/autopilot/ws/restackcell/ws_moveit2/install/robo_planner_msgs/include/robo_planner_msgs/robo_planner_msgs/srv/detail/set_robot_value_velocity__type_support.cpp
[5.034s] -- Up-to-date: /home/autopilot/ws/restackcell/ws_moveit2/install/robo_planner_msgs/include/robo_planner_msgs/robo_planner_msgs/srv/detail/place__rosidl_typesupport_introspection_cpp.hpp
[5.034s] -- Up-to-date: /home/autopilot/ws/restackcell/ws_moveit2/install/robo_planner_msgs/include/robo_planner_msgs/robo_planner_msgs/srv/detail/gripper_change_pick__type_support.cpp
[5.034s] -- Up-to-date: /home/autopilot/ws/restackcell/ws_moveit2/install/robo_planner_msgs/include/robo_planner_msgs/robo_planner_msgs/srv/detail/follow_trajectory__rosidl_typesupport_introspection_cpp.hpp
[5.034s] -- Up-to-date: /home/autopilot/ws/restackcell/ws_moveit2/install/robo_planner_msgs/include/robo_planner_msgs/robo_planner_msgs/srv/detail/gripper_change__rosidl_typesupport_introspection_cpp.hpp
[5.035s] -- Up-to-date: /home/autopilot/ws/restackcell/ws_moveit2/install/robo_planner_msgs/include/robo_planner_msgs/robo_planner_msgs/srv/detail/gripper_change_pick__rosidl_typesupport_introspection_cpp.hpp
[5.035s] -- Up-to-date: /home/autopilot/ws/restackcell/ws_moveit2/install/robo_planner_msgs/lib/librobo_planner_msgs__rosidl_typesupport_introspection_cpp.so
[5.035s] -- Up-to-date: /home/autopilot/ws/restackcell/ws_moveit2/install/robo_planner_msgs/lib/librobo_planner_msgs__rosidl_typesupport_cpp.so
[5.035s] -- Up-to-date: /home/autopilot/ws/restackcell/ws_moveit2/install/robo_planner_msgs/share/robo_planner_msgs/environment/pythonpath.sh
[5.035s] -- Up-to-date: /home/autopilot/ws/restackcell/ws_moveit2/install/robo_planner_msgs/share/robo_planner_msgs/environment/pythonpath.dsv
[5.035s] -- Up-to-date: /home/autopilot/ws/restackcell/ws_moveit2/install/robo_planner_msgs/local/lib/python3.10/dist-packages/robo_planner_msgs-0.0.0-py3.10.egg-info
[5.036s] -- Installing: /home/autopilot/ws/restackcell/ws_moveit2/install/robo_planner_msgs/local/lib/python3.10/dist-packages/robo_planner_msgs-0.0.0-py3.10.egg-info/SOURCES.txt
[5.036s] -- Installing: /home/autopilot/ws/restackcell/ws_moveit2/install/robo_planner_msgs/local/lib/python3.10/dist-packages/robo_planner_msgs-0.0.0-py3.10.egg-info/PKG-INFO
[5.036s] -- Installing: /home/autopilot/ws/restackcell/ws_moveit2/install/robo_planner_msgs/local/lib/python3.10/dist-packages/robo_planner_msgs-0.0.0-py3.10.egg-info/top_level.txt
[5.036s] -- Installing: /home/autopilot/ws/restackcell/ws_moveit2/install/robo_planner_msgs/local/lib/python3.10/dist-packages/robo_planner_msgs-0.0.0-py3.10.egg-info/dependency_links.txt
[5.036s] -- Up-to-date: /home/autopilot/ws/restackcell/ws_moveit2/install/robo_planner_msgs/local/lib/python3.10/dist-packages/robo_planner_msgs
[5.036s] -- Up-to-date: /home/autopilot/ws/restackcell/ws_moveit2/install/robo_planner_msgs/local/lib/python3.10/dist-packages/robo_planner_msgs/_robo_planner_msgs_s.ep.rosidl_typesupport_introspection_c.c
[5.036s] -- Up-to-date: /home/autopilot/ws/restackcell/ws_moveit2/install/robo_planner_msgs/local/lib/python3.10/dist-packages/robo_planner_msgs/__init__.py
[5.037s] -- Up-to-date: /home/autopilot/ws/restackcell/ws_moveit2/install/robo_planner_msgs/local/lib/python3.10/dist-packages/robo_planner_msgs/robo_planner_msgs_s__rosidl_typesupport_c.cpython-310-aarch64-linux-gnu.so
[5.037s] -- Up-to-date: /home/autopilot/ws/restackcell/ws_moveit2/install/robo_planner_msgs/local/lib/python3.10/dist-packages/robo_planner_msgs/msg
[5.037s] -- Up-to-date: /home/autopilot/ws/restackcell/ws_moveit2/install/robo_planner_msgs/local/lib/python3.10/dist-packages/robo_planner_msgs/msg/_labeled_point_clouds_s.c
[5.037s] -- Up-to-date: /home/autopilot/ws/restackcell/ws_moveit2/install/robo_planner_msgs/local/lib/python3.10/dist-packages/robo_planner_msgs/msg/_labeled_point_cloud_s.c
[5.037s] -- Up-to-date: /home/autopilot/ws/restackcell/ws_moveit2/install/robo_planner_msgs/local/lib/python3.10/dist-packages/robo_planner_msgs/msg/_scene_object_add_s.c
[5.037s] -- Up-to-date: /home/autopilot/ws/restackcell/ws_moveit2/install/robo_planner_msgs/local/lib/python3.10/dist-packages/robo_planner_msgs/msg/__init__.py
[5.037s] -- Up-to-date: /home/autopilot/ws/restackcell/ws_moveit2/install/robo_planner_msgs/local/lib/python3.10/dist-packages/robo_planner_msgs/msg/_scene_object_add.py
[5.037s] -- Up-to-date: /home/autopilot/ws/restackcell/ws_moveit2/install/robo_planner_msgs/local/lib/python3.10/dist-packages/robo_planner_msgs/msg/_labeled_point_clouds.py
[5.038s] -- Up-to-date: /home/autopilot/ws/restackcell/ws_moveit2/install/robo_planner_msgs/local/lib/python3.10/dist-packages/robo_planner_msgs/msg/_scene_object_set_pose.py
[5.038s] -- Up-to-date: /home/autopilot/ws/restackcell/ws_moveit2/install/robo_planner_msgs/local/lib/python3.10/dist-packages/robo_planner_msgs/msg/_scene_object_remove.py
[5.038s] -- Up-to-date: /home/autopilot/ws/restackcell/ws_moveit2/install/robo_planner_msgs/local/lib/python3.10/dist-packages/robo_planner_msgs/msg/_scene_object_set_pose_s.c
[5.038s] -- Up-to-date: /home/autopilot/ws/restackcell/ws_moveit2/install/robo_planner_msgs/local/lib/python3.10/dist-packages/robo_planner_msgs/msg/_labeled_point_cloud.py
[5.038s] -- Up-to-date: /home/autopilot/ws/restackcell/ws_moveit2/install/robo_planner_msgs/local/lib/python3.10/dist-packages/robo_planner_msgs/msg/_scene_object_remove_s.c
[5.038s] -- Up-to-date: /home/autopilot/ws/restackcell/ws_moveit2/install/robo_planner_msgs/local/lib/python3.10/dist-packages/robo_planner_msgs/robo_planner_msgs_s__rosidl_typesupport_introspection_c.cpython-310-aarch64-linux-gnu.so
[5.038s] -- Up-to-date: /home/autopilot/ws/restackcell/ws_moveit2/install/robo_planner_msgs/local/lib/python3.10/dist-packages/robo_planner_msgs/_robo_planner_msgs_s.ep.rosidl_typesupport_c.c
[5.038s] -- Up-to-date: /home/autopilot/ws/restackcell/ws_moveit2/install/robo_planner_msgs/local/lib/python3.10/dist-packages/robo_planner_msgs/librobo_planner_msgs__rosidl_generator_py.so
[5.039s] -- Up-to-date: /home/autopilot/ws/restackcell/ws_moveit2/install/robo_planner_msgs/local/lib/python3.10/dist-packages/robo_planner_msgs/_robo_planner_msgs_s.ep.rosidl_typesupport_fastrtps_c.c
[5.039s] -- Up-to-date: /home/autopilot/ws/restackcell/ws_moveit2/install/robo_planner_msgs/local/lib/python3.10/dist-packages/robo_planner_msgs/robo_planner_msgs_s__rosidl_typesupport_fastrtps_c.cpython-310-aarch64-linux-gnu.so
[5.039s] -- Up-to-date: /home/autopilot/ws/restackcell/ws_moveit2/install/robo_planner_msgs/local/lib/python3.10/dist-packages/robo_planner_msgs/srv
[5.039s] -- Up-to-date: /home/autopilot/ws/restackcell/ws_moveit2/install/robo_planner_msgs/local/lib/python3.10/dist-packages/robo_planner_msgs/srv/_set_robot_value_velocity_s.c
[5.039s] -- Up-to-date: /home/autopilot/ws/restackcell/ws_moveit2/install/robo_planner_msgs/local/lib/python3.10/dist-packages/robo_planner_msgs/srv/_move_to_pose_s.c
[5.039s] -- Up-to-date: /home/autopilot/ws/restackcell/ws_moveit2/install/robo_planner_msgs/local/lib/python3.10/dist-packages/robo_planner_msgs/srv/_pick_s.c
[5.039s] -- Up-to-date: /home/autopilot/ws/restackcell/ws_moveit2/install/robo_planner_msgs/local/lib/python3.10/dist-packages/robo_planner_msgs/srv/_place.py
[5.039s] -- Up-to-date: /home/autopilot/ws/restackcell/ws_moveit2/install/robo_planner_msgs/local/lib/python3.10/dist-packages/robo_planner_msgs/srv/_gripper_change.py
[5.040s] -- Up-to-date: /home/autopilot/ws/restackcell/ws_moveit2/install/robo_planner_msgs/local/lib/python3.10/dist-packages/robo_planner_msgs/srv/_gripper_close.py
[5.040s] -- Up-to-date: /home/autopilot/ws/restackcell/ws_moveit2/install/robo_planner_msgs/local/lib/python3.10/dist-packages/robo_planner_msgs/srv/__init__.py
[5.040s] -- Up-to-date: /home/autopilot/ws/restackcell/ws_moveit2/install/robo_planner_msgs/local/lib/python3.10/dist-packages/robo_planner_msgs/srv/_gripper_change_pick.py
[5.040s] -- Up-to-date: /home/autopilot/ws/restackcell/ws_moveit2/install/robo_planner_msgs/local/lib/python3.10/dist-packages/robo_planner_msgs/srv/_pick_and_place.py
[5.040s] -- Up-to-date: /home/autopilot/ws/restackcell/ws_moveit2/install/robo_planner_msgs/local/lib/python3.10/dist-packages/robo_planner_msgs/srv/_gripper_change_s.c
[5.040s] -- Up-to-date: /home/autopilot/ws/restackcell/ws_moveit2/install/robo_planner_msgs/local/lib/python3.10/dist-packages/robo_planner_msgs/srv/_open_door.py
[5.040s] -- Up-to-date: /home/autopilot/ws/restackcell/ws_moveit2/install/robo_planner_msgs/local/lib/python3.10/dist-packages/robo_planner_msgs/srv/_follow_trajectory_s.c
[5.041s] -- Up-to-date: /home/autopilot/ws/restackcell/ws_moveit2/install/robo_planner_msgs/local/lib/python3.10/dist-packages/robo_planner_msgs/srv/_pick.py
[5.041s] -- Up-to-date: /home/autopilot/ws/restackcell/ws_moveit2/install/robo_planner_msgs/local/lib/python3.10/dist-packages/robo_planner_msgs/srv/_open_door_s.c
[5.041s] -- Up-to-date: /home/autopilot/ws/restackcell/ws_moveit2/install/robo_planner_msgs/local/lib/python3.10/dist-packages/robo_planner_msgs/srv/_gripper_change_place.py
[5.041s] -- Up-to-date: /home/autopilot/ws/restackcell/ws_moveit2/install/robo_planner_msgs/local/lib/python3.10/dist-packages/robo_planner_msgs/srv/_follow_trajectory.py
[5.041s] -- Up-to-date: /home/autopilot/ws/restackcell/ws_moveit2/install/robo_planner_msgs/local/lib/python3.10/dist-packages/robo_planner_msgs/srv/_gripper_change_place_s.c
[5.041s] -- Up-to-date: /home/autopilot/ws/restackcell/ws_moveit2/install/robo_planner_msgs/local/lib/python3.10/dist-packages/robo_planner_msgs/srv/_pick_and_place_s.c
[5.042s] -- Up-to-date: /home/autopilot/ws/restackcell/ws_moveit2/install/robo_planner_msgs/local/lib/python3.10/dist-packages/robo_planner_msgs/srv/_gripper_change_pick_s.c
[5.042s] -- Up-to-date: /home/autopilot/ws/restackcell/ws_moveit2/install/robo_planner_msgs/local/lib/python3.10/dist-packages/robo_planner_msgs/srv/_gripper_open.py
[5.042s] -- Up-to-date: /home/autopilot/ws/restackcell/ws_moveit2/install/robo_planner_msgs/local/lib/python3.10/dist-packages/robo_planner_msgs/srv/_gripper_close_s.c
[5.042s] -- Up-to-date: /home/autopilot/ws/restackcell/ws_moveit2/install/robo_planner_msgs/local/lib/python3.10/dist-packages/robo_planner_msgs/srv/_move_to_pose.py
[5.042s] -- Up-to-date: /home/autopilot/ws/restackcell/ws_moveit2/install/robo_planner_msgs/local/lib/python3.10/dist-packages/robo_planner_msgs/srv/_gripper_open_s.c
[5.043s] -- Up-to-date: /home/autopilot/ws/restackcell/ws_moveit2/install/robo_planner_msgs/local/lib/python3.10/dist-packages/robo_planner_msgs/srv/_place_s.c
[5.043s] -- Up-to-date: /home/autopilot/ws/restackcell/ws_moveit2/install/robo_planner_msgs/local/lib/python3.10/dist-packages/robo_planner_msgs/srv/_set_robot_value_velocity.py
[5.063s] Listing '/home/autopilot/ws/restackcell/ws_moveit2/install/robo_planner_msgs/local/lib/python3.10/dist-packages/robo_planner_msgs'...
[5.063s] Listing '/home/autopilot/ws/restackcell/ws_moveit2/install/robo_planner_msgs/local/lib/python3.10/dist-packages/robo_planner_msgs/msg'...
[5.063s] Listing '/home/autopilot/ws/restackcell/ws_moveit2/install/robo_planner_msgs/local/lib/python3.10/dist-packages/robo_planner_msgs/srv'...
[5.078s] -- Up-to-date: /home/autopilot/ws/restackcell/ws_moveit2/install/robo_planner_msgs/local/lib/python3.10/dist-packages/robo_planner_msgs/robo_planner_msgs_s__rosidl_typesupport_fastrtps_c.cpython-310-aarch64-linux-gnu.so
[5.079s] -- Up-to-date: /home/autopilot/ws/restackcell/ws_moveit2/install/robo_planner_msgs/local/lib/python3.10/dist-packages/robo_planner_msgs/robo_planner_msgs_s__rosidl_typesupport_introspection_c.cpython-310-aarch64-linux-gnu.so
[5.080s] -- Up-to-date: /home/autopilot/ws/restackcell/ws_moveit2/install/robo_planner_msgs/local/lib/python3.10/dist-packages/robo_planner_msgs/robo_planner_msgs_s__rosidl_typesupport_c.cpython-310-aarch64-linux-gnu.so
[5.080s] -- Up-to-date: /home/autopilot/ws/restackcell/ws_moveit2/install/robo_planner_msgs/lib/librobo_planner_msgs__rosidl_generator_py.so
[5.081s] -- Up-to-date: /home/autopilot/ws/restackcell/ws_moveit2/install/robo_planner_msgs/share/robo_planner_msgs/srv/FollowTrajectory.idl
[5.081s] -- Up-to-date: /home/autopilot/ws/restackcell/ws_moveit2/install/robo_planner_msgs/share/robo_planner_msgs/srv/GripperClose.idl
[5.081s] -- Up-to-date: /home/autopilot/ws/restackcell/ws_moveit2/install/robo_planner_msgs/share/robo_planner_msgs/srv/GripperOpen.idl
[5.082s] -- Up-to-date: /home/autopilot/ws/restackcell/ws_moveit2/install/robo_planner_msgs/share/robo_planner_msgs/srv/MoveToPose.idl
[5.082s] -- Up-to-date: /home/autopilot/ws/restackcell/ws_moveit2/install/robo_planner_msgs/share/robo_planner_msgs/srv/OpenDoor.idl
[5.082s] -- Up-to-date: /home/autopilot/ws/restackcell/ws_moveit2/install/robo_planner_msgs/share/robo_planner_msgs/srv/SetRobotValueVelocity.idl
[5.082s] -- Up-to-date: /home/autopilot/ws/restackcell/ws_moveit2/install/robo_planner_msgs/share/robo_planner_msgs/srv/GripperChange.idl
[5.083s] -- Up-to-date: /home/autopilot/ws/restackcell/ws_moveit2/install/robo_planner_msgs/share/robo_planner_msgs/srv/GripperChangePick.idl
[5.083s] -- Up-to-date: /home/autopilot/ws/restackcell/ws_moveit2/install/robo_planner_msgs/share/robo_planner_msgs/srv/GripperChangePlace.idl
[5.083s] -- Up-to-date: /home/autopilot/ws/restackcell/ws_moveit2/install/robo_planner_msgs/share/robo_planner_msgs/srv/Pick.idl
[5.083s] -- Up-to-date: /home/autopilot/ws/restackcell/ws_moveit2/install/robo_planner_msgs/share/robo_planner_msgs/srv/PickAndPlace.idl
[5.083s] -- Up-to-date: /home/autopilot/ws/restackcell/ws_moveit2/install/robo_planner_msgs/share/robo_planner_msgs/srv/Place.idl
[5.083s] -- Up-to-date: /home/autopilot/ws/restackcell/ws_moveit2/install/robo_planner_msgs/share/robo_planner_msgs/msg/LabeledPointCloud.idl
[5.083s] -- Up-to-date: /home/autopilot/ws/restackcell/ws_moveit2/install/robo_planner_msgs/share/robo_planner_msgs/msg/LabeledPointClouds.idl
[5.084s] -- Up-to-date: /home/autopilot/ws/restackcell/ws_moveit2/install/robo_planner_msgs/share/robo_planner_msgs/msg/SceneObjectRemove.idl
[5.084s] -- Up-to-date: /home/autopilot/ws/restackcell/ws_moveit2/install/robo_planner_msgs/share/robo_planner_msgs/msg/SceneObjectAdd.idl
[5.084s] -- Up-to-date: /home/autopilot/ws/restackcell/ws_moveit2/install/robo_planner_msgs/share/robo_planner_msgs/msg/SceneObjectSetPose.idl
[5.084s] -- Up-to-date: /home/autopilot/ws/restackcell/ws_moveit2/install/robo_planner_msgs/share/robo_planner_msgs/Atomic/FollowTrajectory.srv
[5.084s] -- Up-to-date: /home/autopilot/ws/restackcell/ws_moveit2/install/robo_planner_msgs/share/robo_planner_msgs/Atomic/FollowTrajectory_Request.msg
[5.084s] -- Up-to-date: /home/autopilot/ws/restackcell/ws_moveit2/install/robo_planner_msgs/share/robo_planner_msgs/Atomic/FollowTrajectory_Response.msg
[5.084s] -- Up-to-date: /home/autopilot/ws/restackcell/ws_moveit2/install/robo_planner_msgs/share/robo_planner_msgs/Atomic/GripperClose.srv
[5.085s] -- Up-to-date: /home/autopilot/ws/restackcell/ws_moveit2/install/robo_planner_msgs/share/robo_planner_msgs/Atomic/GripperClose_Request.msg
[5.085s] -- Up-to-date: /home/autopilot/ws/restackcell/ws_moveit2/install/robo_planner_msgs/share/robo_planner_msgs/Atomic/GripperClose_Response.msg
[5.085s] -- Up-to-date: /home/autopilot/ws/restackcell/ws_moveit2/install/robo_planner_msgs/share/robo_planner_msgs/Atomic/GripperOpen.srv
[5.085s] -- Up-to-date: /home/autopilot/ws/restackcell/ws_moveit2/install/robo_planner_msgs/share/robo_planner_msgs/Atomic/GripperOpen_Request.msg
[5.085s] -- Up-to-date: /home/autopilot/ws/restackcell/ws_moveit2/install/robo_planner_msgs/share/robo_planner_msgs/Atomic/GripperOpen_Response.msg
[5.085s] -- Up-to-date: /home/autopilot/ws/restackcell/ws_moveit2/install/robo_planner_msgs/share/robo_planner_msgs/Atomic/MoveToPose.srv
[5.086s] -- Up-to-date: /home/autopilot/ws/restackcell/ws_moveit2/install/robo_planner_msgs/share/robo_planner_msgs/Atomic/MoveToPose_Request.msg
[5.086s] -- Up-to-date: /home/autopilot/ws/restackcell/ws_moveit2/install/robo_planner_msgs/share/robo_planner_msgs/Atomic/MoveToPose_Response.msg
[5.086s] -- Up-to-date: /home/autopilot/ws/restackcell/ws_moveit2/install/robo_planner_msgs/share/robo_planner_msgs/Atomic/OpenDoor.srv
[5.086s] -- Up-to-date: /home/autopilot/ws/restackcell/ws_moveit2/install/robo_planner_msgs/share/robo_planner_msgs/Atomic/OpenDoor_Request.msg
[5.086s] -- Up-to-date: /home/autopilot/ws/restackcell/ws_moveit2/install/robo_planner_msgs/share/robo_planner_msgs/Atomic/OpenDoor_Response.msg
[5.086s] -- Up-to-date: /home/autopilot/ws/restackcell/ws_moveit2/install/robo_planner_msgs/share/robo_planner_msgs/Atomic/SetRobotValueVelocity.srv
[5.087s] -- Up-to-date: /home/autopilot/ws/restackcell/ws_moveit2/install/robo_planner_msgs/share/robo_planner_msgs/Atomic/SetRobotValueVelocity_Request.msg
[5.087s] -- Up-to-date: /home/autopilot/ws/restackcell/ws_moveit2/install/robo_planner_msgs/share/robo_planner_msgs/Atomic/SetRobotValueVelocity_Response.msg
[5.087s] -- Up-to-date: /home/autopilot/ws/restackcell/ws_moveit2/install/robo_planner_msgs/share/robo_planner_msgs/Composed/GripperChange.srv
[5.087s] -- Up-to-date: /home/autopilot/ws/restackcell/ws_moveit2/install/robo_planner_msgs/share/robo_planner_msgs/Composed/GripperChange_Request.msg
[5.087s] -- Up-to-date: /home/autopilot/ws/restackcell/ws_moveit2/install/robo_planner_msgs/share/robo_planner_msgs/Composed/GripperChange_Response.msg
[5.087s] -- Up-to-date: /home/autopilot/ws/restackcell/ws_moveit2/install/robo_planner_msgs/share/robo_planner_msgs/Composed/GripperChangePick.srv
[5.088s] -- Up-to-date: /home/autopilot/ws/restackcell/ws_moveit2/install/robo_planner_msgs/share/robo_planner_msgs/Composed/GripperChangePick_Request.msg
[5.088s] -- Up-to-date: /home/autopilot/ws/restackcell/ws_moveit2/install/robo_planner_msgs/share/robo_planner_msgs/Composed/GripperChangePick_Response.msg
[5.088s] -- Up-to-date: /home/autopilot/ws/restackcell/ws_moveit2/install/robo_planner_msgs/share/robo_planner_msgs/Composed/GripperChangePlace.srv
[5.088s] -- Up-to-date: /home/autopilot/ws/restackcell/ws_moveit2/install/robo_planner_msgs/share/robo_planner_msgs/Composed/GripperChangePlace_Request.msg
[5.088s] -- Up-to-date: /home/autopilot/ws/restackcell/ws_moveit2/install/robo_planner_msgs/share/robo_planner_msgs/Composed/GripperChangePlace_Response.msg
[5.088s] -- Up-to-date: /home/autopilot/ws/restackcell/ws_moveit2/install/robo_planner_msgs/share/robo_planner_msgs/Composed/Pick.srv
[5.088s] -- Up-to-date: /home/autopilot/ws/restackcell/ws_moveit2/install/robo_planner_msgs/share/robo_planner_msgs/Composed/Pick_Request.msg
[5.089s] -- Up-to-date: /home/autopilot/ws/restackcell/ws_moveit2/install/robo_planner_msgs/share/robo_planner_msgs/Composed/Pick_Response.msg
[5.089s] -- Up-to-date: /home/autopilot/ws/restackcell/ws_moveit2/install/robo_planner_msgs/share/robo_planner_msgs/Composed/PickAndPlace.srv
[5.089s] -- Up-to-date: /home/autopilot/ws/restackcell/ws_moveit2/install/robo_planner_msgs/share/robo_planner_msgs/Composed/PickAndPlace_Request.msg
[5.089s] -- Up-to-date: /home/autopilot/ws/restackcell/ws_moveit2/install/robo_planner_msgs/share/robo_planner_msgs/Composed/PickAndPlace_Response.msg
[5.089s] -- Up-to-date: /home/autopilot/ws/restackcell/ws_moveit2/install/robo_planner_msgs/share/robo_planner_msgs/Composed/Place.srv
[5.089s] -- Up-to-date: /home/autopilot/ws/restackcell/ws_moveit2/install/robo_planner_msgs/share/robo_planner_msgs/Composed/Place_Request.msg
[5.090s] -- Up-to-date: /home/autopilot/ws/restackcell/ws_moveit2/install/robo_planner_msgs/share/robo_planner_msgs/Composed/Place_Response.msg
[5.090s] -- Up-to-date: /home/autopilot/ws/restackcell/ws_moveit2/install/robo_planner_msgs/share/robo_planner_msgs/msg/LabeledPointCloud.msg
[5.090s] -- Up-to-date: /home/autopilot/ws/restackcell/ws_moveit2/install/robo_planner_msgs/share/robo_planner_msgs/msg/LabeledPointClouds.msg
[5.090s] -- Up-to-date: /home/autopilot/ws/restackcell/ws_moveit2/install/robo_planner_msgs/share/robo_planner_msgs/msg/SceneObjectRemove.msg
[5.090s] -- Up-to-date: /home/autopilot/ws/restackcell/ws_moveit2/install/robo_planner_msgs/share/robo_planner_msgs/msg/SceneObjectAdd.msg
[5.090s] -- Up-to-date: /home/autopilot/ws/restackcell/ws_moveit2/install/robo_planner_msgs/share/robo_planner_msgs/msg/SceneObjectSetPose.msg
[5.090s] -- Up-to-date: /home/autopilot/ws/restackcell/ws_moveit2/install/robo_planner_msgs/share/ament_index/resource_index/package_run_dependencies/robo_planner_msgs
[5.091s] -- Up-to-date: /home/autopilot/ws/restackcell/ws_moveit2/install/robo_planner_msgs/share/ament_index/resource_index/parent_prefix_path/robo_planner_msgs
[5.091s] -- Up-to-date: /home/autopilot/ws/restackcell/ws_moveit2/install/robo_planner_msgs/share/robo_planner_msgs/environment/ament_prefix_path.sh
[5.091s] -- Up-to-date: /home/autopilot/ws/restackcell/ws_moveit2/install/robo_planner_msgs/share/robo_planner_msgs/environment/ament_prefix_path.dsv
[5.091s] -- Up-to-date: /home/autopilot/ws/restackcell/ws_moveit2/install/robo_planner_msgs/share/robo_planner_msgs/environment/path.sh
[5.091s] -- Up-to-date: /home/autopilot/ws/restackcell/ws_moveit2/install/robo_planner_msgs/share/robo_planner_msgs/environment/path.dsv
[5.091s] -- Up-to-date: /home/autopilot/ws/restackcell/ws_moveit2/install/robo_planner_msgs/share/robo_planner_msgs/local_setup.bash
[5.091s] -- Up-to-date: /home/autopilot/ws/restackcell/ws_moveit2/install/robo_planner_msgs/share/robo_planner_msgs/local_setup.sh
[5.092s] -- Up-to-date: /home/autopilot/ws/restackcell/ws_moveit2/install/robo_planner_msgs/share/robo_planner_msgs/local_setup.zsh
[5.092s] -- Up-to-date: /home/autopilot/ws/restackcell/ws_moveit2/install/robo_planner_msgs/share/robo_planner_msgs/local_setup.dsv
[5.092s] -- Installing: /home/autopilot/ws/restackcell/ws_moveit2/install/robo_planner_msgs/share/robo_planner_msgs/package.dsv
[5.092s] -- Up-to-date: /home/autopilot/ws/restackcell/ws_moveit2/install/robo_planner_msgs/share/ament_index/resource_index/packages/robo_planner_msgs
[5.093s] -- Up-to-date: /home/autopilot/ws/restackcell/ws_moveit2/install/robo_planner_msgs/share/robo_planner_msgs/cmake/export_robo_planner_msgs__rosidl_generator_cExport.cmake
[5.093s] -- Up-to-date: /home/autopilot/ws/restackcell/ws_moveit2/install/robo_planner_msgs/share/robo_planner_msgs/cmake/export_robo_planner_msgs__rosidl_generator_cExport-noconfig.cmake
[5.093s] -- Up-to-date: /home/autopilot/ws/restackcell/ws_moveit2/install/robo_planner_msgs/share/robo_planner_msgs/cmake/export_robo_planner_msgs__rosidl_typesupport_fastrtps_cExport.cmake
[5.093s] -- Up-to-date: /home/autopilot/ws/restackcell/ws_moveit2/install/robo_planner_msgs/share/robo_planner_msgs/cmake/export_robo_planner_msgs__rosidl_typesupport_fastrtps_cExport-noconfig.cmake
[5.093s] -- Up-to-date: /home/autopilot/ws/restackcell/ws_moveit2/install/robo_planner_msgs/share/robo_planner_msgs/cmake/robo_planner_msgs__rosidl_typesupport_introspection_cExport.cmake
[5.093s] -- Up-to-date: /home/autopilot/ws/restackcell/ws_moveit2/install/robo_planner_msgs/share/robo_planner_msgs/cmake/robo_planner_msgs__rosidl_typesupport_introspection_cExport-noconfig.cmake
[5.094s] -- Up-to-date: /home/autopilot/ws/restackcell/ws_moveit2/install/robo_planner_msgs/share/robo_planner_msgs/cmake/robo_planner_msgs__rosidl_typesupport_cExport.cmake
[5.094s] -- Up-to-date: /home/autopilot/ws/restackcell/ws_moveit2/install/robo_planner_msgs/share/robo_planner_msgs/cmake/robo_planner_msgs__rosidl_typesupport_cExport-noconfig.cmake
[5.094s] -- Up-to-date: /home/autopilot/ws/restackcell/ws_moveit2/install/robo_planner_msgs/share/robo_planner_msgs/cmake/export_robo_planner_msgs__rosidl_generator_cppExport.cmake
[5.094s] -- Up-to-date: /home/autopilot/ws/restackcell/ws_moveit2/install/robo_planner_msgs/share/robo_planner_msgs/cmake/export_robo_planner_msgs__rosidl_typesupport_fastrtps_cppExport.cmake
[5.094s] -- Up-to-date: /home/autopilot/ws/restackcell/ws_moveit2/install/robo_planner_msgs/share/robo_planner_msgs/cmake/export_robo_planner_msgs__rosidl_typesupport_fastrtps_cppExport-noconfig.cmake
[5.095s] -- Up-to-date: /home/autopilot/ws/restackcell/ws_moveit2/install/robo_planner_msgs/share/robo_planner_msgs/cmake/robo_planner_msgs__rosidl_typesupport_introspection_cppExport.cmake
[5.095s] -- Up-to-date: /home/autopilot/ws/restackcell/ws_moveit2/install/robo_planner_msgs/share/robo_planner_msgs/cmake/robo_planner_msgs__rosidl_typesupport_introspection_cppExport-noconfig.cmake
[5.095s] -- Up-to-date: /home/autopilot/ws/restackcell/ws_moveit2/install/robo_planner_msgs/share/robo_planner_msgs/cmake/robo_planner_msgs__rosidl_typesupport_cppExport.cmake
[5.095s] -- Up-to-date: /home/autopilot/ws/restackcell/ws_moveit2/install/robo_planner_msgs/share/robo_planner_msgs/cmake/robo_planner_msgs__rosidl_typesupport_cppExport-noconfig.cmake
[5.095s] -- Up-to-date: /home/autopilot/ws/restackcell/ws_moveit2/install/robo_planner_msgs/share/robo_planner_msgs/cmake/export_robo_planner_msgs__rosidl_generator_pyExport.cmake
[5.096s] -- Up-to-date: /home/autopilot/ws/restackcell/ws_moveit2/install/robo_planner_msgs/share/robo_planner_msgs/cmake/export_robo_planner_msgs__rosidl_generator_pyExport-noconfig.cmake
[5.096s] -- Up-to-date: /home/autopilot/ws/restackcell/ws_moveit2/install/robo_planner_msgs/share/robo_planner_msgs/cmake/rosidl_cmake-extras.cmake
[5.096s] -- Up-to-date: /home/autopilot/ws/restackcell/ws_moveit2/install/robo_planner_msgs/share/robo_planner_msgs/cmake/ament_cmake_export_dependencies-extras.cmake
[5.096s] -- Up-to-date: /home/autopilot/ws/restackcell/ws_moveit2/install/robo_planner_msgs/share/robo_planner_msgs/cmake/ament_cmake_export_include_directories-extras.cmake
[5.099s] -- Up-to-date: /home/autopilot/ws/restackcell/ws_moveit2/install/robo_planner_msgs/share/robo_planner_msgs/cmake/ament_cmake_export_libraries-extras.cmake
[5.099s] -- Up-to-date: /home/autopilot/ws/restackcell/ws_moveit2/install/robo_planner_msgs/share/robo_planner_msgs/cmake/ament_cmake_export_targets-extras.cmake
[5.100s] -- Up-to-date: /home/autopilot/ws/restackcell/ws_moveit2/install/robo_planner_msgs/share/robo_planner_msgs/cmake/rosidl_cmake_export_typesupport_targets-extras.cmake
[5.100s] -- Up-to-date: /home/autopilot/ws/restackcell/ws_moveit2/install/robo_planner_msgs/share/robo_planner_msgs/cmake/rosidl_cmake_export_typesupport_libraries-extras.cmake
[5.100s] -- Up-to-date: /home/autopilot/ws/restackcell/ws_moveit2/install/robo_planner_msgs/share/robo_planner_msgs/cmake/robo_planner_msgsConfig.cmake
[5.100s] -- Up-to-date: /home/autopilot/ws/restackcell/ws_moveit2/install/robo_planner_msgs/share/robo_planner_msgs/cmake/robo_planner_msgsConfig-version.cmake
[5.101s] -- Up-to-date: /home/autopilot/ws/restackcell/ws_moveit2/install/robo_planner_msgs/share/robo_planner_msgs/package.xml
[5.113s] Invoked command in '/home/autopilot/ws/restackcell/ws_moveit2/build/robo_planner_msgs' returned '0': /usr/bin/cmake --install /home/autopilot/ws/restackcell/ws_moveit2/build/robo_planner_msgs
