[2.001s] Invoking command in '/home/autopilot/ws/restackcell/build/pcl_segmentation': CMAKE_PREFIX_PATH=/opt/ros/humble:/home/autopilot/ws/restackcell/install/wzlscheduler_interfaces LD_LIBRARY_PATH=/home/autopilot/ws/restackcell/install/wzlscheduler_interfaces/lib:${LD_LIBRARY_PATH} PKG_CONFIG_PATH=/home/autopilot/ws/restackcell/install/wzlscheduler_interfaces/lib/aarch64-linux-gnu/pkgconfig:/home/autopilot/ws/restackcell/install/wzlscheduler_interfaces/lib/pkgconfig PYTHONPATH=/home/autopilot/ws/restackcell/install/wzlscheduler_interfaces/local/lib/python3.10/dist-packages:${PYTHONPATH} ROS_PACKAGE_PATH=/home/autopilot/ws/restackcell/install/wzlscheduler_interfaces/share /usr/bin/cmake --build /home/autopilot/ws/restackcell/build/pcl_segmentation -- -j4 -l4
[2.503s] [  9%] Built target scene_scan_matching
[2.724s] [ 18%] Built target clustering
[2.940s] [ 27%] Built target plane_filter
[3.183s] [ 36%] Built target classification
[3.377s] [ 45%] Built target matching
[3.696s] [ 54%] Built target pose_snapper
[3.928s] [ 63%] Built target transformation_robot
[4.103s] [ 72%] Built target hand_eye_transform_publisher
[4.288s] [ 81%] Built target test_robot_pose_publisher
[4.529s] [ 90%] Built target downsampling
[4.816s] [100%] Built target file_publisher
[5.016s] Invoked command in '/home/autopilot/ws/restackcell/build/pcl_segmentation' returned '0': CMAKE_PREFIX_PATH=/opt/ros/humble:/home/autopilot/ws/restackcell/install/wzlscheduler_interfaces LD_LIBRARY_PATH=/home/autopilot/ws/restackcell/install/wzlscheduler_interfaces/lib:${LD_LIBRARY_PATH} PKG_CONFIG_PATH=/home/autopilot/ws/restackcell/install/wzlscheduler_interfaces/lib/aarch64-linux-gnu/pkgconfig:/home/autopilot/ws/restackcell/install/wzlscheduler_interfaces/lib/pkgconfig PYTHONPATH=/home/autopilot/ws/restackcell/install/wzlscheduler_interfaces/local/lib/python3.10/dist-packages:${PYTHONPATH} ROS_PACKAGE_PATH=/home/autopilot/ws/restackcell/install/wzlscheduler_interfaces/share /usr/bin/cmake --build /home/autopilot/ws/restackcell/build/pcl_segmentation -- -j4 -l4
[5.719s] Invoking command in '/home/autopilot/ws/restackcell/build/pcl_segmentation': CMAKE_PREFIX_PATH=/opt/ros/humble:/home/autopilot/ws/restackcell/install/wzlscheduler_interfaces LD_LIBRARY_PATH=/home/autopilot/ws/restackcell/install/wzlscheduler_interfaces/lib:${LD_LIBRARY_PATH} PKG_CONFIG_PATH=/home/autopilot/ws/restackcell/install/wzlscheduler_interfaces/lib/aarch64-linux-gnu/pkgconfig:/home/autopilot/ws/restackcell/install/wzlscheduler_interfaces/lib/pkgconfig PYTHONPATH=/home/autopilot/ws/restackcell/install/wzlscheduler_interfaces/local/lib/python3.10/dist-packages:${PYTHONPATH} ROS_PACKAGE_PATH=/home/autopilot/ws/restackcell/install/wzlscheduler_interfaces/share /usr/bin/cmake --install /home/autopilot/ws/restackcell/build/pcl_segmentation
[5.758s] -- Install configuration: ""
[5.761s] -- Up-to-date: /home/autopilot/ws/restackcell/install/pcl_segmentation/lib/pcl_segmentation/scene_scan_matching
[5.764s] -- Up-to-date: /home/autopilot/ws/restackcell/install/pcl_segmentation/lib/pcl_segmentation/file_publisher
[5.766s] -- Up-to-date: /home/autopilot/ws/restackcell/install/pcl_segmentation/lib/pcl_segmentation/downsampling
[5.769s] -- Up-to-date: /home/autopilot/ws/restackcell/install/pcl_segmentation/lib/pcl_segmentation/clustering
[5.772s] -- Up-to-date: /home/autopilot/ws/restackcell/install/pcl_segmentation/lib/pcl_segmentation/plane_filter
[5.775s] -- Up-to-date: /home/autopilot/ws/restackcell/install/pcl_segmentation/lib/pcl_segmentation/classification
[5.778s] -- Up-to-date: /home/autopilot/ws/restackcell/install/pcl_segmentation/lib/pcl_segmentation/matching
[5.780s] -- Up-to-date: /home/autopilot/ws/restackcell/install/pcl_segmentation/lib/pcl_segmentation/pose_snapper
[5.783s] -- Up-to-date: /home/autopilot/ws/restackcell/install/pcl_segmentation/lib/pcl_segmentation/transformation_robot
[5.786s] -- Up-to-date: /home/autopilot/ws/restackcell/install/pcl_segmentation/lib/pcl_segmentation/hand_eye_transform_publisher
[5.788s] -- Up-to-date: /home/autopilot/ws/restackcell/install/pcl_segmentation/lib/pcl_segmentation/test_robot_pose_publisher
[5.790s] -- Up-to-date: /home/autopilot/ws/restackcell/install/pcl_segmentation/share/ament_index/resource_index/package_run_dependencies/pcl_segmentation
[5.791s] -- Up-to-date: /home/autopilot/ws/restackcell/install/pcl_segmentation/share/ament_index/resource_index/parent_prefix_path/pcl_segmentation
[5.793s] -- Up-to-date: /home/autopilot/ws/restackcell/install/pcl_segmentation/share/pcl_segmentation/environment/ament_prefix_path.sh
[5.794s] -- Up-to-date: /home/autopilot/ws/restackcell/install/pcl_segmentation/share/pcl_segmentation/environment/ament_prefix_path.dsv
[5.795s] -- Up-to-date: /home/autopilot/ws/restackcell/install/pcl_segmentation/share/pcl_segmentation/environment/path.sh
[5.797s] -- Up-to-date: /home/autopilot/ws/restackcell/install/pcl_segmentation/share/pcl_segmentation/environment/path.dsv
[5.798s] -- Up-to-date: /home/autopilot/ws/restackcell/install/pcl_segmentation/share/pcl_segmentation/local_setup.bash
[5.800s] -- Up-to-date: /home/autopilot/ws/restackcell/install/pcl_segmentation/share/pcl_segmentation/local_setup.sh
[5.801s] -- Up-to-date: /home/autopilot/ws/restackcell/install/pcl_segmentation/share/pcl_segmentation/local_setup.zsh
[5.803s] -- Up-to-date: /home/autopilot/ws/restackcell/install/pcl_segmentation/share/pcl_segmentation/local_setup.dsv
[5.805s] -- Installing: /home/autopilot/ws/restackcell/install/pcl_segmentation/share/pcl_segmentation/package.dsv
[5.809s] -- Up-to-date: /home/autopilot/ws/restackcell/install/pcl_segmentation/share/ament_index/resource_index/packages/pcl_segmentation
[5.811s] -- Up-to-date: /home/autopilot/ws/restackcell/install/pcl_segmentation/share/pcl_segmentation/cmake/pcl_segmentationConfig.cmake
[5.812s] -- Up-to-date: /home/autopilot/ws/restackcell/install/pcl_segmentation/share/pcl_segmentation/cmake/pcl_segmentationConfig-version.cmake
[5.813s] -- Up-to-date: /home/autopilot/ws/restackcell/install/pcl_segmentation/share/pcl_segmentation/package.xml
[5.825s] Invoked command in '/home/autopilot/ws/restackcell/build/pcl_segmentation' returned '0': CMAKE_PREFIX_PATH=/opt/ros/humble:/home/autopilot/ws/restackcell/install/wzlscheduler_interfaces LD_LIBRARY_PATH=/home/autopilot/ws/restackcell/install/wzlscheduler_interfaces/lib:${LD_LIBRARY_PATH} PKG_CONFIG_PATH=/home/autopilot/ws/restackcell/install/wzlscheduler_interfaces/lib/aarch64-linux-gnu/pkgconfig:/home/autopilot/ws/restackcell/install/wzlscheduler_interfaces/lib/pkgconfig PYTHONPATH=/home/autopilot/ws/restackcell/install/wzlscheduler_interfaces/local/lib/python3.10/dist-packages:${PYTHONPATH} ROS_PACKAGE_PATH=/home/autopilot/ws/restackcell/install/wzlscheduler_interfaces/share /usr/bin/cmake --install /home/autopilot/ws/restackcell/build/pcl_segmentation
