[0.045s] Invoking command in '/home/autopilot/ws/restackcell/build/robo_planner_msgs': /usr/bin/cmake --build /home/autopilot/ws/restackcell/build/robo_planner_msgs -- -j4 -l4
[0.342s] [  0%] Built target robo_planner_msgs__cpp
[0.440s] [ 12%] Built target robo_planner_msgs__rosidl_generator_c
[0.509s] [ 12%] Built target ament_cmake_python_copy_robo_planner_msgs
[0.533s] [ 24%] Built target robo_planner_msgs__rosidl_typesupport_cpp
[0.604s] [ 36%] Built target robo_planner_msgs__rosidl_typesupport_fastrtps_cpp
[0.626s] [ 48%] Built target robo_planner_msgs__rosidl_typesupport_introspection_cpp
[0.745s] [ 60%] Built target robo_planner_msgs__rosidl_typesupport_introspection_c
[0.800s] [ 73%] Built target robo_planner_msgs__rosidl_typesupport_c
[0.812s] [ 84%] Built target robo_planner_msgs__rosidl_typesupport_fastrtps_c
[0.964s] [ 84%] Built target robo_planner_msgs
[1.114s] [ 85%] Built target robo_planner_msgs__py
[1.325s] [ 96%] Built target robo_planner_msgs__rosidl_generator_py
[1.457s] [ 98%] Built target robo_planner_msgs__rosidl_typesupport_introspection_c__pyext
[1.529s] [ 99%] Built target robo_planner_msgs__rosidl_typesupport_fastrtps_c__pyext
[1.533s] [100%] Built target robo_planner_msgs__rosidl_typesupport_c__pyext
[1.778s] running egg_info
[1.781s] writing robo_planner_msgs.egg-info/PKG-INFO
[1.783s] writing dependency_links to robo_planner_msgs.egg-info/dependency_links.txt
[1.785s] writing top-level names to robo_planner_msgs.egg-info/top_level.txt
[1.792s] reading manifest file 'robo_planner_msgs.egg-info/SOURCES.txt'
[1.794s] writing manifest file 'robo_planner_msgs.egg-info/SOURCES.txt'
[1.890s] [100%] Built target ament_cmake_python_build_robo_planner_msgs_egg
[1.957s] Invoked command in '/home/autopilot/ws/restackcell/build/robo_planner_msgs' returned '0': /usr/bin/cmake --build /home/autopilot/ws/restackcell/build/robo_planner_msgs -- -j4 -l4
[4.118s] Invoking command in '/home/autopilot/ws/restackcell/build/robo_planner_msgs': /usr/bin/cmake --install /home/autopilot/ws/restackcell/build/robo_planner_msgs
[4.139s] -- Install configuration: ""
[4.139s] -- Up-to-date: /home/autopilot/ws/restackcell/install/robo_planner_msgs/share/ament_index/resource_index/rosidl_interfaces/robo_planner_msgs
[4.139s] -- Up-to-date: /home/autopilot/ws/restackcell/install/robo_planner_msgs/include/robo_planner_msgs/robo_planner_msgs
[4.141s] -- Up-to-date: /home/autopilot/ws/restackcell/install/robo_planner_msgs/include/robo_planner_msgs/robo_planner_msgs/msg
[4.142s] -- Up-to-date: /home/autopilot/ws/restackcell/install/robo_planner_msgs/include/robo_planner_msgs/robo_planner_msgs/msg/scene_object_set_pose.h
[4.142s] -- Up-to-date: /home/autopilot/ws/restackcell/install/robo_planner_msgs/include/robo_planner_msgs/robo_planner_msgs/msg/labeled_point_clouds.h
[4.142s] -- Up-to-date: /home/autopilot/ws/restackcell/install/robo_planner_msgs/include/robo_planner_msgs/robo_planner_msgs/msg/scene_object_add.h
[4.142s] -- Up-to-date: /home/autopilot/ws/restackcell/install/robo_planner_msgs/include/robo_planner_msgs/robo_planner_msgs/msg/rosidl_generator_c__visibility_control.h
[4.142s] -- Up-to-date: /home/autopilot/ws/restackcell/install/robo_planner_msgs/include/robo_planner_msgs/robo_planner_msgs/msg/labeled_point_cloud.h
[4.142s] -- Up-to-date: /home/autopilot/ws/restackcell/install/robo_planner_msgs/include/robo_planner_msgs/robo_planner_msgs/msg/scene_object_remove.h
[4.142s] -- Up-to-date: /home/autopilot/ws/restackcell/install/robo_planner_msgs/include/robo_planner_msgs/robo_planner_msgs/msg/detail
[4.143s] -- Up-to-date: /home/autopilot/ws/restackcell/install/robo_planner_msgs/include/robo_planner_msgs/robo_planner_msgs/msg/detail/scene_object_add__functions.c
[4.143s] -- Up-to-date: /home/autopilot/ws/restackcell/install/robo_planner_msgs/include/robo_planner_msgs/robo_planner_msgs/msg/detail/scene_object_set_pose__functions.c
[4.143s] -- Up-to-date: /home/autopilot/ws/restackcell/install/robo_planner_msgs/include/robo_planner_msgs/robo_planner_msgs/msg/detail/labeled_point_clouds__type_support.h
[4.143s] -- Up-to-date: /home/autopilot/ws/restackcell/install/robo_planner_msgs/include/robo_planner_msgs/robo_planner_msgs/msg/detail/scene_object_remove__functions.c
[4.143s] -- Up-to-date: /home/autopilot/ws/restackcell/install/robo_planner_msgs/include/robo_planner_msgs/robo_planner_msgs/msg/detail/labeled_point_clouds__struct.h
[4.143s] -- Up-to-date: /home/autopilot/ws/restackcell/install/robo_planner_msgs/include/robo_planner_msgs/robo_planner_msgs/msg/detail/scene_object_remove__struct.h
[4.143s] -- Up-to-date: /home/autopilot/ws/restackcell/install/robo_planner_msgs/include/robo_planner_msgs/robo_planner_msgs/msg/detail/scene_object_add__functions.h
[4.144s] -- Up-to-date: /home/autopilot/ws/restackcell/install/robo_planner_msgs/include/robo_planner_msgs/robo_planner_msgs/msg/detail/labeled_point_cloud__functions.c
[4.144s] -- Up-to-date: /home/autopilot/ws/restackcell/install/robo_planner_msgs/include/robo_planner_msgs/robo_planner_msgs/msg/detail/scene_object_add__type_support.h
[4.158s] -- Up-to-date: /home/autopilot/ws/restackcell/install/robo_planner_msgs/include/robo_planner_msgs/robo_planner_msgs/msg/detail/labeled_point_clouds__functions.c
[4.158s] -- Up-to-date: /home/autopilot/ws/restackcell/install/robo_planner_msgs/include/robo_planner_msgs/robo_planner_msgs/msg/detail/scene_object_remove__type_support.h
[4.159s] -- Up-to-date: /home/autopilot/ws/restackcell/install/robo_planner_msgs/include/robo_planner_msgs/robo_planner_msgs/msg/detail/labeled_point_cloud__functions.h
[4.159s] -- Up-to-date: /home/autopilot/ws/restackcell/install/robo_planner_msgs/include/robo_planner_msgs/robo_planner_msgs/msg/detail/labeled_point_clouds__functions.h
[4.160s] -- Up-to-date: /home/autopilot/ws/restackcell/install/robo_planner_msgs/include/robo_planner_msgs/robo_planner_msgs/msg/detail/scene_object_set_pose__struct.h
[4.160s] -- Up-to-date: /home/autopilot/ws/restackcell/install/robo_planner_msgs/include/robo_planner_msgs/robo_planner_msgs/msg/detail/scene_object_add__struct.h
[4.160s] -- Up-to-date: /home/autopilot/ws/restackcell/install/robo_planner_msgs/include/robo_planner_msgs/robo_planner_msgs/msg/detail/labeled_point_cloud__struct.h
[4.160s] -- Up-to-date: /home/autopilot/ws/restackcell/install/robo_planner_msgs/include/robo_planner_msgs/robo_planner_msgs/msg/detail/scene_object_set_pose__type_support.h
[4.160s] -- Up-to-date: /home/autopilot/ws/restackcell/install/robo_planner_msgs/include/robo_planner_msgs/robo_planner_msgs/msg/detail/labeled_point_cloud__type_support.h
[4.161s] -- Up-to-date: /home/autopilot/ws/restackcell/install/robo_planner_msgs/include/robo_planner_msgs/robo_planner_msgs/msg/detail/scene_object_set_pose__functions.h
[4.161s] -- Up-to-date: /home/autopilot/ws/restackcell/install/robo_planner_msgs/include/robo_planner_msgs/robo_planner_msgs/msg/detail/scene_object_remove__functions.h
[4.162s] -- Up-to-date: /home/autopilot/ws/restackcell/install/robo_planner_msgs/include/robo_planner_msgs/robo_planner_msgs/srv
[4.163s] -- Up-to-date: /home/autopilot/ws/restackcell/install/robo_planner_msgs/include/robo_planner_msgs/robo_planner_msgs/srv/gripper_change_pick.h
[4.163s] -- Up-to-date: /home/autopilot/ws/restackcell/install/robo_planner_msgs/include/robo_planner_msgs/robo_planner_msgs/srv/pick.h
[4.163s] -- Up-to-date: /home/autopilot/ws/restackcell/install/robo_planner_msgs/include/robo_planner_msgs/robo_planner_msgs/srv/follow_trajectory.h
[4.164s] -- Up-to-date: /home/autopilot/ws/restackcell/install/robo_planner_msgs/include/robo_planner_msgs/robo_planner_msgs/srv/place.h
[4.165s] -- Up-to-date: /home/autopilot/ws/restackcell/install/robo_planner_msgs/include/robo_planner_msgs/robo_planner_msgs/srv/open_door.h
[4.165s] -- Up-to-date: /home/autopilot/ws/restackcell/install/robo_planner_msgs/include/robo_planner_msgs/robo_planner_msgs/srv/set_robot_value_velocity.h
[4.166s] -- Up-to-date: /home/autopilot/ws/restackcell/install/robo_planner_msgs/include/robo_planner_msgs/robo_planner_msgs/srv/detail
[4.167s] -- Up-to-date: /home/autopilot/ws/restackcell/install/robo_planner_msgs/include/robo_planner_msgs/robo_planner_msgs/srv/detail/gripper_close__functions.c
[4.168s] -- Up-to-date: /home/autopilot/ws/restackcell/install/robo_planner_msgs/include/robo_planner_msgs/robo_planner_msgs/srv/detail/follow_trajectory__type_support.h
[4.168s] -- Up-to-date: /home/autopilot/ws/restackcell/install/robo_planner_msgs/include/robo_planner_msgs/robo_planner_msgs/srv/detail/set_robot_value_velocity__struct.h
[4.168s] -- Up-to-date: /home/autopilot/ws/restackcell/install/robo_planner_msgs/include/robo_planner_msgs/robo_planner_msgs/srv/detail/gripper_change__functions.h
[4.168s] -- Up-to-date: /home/autopilot/ws/restackcell/install/robo_planner_msgs/include/robo_planner_msgs/robo_planner_msgs/srv/detail/set_robot_value_velocity__functions.h
[4.168s] -- Up-to-date: /home/autopilot/ws/restackcell/install/robo_planner_msgs/include/robo_planner_msgs/robo_planner_msgs/srv/detail/gripper_change_pick__functions.c
[4.169s] -- Up-to-date: /home/autopilot/ws/restackcell/install/robo_planner_msgs/include/robo_planner_msgs/robo_planner_msgs/srv/detail/gripper_change_pick__type_support.h
[4.169s] -- Up-to-date: /home/autopilot/ws/restackcell/install/robo_planner_msgs/include/robo_planner_msgs/robo_planner_msgs/srv/detail/place__struct.h
[4.169s] -- Up-to-date: /home/autopilot/ws/restackcell/install/robo_planner_msgs/include/robo_planner_msgs/robo_planner_msgs/srv/detail/gripper_close__functions.h
[4.169s] -- Up-to-date: /home/autopilot/ws/restackcell/install/robo_planner_msgs/include/robo_planner_msgs/robo_planner_msgs/srv/detail/gripper_open__functions.h
[4.169s] -- Up-to-date: /home/autopilot/ws/restackcell/install/robo_planner_msgs/include/robo_planner_msgs/robo_planner_msgs/srv/detail/pick_and_place__functions.h
[4.169s] -- Up-to-date: /home/autopilot/ws/restackcell/install/robo_planner_msgs/include/robo_planner_msgs/robo_planner_msgs/srv/detail/open_door__functions.c
[4.169s] -- Up-to-date: /home/autopilot/ws/restackcell/install/robo_planner_msgs/include/robo_planner_msgs/robo_planner_msgs/srv/detail/gripper_change_place__functions.h
[4.170s] -- Up-to-date: /home/autopilot/ws/restackcell/install/robo_planner_msgs/include/robo_planner_msgs/robo_planner_msgs/srv/detail/pick__functions.h
[4.170s] -- Up-to-date: /home/autopilot/ws/restackcell/install/robo_planner_msgs/include/robo_planner_msgs/robo_planner_msgs/srv/detail/gripper_change_pick__struct.h
[4.170s] -- Up-to-date: /home/autopilot/ws/restackcell/install/robo_planner_msgs/include/robo_planner_msgs/robo_planner_msgs/srv/detail/open_door__type_support.h
[4.170s] -- Up-to-date: /home/autopilot/ws/restackcell/install/robo_planner_msgs/include/robo_planner_msgs/robo_planner_msgs/srv/detail/open_door__struct.h
[4.170s] -- Up-to-date: /home/autopilot/ws/restackcell/install/robo_planner_msgs/include/robo_planner_msgs/robo_planner_msgs/srv/detail/gripper_close__struct.h
[4.170s] -- Up-to-date: /home/autopilot/ws/restackcell/install/robo_planner_msgs/include/robo_planner_msgs/robo_planner_msgs/srv/detail/move_to_pose__struct.h
[4.170s] -- Up-to-date: /home/autopilot/ws/restackcell/install/robo_planner_msgs/include/robo_planner_msgs/robo_planner_msgs/srv/detail/place__type_support.h
[4.171s] -- Up-to-date: /home/autopilot/ws/restackcell/install/robo_planner_msgs/include/robo_planner_msgs/robo_planner_msgs/srv/detail/set_robot_value_velocity__functions.c
[4.171s] -- Up-to-date: /home/autopilot/ws/restackcell/install/robo_planner_msgs/include/robo_planner_msgs/robo_planner_msgs/srv/detail/gripper_change__type_support.h
[4.171s] -- Up-to-date: /home/autopilot/ws/restackcell/install/robo_planner_msgs/include/robo_planner_msgs/robo_planner_msgs/srv/detail/place__functions.c
[4.171s] -- Up-to-date: /home/autopilot/ws/restackcell/install/robo_planner_msgs/include/robo_planner_msgs/robo_planner_msgs/srv/detail/gripper_open__functions.c
[4.171s] -- Up-to-date: /home/autopilot/ws/restackcell/install/robo_planner_msgs/include/robo_planner_msgs/robo_planner_msgs/srv/detail/gripper_change__functions.c
[4.171s] -- Up-to-date: /home/autopilot/ws/restackcell/install/robo_planner_msgs/include/robo_planner_msgs/robo_planner_msgs/srv/detail/pick_and_place__functions.c
[4.171s] -- Up-to-date: /home/autopilot/ws/restackcell/install/robo_planner_msgs/include/robo_planner_msgs/robo_planner_msgs/srv/detail/gripper_change_place__functions.c
[4.172s] -- Up-to-date: /home/autopilot/ws/restackcell/install/robo_planner_msgs/include/robo_planner_msgs/robo_planner_msgs/srv/detail/move_to_pose__type_support.h
[4.172s] -- Up-to-date: /home/autopilot/ws/restackcell/install/robo_planner_msgs/include/robo_planner_msgs/robo_planner_msgs/srv/detail/pick__struct.h
[4.188s] -- Up-to-date: /home/autopilot/ws/restackcell/install/robo_planner_msgs/include/robo_planner_msgs/robo_planner_msgs/srv/detail/gripper_open__type_support.h
[4.188s] -- Up-to-date: /home/autopilot/ws/restackcell/install/robo_planner_msgs/include/robo_planner_msgs/robo_planner_msgs/srv/detail/gripper_change_place__struct.h
[4.188s] -- Up-to-date: /home/autopilot/ws/restackcell/install/robo_planner_msgs/include/robo_planner_msgs/robo_planner_msgs/srv/detail/open_door__functions.h
[4.189s] -- Up-to-date: /home/autopilot/ws/restackcell/install/robo_planner_msgs/include/robo_planner_msgs/robo_planner_msgs/srv/detail/gripper_change_place__type_support.h
[4.189s] -- Up-to-date: /home/autopilot/ws/restackcell/install/robo_planner_msgs/include/robo_planner_msgs/robo_planner_msgs/srv/detail/move_to_pose__functions.c
[4.189s] -- Up-to-date: /home/autopilot/ws/restackcell/install/robo_planner_msgs/include/robo_planner_msgs/robo_planner_msgs/srv/detail/pick__type_support.h
[4.189s] -- Up-to-date: /home/autopilot/ws/restackcell/install/robo_planner_msgs/include/robo_planner_msgs/robo_planner_msgs/srv/detail/gripper_close__type_support.h
[4.189s] -- Up-to-date: /home/autopilot/ws/restackcell/install/robo_planner_msgs/include/robo_planner_msgs/robo_planner_msgs/srv/detail/follow_trajectory__functions.c
[4.189s] -- Up-to-date: /home/autopilot/ws/restackcell/install/robo_planner_msgs/include/robo_planner_msgs/robo_planner_msgs/srv/detail/follow_trajectory__struct.h
[4.189s] -- Up-to-date: /home/autopilot/ws/restackcell/install/robo_planner_msgs/include/robo_planner_msgs/robo_planner_msgs/srv/detail/gripper_open__struct.h
[4.190s] -- Up-to-date: /home/autopilot/ws/restackcell/install/robo_planner_msgs/include/robo_planner_msgs/robo_planner_msgs/srv/detail/pick__functions.c
[4.190s] -- Up-to-date: /home/autopilot/ws/restackcell/install/robo_planner_msgs/include/robo_planner_msgs/robo_planner_msgs/srv/detail/place__functions.h
[4.190s] -- Up-to-date: /home/autopilot/ws/restackcell/install/robo_planner_msgs/include/robo_planner_msgs/robo_planner_msgs/srv/detail/move_to_pose__functions.h
[4.190s] -- Up-to-date: /home/autopilot/ws/restackcell/install/robo_planner_msgs/include/robo_planner_msgs/robo_planner_msgs/srv/detail/pick_and_place__struct.h
[4.190s] -- Up-to-date: /home/autopilot/ws/restackcell/install/robo_planner_msgs/include/robo_planner_msgs/robo_planner_msgs/srv/detail/gripper_change_pick__functions.h
[4.190s] -- Up-to-date: /home/autopilot/ws/restackcell/install/robo_planner_msgs/include/robo_planner_msgs/robo_planner_msgs/srv/detail/gripper_change__struct.h
[4.190s] -- Up-to-date: /home/autopilot/ws/restackcell/install/robo_planner_msgs/include/robo_planner_msgs/robo_planner_msgs/srv/detail/pick_and_place__type_support.h
[4.191s] -- Up-to-date: /home/autopilot/ws/restackcell/install/robo_planner_msgs/include/robo_planner_msgs/robo_planner_msgs/srv/detail/follow_trajectory__functions.h
[4.191s] -- Up-to-date: /home/autopilot/ws/restackcell/install/robo_planner_msgs/include/robo_planner_msgs/robo_planner_msgs/srv/detail/set_robot_value_velocity__type_support.h
[4.191s] -- Up-to-date: /home/autopilot/ws/restackcell/install/robo_planner_msgs/include/robo_planner_msgs/robo_planner_msgs/srv/pick_and_place.h
[4.191s] -- Up-to-date: /home/autopilot/ws/restackcell/install/robo_planner_msgs/include/robo_planner_msgs/robo_planner_msgs/srv/gripper_open.h
[4.191s] -- Up-to-date: /home/autopilot/ws/restackcell/install/robo_planner_msgs/include/robo_planner_msgs/robo_planner_msgs/srv/gripper_close.h
[4.191s] -- Up-to-date: /home/autopilot/ws/restackcell/install/robo_planner_msgs/include/robo_planner_msgs/robo_planner_msgs/srv/gripper_change.h
[4.191s] -- Up-to-date: /home/autopilot/ws/restackcell/install/robo_planner_msgs/include/robo_planner_msgs/robo_planner_msgs/srv/move_to_pose.h
[4.192s] -- Up-to-date: /home/autopilot/ws/restackcell/install/robo_planner_msgs/include/robo_planner_msgs/robo_planner_msgs/srv/gripper_change_place.h
[4.192s] -- Up-to-date: /home/autopilot/ws/restackcell/install/robo_planner_msgs/share/robo_planner_msgs/environment/library_path.sh
[4.192s] -- Up-to-date: /home/autopilot/ws/restackcell/install/robo_planner_msgs/share/robo_planner_msgs/environment/library_path.dsv
[4.193s] -- Up-to-date: /home/autopilot/ws/restackcell/install/robo_planner_msgs/lib/librobo_planner_msgs__rosidl_generator_c.so
[4.193s] -- Up-to-date: /home/autopilot/ws/restackcell/install/robo_planner_msgs/include/robo_planner_msgs/robo_planner_msgs
[4.193s] -- Up-to-date: /home/autopilot/ws/restackcell/install/robo_planner_msgs/include/robo_planner_msgs/robo_planner_msgs/msg
[4.193s] -- Up-to-date: /home/autopilot/ws/restackcell/install/robo_planner_msgs/include/robo_planner_msgs/robo_planner_msgs/msg/rosidl_typesupport_fastrtps_c__visibility_control.h
[4.193s] -- Up-to-date: /home/autopilot/ws/restackcell/install/robo_planner_msgs/include/robo_planner_msgs/robo_planner_msgs/msg/detail
[4.193s] -- Up-to-date: /home/autopilot/ws/restackcell/install/robo_planner_msgs/include/robo_planner_msgs/robo_planner_msgs/msg/detail/scene_object_remove__rosidl_typesupport_fastrtps_c.h
[4.194s] -- Up-to-date: /home/autopilot/ws/restackcell/install/robo_planner_msgs/include/robo_planner_msgs/robo_planner_msgs/msg/detail/scene_object_add__rosidl_typesupport_fastrtps_c.h
[4.194s] -- Up-to-date: /home/autopilot/ws/restackcell/install/robo_planner_msgs/include/robo_planner_msgs/robo_planner_msgs/msg/detail/labeled_point_clouds__rosidl_typesupport_fastrtps_c.h
[4.194s] -- Up-to-date: /home/autopilot/ws/restackcell/install/robo_planner_msgs/include/robo_planner_msgs/robo_planner_msgs/msg/detail/labeled_point_cloud__rosidl_typesupport_fastrtps_c.h
[4.194s] -- Up-to-date: /home/autopilot/ws/restackcell/install/robo_planner_msgs/include/robo_planner_msgs/robo_planner_msgs/msg/detail/scene_object_set_pose__rosidl_typesupport_fastrtps_c.h
[4.194s] -- Up-to-date: /home/autopilot/ws/restackcell/install/robo_planner_msgs/include/robo_planner_msgs/robo_planner_msgs/srv
[4.194s] -- Up-to-date: /home/autopilot/ws/restackcell/install/robo_planner_msgs/include/robo_planner_msgs/robo_planner_msgs/srv/detail
[4.194s] -- Up-to-date: /home/autopilot/ws/restackcell/install/robo_planner_msgs/include/robo_planner_msgs/robo_planner_msgs/srv/detail/gripper_change_place__rosidl_typesupport_fastrtps_c.h
[4.195s] -- Up-to-date: /home/autopilot/ws/restackcell/install/robo_planner_msgs/include/robo_planner_msgs/robo_planner_msgs/srv/detail/place__rosidl_typesupport_fastrtps_c.h
[4.195s] -- Up-to-date: /home/autopilot/ws/restackcell/install/robo_planner_msgs/include/robo_planner_msgs/robo_planner_msgs/srv/detail/set_robot_value_velocity__rosidl_typesupport_fastrtps_c.h
[4.195s] -- Up-to-date: /home/autopilot/ws/restackcell/install/robo_planner_msgs/include/robo_planner_msgs/robo_planner_msgs/srv/detail/move_to_pose__rosidl_typesupport_fastrtps_c.h
[4.195s] -- Up-to-date: /home/autopilot/ws/restackcell/install/robo_planner_msgs/include/robo_planner_msgs/robo_planner_msgs/srv/detail/pick_and_place__rosidl_typesupport_fastrtps_c.h
[4.195s] -- Up-to-date: /home/autopilot/ws/restackcell/install/robo_planner_msgs/include/robo_planner_msgs/robo_planner_msgs/srv/detail/follow_trajectory__rosidl_typesupport_fastrtps_c.h
[4.195s] -- Up-to-date: /home/autopilot/ws/restackcell/install/robo_planner_msgs/include/robo_planner_msgs/robo_planner_msgs/srv/detail/gripper_open__rosidl_typesupport_fastrtps_c.h
[4.195s] -- Up-to-date: /home/autopilot/ws/restackcell/install/robo_planner_msgs/include/robo_planner_msgs/robo_planner_msgs/srv/detail/gripper_change__rosidl_typesupport_fastrtps_c.h
[4.196s] -- Up-to-date: /home/autopilot/ws/restackcell/install/robo_planner_msgs/include/robo_planner_msgs/robo_planner_msgs/srv/detail/open_door__rosidl_typesupport_fastrtps_c.h
[4.196s] -- Up-to-date: /home/autopilot/ws/restackcell/install/robo_planner_msgs/include/robo_planner_msgs/robo_planner_msgs/srv/detail/gripper_change_pick__rosidl_typesupport_fastrtps_c.h
[4.196s] -- Up-to-date: /home/autopilot/ws/restackcell/install/robo_planner_msgs/include/robo_planner_msgs/robo_planner_msgs/srv/detail/gripper_close__rosidl_typesupport_fastrtps_c.h
[4.196s] -- Up-to-date: /home/autopilot/ws/restackcell/install/robo_planner_msgs/include/robo_planner_msgs/robo_planner_msgs/srv/detail/pick__rosidl_typesupport_fastrtps_c.h
[4.196s] -- Up-to-date: /home/autopilot/ws/restackcell/install/robo_planner_msgs/lib/librobo_planner_msgs__rosidl_typesupport_fastrtps_c.so
[4.196s] -- Up-to-date: /home/autopilot/ws/restackcell/install/robo_planner_msgs/include/robo_planner_msgs/robo_planner_msgs
[4.197s] -- Up-to-date: /home/autopilot/ws/restackcell/install/robo_planner_msgs/include/robo_planner_msgs/robo_planner_msgs/msg
[4.197s] -- Up-to-date: /home/autopilot/ws/restackcell/install/robo_planner_msgs/include/robo_planner_msgs/robo_planner_msgs/msg/rosidl_typesupport_introspection_c__visibility_control.h
[4.197s] -- Up-to-date: /home/autopilot/ws/restackcell/install/robo_planner_msgs/include/robo_planner_msgs/robo_planner_msgs/msg/detail
[4.197s] -- Up-to-date: /home/autopilot/ws/restackcell/install/robo_planner_msgs/include/robo_planner_msgs/robo_planner_msgs/msg/detail/labeled_point_clouds__type_support.c
[4.197s] -- Up-to-date: /home/autopilot/ws/restackcell/install/robo_planner_msgs/include/robo_planner_msgs/robo_planner_msgs/msg/detail/labeled_point_cloud__rosidl_typesupport_introspection_c.h
[4.197s] -- Up-to-date: /home/autopilot/ws/restackcell/install/robo_planner_msgs/include/robo_planner_msgs/robo_planner_msgs/msg/detail/labeled_point_clouds__rosidl_typesupport_introspection_c.h
[4.197s] -- Up-to-date: /home/autopilot/ws/restackcell/install/robo_planner_msgs/include/robo_planner_msgs/robo_planner_msgs/msg/detail/scene_object_add__rosidl_typesupport_introspection_c.h
[4.198s] -- Up-to-date: /home/autopilot/ws/restackcell/install/robo_planner_msgs/include/robo_planner_msgs/robo_planner_msgs/msg/detail/scene_object_set_pose__type_support.c
[4.198s] -- Up-to-date: /home/autopilot/ws/restackcell/install/robo_planner_msgs/include/robo_planner_msgs/robo_planner_msgs/msg/detail/scene_object_remove__rosidl_typesupport_introspection_c.h
[4.198s] -- Up-to-date: /home/autopilot/ws/restackcell/install/robo_planner_msgs/include/robo_planner_msgs/robo_planner_msgs/msg/detail/scene_object_remove__type_support.c
[4.198s] -- Up-to-date: /home/autopilot/ws/restackcell/install/robo_planner_msgs/include/robo_planner_msgs/robo_planner_msgs/msg/detail/labeled_point_cloud__type_support.c
[4.198s] -- Up-to-date: /home/autopilot/ws/restackcell/install/robo_planner_msgs/include/robo_planner_msgs/robo_planner_msgs/msg/detail/scene_object_add__type_support.c
[4.198s] -- Up-to-date: /home/autopilot/ws/restackcell/install/robo_planner_msgs/include/robo_planner_msgs/robo_planner_msgs/msg/detail/scene_object_set_pose__rosidl_typesupport_introspection_c.h
[4.198s] -- Up-to-date: /home/autopilot/ws/restackcell/install/robo_planner_msgs/include/robo_planner_msgs/robo_planner_msgs/srv
[4.199s] -- Up-to-date: /home/autopilot/ws/restackcell/install/robo_planner_msgs/include/robo_planner_msgs/robo_planner_msgs/srv/detail
[4.199s] -- Up-to-date: /home/autopilot/ws/restackcell/install/robo_planner_msgs/include/robo_planner_msgs/robo_planner_msgs/srv/detail/follow_trajectory__rosidl_typesupport_introspection_c.h
[4.199s] -- Up-to-date: /home/autopilot/ws/restackcell/install/robo_planner_msgs/include/robo_planner_msgs/robo_planner_msgs/srv/detail/gripper_close__type_support.c
[4.199s] -- Up-to-date: /home/autopilot/ws/restackcell/install/robo_planner_msgs/include/robo_planner_msgs/robo_planner_msgs/srv/detail/gripper_change__type_support.c
[4.207s] -- Up-to-date: /home/autopilot/ws/restackcell/install/robo_planner_msgs/include/robo_planner_msgs/robo_planner_msgs/srv/detail/pick_and_place__rosidl_typesupport_introspection_c.h
[4.207s] -- Up-to-date: /home/autopilot/ws/restackcell/install/robo_planner_msgs/include/robo_planner_msgs/robo_planner_msgs/srv/detail/pick_and_place__type_support.c
[4.207s] -- Up-to-date: /home/autopilot/ws/restackcell/install/robo_planner_msgs/include/robo_planner_msgs/robo_planner_msgs/srv/detail/set_robot_value_velocity__rosidl_typesupport_introspection_c.h
[4.207s] -- Up-to-date: /home/autopilot/ws/restackcell/install/robo_planner_msgs/include/robo_planner_msgs/robo_planner_msgs/srv/detail/set_robot_value_velocity__type_support.c
[4.207s] -- Up-to-date: /home/autopilot/ws/restackcell/install/robo_planner_msgs/include/robo_planner_msgs/robo_planner_msgs/srv/detail/move_to_pose__rosidl_typesupport_introspection_c.h
[4.207s] -- Up-to-date: /home/autopilot/ws/restackcell/install/robo_planner_msgs/include/robo_planner_msgs/robo_planner_msgs/srv/detail/open_door__type_support.c
[4.208s] -- Up-to-date: /home/autopilot/ws/restackcell/install/robo_planner_msgs/include/robo_planner_msgs/robo_planner_msgs/srv/detail/gripper_open__rosidl_typesupport_introspection_c.h
[4.208s] -- Up-to-date: /home/autopilot/ws/restackcell/install/robo_planner_msgs/include/robo_planner_msgs/robo_planner_msgs/srv/detail/gripper_change_pick__rosidl_typesupport_introspection_c.h
[4.208s] -- Up-to-date: /home/autopilot/ws/restackcell/install/robo_planner_msgs/include/robo_planner_msgs/robo_planner_msgs/srv/detail/place__type_support.c
[4.208s] -- Up-to-date: /home/autopilot/ws/restackcell/install/robo_planner_msgs/include/robo_planner_msgs/robo_planner_msgs/srv/detail/gripper_change_pick__type_support.c
[4.208s] -- Up-to-date: /home/autopilot/ws/restackcell/install/robo_planner_msgs/include/robo_planner_msgs/robo_planner_msgs/srv/detail/pick__type_support.c
[4.208s] -- Up-to-date: /home/autopilot/ws/restackcell/install/robo_planner_msgs/include/robo_planner_msgs/robo_planner_msgs/srv/detail/gripper_open__type_support.c
[4.208s] -- Up-to-date: /home/autopilot/ws/restackcell/install/robo_planner_msgs/include/robo_planner_msgs/robo_planner_msgs/srv/detail/gripper_close__rosidl_typesupport_introspection_c.h
[4.209s] -- Up-to-date: /home/autopilot/ws/restackcell/install/robo_planner_msgs/include/robo_planner_msgs/robo_planner_msgs/srv/detail/open_door__rosidl_typesupport_introspection_c.h
[4.209s] -- Up-to-date: /home/autopilot/ws/restackcell/install/robo_planner_msgs/include/robo_planner_msgs/robo_planner_msgs/srv/detail/gripper_change_place__type_support.c
[4.209s] -- Up-to-date: /home/autopilot/ws/restackcell/install/robo_planner_msgs/include/robo_planner_msgs/robo_planner_msgs/srv/detail/gripper_change__rosidl_typesupport_introspection_c.h
[4.209s] -- Up-to-date: /home/autopilot/ws/restackcell/install/robo_planner_msgs/include/robo_planner_msgs/robo_planner_msgs/srv/detail/place__rosidl_typesupport_introspection_c.h
[4.209s] -- Up-to-date: /home/autopilot/ws/restackcell/install/robo_planner_msgs/include/robo_planner_msgs/robo_planner_msgs/srv/detail/gripper_change_place__rosidl_typesupport_introspection_c.h
[4.209s] -- Up-to-date: /home/autopilot/ws/restackcell/install/robo_planner_msgs/include/robo_planner_msgs/robo_planner_msgs/srv/detail/pick__rosidl_typesupport_introspection_c.h
[4.209s] -- Up-to-date: /home/autopilot/ws/restackcell/install/robo_planner_msgs/include/robo_planner_msgs/robo_planner_msgs/srv/detail/follow_trajectory__type_support.c
[4.210s] -- Up-to-date: /home/autopilot/ws/restackcell/install/robo_planner_msgs/include/robo_planner_msgs/robo_planner_msgs/srv/detail/move_to_pose__type_support.c
[4.210s] -- Up-to-date: /home/autopilot/ws/restackcell/install/robo_planner_msgs/lib/librobo_planner_msgs__rosidl_typesupport_introspection_c.so
[4.210s] -- Up-to-date: /home/autopilot/ws/restackcell/install/robo_planner_msgs/lib/librobo_planner_msgs__rosidl_typesupport_c.so
[4.210s] -- Up-to-date: /home/autopilot/ws/restackcell/install/robo_planner_msgs/include/robo_planner_msgs/robo_planner_msgs
[4.210s] -- Up-to-date: /home/autopilot/ws/restackcell/install/robo_planner_msgs/include/robo_planner_msgs/robo_planner_msgs/msg
[4.210s] -- Up-to-date: /home/autopilot/ws/restackcell/install/robo_planner_msgs/include/robo_planner_msgs/robo_planner_msgs/msg/labeled_point_cloud.hpp
[4.210s] -- Up-to-date: /home/autopilot/ws/restackcell/install/robo_planner_msgs/include/robo_planner_msgs/robo_planner_msgs/msg/scene_object_set_pose.hpp
[4.211s] -- Up-to-date: /home/autopilot/ws/restackcell/install/robo_planner_msgs/include/robo_planner_msgs/robo_planner_msgs/msg/detail
[4.211s] -- Up-to-date: /home/autopilot/ws/restackcell/install/robo_planner_msgs/include/robo_planner_msgs/robo_planner_msgs/msg/detail/scene_object_set_pose__builder.hpp
[4.211s] -- Up-to-date: /home/autopilot/ws/restackcell/install/robo_planner_msgs/include/robo_planner_msgs/robo_planner_msgs/msg/detail/labeled_point_cloud__struct.hpp
[4.211s] -- Up-to-date: /home/autopilot/ws/restackcell/install/robo_planner_msgs/include/robo_planner_msgs/robo_planner_msgs/msg/detail/scene_object_remove__builder.hpp
[4.211s] -- Up-to-date: /home/autopilot/ws/restackcell/install/robo_planner_msgs/include/robo_planner_msgs/robo_planner_msgs/msg/detail/scene_object_remove__struct.hpp
[4.211s] -- Up-to-date: /home/autopilot/ws/restackcell/install/robo_planner_msgs/include/robo_planner_msgs/robo_planner_msgs/msg/detail/labeled_point_clouds__builder.hpp
[4.211s] -- Up-to-date: /home/autopilot/ws/restackcell/install/robo_planner_msgs/include/robo_planner_msgs/robo_planner_msgs/msg/detail/labeled_point_clouds__struct.hpp
[4.212s] -- Up-to-date: /home/autopilot/ws/restackcell/install/robo_planner_msgs/include/robo_planner_msgs/robo_planner_msgs/msg/detail/scene_object_set_pose__struct.hpp
[4.212s] -- Up-to-date: /home/autopilot/ws/restackcell/install/robo_planner_msgs/include/robo_planner_msgs/robo_planner_msgs/msg/detail/labeled_point_cloud__traits.hpp
[4.212s] -- Up-to-date: /home/autopilot/ws/restackcell/install/robo_planner_msgs/include/robo_planner_msgs/robo_planner_msgs/msg/detail/labeled_point_cloud__builder.hpp
[4.212s] -- Up-to-date: /home/autopilot/ws/restackcell/install/robo_planner_msgs/include/robo_planner_msgs/robo_planner_msgs/msg/detail/scene_object_add__builder.hpp
[4.212s] -- Up-to-date: /home/autopilot/ws/restackcell/install/robo_planner_msgs/include/robo_planner_msgs/robo_planner_msgs/msg/detail/labeled_point_clouds__traits.hpp
[4.212s] -- Up-to-date: /home/autopilot/ws/restackcell/install/robo_planner_msgs/include/robo_planner_msgs/robo_planner_msgs/msg/detail/scene_object_add__struct.hpp
[4.212s] -- Up-to-date: /home/autopilot/ws/restackcell/install/robo_planner_msgs/include/robo_planner_msgs/robo_planner_msgs/msg/detail/scene_object_set_pose__traits.hpp
[4.213s] -- Up-to-date: /home/autopilot/ws/restackcell/install/robo_planner_msgs/include/robo_planner_msgs/robo_planner_msgs/msg/detail/scene_object_remove__traits.hpp
[4.213s] -- Up-to-date: /home/autopilot/ws/restackcell/install/robo_planner_msgs/include/robo_planner_msgs/robo_planner_msgs/msg/detail/scene_object_add__traits.hpp
[4.213s] -- Up-to-date: /home/autopilot/ws/restackcell/install/robo_planner_msgs/include/robo_planner_msgs/robo_planner_msgs/msg/scene_object_remove.hpp
[4.213s] -- Up-to-date: /home/autopilot/ws/restackcell/install/robo_planner_msgs/include/robo_planner_msgs/robo_planner_msgs/msg/scene_object_add.hpp
[4.213s] -- Up-to-date: /home/autopilot/ws/restackcell/install/robo_planner_msgs/include/robo_planner_msgs/robo_planner_msgs/msg/labeled_point_clouds.hpp
[4.213s] -- Up-to-date: /home/autopilot/ws/restackcell/install/robo_planner_msgs/include/robo_planner_msgs/robo_planner_msgs/srv
[4.213s] -- Up-to-date: /home/autopilot/ws/restackcell/install/robo_planner_msgs/include/robo_planner_msgs/robo_planner_msgs/srv/gripper_change_pick.hpp
[4.213s] -- Up-to-date: /home/autopilot/ws/restackcell/install/robo_planner_msgs/include/robo_planner_msgs/robo_planner_msgs/srv/follow_trajectory.hpp
[4.214s] -- Up-to-date: /home/autopilot/ws/restackcell/install/robo_planner_msgs/include/robo_planner_msgs/robo_planner_msgs/srv/set_robot_value_velocity.hpp
[4.214s] -- Up-to-date: /home/autopilot/ws/restackcell/install/robo_planner_msgs/include/robo_planner_msgs/robo_planner_msgs/srv/gripper_open.hpp
[4.214s] -- Up-to-date: /home/autopilot/ws/restackcell/install/robo_planner_msgs/include/robo_planner_msgs/robo_planner_msgs/srv/pick.hpp
[4.214s] -- Up-to-date: /home/autopilot/ws/restackcell/install/robo_planner_msgs/include/robo_planner_msgs/robo_planner_msgs/srv/gripper_change_place.hpp
[4.214s] -- Up-to-date: /home/autopilot/ws/restackcell/install/robo_planner_msgs/include/robo_planner_msgs/robo_planner_msgs/srv/open_door.hpp
[4.214s] -- Up-to-date: /home/autopilot/ws/restackcell/install/robo_planner_msgs/include/robo_planner_msgs/robo_planner_msgs/srv/detail
[4.214s] -- Up-to-date: /home/autopilot/ws/restackcell/install/robo_planner_msgs/include/robo_planner_msgs/robo_planner_msgs/srv/detail/gripper_change_pick__traits.hpp
[4.215s] -- Up-to-date: /home/autopilot/ws/restackcell/install/robo_planner_msgs/include/robo_planner_msgs/robo_planner_msgs/srv/detail/gripper_close__builder.hpp
[4.215s] -- Up-to-date: /home/autopilot/ws/restackcell/install/robo_planner_msgs/include/robo_planner_msgs/robo_planner_msgs/srv/detail/pick__traits.hpp
[4.215s] -- Up-to-date: /home/autopilot/ws/restackcell/install/robo_planner_msgs/include/robo_planner_msgs/robo_planner_msgs/srv/detail/gripper_open__struct.hpp
[4.215s] -- Up-to-date: /home/autopilot/ws/restackcell/install/robo_planner_msgs/include/robo_planner_msgs/robo_planner_msgs/srv/detail/gripper_open__traits.hpp
[4.215s] -- Up-to-date: /home/autopilot/ws/restackcell/install/robo_planner_msgs/include/robo_planner_msgs/robo_planner_msgs/srv/detail/move_to_pose__struct.hpp
[4.215s] -- Up-to-date: /home/autopilot/ws/restackcell/install/robo_planner_msgs/include/robo_planner_msgs/robo_planner_msgs/srv/detail/gripper_change_pick__struct.hpp
[4.215s] -- Up-to-date: /home/autopilot/ws/restackcell/install/robo_planner_msgs/include/robo_planner_msgs/robo_planner_msgs/srv/detail/follow_trajectory__traits.hpp
[4.216s] -- Up-to-date: /home/autopilot/ws/restackcell/install/robo_planner_msgs/include/robo_planner_msgs/robo_planner_msgs/srv/detail/pick_and_place__builder.hpp
[4.216s] -- Up-to-date: /home/autopilot/ws/restackcell/install/robo_planner_msgs/include/robo_planner_msgs/robo_planner_msgs/srv/detail/gripper_change__struct.hpp
[4.228s] -- Up-to-date: /home/autopilot/ws/restackcell/install/robo_planner_msgs/include/robo_planner_msgs/robo_planner_msgs/srv/detail/set_robot_value_velocity__traits.hpp
[4.228s] -- Up-to-date: /home/autopilot/ws/restackcell/install/robo_planner_msgs/include/robo_planner_msgs/robo_planner_msgs/srv/detail/open_door__builder.hpp
[4.228s] -- Up-to-date: /home/autopilot/ws/restackcell/install/robo_planner_msgs/include/robo_planner_msgs/robo_planner_msgs/srv/detail/gripper_change__builder.hpp
[4.228s] -- Up-to-date: /home/autopilot/ws/restackcell/install/robo_planner_msgs/include/robo_planner_msgs/robo_planner_msgs/srv/detail/open_door__struct.hpp
[4.229s] -- Up-to-date: /home/autopilot/ws/restackcell/install/robo_planner_msgs/include/robo_planner_msgs/robo_planner_msgs/srv/detail/follow_trajectory__struct.hpp
[4.229s] -- Up-to-date: /home/autopilot/ws/restackcell/install/robo_planner_msgs/include/robo_planner_msgs/robo_planner_msgs/srv/detail/place__struct.hpp
[4.229s] -- Up-to-date: /home/autopilot/ws/restackcell/install/robo_planner_msgs/include/robo_planner_msgs/robo_planner_msgs/srv/detail/pick_and_place__struct.hpp
[4.229s] -- Up-to-date: /home/autopilot/ws/restackcell/install/robo_planner_msgs/include/robo_planner_msgs/robo_planner_msgs/srv/detail/gripper_change_pick__builder.hpp
[4.230s] -- Up-to-date: /home/autopilot/ws/restackcell/install/robo_planner_msgs/include/robo_planner_msgs/robo_planner_msgs/srv/detail/gripper_change_place__traits.hpp
[4.230s] -- Up-to-date: /home/autopilot/ws/restackcell/install/robo_planner_msgs/include/robo_planner_msgs/robo_planner_msgs/srv/detail/place__builder.hpp
[4.230s] -- Up-to-date: /home/autopilot/ws/restackcell/install/robo_planner_msgs/include/robo_planner_msgs/robo_planner_msgs/srv/detail/gripper_change__traits.hpp
[4.230s] -- Up-to-date: /home/autopilot/ws/restackcell/install/robo_planner_msgs/include/robo_planner_msgs/robo_planner_msgs/srv/detail/set_robot_value_velocity__builder.hpp
[4.230s] -- Up-to-date: /home/autopilot/ws/restackcell/install/robo_planner_msgs/include/robo_planner_msgs/robo_planner_msgs/srv/detail/move_to_pose__traits.hpp
[4.230s] -- Up-to-date: /home/autopilot/ws/restackcell/install/robo_planner_msgs/include/robo_planner_msgs/robo_planner_msgs/srv/detail/gripper_change_place__struct.hpp
[4.231s] -- Up-to-date: /home/autopilot/ws/restackcell/install/robo_planner_msgs/include/robo_planner_msgs/robo_planner_msgs/srv/detail/pick_and_place__traits.hpp
[4.231s] -- Up-to-date: /home/autopilot/ws/restackcell/install/robo_planner_msgs/include/robo_planner_msgs/robo_planner_msgs/srv/detail/set_robot_value_velocity__struct.hpp
[4.231s] -- Up-to-date: /home/autopilot/ws/restackcell/install/robo_planner_msgs/include/robo_planner_msgs/robo_planner_msgs/srv/detail/pick__builder.hpp
[4.231s] -- Up-to-date: /home/autopilot/ws/restackcell/install/robo_planner_msgs/include/robo_planner_msgs/robo_planner_msgs/srv/detail/place__traits.hpp
[4.231s] -- Up-to-date: /home/autopilot/ws/restackcell/install/robo_planner_msgs/include/robo_planner_msgs/robo_planner_msgs/srv/detail/gripper_close__struct.hpp
[4.231s] -- Up-to-date: /home/autopilot/ws/restackcell/install/robo_planner_msgs/include/robo_planner_msgs/robo_planner_msgs/srv/detail/gripper_open__builder.hpp
[4.231s] -- Up-to-date: /home/autopilot/ws/restackcell/install/robo_planner_msgs/include/robo_planner_msgs/robo_planner_msgs/srv/detail/open_door__traits.hpp
[4.233s] -- Up-to-date: /home/autopilot/ws/restackcell/install/robo_planner_msgs/include/robo_planner_msgs/robo_planner_msgs/srv/detail/move_to_pose__builder.hpp
[4.233s] -- Up-to-date: /home/autopilot/ws/restackcell/install/robo_planner_msgs/include/robo_planner_msgs/robo_planner_msgs/srv/detail/gripper_change_place__builder.hpp
[4.233s] -- Up-to-date: /home/autopilot/ws/restackcell/install/robo_planner_msgs/include/robo_planner_msgs/robo_planner_msgs/srv/detail/pick__struct.hpp
[4.233s] -- Up-to-date: /home/autopilot/ws/restackcell/install/robo_planner_msgs/include/robo_planner_msgs/robo_planner_msgs/srv/detail/gripper_close__traits.hpp
[4.233s] -- Up-to-date: /home/autopilot/ws/restackcell/install/robo_planner_msgs/include/robo_planner_msgs/robo_planner_msgs/srv/detail/follow_trajectory__builder.hpp
[4.234s] -- Up-to-date: /home/autopilot/ws/restackcell/install/robo_planner_msgs/include/robo_planner_msgs/robo_planner_msgs/srv/gripper_change.hpp
[4.234s] -- Up-to-date: /home/autopilot/ws/restackcell/install/robo_planner_msgs/include/robo_planner_msgs/robo_planner_msgs/srv/pick_and_place.hpp
[4.234s] -- Up-to-date: /home/autopilot/ws/restackcell/install/robo_planner_msgs/include/robo_planner_msgs/robo_planner_msgs/srv/place.hpp
[4.234s] -- Up-to-date: /home/autopilot/ws/restackcell/install/robo_planner_msgs/include/robo_planner_msgs/robo_planner_msgs/srv/move_to_pose.hpp
[4.234s] -- Up-to-date: /home/autopilot/ws/restackcell/install/robo_planner_msgs/include/robo_planner_msgs/robo_planner_msgs/srv/gripper_close.hpp
[4.234s] -- Up-to-date: /home/autopilot/ws/restackcell/install/robo_planner_msgs/include/robo_planner_msgs/robo_planner_msgs
[4.234s] -- Up-to-date: /home/autopilot/ws/restackcell/install/robo_planner_msgs/include/robo_planner_msgs/robo_planner_msgs/msg
[4.235s] -- Up-to-date: /home/autopilot/ws/restackcell/install/robo_planner_msgs/include/robo_planner_msgs/robo_planner_msgs/msg/rosidl_typesupport_fastrtps_cpp__visibility_control.h
[4.235s] -- Up-to-date: /home/autopilot/ws/restackcell/install/robo_planner_msgs/include/robo_planner_msgs/robo_planner_msgs/msg/detail
[4.235s] -- Up-to-date: /home/autopilot/ws/restackcell/install/robo_planner_msgs/include/robo_planner_msgs/robo_planner_msgs/msg/detail/labeled_point_clouds__rosidl_typesupport_fastrtps_cpp.hpp
[4.235s] -- Up-to-date: /home/autopilot/ws/restackcell/install/robo_planner_msgs/include/robo_planner_msgs/robo_planner_msgs/msg/detail/scene_object_remove__rosidl_typesupport_fastrtps_cpp.hpp
[4.235s] -- Up-to-date: /home/autopilot/ws/restackcell/install/robo_planner_msgs/include/robo_planner_msgs/robo_planner_msgs/msg/detail/labeled_point_cloud__rosidl_typesupport_fastrtps_cpp.hpp
[4.235s] -- Up-to-date: /home/autopilot/ws/restackcell/install/robo_planner_msgs/include/robo_planner_msgs/robo_planner_msgs/msg/detail/scene_object_set_pose__rosidl_typesupport_fastrtps_cpp.hpp
[4.235s] -- Up-to-date: /home/autopilot/ws/restackcell/install/robo_planner_msgs/include/robo_planner_msgs/robo_planner_msgs/msg/detail/dds_fastrtps
[4.236s] -- Up-to-date: /home/autopilot/ws/restackcell/install/robo_planner_msgs/include/robo_planner_msgs/robo_planner_msgs/msg/detail/scene_object_add__rosidl_typesupport_fastrtps_cpp.hpp
[4.236s] -- Up-to-date: /home/autopilot/ws/restackcell/install/robo_planner_msgs/include/robo_planner_msgs/robo_planner_msgs/srv
[4.237s] -- Up-to-date: /home/autopilot/ws/restackcell/install/robo_planner_msgs/include/robo_planner_msgs/robo_planner_msgs/srv/detail
[4.238s] -- Up-to-date: /home/autopilot/ws/restackcell/install/robo_planner_msgs/include/robo_planner_msgs/robo_planner_msgs/srv/detail/gripper_change__rosidl_typesupport_fastrtps_cpp.hpp
[4.239s] -- Up-to-date: /home/autopilot/ws/restackcell/install/robo_planner_msgs/include/robo_planner_msgs/robo_planner_msgs/srv/detail/pick_and_place__rosidl_typesupport_fastrtps_cpp.hpp
[4.239s] -- Up-to-date: /home/autopilot/ws/restackcell/install/robo_planner_msgs/include/robo_planner_msgs/robo_planner_msgs/srv/detail/place__rosidl_typesupport_fastrtps_cpp.hpp
[4.240s] -- Up-to-date: /home/autopilot/ws/restackcell/install/robo_planner_msgs/include/robo_planner_msgs/robo_planner_msgs/srv/detail/move_to_pose__rosidl_typesupport_fastrtps_cpp.hpp
[4.240s] -- Up-to-date: /home/autopilot/ws/restackcell/install/robo_planner_msgs/include/robo_planner_msgs/robo_planner_msgs/srv/detail/set_robot_value_velocity__rosidl_typesupport_fastrtps_cpp.hpp
[4.240s] -- Up-to-date: /home/autopilot/ws/restackcell/install/robo_planner_msgs/include/robo_planner_msgs/robo_planner_msgs/srv/detail/follow_trajectory__rosidl_typesupport_fastrtps_cpp.hpp
[4.240s] -- Up-to-date: /home/autopilot/ws/restackcell/install/robo_planner_msgs/include/robo_planner_msgs/robo_planner_msgs/srv/detail/gripper_close__rosidl_typesupport_fastrtps_cpp.hpp
[4.240s] -- Up-to-date: /home/autopilot/ws/restackcell/install/robo_planner_msgs/include/robo_planner_msgs/robo_planner_msgs/srv/detail/gripper_change_pick__rosidl_typesupport_fastrtps_cpp.hpp
[4.241s] -- Up-to-date: /home/autopilot/ws/restackcell/install/robo_planner_msgs/include/robo_planner_msgs/robo_planner_msgs/srv/detail/dds_fastrtps
[4.241s] -- Up-to-date: /home/autopilot/ws/restackcell/install/robo_planner_msgs/include/robo_planner_msgs/robo_planner_msgs/srv/detail/open_door__rosidl_typesupport_fastrtps_cpp.hpp
[4.241s] -- Up-to-date: /home/autopilot/ws/restackcell/install/robo_planner_msgs/include/robo_planner_msgs/robo_planner_msgs/srv/detail/pick__rosidl_typesupport_fastrtps_cpp.hpp
[4.241s] -- Up-to-date: /home/autopilot/ws/restackcell/install/robo_planner_msgs/include/robo_planner_msgs/robo_planner_msgs/srv/detail/gripper_change_place__rosidl_typesupport_fastrtps_cpp.hpp
[4.241s] -- Up-to-date: /home/autopilot/ws/restackcell/install/robo_planner_msgs/include/robo_planner_msgs/robo_planner_msgs/srv/detail/gripper_open__rosidl_typesupport_fastrtps_cpp.hpp
[4.241s] -- Up-to-date: /home/autopilot/ws/restackcell/install/robo_planner_msgs/lib/librobo_planner_msgs__rosidl_typesupport_fastrtps_cpp.so
[4.241s] -- Up-to-date: /home/autopilot/ws/restackcell/install/robo_planner_msgs/include/robo_planner_msgs/robo_planner_msgs
[4.242s] -- Up-to-date: /home/autopilot/ws/restackcell/install/robo_planner_msgs/include/robo_planner_msgs/robo_planner_msgs/msg
[4.242s] -- Up-to-date: /home/autopilot/ws/restackcell/install/robo_planner_msgs/include/robo_planner_msgs/robo_planner_msgs/msg/detail
[4.242s] -- Up-to-date: /home/autopilot/ws/restackcell/install/robo_planner_msgs/include/robo_planner_msgs/robo_planner_msgs/msg/detail/labeled_point_cloud__type_support.cpp
[4.242s] -- Up-to-date: /home/autopilot/ws/restackcell/install/robo_planner_msgs/include/robo_planner_msgs/robo_planner_msgs/msg/detail/labeled_point_clouds__rosidl_typesupport_introspection_cpp.hpp
[4.242s] -- Up-to-date: /home/autopilot/ws/restackcell/install/robo_planner_msgs/include/robo_planner_msgs/robo_planner_msgs/msg/detail/scene_object_add__type_support.cpp
[4.242s] -- Up-to-date: /home/autopilot/ws/restackcell/install/robo_planner_msgs/include/robo_planner_msgs/robo_planner_msgs/msg/detail/labeled_point_cloud__rosidl_typesupport_introspection_cpp.hpp
[4.242s] -- Up-to-date: /home/autopilot/ws/restackcell/install/robo_planner_msgs/include/robo_planner_msgs/robo_planner_msgs/msg/detail/scene_object_add__rosidl_typesupport_introspection_cpp.hpp
[4.243s] -- Up-to-date: /home/autopilot/ws/restackcell/install/robo_planner_msgs/include/robo_planner_msgs/robo_planner_msgs/msg/detail/scene_object_set_pose__rosidl_typesupport_introspection_cpp.hpp
[4.243s] -- Up-to-date: /home/autopilot/ws/restackcell/install/robo_planner_msgs/include/robo_planner_msgs/robo_planner_msgs/msg/detail/scene_object_remove__type_support.cpp
[4.243s] -- Up-to-date: /home/autopilot/ws/restackcell/install/robo_planner_msgs/include/robo_planner_msgs/robo_planner_msgs/msg/detail/scene_object_remove__rosidl_typesupport_introspection_cpp.hpp
[4.243s] -- Up-to-date: /home/autopilot/ws/restackcell/install/robo_planner_msgs/include/robo_planner_msgs/robo_planner_msgs/msg/detail/scene_object_set_pose__type_support.cpp
[4.243s] -- Up-to-date: /home/autopilot/ws/restackcell/install/robo_planner_msgs/include/robo_planner_msgs/robo_planner_msgs/msg/detail/labeled_point_clouds__type_support.cpp
[4.243s] -- Up-to-date: /home/autopilot/ws/restackcell/install/robo_planner_msgs/include/robo_planner_msgs/robo_planner_msgs/srv
[4.243s] -- Up-to-date: /home/autopilot/ws/restackcell/install/robo_planner_msgs/include/robo_planner_msgs/robo_planner_msgs/srv/detail
[4.244s] -- Up-to-date: /home/autopilot/ws/restackcell/install/robo_planner_msgs/include/robo_planner_msgs/robo_planner_msgs/srv/detail/open_door__rosidl_typesupport_introspection_cpp.hpp
[4.244s] -- Up-to-date: /home/autopilot/ws/restackcell/install/robo_planner_msgs/include/robo_planner_msgs/robo_planner_msgs/srv/detail/gripper_change_place__type_support.cpp
[4.248s] -- Up-to-date: /home/autopilot/ws/restackcell/install/robo_planner_msgs/include/robo_planner_msgs/robo_planner_msgs/srv/detail/move_to_pose__type_support.cpp
[4.260s] -- Up-to-date: /home/autopilot/ws/restackcell/install/robo_planner_msgs/include/robo_planner_msgs/robo_planner_msgs/srv/detail/gripper_change__type_support.cpp
[4.260s] -- Up-to-date: /home/autopilot/ws/restackcell/install/robo_planner_msgs/include/robo_planner_msgs/robo_planner_msgs/srv/detail/pick_and_place__rosidl_typesupport_introspection_cpp.hpp
[4.261s] -- Up-to-date: /home/autopilot/ws/restackcell/install/robo_planner_msgs/include/robo_planner_msgs/robo_planner_msgs/srv/detail/gripper_open__type_support.cpp
[4.261s] -- Up-to-date: /home/autopilot/ws/restackcell/install/robo_planner_msgs/include/robo_planner_msgs/robo_planner_msgs/srv/detail/place__type_support.cpp
[4.261s] -- Up-to-date: /home/autopilot/ws/restackcell/install/robo_planner_msgs/include/robo_planner_msgs/robo_planner_msgs/srv/detail/pick_and_place__type_support.cpp
[4.261s] -- Up-to-date: /home/autopilot/ws/restackcell/install/robo_planner_msgs/include/robo_planner_msgs/robo_planner_msgs/srv/detail/gripper_close__rosidl_typesupport_introspection_cpp.hpp
[4.261s] -- Up-to-date: /home/autopilot/ws/restackcell/install/robo_planner_msgs/include/robo_planner_msgs/robo_planner_msgs/srv/detail/open_door__type_support.cpp
[4.261s] -- Up-to-date: /home/autopilot/ws/restackcell/install/robo_planner_msgs/include/robo_planner_msgs/robo_planner_msgs/srv/detail/move_to_pose__rosidl_typesupport_introspection_cpp.hpp
[4.262s] -- Up-to-date: /home/autopilot/ws/restackcell/install/robo_planner_msgs/include/robo_planner_msgs/robo_planner_msgs/srv/detail/pick__type_support.cpp
[4.262s] -- Up-to-date: /home/autopilot/ws/restackcell/install/robo_planner_msgs/include/robo_planner_msgs/robo_planner_msgs/srv/detail/follow_trajectory__type_support.cpp
[4.262s] -- Up-to-date: /home/autopilot/ws/restackcell/install/robo_planner_msgs/include/robo_planner_msgs/robo_planner_msgs/srv/detail/set_robot_value_velocity__rosidl_typesupport_introspection_cpp.hpp
[4.262s] -- Up-to-date: /home/autopilot/ws/restackcell/install/robo_planner_msgs/include/robo_planner_msgs/robo_planner_msgs/srv/detail/gripper_close__type_support.cpp
[4.262s] -- Up-to-date: /home/autopilot/ws/restackcell/install/robo_planner_msgs/include/robo_planner_msgs/robo_planner_msgs/srv/detail/gripper_open__rosidl_typesupport_introspection_cpp.hpp
[4.262s] -- Up-to-date: /home/autopilot/ws/restackcell/install/robo_planner_msgs/include/robo_planner_msgs/robo_planner_msgs/srv/detail/pick__rosidl_typesupport_introspection_cpp.hpp
[4.262s] -- Up-to-date: /home/autopilot/ws/restackcell/install/robo_planner_msgs/include/robo_planner_msgs/robo_planner_msgs/srv/detail/gripper_change_place__rosidl_typesupport_introspection_cpp.hpp
[4.263s] -- Up-to-date: /home/autopilot/ws/restackcell/install/robo_planner_msgs/include/robo_planner_msgs/robo_planner_msgs/srv/detail/set_robot_value_velocity__type_support.cpp
[4.263s] -- Up-to-date: /home/autopilot/ws/restackcell/install/robo_planner_msgs/include/robo_planner_msgs/robo_planner_msgs/srv/detail/place__rosidl_typesupport_introspection_cpp.hpp
[4.263s] -- Up-to-date: /home/autopilot/ws/restackcell/install/robo_planner_msgs/include/robo_planner_msgs/robo_planner_msgs/srv/detail/gripper_change_pick__type_support.cpp
[4.263s] -- Up-to-date: /home/autopilot/ws/restackcell/install/robo_planner_msgs/include/robo_planner_msgs/robo_planner_msgs/srv/detail/follow_trajectory__rosidl_typesupport_introspection_cpp.hpp
[4.263s] -- Up-to-date: /home/autopilot/ws/restackcell/install/robo_planner_msgs/include/robo_planner_msgs/robo_planner_msgs/srv/detail/gripper_change__rosidl_typesupport_introspection_cpp.hpp
[4.263s] -- Up-to-date: /home/autopilot/ws/restackcell/install/robo_planner_msgs/include/robo_planner_msgs/robo_planner_msgs/srv/detail/gripper_change_pick__rosidl_typesupport_introspection_cpp.hpp
[4.263s] -- Up-to-date: /home/autopilot/ws/restackcell/install/robo_planner_msgs/lib/librobo_planner_msgs__rosidl_typesupport_introspection_cpp.so
[4.264s] -- Up-to-date: /home/autopilot/ws/restackcell/install/robo_planner_msgs/lib/librobo_planner_msgs__rosidl_typesupport_cpp.so
[4.264s] -- Up-to-date: /home/autopilot/ws/restackcell/install/robo_planner_msgs/share/robo_planner_msgs/environment/pythonpath.sh
[4.264s] -- Up-to-date: /home/autopilot/ws/restackcell/install/robo_planner_msgs/share/robo_planner_msgs/environment/pythonpath.dsv
[4.264s] -- Up-to-date: /home/autopilot/ws/restackcell/install/robo_planner_msgs/local/lib/python3.10/dist-packages/robo_planner_msgs-0.0.0-py3.10.egg-info
[4.264s] -- Installing: /home/autopilot/ws/restackcell/install/robo_planner_msgs/local/lib/python3.10/dist-packages/robo_planner_msgs-0.0.0-py3.10.egg-info/SOURCES.txt
[4.264s] -- Installing: /home/autopilot/ws/restackcell/install/robo_planner_msgs/local/lib/python3.10/dist-packages/robo_planner_msgs-0.0.0-py3.10.egg-info/PKG-INFO
[4.264s] -- Installing: /home/autopilot/ws/restackcell/install/robo_planner_msgs/local/lib/python3.10/dist-packages/robo_planner_msgs-0.0.0-py3.10.egg-info/top_level.txt
[4.265s] -- Installing: /home/autopilot/ws/restackcell/install/robo_planner_msgs/local/lib/python3.10/dist-packages/robo_planner_msgs-0.0.0-py3.10.egg-info/dependency_links.txt
[4.265s] -- Up-to-date: /home/autopilot/ws/restackcell/install/robo_planner_msgs/local/lib/python3.10/dist-packages/robo_planner_msgs
[4.265s] -- Up-to-date: /home/autopilot/ws/restackcell/install/robo_planner_msgs/local/lib/python3.10/dist-packages/robo_planner_msgs/_robo_planner_msgs_s.ep.rosidl_typesupport_introspection_c.c
[4.265s] -- Up-to-date: /home/autopilot/ws/restackcell/install/robo_planner_msgs/local/lib/python3.10/dist-packages/robo_planner_msgs/__init__.py
[4.265s] -- Up-to-date: /home/autopilot/ws/restackcell/install/robo_planner_msgs/local/lib/python3.10/dist-packages/robo_planner_msgs/robo_planner_msgs_s__rosidl_typesupport_c.cpython-310-aarch64-linux-gnu.so
[4.266s] -- Up-to-date: /home/autopilot/ws/restackcell/install/robo_planner_msgs/local/lib/python3.10/dist-packages/robo_planner_msgs/msg
[4.266s] -- Up-to-date: /home/autopilot/ws/restackcell/install/robo_planner_msgs/local/lib/python3.10/dist-packages/robo_planner_msgs/msg/_labeled_point_clouds_s.c
[4.266s] -- Up-to-date: /home/autopilot/ws/restackcell/install/robo_planner_msgs/local/lib/python3.10/dist-packages/robo_planner_msgs/msg/_labeled_point_cloud_s.c
[4.266s] -- Up-to-date: /home/autopilot/ws/restackcell/install/robo_planner_msgs/local/lib/python3.10/dist-packages/robo_planner_msgs/msg/_scene_object_add_s.c
[4.266s] -- Up-to-date: /home/autopilot/ws/restackcell/install/robo_planner_msgs/local/lib/python3.10/dist-packages/robo_planner_msgs/msg/__init__.py
[4.266s] -- Up-to-date: /home/autopilot/ws/restackcell/install/robo_planner_msgs/local/lib/python3.10/dist-packages/robo_planner_msgs/msg/_scene_object_add.py
[4.266s] -- Up-to-date: /home/autopilot/ws/restackcell/install/robo_planner_msgs/local/lib/python3.10/dist-packages/robo_planner_msgs/msg/_labeled_point_clouds.py
[4.267s] -- Up-to-date: /home/autopilot/ws/restackcell/install/robo_planner_msgs/local/lib/python3.10/dist-packages/robo_planner_msgs/msg/_scene_object_set_pose.py
[4.267s] -- Up-to-date: /home/autopilot/ws/restackcell/install/robo_planner_msgs/local/lib/python3.10/dist-packages/robo_planner_msgs/msg/_scene_object_remove.py
[4.267s] -- Up-to-date: /home/autopilot/ws/restackcell/install/robo_planner_msgs/local/lib/python3.10/dist-packages/robo_planner_msgs/msg/_scene_object_set_pose_s.c
[4.267s] -- Up-to-date: /home/autopilot/ws/restackcell/install/robo_planner_msgs/local/lib/python3.10/dist-packages/robo_planner_msgs/msg/_labeled_point_cloud.py
[4.267s] -- Up-to-date: /home/autopilot/ws/restackcell/install/robo_planner_msgs/local/lib/python3.10/dist-packages/robo_planner_msgs/msg/_scene_object_remove_s.c
[4.267s] -- Up-to-date: /home/autopilot/ws/restackcell/install/robo_planner_msgs/local/lib/python3.10/dist-packages/robo_planner_msgs/robo_planner_msgs_s__rosidl_typesupport_introspection_c.cpython-310-aarch64-linux-gnu.so
[4.267s] -- Up-to-date: /home/autopilot/ws/restackcell/install/robo_planner_msgs/local/lib/python3.10/dist-packages/robo_planner_msgs/_robo_planner_msgs_s.ep.rosidl_typesupport_c.c
[4.267s] -- Up-to-date: /home/autopilot/ws/restackcell/install/robo_planner_msgs/local/lib/python3.10/dist-packages/robo_planner_msgs/librobo_planner_msgs__rosidl_generator_py.so
[4.268s] -- Up-to-date: /home/autopilot/ws/restackcell/install/robo_planner_msgs/local/lib/python3.10/dist-packages/robo_planner_msgs/_robo_planner_msgs_s.ep.rosidl_typesupport_fastrtps_c.c
[4.280s] -- Up-to-date: /home/autopilot/ws/restackcell/install/robo_planner_msgs/local/lib/python3.10/dist-packages/robo_planner_msgs/robo_planner_msgs_s__rosidl_typesupport_fastrtps_c.cpython-310-aarch64-linux-gnu.so
[4.281s] -- Up-to-date: /home/autopilot/ws/restackcell/install/robo_planner_msgs/local/lib/python3.10/dist-packages/robo_planner_msgs/srv
[4.281s] -- Up-to-date: /home/autopilot/ws/restackcell/install/robo_planner_msgs/local/lib/python3.10/dist-packages/robo_planner_msgs/srv/_set_robot_value_velocity_s.c
[4.281s] -- Up-to-date: /home/autopilot/ws/restackcell/install/robo_planner_msgs/local/lib/python3.10/dist-packages/robo_planner_msgs/srv/_move_to_pose_s.c
[4.281s] -- Up-to-date: /home/autopilot/ws/restackcell/install/robo_planner_msgs/local/lib/python3.10/dist-packages/robo_planner_msgs/srv/_pick_s.c
[4.281s] -- Up-to-date: /home/autopilot/ws/restackcell/install/robo_planner_msgs/local/lib/python3.10/dist-packages/robo_planner_msgs/srv/_place.py
[4.281s] -- Up-to-date: /home/autopilot/ws/restackcell/install/robo_planner_msgs/local/lib/python3.10/dist-packages/robo_planner_msgs/srv/_gripper_change.py
[4.282s] -- Up-to-date: /home/autopilot/ws/restackcell/install/robo_planner_msgs/local/lib/python3.10/dist-packages/robo_planner_msgs/srv/_gripper_close.py
[4.282s] -- Up-to-date: /home/autopilot/ws/restackcell/install/robo_planner_msgs/local/lib/python3.10/dist-packages/robo_planner_msgs/srv/__init__.py
[4.282s] -- Up-to-date: /home/autopilot/ws/restackcell/install/robo_planner_msgs/local/lib/python3.10/dist-packages/robo_planner_msgs/srv/_gripper_change_pick.py
[4.282s] -- Up-to-date: /home/autopilot/ws/restackcell/install/robo_planner_msgs/local/lib/python3.10/dist-packages/robo_planner_msgs/srv/_pick_and_place.py
[4.282s] -- Up-to-date: /home/autopilot/ws/restackcell/install/robo_planner_msgs/local/lib/python3.10/dist-packages/robo_planner_msgs/srv/_gripper_change_s.c
[4.282s] -- Up-to-date: /home/autopilot/ws/restackcell/install/robo_planner_msgs/local/lib/python3.10/dist-packages/robo_planner_msgs/srv/_open_door.py
[4.282s] -- Up-to-date: /home/autopilot/ws/restackcell/install/robo_planner_msgs/local/lib/python3.10/dist-packages/robo_planner_msgs/srv/_follow_trajectory_s.c
[4.283s] -- Up-to-date: /home/autopilot/ws/restackcell/install/robo_planner_msgs/local/lib/python3.10/dist-packages/robo_planner_msgs/srv/_pick.py
[4.283s] -- Up-to-date: /home/autopilot/ws/restackcell/install/robo_planner_msgs/local/lib/python3.10/dist-packages/robo_planner_msgs/srv/_open_door_s.c
[4.283s] -- Up-to-date: /home/autopilot/ws/restackcell/install/robo_planner_msgs/local/lib/python3.10/dist-packages/robo_planner_msgs/srv/_gripper_change_place.py
[4.283s] -- Up-to-date: /home/autopilot/ws/restackcell/install/robo_planner_msgs/local/lib/python3.10/dist-packages/robo_planner_msgs/srv/_follow_trajectory.py
[4.283s] -- Up-to-date: /home/autopilot/ws/restackcell/install/robo_planner_msgs/local/lib/python3.10/dist-packages/robo_planner_msgs/srv/_gripper_change_place_s.c
[4.283s] -- Up-to-date: /home/autopilot/ws/restackcell/install/robo_planner_msgs/local/lib/python3.10/dist-packages/robo_planner_msgs/srv/_pick_and_place_s.c
[4.283s] -- Up-to-date: /home/autopilot/ws/restackcell/install/robo_planner_msgs/local/lib/python3.10/dist-packages/robo_planner_msgs/srv/_gripper_change_pick_s.c
[4.284s] -- Up-to-date: /home/autopilot/ws/restackcell/install/robo_planner_msgs/local/lib/python3.10/dist-packages/robo_planner_msgs/srv/_gripper_open.py
[4.284s] -- Up-to-date: /home/autopilot/ws/restackcell/install/robo_planner_msgs/local/lib/python3.10/dist-packages/robo_planner_msgs/srv/_gripper_close_s.c
[4.284s] -- Up-to-date: /home/autopilot/ws/restackcell/install/robo_planner_msgs/local/lib/python3.10/dist-packages/robo_planner_msgs/srv/_move_to_pose.py
[4.284s] -- Up-to-date: /home/autopilot/ws/restackcell/install/robo_planner_msgs/local/lib/python3.10/dist-packages/robo_planner_msgs/srv/_gripper_open_s.c
[4.284s] -- Up-to-date: /home/autopilot/ws/restackcell/install/robo_planner_msgs/local/lib/python3.10/dist-packages/robo_planner_msgs/srv/_place_s.c
[4.284s] -- Up-to-date: /home/autopilot/ws/restackcell/install/robo_planner_msgs/local/lib/python3.10/dist-packages/robo_planner_msgs/srv/_set_robot_value_velocity.py
[4.285s] Listing '/home/autopilot/ws/restackcell/install/robo_planner_msgs/local/lib/python3.10/dist-packages/robo_planner_msgs'...
[4.285s] Listing '/home/autopilot/ws/restackcell/install/robo_planner_msgs/local/lib/python3.10/dist-packages/robo_planner_msgs/msg'...
[4.286s] Listing '/home/autopilot/ws/restackcell/install/robo_planner_msgs/local/lib/python3.10/dist-packages/robo_planner_msgs/srv'...
[4.286s] -- Up-to-date: /home/autopilot/ws/restackcell/install/robo_planner_msgs/local/lib/python3.10/dist-packages/robo_planner_msgs/robo_planner_msgs_s__rosidl_typesupport_fastrtps_c.cpython-310-aarch64-linux-gnu.so
[4.286s] -- Up-to-date: /home/autopilot/ws/restackcell/install/robo_planner_msgs/local/lib/python3.10/dist-packages/robo_planner_msgs/robo_planner_msgs_s__rosidl_typesupport_introspection_c.cpython-310-aarch64-linux-gnu.so
[4.286s] -- Up-to-date: /home/autopilot/ws/restackcell/install/robo_planner_msgs/local/lib/python3.10/dist-packages/robo_planner_msgs/robo_planner_msgs_s__rosidl_typesupport_c.cpython-310-aarch64-linux-gnu.so
[4.286s] -- Up-to-date: /home/autopilot/ws/restackcell/install/robo_planner_msgs/lib/librobo_planner_msgs__rosidl_generator_py.so
[4.286s] -- Up-to-date: /home/autopilot/ws/restackcell/install/robo_planner_msgs/share/robo_planner_msgs/srv/FollowTrajectory.idl
[4.287s] -- Up-to-date: /home/autopilot/ws/restackcell/install/robo_planner_msgs/share/robo_planner_msgs/srv/GripperClose.idl
[4.287s] -- Up-to-date: /home/autopilot/ws/restackcell/install/robo_planner_msgs/share/robo_planner_msgs/srv/GripperOpen.idl
[4.287s] -- Up-to-date: /home/autopilot/ws/restackcell/install/robo_planner_msgs/share/robo_planner_msgs/srv/MoveToPose.idl
[4.287s] -- Up-to-date: /home/autopilot/ws/restackcell/install/robo_planner_msgs/share/robo_planner_msgs/srv/OpenDoor.idl
[4.287s] -- Up-to-date: /home/autopilot/ws/restackcell/install/robo_planner_msgs/share/robo_planner_msgs/srv/SetRobotValueVelocity.idl
[4.287s] -- Up-to-date: /home/autopilot/ws/restackcell/install/robo_planner_msgs/share/robo_planner_msgs/srv/GripperChange.idl
[4.287s] -- Up-to-date: /home/autopilot/ws/restackcell/install/robo_planner_msgs/share/robo_planner_msgs/srv/GripperChangePick.idl
[4.288s] -- Up-to-date: /home/autopilot/ws/restackcell/install/robo_planner_msgs/share/robo_planner_msgs/srv/GripperChangePlace.idl
[4.288s] -- Up-to-date: /home/autopilot/ws/restackcell/install/robo_planner_msgs/share/robo_planner_msgs/srv/Pick.idl
[4.289s] -- Up-to-date: /home/autopilot/ws/restackcell/install/robo_planner_msgs/share/robo_planner_msgs/srv/PickAndPlace.idl
[4.289s] -- Up-to-date: /home/autopilot/ws/restackcell/install/robo_planner_msgs/share/robo_planner_msgs/srv/Place.idl
[4.289s] -- Up-to-date: /home/autopilot/ws/restackcell/install/robo_planner_msgs/share/robo_planner_msgs/msg/LabeledPointCloud.idl
[4.290s] -- Up-to-date: /home/autopilot/ws/restackcell/install/robo_planner_msgs/share/robo_planner_msgs/msg/LabeledPointClouds.idl
[4.290s] -- Up-to-date: /home/autopilot/ws/restackcell/install/robo_planner_msgs/share/robo_planner_msgs/msg/SceneObjectRemove.idl
[4.290s] -- Up-to-date: /home/autopilot/ws/restackcell/install/robo_planner_msgs/share/robo_planner_msgs/msg/SceneObjectAdd.idl
[4.290s] -- Up-to-date: /home/autopilot/ws/restackcell/install/robo_planner_msgs/share/robo_planner_msgs/msg/SceneObjectSetPose.idl
[4.290s] -- Up-to-date: /home/autopilot/ws/restackcell/install/robo_planner_msgs/share/robo_planner_msgs/Atomic/FollowTrajectory.srv
[4.290s] -- Up-to-date: /home/autopilot/ws/restackcell/install/robo_planner_msgs/share/robo_planner_msgs/Atomic/FollowTrajectory_Request.msg
[4.291s] -- Up-to-date: /home/autopilot/ws/restackcell/install/robo_planner_msgs/share/robo_planner_msgs/Atomic/FollowTrajectory_Response.msg
[4.291s] -- Up-to-date: /home/autopilot/ws/restackcell/install/robo_planner_msgs/share/robo_planner_msgs/Atomic/GripperClose.srv
[4.291s] -- Up-to-date: /home/autopilot/ws/restackcell/install/robo_planner_msgs/share/robo_planner_msgs/Atomic/GripperClose_Request.msg
[4.291s] -- Up-to-date: /home/autopilot/ws/restackcell/install/robo_planner_msgs/share/robo_planner_msgs/Atomic/GripperClose_Response.msg
[4.291s] -- Up-to-date: /home/autopilot/ws/restackcell/install/robo_planner_msgs/share/robo_planner_msgs/Atomic/GripperOpen.srv
[4.291s] -- Up-to-date: /home/autopilot/ws/restackcell/install/robo_planner_msgs/share/robo_planner_msgs/Atomic/GripperOpen_Request.msg
[4.292s] -- Up-to-date: /home/autopilot/ws/restackcell/install/robo_planner_msgs/share/robo_planner_msgs/Atomic/GripperOpen_Response.msg
[4.292s] -- Up-to-date: /home/autopilot/ws/restackcell/install/robo_planner_msgs/share/robo_planner_msgs/Atomic/MoveToPose.srv
[4.292s] -- Up-to-date: /home/autopilot/ws/restackcell/install/robo_planner_msgs/share/robo_planner_msgs/Atomic/MoveToPose_Request.msg
[4.292s] -- Up-to-date: /home/autopilot/ws/restackcell/install/robo_planner_msgs/share/robo_planner_msgs/Atomic/MoveToPose_Response.msg
[4.292s] -- Up-to-date: /home/autopilot/ws/restackcell/install/robo_planner_msgs/share/robo_planner_msgs/Atomic/OpenDoor.srv
[4.292s] -- Up-to-date: /home/autopilot/ws/restackcell/install/robo_planner_msgs/share/robo_planner_msgs/Atomic/OpenDoor_Request.msg
[4.293s] -- Up-to-date: /home/autopilot/ws/restackcell/install/robo_planner_msgs/share/robo_planner_msgs/Atomic/OpenDoor_Response.msg
[4.293s] -- Up-to-date: /home/autopilot/ws/restackcell/install/robo_planner_msgs/share/robo_planner_msgs/Atomic/SetRobotValueVelocity.srv
[4.293s] -- Up-to-date: /home/autopilot/ws/restackcell/install/robo_planner_msgs/share/robo_planner_msgs/Atomic/SetRobotValueVelocity_Request.msg
[4.293s] -- Up-to-date: /home/autopilot/ws/restackcell/install/robo_planner_msgs/share/robo_planner_msgs/Atomic/SetRobotValueVelocity_Response.msg
[4.293s] -- Up-to-date: /home/autopilot/ws/restackcell/install/robo_planner_msgs/share/robo_planner_msgs/Composed/GripperChange.srv
[4.293s] -- Up-to-date: /home/autopilot/ws/restackcell/install/robo_planner_msgs/share/robo_planner_msgs/Composed/GripperChange_Request.msg
[4.293s] -- Up-to-date: /home/autopilot/ws/restackcell/install/robo_planner_msgs/share/robo_planner_msgs/Composed/GripperChange_Response.msg
[4.293s] -- Up-to-date: /home/autopilot/ws/restackcell/install/robo_planner_msgs/share/robo_planner_msgs/Composed/GripperChangePick.srv
[4.294s] -- Up-to-date: /home/autopilot/ws/restackcell/install/robo_planner_msgs/share/robo_planner_msgs/Composed/GripperChangePick_Request.msg
[4.294s] -- Up-to-date: /home/autopilot/ws/restackcell/install/robo_planner_msgs/share/robo_planner_msgs/Composed/GripperChangePick_Response.msg
[4.294s] -- Up-to-date: /home/autopilot/ws/restackcell/install/robo_planner_msgs/share/robo_planner_msgs/Composed/GripperChangePlace.srv
[4.294s] -- Up-to-date: /home/autopilot/ws/restackcell/install/robo_planner_msgs/share/robo_planner_msgs/Composed/GripperChangePlace_Request.msg
[4.294s] -- Up-to-date: /home/autopilot/ws/restackcell/install/robo_planner_msgs/share/robo_planner_msgs/Composed/GripperChangePlace_Response.msg
[4.294s] -- Up-to-date: /home/autopilot/ws/restackcell/install/robo_planner_msgs/share/robo_planner_msgs/Composed/Pick.srv
[4.294s] -- Up-to-date: /home/autopilot/ws/restackcell/install/robo_planner_msgs/share/robo_planner_msgs/Composed/Pick_Request.msg
[4.295s] -- Up-to-date: /home/autopilot/ws/restackcell/install/robo_planner_msgs/share/robo_planner_msgs/Composed/Pick_Response.msg
[4.295s] -- Up-to-date: /home/autopilot/ws/restackcell/install/robo_planner_msgs/share/robo_planner_msgs/Composed/PickAndPlace.srv
[4.295s] -- Up-to-date: /home/autopilot/ws/restackcell/install/robo_planner_msgs/share/robo_planner_msgs/Composed/PickAndPlace_Request.msg
[4.295s] -- Up-to-date: /home/autopilot/ws/restackcell/install/robo_planner_msgs/share/robo_planner_msgs/Composed/PickAndPlace_Response.msg
[4.295s] -- Up-to-date: /home/autopilot/ws/restackcell/install/robo_planner_msgs/share/robo_planner_msgs/Composed/Place.srv
[4.295s] -- Up-to-date: /home/autopilot/ws/restackcell/install/robo_planner_msgs/share/robo_planner_msgs/Composed/Place_Request.msg
[4.296s] -- Up-to-date: /home/autopilot/ws/restackcell/install/robo_planner_msgs/share/robo_planner_msgs/Composed/Place_Response.msg
[4.296s] -- Up-to-date: /home/autopilot/ws/restackcell/install/robo_planner_msgs/share/robo_planner_msgs/msg/LabeledPointCloud.msg
[4.296s] -- Up-to-date: /home/autopilot/ws/restackcell/install/robo_planner_msgs/share/robo_planner_msgs/msg/LabeledPointClouds.msg
[4.296s] -- Up-to-date: /home/autopilot/ws/restackcell/install/robo_planner_msgs/share/robo_planner_msgs/msg/SceneObjectRemove.msg
[4.296s] -- Up-to-date: /home/autopilot/ws/restackcell/install/robo_planner_msgs/share/robo_planner_msgs/msg/SceneObjectAdd.msg
[4.296s] -- Up-to-date: /home/autopilot/ws/restackcell/install/robo_planner_msgs/share/robo_planner_msgs/msg/SceneObjectSetPose.msg
[4.297s] -- Up-to-date: /home/autopilot/ws/restackcell/install/robo_planner_msgs/share/ament_index/resource_index/package_run_dependencies/robo_planner_msgs
[4.297s] -- Up-to-date: /home/autopilot/ws/restackcell/install/robo_planner_msgs/share/ament_index/resource_index/parent_prefix_path/robo_planner_msgs
[4.297s] -- Up-to-date: /home/autopilot/ws/restackcell/install/robo_planner_msgs/share/robo_planner_msgs/environment/ament_prefix_path.sh
[4.297s] -- Up-to-date: /home/autopilot/ws/restackcell/install/robo_planner_msgs/share/robo_planner_msgs/environment/ament_prefix_path.dsv
[4.297s] -- Up-to-date: /home/autopilot/ws/restackcell/install/robo_planner_msgs/share/robo_planner_msgs/environment/path.sh
[4.297s] -- Up-to-date: /home/autopilot/ws/restackcell/install/robo_planner_msgs/share/robo_planner_msgs/environment/path.dsv
[4.297s] -- Up-to-date: /home/autopilot/ws/restackcell/install/robo_planner_msgs/share/robo_planner_msgs/local_setup.bash
[4.298s] -- Up-to-date: /home/autopilot/ws/restackcell/install/robo_planner_msgs/share/robo_planner_msgs/local_setup.sh
[4.298s] -- Up-to-date: /home/autopilot/ws/restackcell/install/robo_planner_msgs/share/robo_planner_msgs/local_setup.zsh
[4.298s] -- Up-to-date: /home/autopilot/ws/restackcell/install/robo_planner_msgs/share/robo_planner_msgs/local_setup.dsv
[4.298s] -- Installing: /home/autopilot/ws/restackcell/install/robo_planner_msgs/share/robo_planner_msgs/package.dsv
[4.298s] -- Up-to-date: /home/autopilot/ws/restackcell/install/robo_planner_msgs/share/ament_index/resource_index/packages/robo_planner_msgs
[4.298s] -- Up-to-date: /home/autopilot/ws/restackcell/install/robo_planner_msgs/share/robo_planner_msgs/cmake/export_robo_planner_msgs__rosidl_generator_cExport.cmake
[4.298s] -- Up-to-date: /home/autopilot/ws/restackcell/install/robo_planner_msgs/share/robo_planner_msgs/cmake/export_robo_planner_msgs__rosidl_generator_cExport-noconfig.cmake
[4.299s] -- Up-to-date: /home/autopilot/ws/restackcell/install/robo_planner_msgs/share/robo_planner_msgs/cmake/export_robo_planner_msgs__rosidl_typesupport_fastrtps_cExport.cmake
[4.299s] -- Up-to-date: /home/autopilot/ws/restackcell/install/robo_planner_msgs/share/robo_planner_msgs/cmake/export_robo_planner_msgs__rosidl_typesupport_fastrtps_cExport-noconfig.cmake
[4.299s] -- Up-to-date: /home/autopilot/ws/restackcell/install/robo_planner_msgs/share/robo_planner_msgs/cmake/robo_planner_msgs__rosidl_typesupport_introspection_cExport.cmake
[4.299s] -- Up-to-date: /home/autopilot/ws/restackcell/install/robo_planner_msgs/share/robo_planner_msgs/cmake/robo_planner_msgs__rosidl_typesupport_introspection_cExport-noconfig.cmake
[4.299s] -- Up-to-date: /home/autopilot/ws/restackcell/install/robo_planner_msgs/share/robo_planner_msgs/cmake/robo_planner_msgs__rosidl_typesupport_cExport.cmake
[4.299s] -- Up-to-date: /home/autopilot/ws/restackcell/install/robo_planner_msgs/share/robo_planner_msgs/cmake/robo_planner_msgs__rosidl_typesupport_cExport-noconfig.cmake
[4.299s] -- Up-to-date: /home/autopilot/ws/restackcell/install/robo_planner_msgs/share/robo_planner_msgs/cmake/export_robo_planner_msgs__rosidl_generator_cppExport.cmake
[4.300s] -- Up-to-date: /home/autopilot/ws/restackcell/install/robo_planner_msgs/share/robo_planner_msgs/cmake/export_robo_planner_msgs__rosidl_typesupport_fastrtps_cppExport.cmake
[4.300s] -- Up-to-date: /home/autopilot/ws/restackcell/install/robo_planner_msgs/share/robo_planner_msgs/cmake/export_robo_planner_msgs__rosidl_typesupport_fastrtps_cppExport-noconfig.cmake
[4.300s] -- Up-to-date: /home/autopilot/ws/restackcell/install/robo_planner_msgs/share/robo_planner_msgs/cmake/robo_planner_msgs__rosidl_typesupport_introspection_cppExport.cmake
[4.300s] -- Up-to-date: /home/autopilot/ws/restackcell/install/robo_planner_msgs/share/robo_planner_msgs/cmake/robo_planner_msgs__rosidl_typesupport_introspection_cppExport-noconfig.cmake
[4.300s] -- Up-to-date: /home/autopilot/ws/restackcell/install/robo_planner_msgs/share/robo_planner_msgs/cmake/robo_planner_msgs__rosidl_typesupport_cppExport.cmake
[4.300s] -- Up-to-date: /home/autopilot/ws/restackcell/install/robo_planner_msgs/share/robo_planner_msgs/cmake/robo_planner_msgs__rosidl_typesupport_cppExport-noconfig.cmake
[4.300s] -- Up-to-date: /home/autopilot/ws/restackcell/install/robo_planner_msgs/share/robo_planner_msgs/cmake/export_robo_planner_msgs__rosidl_generator_pyExport.cmake
[4.301s] -- Up-to-date: /home/autopilot/ws/restackcell/install/robo_planner_msgs/share/robo_planner_msgs/cmake/export_robo_planner_msgs__rosidl_generator_pyExport-noconfig.cmake
[4.301s] -- Up-to-date: /home/autopilot/ws/restackcell/install/robo_planner_msgs/share/robo_planner_msgs/cmake/rosidl_cmake-extras.cmake
[4.301s] -- Up-to-date: /home/autopilot/ws/restackcell/install/robo_planner_msgs/share/robo_planner_msgs/cmake/ament_cmake_export_dependencies-extras.cmake
[4.301s] -- Up-to-date: /home/autopilot/ws/restackcell/install/robo_planner_msgs/share/robo_planner_msgs/cmake/ament_cmake_export_include_directories-extras.cmake
[4.301s] -- Up-to-date: /home/autopilot/ws/restackcell/install/robo_planner_msgs/share/robo_planner_msgs/cmake/ament_cmake_export_libraries-extras.cmake
[4.302s] -- Up-to-date: /home/autopilot/ws/restackcell/install/robo_planner_msgs/share/robo_planner_msgs/cmake/ament_cmake_export_targets-extras.cmake
[4.302s] -- Up-to-date: /home/autopilot/ws/restackcell/install/robo_planner_msgs/share/robo_planner_msgs/cmake/rosidl_cmake_export_typesupport_targets-extras.cmake
[4.302s] -- Up-to-date: /home/autopilot/ws/restackcell/install/robo_planner_msgs/share/robo_planner_msgs/cmake/rosidl_cmake_export_typesupport_libraries-extras.cmake
[4.302s] -- Up-to-date: /home/autopilot/ws/restackcell/install/robo_planner_msgs/share/robo_planner_msgs/cmake/robo_planner_msgsConfig.cmake
[4.302s] -- Up-to-date: /home/autopilot/ws/restackcell/install/robo_planner_msgs/share/robo_planner_msgs/cmake/robo_planner_msgsConfig-version.cmake
[4.302s] -- Up-to-date: /home/autopilot/ws/restackcell/install/robo_planner_msgs/share/robo_planner_msgs/package.xml
[4.314s] Invoked command in '/home/autopilot/ws/restackcell/build/robo_planner_msgs' returned '0': /usr/bin/cmake --install /home/autopilot/ws/restackcell/build/robo_planner_msgs
