[0.114s] Invoking command in '/home/alex/ws_moveit2/build/moveit_task_constructor_visualization': CMAKE_PREFIX_PATH=/home/alex/ws_moveit2/install/moveit_task_constructor_core:/home/alex/ws_moveit2/install/moveit_ros_visualization:/home/alex/ws_moveit2/install/moveit_ros_planning_interface:/home/alex/ws_moveit2/install/moveit_ros_move_group:/home/alex/ws_moveit2/install/moveit_ros_warehouse:/home/alex/ws_moveit2/install/moveit_ros_robot_interaction:/home/alex/ws_moveit2/install/moveit_kinematics:/home/alex/ws_moveit2/install/moveit_ros_planning:/home/alex/ws_moveit2/install/moveit_ros_occupancy_map_monitor:/home/alex/ws_moveit2/install/moveit_core:/home/alex/ws_moveit2/install/rviz_marker_tools:/home/alex/ws_moveit2/install/srdfdom:/home/alex/ws_moveit2/install/moveit_task_constructor_msgs:/home/alex/ws_moveit2/install/moveit_common:/home/alex/ws_moveit2/install/pilz_industrial_motion_planner_testutils:/home/alex/ws_moveit2/install/moveit_runtime:/home/alex/ws_moveit2/install/moveit2_tutorials:/home/alex/ws_moveit2/install/moveit:/home/alex/ws_moveit2/install/moveit_planners:/home/alex/ws_moveit2/install/pilz_industrial_motion_planner:/home/alex/ws_moveit2/install/moveit_visual_tools:/home/alex/ws_moveit2/install/moveit_task_constructor_visualization:/home/alex/ws_moveit2/install/moveit_task_constructor_demo:/home/alex/ws_moveit2/install/moveit_task_constructor_capabilities:/home/alex/ws_moveit2/install/moveit_ros_control_interface:/home/alex/ws_moveit2/install/moveit_plugins:/home/alex/ws_moveit2/install/moveit_simple_controller_manager:/home/alex/ws_moveit2/install/moveit_setup_assistant:/home/alex/ws_moveit2/install/moveit_setup_srdf_plugins:/home/alex/ws_moveit2/install/moveit_setup_core_plugins:/home/alex/ws_moveit2/install/moveit_setup_controllers:/home/alex/ws_moveit2/install/moveit_setup_app_plugins:/home/alex/ws_moveit2/install/moveit_setup_framework:/home/alex/ws_moveit2/install/moveit_servo:/home/alex/ws_moveit2/install/moveit_ros:/home/alex/ws_moveit2/install/moveit_hybrid_planning:/home/alex/ws_moveit2/install/moveit_ros_benchmarks:/home/alex/ws_moveit2/install/moveit_ros_perception:/home/alex/ws_moveit2/install/moveit_resources_prbt_pg70_support:/home/alex/ws_moveit2/install/moveit_resources_prbt_moveit_config:/home/alex/ws_moveit2/install/moveit_planners_ompl:/home/alex/ws_moveit2/install/moveit_resources_prbt_ikfast_manipulator_plugin:/home/alex/ws_moveit2/install/moveit_planners_chomp:/home/alex/ws_moveit2/install/moveit_chomp_optimizer_adapter:/home/alex/ws_moveit2/install/chomp_motion_planner:/home/alex/ws_moveit2/install/rosparam_shortcuts:/home/alex/ws_moveit2/install/moveit_resources_prbt_support:/home/alex/ws_moveit2/install/moveit_resources:/home/alex/ws_moveit2/install/moveit_resources_pr2_description:/home/alex/ws_moveit2/install/moveit_resources_panda_moveit_config:/home/alex/ws_moveit2/install/moveit_resources_panda_description:/home/alex/ws_moveit2/install/moveit_resources_fanuc_moveit_config:/home/alex/ws_moveit2/install/moveit_resources_fanuc_description:/home/alex/ws_moveit2/install/moveit_configs_utils:/home/alex/ws_moveit2/install/launch_param_builder:/opt/ros/humble LD_LIBRARY_PATH=/home/alex/ws_moveit2/install/moveit_task_constructor_core/lib:/home/alex/ws_moveit2/install/moveit_ros_visualization/lib:/home/alex/ws_moveit2/install/moveit_ros_planning_interface/lib:/home/alex/ws_moveit2/install/moveit_ros_move_group/lib:/home/alex/ws_moveit2/install/moveit_ros_warehouse/lib:/home/alex/ws_moveit2/install/moveit_ros_robot_interaction/lib:/home/alex/ws_moveit2/install/moveit_kinematics/lib:/home/alex/ws_moveit2/install/moveit_ros_planning/lib:/home/alex/ws_moveit2/install/moveit_ros_occupancy_map_monitor/lib:/home/alex/ws_moveit2/install/moveit_core/lib:/home/alex/ws_moveit2/install/rviz_marker_tools/lib:/home/alex/ws_moveit2/install/srdfdom/lib:/home/alex/ws_moveit2/install/moveit_task_constructor_msgs/lib:/home/alex/ws_moveit2/install/pilz_industrial_motion_planner_testutils/lib:/home/alex/ws_moveit2/install/pilz_industrial_motion_planner/lib:/home/alex/ws_moveit2/install/moveit_visual_tools/lib:/home/alex/ws_moveit2/install/moveit_task_constructor_visualization/lib:/home/alex/ws_moveit2/install/moveit_task_constructor_demo/lib:/home/alex/ws_moveit2/install/moveit_task_constructor_capabilities/lib:/home/alex/ws_moveit2/install/moveit_ros_control_interface/lib:/home/alex/ws_moveit2/install/moveit_simple_controller_manager/lib:/home/alex/ws_moveit2/install/moveit_setup_assistant/lib:/home/alex/ws_moveit2/install/moveit_setup_srdf_plugins/lib:/home/alex/ws_moveit2/install/moveit_setup_core_plugins/lib:/home/alex/ws_moveit2/install/moveit_setup_controllers/lib:/home/alex/ws_moveit2/install/moveit_setup_app_plugins/lib:/home/alex/ws_moveit2/install/moveit_setup_framework/lib:/home/alex/ws_moveit2/install/moveit_servo/lib:/home/alex/ws_moveit2/install/moveit_hybrid_planning/lib:/home/alex/ws_moveit2/install/moveit_ros_benchmarks/lib:/home/alex/ws_moveit2/install/moveit_ros_perception/lib:/home/alex/ws_moveit2/install/moveit_planners_ompl/lib:/home/alex/ws_moveit2/install/moveit_resources_prbt_ikfast_manipulator_plugin/lib:/home/alex/ws_moveit2/install/moveit_planners_chomp/lib:/home/alex/ws_moveit2/install/moveit_chomp_optimizer_adapter/lib:/home/alex/ws_moveit2/install/chomp_motion_planner/lib:/home/alex/ws_moveit2/install/rosparam_shortcuts/lib:/opt/ros/humble/opt/rviz_ogre_vendor/lib:/opt/ros/humble/lib/x86_64-linux-gnu:/opt/ros/humble/lib /usr/bin/cmake --build /home/alex/ws_moveit2/build/moveit_task_constructor_visualization -- -j16 -l16
[0.156s] -- Found ament_cmake: 1.3.6 (/opt/ros/humble/share/ament_cmake/cmake)
[0.273s] -- Found Boost: /usr/lib/x86_64-linux-gnu/cmake/Boost-1.74.0/BoostConfig.cmake (found version "1.74.0")  
[0.274s] -- Found moveit_common: 2.5.5 (/home/alex/ws_moveit2/install/moveit_common/share/moveit_common/cmake)
[0.334s] -- Could NOT find libbfd (missing: LIBBFD_LIBRARY LIBBFD_INCLUDE_DIR) 
[0.334s] -- BACKWARD_HAS_UNWIND=1
[0.334s] -- BACKWARD_HAS_BACKTRACE=0
[0.334s] -- BACKWARD_HAS_BACKTRACE_SYMBOL=0
[0.334s] -- BACKWARD_HAS_DW=1
[0.335s] -- BACKWARD_HAS_BFD=0
[0.335s] -- Found Backward: /opt/ros/humble/share/backward_ros/cmake  
[0.335s] -- Found moveit_core: 2.5.5 (/home/alex/ws_moveit2/install/moveit_core/share/moveit_core/cmake)
[0.345s] -- Found Boost: /usr/lib/x86_64-linux-gnu/cmake/Boost-1.74.0/BoostConfig.cmake (found version "1.74.0") found components: chrono date_time filesystem iostreams program_options regex serialization system thread 
[0.365s] -- Found parameter_traits: 0.3.6 (/opt/ros/humble/share/parameter_traits/cmake)
[0.381s] -- Found rosidl_generator_c: 3.1.5 (/opt/ros/humble/share/rosidl_generator_c/cmake)
[0.383s] -- Found rosidl_adapter: 3.1.5 (/opt/ros/humble/share/rosidl_adapter/cmake)
[0.387s] -- Found rosidl_generator_cpp: 3.1.5 (/opt/ros/humble/share/rosidl_generator_cpp/cmake)
[0.396s] -- Using all available rosidl_typesupport_c: rosidl_typesupport_fastrtps_c;rosidl_typesupport_introspection_c
[0.408s] -- Using all available rosidl_typesupport_cpp: rosidl_typesupport_fastrtps_cpp;rosidl_typesupport_introspection_cpp
[0.449s] -- Found rmw_implementation_cmake: 6.1.1 (/opt/ros/humble/share/rmw_implementation_cmake/cmake)
[0.451s] -- Found rmw_fastrtps_cpp: 6.2.5 (/opt/ros/humble/share/rmw_fastrtps_cpp/cmake)
[0.572s] -- Using RMW implementation 'rmw_fastrtps_cpp' as default
[0.691s] -- Found rclcpp_lifecycle: 16.0.7 (/opt/ros/humble/share/rclcpp_lifecycle/cmake)
[0.720s] -- Found Boost: /usr/lib/x86_64-linux-gnu/cmake/Boost-1.74.0/BoostConfig.cmake (found version "1.74.0") found components: filesystem 
[0.793s] -- library: /usr/lib/x86_64-linux-gnu/libcurl.so
[0.996s] -- Ensuring Eigen3 include directory is part of orocos-kdl CMake target
[1.712s] -- Found moveit_ros_visualization: 2.5.5 (/home/alex/ws_moveit2/install/moveit_ros_visualization/share/moveit_ros_visualization/cmake)
[1.715s] -- Found Boost: /usr/lib/x86_64-linux-gnu/cmake/Boost-1.74.0/BoostConfig.cmake (found version "1.74.0") found components: thread date_time system filesystem 
[1.733s] -- Found Boost: /usr/lib/x86_64-linux-gnu/cmake/Boost-1.74.0/BoostConfig.cmake (found version "1.74.0") found components: system filesystem date_time program_options thread chrono 
[2.102s] -- Found Boost: /usr/lib/x86_64-linux-gnu/cmake/Boost-1.74.0/BoostConfig.cmake (found version "1.74.0") found components: date_time filesystem program_options system thread 
[2.235s] -- Found Boost: /usr/lib/x86_64-linux-gnu/cmake/Boost-1.74.0/BoostConfig.cmake (found version "1.74.0") found components: thread system filesystem regex date_time program_options 
[2.402s] -- Found Boost: /usr/lib/x86_64-linux-gnu/cmake/Boost-1.74.0/BoostConfig.cmake (found version "1.74.0") found components: system filesystem date_time program_options thread 
[3.156s] -- Setting OGRE_DIR to: '/opt/ros/humble/share/rviz_ogre_vendor/cmake/../../../opt/rviz_ogre_vendor/lib/OGRE/cmake'
[3.157s] -- Found OGRE
[3.157s] --   static     : OFF
[3.157s] --   components : HLMS;MeshLodGenerator;Overlay;Paging;Property;RTShaderSystem;Terrain;Volume
[3.157s] --   plugins    : Plugin_BSPSceneManager;Plugin_OctreeSceneManager;Plugin_PCZSceneManager;Plugin_ParticleFX;RenderSystem_GL;RenderSystem_GL3Plus;Codec_STBI
[3.157s] --   media      : /opt/ros/humble/opt/rviz_ogre_vendor/share/OGRE/Media
[3.157s] -- OGRE_LIBRARIES: OgreHLMS;OgreMeshLodGenerator;OgreOverlay;OgrePaging;OgreProperty;OgreRTShaderSystem;OgreTerrain;OgreVolume;OgreMain
[3.158s] -- OGRE_LIBRARY_DIRS: /opt/ros/humble/opt/rviz_ogre_vendor/lib
[3.158s] -- OGRE_PLUGINS: Plugin_BSPSceneManager;Plugin_OctreeSceneManager;Plugin_PCZSceneManager;Plugin_ParticleFX;RenderSystem_GL;RenderSystem_GL3Plus;Codec_STBI
[3.158s] -- OGRE_PLUGIN_DIR: /opt/ros/humble/opt/rviz_ogre_vendor/lib/OGRE
[3.158s] -- rviz_ogre_vendor::OgreOverlay for IMPORTED_LOCATION_RELEASE: /opt/ros/humble/opt/rviz_ogre_vendor/lib/libOgreOverlay.so
[3.158s] -- rviz_ogre_vendor::OgreOverlay for IMPORTED_LOCATION_DEBUG: /opt/ros/humble/opt/rviz_ogre_vendor/lib/libOgreOverlay.so
[3.158s] -- rviz_ogre_vendor::OgreMain for IMPORTED_LOCATION_RELEASE: /opt/ros/humble/opt/rviz_ogre_vendor/lib/libOgreMain.so
[3.158s] -- rviz_ogre_vendor::OgreMain for IMPORTED_LOCATION_DEBUG: /opt/ros/humble/opt/rviz_ogre_vendor/lib/libOgreMain.so
[3.159s] -- Could not find freeimage library
[3.205s] -- rviz_ogre_vendor::RenderSystem_GL for IMPORTED_LOCATION_RELEASE: _render_system_gl_static_library_abs-NOTFOUND
[3.206s] -- rviz_ogre_vendor::RenderSystem_GL for IMPORTED_LOCATION_DEBUG: _render_system_gl_static_library_abs-NOTFOUND
[3.600s] -- Found moveit_task_constructor_core: 0.1.3 (/home/alex/ws_moveit2/install/moveit_task_constructor_core/share/moveit_task_constructor_core/cmake)
[4.012s] -- Found ament_cmake_gtest: 1.3.6 (/opt/ros/humble/share/ament_cmake_gtest/cmake)
[4.013s] -- Found ament_cmake_gmock: 1.3.6 (/opt/ros/humble/share/ament_cmake_gmock/cmake)
[4.013s] -- Found launch_testing_ament_cmake: 1.0.4 (/opt/ros/humble/share/launch_testing_ament_cmake/cmake)
[4.013s] -- Found python_cmake_module: 0.10.0 (/opt/ros/humble/share/python_cmake_module/cmake)
[4.034s] -- Using PYTHON_EXECUTABLE: /usr/bin/python3
[4.034s] -- Using PYTHON_INCLUDE_DIRS: /usr/include/python3.10
[4.034s] -- Using PYTHON_LIBRARIES: /usr/lib/x86_64-linux-gnu/libpython3.10.so
[4.035s] -- Found gtest sources under '/opt/ros/humble/src/gtest_vendor': C++ tests using 'Google Test' will be built
[4.039s] -- Found gmock sources under '/opt/ros/humble/src/gmock_vendor': C++ tests using 'Google Mock' will be built
[4.048s] -- Configuring done
[4.292s] -- Generating done
[4.297s] -- Build files have been written to: /home/alex/ws_moveit2/build/moveit_task_constructor_visualization
[4.367s] [  9%] [34m[1mAutomatic MOC for target gtest[0m
[4.367s] [  9%] [34m[1mAutomatic MOC for target moveit_task_visualization_tools[0m
[4.367s] [  9%] [34m[1mAutomatic MOC for target gtest_main[0m
[4.367s] [  9%] [34m[1mAutomatic MOC for target motion_planning_tasks_utils[0m
[4.367s] [  9%] [34m[1mAutomatic MOC for target motion_planning_tasks_properties[0m
[4.367s] [  9%] [34m[1mAutomatic MOC for target gmock_main[0m
[4.367s] [ 10%] [34m[1mAutomatic MOC for target gmock[0m
[4.396s] [ 10%] Built target gmock_main_autogen
[4.396s] [ 10%] Built target gtest_main_autogen
[4.396s] [ 10%] Built target gmock_autogen
[4.396s] [ 10%] Built target motion_planning_tasks_properties_autogen
[4.397s] [ 10%] Built target gtest_autogen
[4.413s] [35m[1mConsolidate compiler generated dependencies of target gmock_main[0m
[4.413s] [35m[1mConsolidate compiler generated dependencies of target gtest[0m
[4.413s] [35m[1mConsolidate compiler generated dependencies of target gtest_main[0m
[4.414s] [35m[1mConsolidate compiler generated dependencies of target gmock[0m
[4.418s] [35m[1mConsolidate compiler generated dependencies of target motion_planning_tasks_properties[0m
[4.436s] [ 15%] [32mBuilding CXX object gtest/CMakeFiles/gtest_main.dir/gtest_main_autogen/mocs_compilation.cpp.o[0m
[4.436s] [ 15%] [32mBuilding CXX object gtest/CMakeFiles/gtest.dir/src/gtest-all.cc.o[0m
[4.436s] [ 15%] [32mBuilding CXX object gtest/CMakeFiles/gtest.dir/gtest_autogen/mocs_compilation.cpp.o[0m
[4.436s] [ 16%] [32mBuilding CXX object gtest/CMakeFiles/gtest_main.dir/src/gtest_main.cc.o[0m
[4.436s] [ 18%] [32mBuilding CXX object gmock/CMakeFiles/gmock_main.dir/src/gmock_main.cc.o[0m
[4.437s] [ 20%] [32mBuilding CXX object gmock/CMakeFiles/gmock_main.dir/gmock_main_autogen/mocs_compilation.cpp.o[0m
[4.443s] [ 21%] [32mBuilding CXX object gmock/CMakeFiles/gmock.dir/gmock_autogen/mocs_compilation.cpp.o[0m
[4.444s] [ 23%] [32mBuilding CXX object gmock/CMakeFiles/gmock.dir/src/gmock-all.cc.o[0m
[4.446s] [ 24%] [32mBuilding CXX object gmock/CMakeFiles/gmock.dir/opt/ros/humble/src/gtest_vendor/src/gtest-all.cc.o[0m
[4.459s] [ 26%] [32mBuilding CXX object motion_planning_tasks/properties/CMakeFiles/motion_planning_tasks_properties.dir/motion_planning_tasks_properties_autogen/mocs_compilation.cpp.o[0m
[4.467s] [ 27%] [32mBuilding CXX object motion_planning_tasks/properties/CMakeFiles/motion_planning_tasks_properties.dir/property_from_yaml.cpp.o[0m
[4.468s] [ 29%] [32mBuilding CXX object motion_planning_tasks/properties/CMakeFiles/motion_planning_tasks_properties.dir/property_factory.cpp.o[0m
[4.552s] [ 29%] Built target motion_planning_tasks_utils_autogen
[4.577s] [35m[1mConsolidate compiler generated dependencies of target motion_planning_tasks_utils[0m
[4.612s] [ 35%] [32mBuilding CXX object motion_planning_tasks/utils/CMakeFiles/motion_planning_tasks_utils.dir/motion_planning_tasks_utils_autogen/mocs_compilation.cpp.o[0m
[4.613s] [ 35%] [32mBuilding CXX object motion_planning_tasks/utils/CMakeFiles/motion_planning_tasks_utils.dir/flat_merge_proxy_model.cpp.o[0m
[4.613s] [ 35%] [32mBuilding CXX object motion_planning_tasks/utils/CMakeFiles/motion_planning_tasks_utils.dir/icon.cpp.o[0m
[4.613s] [ 35%] [32mBuilding CXX object motion_planning_tasks/utils/CMakeFiles/motion_planning_tasks_utils.dir/tree_merge_proxy_model.cpp.o[0m
[4.669s] [ 35%] Built target moveit_task_visualization_tools_autogen
[4.704s] [35m[1mConsolidate compiler generated dependencies of target moveit_task_visualization_tools[0m
[4.792s] [ 36%] [32mBuilding CXX object visualization_tools/CMakeFiles/moveit_task_visualization_tools.dir/moveit_task_visualization_tools_autogen/mocs_compilation.cpp.o[0m
[4.795s] [ 38%] [32mBuilding CXX object visualization_tools/CMakeFiles/moveit_task_visualization_tools.dir/src/display_solution.cpp.o[0m
[4.795s] [ 41%] [32mBuilding CXX object visualization_tools/CMakeFiles/moveit_task_visualization_tools.dir/src/task_solution_panel.cpp.o[0m
[4.796s] [ 41%] [32mBuilding CXX object visualization_tools/CMakeFiles/moveit_task_visualization_tools.dir/src/marker_visualization.cpp.o[0m
[4.801s] [ 43%] [32mBuilding CXX object visualization_tools/CMakeFiles/moveit_task_visualization_tools.dir/src/task_solution_visualization.cpp.o[0m
[5.664s] [ 44%] [32m[1mLinking CXX static library libgtest_main.a[0m
[5.746s] [ 44%] Built target gtest_main
[5.864s] [ 46%] [32m[1mLinking CXX static library libgmock_main.a[0m
[5.944s] [ 46%] Built target gmock_main
[7.010s] [ 47%] [32m[1mLinking CXX shared library libmotion_planning_tasks_utils.so[0m
[7.361s] [ 47%] Built target motion_planning_tasks_utils
[8.524s] [ 49%] [32m[1mLinking CXX shared library libmotion_planning_tasks_properties.so[0m
[9.165s] [ 49%] Built target motion_planning_tasks_properties
[11.095s] [ 50%] [32m[1mLinking CXX static library libgtest.a[0m
[11.162s] [ 50%] Built target gtest
[11.199s] [ 52%] [34m[1mAutomatic MOC for target moveit_task_constructor_visualization-test-merge-models[0m
[11.232s] [ 52%] Built target moveit_task_constructor_visualization-test-merge-models_autogen
[11.251s] [35m[1mConsolidate compiler generated dependencies of target moveit_task_constructor_visualization-test-merge-models[0m
[11.272s] [ 55%] [32mBuilding CXX object motion_planning_tasks/test/CMakeFiles/moveit_task_constructor_visualization-test-merge-models.dir/test_merge_models.cpp.o[0m
[11.273s] [ 55%] [32mBuilding CXX object motion_planning_tasks/test/CMakeFiles/moveit_task_constructor_visualization-test-merge-models.dir/moveit_task_constructor_visualization-test-merge-models_autogen/mocs_compilation.cpp.o[0m
[11.530s] [ 56%] [32m[1mLinking CXX static library libgmock.a[0m
[11.595s] [ 56%] Built target gmock
[13.444s] [ 58%] [32m[1mLinking CXX executable moveit_task_constructor_visualization-test-merge-models[0m
[13.767s] [ 58%] Built target moveit_task_constructor_visualization-test-merge-models
[17.207s] [ 60%] [32m[1mLinking CXX shared library libmoveit_task_visualization_tools.so[0m
[19.692s] [ 60%] Built target moveit_task_visualization_tools
[19.729s] [ 61%] [34m[1mAutomatic MOC for target motion_planning_tasks_rviz_plugin[0m
[20.430s] [ 61%] Built target motion_planning_tasks_rviz_plugin_autogen
[20.459s] [35m[1mConsolidate compiler generated dependencies of target motion_planning_tasks_rviz_plugin[0m
[20.537s] [ 66%] [32mBuilding CXX object motion_planning_tasks/src/CMakeFiles/motion_planning_tasks_rviz_plugin.dir/motion_planning_tasks_rviz_plugin_autogen/mocs_compilation.cpp.o[0m
[20.537s] [ 66%] [32mBuilding CXX object motion_planning_tasks/src/CMakeFiles/motion_planning_tasks_rviz_plugin.dir/factory_model.cpp.o[0m
[20.537s] [ 66%] [32mBuilding CXX object motion_planning_tasks/src/CMakeFiles/motion_planning_tasks_rviz_plugin.dir/icons.cpp.o[0m
[20.538s] [ 67%] [32mBuilding CXX object motion_planning_tasks/src/CMakeFiles/motion_planning_tasks_rviz_plugin.dir/job_queue.cpp.o[0m
[20.538s] [ 69%] [32mBuilding CXX object motion_planning_tasks/src/CMakeFiles/motion_planning_tasks_rviz_plugin.dir/plugin_init.cpp.o[0m
[20.538s] [ 72%] [32mBuilding CXX object motion_planning_tasks/src/CMakeFiles/motion_planning_tasks_rviz_plugin.dir/meta_task_list_model.cpp.o[0m
[20.538s] [ 72%] [32mBuilding CXX object motion_planning_tasks/src/CMakeFiles/motion_planning_tasks_rviz_plugin.dir/local_task_model.cpp.o[0m
[20.543s] [ 73%] [32mBuilding CXX object motion_planning_tasks/src/CMakeFiles/motion_planning_tasks_rviz_plugin.dir/remote_task_model.cpp.o[0m
[20.545s] [ 76%] [32mBuilding CXX object motion_planning_tasks/src/CMakeFiles/motion_planning_tasks_rviz_plugin.dir/task_display.cpp.o[0m
[20.545s] [ 76%] [32mBuilding CXX object motion_planning_tasks/src/CMakeFiles/motion_planning_tasks_rviz_plugin.dir/task_list_model.cpp.o[0m
[20.547s] [ 80%] [32mBuilding CXX object motion_planning_tasks/src/CMakeFiles/motion_planning_tasks_rviz_plugin.dir/task_panel.cpp.o[0m
[20.547s] [ 80%] [32mBuilding CXX object motion_planning_tasks/src/CMakeFiles/motion_planning_tasks_rviz_plugin.dir/motion_planning_tasks_rviz_plugin_autogen/EWIEGA46WW/qrc_resources.cpp.o[0m
[41.685s] [ 81%] [32m[1mLinking CXX shared library libmotion_planning_tasks_rviz_plugin.so[0m
[43.748s] [ 87%] Built target motion_planning_tasks_rviz_plugin
[43.787s] [ 90%] [34m[1mAutomatic MOC for target moveit_task_constructor_visualization-test-task_model[0m
[43.787s] [ 90%] [34m[1mAutomatic MOC for target moveit_task_constructor_visualization-test-solution-models[0m
[43.817s] [ 90%] Built target moveit_task_constructor_visualization-test-task_model_autogen
[43.817s] [ 90%] Built target moveit_task_constructor_visualization-test-solution-models_autogen
[43.836s] [35m[1mConsolidate compiler generated dependencies of target moveit_task_constructor_visualization-test-solution-models[0m
[43.836s] [35m[1mConsolidate compiler generated dependencies of target moveit_task_constructor_visualization-test-task_model[0m
[43.864s] [ 93%] [32mBuilding CXX object motion_planning_tasks/test/CMakeFiles/moveit_task_constructor_visualization-test-solution-models.dir/moveit_task_constructor_visualization-test-solution-models_autogen/mocs_compilation.cpp.o[0m
[43.864s] [ 93%] [32mBuilding CXX object motion_planning_tasks/test/CMakeFiles/moveit_task_constructor_visualization-test-task_model.dir/moveit_task_constructor_visualization-test-task_model_autogen/mocs_compilation.cpp.o[0m
[43.865s] [ 95%] [32mBuilding CXX object motion_planning_tasks/test/CMakeFiles/moveit_task_constructor_visualization-test-task_model.dir/test_task_model.cpp.o[0m
[43.866s] [ 96%] [32mBuilding CXX object motion_planning_tasks/test/CMakeFiles/moveit_task_constructor_visualization-test-solution-models.dir/test_solution_models.cpp.o[0m
[48.929s] [ 98%] [32m[1mLinking CXX executable moveit_task_constructor_visualization-test-solution-models[0m
[49.304s] [100%] [32m[1mLinking CXX executable moveit_task_constructor_visualization-test-task_model[0m
[49.548s] [100%] Built target moveit_task_constructor_visualization-test-solution-models
[49.911s] [100%] Built target moveit_task_constructor_visualization-test-task_model
[49.928s] Invoked command in '/home/alex/ws_moveit2/build/moveit_task_constructor_visualization' returned '0': CMAKE_PREFIX_PATH=/home/alex/ws_moveit2/install/moveit_task_constructor_core:/home/alex/ws_moveit2/install/moveit_ros_visualization:/home/alex/ws_moveit2/install/moveit_ros_planning_interface:/home/alex/ws_moveit2/install/moveit_ros_move_group:/home/alex/ws_moveit2/install/moveit_ros_warehouse:/home/alex/ws_moveit2/install/moveit_ros_robot_interaction:/home/alex/ws_moveit2/install/moveit_kinematics:/home/alex/ws_moveit2/install/moveit_ros_planning:/home/alex/ws_moveit2/install/moveit_ros_occupancy_map_monitor:/home/alex/ws_moveit2/install/moveit_core:/home/alex/ws_moveit2/install/rviz_marker_tools:/home/alex/ws_moveit2/install/srdfdom:/home/alex/ws_moveit2/install/moveit_task_constructor_msgs:/home/alex/ws_moveit2/install/moveit_common:/home/alex/ws_moveit2/install/pilz_industrial_motion_planner_testutils:/home/alex/ws_moveit2/install/moveit_runtime:/home/alex/ws_moveit2/install/moveit2_tutorials:/home/alex/ws_moveit2/install/moveit:/home/alex/ws_moveit2/install/moveit_planners:/home/alex/ws_moveit2/install/pilz_industrial_motion_planner:/home/alex/ws_moveit2/install/moveit_visual_tools:/home/alex/ws_moveit2/install/moveit_task_constructor_visualization:/home/alex/ws_moveit2/install/moveit_task_constructor_demo:/home/alex/ws_moveit2/install/moveit_task_constructor_capabilities:/home/alex/ws_moveit2/install/moveit_ros_control_interface:/home/alex/ws_moveit2/install/moveit_plugins:/home/alex/ws_moveit2/install/moveit_simple_controller_manager:/home/alex/ws_moveit2/install/moveit_setup_assistant:/home/alex/ws_moveit2/install/moveit_setup_srdf_plugins:/home/alex/ws_moveit2/install/moveit_setup_core_plugins:/home/alex/ws_moveit2/install/moveit_setup_controllers:/home/alex/ws_moveit2/install/moveit_setup_app_plugins:/home/alex/ws_moveit2/install/moveit_setup_framework:/home/alex/ws_moveit2/install/moveit_servo:/home/alex/ws_moveit2/install/moveit_ros:/home/alex/ws_moveit2/install/moveit_hybrid_planning:/home/alex/ws_moveit2/install/moveit_ros_benchmarks:/home/alex/ws_moveit2/install/moveit_ros_perception:/home/alex/ws_moveit2/install/moveit_resources_prbt_pg70_support:/home/alex/ws_moveit2/install/moveit_resources_prbt_moveit_config:/home/alex/ws_moveit2/install/moveit_planners_ompl:/home/alex/ws_moveit2/install/moveit_resources_prbt_ikfast_manipulator_plugin:/home/alex/ws_moveit2/install/moveit_planners_chomp:/home/alex/ws_moveit2/install/moveit_chomp_optimizer_adapter:/home/alex/ws_moveit2/install/chomp_motion_planner:/home/alex/ws_moveit2/install/rosparam_shortcuts:/home/alex/ws_moveit2/install/moveit_resources_prbt_support:/home/alex/ws_moveit2/install/moveit_resources:/home/alex/ws_moveit2/install/moveit_resources_pr2_description:/home/alex/ws_moveit2/install/moveit_resources_panda_moveit_config:/home/alex/ws_moveit2/install/moveit_resources_panda_description:/home/alex/ws_moveit2/install/moveit_resources_fanuc_moveit_config:/home/alex/ws_moveit2/install/moveit_resources_fanuc_description:/home/alex/ws_moveit2/install/moveit_configs_utils:/home/alex/ws_moveit2/install/launch_param_builder:/opt/ros/humble LD_LIBRARY_PATH=/home/alex/ws_moveit2/install/moveit_task_constructor_core/lib:/home/alex/ws_moveit2/install/moveit_ros_visualization/lib:/home/alex/ws_moveit2/install/moveit_ros_planning_interface/lib:/home/alex/ws_moveit2/install/moveit_ros_move_group/lib:/home/alex/ws_moveit2/install/moveit_ros_warehouse/lib:/home/alex/ws_moveit2/install/moveit_ros_robot_interaction/lib:/home/alex/ws_moveit2/install/moveit_kinematics/lib:/home/alex/ws_moveit2/install/moveit_ros_planning/lib:/home/alex/ws_moveit2/install/moveit_ros_occupancy_map_monitor/lib:/home/alex/ws_moveit2/install/moveit_core/lib:/home/alex/ws_moveit2/install/rviz_marker_tools/lib:/home/alex/ws_moveit2/install/srdfdom/lib:/home/alex/ws_moveit2/install/moveit_task_constructor_msgs/lib:/home/alex/ws_moveit2/install/pilz_industrial_motion_planner_testutils/lib:/home/alex/ws_moveit2/install/pilz_industrial_motion_planner/lib:/home/alex/ws_moveit2/install/moveit_visual_tools/lib:/home/alex/ws_moveit2/install/moveit_task_constructor_visualization/lib:/home/alex/ws_moveit2/install/moveit_task_constructor_demo/lib:/home/alex/ws_moveit2/install/moveit_task_constructor_capabilities/lib:/home/alex/ws_moveit2/install/moveit_ros_control_interface/lib:/home/alex/ws_moveit2/install/moveit_simple_controller_manager/lib:/home/alex/ws_moveit2/install/moveit_setup_assistant/lib:/home/alex/ws_moveit2/install/moveit_setup_srdf_plugins/lib:/home/alex/ws_moveit2/install/moveit_setup_core_plugins/lib:/home/alex/ws_moveit2/install/moveit_setup_controllers/lib:/home/alex/ws_moveit2/install/moveit_setup_app_plugins/lib:/home/alex/ws_moveit2/install/moveit_setup_framework/lib:/home/alex/ws_moveit2/install/moveit_servo/lib:/home/alex/ws_moveit2/install/moveit_hybrid_planning/lib:/home/alex/ws_moveit2/install/moveit_ros_benchmarks/lib:/home/alex/ws_moveit2/install/moveit_ros_perception/lib:/home/alex/ws_moveit2/install/moveit_planners_ompl/lib:/home/alex/ws_moveit2/install/moveit_resources_prbt_ikfast_manipulator_plugin/lib:/home/alex/ws_moveit2/install/moveit_planners_chomp/lib:/home/alex/ws_moveit2/install/moveit_chomp_optimizer_adapter/lib:/home/alex/ws_moveit2/install/chomp_motion_planner/lib:/home/alex/ws_moveit2/install/rosparam_shortcuts/lib:/opt/ros/humble/opt/rviz_ogre_vendor/lib:/opt/ros/humble/lib/x86_64-linux-gnu:/opt/ros/humble/lib /usr/bin/cmake --build /home/alex/ws_moveit2/build/moveit_task_constructor_visualization -- -j16 -l16
[50.031s] Invoking command in '/home/alex/ws_moveit2/build/moveit_task_constructor_visualization': CMAKE_PREFIX_PATH=/home/alex/ws_moveit2/install/moveit_task_constructor_core:/home/alex/ws_moveit2/install/moveit_ros_visualization:/home/alex/ws_moveit2/install/moveit_ros_planning_interface:/home/alex/ws_moveit2/install/moveit_ros_move_group:/home/alex/ws_moveit2/install/moveit_ros_warehouse:/home/alex/ws_moveit2/install/moveit_ros_robot_interaction:/home/alex/ws_moveit2/install/moveit_kinematics:/home/alex/ws_moveit2/install/moveit_ros_planning:/home/alex/ws_moveit2/install/moveit_ros_occupancy_map_monitor:/home/alex/ws_moveit2/install/moveit_core:/home/alex/ws_moveit2/install/rviz_marker_tools:/home/alex/ws_moveit2/install/srdfdom:/home/alex/ws_moveit2/install/moveit_task_constructor_msgs:/home/alex/ws_moveit2/install/moveit_common:/home/alex/ws_moveit2/install/pilz_industrial_motion_planner_testutils:/home/alex/ws_moveit2/install/moveit_runtime:/home/alex/ws_moveit2/install/moveit2_tutorials:/home/alex/ws_moveit2/install/moveit:/home/alex/ws_moveit2/install/moveit_planners:/home/alex/ws_moveit2/install/pilz_industrial_motion_planner:/home/alex/ws_moveit2/install/moveit_visual_tools:/home/alex/ws_moveit2/install/moveit_task_constructor_visualization:/home/alex/ws_moveit2/install/moveit_task_constructor_demo:/home/alex/ws_moveit2/install/moveit_task_constructor_capabilities:/home/alex/ws_moveit2/install/moveit_ros_control_interface:/home/alex/ws_moveit2/install/moveit_plugins:/home/alex/ws_moveit2/install/moveit_simple_controller_manager:/home/alex/ws_moveit2/install/moveit_setup_assistant:/home/alex/ws_moveit2/install/moveit_setup_srdf_plugins:/home/alex/ws_moveit2/install/moveit_setup_core_plugins:/home/alex/ws_moveit2/install/moveit_setup_controllers:/home/alex/ws_moveit2/install/moveit_setup_app_plugins:/home/alex/ws_moveit2/install/moveit_setup_framework:/home/alex/ws_moveit2/install/moveit_servo:/home/alex/ws_moveit2/install/moveit_ros:/home/alex/ws_moveit2/install/moveit_hybrid_planning:/home/alex/ws_moveit2/install/moveit_ros_benchmarks:/home/alex/ws_moveit2/install/moveit_ros_perception:/home/alex/ws_moveit2/install/moveit_resources_prbt_pg70_support:/home/alex/ws_moveit2/install/moveit_resources_prbt_moveit_config:/home/alex/ws_moveit2/install/moveit_planners_ompl:/home/alex/ws_moveit2/install/moveit_resources_prbt_ikfast_manipulator_plugin:/home/alex/ws_moveit2/install/moveit_planners_chomp:/home/alex/ws_moveit2/install/moveit_chomp_optimizer_adapter:/home/alex/ws_moveit2/install/chomp_motion_planner:/home/alex/ws_moveit2/install/rosparam_shortcuts:/home/alex/ws_moveit2/install/moveit_resources_prbt_support:/home/alex/ws_moveit2/install/moveit_resources:/home/alex/ws_moveit2/install/moveit_resources_pr2_description:/home/alex/ws_moveit2/install/moveit_resources_panda_moveit_config:/home/alex/ws_moveit2/install/moveit_resources_panda_description:/home/alex/ws_moveit2/install/moveit_resources_fanuc_moveit_config:/home/alex/ws_moveit2/install/moveit_resources_fanuc_description:/home/alex/ws_moveit2/install/moveit_configs_utils:/home/alex/ws_moveit2/install/launch_param_builder:/opt/ros/humble LD_LIBRARY_PATH=/home/alex/ws_moveit2/install/moveit_task_constructor_core/lib:/home/alex/ws_moveit2/install/moveit_ros_visualization/lib:/home/alex/ws_moveit2/install/moveit_ros_planning_interface/lib:/home/alex/ws_moveit2/install/moveit_ros_move_group/lib:/home/alex/ws_moveit2/install/moveit_ros_warehouse/lib:/home/alex/ws_moveit2/install/moveit_ros_robot_interaction/lib:/home/alex/ws_moveit2/install/moveit_kinematics/lib:/home/alex/ws_moveit2/install/moveit_ros_planning/lib:/home/alex/ws_moveit2/install/moveit_ros_occupancy_map_monitor/lib:/home/alex/ws_moveit2/install/moveit_core/lib:/home/alex/ws_moveit2/install/rviz_marker_tools/lib:/home/alex/ws_moveit2/install/srdfdom/lib:/home/alex/ws_moveit2/install/moveit_task_constructor_msgs/lib:/home/alex/ws_moveit2/install/pilz_industrial_motion_planner_testutils/lib:/home/alex/ws_moveit2/install/pilz_industrial_motion_planner/lib:/home/alex/ws_moveit2/install/moveit_visual_tools/lib:/home/alex/ws_moveit2/install/moveit_task_constructor_visualization/lib:/home/alex/ws_moveit2/install/moveit_task_constructor_demo/lib:/home/alex/ws_moveit2/install/moveit_task_constructor_capabilities/lib:/home/alex/ws_moveit2/install/moveit_ros_control_interface/lib:/home/alex/ws_moveit2/install/moveit_simple_controller_manager/lib:/home/alex/ws_moveit2/install/moveit_setup_assistant/lib:/home/alex/ws_moveit2/install/moveit_setup_srdf_plugins/lib:/home/alex/ws_moveit2/install/moveit_setup_core_plugins/lib:/home/alex/ws_moveit2/install/moveit_setup_controllers/lib:/home/alex/ws_moveit2/install/moveit_setup_app_plugins/lib:/home/alex/ws_moveit2/install/moveit_setup_framework/lib:/home/alex/ws_moveit2/install/moveit_servo/lib:/home/alex/ws_moveit2/install/moveit_hybrid_planning/lib:/home/alex/ws_moveit2/install/moveit_ros_benchmarks/lib:/home/alex/ws_moveit2/install/moveit_ros_perception/lib:/home/alex/ws_moveit2/install/moveit_planners_ompl/lib:/home/alex/ws_moveit2/install/moveit_resources_prbt_ikfast_manipulator_plugin/lib:/home/alex/ws_moveit2/install/moveit_planners_chomp/lib:/home/alex/ws_moveit2/install/moveit_chomp_optimizer_adapter/lib:/home/alex/ws_moveit2/install/chomp_motion_planner/lib:/home/alex/ws_moveit2/install/rosparam_shortcuts/lib:/opt/ros/humble/opt/rviz_ogre_vendor/lib:/opt/ros/humble/lib/x86_64-linux-gnu:/opt/ros/humble/lib /usr/bin/cmake --install /home/alex/ws_moveit2/build/moveit_task_constructor_visualization
[50.041s] -- Install configuration: "Release"
[50.041s] -- Up-to-date: /home/alex/ws_moveit2/install/moveit_task_constructor_visualization/share/icons
[50.050s] -- Up-to-date: /home/alex/ws_moveit2/install/moveit_task_constructor_visualization/share/icons/classes
[50.050s] -- Up-to-date: /home/alex/ws_moveit2/install/moveit_task_constructor_visualization/share/icons/classes/Motion Planning Tasks.svg
[50.051s] -- Up-to-date: /home/alex/ws_moveit2/install/moveit_task_constructor_visualization/share/moveit_task_constructor_visualization/motion_planning_tasks_rviz_plugin_description.xml
[50.051s] -- Up-to-date: /home/alex/ws_moveit2/install/moveit_task_constructor_visualization/share/moveit_task_constructor_visualization/environment/library_path.sh
[50.051s] -- Installing: /home/alex/ws_moveit2/install/moveit_task_constructor_visualization/share/moveit_task_constructor_visualization/environment/library_path.dsv
[50.051s] -- Up-to-date: /home/alex/ws_moveit2/install/moveit_task_constructor_visualization/share/ament_index/resource_index/package_run_dependencies/moveit_task_constructor_visualization
[50.052s] -- Installing: /home/alex/ws_moveit2/install/moveit_task_constructor_visualization/share/ament_index/resource_index/parent_prefix_path/moveit_task_constructor_visualization
[50.052s] -- Installing: /home/alex/ws_moveit2/install/moveit_task_constructor_visualization/share/moveit_task_constructor_visualization/environment/ament_prefix_path.sh
[50.052s] -- Installing: /home/alex/ws_moveit2/install/moveit_task_constructor_visualization/share/moveit_task_constructor_visualization/environment/ament_prefix_path.dsv
[50.052s] -- Installing: /home/alex/ws_moveit2/install/moveit_task_constructor_visualization/share/moveit_task_constructor_visualization/environment/path.sh
[50.052s] -- Installing: /home/alex/ws_moveit2/install/moveit_task_constructor_visualization/share/moveit_task_constructor_visualization/environment/path.dsv
[50.052s] -- Up-to-date: /home/alex/ws_moveit2/install/moveit_task_constructor_visualization/share/moveit_task_constructor_visualization/local_setup.bash
[50.052s] -- Up-to-date: /home/alex/ws_moveit2/install/moveit_task_constructor_visualization/share/moveit_task_constructor_visualization/local_setup.sh
[50.052s] -- Up-to-date: /home/alex/ws_moveit2/install/moveit_task_constructor_visualization/share/moveit_task_constructor_visualization/local_setup.zsh
[50.052s] -- Installing: /home/alex/ws_moveit2/install/moveit_task_constructor_visualization/share/moveit_task_constructor_visualization/local_setup.dsv
[50.052s] -- Installing: /home/alex/ws_moveit2/install/moveit_task_constructor_visualization/share/moveit_task_constructor_visualization/package.dsv
[50.053s] -- Up-to-date: /home/alex/ws_moveit2/install/moveit_task_constructor_visualization/share/ament_index/resource_index/packages/moveit_task_constructor_visualization
[50.053s] -- Up-to-date: /home/alex/ws_moveit2/install/moveit_task_constructor_visualization/share/ament_index/resource_index/rviz_common__pluginlib__plugin/moveit_task_constructor_visualization
[50.053s] -- Up-to-date: /home/alex/ws_moveit2/install/moveit_task_constructor_visualization/share/moveit_task_constructor_visualization/cmake/ament_cmake_export_include_directories-extras.cmake
[50.053s] -- Up-to-date: /home/alex/ws_moveit2/install/moveit_task_constructor_visualization/share/moveit_task_constructor_visualization/cmake/ament_cmake_export_libraries-extras.cmake
[50.053s] -- Up-to-date: /home/alex/ws_moveit2/install/moveit_task_constructor_visualization/share/moveit_task_constructor_visualization/cmake/ament_cmake_export_dependencies-extras.cmake
[50.053s] -- Up-to-date: /home/alex/ws_moveit2/install/moveit_task_constructor_visualization/share/moveit_task_constructor_visualization/cmake/moveit_task_constructor_visualizationConfig.cmake
[50.053s] -- Up-to-date: /home/alex/ws_moveit2/install/moveit_task_constructor_visualization/share/moveit_task_constructor_visualization/cmake/moveit_task_constructor_visualizationConfig-version.cmake
[50.053s] -- Up-to-date: /home/alex/ws_moveit2/install/moveit_task_constructor_visualization/share/moveit_task_constructor_visualization/package.xml
[50.054s] -- Up-to-date: /home/alex/ws_moveit2/install/moveit_task_constructor_visualization/include
[50.054s] -- Up-to-date: /home/alex/ws_moveit2/install/moveit_task_constructor_visualization/include/moveit
[50.054s] -- Up-to-date: /home/alex/ws_moveit2/install/moveit_task_constructor_visualization/include/moveit/visualization_tools
[50.054s] -- Up-to-date: /home/alex/ws_moveit2/install/moveit_task_constructor_visualization/include/moveit/visualization_tools/task_solution_visualization.h
[50.054s] -- Up-to-date: /home/alex/ws_moveit2/install/moveit_task_constructor_visualization/include/moveit/visualization_tools/task_solution_panel.h
[50.054s] -- Up-to-date: /home/alex/ws_moveit2/install/moveit_task_constructor_visualization/include/moveit/visualization_tools/marker_visualization.h
[50.054s] -- Up-to-date: /home/alex/ws_moveit2/install/moveit_task_constructor_visualization/include/moveit/visualization_tools/display_solution.h
[50.055s] -- Installing: /home/alex/ws_moveit2/install/moveit_task_constructor_visualization/lib/libmoveit_task_visualization_tools.so.0.1.3
[50.056s] -- Set runtime path of "/home/alex/ws_moveit2/install/moveit_task_constructor_visualization/lib/libmoveit_task_visualization_tools.so.0.1.3" to ""
[50.056s] -- Up-to-date: /home/alex/ws_moveit2/install/moveit_task_constructor_visualization/lib/libmoveit_task_visualization_tools.so
[50.056s] -- Installing: /home/alex/ws_moveit2/install/moveit_task_constructor_visualization/lib/libmotion_planning_tasks_utils.so
[50.058s] -- Installing: /home/alex/ws_moveit2/install/moveit_task_constructor_visualization/lib/libmotion_planning_tasks_properties.so
[50.058s] -- Set runtime path of "/home/alex/ws_moveit2/install/moveit_task_constructor_visualization/lib/libmotion_planning_tasks_properties.so" to ""
[50.059s] -- Installing: /home/alex/ws_moveit2/install/moveit_task_constructor_visualization/lib/libmotion_planning_tasks_rviz_plugin.so.0.1.3
[50.063s] -- Set runtime path of "/home/alex/ws_moveit2/install/moveit_task_constructor_visualization/lib/libmotion_planning_tasks_rviz_plugin.so.0.1.3" to ""
[50.063s] -- Up-to-date: /home/alex/ws_moveit2/install/moveit_task_constructor_visualization/lib/libmotion_planning_tasks_rviz_plugin.so
[50.066s] Invoked command in '/home/alex/ws_moveit2/build/moveit_task_constructor_visualization' returned '0': CMAKE_PREFIX_PATH=/home/alex/ws_moveit2/install/moveit_task_constructor_core:/home/alex/ws_moveit2/install/moveit_ros_visualization:/home/alex/ws_moveit2/install/moveit_ros_planning_interface:/home/alex/ws_moveit2/install/moveit_ros_move_group:/home/alex/ws_moveit2/install/moveit_ros_warehouse:/home/alex/ws_moveit2/install/moveit_ros_robot_interaction:/home/alex/ws_moveit2/install/moveit_kinematics:/home/alex/ws_moveit2/install/moveit_ros_planning:/home/alex/ws_moveit2/install/moveit_ros_occupancy_map_monitor:/home/alex/ws_moveit2/install/moveit_core:/home/alex/ws_moveit2/install/rviz_marker_tools:/home/alex/ws_moveit2/install/srdfdom:/home/alex/ws_moveit2/install/moveit_task_constructor_msgs:/home/alex/ws_moveit2/install/moveit_common:/home/alex/ws_moveit2/install/pilz_industrial_motion_planner_testutils:/home/alex/ws_moveit2/install/moveit_runtime:/home/alex/ws_moveit2/install/moveit2_tutorials:/home/alex/ws_moveit2/install/moveit:/home/alex/ws_moveit2/install/moveit_planners:/home/alex/ws_moveit2/install/pilz_industrial_motion_planner:/home/alex/ws_moveit2/install/moveit_visual_tools:/home/alex/ws_moveit2/install/moveit_task_constructor_visualization:/home/alex/ws_moveit2/install/moveit_task_constructor_demo:/home/alex/ws_moveit2/install/moveit_task_constructor_capabilities:/home/alex/ws_moveit2/install/moveit_ros_control_interface:/home/alex/ws_moveit2/install/moveit_plugins:/home/alex/ws_moveit2/install/moveit_simple_controller_manager:/home/alex/ws_moveit2/install/moveit_setup_assistant:/home/alex/ws_moveit2/install/moveit_setup_srdf_plugins:/home/alex/ws_moveit2/install/moveit_setup_core_plugins:/home/alex/ws_moveit2/install/moveit_setup_controllers:/home/alex/ws_moveit2/install/moveit_setup_app_plugins:/home/alex/ws_moveit2/install/moveit_setup_framework:/home/alex/ws_moveit2/install/moveit_servo:/home/alex/ws_moveit2/install/moveit_ros:/home/alex/ws_moveit2/install/moveit_hybrid_planning:/home/alex/ws_moveit2/install/moveit_ros_benchmarks:/home/alex/ws_moveit2/install/moveit_ros_perception:/home/alex/ws_moveit2/install/moveit_resources_prbt_pg70_support:/home/alex/ws_moveit2/install/moveit_resources_prbt_moveit_config:/home/alex/ws_moveit2/install/moveit_planners_ompl:/home/alex/ws_moveit2/install/moveit_resources_prbt_ikfast_manipulator_plugin:/home/alex/ws_moveit2/install/moveit_planners_chomp:/home/alex/ws_moveit2/install/moveit_chomp_optimizer_adapter:/home/alex/ws_moveit2/install/chomp_motion_planner:/home/alex/ws_moveit2/install/rosparam_shortcuts:/home/alex/ws_moveit2/install/moveit_resources_prbt_support:/home/alex/ws_moveit2/install/moveit_resources:/home/alex/ws_moveit2/install/moveit_resources_pr2_description:/home/alex/ws_moveit2/install/moveit_resources_panda_moveit_config:/home/alex/ws_moveit2/install/moveit_resources_panda_description:/home/alex/ws_moveit2/install/moveit_resources_fanuc_moveit_config:/home/alex/ws_moveit2/install/moveit_resources_fanuc_description:/home/alex/ws_moveit2/install/moveit_configs_utils:/home/alex/ws_moveit2/install/launch_param_builder:/opt/ros/humble LD_LIBRARY_PATH=/home/alex/ws_moveit2/install/moveit_task_constructor_core/lib:/home/alex/ws_moveit2/install/moveit_ros_visualization/lib:/home/alex/ws_moveit2/install/moveit_ros_planning_interface/lib:/home/alex/ws_moveit2/install/moveit_ros_move_group/lib:/home/alex/ws_moveit2/install/moveit_ros_warehouse/lib:/home/alex/ws_moveit2/install/moveit_ros_robot_interaction/lib:/home/alex/ws_moveit2/install/moveit_kinematics/lib:/home/alex/ws_moveit2/install/moveit_ros_planning/lib:/home/alex/ws_moveit2/install/moveit_ros_occupancy_map_monitor/lib:/home/alex/ws_moveit2/install/moveit_core/lib:/home/alex/ws_moveit2/install/rviz_marker_tools/lib:/home/alex/ws_moveit2/install/srdfdom/lib:/home/alex/ws_moveit2/install/moveit_task_constructor_msgs/lib:/home/alex/ws_moveit2/install/pilz_industrial_motion_planner_testutils/lib:/home/alex/ws_moveit2/install/pilz_industrial_motion_planner/lib:/home/alex/ws_moveit2/install/moveit_visual_tools/lib:/home/alex/ws_moveit2/install/moveit_task_constructor_visualization/lib:/home/alex/ws_moveit2/install/moveit_task_constructor_demo/lib:/home/alex/ws_moveit2/install/moveit_task_constructor_capabilities/lib:/home/alex/ws_moveit2/install/moveit_ros_control_interface/lib:/home/alex/ws_moveit2/install/moveit_simple_controller_manager/lib:/home/alex/ws_moveit2/install/moveit_setup_assistant/lib:/home/alex/ws_moveit2/install/moveit_setup_srdf_plugins/lib:/home/alex/ws_moveit2/install/moveit_setup_core_plugins/lib:/home/alex/ws_moveit2/install/moveit_setup_controllers/lib:/home/alex/ws_moveit2/install/moveit_setup_app_plugins/lib:/home/alex/ws_moveit2/install/moveit_setup_framework/lib:/home/alex/ws_moveit2/install/moveit_servo/lib:/home/alex/ws_moveit2/install/moveit_hybrid_planning/lib:/home/alex/ws_moveit2/install/moveit_ros_benchmarks/lib:/home/alex/ws_moveit2/install/moveit_ros_perception/lib:/home/alex/ws_moveit2/install/moveit_planners_ompl/lib:/home/alex/ws_moveit2/install/moveit_resources_prbt_ikfast_manipulator_plugin/lib:/home/alex/ws_moveit2/install/moveit_planners_chomp/lib:/home/alex/ws_moveit2/install/moveit_chomp_optimizer_adapter/lib:/home/alex/ws_moveit2/install/chomp_motion_planner/lib:/home/alex/ws_moveit2/install/rosparam_shortcuts/lib:/opt/ros/humble/opt/rviz_ogre_vendor/lib:/opt/ros/humble/lib/x86_64-linux-gnu:/opt/ros/humble/lib /usr/bin/cmake --install /home/alex/ws_moveit2/build/moveit_task_constructor_visualization
